Godot Engine v4.6.2.stable.official.71f334935 - https://godotengine.org

[native_generation/base] path=gdext algorithm=post_base_priority_flood_hydrology_v3 n=9600 native_ms=30.350 water=6937 land=2663
[native_generation/post_base] path=gdext algorithm=post_base_priority_flood_hydrology_v3 n=9600 native_ms=5.047 lakes=48 rivers=166 volcanoes=0
[native_generation/vegetation] native_ms=1.968 candidates=2630 none=5777 score=[0.000,1.236,1.149] plant_water_land=2672 river_adjacent_desert=0 coastal_highland_desert=0 terrain_weight=[0.180,1.200]
[native_generation/qa] single_water=0 tiny<=3=0 small<=5=0 bodies=3 largest=6880 | land_below_sea=0.1% | terr_distinct=23 entropy=2.641bit | river_ratio=1.729%
MapGenerator v7: per-cell 271ms (9600 cells, path=gdext)
MapBaker v6: hm=(1024, 598) seed=20260718
    [fused] terrain=68.3ms erosion=3.2ms(ok=true) river=15.9ms(ok=true) latitude=0.3ms coast_sdf=4.5ms(ok=true)
  geometry fields (fused C++): 181ms
  physical circulation hex solve: deferred until DCWorldExt bind (ext=true idx=true soa=false)
  wind/ocean pixel buffers: skipped (ocean_current_visual off)
  visual tiles: {"degradation_reason":"","effective_budget_px":5153280,"effective_texels_per_hex":14.1119246644818,"effective_world_units_per_texel":"(1.561685, 1.55625)","estimated_peak_bytes":204467328,"estimated_resident_bytes":120583296,"fallback_reason":"","generation_id":1,"grid_size":"(6, 4)","gutter_px":2,"hex_size":22.0,"horizon_path":"neutral_pending","interior_size":"(488, 440)","layer_size":"(492, 444)","layers":[{"bake_ms":56.7151,"coast_sdf_max_dist_px":23.4777493814928,"distance_scale":2.9347186726866,"edge_distance_saturate_hex":0.9,"edge_distance_units":"normalized_hex_center_gap","hashes":{"edge_distance":6068090190064456644,"edge_neighbor":-4861058233943617329,"height":5053907539113417820,"map_index":4949927687702978790,"terrain_detail":-4475728645178285918,"terrain_normal":2021185404716266951,"water_depth":1498563118336126012},"layer":0,"normal_radius_px":"(19, 19)","raster_scale":"(2.926317, 2.943144)","river_sdf_max_dist_px":10.2715153544031,"shore_carve_band_px":18,"upload_ms":0.093,"wall_ms":57.401},{"bake_ms":63.9883,"coast_sdf_max_dist_px":23.4777493814928,"distance_scale":2.9347186726866,"edge_distance_saturate_hex":0.9,"edge_distance_units":"normalized_hex_center_gap","hashes":{"edge_distance":6054939362542770922,"edge_neighbor":-3105277023731977443,"height":-5756921780809721642,"map_index":-5133164068898095562,"terrain_detail":3687763609883486038,"terrain_normal":8318542222992650444,"water_depth":-3385106223795454168},"layer":1,"normal_radius_px":"(19, 19)","raster_scale":"(2.926317, 2.943144)","river_sdf_max_dist_px":10.2715153544031,"shore_carve_band_px":18,"upload_ms":0.105,"wall_ms":64.782},{"bake_ms":70.0101,"coast_sdf_max_dist_px":23.4777493814928,"distance_scale":2.9347186726866,"edge_distance_saturate_hex":0.9,"edge_distance_units":"normalized_hex_center_gap","hashes":{"edge_distance":-4700261245201770622,"edge_neighbor":799308369861297603,"height":3565491745997684402,"map_index":-7127285263804237621,"terrain_detail":1136764884848853408,"terrain_normal":-7371025186150436239,"water_depth":-6678573396292867917},"layer":2,"normal_radius_px":"(19, 19)","raster_scale":"(2.926317, 2.943144)","river_sdf_max_dist_px":10.2715153544031,"shore_carve_band_px":18,"upload_ms":0.178,"wall_ms":70.951},{"bake_ms":107.5686,"coast_sdf_max_dist_px":23.4777493814928,"distance_scale":2.9347186726866,"edge_distance_saturate_hex":0.9,"edge_distance_units":"normalized_hex_center_gap","hashes":{"edge_distance":6051961657068941325,"edge_neighbor":-2588770547924812314,"height":-3149518902491679965,"map_index":-289893842537067245,"terrain_detail":-1595242042522385419,"terrain_normal":6550600502887673646,"water_depth":-2344401070889424893},"layer":3,"normal_radius_px":"(19, 19)","raster_scale":"(2.926317, 2.943144)","river_sdf_max_dist_px":10.2715153544031,"shore_carve_band_px":18,"upload_ms":0.138,"wall_ms":108.523},{"bake_ms":53.3026,"coast_sdf_max_dist_px":23.4777493814928,"distance_scale":2.9347186726866,"edge_distance_saturate_hex":0.9,"edge_distance_units":"normalized_hex_center_gap","hashes":{"edge_distance":1077953913778872201,"edge_neighbor":-4316447855846778097,"height":6922077477938457534,"map_index":-3215271705354402483,"terrain_detail":-2044733038257568000,"terrain_normal":-3827823747207389684,"water_depth":4043453679338698896},"layer":4,"normal_radius_px":"(19, 19)","raster_scale":"(2.926317, 2.943144)","river_sdf_max_dist_px":10.2715153544031,"shore_carve_band_px":18,"upload_ms":0.084,"wall_ms":54.137},{"bake_ms":84.5251,"coast_sdf_max_dist_px":23.4777493814928,"distance_scale":2.9347186726866,"edge_distance_saturate_hex":0.9,"edge_distance_units":"normalized_hex_center_gap","hashes":{"edge_distance":1538451384648262387,"edge_neighbor":-1369075249886267605,"height":8459477689300514280,"map_index":-9075615012184192879,"terrain_detail":-548023176324930363,"terrain_normal":-1167171692631991755,"water_depth":8670730961371998184},"layer":5,"normal_radius_px":"(19, 19)","raster_scale":"(2.926317, 2.943144)","river_sdf_max_dist_px":10.2715153544031,"shore_carve_band_px":18,"upload_ms":0.107,"wall_ms":85.479},{"bake_ms":68.3405,"coast_sdf_max_dist_px":23.4777493814928,"distance_scale":2.9347186726866,"edge_distance_saturate_hex":0.9,"edge_distance_units":"normalized_hex_center_gap","hashes":{"edge_distance":-4991697530903171800,"edge_neighbor":-7416894946334462808,"height":5356176095110253194,"map_index":-4973266900685369433,"terrain_detail":-5408289544256416000,"terrain_normal":3897972287123107601,"water_depth":-7850556971892492513},"layer":6,"normal_radius_px":"(19, 19)","raster_scale":"(2.926317, 2.943144)","river_sdf_max_dist_px":10.2715153544031,"shore_carve_band_px":18,"upload_ms":0.097,"wall_ms":69.29},{"bake_ms":115.8117,"coast_sdf_max_dist_px":23.4777493814928,"distance_scale":2.9347186726866,"edge_distance_saturate_hex":0.9,"edge_distance_units":"normalized_hex_center_gap","hashes":{"edge_distance":567387654134770683,"edge_neighbor":-7547137928086333684,"height":4186472450560842671,"map_index":-5709640182892252815,"terrain_detail":2835210980781522547,"terrain_normal":3429484459710592721,"water_depth":-5368191585588839220},"layer":7,"normal_radius_px":"(19, 19)","raster_scale":"(2.926317, 2.943144)","river_sdf_max_dist_px":10.2715153544031,"shore_carve_band_px":18,"upload_ms":0.15,"wall_ms":117.008},{"bake_ms":202.4011,"coast_sdf_max_dist_px":23.4777493814928,"distance_scale":2.9347186726866,"edge_distance_saturate_hex":0.9,"edge_distance_units":"normalized_hex_center_gap","hashes":{"edge_distance":-1459004036788415496,"edge_neighbor":-4182767039235742073,"height":631081901711172498,"map_index":5179662297190557250,"terrain_detail":8400197276618277468,"terrain_normal":-1840952246422288874,"water_depth":1101195084431076905},"layer":8,"normal_radius_px":"(19, 19)","raster_scale":"(2.926317, 2.943144)","river_sdf_max_dist_px":10.2715153544031,"shore_carve_band_px":18,"upload_ms":0.147,"wall_ms":203.548},{"bake_ms":248.3183,"coast_sdf_max_dist_px":23.4777493814928,"distance_scale":2.9347186726866,"edge_distance_saturate_hex":0.9,"edge_distance_units":"normalized_hex_center_gap","hashes":{"edge_distance":-8489462490365354245,"edge_neighbor":3004694002279345797,"height":4609378866322902038,"map_index":6321914400772280443,"terrain_detail":5274869625258011520,"terrain_normal":-4553759505364638605,"water_depth":-9109719180733614876},"layer":9,"normal_radius_px":"(19, 19)","raster_scale":"(2.926317, 2.943144)","river_sdf_max_dist_px":10.2715153544031,"shore_carve_band_px":18,"upload_ms":0.099,"wall_ms":249.294},{"bake_ms":147.3544,"coast_sdf_max_dist_px":23.4777493814928,"distance_scale":2.9347186726866,"edge_distance_saturate_hex":0.9,"edge_distance_units":"normalized_hex_center_gap","hashes":{"edge_distance":3082038713111833550,"edge_neighbor":6843794390519774784,"height":-3769186388020194182,"map_index":6279544309269273932,"terrain_detail":6713584236991198844,"terrain_normal":833418847045485506,"water_depth":2367023908414742518},"layer":10,"normal_radius_px":"(19, 19)","raster_scale":"(2.926317, 2.943144)","river_sdf_max_dist_px":10.2715153544031,"shore_carve_band_px":18,"upload_ms":0.168,"wall_ms":148.632},{"bake_ms":152.6736,"coast_sdf_max_dist_px":23.4777493814928,"distance_scale":2.9347186726866,"edge_distance_saturate_hex":0.9,"edge_distance_units":"normalized_hex_center_gap","hashes":{"edge_distance":-288846452986892759,"edge_neighbor":6113586083478613088,"height":2372187810033325538,"map_index":-54191919588450463,"terrain_detail":2218474677934980770,"terrain_normal":3781968954324472279,"water_depth":-1347759199945665551},"layer":11,"normal_radius_px":"(19, 19)","raster_scale":"(2.926317, 2.943144)","river_sdf_max_dist_px":10.2715153544031,"shore_carve_band_px":18,"upload_ms":0.141,"wall_ms":153.668},{"bake_ms":105.2404,"coast_sdf_max_dist_px":23.4777493814928,"distance_scale":2.9347186726866,"edge_distance_saturate_hex":0.9,"edge_distance_units":"normalized_hex_center_gap","hashes":{"edge_distance":-8513785800534713561,"edge_neighbor":5767307023003815022,"height":-3569736064758466564,"map_index":3983399427231652881,"terrain_detail":-863204547003369445,"terrain_normal":-5078544240910141074,"water_depth":6545035354158615428},"layer":12,"normal_radius_px":"(19, 19)","raster_scale":"(2.926317, 2.943144)","river_sdf_max_dist_px":10.2715153544031,"shore_carve_band_px":18,"upload_ms":0.11,"wall_ms":106.165},{"bake_ms":108.4464,"coast_sdf_max_dist_px":23.4777493814928,"distance_scale":2.9347186726866,"edge_distance_saturate_hex":0.9,"edge_distance_units":"normalized_hex_center_gap","hashes":{"edge_distance":3825721261107536614,"edge_neighbor":6218665585089323500,"height":2120301732982116277,"map_index":-8711006891658387484,"terrain_detail":5851064824592850212,"terrain_normal":-7842138726734886217,"water_depth":-3362856288759708533},"layer":13,"normal_radius_px":"(19, 19)","raster_scale":"(2.926317, 2.943144)","river_sdf_max_dist_px":10.2715153544031,"shore_carve_band_px":18,"upload_ms":0.147,"wall_ms":109.332},{"bake_ms":178.6277,"coast_sdf_max_dist_px":23.4777493814928,"distance_scale":2.9347186726866,"edge_distance_saturate_hex":0.9,"edge_distance_units":"normalized_hex_center_gap","hashes":{"edge_distance":3346199163948865228,"edge_neighbor":3328338858272053323,"height":7767006980409165683,"map_index":3896206155171352652,"terrain_detail":9013407888587490121,"terrain_normal":5996970626334789823,"water_depth":4211788084388937124},"layer":14,"normal_radius_px":"(19, 19)","raster_scale":"(2.926317, 2.943144)","river_sdf_max_dist_px":10.2715153544031,"shore_carve_band_px":18,"upload_ms":0.201,"wall_ms":180.369},{"bake_ms":159.2778,"coast_sdf_max_dist_px":23.4777493814928,"distance_scale":2.9347186726866,"edge_distance_saturate_hex":0.9,"edge_distance_units":"normalized_hex_center_gap","hashes":{"edge_distance":-8823098119792834845,"edge_neighbor":-1129242518528389708,"height":7905456991071377602,"map_index":-2398915004142492570,"terrain_detail":4818947157767337573,"terrain_normal":-1288951978704119186,"water_depth":5719364732840272492},"layer":15,"normal_radius_px":"(19, 19)","raster_scale":"(2.926317, 2.943144)","river_sdf_max_dist_px":10.2715153544031,"shore_carve_band_px":18,"upload_ms":0.104,"wall_ms":159.98},{"bake_ms":114.8602,"coast_sdf_max_dist_px":23.4777493814928,"distance_scale":2.9347186726866,"edge_distance_saturate_hex":0.9,"edge_distance_units":"normalized_hex_center_gap","hashes":{"edge_distance":709210099425457142,"edge_neighbor":-1957150180652715570,"height":832699174824842033,"map_index":-8186596752102237761,"terrain_detail":6243370724132545145,"terrain_normal":-8392823859760408143,"water_depth":-584514807378970937},"layer":16,"normal_radius_px":"(19, 19)","raster_scale":"(2.926317, 2.943144)","river_sdf_max_dist_px":10.2715153544031,"shore_carve_band_px":18,"upload_ms":0.16,"wall_ms":116.062},{"bake_ms":57.2127,"coast_sdf_max_dist_px":23.4777493814928,"distance_scale":2.9347186726866,"edge_distance_saturate_hex":0.9,"edge_distance_units":"normalized_hex_center_gap","hashes":{"edge_distance":2076839485583808419,"edge_neighbor":-2354922604798186671,"height":-3581102561025858625,"map_index":-3470847871196008069,"terrain_detail":7000966638762197631,"terrain_normal":8617632144325069320,"water_depth":-5748113260477586484},"layer":17,"normal_radius_px":"(19, 19)","raster_scale":"(2.926317, 2.943144)","river_sdf_max_dist_px":10.2715153544031,"shore_carve_band_px":18,"upload_ms":0.232,"wall_ms":58.148},{"bake_ms":62.2115,"coast_sdf_max_dist_px":23.4777493814928,"distance_scale":2.9347186726866,"edge_distance_saturate_hex":0.9,"edge_distance_units":"normalized_hex_center_gap","hashes":{"edge_distance":1511803524073867317,"edge_neighbor":5495370005696121393,"height":-8480774388949348416,"map_index":-2617064085814042831,"terrain_detail":5844952868248798914,"terrain_normal":-577142112714954204,"water_depth":601445805093561015},"layer":18,"normal_radius_px":"(19, 19)","raster_scale":"(2.926317, 2.943144)","river_sdf_max_dist_px":10.2715153544031,"shore_carve_band_px":18,"upload_ms":0.167,"wall_ms":63.393},{"bake_ms":73.9002,"coast_sdf_max_dist_px":23.4777493814928,"distance_scale":2.9347186726866,"edge_distance_saturate_hex":0.9,"edge_distance_units":"normalized_hex_center_gap","hashes":{"edge_distance":394719755051162095,"edge_neighbor":8293695556961300479,"height":7506518077135510715,"map_index":4054754691405722750,"terrain_detail":-666620967133328144,"terrain_normal":3423525175962275742,"water_depth":3861412777456575862},"layer":19,"normal_radius_px":"(19, 19)","raster_scale":"(2.926317, 2.943144)","river_sdf_max_dist_px":10.2715153544031,"shore_carve_band_px":18,"upload_ms":0.136,"wall_ms":74.906},{"bake_ms":148.5564,"coast_sdf_max_dist_px":23.4777493814928,"distance_scale":2.9347186726866,"edge_distance_saturate_hex":0.9,"edge_distance_units":"normalized_hex_center_gap","hashes":{"edge_distance":6920560580985025354,"edge_neighbor":-9005551793417671373,"height":-29334219514178584,"map_index":-432592172511609897,"terrain_detail":-4273479700873813596,"terrain_normal":-6470733408951045209,"water_depth":-636342745549679183},"layer":20,"normal_radius_px":"(19, 19)","raster_scale":"(2.926317, 2.943144)","river_sdf_max_dist_px":10.2715153544031,"shore_carve_band_px":18,"upload_ms":0.19,"wall_ms":150.177},{"bake_ms":123.8014,"coast_sdf_max_dist_px":23.4777493814928,"distance_scale":2.9347186726866,"edge_distance_saturate_hex":0.9,"edge_distance_units":"normalized_hex_center_gap","hashes":{"edge_distance":4364170074075013645,"edge_neighbor":-4095722793134771358,"height":-3727318860814649259,"map_index":-1874048459769906423,"terrain_detail":905253106469046521,"terrain_normal":-3126092045688437084,"water_depth":4814026217279657984},"layer":21,"normal_radius_px":"(19, 19)","raster_scale":"(2.926317, 2.943144)","river_sdf_max_dist_px":10.2715153544031,"shore_carve_band_px":18,"upload_ms":0.132,"wall_ms":124.559},{"bake_ms":130.5326,"coast_sdf_max_dist_px":23.4777493814928,"distance_scale":2.9347186726866,"edge_distance_saturate_hex":0.9,"edge_distance_units":"normalized_hex_center_gap","hashes":{"edge_distance":4039712070237210807,"edge_neighbor":-8392179578927464976,"height":-3257659561162854232,"map_index":7972962207794666097,"terrain_detail":8341325199693054537,"terrain_normal":-5981923756813241267,"water_depth":-2537262984001461627},"layer":22,"normal_radius_px":"(19, 19)","raster_scale":"(2.926317, 2.943144)","river_sdf_max_dist_px":10.2715153544031,"shore_carve_band_px":18,"upload_ms":0.098,"wall_ms":131.833},{"bake_ms":66.9677,"coast_sdf_max_dist_px":23.4777493814928,"distance_scale":2.9347186726866,"edge_distance_saturate_hex":0.9,"edge_distance_units":"normalized_hex_center_gap","hashes":{"edge_distance":3003606614318412983,"edge_neighbor":91235639261658104,"height":5171813037609018118,"map_index":1911703402302164354,"terrain_detail":2546291589901262088,"terrain_normal":3283009040143815527,"water_depth":2366847642483705512},"layer":23,"normal_radius_px":"(19, 19)","raster_scale":"(2.926317, 2.943144)","river_sdf_max_dist_px":10.2715153544031,"shore_carve_band_px":18,"upload_ms":0.15,"wall_ms":68.046}],"logical_size":"(2928, 1760)","mode":"tiled","path":"visual_tiled_static","profile":"desktop_auto","renderer":"mobile","requested_budget_px":5072130,"requested_texels_per_hex":14.0,"requested_tile_world_span":"(804.5714, 804.5714)","requested_world_units_per_texel":1.57142857142857,"tile_world_area":521849.588241577,"tile_world_span":"(762.1024, 684.75)","total_ms":2727.931,"visual_domain":"[P: (0.0, -44.0), S: (4572.614, 2739.0)]","wrap_period_x":4572.61413198184,"wrap_x":true}
WARNING: Loaded resource as image file, this will not work on export: 'res://assets/textures/terrain_materials/organic.png'. Instead, import the image file as an Image resource and load it normally as a resource.
   at: load (core/io/image.cpp:2756)
   GDScript backtrace (most recent call first):
       [0] _build_terrain_material_tex (res://scripts/rendering/map_baker.gd:360)
       [1] get_or_build_shared_terrain_material_tex (res://scripts/rendering/map_baker.gd:343)
       [2] bake_world (res://scripts/rendering/map_baker.gd:1179)
       [3] generate (res://scripts/geography/map_generator.gd:1474)
       [4] generate_world (res://scripts/game/world_runtime_host.gd:482)
       [5] _run (res://tests/headless_perf_record.gd:208)
       [6] _init (res://tests/headless_perf_record.gd:25)
WARNING: Loaded resource as image file, this will not work on export: 'res://assets/textures/terrain_materials/dry_sand.png'. Instead, import the image file as an Image resource and load it normally as a resource.
   at: load (core/io/image.cpp:2756)
   GDScript backtrace (most recent call first):
       [0] _build_terrain_material_tex (res://scripts/rendering/map_baker.gd:360)
       [1] get_or_build_shared_terrain_material_tex (res://scripts/rendering/map_baker.gd:343)
       [2] bake_world (res://scripts/rendering/map_baker.gd:1179)
       [3] generate (res://scripts/geography/map_generator.gd:1474)
       [4] generate_world (res://scripts/game/world_runtime_host.gd:482)
       [5] _run (res://tests/headless_perf_record.gd:208)
       [6] _init (res://tests/headless_perf_record.gd:25)
WARNING: Loaded resource as image file, this will not work on export: 'res://assets/textures/terrain_materials/rock.png'. Instead, import the image file as an Image resource and load it normally as a resource.
   at: load (core/io/image.cpp:2756)
   GDScript backtrace (most recent call first):
       [0] _build_terrain_material_tex (res://scripts/rendering/map_baker.gd:360)
       [1] get_or_build_shared_terrain_material_tex (res://scripts/rendering/map_baker.gd:343)
       [2] bake_world (res://scripts/rendering/map_baker.gd:1179)
       [3] generate (res://scripts/geography/map_generator.gd:1474)
       [4] generate_world (res://scripts/game/world_runtime_host.gd:482)
       [5] _run (res://tests/headless_perf_record.gd:208)
       [6] _init (res://tests/headless_perf_record.gd:25)
WARNING: Loaded resource as image file, this will not work on export: 'res://assets/textures/terrain_materials/snow_wet.png'. Instead, import the image file as an Image resource and load it normally as a resource.
   at: load (core/io/image.cpp:2756)
   GDScript backtrace (most recent call first):
       [0] _build_terrain_material_tex (res://scripts/rendering/map_baker.gd:360)
       [1] get_or_build_shared_terrain_material_tex (res://scripts/rendering/map_baker.gd:343)
       [2] bake_world (res://scripts/rendering/map_baker.gd:1179)
       [3] generate (res://scripts/geography/map_generator.gd:1474)
       [4] generate_world (res://scripts/game/world_runtime_host.gd:482)
       [5] _run (res://tests/headless_perf_record.gd:208)
       [6] _init (res://tests/headless_perf_record.gd:25)
  cell LUT encode: deferred until DCWorldExt bind
  encode: 5587ms
MapBaker v6: total 5769ms
MapGenerator v7: bake 5925ms
MapGenerator: skip _compute_ocean_currents (physical-hex path writes per-cell directly)
MapGenerator: skip _compute_terrain_perturbed_wind (physical-hex solver writes per-cell)
[SUS] sim budget strict=false frame=8.00ms warn=2.00ms slice=0.75ms upload=1.50ms scheduler=DCSystemScheduler native_sus=auto
[DCWorldExt] bind_map_data: 148 components bound (auto-registered=148; snapshot model; see world_ext.cpp comment & charter Â§11)
[DataCore] _data_core_world_ext bound=true (climate co-processor; class=DCWorldExt)
[native_world] configure rc=0 reason=configured cells=9600 wrap_period_x=207.846
[native_generation] path=gdext n=9600 published=9 native_ms=0.626 compute_ms=0.442 flush_ms=0.182
[hex_cell] facade ENABLED (9600 cells bound; ext=true)
[DataCore] _baker climate_profile injected=true (fixes WorldData.config==null sea_ice prepare path)
[phys_solve][oneshot] OK slp=1.45ms wind=1.72ms psi=1.61ms(ran=true) upwelling=0.09ms total=6.92ms
PhysicalCirculation solve@phase=1.50 total=7ms (C++ one-shot run_physical_solve_pass)
  wind/ocean pixel buffers: skipped (ocean_current_visual off)
[physical_init] deferred native refresh complete: 7ms
[cell_lut] deferred encode: 4ms path=gdext
[bio-occupancy] seed landmasses=17 provinces=17 species=20 secondary_hearths=0
[bio-occupancy]   bio.maize envelope=181 hearth=17 seeded_landmasses=1 primary_landmass=3 primary_envelope=138 occupied=17 occupied/envelope=0.12
[bio-occupancy]   bio.wheat envelope=545 hearth=30 seeded_landmasses=1 primary_landmass=3 primary_envelope=326 occupied=30 occupied/envelope=0.09
[bio-occupancy]   bio.rice envelope=212 hearth=17 seeded_landmasses=1 primary_landmass=3 primary_envelope=102 occupied=17 occupied/envelope=0.17
[bio-occupancy]   bio.potato envelope=515 hearth=199 seeded_landmasses=1 primary_landmass=3 primary_envelope=382 occupied=199 occupied/envelope=0.52
[bio-occupancy]   bio.horse envelope=632 hearth=191 seeded_landmasses=1 primary_landmass=3 primary_envelope=386 occupied=191 occupied/envelope=0.49
[bio-occupancy]   bio.cotton envelope=543 hearth=145 seeded_landmasses=1 primary_landmass=3 primary_envelope=376 occupied=145 occupied/envelope=0.39
[bio-occupancy]   bio.flax envelope=497 hearth=164 seeded_landmasses=1 primary_landmass=3 primary_envelope=300 occupied=164 occupied/envelope=0.55
[bio-occupancy]   bio.spice envelope=457 hearth=78 seeded_landmasses=1 primary_landmass=3 primary_envelope=310 occupied=78 occupied/envelope=0.25
[bio-occupancy]   bio.rubber envelope=333 hearth=31 seeded_landmasses=1 primary_landmass=3 primary_envelope=241 occupied=31 occupied/envelope=0.13
[bio-occupancy]   bio.sheep envelope=187 hearth=6 seeded_landmasses=1 primary_landmass=3 primary_envelope=141 occupied=6 occupied/envelope=0.04
[bio-occupancy]   bio.goat envelope=1195 hearth=135 seeded_landmasses=1 primary_landmass=3 primary_envelope=815 occupied=135 occupied/envelope=0.17
[bio-occupancy]   bio.cattle envelope=9 hearth=1 seeded_landmasses=1 primary_landmass=3 primary_envelope=9 occupied=1 occupied/envelope=0.11
[bio-occupancy]   bio.pig envelope=1018 hearth=143 seeded_landmasses=1 primary_landmass=3 primary_envelope=633 occupied=143 occupied/envelope=0.23
[bio-occupancy]   bio.camel envelope=167 hearth=34 seeded_landmasses=1 primary_landmass=3 primary_envelope=94 occupied=34 occupied/envelope=0.36
[bio-occupancy]   bio.yak envelope=366 hearth=183 seeded_landmasses=1 primary_landmass=3 primary_envelope=366 occupied=183 occupied/envelope=0.50
[bio-occupancy]   bio.silkworm envelope=530 hearth=180 seeded_landmasses=1 primary_landmass=3 primary_envelope=399 occupied=180 occupied/envelope=0.45
[bio-occupancy]   bio.reed envelope=325 hearth=36 seeded_landmasses=1 primary_landmass=3 primary_envelope=194 occupied=36 occupied/envelope=0.19
[bio-occupancy]   bio.bast_fiber envelope=674 hearth=100 seeded_landmasses=1 primary_landmass=3 primary_envelope=378 occupied=100 occupied/envelope=0.26
[bio-occupancy]   bio.dye_plant envelope=592 hearth=89 seeded_landmasses=1 primary_landmass=3 primary_envelope=402 occupied=89 occupied/envelope=0.22
[bio-occupancy]   bio.medicinal_herb envelope=1180 hearth=116 seeded_landmasses=1 primary_landmass=3 primary_envelope=795 occupied=116 occupied/envelope=0.15
[bio-occupancy]   landmass 1 classes=none foods=none
[bio-occupancy]   landmass 2 classes=none foods=none
[bio-occupancy]   landmass 3 classes=fiber_wet, highland_food, forest_grazer, fiber_open, open_grazer, wetland_food, fiber_forest, cold_grazer, tropical, dry_grazer, open_food foods=potato, rice, wheat, maize
[bio-occupancy]   landmass 4 classes=none foods=none
[bio-occupancy]   landmass 5 classes=none foods=none
[bio-occupancy]   landmass 6 classes=none foods=none
[bio-occupancy]   landmass 7 classes=none foods=none
[bio-occupancy]   landmass 8 classes=none foods=none
[bio-occupancy]   landmass 9 classes=none foods=none
[bio-occupancy]   landmass 10 classes=none foods=none
[bio-occupancy]   landmass 11 classes=none foods=none
[bio-occupancy]   landmass 12 classes=none foods=none
[bio-occupancy]   landmass 13 classes=none foods=none
[bio-occupancy]   landmass 14 classes=none foods=none
[bio-occupancy]   landmass 15 classes=none foods=none
[bio-occupancy]   landmass 16 classes=none foods=none
[bio-occupancy]   landmass 17 classes=none foods=none
[weather] gdext acceleration ON (class=DCWorldExt)
[weather] gdext field commit ON
[weather] gdext distribute ON
[weather] gdext summary ON
[weather] hexcell facade ON (skip AoS double-write in hot loop)
[weather] gdext resident knobs ON (class=KnobsHandle)
[economy] ACTIVE native graph cells=9600 goods=134 cohorts=16 epoch_days=1 trade=ACTIVE topology_ready=true topology_generation=1 bootstrap=starter_settlement_bootstrap_v9 founder_families=4 founder_people=4
[country] ACTIVE native authority countries=4 cells=9600 generation=1
[weather/knobs] resident KnobsHandle path ACTIVE — first to_*_knobs_dict hit (field_rebuild_count=1 expected ≤1; stable Hz target ≤1 Hz)
[native_daily] ACTIVE: registered native_daily_sim + natural_resource_daily + bio_occupancy_daily; retained season_refresh + ocean_currents boundary jobs
[DCSystemScheduler] topology: ["season_refresh", "trigger_runtime", "ideology_runtime", "effect_runtime", "modifier_daily", "gameplay_effect", "natural_resource_daily", "bio_occupancy_daily", "enum_atlas_upload", "ocean_currents", "native_daily_sim", "dynamic_visual_atlas_upload", "country_daily", "economy_daily"]
WARNING: [building-visual] disabled: building_visual_renderer_unavailable
   at: push_warning (core/variant/variant_utility.cpp:1034)
   GDScript backtrace (most recent call first):
       [0] generate_world (res://scripts/game/world_runtime_host.gd:517)
       [1] _run (res://tests/headless_perf_record.gd:208)
       [2] _init (res://tests/headless_perf_record.gd:25)
WARNING: [runtime-climate-round] no ClimateDailySystem; SHADOW capture carries no shared pass input
   at: push_warning (core/variant/variant_utility.cpp:1034)
   GDScript backtrace (most recent call first):
       [0] _build_runtime_climate_round_input (res://scripts/geography/map_generator.gd:4629)
       [1] capture_runtime_inputs_for_worker (res://scripts/geography/map_generator.gd:2360)
       [2] generate_world (res://scripts/game/world_runtime_host.gd:536)
       [3] _run (res://tests/headless_perf_record.gd:208)
       [4] _init (res://tests/headless_perf_record.gd:25)
[perf-record] start (start_tick=0 mode=DETAIL detail_period=1)
[native_daily/slow-dump] tick=1 day=1 sample=1 commit=-1 age=0/10 over=false state=active stage=climate_pass_a/climate_pass_a_struct node=climate_pass_a/climate_pass_a_struct cursor=0-1 cells=0-9600/9600 done=false progress=0.05 wall=10.11 shell=10.23 shell_gap=0.12 bundle=0.30 jit=0.00 keys=[] native_call=9.65 cpp=9.54 compute=0.00 refresh=0.03 flush=0.00 apply=0.16 round=9.54 weather=0.00 prebuilt=false path=gdext_native_daily_slice
[DCSystemScheduler][RT] ocean_skip#1 tick=1 reason=policy_gated slices=0 elapsed=0.000 progress=0.000 source=day_changed
[DCSystemScheduler][RT] ocean_skip#2 tick=2 reason=policy_gated slices=0 elapsed=0.000 progress=0.000 source=day_changed
[climate-kernel][round] shared=1 ok=1 n_cells=9600 mask=0x1FF ran=0x1FF starved=0x0 knobs_cells=9600
[country][parity] worker_day=1 uncompared reference_range=-1..-1 depth=0
[DCSystemScheduler][RT] ocean_skip#3 tick=3 reason=policy_gated slices=0 elapsed=0.000 progress=0.000 source=day_changed
[phys_solve][RT] start#1 phase=0.0438 pending=nan solve_ocean=true ext=true idx=true soa=true
[slp_field] path-decision call#1: prof=true pflag_attr=true pflag_val=true ext=true method=true idx=true -> cpp_gate=true
[slp_field] commit-diag call#1: rc=0.199 slp_out=9600 n_cells=9600 map_slp=9600 slice=0:1200 final=false published=false slot=19/9600 reason=intermediate_slice
[slp_field][RT-DIAG] call#1 phase=0.0438 rc=0.199 slp_out=9600 n=9600 slice=0:1200 final=false published=false slot=19/9600 slot_reason=intermediate_slice -> intermediate_slice
[country][parity] worker_day=2 uncompared reference_range=-1..-1 depth=0
[climate][publish] day=0 round_ran=1 prod_stage=0x3 scalar_mask=0x3 alb=0 veg=0 fb=0 weather=0 sr=0 ok=1
[climate][publish] day=1 round_ran=0 prod_stage=0x0 scalar_mask=0x0 alb=0 veg=0 fb=0 weather=0 sr=0 ok=1
[climate][publish] day=2 round_ran=0 prod_stage=0x0 scalar_mask=0x0 alb=0 veg=0 fb=0 weather=0 sr=0 ok=1
[climate][publish] day=3 round_ran=0 prod_stage=0x0 scalar_mask=0x0 alb=0 veg=0 fb=0 weather=0 sr=0 ok=0
[country][parity] worker_day=3 uncompared reference_range=-1..-1 depth=0
[slp_field] path-decision call#2: prof=true pflag_attr=true pflag_val=true ext=true method=true idx=true -> cpp_gate=true
[slp_field] commit-diag call#2: rc=0.172 slp_out=9600 n_cells=9600 map_slp=9600 slice=1200:2400 final=false published=false slot=19/9600 reason=intermediate_slice
[slp_field][RT-DIAG] call#2 phase=0.0438 rc=0.172 slp_out=9600 n=9600 slice=1200:2400 final=false published=false slot=19/9600 slot_reason=intermediate_slice -> intermediate_slice
[climate][publish] day=3 round_ran=0 prod_stage=0x0 scalar_mask=0x0 alb=0 veg=0 fb=0 weather=0 sr=0 ok=0
WARNING: [sim/graph-trigger] handoff blocked day=4 reason=trigger_effect_domain_adapter_required command_key=economy.social_pressure_notice definition_key= action=13 opcode=1 â trigger effect queue cannot drain; trigger is retired for the rest of each pulse
   at: push_warning (core/variant/variant_utility.cpp:1034)
   GDScript backtrace (most recent call first):
       [0] _advance_runtime_graph_pulse (res://scripts/geography/map_generator.gd:3312)
       [1] _continue_economy_inflight (res://scripts/geography/map_generator.gd:3118)
       [2] _drain_hard_barrier (res://tests/headless_perf_record.gd:552)
[sim/graph-barrier] day=4 pulses=30 released=false pinned=modifier work=418 economy_slices=44 economy_commits=3 yields=3 last_us=54 trigger_blocked=1/trigger_effect_domain_adapter_required:economy.social_pressure_notice/
[sim/graph-barrier] day=4 pulses=330 released=false pinned=modifier work=418 economy_slices=44 economy_commits=3 yields=3 last_us=18 trigger_blocked=1/trigger_effect_domain_adapter_required:economy.social_pressure_notice/
[sim/graph-barrier] day=4 pulses=630 released=false pinned=modifier work=418 economy_slices=44 economy_commits=3 yields=3 last_us=25 trigger_blocked=1/trigger_effect_domain_adapter_required:economy.social_pressure_notice/
[sim/graph-barrier] day=4 pulses=930 released=false pinned=modifier work=418 economy_slices=44 economy_commits=3 yields=3 last_us=48 trigger_blocked=1/trigger_effect_domain_adapter_required:economy.social_pressure_notice/
[sim/graph-barrier] day=4 pulses=1200 released=true pinned=modifier work=418 economy_slices=44 economy_commits=3 yields=3 last_us=36 trigger_blocked=1/trigger_effect_domain_adapter_required:economy.social_pressure_notice/
WARNING: [sim] 原生 runtime graph 在第 4 天自锁 1200 个 pulse（pinned=modifier），已放行日历；该域的工作已落后于日历，结果不可信。
   at: push_warning (core/variant/variant_utility.cpp:1034)
   GDScript backtrace (most recent call first):
       [0] _log_stalled_runtime_graph (res://scripts/geography/map_generator.gd:3484)
       [1] _track_runtime_graph_stall (res://scripts/geography/map_generator.gd:3457)
       [2] _advance_runtime_graph_pulse (res://scripts/geography/map_generator.gd:3316)
       [3] _continue_economy_inflight (res://scripts/geography/map_generator.gd:3118)
       [4] _drain_hard_barrier (res://tests/headless_perf_record.gd:552)
[climate][publish] day=3 round_ran=0 prod_stage=0x0 scalar_mask=0x0 alb=0 veg=0 fb=0 weather=0 sr=0 ok=0
[natural_resource/slow-dump] tick=5 day=5 wall=13.84 cpp=0.962 compute=0.894 loop=0.133 flush=0.136 wrapper=11.906 layout=cell_indices dispatches=0 resources=13/31 skipped_static=18 published=true total_delta=8150137.57270
[DCSystemScheduler][RT] ocean_skip#4 tick=5 reason=frame_budget_exhausted slices=0 elapsed=0.000 progress=0.000 source=day_changed
[country][parity] worker_day=4 uncompared reference_range=-1..-1 depth=0
[DCSystemScheduler][RT] ocean_skip#5 tick=7 reason=policy_gated slices=0 elapsed=0.000 progress=0.000 source=day_changed
[country][parity] worker_day=5 uncompared reference_range=-1..-1 depth=0
[slp_field] path-decision call#3: prof=true pflag_attr=true pflag_val=true ext=true method=true idx=true -> cpp_gate=true
[slp_field] commit-diag call#3: rc=0.212 slp_out=9600 n_cells=9600 map_slp=9600 slice=2400:3600 final=false published=false slot=19/9600 reason=intermediate_slice
[slp_field][RT-DIAG] call#3 phase=0.0438 rc=0.212 slp_out=9600 n=9600 slice=2400:3600 final=false published=false slot=19/9600 slot_reason=intermediate_slice -> intermediate_slice
[climate][publish] day=3 round_ran=0 prod_stage=0x0 scalar_mask=0x0 alb=0 veg=0 fb=0 weather=0 sr=0 ok=0
[country][parity] worker_day=6 uncompared reference_range=-1..-1 depth=0
[climate][publish] day=3 round_ran=0 prod_stage=0x0 scalar_mask=0x0 alb=0 veg=0 fb=0 weather=0 sr=0 ok=0
[DCSystemScheduler][RT] ocean_skip#6 tick=9 reason=policy_gated slices=0 elapsed=0.000 progress=0.000 source=day_changed
[country][parity] worker_day=7 uncompared reference_range=-1..-1 depth=0
[DCSystemScheduler][RT] ocean_skip#7 tick=10 reason=policy_gated slices=0 elapsed=0.000 progress=0.000 source=day_changed
[climate][publish] day=3 round_ran=0 prod_stage=0x0 scalar_mask=0x0 alb=0 veg=0 fb=0 weather=0 sr=0 ok=0
[climate][publish] day=3 round_ran=0 prod_stage=0x0 scalar_mask=0x0 alb=0 veg=0 fb=0 weather=0 sr=0 ok=0
[DCSystemScheduler][RT] ocean_skip#8 tick=11 reason=policy_gated slices=0 elapsed=0.000 progress=0.000 source=day_changed
[country][parity] worker_day=8 uncompared reference_range=-1..-1 depth=0
[slp_field][RT-DIAG] call#4 phase=0.0438 rc=0.196 slp_out=9600 n=9600 slice=3600:4800 final=false published=false slot=19/9600 slot_reason=intermediate_slice -> intermediate_slice
[DCSystemScheduler][RT] ocean_skip#9 tick=13 reason=policy_gated slices=0 elapsed=0.000 progress=0.000 source=day_changed
[climate][publish] day=3 round_ran=0 prod_stage=0x0 scalar_mask=0x0 alb=0 veg=0 fb=0 weather=0 sr=0 ok=0
[climate][publish] day=3 round_ran=0 prod_stage=0x0 scalar_mask=0x0 alb=0 veg=0 fb=0 weather=0 sr=0 ok=0
[DCSystemScheduler][RT] ocean_skip#10 tick=14 reason=frame_budget_exhausted slices=0 elapsed=0.000 progress=0.000 source=day_changed
[DCSystemScheduler][RT] ocean_skip#11 tick=15 reason=frame_budget_exhausted slices=0 elapsed=0.000 progress=0.000 source=day_changed
[DCSystemScheduler][RT] ocean_skip#12 tick=16 reason=frame_budget_exhausted slices=0 elapsed=0.000 progress=0.000 source=day_changed
[DCSystemScheduler][RT] ocean_skip#13 tick=17 reason=frame_budget_exhausted slices=0 elapsed=0.000 progress=0.000 source=day_changed
[DCSystemScheduler][RT] ocean_skip#14 tick=18 reason=frame_budget_exhausted slices=0 elapsed=0.000 progress=0.000 source=day_changed
[DCSystemScheduler][RT] ocean_skip#15 tick=19 reason=frame_budget_exhausted slices=0 elapsed=0.000 progress=0.000 source=day_changed
[slp_field][RT-DIAG] call#5 phase=0.0438 rc=0.211 slp_out=9600 n=9600 slice=4800:6000 final=false published=false slot=19/9600 slot_reason=intermediate_slice -> intermediate_slice
[DCSystemScheduler][RT] ocean_skip#16 tick=21 reason=frame_budget_exhausted slices=0 elapsed=0.000 progress=0.000 source=day_changed
[DCSystemScheduler][RT] ocean_skip#17 tick=22 reason=frame_budget_exhausted slices=0 elapsed=0.000 progress=0.000 source=day_changed
[DCSystemScheduler][RT] ocean_skip#18 tick=23 reason=frame_budget_exhausted slices=0 elapsed=0.000 progress=0.000 source=day_changed
