Godot Engine v4.6.2.stable.official.71f334935 - https://godotengine.org

[   0% ] [90m[1mfirst_scan_filesystem[22m | Started 项目初始化 (5 steps)[39m[0m
[   0% ] [90m[1mfirst_scan_filesystem[22m | 正在扫描文件结构……[39m[0m
[  16% ] [90m[1mfirst_scan_filesystem[22m | 正在加载全局类名……[39m[0m
[  33% ] [90m[1mfirst_scan_filesystem[22m | 正在校验 GDExtension……[39m[0m
[  50% ] [90m[1mfirst_scan_filesystem[22m | 正在创建自动加载脚本……[39m[0m
[  66% ] [90m[1mfirst_scan_filesystem[22m | 正在初始化插件……[39m[0m
[  83% ] [90m[1mfirst_scan_filesystem[22m | 正在启动文件扫描……[39m[0m
[92m[ DONE ][39m [1mfirst_scan_filesystem[22m
[0m
[   0% ] [90m[1mupdate_scripts_classes[22m | Started 正在注册全局类…… (607 steps)[39m[0m
[   0% ] [90m[1mupdate_scripts_classes[22m | [39m[0m
[   0% ] [90m[1mupdate_scripts_classes[22m | [39m[0m
[   0% ] [90m[1mupdate_scripts_classes[22m | [39m[0m
[   0% ] [90m[1mupdate_scripts_classes[22m | DCDemoBootstrap[39m[0m
[   0% ] [90m[1mupdate_scripts_classes[22m | DCDotsBootstrap[39m[0m
[   0% ] [90m[1mupdate_scripts_classes[22m | DCSusSystemsBootstrap[39m[0m
[   0% ] [90m[1mupdate_scripts_classes[22m | DCVisualBootstrap[39m[0m
[   1% ] [90m[1mupdate_scripts_classes[22m | CountryFacade[39m[0m
[   1% ] [90m[1mupdate_scripts_classes[22m | [39m[0m
[   1% ] [90m[1mupdate_scripts_classes[22m | BuildingProfile[39m[0m
[   1% ] [90m[1mupdate_scripts_classes[22m | ClimateProfile[39m[0m
[   1% ] [90m[1mupdate_scripts_classes[22m | ConsumptionPlanProfile[39m[0m
[   1% ] [90m[1mupdate_scripts_classes[22m | CountryNamePackProfile[39m[0m
[   2% ] [90m[1mupdate_scripts_classes[22m | CountryProfile[39m[0m
[   2% ] [90m[1mupdate_scripts_classes[22m | DecorationManifest[39m[0m
[   2% ] [90m[1mupdate_scripts_classes[22m | DetailScatterChangeSet[39m[0m
[   2% ] [90m[1mupdate_scripts_classes[22m | EconomyProfile[39m[0m
[   2% ] [90m[1mupdate_scripts_classes[22m | EnvironmentDemandCurveProfile[39m[0m
[   2% ] [90m[1mupdate_scripts_classes[22m | EthnicityProfile[39m[0m
[   3% ] [90m[1mupdate_scripts_classes[22m | FamilyCultureGroupProfile[39m[0m
[   3% ] [90m[1mupdate_scripts_classes[22m | FamilySurnamePackProfile[39m[0m
[   3% ] [90m[1mupdate_scripts_classes[22m | GoodProfile[39m[0m
[   3% ] [90m[1mupdate_scripts_classes[22m | GoodProfileRegistry[39m[0m
[   3% ] [90m[1mupdate_scripts_classes[22m | NeedProfile[39m[0m
[   3% ] [90m[1mupdate_scripts_classes[22m | PersonGivenNamePackProfile[39m[0m
[   4% ] [90m[1mupdate_scripts_classes[22m | ProductionClimateProfile[39m[0m
[   4% ] [90m[1mupdate_scripts_classes[22m | ProfessionProfile[39m[0m
[   4% ] [90m[1mupdate_scripts_classes[22m | ResourceProfile[39m[0m
[   4% ] [90m[1mupdate_scripts_classes[22m | ResourceProfileRegistry[39m[0m
[   4% ] [90m[1mupdate_scripts_classes[22m | SettlementNamePackProfile[39m[0m
[   4% ] [90m[1mupdate_scripts_classes[22m | SettlementProfile[39m[0m
[   5% ] [90m[1mupdate_scripts_classes[22m | ShrubVisualProfile[39m[0m
[   5% ] [90m[1mupdate_scripts_classes[22m | TechnologyDomainProfile[39m[0m
[   5% ] [90m[1mupdate_scripts_classes[22m | TechnologyEraProfile[39m[0m
[   5% ] [90m[1mupdate_scripts_classes[22m | TechnologyProfile[39m[0m
[   5% ] [90m[1mupdate_scripts_classes[22m | TerrainProfile[39m[0m
[   5% ] [90m[1mupdate_scripts_classes[22m | TerrainProfileRegistry[39m[0m
[   6% ] [90m[1mupdate_scripts_classes[22m | VegetationProfile[39m[0m
[   6% ] [90m[1mupdate_scripts_classes[22m | VegetationProfileRegistry[39m[0m
[   6% ] [90m[1mupdate_scripts_classes[22m | WeatherProfile[39m[0m
[   6% ] [90m[1mupdate_scripts_classes[22m | WeatherProfileRegistry[39m[0m
[   6% ] [90m[1mupdate_scripts_classes[22m | DCCommandBuffer[39m[0m
[   6% ] [90m[1mupdate_scripts_classes[22m | DCComponentIds[39m[0m
[   7% ] [90m[1mupdate_scripts_classes[22m | DCComponentSchema[39m[0m
[   7% ] [90m[1mupdate_scripts_classes[22m | DCSystem[39m[0m
[   7% ] [90m[1mupdate_scripts_classes[22m | DCSystemScheduler[39m[0m
[   7% ] [90m[1mupdate_scripts_classes[22m | DCDotsCompletionGate[39m[0m
[   7% ] [90m[1mupdate_scripts_classes[22m | DCDotsFinalFrontierPerfVerdict[39m[0m
[   7% ] [90m[1mupdate_scripts_classes[22m | DCDotsFinalPushPerfVerdict[39m[0m
[   8% ] [90m[1mupdate_scripts_classes[22m | DCDotsTotalCppPerfVerdict[39m[0m
[   8% ] [90m[1mupdate_scripts_classes[22m | DCFeatureFlags[39m[0m
[   8% ] [90m[1mupdate_scripts_classes[22m | DCFlagBus[39m[0m
[   8% ] [90m[1mupdate_scripts_classes[22m | DCFrontsSchema[39m[0m
[   8% ] [90m[1mupdate_scripts_classes[22m | GameplayEventBus[39m[0m
[   8% ] [90m[1mupdate_scripts_classes[22m | DCModuleManifest[39m[0m
[   9% ] [90m[1mupdate_scripts_classes[22m | DCQuery[39m[0m
[   9% ] [90m[1mupdate_scripts_classes[22m | DCViewAdapter[39m[0m
[   9% ] [90m[1mupdate_scripts_classes[22m | DCWorld[39m[0m
[   9% ] [90m[1mupdate_scripts_classes[22m | EconomyCatalog[39m[0m
[   9% ] [90m[1mupdate_scripts_classes[22m | EconomyFacade[39m[0m
[   9% ] [90m[1mupdate_scripts_classes[22m | EconomyTestBootstrap[39m[0m
[  10% ] [90m[1mupdate_scripts_classes[22m | StarterEconomyPlanner[39m[0m
[  10% ] [90m[1mupdate_scripts_classes[22m | StarterSettlementBootstrap[39m[0m
[  10% ] [90m[1mupdate_scripts_classes[22m | TechnologyCatalog[39m[0m
[  10% ] [90m[1mupdate_scripts_classes[22m | [39m[0m
[  10% ] [90m[1mupdate_scripts_classes[22m | [39m[0m
[  10% ] [90m[1mupdate_scripts_classes[22m | EffectCatalog[39m[0m
[  11% ] [90m[1mupdate_scripts_classes[22m | EffectCommand[39m[0m
[  11% ] [90m[1mupdate_scripts_classes[22m | EffectCondition[39m[0m
[  11% ] [90m[1mupdate_scripts_classes[22m | EffectDefinition[39m[0m
[  11% ] [90m[1mupdate_scripts_classes[22m | EffectDomainCatalog[39m[0m
[  11% ] [90m[1mupdate_scripts_classes[22m | EffectFacade[39m[0m
[  11% ] [90m[1mupdate_scripts_classes[22m | EffectInstruction[39m[0m
[  12% ] [90m[1mupdate_scripts_classes[22m | EraRewardCatalog[39m[0m
[  12% ] [90m[1mupdate_scripts_classes[22m | EraRewardCommandTemplate[39m[0m
[  12% ] [90m[1mupdate_scripts_classes[22m | EraRewardOption[39m[0m
[  12% ] [90m[1mupdate_scripts_classes[22m | EraRewardPool[39m[0m
[  12% ] [90m[1mupdate_scripts_classes[22m | EraRewardTargetSelector[39m[0m
[  12% ] [90m[1mupdate_scripts_classes[22m | EraRewardWeightRule[39m[0m
[  12% ] [90m[1mupdate_scripts_classes[22m | FamilyBehaviorPreference[39m[0m
[  13% ] [90m[1mupdate_scripts_classes[22m | FamilyBuffCopy[39m[0m
[  13% ] [90m[1mupdate_scripts_classes[22m | FamilyEffectCatalog[39m[0m
[  13% ] [90m[1mupdate_scripts_classes[22m | FamilyEffectDefinition[39m[0m
[  13% ] [90m[1mupdate_scripts_classes[22m | FamilyModifierEffect[39m[0m
[  13% ] [90m[1mupdate_scripts_classes[22m | FamilyOfficialCatalog[39m[0m
[  13% ] [90m[1mupdate_scripts_classes[22m | FamilyTraitCatalog[39m[0m
[  14% ] [90m[1mupdate_scripts_classes[22m | FamilyTraitDefinition[39m[0m
[  14% ] [90m[1mupdate_scripts_classes[22m | FamilyTriggerBinding[39m[0m
[  14% ] [90m[1mupdate_scripts_classes[22m | ClimateAuthorityPolicy[39m[0m
[  14% ] [90m[1mupdate_scripts_classes[22m | [39m[0m
[  14% ] [90m[1mupdate_scripts_classes[22m | [39m[0m
[  14% ] [90m[1mupdate_scripts_classes[22m | [39m[0m
[  15% ] [90m[1mupdate_scripts_classes[22m | NewGameConfig[39m[0m
[  15% ] [90m[1mupdate_scripts_classes[22m | [39m[0m
[  15% ] [90m[1mupdate_scripts_classes[22m | PlayerController[39m[0m
[  15% ] [90m[1mupdate_scripts_classes[22m | PlayerGame[39m[0m
[  15% ] [90m[1mupdate_scripts_classes[22m | RuntimeStateProvider[39m[0m
[  15% ] [90m[1mupdate_scripts_classes[22m | SaveRepository[39m[0m
[  16% ] [90m[1mupdate_scripts_classes[22m | StartLocationPolicy[39m[0m
[  16% ] [90m[1mupdate_scripts_classes[22m | StartLocationProfile[39m[0m
[  16% ] [90m[1mupdate_scripts_classes[22m | WorldRuntimeHost[39m[0m
[  16% ] [90m[1mupdate_scripts_classes[22m | DCTerrainGenerator[39m[0m
[  16% ] [90m[1mupdate_scripts_classes[22m | CoverType[39m[0m
[  16% ] [90m[1mupdate_scripts_classes[22m | DCDiagnosticsBus[39m[0m
[  17% ] [90m[1mupdate_scripts_classes[22m | HexCell[39m[0m
[  17% ] [90m[1mupdate_scripts_classes[22m | HexUtils[39m[0m
[  17% ] [90m[1mupdate_scripts_classes[22m | LandformType[39m[0m
[  17% ] [90m[1mupdate_scripts_classes[22m | MapConfig[39m[0m
[  17% ] [90m[1mupdate_scripts_classes[22m | MapData[39m[0m
[  17% ] [90m[1mupdate_scripts_classes[22m | MapGenerator[39m[0m
[  18% ] [90m[1mupdate_scripts_classes[22m | PkmapIO[39m[0m
[  18% ] [90m[1mupdate_scripts_classes[22m | TerrainType[39m[0m
[  18% ] [90m[1mupdate_scripts_classes[22m | TODProfile[39m[0m
[  18% ] [90m[1mupdate_scripts_classes[22m | VegetationType[39m[0m
[  18% ] [90m[1mupdate_scripts_classes[22m | VisionSolver[39m[0m
[  18% ] [90m[1mupdate_scripts_classes[22m | WeatherType[39m[0m
[  19% ] [90m[1mupdate_scripts_classes[22m | WorldClock[39m[0m
[  19% ] [90m[1mupdate_scripts_classes[22m | WorldData[39m[0m
[  19% ] [90m[1mupdate_scripts_classes[22m | IdeologyCatalog[39m[0m
[  19% ] [90m[1mupdate_scripts_classes[22m | IdeologyClassStance[39m[0m
[  19% ] [90m[1mupdate_scripts_classes[22m | IdeologyDefinition[39m[0m
[  19% ] [90m[1mupdate_scripts_classes[22m | IdeologyFacade[39m[0m
[  20% ] [90m[1mupdate_scripts_classes[22m | IdeologyLevelDefinition[39m[0m
[  20% ] [90m[1mupdate_scripts_classes[22m | IdeologyProfile[39m[0m
[  20% ] [90m[1mupdate_scripts_classes[22m | IdeologyRequirement[39m[0m
[  20% ] [90m[1mupdate_scripts_classes[22m | IdeologySynergyDefinition[39m[0m
[  20% ] [90m[1mupdate_scripts_classes[22m | ModifierCatalog[39m[0m
[  20% ] [90m[1mupdate_scripts_classes[22m | ModifierDefinition[39m[0m
[  21% ] [90m[1mupdate_scripts_classes[22m | ModifierFacade[39m[0m
[  21% ] [90m[1mupdate_scripts_classes[22m | ModifierStatDefinition[39m[0m
[  21% ] [90m[1mupdate_scripts_classes[22m | ModifierTerm[39m[0m
[  21% ] [90m[1mupdate_scripts_classes[22m | DCAtlasEncoders[39m[0m
[  21% ] [90m[1mupdate_scripts_classes[22m | DCBakerContext[39m[0m
[  21% ] [90m[1mupdate_scripts_classes[22m | BakerDirtyHelpers[39m[0m
[  22% ] [90m[1mupdate_scripts_classes[22m | DCClimateBaker[39m[0m
[  22% ] [90m[1mupdate_scripts_classes[22m | DCOverlayBaker[39m[0m
[  22% ] [90m[1mupdate_scripts_classes[22m | DCTerrainBaker[39m[0m
[  22% ] [90m[1mupdate_scripts_classes[22m | DCTerrainGeometryUtils[39m[0m
[  22% ] [90m[1mupdate_scripts_classes[22m | DCTerrainIndexBaker[39m[0m
[  22% ] [90m[1mupdate_scripts_classes[22m | DCWeatherBaker[39m[0m
[  23% ] [90m[1mupdate_scripts_classes[22m | BuildingVisualIntelCache[39m[0m
[  23% ] [90m[1mupdate_scripts_classes[22m | BuildingVisualLayer[39m[0m
[  23% ] [90m[1mupdate_scripts_classes[22m | CellHighlight[39m[0m
[  23% ] [90m[1mupdate_scripts_classes[22m | ColonizationRouteLayer[39m[0m
[  23% ] [90m[1mupdate_scripts_classes[22m | CountryBorderLayer[39m[0m
[  23% ] [90m[1mupdate_scripts_classes[22m | DataOverlayBaker[39m[0m
[  24% ] [90m[1mupdate_scripts_classes[22m | DataOverlayLayer[39m[0m
[  24% ] [90m[1mupdate_scripts_classes[22m | FogOfWarLayer[39m[0m
[  24% ] [90m[1mupdate_scripts_classes[22m | HexRenderer[39m[0m
[  24% ] [90m[1mupdate_scripts_classes[22m | MapBaker[39m[0m
[  24% ] [90m[1mupdate_scripts_classes[22m | MapCamera[39m[0m
[  24% ] [90m[1mupdate_scripts_classes[22m | OverlayMode[39m[0m
[  25% ] [90m[1mupdate_scripts_classes[22m | PhysicalCirculationSolver[39m[0m
[  25% ] [90m[1mupdate_scripts_classes[22m | SettlementLabelLayer[39m[0m
[  25% ] [90m[1mupdate_scripts_classes[22m | ShrubLayer[39m[0m
[  25% ] [90m[1mupdate_scripts_classes[22m | VegetationFamilyLayer[39m[0m
[  25% ] [90m[1mupdate_scripts_classes[22m | VisualTileHorizonBaker[39m[0m
[  25% ] [90m[1mupdate_scripts_classes[22m | VisualTileLayout[39m[0m
[  25% ] [90m[1mupdate_scripts_classes[22m | VisualTileSet[39m[0m
[  26% ] [90m[1mupdate_scripts_classes[22m | WeatherLayer[39m[0m
[  26% ] [90m[1mupdate_scripts_classes[22m | DevelopmentAchievementCatalog[39m[0m
[  26% ] [90m[1mupdate_scripts_classes[22m | ResearchCondition[39m[0m
[  26% ] [90m[1mupdate_scripts_classes[22m | ResearchPredicate[39m[0m
[  26% ] [90m[1mupdate_scripts_classes[22m | ResearchSignalCatalog[39m[0m
[  26% ] [90m[1mupdate_scripts_classes[22m | ResearchSignalDefinition[39m[0m
[  27% ] [90m[1mupdate_scripts_classes[22m | WeatherResearchSignalPublisher[39m[0m
[  27% ] [90m[1mupdate_scripts_classes[22m | DCTranspirationPass[39m[0m
[  27% ] [90m[1mupdate_scripts_classes[22m | DCClimateMath[39m[0m
[  27% ] [90m[1mupdate_scripts_classes[22m | DCClimatePassA[39m[0m
[  27% ] [90m[1mupdate_scripts_classes[22m | DCClimatePassB[39m[0m
[  27% ] [90m[1mupdate_scripts_classes[22m | DCWindHeatTransport[39m[0m
[  28% ] [90m[1mupdate_scripts_classes[22m | DCOceanLandPass[39m[0m
[  28% ] [90m[1mupdate_scripts_classes[22m | DCOceanWaterPass[39m[0m
[  28% ] [90m[1mupdate_scripts_classes[22m | DCSeaIceDailyPass[39m[0m
[  28% ] [90m[1mupdate_scripts_classes[22m | NativeDailySimJob[39m[0m
[  28% ] [90m[1mupdate_scripts_classes[22m | OceanCurrentsJob[39m[0m
[  28% ] [90m[1mupdate_scripts_classes[22m | WeatherRefreshJob[39m[0m
[  29% ] [90m[1mupdate_scripts_classes[22m | SusJob[39m[0m
[  29% ] [90m[1mupdate_scripts_classes[22m | SusPolicy[39m[0m
[  29% ] [90m[1mupdate_scripts_classes[22m | SlicedUpdateScheduler[39m[0m
[  29% ] [90m[1mupdate_scripts_classes[22m | SusTickContext[39m[0m
[  29% ] [90m[1mupdate_scripts_classes[22m | BioOccupancyDailySystem[39m[0m
[  29% ] [90m[1mupdate_scripts_classes[22m | ClimateDailySystem[39m[0m
[  30% ] [90m[1mupdate_scripts_classes[22m | CountryDailySystem[39m[0m
[  30% ] [90m[1mupdate_scripts_classes[22m | DynamicVisualAtlasUploadSystem[39m[0m
[  30% ] [90m[1mupdate_scripts_classes[22m | EconomyDailySystem[39m[0m
[  30% ] [90m[1mupdate_scripts_classes[22m | EffectRuntimeSystem[39m[0m
[  30% ] [90m[1mupdate_scripts_classes[22m | EnumAtlasUploadSystem[39m[0m
[  30% ] [90m[1mupdate_scripts_classes[22m | GameplayEffectSystem[39m[0m
[  31% ] [90m[1mupdate_scripts_classes[22m | IdeologyRuntimeSystem[39m[0m
[  31% ] [90m[1mupdate_scripts_classes[22m | ModifierDailySystem[39m[0m
[  31% ] [90m[1mupdate_scripts_classes[22m | NativeEnvironmentRuntimeSystem[39m[0m
[  31% ] [90m[1mupdate_scripts_classes[22m | NaturalResourceDailySystem[39m[0m
[  31% ] [90m[1mupdate_scripts_classes[22m | OceanCurrentsSystem[39m[0m
[  31% ] [90m[1mupdate_scripts_classes[22m | SeasonRefreshSystem[39m[0m
[  32% ] [90m[1mupdate_scripts_classes[22m | SeaIceDailySystem[39m[0m
[  32% ] [90m[1mupdate_scripts_classes[22m | TriggerDailySystem[39m[0m
[  32% ] [90m[1mupdate_scripts_classes[22m | WeatherDCSystem[39m[0m
[  32% ] [90m[1mupdate_scripts_classes[22m | TechnologyAuthoringCatalogIndex[39m[0m
[  32% ] [90m[1mupdate_scripts_classes[22m | TechnologyAuthoringModel[39m[0m
[  32% ] [90m[1mupdate_scripts_classes[22m | TechnologyAuthoringService[39m[0m
[  33% ] [90m[1mupdate_scripts_classes[22m | TechnologyNetworkValidator[39m[0m
[  33% ] [90m[1mupdate_scripts_classes[22m | [39m[0m
[  33% ] [90m[1mupdate_scripts_classes[22m | [39m[0m
[  33% ] [90m[1mupdate_scripts_classes[22m | [39m[0m
[  33% ] [90m[1mupdate_scripts_classes[22m | DCSoakABRunner[39m[0m
[  33% ] [90m[1mupdate_scripts_classes[22m | DCSoakDump[39m[0m
[  34% ] [90m[1mupdate_scripts_classes[22m | StageCMetrics[39m[0m
[  34% ] [90m[1mupdate_scripts_classes[22m | TriggerCatalog[39m[0m
[  34% ] [90m[1mupdate_scripts_classes[22m | TriggerDefinition[39m[0m
[  34% ] [90m[1mupdate_scripts_classes[22m | TriggerEffect[39m[0m
[  34% ] [90m[1mupdate_scripts_classes[22m | TriggerFacade[39m[0m
[  34% ] [90m[1mupdate_scripts_classes[22m | ArchivalSurface[39m[0m
[  35% ] [90m[1mupdate_scripts_classes[22m | BadgeRow[39m[0m
[  35% ] [90m[1mupdate_scripts_classes[22m | BuildingList[39m[0m
[  35% ] [90m[1mupdate_scripts_classes[22m | CategoryTabs[39m[0m
[  35% ] [90m[1mupdate_scripts_classes[22m | CohortList[39m[0m
[  35% ] [90m[1mupdate_scripts_classes[22m | ColonizationFamilyRow[39m[0m
[  35% ] [90m[1mupdate_scripts_classes[22m | ColonizationPlannerPanel[39m[0m
[  36% ] [90m[1mupdate_scripts_classes[22m | ConstructionOptionRow[39m[0m
[  36% ] [90m[1mupdate_scripts_classes[22m | ConstructionPicker[39m[0m
[  36% ] [90m[1mupdate_scripts_classes[22m | CountryActionBar[39m[0m
[  36% ] [90m[1mupdate_scripts_classes[22m | CountryPanel[39m[0m
[  36% ] [90m[1mupdate_scripts_classes[22m | EconomyWorkspace[39m[0m
[  36% ] [90m[1mupdate_scripts_classes[22m | EraRewardChoice[39m[0m
[  37% ] [90m[1mupdate_scripts_classes[22m | FamilyList[39m[0m
[  37% ] [90m[1mupdate_scripts_classes[22m | FamilyWorkspace[39m[0m
[  37% ] [90m[1mupdate_scripts_classes[22m | GaugeBar[39m[0m
[  37% ] [90m[1mupdate_scripts_classes[22m | IconBadge[39m[0m
[  37% ] [90m[1mupdate_scripts_classes[22m | IconButton[39m[0m
[  37% ] [90m[1mupdate_scripts_classes[22m | IdeologyIdeaRow[39m[0m
[  37% ] [90m[1mupdate_scripts_classes[22m | IdeologyOfferChoice[39m[0m
[  38% ] [90m[1mupdate_scripts_classes[22m | IdeologyWorkspace[39m[0m
[  38% ] [90m[1mupdate_scripts_classes[22m | InsightList[39m[0m
[  38% ] [90m[1mupdate_scripts_classes[22m | InspectorPanel[39m[0m
[  38% ] [90m[1mupdate_scripts_classes[22m | [39m[0m
[  38% ] [90m[1mupdate_scripts_classes[22m | MapOverlayToolbar[39m[0m
[  38% ] [90m[1mupdate_scripts_classes[22m | MarketList[39m[0m
[  39% ] [90m[1mupdate_scripts_classes[22m | MetricCard[39m[0m
[  39% ] [90m[1mupdate_scripts_classes[22m | ObjectDetailDialog[39m[0m
[  39% ] [90m[1mupdate_scripts_classes[22m | PauseMenu[39m[0m
[  39% ] [90m[1mupdate_scripts_classes[22m | PlayerTopBar[39m[0m
[  39% ] [90m[1mupdate_scripts_classes[22m | ProcurementBudgetSlider[39m[0m
[  39% ] [90m[1mupdate_scripts_classes[22m | RadialGauge[39m[0m
[  40% ] [90m[1mupdate_scripts_classes[22m | ResearchToast[39m[0m
[  40% ] [90m[1mupdate_scripts_classes[22m | ResearchWeightDial[39m[0m
[  40% ] [90m[1mupdate_scripts_classes[22m | ResourceList[39m[0m
[  40% ] [90m[1mupdate_scripts_classes[22m | SectionPlaceholderScreen[39m[0m
[  40% ] [90m[1mupdate_scripts_classes[22m | SetupFieldRow[39m[0m
[  40% ] [90m[1mupdate_scripts_classes[22m | SparklineChart[39m[0m
[  41% ] [90m[1mupdate_scripts_classes[22m | TaxLaneEditor[39m[0m
[  41% ] [90m[1mupdate_scripts_classes[22m | TechnologyAvailableView[39m[0m
[  41% ] [90m[1mupdate_scripts_classes[22m | TechnologyDetailCard[39m[0m
[  41% ] [90m[1mupdate_scripts_classes[22m | TechnologyOverviewView[39m[0m
[  41% ] [90m[1mupdate_scripts_classes[22m | TechnologyQueueDropZone[39m[0m
[  41% ] [90m[1mupdate_scripts_classes[22m | TechnologyQueueRow[39m[0m
[  42% ] [90m[1mupdate_scripts_classes[22m | TechnologyTreeView[39m[0m
[  42% ] [90m[1mupdate_scripts_classes[22m | TechnologyWorkspace[39m[0m
[  42% ] [90m[1mupdate_scripts_classes[22m | WorldLoadingOverlay[39m[0m
[  42% ] [90m[1mupdate_scripts_classes[22m | CellInspectorViewModel[39m[0m
[  42% ] [90m[1mupdate_scripts_classes[22m | ChartAdapter[39m[0m
[  42% ] [90m[1mupdate_scripts_classes[22m | CountryViewModel[39m[0m
[  43% ] [90m[1mupdate_scripts_classes[22m | DebugConsole[39m[0m
[  43% ] [90m[1mupdate_scripts_classes[22m | EconomyDataRecorder[39m[0m
[  43% ] [90m[1mupdate_scripts_classes[22m | EraRewardDialog[39m[0m
[  43% ] [90m[1mupdate_scripts_classes[22m | GameUIManager[39m[0m
[  43% ] [90m[1mupdate_scripts_classes[22m | GMPanelViewModel[39m[0m
[  43% ] [90m[1mupdate_scripts_classes[22m | IconCatalog[39m[0m
[  44% ] [90m[1mupdate_scripts_classes[22m | IconPresenter[39m[0m
[  44% ] [90m[1mupdate_scripts_classes[22m | InfoPanelController[39m[0m
[  44% ] [90m[1mupdate_scripts_classes[22m | [39m[0m
[  44% ] [90m[1mupdate_scripts_classes[22m | OverlayLegend[39m[0m
[  44% ] [90m[1mupdate_scripts_classes[22m | PerfMiniHUD[39m[0m
[  44% ] [90m[1mupdate_scripts_classes[22m | PerfRecorder[39m[0m
[  45% ] [90m[1mupdate_scripts_classes[22m | TechnologyTreeLayout[39m[0m
[  45% ] [90m[1mupdate_scripts_classes[22m | TileDataRecorder[39m[0m
[  45% ] [90m[1mupdate_scripts_classes[22m | UIAnimation[39m[0m
[  45% ] [90m[1mupdate_scripts_classes[22m | UITokens[39m[0m
[  45% ] [90m[1mupdate_scripts_classes[22m | [39m[0m
[  45% ] [90m[1mupdate_scripts_classes[22m | PKLog[39m[0m
[  46% ] [90m[1mupdate_scripts_classes[22m | DCWeatherFeedback[39m[0m
[  46% ] [90m[1mupdate_scripts_classes[22m | DCWeatherFieldSolver[39m[0m
[  46% ] [90m[1mupdate_scripts_classes[22m | DCWeatherFrontAdvect[39m[0m
[  46% ] [90m[1mupdate_scripts_classes[22m | DCWeatherFrontSpawn[39m[0m
[  46% ] [90m[1mupdate_scripts_classes[22m | DCWeatherSummaryBuilder[39m[0m
[  46% ] [90m[1mupdate_scripts_classes[22m | WeatherFront[39m[0m
[  47% ] [90m[1mupdate_scripts_classes[22m | WeatherSystem[39m[0m
[  47% ] [90m[1mupdate_scripts_classes[22m | WindBelt[39m[0m
[  47% ] [90m[1mupdate_scripts_classes[22m | [39m[0m
[  47% ] [90m[1mupdate_scripts_classes[22m | [39m[0m
[  47% ] [90m[1mupdate_scripts_classes[22m | [39m[0m
[  47% ] [90m[1mupdate_scripts_classes[22m | [39m[0m
[  48% ] [90m[1mupdate_scripts_classes[22m | [39m[0m
[  48% ] [90m[1mupdate_scripts_classes[22m | [39m[0m
[  48% ] [90m[1mupdate_scripts_classes[22m | [39m[0m
[  48% ] [90m[1mupdate_scripts_classes[22m | [39m[0m
[  48% ] [90m[1mupdate_scripts_classes[22m | [39m[0m
[  48% ] [90m[1mupdate_scripts_classes[22m | [39m[0m
[  49% ] [90m[1mupdate_scripts_classes[22m | [39m[0m
[  49% ] [90m[1mupdate_scripts_classes[22m | [39m[0m
[  49% ] [90m[1mupdate_scripts_classes[22m | [39m[0m
[  49% ] [90m[1mupdate_scripts_classes[22m | [39m[0m
[  49% ] [90m[1mupdate_scripts_classes[22m | [39m[0m
[  49% ] [90m[1mupdate_scripts_classes[22m | [39m[0m
[  50% ] [90m[1mupdate_scripts_classes[22m | [39m[0m
[  50% ] [90m[1mupdate_scripts_classes[22m | [39m[0m
[  50% ] [90m[1mupdate_scripts_classes[22m | [39m[0m
[  50% ] [90m[1mupdate_scripts_classes[22m | [39m[0m
[  50% ] [90m[1mupdate_scripts_classes[22m | [39m[0m
[  50% ] [90m[1mupdate_scripts_classes[22m | [39m[0m
[  50% ] [90m[1mupdate_scripts_classes[22m | [39m[0m
[  51% ] [90m[1mupdate_scripts_classes[22m | [39m[0m
[  51% ] [90m[1mupdate_scripts_classes[22m | [39m[0m
[  51% ] [90m[1mupdate_scripts_classes[22m | [39m[0m
[  51% ] [90m[1mupdate_scripts_classes[22m | [39m[0m
[  51% ] [90m[1mupdate_scripts_classes[22m | [39m[0m
[  51% ] [90m[1mupdate_scripts_classes[22m | [39m[0m
[  52% ] [90m[1mupdate_scripts_classes[22m | [39m[0m
[  52% ] [90m[1mupdate_scripts_classes[22m | [39m[0m
[  52% ] [90m[1mupdate_scripts_classes[22m | [39m[0m
[  52% ] [90m[1mupdate_scripts_classes[22m | [39m[0m
[  52% ] [90m[1mupdate_scripts_classes[22m | [39m[0m
[  52% ] [90m[1mupdate_scripts_classes[22m | [39m[0m
[  53% ] [90m[1mupdate_scripts_classes[22m | [39m[0m
[  53% ] [90m[1mupdate_scripts_classes[22m | [39m[0m
[  53% ] [90m[1mupdate_scripts_classes[22m | [39m[0m
[  53% ] [90m[1mupdate_scripts_classes[22m | [39m[0m
[  53% ] [90m[1mupdate_scripts_classes[22m | [39m[0m
[  53% ] [90m[1mupdate_scripts_classes[22m | [39m[0m
[  54% ] [90m[1mupdate_scripts_classes[22m | [39m[0m
[  54% ] [90m[1mupdate_scripts_classes[22m | [39m[0m
[  54% ] [90m[1mupdate_scripts_classes[22m | [39m[0m
[  54% ] [90m[1mupdate_scripts_classes[22m | [39m[0m
[  54% ] [90m[1mupdate_scripts_classes[22m | [39m[0m
[  54% ] [90m[1mupdate_scripts_classes[22m | [39m[0m
[  55% ] [90m[1mupdate_scripts_classes[22m | [39m[0m
[  55% ] [90m[1mupdate_scripts_classes[22m | [39m[0m
[  55% ] [90m[1mupdate_scripts_classes[22m | [39m[0m
[  55% ] [90m[1mupdate_scripts_classes[22m | [39m[0m
[  55% ] [90m[1mupdate_scripts_classes[22m | [39m[0m
[  55% ] [90m[1mupdate_scripts_classes[22m | [39m[0m
[  56% ] [90m[1mupdate_scripts_classes[22m | [39m[0m
[  56% ] [90m[1mupdate_scripts_classes[22m | [39m[0m
[  56% ] [90m[1mupdate_scripts_classes[22m | [39m[0m
[  56% ] [90m[1mupdate_scripts_classes[22m | [39m[0m
[  56% ] [90m[1mupdate_scripts_classes[22m | [39m[0m
[  56% ] [90m[1mupdate_scripts_classes[22m | [39m[0m
[  57% ] [90m[1mupdate_scripts_classes[22m | [39m[0m
[  57% ] [90m[1mupdate_scripts_classes[22m | [39m[0m
[  57% ] [90m[1mupdate_scripts_classes[22m | [39m[0m
[  57% ] [90m[1mupdate_scripts_classes[22m | [39m[0m
[  57% ] [90m[1mupdate_scripts_classes[22m | [39m[0m
[  57% ] [90m[1mupdate_scripts_classes[22m | [39m[0m
[  58% ] [90m[1mupdate_scripts_classes[22m | [39m[0m
[  58% ] [90m[1mupdate_scripts_classes[22m | [39m[0m
[  58% ] [90m[1mupdate_scripts_classes[22m | [39m[0m
[  58% ] [90m[1mupdate_scripts_classes[22m | [39m[0m
[  58% ] [90m[1mupdate_scripts_classes[22m | [39m[0m
[  58% ] [90m[1mupdate_scripts_classes[22m | [39m[0m
[  59% ] [90m[1mupdate_scripts_classes[22m | [39m[0m
[  59% ] [90m[1mupdate_scripts_classes[22m | [39m[0m
[  59% ] [90m[1mupdate_scripts_classes[22m | [39m[0m
[  59% ] [90m[1mupdate_scripts_classes[22m | [39m[0m
[  59% ] [90m[1mupdate_scripts_classes[22m | [39m[0m
[  59% ] [90m[1mupdate_scripts_classes[22m | [39m[0m
[  60% ] [90m[1mupdate_scripts_classes[22m | [39m[0m
[  60% ] [90m[1mupdate_scripts_classes[22m | [39m[0m
[  60% ] [90m[1mupdate_scripts_classes[22m | [39m[0m
[  60% ] [90m[1mupdate_scripts_classes[22m | [39m[0m
[  60% ] [90m[1mupdate_scripts_classes[22m | [39m[0m
[  60% ] [90m[1mupdate_scripts_classes[22m | [39m[0m
[  61% ] [90m[1mupdate_scripts_classes[22m | [39m[0m
[  61% ] [90m[1mupdate_scripts_classes[22m | [39m[0m
[  61% ] [90m[1mupdate_scripts_classes[22m | [39m[0m
[  61% ] [90m[1mupdate_scripts_classes[22m | [39m[0m
[  61% ] [90m[1mupdate_scripts_classes[22m | [39m[0m
[  61% ] [90m[1mupdate_scripts_classes[22m | [39m[0m
[  62% ] [90m[1mupdate_scripts_classes[22m | [39m[0m
[  62% ] [90m[1mupdate_scripts_classes[22m | [39m[0m
[  62% ] [90m[1mupdate_scripts_classes[22m | [39m[0m
[  62% ] [90m[1mupdate_scripts_classes[22m | [39m[0m
[  62% ] [90m[1mupdate_scripts_classes[22m | [39m[0m
[  62% ] [90m[1mupdate_scripts_classes[22m | [39m[0m
[  62% ] [90m[1mupdate_scripts_classes[22m | [39m[0m
[  63% ] [90m[1mupdate_scripts_classes[22m | [39m[0m
[  63% ] [90m[1mupdate_scripts_classes[22m | [39m[0m
[  63% ] [90m[1mupdate_scripts_classes[22m | [39m[0m
[  63% ] [90m[1mupdate_scripts_classes[22m | [39m[0m
[  63% ] [90m[1mupdate_scripts_classes[22m | [39m[0m
[  63% ] [90m[1mupdate_scripts_classes[22m | [39m[0m
[  64% ] [90m[1mupdate_scripts_classes[22m | [39m[0m
[  64% ] [90m[1mupdate_scripts_classes[22m | [39m[0m
[  64% ] [90m[1mupdate_scripts_classes[22m | [39m[0m
[  64% ] [90m[1mupdate_scripts_classes[22m | [39m[0m
[  64% ] [90m[1mupdate_scripts_classes[22m | [39m[0m
[  64% ] [90m[1mupdate_scripts_classes[22m | [39m[0m
[  65% ] [90m[1mupdate_scripts_classes[22m | [39m[0m
[  65% ] [90m[1mupdate_scripts_classes[22m | [39m[0m
[  65% ] [90m[1mupdate_scripts_classes[22m | [39m[0m
[  65% ] [90m[1mupdate_scripts_classes[22m | [39m[0m
[  65% ] [90m[1mupdate_scripts_classes[22m | [39m[0m
[  65% ] [90m[1mupdate_scripts_classes[22m | [39m[0m
[  66% ] [90m[1mupdate_scripts_classes[22m | [39m[0m
[  66% ] [90m[1mupdate_scripts_classes[22m | [39m[0m
[  66% ] [90m[1mupdate_scripts_classes[22m | [39m[0m
[  66% ] [90m[1mupdate_scripts_classes[22m | [39m[0m
[  66% ] [90m[1mupdate_scripts_classes[22m | [39m[0m
[  66% ] [90m[1mupdate_scripts_classes[22m | [39m[0m
[  67% ] [90m[1mupdate_scripts_classes[22m | [39m[0m
[  67% ] [90m[1mupdate_scripts_classes[22m | [39m[0m
[  67% ] [90m[1mupdate_scripts_classes[22m | [39m[0m
[  67% ] [90m[1mupdate_scripts_classes[22m | [39m[0m
[  67% ] [90m[1mupdate_scripts_classes[22m | [39m[0m
[  67% ] [90m[1mupdate_scripts_classes[22m | [39m[0m
[  68% ] [90m[1mupdate_scripts_classes[22m | [39m[0m
[  68% ] [90m[1mupdate_scripts_classes[22m | [39m[0m
[  68% ] [90m[1mupdate_scripts_classes[22m | [39m[0m
[  68% ] [90m[1mupdate_scripts_classes[22m | [39m[0m
[  68% ] [90m[1mupdate_scripts_classes[22m | [39m[0m
[  68% ] [90m[1mupdate_scripts_classes[22m | [39m[0m
[  69% ] [90m[1mupdate_scripts_classes[22m | [39m[0m
[  69% ] [90m[1mupdate_scripts_classes[22m | [39m[0m
[  69% ] [90m[1mupdate_scripts_classes[22m | [39m[0m
[  69% ] [90m[1mupdate_scripts_classes[22m | [39m[0m
[  69% ] [90m[1mupdate_scripts_classes[22m | [39m[0m
[  69% ] [90m[1mupdate_scripts_classes[22m | [39m[0m
[  70% ] [90m[1mupdate_scripts_classes[22m | [39m[0m
[  70% ] [90m[1mupdate_scripts_classes[22m | [39m[0m
[  70% ] [90m[1mupdate_scripts_classes[22m | [39m[0m
[  70% ] [90m[1mupdate_scripts_classes[22m | [39m[0m
[  70% ] [90m[1mupdate_scripts_classes[22m | [39m[0m
[  70% ] [90m[1mupdate_scripts_classes[22m | [39m[0m
[  71% ] [90m[1mupdate_scripts_classes[22m | [39m[0m
[  71% ] [90m[1mupdate_scripts_classes[22m | [39m[0m
[  71% ] [90m[1mupdate_scripts_classes[22m | [39m[0m
[  71% ] [90m[1mupdate_scripts_classes[22m | [39m[0m
[  71% ] [90m[1mupdate_scripts_classes[22m | [39m[0m
[  71% ] [90m[1mupdate_scripts_classes[22m | [39m[0m
[  72% ] [90m[1mupdate_scripts_classes[22m | [39m[0m
[  72% ] [90m[1mupdate_scripts_classes[22m | [39m[0m
[  72% ] [90m[1mupdate_scripts_classes[22m | [39m[0m
[  72% ] [90m[1mupdate_scripts_classes[22m | [39m[0m
[  72% ] [90m[1mupdate_scripts_classes[22m | [39m[0m
[  72% ] [90m[1mupdate_scripts_classes[22m | [39m[0m
[  73% ] [90m[1mupdate_scripts_classes[22m | [39m[0m
[  73% ] [90m[1mupdate_scripts_classes[22m | [39m[0m
[  73% ] [90m[1mupdate_scripts_classes[22m | [39m[0m
[  73% ] [90m[1mupdate_scripts_classes[22m | [39m[0m
[  73% ] [90m[1mupdate_scripts_classes[22m | [39m[0m
[  73% ] [90m[1mupdate_scripts_classes[22m | [39m[0m
[  74% ] [90m[1mupdate_scripts_classes[22m | [39m[0m
[  74% ] [90m[1mupdate_scripts_classes[22m | [39m[0m
[  74% ] [90m[1mupdate_scripts_classes[22m | [39m[0m
[  74% ] [90m[1mupdate_scripts_classes[22m | [39m[0m
[  74% ] [90m[1mupdate_scripts_classes[22m | [39m[0m
[  74% ] [90m[1mupdate_scripts_classes[22m | [39m[0m
[  75% ] [90m[1mupdate_scripts_classes[22m | [39m[0m
[  75% ] [90m[1mupdate_scripts_classes[22m | [39m[0m
[  75% ] [90m[1mupdate_scripts_classes[22m | [39m[0m
[  75% ] [90m[1mupdate_scripts_classes[22m | [39m[0m
[  75% ] [90m[1mupdate_scripts_classes[22m | [39m[0m
[  75% ] [90m[1mupdate_scripts_classes[22m | [39m[0m
[  75% ] [90m[1mupdate_scripts_classes[22m | [39m[0m
[  76% ] [90m[1mupdate_scripts_classes[22m | [39m[0m
[  76% ] [90m[1mupdate_scripts_classes[22m | [39m[0m
[  76% ] [90m[1mupdate_scripts_classes[22m | [39m[0m
[  76% ] [90m[1mupdate_scripts_classes[22m | [39m[0m
[  76% ] [90m[1mupdate_scripts_classes[22m | [39m[0m
[  76% ] [90m[1mupdate_scripts_classes[22m | [39m[0m
[  77% ] [90m[1mupdate_scripts_classes[22m | [39m[0m
[  77% ] [90m[1mupdate_scripts_classes[22m | [39m[0m
[  77% ] [90m[1mupdate_scripts_classes[22m | [39m[0m
[  77% ] [90m[1mupdate_scripts_classes[22m | [39m[0m
[  77% ] [90m[1mupdate_scripts_classes[22m | [39m[0m
[  77% ] [90m[1mupdate_scripts_classes[22m | [39m[0m
[  78% ] [90m[1mupdate_scripts_classes[22m | [39m[0m
[  78% ] [90m[1mupdate_scripts_classes[22m | [39m[0m
[  78% ] [90m[1mupdate_scripts_classes[22m | [39m[0m
[  78% ] [90m[1mupdate_scripts_classes[22m | [39m[0m
[  78% ] [90m[1mupdate_scripts_classes[22m | [39m[0m
[  78% ] [90m[1mupdate_scripts_classes[22m | [39m[0m
[  79% ] [90m[1mupdate_scripts_classes[22m | [39m[0m
[  79% ] [90m[1mupdate_scripts_classes[22m | [39m[0m
[  79% ] [90m[1mupdate_scripts_classes[22m | [39m[0m
[  79% ] [90m[1mupdate_scripts_classes[22m | [39m[0m
[  79% ] [90m[1mupdate_scripts_classes[22m | [39m[0m
[  79% ] [90m[1mupdate_scripts_classes[22m | [39m[0m
[  80% ] [90m[1mupdate_scripts_classes[22m | [39m[0m
[  80% ] [90m[1mupdate_scripts_classes[22m | [39m[0m
[  80% ] [90m[1mupdate_scripts_classes[22m | [39m[0m
[  80% ] [90m[1mupdate_scripts_classes[22m | [39m[0m
[  80% ] [90m[1mupdate_scripts_classes[22m | [39m[0m
[  80% ] [90m[1mupdate_scripts_classes[22m | [39m[0m
[  81% ] [90m[1mupdate_scripts_classes[22m | [39m[0m
[  81% ] [90m[1mupdate_scripts_classes[22m | [39m[0m
[  81% ] [90m[1mupdate_scripts_classes[22m | [39m[0m
[  81% ] [90m[1mupdate_scripts_classes[22m | [39m[0m
[  81% ] [90m[1mupdate_scripts_classes[22m | [39m[0m
[  81% ] [90m[1mupdate_scripts_classes[22m | [39m[0m
[  82% ] [90m[1mupdate_scripts_classes[22m | [39m[0m
[  82% ] [90m[1mupdate_scripts_classes[22m | [39m[0m
[  82% ] [90m[1mupdate_scripts_classes[22m | [39m[0m
[  82% ] [90m[1mupdate_scripts_classes[22m | [39m[0m
[  82% ] [90m[1mupdate_scripts_classes[22m | [39m[0m
[  82% ] [90m[1mupdate_scripts_classes[22m | [39m[0m
[  83% ] [90m[1mupdate_scripts_classes[22m | [39m[0m
[  83% ] [90m[1mupdate_scripts_classes[22m | [39m[0m
[  83% ] [90m[1mupdate_scripts_classes[22m | [39m[0m
[  83% ] [90m[1mupdate_scripts_classes[22m | [39m[0m
[  83% ] [90m[1mupdate_scripts_classes[22m | [39m[0m
[  83% ] [90m[1mupdate_scripts_classes[22m | [39m[0m
[  84% ] [90m[1mupdate_scripts_classes[22m | [39m[0m
[  84% ] [90m[1mupdate_scripts_classes[22m | [39m[0m
[  84% ] [90m[1mupdate_scripts_classes[22m | [39m[0m
[  84% ] [90m[1mupdate_scripts_classes[22m | [39m[0m
[  84% ] [90m[1mupdate_scripts_classes[22m | [39m[0m
[  84% ] [90m[1mupdate_scripts_classes[22m | [39m[0m
[  85% ] [90m[1mupdate_scripts_classes[22m | [39m[0m
[  85% ] [90m[1mupdate_scripts_classes[22m | [39m[0m
[  85% ] [90m[1mupdate_scripts_classes[22m | [39m[0m
[  85% ] [90m[1mupdate_scripts_classes[22m | [39m[0m
[  85% ] [90m[1mupdate_scripts_classes[22m | [39m[0m
[  85% ] [90m[1mupdate_scripts_classes[22m | [39m[0m
[  86% ] [90m[1mupdate_scripts_classes[22m | [39m[0m
[  86% ] [90m[1mupdate_scripts_classes[22m | [39m[0m
[  86% ] [90m[1mupdate_scripts_classes[22m | [39m[0m
[  86% ] [90m[1mupdate_scripts_classes[22m | [39m[0m
[  86% ] [90m[1mupdate_scripts_classes[22m | [39m[0m
[  86% ] [90m[1mupdate_scripts_classes[22m | [39m[0m
[  87% ] [90m[1mupdate_scripts_classes[22m | [39m[0m
[  87% ] [90m[1mupdate_scripts_classes[22m | [39m[0m
[  87% ] [90m[1mupdate_scripts_classes[22m | [39m[0m
[  87% ] [90m[1mupdate_scripts_classes[22m | [39m[0m
[  87% ] [90m[1mupdate_scripts_classes[22m | [39m[0m
[  87% ] [90m[1mupdate_scripts_classes[22m | [39m[0m
[  87% ] [90m[1mupdate_scripts_classes[22m | [39m[0m
[  88% ] [90m[1mupdate_scripts_classes[22m | [39m[0m
[  88% ] [90m[1mupdate_scripts_classes[22m | [39m[0m
[  88% ] [90m[1mupdate_scripts_classes[22m | [39m[0m
[  88% ] [90m[1mupdate_scripts_classes[22m | [39m[0m
[  88% ] [90m[1mupdate_scripts_classes[22m | [39m[0m
[  88% ] [90m[1mupdate_scripts_classes[22m | [39m[0m
[  89% ] [90m[1mupdate_scripts_classes[22m | [39m[0m
[  89% ] [90m[1mupdate_scripts_classes[22m | [39m[0m
[  89% ] [90m[1mupdate_scripts_classes[22m | [39m[0m
[  89% ] [90m[1mupdate_scripts_classes[22m | [39m[0m
[  89% ] [90m[1mupdate_scripts_classes[22m | [39m[0m
[  89% ] [90m[1mupdate_scripts_classes[22m | [39m[0m
[  90% ] [90m[1mupdate_scripts_classes[22m | [39m[0m
[  90% ] [90m[1mupdate_scripts_classes[22m | [39m[0m
[  90% ] [90m[1mupdate_scripts_classes[22m | [39m[0m
[  90% ] [90m[1mupdate_scripts_classes[22m | [39m[0m
[  90% ] [90m[1mupdate_scripts_classes[22m | [39m[0m
[  90% ] [90m[1mupdate_scripts_classes[22m | [39m[0m
[  91% ] [90m[1mupdate_scripts_classes[22m | [39m[0m
[  91% ] [90m[1mupdate_scripts_classes[22m | [39m[0m
[  91% ] [90m[1mupdate_scripts_classes[22m | [39m[0m
[  91% ] [90m[1mupdate_scripts_classes[22m | [39m[0m
[  91% ] [90m[1mupdate_scripts_classes[22m | [39m[0m
[  91% ] [90m[1mupdate_scripts_classes[22m | [39m[0m
[  92% ] [90m[1mupdate_scripts_classes[22m | [39m[0m
[  92% ] [90m[1mupdate_scripts_classes[22m | [39m[0m
[  92% ] [90m[1mupdate_scripts_classes[22m | [39m[0m
[  92% ] [90m[1mupdate_scripts_classes[22m | [39m[0m
[  92% ] [90m[1mupdate_scripts_classes[22m | [39m[0m
[  92% ] [90m[1mupdate_scripts_classes[22m | [39m[0m
[  93% ] [90m[1mupdate_scripts_classes[22m | [39m[0m
[  93% ] [90m[1mupdate_scripts_classes[22m | [39m[0m
[  93% ] [90m[1mupdate_scripts_classes[22m | [39m[0m
[  93% ] [90m[1mupdate_scripts_classes[22m | [39m[0m
[  93% ] [90m[1mupdate_scripts_classes[22m | [39m[0m
[  93% ] [90m[1mupdate_scripts_classes[22m | [39m[0m
[  94% ] [90m[1mupdate_scripts_classes[22m | [39m[0m
[  94% ] [90m[1mupdate_scripts_classes[22m | [39m[0m
[  94% ] [90m[1mupdate_scripts_classes[22m | [39m[0m
[  94% ] [90m[1mupdate_scripts_classes[22m | [39m[0m
[  94% ] [90m[1mupdate_scripts_classes[22m | [39m[0m
[  94% ] [90m[1mupdate_scripts_classes[22m | [39m[0m
[  95% ] [90m[1mupdate_scripts_classes[22m | [39m[0m
[  95% ] [90m[1mupdate_scripts_classes[22m | [39m[0m
[  95% ] [90m[1mupdate_scripts_classes[22m | [39m[0m
[  95% ] [90m[1mupdate_scripts_classes[22m | [39m[0m
[  95% ] [90m[1mupdate_scripts_classes[22m | [39m[0m
[  95% ] [90m[1mupdate_scripts_classes[22m | [39m[0m
[  96% ] [90m[1mupdate_scripts_classes[22m | [39m[0m
[  96% ] [90m[1mupdate_scripts_classes[22m | DemoEcsJob[39m[0m
[  96% ] [90m[1mupdate_scripts_classes[22m | [39m[0m
[  96% ] [90m[1mupdate_scripts_classes[22m | DemoEcsScheduler[39m[0m
[  96% ] [90m[1mupdate_scripts_classes[22m | [39m[0m
[  96% ] [90m[1mupdate_scripts_classes[22m | [39m[0m
[  97% ] [90m[1mupdate_scripts_classes[22m | [39m[0m
[  97% ] [90m[1mupdate_scripts_classes[22m | [39m[0m
[  97% ] [90m[1mupdate_scripts_classes[22m | [39m[0m
[  97% ] [90m[1mupdate_scripts_classes[22m | [39m[0m
[  97% ] [90m[1mupdate_scripts_classes[22m | [39m[0m
[  97% ] [90m[1mupdate_scripts_classes[22m | [39m[0m
[  98% ] [90m[1mupdate_scripts_classes[22m | DCMigrationOps[39m[0m
[  98% ] [90m[1mupdate_scripts_classes[22m | DCSchemaMigrations[39m[0m
[  98% ] [90m[1mupdate_scripts_classes[22m | [39m[0m
[  98% ] [90m[1mupdate_scripts_classes[22m | [39m[0m
[  98% ] [90m[1mupdate_scripts_classes[22m | [39m[0m
[  98% ] [90m[1mupdate_scripts_classes[22m | [39m[0m
[  99% ] [90m[1mupdate_scripts_classes[22m | [39m[0m
[  99% ] [90m[1mupdate_scripts_classes[22m | [39m[0m
[  99% ] [90m[1mupdate_scripts_classes[22m | [39m[0m
[  99% ] [90m[1mupdate_scripts_classes[22m | [39m[0m
[  99% ] [90m[1mupdate_scripts_classes[22m | [39m[0m
[92m[ DONE ][39m [1mupdate_scripts_classes[22m
[0m
[   0% ] [90m[1m_update_scan_actions[22m | Started 正在扫描动作…… (171 steps)[39m[0m
[   0% ] [90m[1m_update_scan_actions[22m | dyn_lut.png[39m[0m
[   0% ] [90m[1m_update_scan_actions[22m | enum_lut.png[39m[0m
[   1% ] [90m[1m_update_scan_actions[22m | building_albedo.png[39m[0m
[   1% ] [90m[1m_update_scan_actions[22m | building_surface.png[39m[0m
[   2% ] [90m[1m_update_scan_actions[22m | early_agriculture_v0.svg[39m[0m
[   2% ] [90m[1m_update_scan_actions[22m | early_agriculture_v1.svg[39m[0m
[   3% ] [90m[1m_update_scan_actions[22m | early_agriculture_v2.svg[39m[0m
[   4% ] [90m[1m_update_scan_actions[22m | early_energy_v0.svg[39m[0m
[   4% ] [90m[1m_update_scan_actions[22m | early_energy_v1.svg[39m[0m
[   5% ] [90m[1m_update_scan_actions[22m | early_energy_v2.svg[39m[0m
[   5% ] [90m[1m_update_scan_actions[22m | early_extractive_v0.svg[39m[0m
[   6% ] [90m[1m_update_scan_actions[22m | early_extractive_v1.svg[39m[0m
[   6% ] [90m[1m_update_scan_actions[22m | early_extractive_v2.svg[39m[0m
[   7% ] [90m[1m_update_scan_actions[22m | early_knowledge_v0.svg[39m[0m
[   8% ] [90m[1m_update_scan_actions[22m | early_knowledge_v1.svg[39m[0m
[   8% ] [90m[1m_update_scan_actions[22m | early_knowledge_v2.svg[39m[0m
[   9% ] [90m[1m_update_scan_actions[22m | early_manufacturing_v0.svg[39m[0m
[   9% ] [90m[1m_update_scan_actions[22m | early_manufacturing_v1.svg[39m[0m
[  10% ] [90m[1m_update_scan_actions[22m | early_manufacturing_v2.svg[39m[0m
[  11% ] [90m[1m_update_scan_actions[22m | early_service_v0.svg[39m[0m
[  11% ] [90m[1m_update_scan_actions[22m | early_service_v1.svg[39m[0m
[  12% ] [90m[1m_update_scan_actions[22m | early_service_v2.svg[39m[0m
[  12% ] [90m[1m_update_scan_actions[22m | industrial_agriculture_v0.svg[39m[0m
[  13% ] [90m[1m_update_scan_actions[22m | industrial_agriculture_v1.svg[39m[0m
[  13% ] [90m[1m_update_scan_actions[22m | industrial_agriculture_v2.svg[39m[0m
[  14% ] [90m[1m_update_scan_actions[22m | industrial_energy_v0.svg[39m[0m
[  15% ] [90m[1m_update_scan_actions[22m | industrial_energy_v1.svg[39m[0m
[  15% ] [90m[1m_update_scan_actions[22m | industrial_energy_v2.svg[39m[0m
[  16% ] [90m[1m_update_scan_actions[22m | industrial_extractive_v0.svg[39m[0m
[  16% ] [90m[1m_update_scan_actions[22m | industrial_extractive_v1.svg[39m[0m
[  17% ] [90m[1m_update_scan_actions[22m | industrial_extractive_v2.svg[39m[0m
[  18% ] [90m[1m_update_scan_actions[22m | industrial_knowledge_v0.svg[39m[0m
[  18% ] [90m[1m_update_scan_actions[22m | industrial_knowledge_v1.svg[39m[0m
[  19% ] [90m[1m_update_scan_actions[22m | industrial_knowledge_v2.svg[39m[0m
[  19% ] [90m[1m_update_scan_actions[22m | industrial_manufacturing_v0.svg[39m[0m
[  20% ] [90m[1m_update_scan_actions[22m | industrial_manufacturing_v1.svg[39m[0m
[  20% ] [90m[1m_update_scan_actions[22m | industrial_manufacturing_v2.svg[39m[0m
[  21% ] [90m[1m_update_scan_actions[22m | industrial_service_v0.svg[39m[0m
[  22% ] [90m[1m_update_scan_actions[22m | industrial_service_v1.svg[39m[0m
[  22% ] [90m[1m_update_scan_actions[22m | industrial_service_v2.svg[39m[0m
[  23% ] [90m[1m_update_scan_actions[22m | masonry_agriculture_v0.svg[39m[0m
[  23% ] [90m[1m_update_scan_actions[22m | masonry_agriculture_v1.svg[39m[0m
[  24% ] [90m[1m_update_scan_actions[22m | masonry_agriculture_v2.svg[39m[0m
[  25% ] [90m[1m_update_scan_actions[22m | masonry_energy_v0.svg[39m[0m
[  25% ] [90m[1m_update_scan_actions[22m | masonry_energy_v1.svg[39m[0m
[  26% ] [90m[1m_update_scan_actions[22m | masonry_energy_v2.svg[39m[0m
[  26% ] [90m[1m_update_scan_actions[22m | masonry_extractive_v0.svg[39m[0m
[  27% ] [90m[1m_update_scan_actions[22m | masonry_extractive_v1.svg[39m[0m
[  27% ] [90m[1m_update_scan_actions[22m | masonry_extractive_v2.svg[39m[0m
[  28% ] [90m[1m_update_scan_actions[22m | masonry_knowledge_v0.svg[39m[0m
[  29% ] [90m[1m_update_scan_actions[22m | masonry_knowledge_v1.svg[39m[0m
[  29% ] [90m[1m_update_scan_actions[22m | masonry_knowledge_v2.svg[39m[0m
[  30% ] [90m[1m_update_scan_actions[22m | masonry_manufacturing_v0.svg[39m[0m
[  30% ] [90m[1m_update_scan_actions[22m | masonry_manufacturing_v1.svg[39m[0m
[  31% ] [90m[1m_update_scan_actions[22m | masonry_manufacturing_v2.svg[39m[0m
[  31% ] [90m[1m_update_scan_actions[22m | masonry_service_v0.svg[39m[0m
[  32% ] [90m[1m_update_scan_actions[22m | masonry_service_v1.svg[39m[0m
[  33% ] [90m[1m_update_scan_actions[22m | masonry_service_v2.svg[39m[0m
[  33% ] [90m[1m_update_scan_actions[22m | modern_agriculture_v0.svg[39m[0m
[  34% ] [90m[1m_update_scan_actions[22m | modern_agriculture_v1.svg[39m[0m
[  34% ] [90m[1m_update_scan_actions[22m | modern_agriculture_v2.svg[39m[0m
[  35% ] [90m[1m_update_scan_actions[22m | modern_energy_v0.svg[39m[0m
[  36% ] [90m[1m_update_scan_actions[22m | modern_energy_v1.svg[39m[0m
[  36% ] [90m[1m_update_scan_actions[22m | modern_energy_v2.svg[39m[0m
[  37% ] [90m[1m_update_scan_actions[22m | modern_extractive_v0.svg[39m[0m
[  37% ] [90m[1m_update_scan_actions[22m | modern_extractive_v1.svg[39m[0m
[  38% ] [90m[1m_update_scan_actions[22m | modern_extractive_v2.svg[39m[0m
[  38% ] [90m[1m_update_scan_actions[22m | modern_knowledge_v0.svg[39m[0m
[  39% ] [90m[1m_update_scan_actions[22m | modern_knowledge_v1.svg[39m[0m
[  40% ] [90m[1m_update_scan_actions[22m | modern_knowledge_v2.svg[39m[0m
[  40% ] [90m[1m_update_scan_actions[22m | modern_manufacturing_v0.svg[39m[0m
[  41% ] [90m[1m_update_scan_actions[22m | modern_manufacturing_v1.svg[39m[0m
[  41% ] [90m[1m_update_scan_actions[22m | modern_manufacturing_v2.svg[39m[0m
[  42% ] [90m[1m_update_scan_actions[22m | modern_service_v0.svg[39m[0m
[  43% ] [90m[1m_update_scan_actions[22m | modern_service_v1.svg[39m[0m
[  43% ] [90m[1m_update_scan_actions[22m | modern_service_v2.svg[39m[0m
[  44% ] [90m[1m_update_scan_actions[22m | fa-solid-900.woff2[39m[0m
[  44% ] [90m[1m_update_scan_actions[22m | SourceHanSansCN-VF.woff2[39m[0m
[  45% ] [90m[1m_update_scan_actions[22m | SourceHanSerifCN-Regular.otf[39m[0m
[  45% ] [90m[1m_update_scan_actions[22m | diplomacy.svg[39m[0m
[  46% ] [90m[1m_update_scan_actions[22m | military.svg[39m[0m
[  47% ] [90m[1m_update_scan_actions[22m | politics.svg[39m[0m
[  47% ] [90m[1m_update_scan_actions[22m | taxation.svg[39m[0m
[  48% ] [90m[1m_update_scan_actions[22m | technology.svg[39m[0m
[  48% ] [90m[1m_update_scan_actions[22m | affairs.svg[39m[0m
[  49% ] [90m[1m_update_scan_actions[22m | goods.svg[39m[0m
[  50% ] [90m[1m_update_scan_actions[22m | technology.svg[39m[0m
[  50% ] [90m[1m_update_scan_actions[22m | territory.svg[39m[0m
[  51% ] [90m[1m_update_scan_actions[22m | treasury.svg[39m[0m
[  51% ] [90m[1m_update_scan_actions[22m | dry_sand.png[39m[0m
[  52% ] [90m[1m_update_scan_actions[22m | organic.png[39m[0m
[  52% ] [90m[1m_update_scan_actions[22m | rock.png[39m[0m
[  53% ] [90m[1m_update_scan_actions[22m | snow_wet.png[39m[0m
[  54% ] [90m[1m_update_scan_actions[22m | terrain_micro_data.png[39m[0m
[  54% ] [90m[1m_update_scan_actions[22m | card_frame_clean_v4.png[39m[0m
[  55% ] [90m[1m_update_scan_actions[22m | card_frame_v3.png[39m[0m
[  55% ] [90m[1m_update_scan_actions[22m | dossier_background_v2.png[39m[0m
[  56% ] [90m[1m_update_scan_actions[22m | family_icons_atlas_v2.png[39m[0m
[  56% ] [90m[1m_update_scan_actions[22m | nav_tabs_atlas_v1.png[39m[0m
[  57% ] [90m[1m_update_scan_actions[22m | family_dossier_asset_sheet_v1.png[39m[0m
[  58% ] [90m[1m_update_scan_actions[22m | archive_background.svg[39m[0m
[  58% ] [90m[1m_update_scan_actions[22m | crest.svg[39m[0m
[  59% ] [90m[1m_update_scan_actions[22m | metric_buildings.svg[39m[0m
[  59% ] [90m[1m_update_scan_actions[22m | metric_population.svg[39m[0m
[  60% ] [90m[1m_update_scan_actions[22m | metric_time.svg[39m[0m
[  61% ] [90m[1m_update_scan_actions[22m | metric_wealth.svg[39m[0m
[  61% ] [90m[1m_update_scan_actions[22m | nav_branches.svg[39m[0m
[  62% ] [90m[1m_update_scan_actions[22m | nav_effects.svg[39m[0m
[  62% ] [90m[1m_update_scan_actions[22m | nav_overview.svg[39m[0m
[  63% ] [90m[1m_update_scan_actions[22m | nav_people.svg[39m[0m
[  63% ] [90m[1m_update_scan_actions[22m | nav_preferences.svg[39m[0m
[  64% ] [90m[1m_update_scan_actions[22m | nav_traits.svg[39m[0m
[  65% ] [90m[1m_update_scan_actions[22m | person.svg[39m[0m
[  65% ] [90m[1m_update_scan_actions[22m | prestige.svg[39m[0m
[  66% ] [90m[1m_update_scan_actions[22m | tab_active.svg[39m[0m
[  66% ] [90m[1m_update_scan_actions[22m | tab_normal.svg[39m[0m
[  67% ] [90m[1m_update_scan_actions[22m | visual_tile_horizon_decode.glsl[39m[0m
[  68% ] [90m[1m_update_scan_actions[22m | visual_tile_horizon_pyramid.glsl[39m[0m
[  68% ] [90m[1m_update_scan_actions[22m | visual_tile_horizon_trace.glsl[39m[0m
[  69% ] [90m[1m_update_scan_actions[22m | main_menu_home_640x480.png[39m[0m
[  69% ] [90m[1m_update_scan_actions[22m | main_menu_home_1280x720.png[39m[0m
[  70% ] [90m[1m_update_scan_actions[22m | main_menu_home_1600x960.png[39m[0m
[  70% ] [90m[1m_update_scan_actions[22m | main_menu_load_640x480.png[39m[0m
[  71% ] [90m[1m_update_scan_actions[22m | main_menu_load_1280x720.png[39m[0m
[  72% ] [90m[1m_update_scan_actions[22m | main_menu_load_1600x960.png[39m[0m
[  72% ] [90m[1m_update_scan_actions[22m | main_menu_new_640x480.png[39m[0m
[  73% ] [90m[1m_update_scan_actions[22m | main_menu_new_1280x720.png[39m[0m
[  73% ] [90m[1m_update_scan_actions[22m | main_menu_new_1600x960.png[39m[0m
[  74% ] [90m[1m_update_scan_actions[22m | main_menu_settings_640x480.png[39m[0m
[  75% ] [90m[1m_update_scan_actions[22m | main_menu_settings_1280x720.png[39m[0m
[  75% ] [90m[1m_update_scan_actions[22m | main_menu_settings_1600x960.png[39m[0m
[  76% ] [90m[1m_update_scan_actions[22m | player_country_economy_1280x720.png[39m[0m
[  76% ] [90m[1m_update_scan_actions[22m | world_setup_640x480.png[39m[0m
[  77% ] [90m[1m_update_scan_actions[22m | world_setup_1280x720.png[39m[0m
[  77% ] [90m[1m_update_scan_actions[22m | world_setup_1600x960.png[39m[0m
[  78% ] [90m[1m_update_scan_actions[22m | rain_drop.png[39m[0m
[  79% ] [90m[1m_update_scan_actions[22m | snow_flake.png[39m[0m
[  79% ] [90m[1m_update_scan_actions[22m | country_economy_1280x720.png[39m[0m
[  80% ] [90m[1m_update_scan_actions[22m | country_ideology_1280x720.png[39m[0m
[  80% ] [90m[1m_update_scan_actions[22m | country_technology_1280x720.png[39m[0m
[  81% ] [90m[1m_update_scan_actions[22m | family_1279x720.png[39m[0m
[  81% ] [90m[1m_update_scan_actions[22m | family_1279x720_people.png[39m[0m
[  82% ] [90m[1m_update_scan_actions[22m | family_1279x720_preferences.png[39m[0m
[  83% ] [90m[1m_update_scan_actions[22m | family_1280x720.png[39m[0m
[  83% ] [90m[1m_update_scan_actions[22m | family_1366x768.png[39m[0m
[  84% ] [90m[1m_update_scan_actions[22m | family_1920x1080.png[39m[0m
[  84% ] [90m[1m_update_scan_actions[22m | family_2560x1390.png[39m[0m
[  85% ] [90m[1m_update_scan_actions[22m | family_inspector_1920x1080.png[39m[0m
[  86% ] [90m[1m_update_scan_actions[22m | family_inspector_2560x1390.png[39m[0m
[  86% ] [90m[1m_update_scan_actions[22m | compat_0.png[39m[0m
[  87% ] [90m[1m_update_scan_actions[22m | compat_1.png[39m[0m
[  87% ] [90m[1m_update_scan_actions[22m | compat_2.png[39m[0m
[  88% ] [90m[1m_update_scan_actions[22m | compat_3.png[39m[0m
[  88% ] [90m[1m_update_scan_actions[22m | compat_tiled2_0.png[39m[0m
[  89% ] [90m[1m_update_scan_actions[22m | compat_tiled2_1.png[39m[0m
[  90% ] [90m[1m_update_scan_actions[22m | compat_tiled2_2.png[39m[0m
[  90% ] [90m[1m_update_scan_actions[22m | compat_tiled2_3.png[39m[0m
[  91% ] [90m[1m_update_scan_actions[22m | compat_tiled_0.png[39m[0m
[  91% ] [90m[1m_update_scan_actions[22m | compat_tiled_1.png[39m[0m
[  92% ] [90m[1m_update_scan_actions[22m | compat_tiled_2.png[39m[0m
[  93% ] [90m[1m_update_scan_actions[22m | compat_tiled_3.png[39m[0m
[  93% ] [90m[1m_update_scan_actions[22m | compat_u8b_0.png[39m[0m
[  94% ] [90m[1m_update_scan_actions[22m | compat_u8b_1.png[39m[0m
[  94% ] [90m[1m_update_scan_actions[22m | compat_u8b_2.png[39m[0m
[  95% ] [90m[1m_update_scan_actions[22m | compat_u8b_3.png[39m[0m
[  95% ] [90m[1m_update_scan_actions[22m | compat_u8_0.png[39m[0m
[  96% ] [90m[1m_update_scan_actions[22m | compat_u8_1.png[39m[0m
[  97% ] [90m[1m_update_scan_actions[22m | compat_u8_2.png[39m[0m
[  97% ] [90m[1m_update_scan_actions[22m | compat_u8_3.png[39m[0m
[  98% ] [90m[1m_update_scan_actions[22m | project_keynes_technology_tree_topology.png[39m[0m
[  98% ] [90m[1m_update_scan_actions[22m | icon.svg[39m[0m
[92m[ DONE ][39m [1m_update_scan_actions[22m
[0m
[   0% ] [90m[1mreimport[22m | Started 正在导入或重新导入资产 (158 steps)[39m[0m
[   0% ] [90m[1mreimport[22m | 正在准备重新导入文件……[39m[0m
[   0% ] [90m[1mreimport[22m | 正在准备重新导入文件……[39m[0m
[   1% ] [90m[1mreimport[22m | 正在准备重新导入文件……[39m[0m
[   1% ] [90m[1mreimport[22m | 正在准备重新导入文件……[39m[0m
[   2% ] [90m[1mreimport[22m | 正在准备重新导入文件……[39m[0m
[   3% ] [90m[1mreimport[22m | 正在准备重新导入文件……[39m[0m
[   3% ] [90m[1mreimport[22m | 正在准备重新导入文件……[39m[0m
[   4% ] [90m[1mreimport[22m | 正在准备重新导入文件……[39m[0m
[   5% ] [90m[1mreimport[22m | 正在准备重新导入文件……[39m[0m
[   5% ] [90m[1mreimport[22m | 正在准备重新导入文件……[39m[0m
[   6% ] [90m[1mreimport[22m | 正在准备重新导入文件……[39m[0m
[   6% ] [90m[1mreimport[22m | 正在准备重新导入文件……[39m[0m
[   7% ] [90m[1mreimport[22m | 正在准备重新导入文件……[39m[0m
[   8% ] [90m[1mreimport[22m | 正在准备重新导入文件……[39m[0m
[   8% ] [90m[1mreimport[22m | 正在准备重新导入文件……[39m[0m
[   9% ] [90m[1mreimport[22m | 正在准备重新导入文件……[39m[0m
[  10% ] [90m[1mreimport[22m | 正在准备重新导入文件……[39m[0m
[  10% ] [90m[1mreimport[22m | 正在准备重新导入文件……[39m[0m
[  11% ] [90m[1mreimport[22m | 正在准备重新导入文件……[39m[0m
[  11% ] [90m[1mreimport[22m | 正在准备重新导入文件……[39m[0m
[  12% ] [90m[1mreimport[22m | 正在准备重新导入文件……[39m[0m
[  13% ] [90m[1mreimport[22m | 正在准备重新导入文件……[39m[0m
[  13% ] [90m[1mreimport[22m | 正在准备重新导入文件……[39m[0m
[  14% ] [90m[1mreimport[22m | 正在准备重新导入文件……[39m[0m
[  15% ] [90m[1mreimport[22m | 正在准备重新导入文件……[39m[0m
[  15% ] [90m[1mreimport[22m | 正在准备重新导入文件……[39m[0m
[  16% ] [90m[1mreimport[22m | 正在准备重新导入文件……[39m[0m
[  16% ] [90m[1mreimport[22m | 正在准备重新导入文件……[39m[0m
[  17% ] [90m[1mreimport[22m | 正在准备重新导入文件……[39m[0m
[  18% ] [90m[1mreimport[22m | 正在准备重新导入文件……[39m[0m
[  18% ] [90m[1mreimport[22m | 正在准备重新导入文件……[39m[0m
[  19% ] [90m[1mreimport[22m | 正在准备重新导入文件……[39m[0m
[  20% ] [90m[1mreimport[22m | 正在准备重新导入文件……[39m[0m
[  20% ] [90m[1mreimport[22m | 正在准备重新导入文件……[39m[0m
[  21% ] [90m[1mreimport[22m | 正在准备重新导入文件……[39m[0m
[  22% ] [90m[1mreimport[22m | 正在准备重新导入文件……[39m[0m
[  22% ] [90m[1mreimport[22m | 正在准备重新导入文件……[39m[0m
[  23% ] [90m[1mreimport[22m | 正在准备重新导入文件……[39m[0m
[  23% ] [90m[1mreimport[22m | 正在准备重新导入文件……[39m[0m
[  24% ] [90m[1mreimport[22m | 正在准备重新导入文件……[39m[0m
[  25% ] [90m[1mreimport[22m | 正在准备重新导入文件……[39m[0m
[  25% ] [90m[1mreimport[22m | 正在准备重新导入文件……[39m[0m
[  26% ] [90m[1mreimport[22m | 正在准备重新导入文件……[39m[0m
[  27% ] [90m[1mreimport[22m | 正在准备重新导入文件……[39m[0m
[  27% ] [90m[1mreimport[22m | 正在准备重新导入文件……[39m[0m
[  28% ] [90m[1mreimport[22m | 正在准备重新导入文件……[39m[0m
[  28% ] [90m[1mreimport[22m | 正在准备重新导入文件……[39m[0m
[  29% ] [90m[1mreimport[22m | 正在准备重新导入文件……[39m[0m
[  30% ] [90m[1mreimport[22m | 正在准备重新导入文件……[39m[0m
[  30% ] [90m[1mreimport[22m | 正在准备重新导入文件……[39m[0m
[  31% ] [90m[1mreimport[22m | 正在准备重新导入文件……[39m[0m
[  32% ] [90m[1mreimport[22m | 正在准备重新导入文件……[39m[0m
[  32% ] [90m[1mreimport[22m | 正在准备重新导入文件……[39m[0m
[  33% ] [90m[1mreimport[22m | 正在准备重新导入文件……[39m[0m
[  33% ] [90m[1mreimport[22m | 正在准备重新导入文件……[39m[0m
[  34% ] [90m[1mreimport[22m | 正在准备重新导入文件……[39m[0m
[  35% ] [90m[1mreimport[22m | 正在准备重新导入文件……[39m[0m
[  35% ] [90m[1mreimport[22m | 正在准备重新导入文件……[39m[0m
[  36% ] [90m[1mreimport[22m | 正在准备重新导入文件……[39m[0m
[  37% ] [90m[1mreimport[22m | 正在准备重新导入文件……[39m[0m
[  37% ] [90m[1mreimport[22m | 正在准备重新导入文件……[39m[0m
[  38% ] [90m[1mreimport[22m | 正在准备重新导入文件……[39m[0m
[  38% ] [90m[1mreimport[22m | 正在准备重新导入文件……[39m[0m
[  39% ] [90m[1mreimport[22m | 正在准备重新导入文件……[39m[0m
[  40% ] [90m[1mreimport[22m | 正在准备重新导入文件……[39m[0m
[  40% ] [90m[1mreimport[22m | 正在准备重新导入文件……[39m[0m
[  41% ] [90m[1mreimport[22m | 正在准备重新导入文件……[39m[0m
[  42% ] [90m[1mreimport[22m | 正在准备重新导入文件……[39m[0m
[  42% ] [90m[1mreimport[22m | 正在准备重新导入文件……[39m[0m
[  43% ] [90m[1mreimport[22m | 正在准备重新导入文件……[39m[0m
[  44% ] [90m[1mreimport[22m | 正在准备重新导入文件……[39m[0m
[  44% ] [90m[1mreimport[22m | 正在准备重新导入文件……[39m[0m
[  45% ] [90m[1mreimport[22m | 正在准备重新导入文件……[39m[0m
[  45% ] [90m[1mreimport[22m | 正在准备重新导入文件……[39m[0m
[  46% ] [90m[1mreimport[22m | 正在准备重新导入文件……[39m[0m
[  47% ] [90m[1mreimport[22m | 正在准备重新导入文件……[39m[0m
[  47% ] [90m[1mreimport[22m | 正在准备重新导入文件……[39m[0m
[  48% ] [90m[1mreimport[22m | 正在准备重新导入文件……[39m[0m
[  49% ] [90m[1mreimport[22m | 正在准备重新导入文件……[39m[0m
[  49% ] [90m[1mreimport[22m | 正在准备重新导入文件……[39m[0m
[  50% ] [90m[1mreimport[22m | 正在准备重新导入文件……[39m[0m
[  50% ] [90m[1mreimport[22m | 正在准备重新导入文件……[39m[0m
[  51% ] [90m[1mreimport[22m | 正在准备重新导入文件……[39m[0m
[  52% ] [90m[1mreimport[22m | 正在准备重新导入文件……[39m[0m
[  52% ] [90m[1mreimport[22m | 正在准备重新导入文件……[39m[0m
[  53% ] [90m[1mreimport[22m | 正在准备重新导入文件……[39m[0m
[  54% ] [90m[1mreimport[22m | 正在准备重新导入文件……[39m[0m
[  54% ] [90m[1mreimport[22m | 正在准备重新导入文件……[39m[0m
[  55% ] [90m[1mreimport[22m | 正在准备重新导入文件……[39m[0m
[  55% ] [90m[1mreimport[22m | 正在准备重新导入文件……[39m[0m
[  56% ] [90m[1mreimport[22m | 正在准备重新导入文件……[39m[0m
[  57% ] [90m[1mreimport[22m | 正在准备重新导入文件……[39m[0m
[  57% ] [90m[1mreimport[22m | 正在准备重新导入文件……[39m[0m
[  58% ] [90m[1mreimport[22m | 正在准备重新导入文件……[39m[0m
[  59% ] [90m[1mreimport[22m | 正在准备重新导入文件……[39m[0m
[  59% ] [90m[1mreimport[22m | 正在准备重新导入文件……[39m[0m
[  60% ] [90m[1mreimport[22m | 正在准备重新导入文件……[39m[0m
[  61% ] [90m[1mreimport[22m | 正在准备重新导入文件……[39m[0m
[  61% ] [90m[1mreimport[22m | 正在准备重新导入文件……[39m[0m
[  62% ] [90m[1mreimport[22m | 正在准备重新导入文件……[39m[0m
[  62% ] [90m[1mreimport[22m | 正在准备重新导入文件……[39m[0m
[  63% ] [90m[1mreimport[22m | 正在准备重新导入文件……[39m[0m
[  64% ] [90m[1mreimport[22m | 正在准备重新导入文件……[39m[0m
[  64% ] [90m[1mreimport[22m | 正在准备重新导入文件……[39m[0m
[  65% ] [90m[1mreimport[22m | 正在准备重新导入文件……[39m[0m
[  66% ] [90m[1mreimport[22m | 正在准备重新导入文件……[39m[0m
[  66% ] [90m[1mreimport[22m | 正在准备重新导入文件……[39m[0m
[  67% ] [90m[1mreimport[22m | 正在准备重新导入文件……[39m[0m
[  67% ] [90m[1mreimport[22m | 正在准备重新导入文件……[39m[0m
[  68% ] [90m[1mreimport[22m | 正在准备重新导入文件……[39m[0m
[  69% ] [90m[1mreimport[22m | 正在准备重新导入文件……[39m[0m
[  69% ] [90m[1mreimport[22m | 正在准备重新导入文件……[39m[0m
[  70% ] [90m[1mreimport[22m | 正在准备重新导入文件……[39m[0m
[  71% ] [90m[1mreimport[22m | 正在准备重新导入文件……[39m[0m
[  71% ] [90m[1mreimport[22m | 正在准备重新导入文件……[39m[0m
[  72% ] [90m[1mreimport[22m | 正在准备重新导入文件……[39m[0m
[  72% ] [90m[1mreimport[22m | 正在准备重新导入文件……[39m[0m
[  73% ] [90m[1mreimport[22m | 正在准备重新导入文件……[39m[0m
[  74% ] [90m[1mreimport[22m | 正在准备重新导入文件……[39m[0m
[  74% ] [90m[1mreimport[22m | 正在准备重新导入文件……[39m[0m
[  75% ] [90m[1mreimport[22m | 正在准备重新导入文件……[39m[0m
[  76% ] [90m[1mreimport[22m | 正在准备重新导入文件……[39m[0m
[  76% ] [90m[1mreimport[22m | 正在准备重新导入文件……[39m[0m
[  77% ] [90m[1mreimport[22m | 正在准备重新导入文件……[39m[0m
[  77% ] [90m[1mreimport[22m | 正在准备重新导入文件……[39m[0m
[  78% ] [90m[1mreimport[22m | 正在准备重新导入文件……[39m[0m
[  79% ] [90m[1mreimport[22m | 正在准备重新导入文件……[39m[0m
[  79% ] [90m[1mreimport[22m | 正在准备重新导入文件……[39m[0m
[  80% ] [90m[1mreimport[22m | 正在准备重新导入文件……[39m[0m
[  81% ] [90m[1mreimport[22m | 正在准备重新导入文件……[39m[0m
[  81% ] [90m[1mreimport[22m | 正在准备重新导入文件……[39m[0m
[  82% ] [90m[1mreimport[22m | 正在准备重新导入文件……[39m[0m
[  83% ] [90m[1mreimport[22m | 正在准备重新导入文件……[39m[0m
[  83% ] [90m[1mreimport[22m | 正在准备重新导入文件……[39m[0m
[  84% ] [90m[1mreimport[22m | 正在准备重新导入文件……[39m[0m
[  84% ] [90m[1mreimport[22m | 正在准备重新导入文件……[39m[0m
[  85% ] [90m[1mreimport[22m | 正在准备重新导入文件……[39m[0m
[  86% ] [90m[1mreimport[22m | 正在准备重新导入文件……[39m[0m
[  86% ] [90m[1mreimport[22m | 正在准备重新导入文件……[39m[0m
[  87% ] [90m[1mreimport[22m | 正在准备重新导入文件……[39m[0m
[  88% ] [90m[1mreimport[22m | 正在准备重新导入文件……[39m[0m
[  88% ] [90m[1mreimport[22m | 正在准备重新导入文件……[39m[0m
[  89% ] [90m[1mreimport[22m | 正在准备重新导入文件……[39m[0m
[  89% ] [90m[1mreimport[22m | 正在准备重新导入文件……[39m[0m
[  90% ] [90m[1mreimport[22m | 正在准备重新导入文件……[39m[0m
[  91% ] [90m[1mreimport[22m | 正在准备重新导入文件……[39m[0m
[  91% ] [90m[1mreimport[22m | 正在准备重新导入文件……[39m[0m
[  92% ] [90m[1mreimport[22m | 正在准备重新导入文件……[39m[0m
[  93% ] [90m[1mreimport[22m | 正在准备重新导入文件……[39m[0m
[  93% ] [90m[1mreimport[22m | 正在准备重新导入文件……[39m[0m
[  94% ] [90m[1mreimport[22m | 正在准备重新导入文件……[39m[0m
[  94% ] [90m[1mreimport[22m | 正在准备重新导入文件……[39m[0m
[  95% ] [90m[1mreimport[22m | 正在准备重新导入文件……[39m[0m
[  96% ] [90m[1mreimport[22m | 正在准备重新导入文件……[39m[0m
[  96% ] [90m[1mreimport[22m | 正在准备重新导入文件……[39m[0m
[  97% ] [90m[1mreimport[22m | 正在准备重新导入文件……[39m[0m
[  98% ] [90m[1mreimport[22m | 正在准备重新导入文件……[39m[0m
[  98% ] [90m[1mreimport[22m | 正在准备重新导入文件……[39m[0m
[   0% ] [90m[1mreimport[22m | 正在执行重新导入的前置操作……[39m[0m
[   0% ] [90m[1mreimport[22m | SourceHanSerifCN-Regular.otf[39m[0m
[   0% ] [90m[1mreimport[22m | SourceHanSansCN-VF.woff2[39m[0m
[   1% ] [90m[1mreimport[22m | SourceHanSerifCN-Regular.otf[39m[0m
[   1% ] [90m[1mreimport[22m | SourceHanSansCN-VF.woff2[39m[0m
[   2% ] [90m[1mreimport[22m | visual_tile_horizon_decode.glsl[39m[0m
[   3% ] [90m[1mreimport[22m | SourceHanSerifCN-Regular.otf[39m[0m
[   3% ] [90m[1mreimport[22m | SourceHanSansCN-VF.woff2[39m[0m
[   4% ] [90m[1mreimport[22m | visual_tile_horizon_decode.glsl[39m[0m
[   5% ] [90m[1mreimport[22m | visual_tile_horizon_pyramid.glsl[39m[0m
[   5% ] [90m[1mreimport[22m | visual_tile_horizon_trace.glsl[39m[0m
[   6% ] [90m[1mreimport[22m | person.svg[39m[0m
[   6% ] [90m[1mreimport[22m | prestige.svg[39m[0m
[   7% ] [90m[1mreimport[22m | tab_active.svg[39m[0m
[   8% ] [90m[1mreimport[22m | tab_normal.svg[39m[0m
[   8% ] [90m[1mreimport[22m | main_menu_home_640x480.png[39m[0m
[   9% ] [90m[1mreimport[22m | main_menu_home_1280x720.png[39m[0m
[  10% ] [90m[1mreimport[22m | main_menu_home_1600x960.png[39m[0m
[  10% ] [90m[1mreimport[22m | main_menu_load_640x480.png[39m[0m
[  11% ] [90m[1mreimport[22m | main_menu_load_1280x720.png[39m[0m
[  11% ] [90m[1mreimport[22m | main_menu_load_1600x960.png[39m[0m
[  12% ] [90m[1mreimport[22m | main_menu_new_640x480.png[39m[0m
[  13% ] [90m[1mreimport[22m | main_menu_new_1280x720.png[39m[0m
[  13% ] [90m[1mreimport[22m | main_menu_new_1600x960.png[39m[0m
[  14% ] [90m[1mreimport[22m | main_menu_settings_640x480.png[39m[0m
[  15% ] [90m[1mreimport[22m | main_menu_settings_1280x720.png[39m[0m
[  15% ] [90m[1mreimport[22m | main_menu_settings_1600x960.png[39m[0m
[  16% ] [90m[1mreimport[22m | rock.png[39m[0m
[  16% ] [90m[1mreimport[22m | snow_wet.png[39m[0m
[  17% ] [90m[1mreimport[22m | card_frame_clean_v4.png[39m[0m
[  18% ] [90m[1mreimport[22m | card_frame_v3.png[39m[0m
[  18% ] [90m[1mreimport[22m | dossier_background_v2.png[39m[0m
[  19% ] [90m[1mreimport[22m | nav_tabs_atlas_v1.png[39m[0m
[  20% ] [90m[1mreimport[22m | family_dossier_asset_sheet_v1.png[39m[0m
[  20% ] [90m[1mreimport[22m | archive_background.svg[39m[0m
[  21% ] [90m[1mreimport[22m | crest.svg[39m[0m
[  22% ] [90m[1mreimport[22m | metric_buildings.svg[39m[0m
[  22% ] [90m[1mreimport[22m | metric_population.svg[39m[0m
[  23% ] [90m[1mreimport[22m | metric_time.svg[39m[0m
[  23% ] [90m[1mreimport[22m | metric_wealth.svg[39m[0m
[  24% ] [90m[1mreimport[22m | nav_branches.svg[39m[0m
[  25% ] [90m[1mreimport[22m | nav_effects.svg[39m[0m
[  25% ] [90m[1mreimport[22m | nav_overview.svg[39m[0m
[  26% ] [90m[1mreimport[22m | nav_people.svg[39m[0m
[  27% ] [90m[1mreimport[22m | nav_preferences.svg[39m[0m
[  27% ] [90m[1mreimport[22m | nav_traits.svg[39m[0m
[  28% ] [90m[1mreimport[22m | compat_2.png[39m[0m
[  28% ] [90m[1mreimport[22m | compat_3.png[39m[0m
[  29% ] [90m[1mreimport[22m | compat_tiled2_0.png[39m[0m
[  30% ] [90m[1mreimport[22m | compat_tiled2_1.png[39m[0m
[  30% ] [90m[1mreimport[22m | compat_tiled2_2.png[39m[0m
[  31% ] [90m[1mreimport[22m | compat_tiled2_3.png[39m[0m
[  32% ] [90m[1mreimport[22m | compat_tiled_0.png[39m[0m
[  32% ] [90m[1mreimport[22m | compat_tiled_1.png[39m[0m
[  33% ] [90m[1mreimport[22m | compat_tiled_2.png[39m[0m
[  33% ] [90m[1mreimport[22m | compat_tiled_3.png[39m[0m
[  34% ] [90m[1mreimport[22m | compat_u8b_0.png[39m[0m
[  35% ] [90m[1mreimport[22m | compat_u8b_1.png[39m[0m
[  35% ] [90m[1mreimport[22m | compat_u8b_2.png[39m[0m
[  36% ] [90m[1mreimport[22m | compat_u8b_3.png[39m[0m
[  37% ] [90m[1mreimport[22m | compat_u8_0.png[39m[0m
[  37% ] [90m[1mreimport[22m | compat_u8_1.png[39m[0m
[  38% ] [90m[1mreimport[22m | compat_u8_2.png[39m[0m
[  38% ] [90m[1mreimport[22m | compat_u8_3.png[39m[0m
[  39% ] [90m[1mreimport[22m | project_keynes_technology_tree_topology.png[39m[0m
[  40% ] [90m[1mreimport[22m | icon.svg[39m[0m
[  40% ] [90m[1mreimport[22m | player_country_economy_1280x720.png[39m[0m
[  41% ] [90m[1mreimport[22m | world_setup_640x480.png[39m[0m
[  42% ] [90m[1mreimport[22m | world_setup_1280x720.png[39m[0m
[  42% ] [90m[1mreimport[22m | world_setup_1600x960.png[39m[0m
[  43% ] [90m[1mreimport[22m | rain_drop.png[39m[0m
[  44% ] [90m[1mreimport[22m | snow_flake.png[39m[0m
[  44% ] [90m[1mreimport[22m | country_economy_1280x720.png[39m[0m
[  45% ] [90m[1mreimport[22m | country_ideology_1280x720.png[39m[0m
[  45% ] [90m[1mreimport[22m | country_technology_1280x720.png[39m[0m
[  46% ] [90m[1mreimport[22m | family_1279x720.png[39m[0m
[  47% ] [90m[1mreimport[22m | family_1279x720_people.png[39m[0m
[  47% ] [90m[1mreimport[22m | family_1279x720_preferences.png[39m[0m
[  48% ] [90m[1mreimport[22m | family_1280x720.png[39m[0m
[  49% ] [90m[1mreimport[22m | family_1366x768.png[39m[0m
[  49% ] [90m[1mreimport[22m | family_1920x1080.png[39m[0m
[  50% ] [90m[1mreimport[22m | family_2560x1390.png[39m[0m
[  50% ] [90m[1mreimport[22m | family_inspector_1920x1080.png[39m[0m
[  51% ] [90m[1mreimport[22m | family_inspector_2560x1390.png[39m[0m
[  52% ] [90m[1mreimport[22m | compat_0.png[39m[0m
[  52% ] [90m[1mreimport[22m | compat_1.png[39m[0m
[  53% ] [90m[1mreimport[22m | early_service_v1.svg[39m[0m
[  54% ] [90m[1mreimport[22m | early_service_v2.svg[39m[0m
[  54% ] [90m[1mreimport[22m | industrial_agriculture_v0.svg[39m[0m
[  55% ] [90m[1mreimport[22m | industrial_agriculture_v1.svg[39m[0m
[  55% ] [90m[1mreimport[22m | industrial_agriculture_v2.svg[39m[0m
[  56% ] [90m[1mreimport[22m | industrial_energy_v0.svg[39m[0m
[  57% ] [90m[1mreimport[22m | industrial_energy_v1.svg[39m[0m
[  57% ] [90m[1mreimport[22m | industrial_energy_v2.svg[39m[0m
[  58% ] [90m[1mreimport[22m | industrial_extractive_v0.svg[39m[0m
[  59% ] [90m[1mreimport[22m | industrial_extractive_v1.svg[39m[0m
[  59% ] [90m[1mreimport[22m | industrial_extractive_v2.svg[39m[0m
[  60% ] [90m[1mreimport[22m | industrial_knowledge_v0.svg[39m[0m
[  61% ] [90m[1mreimport[22m | industrial_knowledge_v1.svg[39m[0m
[  61% ] [90m[1mreimport[22m | industrial_knowledge_v2.svg[39m[0m
[  62% ] [90m[1mreimport[22m | industrial_manufacturing_v0.svg[39m[0m
[  62% ] [90m[1mreimport[22m | industrial_manufacturing_v1.svg[39m[0m
[  63% ] [90m[1mreimport[22m | industrial_manufacturing_v2.svg[39m[0m
[  64% ] [90m[1mreimport[22m | industrial_service_v0.svg[39m[0m
[  64% ] [90m[1mreimport[22m | industrial_service_v1.svg[39m[0m
[  65% ] [90m[1mreimport[22m | dyn_lut.png[39m[0m
[  66% ] [90m[1mreimport[22m | enum_lut.png[39m[0m
[  66% ] [90m[1mreimport[22m | building_albedo.png[39m[0m
[  67% ] [90m[1mreimport[22m | building_surface.png[39m[0m
[  67% ] [90m[1mreimport[22m | early_agriculture_v0.svg[39m[0m
[  68% ] [90m[1mreimport[22m | early_agriculture_v1.svg[39m[0m
[  69% ] [90m[1mreimport[22m | early_agriculture_v2.svg[39m[0m
[  69% ] [90m[1mreimport[22m | early_energy_v0.svg[39m[0m
[  70% ] [90m[1mreimport[22m | early_energy_v1.svg[39m[0m
[  71% ] [90m[1mreimport[22m | early_energy_v2.svg[39m[0m
[  71% ] [90m[1mreimport[22m | early_extractive_v0.svg[39m[0m
[  72% ] [90m[1mreimport[22m | early_extractive_v1.svg[39m[0m
[  72% ] [90m[1mreimport[22m | early_extractive_v2.svg[39m[0m
[  73% ] [90m[1mreimport[22m | early_knowledge_v0.svg[39m[0m
[  74% ] [90m[1mreimport[22m | early_knowledge_v1.svg[39m[0m
[  74% ] [90m[1mreimport[22m | early_knowledge_v2.svg[39m[0m
[  75% ] [90m[1mreimport[22m | early_manufacturing_v0.svg[39m[0m
[  76% ] [90m[1mreimport[22m | early_manufacturing_v1.svg[39m[0m
[  76% ] [90m[1mreimport[22m | early_manufacturing_v2.svg[39m[0m
[  77% ] [90m[1mreimport[22m | early_service_v0.svg[39m[0m
[  77% ] [90m[1mreimport[22m | modern_agriculture_v1.svg[39m[0m
[  78% ] [90m[1mreimport[22m | modern_agriculture_v2.svg[39m[0m
[  79% ] [90m[1mreimport[22m | modern_energy_v0.svg[39m[0m
[  79% ] [90m[1mreimport[22m | modern_energy_v1.svg[39m[0m
[  80% ] [90m[1mreimport[22m | modern_energy_v2.svg[39m[0m
[  81% ] [90m[1mreimport[22m | modern_extractive_v0.svg[39m[0m
[  81% ] [90m[1mreimport[22m | modern_extractive_v1.svg[39m[0m
[  82% ] [90m[1mreimport[22m | modern_extractive_v2.svg[39m[0m
[  83% ] [90m[1mreimport[22m | modern_knowledge_v0.svg[39m[0m
[  83% ] [90m[1mreimport[22m | modern_knowledge_v1.svg[39m[0m
[  84% ] [90m[1mreimport[22m | modern_knowledge_v2.svg[39m[0m
[  84% ] [90m[1mreimport[22m | modern_manufacturing_v0.svg[39m[0m
[  85% ] [90m[1mreimport[22m | modern_manufacturing_v1.svg[39m[0m
[  86% ] [90m[1mreimport[22m | modern_manufacturing_v2.svg[39m[0m
[  86% ] [90m[1mreimport[22m | modern_service_v0.svg[39m[0m
[  87% ] [90m[1mreimport[22m | modern_service_v1.svg[39m[0m
[  88% ] [90m[1mreimport[22m | modern_service_v2.svg[39m[0m
[  88% ] [90m[1mreimport[22m | dry_sand.png[39m[0m
[  89% ] [90m[1mreimport[22m | organic.png[39m[0m
[  89% ] [90m[1mreimport[22m | industrial_service_v2.svg[39m[0m
[  90% ] [90m[1mreimport[22m | masonry_agriculture_v0.svg[39m[0m
[  91% ] [90m[1mreimport[22m | masonry_agriculture_v1.svg[39m[0m
[  91% ] [90m[1mreimport[22m | masonry_agriculture_v2.svg[39m[0m
[  92% ] [90m[1mreimport[22m | masonry_energy_v0.svg[39m[0m
[  93% ] [90m[1mreimport[22m | masonry_energy_v1.svg[39m[0m
[  93% ] [90m[1mreimport[22m | masonry_energy_v2.svg[39m[0m
[  94% ] [90m[1mreimport[22m | masonry_extractive_v0.svg[39m[0m
[  94% ] [90m[1mreimport[22m | masonry_extractive_v1.svg[39m[0m
[  95% ] [90m[1mreimport[22m | masonry_extractive_v2.svg[39m[0m
[  96% ] [90m[1mreimport[22m | masonry_knowledge_v0.svg[39m[0m
[  96% ] [90m[1mreimport[22m | masonry_knowledge_v1.svg[39m[0m
[  97% ] [90m[1mreimport[22m | masonry_knowledge_v2.svg[39m[0m
[  98% ] [90m[1mreimport[22m | masonry_manufacturing_v0.svg[39m[0m
[  98% ] [90m[1mreimport[22m | masonry_manufacturing_v1.svg[39m[0m
[  99% ] [90m[1mreimport[22m | 正在结束资产导入……[39m[0m
[92m[ DONE ][39m [1mreimport[22m
[0m
[   0% ] [90m[1mreimport[22m | Started 正在导入或重新导入资产 (158 steps)[39m[0m
[   0% ] [90m[1mreimport[22m | 正在执行重新导入的后置操作……[39m[0m
[92m[ DONE ][39m [1mreimport[22m
[0m
[   0% ] [90m[1mloading_editor_layout[22m | Started 正在加载编辑器 (5 steps)[39m[0m
[   0% ] [90m[1mloading_editor_layout[22m | 正在加载编辑器布局……[39m[0m
[  16% ] [90m[1mloading_editor_layout[22m | 正在加载停靠面板……[39m[0m
[92m[ DONE ][39m [1mloading_editor_layout[22m
[0m
