Godot Engine v4.6.2.stable.official.71f334935 - https://godotengine.org

  finalizer path = native(C++)
=== node-batching BIT-EQUAL A/B variant=baseline (56x44, 40 days, seed=717171) ===
[native_generation/base] path=gdext algorithm=post_base_priority_flood_hydrology_v3 n=2464 native_ms=7.556 water=1558 land=906
[native_generation/post_base] path=gdext algorithm=post_base_priority_flood_hydrology_v3 n=2464 native_ms=0.962 lakes=18 rivers=37 volcanoes=3
[native_generation/qa] single_water=0 tiny<=3=0 small<=5=0 bodies=2 largest=1540 | land_below_sea=0.7% | terr_distinct=23 entropy=3.061bit | river_ratio=1.502%
MapGenerator v7: per-cell 64ms (2464 cells, path=gdext_base)
MapBaker v6: hm=(1024, 708) seed=717171
    [fused] terrain=728.9ms erosion=2.0ms(ok=true) river=11.6ms(ok=true) latitude=0.1ms volcano=2.9ms coast_sdf=4.2ms(ok=true)
  geometry fields (fused C++): 819ms
  physical circulation hex solve: deferred until DCWorldExt bind (ext=true idx=true soa=false)
  wind/ocean pixel buffers: skipped (ocean_current_visual off)
Godot_v4.6.2-stable_win64.exe : WARNING: [DCWorldExt] encode_cell_luts: not bound - fallback to GDScript
所在位置 C:\Users\hkinghuang\AppData\Local\Temp\ps-script-8f001a2b-163e-4eb5-8257-ea6747422ee7.ps1:91 字符: 82
+ ... win64.exe"; & $godot --headless --path "d:\Godot\ProjectKeynes\Projec ...
+                 ~~~~~~~~~~~~~~~~~~~~~~~~~~~~~~~~~~~~~~~~~~~~~~~~~~~~~~~~~
    + CategoryInfo          : NotSpecified: (WARNING: [DCWor...ack to GDScript:String) [], RemoteException
    + FullyQualifiedErrorId : NativeCommandError
 
   at: push_warning (core/variant/variant_utility.cpp:1034)
   GDScript backtrace (most recent call first):
       [0] bake_cell_luts (res://scripts/rendering/map_baker.gd:4719)
       [1] bake_world (res://scripts/rendering/map_baker.gd:861)
       [2] generate (res://scripts/geography/map_generator.gd:1226)
       [3] _run_variant (res://tests/tmp_native_batch_bitequal_test.gd:107)
       [4] _init (res://tests/tmp_native_batch_bitequal_test.gd:67)
  encode: 336ms
MapBaker v6: total 1155ms
MapGenerator v7: bake 1187ms
MapGenerator: skip _compute_ocean_currents (physical-hex path writes per-cell directly)
MapGenerator: skip _compute_terrain_perturbed_wind (physical-hex solver writes per-cell)
[SUS] sim budget strict=false frame=8.00ms warn=2.00ms slice=0.75ms upload=1.50ms scheduler=DCSystemScheduler native_sus=auto
[DCWorldExt] bind_map_data: 76 components bound (auto-registered=76; snapshot model; see world_ext.cpp comment & charter 脗搂11)
[DataCore] _data_core_world_ext bound=true (climate co-processor; class=DCWorldExt)
[native_world] configure rc=0 reason=configured cells=2464
[native_generation] path=gdext n=2464 published=9 native_ms=0.177 compute_ms=0.159 flush_ms=0.018
[hex_cell] facade ENABLED (2464 cells bound; ext=true)
[DataCore] _baker climate_profile injected=true (fixes WorldData.config==null sea_ice prepare path)
[phys_solve][oneshot] OK slp=0.87ms wind=0.51ms psi=0.31ms(ran=true) upwelling=0.05ms total=2.14ms
PhysicalCirculation solve@phase=1.50 total=2ms (C++ one-shot run_physical_solve_pass)
  wind/ocean pixel buffers: skipped (ocean_current_visual off)
[physical_init] deferred native refresh complete: 2ms
[weather] gdext acceleration ON (class=DCWorldExt)
[weather] gdext field commit ON
[weather] gdext distribute ON
[weather] gdext summary ON
[weather] hexcell facade ON (skip AoS double-write in hot loop)
[weather] gdext resident knobs ON (class=KnobsHandle)
[weather/knobs] resident KnobsHandle path ACTIVE 鈥?first to_*_knobs_dict hit (field_rebuild_count=1 expected 鈮?; stable Hz target 鈮? Hz)
[native_daily] ACTIVE: registered native_daily_sim; retained season_refresh + ocean_currents boundary jobs
[DCSystemScheduler] topology: ["season_refresh", "enum_atlas_upload", "ocean_currents", "native_daily_sim", "dynamic_visual_atlas_upload"]
[sea_ice/dt] call#1 dt_days=1.000 (last_pass_day=-1.000, k x1.00)
[sea_ice/dt] call#1 dt_days=1.000 (last_pass_day=-1.000, k x1.00)
[sea_ice/dt] call#1 dt_days=1.000 (last_pass_day=-1.000, k x1.00)
[sea_ice/dt] call#1 dt_days=1.000 (last_pass_day=-1.000, k x1.00)
[native_daily/unified] native slice ACTIVE 鈥?weather_knobs embedded; slice_ms=0.18 round_ms=3.40 weather_ms=1.69
[sea_ice/dt] call#1 dt_days=1.000 (last_pass_day=-1.000, k x1.00)
[sea_ice/dt] call#1 dt_days=1.000 (last_pass_day=-1.000, k x1.00)
[sea_ice/dt] call#1 dt_days=1.000 (last_pass_day=-1.000, k x1.00)
[sea_ice/dt] call#1 dt_days=1.000 (last_pass_day=-1.000, k x1.00)
[sea_ice/dt] call#1 dt_days=1.000 (last_pass_day=-1.000, k x1.00)
[sea_ice/dt] call#1 dt_days=1.000 (last_pass_day=-1.000, k x1.00)
[sea_ice/dt] call#1 dt_days=1.000 (last_pass_day=-1.000, k x1.00)
[sea_ice/dt] call#1 dt_days=1.000 (last_pass_day=-1.000, k x1.00)
[sea_ice/dt] call#1 dt_days=1.000 (last_pass_day=-1.000, k x1.00)
[sea_ice/dt] call#1 dt_days=1.000 (last_pass_day=-1.000, k x1.00)
[sea_ice/dt] call#1 dt_days=1.000 (last_pass_day=-1.000, k x1.00)
[sea_ice/dt] call#1 dt_days=1.000 (last_pass_day=-1.000, k x1.00)
[sea_ice/dt] call#1 dt_days=1.000 (last_pass_day=-1.000, k x1.00)
[sea_ice/dt] call#1 dt_days=1.000 (last_pass_day=-1.000, k x1.00)
[sea_ice/dt] call#1 dt_days=1.000 (last_pass_day=-1.000, k x1.00)
[sea_ice/dt] call#1 dt_days=1.000 (last_pass_day=-1.000, k x1.00)
[sea_ice/dt] call#1 dt_days=1.000 (last_pass_day=-1.000, k x1.00)
[sea_ice/dt] call#1 dt_days=1.000 (last_pass_day=-1.000, k x1.00)
[sea_ice/dt] call#1 dt_days=1.000 (last_pass_day=-1.000, k x1.00)
[sea_ice/dt] call#1 dt_days=1.000 (last_pass_day=-1.000, k x1.00)
[sea_ice/dt] call#1 dt_days=1.000 (last_pass_day=-1.000, k x1.00)
[sea_ice/dt] call#1 dt_days=1.000 (last_pass_day=-1.000, k x1.00)
[sea_ice/dt] call#1 dt_days=1.000 (last_pass_day=-1.000, k x1.00)
[sea_ice/dt] call#1 dt_days=1.000 (last_pass_day=-1.000, k x1.00)
[sea_ice/dt] call#1 dt_days=1.000 (last_pass_day=-1.000, k x1.00)
[sea_ice/dt] call#1 dt_days=1.000 (last_pass_day=-1.000, k x1.00)
[sea_ice/dt] call#1 dt_days=1.000 (last_pass_day=-1.000, k x1.00)
[sea_ice/dt] call#1 dt_days=1.000 (last_pass_day=-1.000, k x1.00)
[sea_ice/dt] call#1 dt_days=1.000 (last_pass_day=-1.000, k x1.00)
[sea_ice/dt] call#1 dt_days=1.000 (last_pass_day=-1.000, k x1.00)
[sea_ice/dt] call#1 dt_days=1.000 (last_pass_day=-1.000, k x1.00)
[sea_ice/dt] call#1 dt_days=1.000 (last_pass_day=-1.000, k x1.00)
[sea_ice/dt] call#1 dt_days=1.000 (last_pass_day=-1.000, k x1.00)
[sea_ice/dt] call#1 dt_days=1.000 (last_pass_day=-1.000, k x1.00)
[sea_ice/dt] call#1 dt_days=1.000 (last_pass_day=-1.000, k x1.00)
[sea_ice/dt] call#1 dt_days=1.000 (last_pass_day=-1.000, k x1.00)
  [baseline(one-node)] finalizer=native 危temp_clamped=0 危tta_clamped=7 危thermal_init=0
  [baseline(one-node)] ran 40 days, completed_rounds=40, total_slices=365 (avg 9.13/round), soa=2464
  baseline fingerprint dumped to user://fp_baseline.dat (38 arrays)
ERROR: 12 RID allocations of type 'PN13RendererDummy14TextureStorage12DummyTextureE' were leaked at exit.
WARNING: ObjectDB instances leaked at exit (run with --verbose for details).
   at: cleanup (core/object/object.cpp:2641)
ERROR: 31 resources still in use at exit (run with --verbose for details).
   at: clear (core/io/resource.cpp:810)
