Godot Engine v4.6.2.stable.official.71f334935 - https://godotengine.org

  finalizer path = native(C++)
=== node-batching BIT-EQUAL A/B variant=baseline (56x44, 40 days, seed=717171) ===
[native_generation/base] path=gdext algorithm=post_base_priority_flood_hydrology_v3 n=2464 native_ms=8.308 water=1558 land=906
[native_generation/post_base] path=gdext algorithm=post_base_priority_flood_hydrology_v3 n=2464 native_ms=0.987 lakes=18 rivers=37 volcanoes=3
[native_generation/qa] single_water=0 tiny<=3=0 small<=5=0 bodies=2 largest=1540 | land_below_sea=0.7% | terr_distinct=23 entropy=3.061bit | river_ratio=1.502%
MapGenerator v7: per-cell 72ms (2464 cells, path=gdext_base)
MapBaker v6: hm=(1024, 708) seed=717171
    [fused] terrain=777.7ms erosion=2.4ms(ok=true) river=13.5ms(ok=true) latitude=0.1ms volcano=3.8ms coast_sdf=5.1ms(ok=true)
  geometry fields (fused C++): 892ms
  physical circulation hex solve: deferred until DCWorldExt bind (ext=true idx=true soa=false)
  wind/ocean pixel buffers: skipped (ocean_current_visual off)
WARNING: [DCWorldExt] encode_cell_luts: not bound - fallback to GDScript
   at: push_warning (core/variant/variant_utility.cpp:1034)
   GDScript backtrace (most recent call first):
       [0] bake_cell_luts (res://scripts/rendering/map_baker.gd:4719)
       [1] bake_world (res://scripts/rendering/map_baker.gd:861)
       [2] generate (res://scripts/geography/map_generator.gd:1226)
       [3] _run_variant (res://tests/tmp_native_batch_bitequal_test.gd:107)
       [4] _init (res://tests/tmp_native_batch_bitequal_test.gd:67)
  encode: 423ms
MapBaker v6: total 1315ms
MapGenerator v7: bake 1345ms
MapGenerator: skip _compute_ocean_currents (physical-hex path writes per-cell directly)
MapGenerator: skip _compute_terrain_perturbed_wind (physical-hex solver writes per-cell)
[SUS] sim budget strict=false frame=8.00ms warn=2.00ms slice=0.75ms upload=1.50ms scheduler=DCSystemScheduler native_sus=auto
[DCWorldExt] bind_map_data: 76 components bound (auto-registered=76; snapshot model; see world_ext.cpp comment & charter Â§11)
[DataCore] _data_core_world_ext bound=true (climate co-processor; class=DCWorldExt)
[native_world] configure rc=0 reason=configured cells=2464
[native_generation] path=gdext n=2464 published=9 native_ms=0.119 compute_ms=0.102 flush_ms=0.017
[hex_cell] facade ENABLED (2464 cells bound; ext=true)
[DataCore] _baker climate_profile injected=true (fixes WorldData.config==null sea_ice prepare path)
[phys_solve][oneshot] OK slp=1.24ms wind=0.62ms psi=0.64ms(ran=true) upwelling=0.07ms total=3.15ms
PhysicalCirculation solve@phase=1.50 total=3ms (C++ one-shot run_physical_solve_pass)
  wind/ocean pixel buffers: skipped (ocean_current_visual off)
[physical_init] deferred native refresh complete: 3ms
[weather] gdext acceleration ON (class=DCWorldExt)
[weather] gdext field commit ON
[weather] gdext distribute ON
[weather] gdext summary ON
[weather] hexcell facade ON (skip AoS double-write in hot loop)
[weather] gdext resident knobs ON (class=KnobsHandle)
[weather/knobs] resident KnobsHandle path ACTIVE — first to_*_knobs_dict hit (field_rebuild_count=1 expected ≤1; stable Hz target ≤1 Hz)
[native_daily] ACTIVE: registered native_daily_sim; retained season_refresh + ocean_currents boundary jobs
[DCSystemScheduler] topology: ["season_refresh", "enum_atlas_upload", "ocean_currents", "native_daily_sim", "dynamic_visual_atlas_upload"]
[sea_ice/dt] call#1 dt_days=1.000 (last_pass_day=-1.000, k x1.00)
[sea_ice/dt] call#1 dt_days=1.000 (last_pass_day=-1.000, k x1.00)
[sea_ice/dt] call#1 dt_days=1.000 (last_pass_day=-1.000, k x1.00)
[sea_ice/dt] call#1 dt_days=1.000 (last_pass_day=-1.000, k x1.00)
[native_daily/unified] native slice ACTIVE — weather_knobs embedded; slice_ms=0.18 round_ms=2.52 weather_ms=1.29
[sea_ice/dt] call#1 dt_days=1.000 (last_pass_day=-1.000, k x1.00)
[sea_ice/dt] call#1 dt_days=1.000 (last_pass_day=-1.000, k x1.00)
[sea_ice/dt] call#1 dt_days=1.000 (last_pass_day=-1.000, k x1.00)
[sea_ice/dt] call#1 dt_days=1.000 (last_pass_day=-1.000, k x1.00)
[sea_ice/dt] call#1 dt_days=1.000 (last_pass_day=-1.000, k x1.00)
[sea_ice/dt] call#1 dt_days=1.000 (last_pass_day=-1.000, k x1.00)
[sea_ice/dt] call#1 dt_days=1.000 (last_pass_day=-1.000, k x1.00)
[sea_ice/dt] call#1 dt_days=1.000 (last_pass_day=-1.000, k x1.00)
[sea_ice/dt] call#1 dt_days=1.000 (last_pass_day=-1.000, k x1.00)
[sea_ice/dt] call#1 dt_days=1.000 (last_pass_day=-1.000, k x1.00)
[sea_ice/dt] call#1 dt_days=1.000 (last_pass_day=-1.000, k x1.00)
[sea_ice/dt] call#1 dt_days=1.000 (last_pass_day=-1.000, k x1.00)
[sea_ice/dt] call#1 dt_days=1.000 (last_pass_day=-1.000, k x1.00)
[sea_ice/dt] call#1 dt_days=1.000 (last_pass_day=-1.000, k x1.00)
[sea_ice/dt] call#1 dt_days=1.000 (last_pass_day=-1.000, k x1.00)
[sea_ice/dt] call#1 dt_days=1.000 (last_pass_day=-1.000, k x1.00)
[sea_ice/dt] call#1 dt_days=1.000 (last_pass_day=-1.000, k x1.00)
[sea_ice/dt] call#1 dt_days=1.000 (last_pass_day=-1.000, k x1.00)
[sea_ice/dt] call#1 dt_days=1.000 (last_pass_day=-1.000, k x1.00)
[sea_ice/dt] call#1 dt_days=1.000 (last_pass_day=-1.000, k x1.00)
[sea_ice/dt] call#1 dt_days=1.000 (last_pass_day=-1.000, k x1.00)
[sea_ice/dt] call#1 dt_days=1.000 (last_pass_day=-1.000, k x1.00)
[sea_ice/dt] call#1 dt_days=1.000 (last_pass_day=-1.000, k x1.00)
[sea_ice/dt] call#1 dt_days=1.000 (last_pass_day=-1.000, k x1.00)
[sea_ice/dt] call#1 dt_days=1.000 (last_pass_day=-1.000, k x1.00)
[sea_ice/dt] call#1 dt_days=1.000 (last_pass_day=-1.000, k x1.00)
[sea_ice/dt] call#1 dt_days=1.000 (last_pass_day=-1.000, k x1.00)
[sea_ice/dt] call#1 dt_days=1.000 (last_pass_day=-1.000, k x1.00)
[sea_ice/dt] call#1 dt_days=1.000 (last_pass_day=-1.000, k x1.00)
[sea_ice/dt] call#1 dt_days=1.000 (last_pass_day=-1.000, k x1.00)
[sea_ice/dt] call#1 dt_days=1.000 (last_pass_day=-1.000, k x1.00)
[sea_ice/dt] call#1 dt_days=1.000 (last_pass_day=-1.000, k x1.00)
[sea_ice/dt] call#1 dt_days=1.000 (last_pass_day=-1.000, k x1.00)
[sea_ice/dt] call#1 dt_days=1.000 (last_pass_day=-1.000, k x1.00)
[sea_ice/dt] call#1 dt_days=1.000 (last_pass_day=-1.000, k x1.00)
[sea_ice/dt] call#1 dt_days=1.000 (last_pass_day=-1.000, k x1.00)
  [baseline(one-node)] finalizer=native Σtemp_clamped=0 Σtta_clamped=7 Σthermal_init=0
  [baseline(one-node)] ran 40 days, completed_rounds=40, total_slices=365 (avg 9.13/round), soa=2464
  baseline fingerprint dumped to user://fp_baseline.dat (38 arrays)
ERROR: 12 RID allocations of type 'PN13RendererDummy14TextureStorage12DummyTextureE' were leaked at exit.
WARNING: ObjectDB instances leaked at exit (run with --verbose for details).
   at: cleanup (core/object/object.cpp:2641)
ERROR: 31 resources still in use at exit (run with --verbose for details).
   at: clear (core/io/resource.cpp:810)
