Godot Engine v4.6.2.stable.official.71f334935 - https://godotengine.org

  [PASS] catalog compiles
  [PASS] country configures
  [PASS] economy configures
  [PASS] ten local markets bootstrap
  [PASS] positive income and consumption tax policy commits
  [PASS] default profile enables BALANCED ACTIVE approximation
  [PASS] default profile enables INCREMENTAL closing audit
  [PASS] rolling inspector trace target registers
  [PASS] rolling inspector target has a cohort
  [PASS] rolling inspector transfer queues
[economy-open-finish] day=0 country=0.047 workset=0.009 fiscal=0.039 csr=0.000 recovery=0.000 vectors=0.007 audit=0.004 commands=0.000
  [PASS] day 0 uses bounded multi-chunk continuation
  [PASS] compact slice keeps scheduler fields without full diagnostics
  [PASS] day 0 exposes bounded investment continuation
  [PASS] day 0 exposes sliced household finalization
  [PASS] day 0 exposes household slice timing breakdown
  [PASS] day 0 exposes baked building review phases
  [PASS] day 0 exposes isolated investment prepare timing
  [PASS] day 0 slices building finalize reconciliation
  [PASS] day 0 commits one rolling phase
  [PASS] day 0 preserves completed-epoch performance diagnostics
  [PASS] day 0 conserves all ledgers
  [PASS] day 0 cell 0 state date
  [PASS] day 0 cell 1 state date
  [PASS] day 0 cell 2 state date
  [PASS] day 0 cell 3 state date
  [PASS] day 0 cell 4 state date
  [PASS] day 0 cell 5 state date
  [PASS] day 0 cell 6 state date
  [PASS] day 0 cell 7 state date
  [PASS] day 0 cell 8 state date
  [PASS] day 0 cell 9 state date
  [PASS] non-due trace remains pending before first cell settlement
  [PASS] day 1 uses bounded multi-chunk continuation
  [PASS] day 1 exposes bounded investment continuation
  [PASS] day 1 exposes sliced household finalization
  [PASS] day 1 exposes household slice timing breakdown
  [PASS] day 1 exposes baked building review phases
  [PASS] day 1 exposes isolated investment prepare timing
  [PASS] day 1 slices building finalize reconciliation
  [PASS] day 1 commits one rolling phase
  [PASS] day 1 preserves completed-epoch performance diagnostics
  [PASS] day 1 conserves all ledgers
  [PASS] day 1 cell 0 state date
  [PASS] day 1 cell 1 state date
  [PASS] day 1 cell 2 state date
  [PASS] day 1 cell 3 state date
  [PASS] day 1 cell 4 state date
  [PASS] day 1 cell 5 state date
  [PASS] day 1 cell 6 state date
  [PASS] day 1 cell 7 state date
  [PASS] day 1 cell 8 state date
  [PASS] day 1 cell 9 state date
  [PASS] due trace exposes the classified transfer
  [PASS] due trace exposes income and consumption tax expense rows
  [PASS] day 2 uses bounded multi-chunk continuation
  [PASS] day 2 exposes bounded investment continuation
  [PASS] day 2 exposes sliced household finalization
  [PASS] day 2 exposes household slice timing breakdown
  [PASS] day 2 exposes baked building review phases
  [PASS] day 2 exposes isolated investment prepare timing
  [PASS] day 2 slices building finalize reconciliation
  [PASS] day 2 commits one rolling phase
  [PASS] day 2 preserves completed-epoch performance diagnostics
  [PASS] day 2 conserves all ledgers
  [PASS] day 2 cell 0 state date
  [PASS] day 2 cell 1 state date
  [PASS] day 2 cell 2 state date
  [PASS] day 2 cell 3 state date
  [PASS] day 2 cell 4 state date
  [PASS] day 2 cell 5 state date
  [PASS] day 2 cell 6 state date
  [PASS] day 2 cell 7 state date
  [PASS] day 2 cell 8 state date
  [PASS] day 2 cell 9 state date
  [PASS] non-due day 2 preserves the last classified trace
  [PASS] day 3 uses bounded multi-chunk continuation
  [PASS] day 3 exposes bounded investment continuation
  [PASS] day 3 exposes sliced household finalization
  [PASS] day 3 exposes household slice timing breakdown
  [PASS] day 3 exposes baked building review phases
  [PASS] day 3 exposes isolated investment prepare timing
  [PASS] day 3 slices building finalize reconciliation
  [PASS] day 3 commits one rolling phase
  [PASS] day 3 preserves completed-epoch performance diagnostics
  [PASS] day 3 conserves all ledgers
  [PASS] day 3 cell 0 state date
  [PASS] day 3 cell 1 state date
  [PASS] day 3 cell 2 state date
  [PASS] day 3 cell 3 state date
  [PASS] day 3 cell 4 state date
  [PASS] day 3 cell 5 state date
  [PASS] day 3 cell 6 state date
  [PASS] day 3 cell 7 state date
  [PASS] day 3 cell 8 state date
  [PASS] day 3 cell 9 state date
  [PASS] non-due day 3 preserves the last classified trace
  [PASS] day 4 uses bounded multi-chunk continuation
  [PASS] day 4 exposes bounded investment continuation
  [PASS] day 4 exposes sliced household finalization
  [PASS] day 4 exposes household slice timing breakdown
  [PASS] day 4 exposes baked building review phases
  [PASS] day 4 exposes isolated investment prepare timing
  [PASS] day 4 slices building finalize reconciliation
  [PASS] day 4 commits one rolling phase
  [PASS] day 4 preserves completed-epoch performance diagnostics
  [PASS] day 4 conserves all ledgers
  [PASS] day 4 cell 0 state date
  [PASS] day 4 cell 1 state date
  [PASS] day 4 cell 2 state date
  [PASS] day 4 cell 3 state date
  [PASS] day 4 cell 4 state date
  [PASS] day 4 cell 5 state date
  [PASS] day 4 cell 6 state date
  [PASS] day 4 cell 7 state date
  [PASS] day 4 cell 8 state date
  [PASS] day 4 cell 9 state date
  [PASS] non-due day 4 preserves the last classified trace
  [PASS] day 5 uses bounded multi-chunk continuation
  [PASS] day 5 exposes bounded investment continuation
  [PASS] day 5 exposes sliced household finalization
  [PASS] day 5 exposes household slice timing breakdown
  [PASS] day 5 exposes baked building review phases
  [PASS] day 5 exposes isolated investment prepare timing
  [PASS] day 5 slices building finalize reconciliation
  [PASS] day 5 commits one rolling phase
  [PASS] day 5 preserves completed-epoch performance diagnostics
  [PASS] day 5 conserves all ledgers
  [PASS] day 5 cell 0 state date
  [PASS] day 5 cell 1 state date
  [PASS] day 5 cell 2 state date
  [PASS] day 5 cell 3 state date
  [PASS] day 5 cell 4 state date
  [PASS] day 5 cell 5 state date
  [PASS] day 5 cell 6 state date
  [PASS] day 5 cell 7 state date
  [PASS] day 5 cell 8 state date
  [PASS] day 5 cell 9 state date
  [PASS] non-due day 5 preserves the last classified trace
  [PASS] day 6 uses bounded multi-chunk continuation
  [PASS] day 6 exposes bounded investment continuation
  [PASS] day 6 exposes sliced household finalization
  [PASS] day 6 exposes household slice timing breakdown
  [PASS] day 6 exposes baked building review phases
  [PASS] day 6 exposes isolated investment prepare timing
  [PASS] day 6 slices building finalize reconciliation
  [PASS] day 6 commits one rolling phase
  [PASS] day 6 preserves completed-epoch performance diagnostics
  [PASS] day 6 conserves all ledgers
  [PASS] day 6 cell 0 state date
  [PASS] day 6 cell 1 state date
  [PASS] day 6 cell 2 state date
  [PASS] day 6 cell 3 state date
  [PASS] day 6 cell 4 state date
  [PASS] day 6 cell 5 state date
  [PASS] day 6 cell 6 state date
  [PASS] day 6 cell 7 state date
  [PASS] day 6 cell 8 state date
  [PASS] day 6 cell 9 state date
  [PASS] day 7 uses bounded multi-chunk continuation
  [PASS] day 7 exposes bounded investment continuation
  [PASS] day 7 exposes sliced household finalization
  [PASS] day 7 exposes household slice timing breakdown
  [PASS] day 7 exposes baked building review phases
  [PASS] day 7 exposes isolated investment prepare timing
  [PASS] day 7 slices building finalize reconciliation
  [PASS] day 7 commits one rolling phase
  [PASS] day 7 preserves completed-epoch performance diagnostics
  [PASS] day 7 conserves all ledgers
  [PASS] day 7 cell 0 state date
  [PASS] day 7 cell 1 state date
  [PASS] day 7 cell 2 state date
  [PASS] day 7 cell 3 state date
  [PASS] day 7 cell 4 state date
  [PASS] day 7 cell 5 state date
  [PASS] day 7 cell 6 state date
  [PASS] day 7 cell 7 state date
  [PASS] day 7 cell 8 state date
  [PASS] day 7 cell 9 state date
  [PASS] household tax enters country treasury without tariff events
  [FAIL] PKEC v47 saves at a daily committed boundary
  [PASS] restore country matches
  [PASS] PKCN tax and treasury restore matches
  [PASS] restore economy configures
  [FAIL] rolling save restores exact hash
  [PASS] day 8 uses bounded multi-chunk continuation
  [PASS] day 8 exposes bounded investment continuation
  [PASS] day 8 exposes sliced household finalization
  [PASS] day 8 exposes household slice timing breakdown
  [PASS] day 8 exposes baked building review phases
  [PASS] day 8 exposes isolated investment prepare timing
  [PASS] day 8 slices building finalize reconciliation
  [PASS] day 8 commits one rolling phase
  [PASS] day 8 preserves completed-epoch performance diagnostics
  [PASS] day 8 conserves all ledgers
  [PASS] day 8 cell 0 state date
  [PASS] day 8 cell 1 state date
  [PASS] day 8 cell 2 state date
  [PASS] day 8 cell 3 state date
  [PASS] day 8 cell 4 state date
  [PASS] day 8 cell 5 state date
  [PASS] day 8 cell 6 state date
  [PASS] day 8 cell 7 state date
  [PASS] day 8 cell 8 state date
  [PASS] day 8 cell 9 state date
  [FAIL] day 8 uses bounded multi-chunk continuation
  [FAIL] day 8 exposes bounded investment continuation
  [PASS] day 8 exposes sliced household finalization
  [PASS] day 8 exposes household slice timing breakdown
  [FAIL] day 8 exposes baked building review phases
  [FAIL] day 8 exposes isolated investment prepare timing
  [PASS] day 8 slices building finalize reconciliation
  [FAIL] day 8 commits one rolling phase
  [FAIL] day 8 preserves completed-epoch performance diagnostics
  [PASS] day 8 conserves all ledgers
  [FAIL] day 8 cell 0 state date
  [FAIL] day 8 cell 1 state date
  [FAIL] day 8 cell 2 state date
  [FAIL] day 8 cell 3 state date
  [FAIL] day 8 cell 4 state date
  [FAIL] day 8 cell 5 state date
  [FAIL] day 8 cell 6 state date
  [FAIL] day 8 cell 7 state date
  [FAIL] day 8 cell 8 state date
  [FAIL] day 8 cell 9 state date

================================================================
CrashHandlerException: Program crashed with signal 11
Engine version: Godot Engine v4.6.2.stable.official (71f334935c000924d403448e698df4441130df18)
Dumping the backtrace. Please include this when reporting the bug on: https://github.com/godotengine/godot/issues
[1] error(-1): no debug info in PE/COFF executable
[2] error(-1): no debug info in PE/COFF executable
[3] error(-1): no debug info in PE/COFF executable
[4] error(-1): no debug info in PE/COFF executable
[5] error(-1): no debug info in PE/COFF executable
[6] error(-1): no debug info in PE/COFF executable
[7] error(-1): no debug info in PE/COFF executable
[8] error(-1): no debug info in PE/COFF executable
[9] error(-1): no debug info in PE/COFF executable
[10] error(-1): no debug info in PE/COFF executable
[11] error(-1): no debug info in PE/COFF executable
[12] error(-1): no debug info in PE/COFF executable
[13] error(-1): no debug info in PE/COFF executable
[14] error(-1): no debug info in PE/COFF executable
[15] error(-1): no debug info in PE/COFF executable
[16] error(-1): no debug info in PE/COFF executable
[17] error(-1): no debug info in PE/COFF executable
[18] error(-1): no debug info in PE/COFF executable
[19] error(-1): no debug info in PE/COFF executable
[20] error(-1): no debug info in PE/COFF executable
[21] error(-1): no debug info in PE/COFF executable
[22] error(-1): no debug info in PE/COFF executable
[23] error(-1): no debug info in PE/COFF executable
[24] error(-1): no debug info in PE/COFF executable
[25] error(-1): no debug info in PE/COFF executable
[26] error(-1): no debug info in PE/COFF executable
[27] error(-1): no debug info in PE/COFF executable
-- END OF C++ BACKTRACE --
================================================================
GDScript backtrace (most recent call first):
    [0] _run (res://tests/economy_rolling_runtime_test.gd:122)
    [1] _init (res://tests/economy_rolling_runtime_test.gd:11)
-- END OF GDSCRIPT BACKTRACE --
================================================================
