Godot Engine v4.6.2.stable.official.71f334935 - https://godotengine.org

[save-repository] slot directory overridden to F:\Developent\Godot\Project.Keynes\tmp
[save-replay] slot=autosave days=1000 speed=50.0 day_timeout=60000ms
[ui-layout-diag/bind_ui] is_web=false viewport_visible_rect=[P: (0.0, 0.0), S: (64.0, 64.0)] window_size=(64, 64) content_scale_factor=1.000 content_scale_mode=0 device_pixel_ratio=-1.000 top_bar_rect=[P: (0.0, 0.0), S: (543.0, 56.0)] right_panel_rect=[P: (-396.0, 68.0), S: (460.0, 366.0)] country_action_bar_rect=[P: (8.0, -18.0), S: (336.0, 74.0)]
[building-visual] queue_probe ticks=1 queued=0 chunk=-1 camera_rect=[P: (-32.0, -32.0), S: (64.0, 64.0)] prefetch=false zoom=1.000
[building-visual] queue_probe ticks=2 queued=0 chunk=-1 camera_rect=[P: (-32.0, -32.0), S: (64.0, 64.0)] prefetch=false zoom=1.000
[native_generation/base] path=gdext algorithm=post_base_priority_flood_hydrology_v3 n=2400 native_ms=8.483 water=1546 land=854
[native_generation/post_base] path=gdext algorithm=post_base_priority_flood_hydrology_v3 n=2400 native_ms=1.686 lakes=0 rivers=134 volcanoes=0
[native_generation/vegetation] native_ms=0.651 candidates=850 none=1166 score=[0.000,1.201,1.145] plant_water_land=854 river_adjacent_desert=0 coastal_highland_desert=0 terrain_weight=[0.180,1.200]
[native_generation/qa] single_water=0 tiny<=3=0 small<=5=0 bodies=1 largest=1546 | land_below_sea=0.0% | terr_distinct=22 entropy=3.070bit | river_ratio=5.583%
MapGenerator v7: per-cell 103ms (2400 cells, path=gdext)
[building-visual] queue_probe ticks=3 queued=0 chunk=-1 camera_rect=[P: (-32.0, -32.0), S: (64.0, 64.0)] prefetch=false zoom=1.000
MapBaker v6: hm=(1024, 606) seed=1891498759
    [fused] terrain=87.6ms erosion=2.7ms(ok=true) river=10.6ms(ok=true) latitude=0.1ms coast_sdf=4.1ms(ok=true)
  geometry fields (fused C++): 180ms
  physical circulation hex solve: deferred until DCWorldExt bind (ext=true idx=true soa=false)
  wind/ocean pixel buffers: skipped (ocean_current_visual off)
  visual tiles: {"degradation_reason":"","effective_budget_px":1717248,"effective_texels_per_hex":16.0059221751742,"effective_world_units_per_texel":"(1.373983, 1.375)","estimated_peak_bytes":68402880,"estimated_resident_bytes":40340160,"fallback_reason":"","generation_id":1,"grid_size":"(4, 3)","gutter_px":2,"hex_size":22.0,"horizon_path":"neutral_pending","interior_size":"(416, 344)","layer_size":"(420, 348)","layers":[{"bake_ms":89.602,"coast_sdf_max_dist_px":13.6162309214075,"distance_scale":1.70202886517594,"edge_distance_saturate_hex":0.9,"edge_distance_units":"normalized_hex_center_gap","hashes":{"edge_distance":5745253967012291076,"edge_neighbor":6412154147337874011,"height":2318469220320144360,"map_index":7219032183909733551,"terrain_detail":8091301763434683572,"terrain_normal":-3162160102363937747,"water_depth":2693318737079070002},"layer":0,"normal_radius_px":"(22, 22)","raster_scale":"(1.701088, 1.70297)","river_sdf_max_dist_px":5.9571010281158,"shore_carve_band_px":10,"upload_ms":0.083,"wall_ms":89.839},{"bake_ms":98.6903,"coast_sdf_max_dist_px":13.6162309214075,"distance_scale":1.70202886517594,"edge_distance_saturate_hex":0.9,"edge_distance_units":"normalized_hex_center_gap","hashes":{"edge_distance":5237508796394535974,"edge_neighbor":3595860925958786347,"height":489786577393212457,"map_index":-4105252952704072786,"terrain_detail":-3901680320202547919,"terrain_normal":7949331139393904778,"water_depth":-3592915096569862065},"layer":1,"normal_radius_px":"(22, 22)","raster_scale":"(1.701088, 1.70297)","river_sdf_max_dist_px":5.9571010281158,"shore_carve_band_px":10,"upload_ms":0.085,"wall_ms":98.885},{"bake_ms":53.2455,"coast_sdf_max_dist_px":13.6162309214075,"distance_scale":1.70202886517594,"edge_distance_saturate_hex":0.9,"edge_distance_units":"normalized_hex_center_gap","hashes":{"edge_distance":4891812844590573926,"edge_neighbor":-7564419581944174240,"height":-3958687591481308071,"map_index":-5929201786061615847,"terrain_detail":725835612093744862,"terrain_normal":-7701213585738823337,"water_depth":-8474200007067608143},"layer":2,"normal_radius_px":"(22, 22)","raster_scale":"(1.701088, 1.70297)","river_sdf_max_dist_px":5.9571010281158,"shore_carve_band_px":10,"upload_ms":0.095,"wall_ms":53.467},{"bake_ms":113.9566,"coast_sdf_max_dist_px":13.6162309214075,"distance_scale":1.70202886517594,"edge_distance_saturate_hex":0.9,"edge_distance_units":"normalized_hex_center_gap","hashes":{"edge_distance":-5405245657099180711,"edge_neighbor":1573303900353848012,"height":5160435325546673823,"map_index":4676039179867095464,"terrain_detail":2228511107875273693,"terrain_normal":-8646141357524128198,"water_depth":292623747737675498},"layer":3,"normal_radius_px":"(22, 22)","raster_scale":"(1.701088, 1.70297)","river_sdf_max_dist_px":5.9571010281158,"shore_carve_band_px":10,"upload_ms":0.08,"wall_ms":114.142},{"bake_ms":98.2429,"coast_sdf_max_dist_px":13.6162309214075,"distance_scale":1.70202886517594,"edge_distance_saturate_hex":0.9,"edge_distance_units":"normalized_hex_center_gap","hashes":{"edge_distance":-5880001966868430279,"edge_neighbor":-6991940041368957198,"height":8405338912169807986,"map_index":-3593026477873491176,"terrain_detail":-6736256310592379057,"terrain_normal":3157512816380590684,"water_depth":504053943833845997},"layer":4,"normal_radius_px":"(22, 22)","raster_scale":"(1.701088, 1.70297)","river_sdf_max_dist_px":5.9571010281158,"shore_carve_band_px":10,"upload_ms":0.069,"wall_ms":98.408},{"bake_ms":84.4036,"coast_sdf_max_dist_px":13.6162309214075,"distance_scale":1.70202886517594,"edge_distance_saturate_hex":0.9,"edge_distance_units":"normalized_hex_center_gap","hashes":{"edge_distance":3451836777673321450,"edge_neighbor":-6036116376872691173,"height":4553439657430674734,"map_index":4114404909309975984,"terrain_detail":-5951347343499123772,"terrain_normal":-2696372255763671643,"water_depth":-8473834029813691826},"layer":5,"normal_radius_px":"(22, 22)","raster_scale":"(1.701088, 1.70297)","river_sdf_max_dist_px":5.9571010281158,"shore_carve_band_px":10,"upload_ms":0.069,"wall_ms":84.55},{"bake_ms":93.124,"coast_sdf_max_dist_px":13.6162309214075,"distance_scale":1.70202886517594,"edge_distance_saturate_hex":0.9,"edge_distance_units":"normalized_hex_center_gap","hashes":{"edge_distance":868921888386744733,"edge_neighbor":-7839011092070193786,"height":5061071498075663821,"map_index":-8826434092770706617,"terrain_detail":-2478286504208785615,"terrain_normal":628975544942790000,"water_depth":-2640347462536598777},"layer":6,"normal_radius_px":"(22, 22)","raster_scale":"(1.701088, 1.70297)","river_sdf_max_dist_px":5.9571010281158,"shore_carve_band_px":10,"upload_ms":0.064,"wall_ms":93.282},{"bake_ms":121.6329,"coast_sdf_max_dist_px":13.6162309214075,"distance_scale":1.70202886517594,"edge_distance_saturate_hex":0.9,"edge_distance_units":"normalized_hex_center_gap","hashes":{"edge_distance":-447074389059662088,"edge_neighbor":8393152564030122017,"height":8990104062243063095,"map_index":-1983203191509699105,"terrain_detail":-6174401346806903445,"terrain_normal":-3754083214617930173,"water_depth":6793751952512525824},"layer":7,"normal_radius_px":"(22, 22)","raster_scale":"(1.701088, 1.70297)","river_sdf_max_dist_px":5.9571010281158,"shore_carve_band_px":10,"upload_ms":0.066,"wall_ms":121.803},{"bake_ms":60.3471,"coast_sdf_max_dist_px":13.6162309214075,"distance_scale":1.70202886517594,"edge_distance_saturate_hex":0.9,"edge_distance_units":"normalized_hex_center_gap","hashes":{"edge_distance":6638825977103425445,"edge_neighbor":-345893988731248375,"height":3903511475945756751,"map_index":-6062754633971378620,"terrain_detail":8027941741214590696,"terrain_normal":-3530699052548844968,"water_depth":-5145287784035445562},"layer":8,"normal_radius_px":"(22, 22)","raster_scale":"(1.701088, 1.70297)","river_sdf_max_dist_px":5.9571010281158,"shore_carve_band_px":10,"upload_ms":0.062,"wall_ms":60.481},{"bake_ms":72.4841,"coast_sdf_max_dist_px":13.6162309214075,"distance_scale":1.70202886517594,"edge_distance_saturate_hex":0.9,"edge_distance_units":"normalized_hex_center_gap","hashes":{"edge_distance":292078081965774362,"edge_neighbor":-6044753451696528625,"height":-8178934274740215736,"map_index":-5438575460675119603,"terrain_detail":-4794927741009206671,"terrain_normal":-8696738528788300543,"water_depth":-7060495574503565351},"layer":9,"normal_radius_px":"(22, 22)","raster_scale":"(1.701088, 1.70297)","river_sdf_max_dist_px":5.9571010281158,"shore_carve_band_px":10,"upload_ms":0.063,"wall_ms":72.622},{"bake_ms":45.3377,"coast_sdf_max_dist_px":13.6162309214075,"distance_scale":1.70202886517594,"edge_distance_saturate_hex":0.9,"edge_distance_units":"normalized_hex_center_gap","hashes":{"edge_distance":-2925537607541645508,"edge_neighbor":4825390688322471762,"height":-5522328361270598569,"map_index":-5143740485358757431,"terrain_detail":1723035865584601831,"terrain_normal":9028379417581768753,"water_depth":6711647395166139482},"layer":10,"normal_radius_px":"(22, 22)","raster_scale":"(1.701088, 1.70297)","river_sdf_max_dist_px":5.9571010281158,"shore_carve_band_px":10,"upload_ms":0.091,"wall_ms":45.544},{"bake_ms":34.5782,"coast_sdf_max_dist_px":13.6162309214075,"distance_scale":1.70202886517594,"edge_distance_saturate_hex":0.9,"edge_distance_units":"normalized_hex_center_gap","hashes":{"edge_distance":9175920131718456734,"edge_neighbor":-8950625300502208486,"height":7318768704488063531,"map_index":-115941363284451596,"terrain_detail":6808164806304314874,"terrain_normal":6364195478582078144,"water_depth":-5504939335319927866},"layer":11,"normal_radius_px":"(22, 22)","raster_scale":"(1.701088, 1.70297)","river_sdf_max_dist_px":5.9571010281158,"shore_carve_band_px":10,"upload_ms":0.056,"wall_ms":34.718}],"logical_size":"(1664, 1032)","mode":"tiled","path":"visual_tiled_static","profile":"desktop_high","renderer":"mobile","requested_budget_px":1716216,"requested_texels_per_hex":16.0,"requested_tile_world_span":"(704.0, 704.0)","requested_world_units_per_texel":1.375,"tile_world_area":270355.817993164,"tile_world_span":"(571.5768, 473.0)","total_ms":971.577,"visual_domain":"[P: (0.0, -44.0), S: (2286.307, 1419.0)]","wrap_period_x":2286.30706599092,"wrap_x":true}
WARNING: Loaded resource as image file, this will not work on export: 'res://assets/textures/terrain_materials/organic.png'. Instead, import the image file as an Image resource and load it normally as a resource.
   at: load (core/io/image.cpp:2756)
   GDScript backtrace (most recent call first):
       [0] _build_terrain_material_tex (res://scripts/rendering/map_baker.gd:360)
       [1] get_or_build_shared_terrain_material_tex (res://scripts/rendering/map_baker.gd:343)
       [2] bake_world (res://scripts/rendering/map_baker.gd:1187)
       [3] _yield_generation_frame (res://scripts/rendering/map_baker.gd:1225)
WARNING: Loaded resource as image file, this will not work on export: 'res://assets/textures/terrain_materials/dry_sand.png'. Instead, import the image file as an Image resource and load it normally as a resource.
   at: load (core/io/image.cpp:2756)
   GDScript backtrace (most recent call first):
       [0] _build_terrain_material_tex (res://scripts/rendering/map_baker.gd:360)
       [1] get_or_build_shared_terrain_material_tex (res://scripts/rendering/map_baker.gd:343)
       [2] bake_world (res://scripts/rendering/map_baker.gd:1187)
       [3] _yield_generation_frame (res://scripts/rendering/map_baker.gd:1225)
WARNING: Loaded resource as image file, this will not work on export: 'res://assets/textures/terrain_materials/rock.png'. Instead, import the image file as an Image resource and load it normally as a resource.
   at: load (core/io/image.cpp:2756)
   GDScript backtrace (most recent call first):
       [0] _build_terrain_material_tex (res://scripts/rendering/map_baker.gd:360)
       [1] get_or_build_shared_terrain_material_tex (res://scripts/rendering/map_baker.gd:343)
       [2] bake_world (res://scripts/rendering/map_baker.gd:1187)
       [3] _yield_generation_frame (res://scripts/rendering/map_baker.gd:1225)
WARNING: Loaded resource as image file, this will not work on export: 'res://assets/textures/terrain_materials/snow_wet.png'. Instead, import the image file as an Image resource and load it normally as a resource.
   at: load (core/io/image.cpp:2756)
   GDScript backtrace (most recent call first):
       [0] _build_terrain_material_tex (res://scripts/rendering/map_baker.gd:360)
       [1] get_or_build_shared_terrain_material_tex (res://scripts/rendering/map_baker.gd:343)
       [2] bake_world (res://scripts/rendering/map_baker.gd:1187)
       [3] _yield_generation_frame (res://scripts/rendering/map_baker.gd:1225)
  cell LUT encode: deferred until DCWorldExt bind
  encode: 3929ms
MapBaker v6: total 4117ms
MapGenerator v7: bake 4148ms
MapGenerator: skip _compute_ocean_currents (physical-hex path writes per-cell directly)
MapGenerator: skip _compute_terrain_perturbed_wind (physical-hex solver writes per-cell)
[SUS] sim budget strict=false frame=8.00ms warn=2.00ms slice=0.75ms upload=1.50ms scheduler=DCSystemScheduler native_sus=auto
[DCWorldExt] bind_map_data: 148 components bound (auto-registered=148; snapshot model; see world_ext.cpp comment & charter Â§11)
[DataCore] _data_core_world_ext bound=true (climate co-processor; class=DCWorldExt)
[native_world] configure rc=0 reason=configured cells=2400 wrap_period_x=103.923
[native_generation] path=gdext n=2400 published=9 native_ms=0.183 compute_ms=0.109 flush_ms=0.073
[hex_cell] facade ENABLED (2400 cells bound; ext=true)
[DataCore] _baker climate_profile injected=true (fixes WorldData.config==null sea_ice prepare path)
[phys_solve][oneshot] OK slp=1.13ms wind=0.64ms psi=0.39ms(ran=true) upwelling=0.08ms total=2.81ms
PhysicalCirculation solve@phase=1.50 total=3ms (C++ one-shot run_physical_solve_pass)
  wind/ocean pixel buffers: skipped (ocean_current_visual off)
[physical_init] deferred native refresh complete: 3ms
[cell_lut] deferred encode: 3ms path=gdext
[bio-occupancy] seed landmasses=7 provinces=7 species=20 secondary_hearths=10
[bio-occupancy]   bio.maize envelope=83 hearth=2 seeded_landmasses=1 primary_landmass=2 primary_envelope=43 occupied=2 occupied/envelope=0.05
[bio-occupancy]   bio.wheat envelope=195 hearth=48 seeded_landmasses=2 primary_landmass=1 primary_envelope=68 occupied=48 occupied/envelope=0.71
[bio-occupancy]   bio.rice envelope=79 hearth=26 seeded_landmasses=3 primary_landmass=2 primary_envelope=34 occupied=26 occupied/envelope=0.76
[bio-occupancy]   bio.potato envelope=152 hearth=55 seeded_landmasses=3 primary_landmass=3 primary_envelope=58 occupied=55 occupied/envelope=0.95
[bio-occupancy]   bio.horse envelope=223 hearth=41 seeded_landmasses=1 primary_landmass=3 primary_envelope=82 occupied=41 occupied/envelope=0.50
[bio-occupancy]   bio.cotton envelope=150 hearth=56 seeded_landmasses=1 primary_landmass=2 primary_envelope=102 occupied=56 occupied/envelope=0.55
[bio-occupancy]   bio.flax envelope=188 hearth=40 seeded_landmasses=1 primary_landmass=3 primary_envelope=72 occupied=40 occupied/envelope=0.56
[bio-occupancy]   bio.spice envelope=129 hearth=7 seeded_landmasses=1 primary_landmass=1 primary_envelope=23 occupied=7 occupied/envelope=0.30
[bio-occupancy]   bio.rubber envelope=91 hearth=4 seeded_landmasses=1 primary_landmass=3 primary_envelope=17 occupied=4 occupied/envelope=0.24
[bio-occupancy]   bio.sheep envelope=44 hearth=1 seeded_landmasses=1 primary_landmass=1 primary_envelope=9 occupied=1 occupied/envelope=0.11
[bio-occupancy]   bio.goat envelope=396 hearth=73 seeded_landmasses=2 primary_landmass=1 primary_envelope=133 occupied=73 occupied/envelope=0.55
[bio-occupancy]   bio.cattle envelope=35 hearth=7 seeded_landmasses=1 primary_landmass=2 primary_envelope=13 occupied=7 occupied/envelope=0.54
[bio-occupancy]   bio.pig envelope=356 hearth=135 seeded_landmasses=3 primary_landmass=2 primary_envelope=179 occupied=135 occupied/envelope=0.75
[bio-occupancy]   bio.camel envelope=66 hearth=8 seeded_landmasses=1 primary_landmass=3 primary_envelope=17 occupied=8 occupied/envelope=0.47
[bio-occupancy]   bio.yak envelope=82 hearth=41 seeded_landmasses=3 primary_landmass=1 primary_envelope=59 occupied=41 occupied/envelope=0.69
[bio-occupancy]   bio.silkworm envelope=182 hearth=54 seeded_landmasses=1 primary_landmass=2 primary_envelope=119 occupied=54 occupied/envelope=0.45
[bio-occupancy]   bio.reed envelope=171 hearth=38 seeded_landmasses=3 primary_landmass=2 primary_envelope=67 occupied=38 occupied/envelope=0.57
[bio-occupancy]   bio.bast_fiber envelope=255 hearth=28 seeded_landmasses=1 primary_landmass=3 primary_envelope=90 occupied=28 occupied/envelope=0.31
[bio-occupancy]   bio.dye_plant envelope=157 hearth=17 seeded_landmasses=1 primary_landmass=1 primary_envelope=33 occupied=17 occupied/envelope=0.52
[bio-occupancy]   bio.medicinal_herb envelope=404 hearth=174 seeded_landmasses=3 primary_landmass=2 primary_envelope=193 occupied=174 occupied/envelope=0.90
[bio-occupancy]   landmass 1 classes=cold_grazer, dry_grazer, fiber_forest, fiber_wet, highland_food, open_food, open_grazer, forest_grazer, fiber_open, wetland_food, tropical foods=potato, wheat, rice
[bio-occupancy]   landmass 2 classes=fiber_forest, cold_grazer, forest_grazer, highland_food, fiber_wet, dry_grazer, open_food, fiber_open, open_grazer, wetland_food, tropical foods=potato, maize, rice
[bio-occupancy]   landmass 3 classes=fiber_wet, fiber_forest, forest_grazer, dry_grazer, tropical, wetland_food, open_food, open_grazer, fiber_open, highland_food, cold_grazer foods=rice, wheat, potato
[bio-occupancy]   landmass 4 classes=none foods=none
[bio-occupancy]   landmass 5 classes=none foods=none
[bio-occupancy]   landmass 6 classes=none foods=none
[bio-occupancy]   landmass 7 classes=none foods=none
[weather] gdext acceleration ON (class=DCWorldExt)
[weather] gdext field commit ON
[weather] gdext distribute ON
[weather] gdext summary ON
[weather] hexcell facade ON (skip AoS double-write in hot loop)
[weather] gdext resident knobs ON (class=KnobsHandle)
[save/restore] country configured without bootstrap; awaiting PKCN
[weather/knobs] resident KnobsHandle path ACTIVE — first to_*_knobs_dict hit (field_rebuild_count=1 expected ≤1; stable Hz target ≤1 Hz)
[native_daily] ACTIVE: registered native_daily_sim + natural_resource_daily + bio_occupancy_daily; retained season_refresh + ocean_currents boundary jobs
[DCSystemScheduler] topology: ["season_refresh", "effect_runtime", "gameplay_effect", "natural_resource_daily", "bio_occupancy_daily", "enum_atlas_upload", "ocean_currents", "native_daily_sim", "dynamic_visual_atlas_upload"]
[save/restore] PKCN restored; economy configured and awaiting PKEC
[DCSystemScheduler] topology: ["trigger_runtime", "ideology_runtime", "modifier_daily", "season_refresh", "effect_runtime", "gameplay_effect", "natural_resource_daily", "bio_occupancy_daily", "enum_atlas_upload", "ocean_currents", "native_daily_sim", "dynamic_visual_atlas_upload", "country_daily", "economy_daily"]
[save/restore] PKCN and PKEC restored; country/economy systems registered
[building-visual] intel_refresh requested=50 changed=0 known=3 catalog=400 resident=0 body=0 queued=0 zoom=1.000
WARNING: [runtime-climate-round] no ClimateDailySystem; SHADOW capture carries no shared pass input
   at: push_warning (core/variant/variant_utility.cpp:1034)
   GDScript backtrace (most recent call first):
       [0] _build_runtime_climate_round_input (res://scripts/geography/map_generator.gd:4673)
       [1] capture_runtime_inputs_for_worker (res://scripts/geography/map_generator.gd:2356)
       [2] generate_world (res://scripts/game/world_runtime_host.gd:724)
       [3] generate (res://scripts/geography/map_generator.gd:1606)
       [4] _yield_generation_frame (res://scripts/geography/map_generator.gd:19920)
WARNING: [runtime-worker] Ideology opinion publish deferred: ideology_opinion_snapshot_invalid
   at: push_warning (core/variant/variant_utility.cpp:1034)
   GDScript backtrace (most recent call first):
       [0] _start_production_shadow_worker (res://scripts/game/world_runtime_host.gd:815)
       [1] generate_world (res://scripts/game/world_runtime_host.gd:733)
       [2] generate (res://scripts/geography/map_generator.gd:1606)
       [3] _yield_generation_frame (res://scripts/geography/map_generator.gd:19920)
[economy-climate-gate] day=26281 climate_ok=0 stall=0x10 ring=0
[runtime-day-wait] day=26281 env_day=26280 missing=0x3ff stall=0x10 economy_input=-1
[runtime-day-wait] day=26281 env_day=26280 missing=0x3ff stall=0x10 economy_input=-1 ring=0 country=
[runtime-worker] production ACTIVE started mask=4095 auto_pod=true
[tech-ui-diag/query] apply ok gen=13594 day=26280 view_gen=13594 progress_total=259860002 pending_words=36
[tech-ui-diag/research] handle=4294967296 gen=13594 day=26280 owned=62 pending=0 queued=0 progress_nonzero=57 stock=33081 deferred=33081 consumed=259860002 cash=2461770546063 budget=10000000 auto=1
[save-replay] loaded day=26280 country=0 economy=""
[DCSystemScheduler][RT] ocean_skip#1 tick=26281 reason=policy_gated slices=0 elapsed=0.000 progress=0.000 source=day_changed
[climate][publish] day=26280 round_ran=0 prod_stage=0x0 scalar_mask=0x0 alb=0 veg=0 fb=0 weather=0 sr=0 ok=1
[phys/knobs] projection ready: slp=31 wind=33 psi=26 up=10
[climate/worker][b8] physics_knobs day=26281 ready=1 missing=
[DCSystemScheduler][RT] ocean_skip#2 tick=26282 reason=policy_gated slices=0 elapsed=0.000 progress=0.000 source=day_changed
[climate/worker][b8] paw day=26281 cell=73 moisture=0.867248 wb30=-0.00473684 soil=0 paw=0.864169 zeros(water=1546 land=0) nonzero=854 weights(wb=0.35 soil=0.25 dry=0.65) round=1 distribute=1 hydrology=0
[climate-kernel][round] shared=1 ok=1 n_cells=2400 mask=0x1FF ran=0x1FF starved=0x0 knobs_cells=2400
[climate/worker][b8] cyclone_gate day=26281 input_enabled=0 force_env=0 effective=0
[climate/worker][b8] weather_solve day=26281 cells=2400 psi=1 vapor0=0.103939 precip0=0 cloud0=0.0465832 type0=0 field_init0=1
[country][parity] worker_day=26281 uncompared reference_range=-1..-1 depth=0
[tech-ui-diag/query] apply ok gen=13594 day=26281 view_gen=13594 progress_total=259860002 pending_words=36
[research-procure-diag] day=26281 phase=0 done=0 cands=8 cursor=0 enabled=0 remain=0 budget=0 gate_mask=0x3fe research_gate=1 orders=0 rej=0 procured=0 last_err=
[hex-renderer] set_weather_fronts(n=0) layer=WeatherLayer
[economy-mirror-cost] day=26281 capture_ms=2.380 import_ms=7.258
[climate/writeback][b8] day=26281 vapor store0=0.103939 map0=0.103939 dirty_fields=54 applied=54
[climate/worker][b8] physics_knobs day=26282 ready=1 missing=
[climate/worker][b8] paw day=26282 cell=73 moisture=0.852207 wb30=-0.00501468 soil=-0.00104574 paw=0.848947 zeros(water=1546 land=0) nonzero=854 weights(wb=0.35 soil=0.25 dry=0.65) round=1 distribute=1 hydrology=0
[climate/worker][b8] cyclone_gate day=26282 input_enabled=0 force_env=0 effective=0
[climate/worker][b8] weather_solve day=26282 cells=2400 psi=1 vapor0=0.0967791 precip0=0 cloud0=0.0487621 type0=0 field_init0=1
[country][parity] worker_day=26282 uncompared reference_range=-1..-1 depth=0
[research-procure-diag] day=26282 phase=0 done=0 cands=1 cursor=0 enabled=0 remain=0 budget=0 gate_mask=0x3fe research_gate=1 orders=0 rej=0 procured=0 last_err=
[climate/worker][b8] physics_knobs day=26283 ready=1 missing=
[climate/worker][b8] paw day=26283 cell=73 moisture=0.852326 wb30=-0.00528427 soil=-0.00104574 paw=0.848891 zeros(water=1546 land=0) nonzero=854 weights(wb=0.35 soil=0.25 dry=0.65) round=1 distribute=1 hydrology=0
[climate/worker][b8] weather_solve day=26283 cells=2400 psi=1 vapor0=0.093583 precip0=0 cloud0=0.0461893 type0=0 field_init0=1
[climate/writeback][b8] day=26282 vapor store0=0.0967791 map0=0.0967791 dirty_fields=54 applied=54
[country][parity] worker_day=26283 uncompared reference_range=-1..-1 depth=0
[research-procure-diag] day=26283 phase=0 done=0 cands=7 cursor=0 enabled=0 remain=0 budget=0 gate_mask=0x3fe research_gate=1 orders=0 rej=0 procured=0 last_err=
[tech-ui-diag/query] apply ok gen=13594 day=26283 view_gen=13594 progress_total=259860002 pending_words=36
[climate/worker][b8] physics_knobs day=26284 ready=1 missing=
[climate/worker][b8] paw day=26284 cell=73 moisture=0.852201 wb30=-0.0055438 soil=-0.00104574 paw=0.848598 zeros(water=1546 land=0) nonzero=854 weights(wb=0.35 soil=0.25 dry=0.65) round=1 distribute=1 hydrology=0
[climate/worker][b8] weather_solve day=26284 cells=2400 psi=1 vapor0=0.0913182 precip0=0 cloud0=0.0433746 type0=0 field_init0=1
[country][parity] worker_day=26284 uncompared reference_range=-1..-1 depth=0
[climate/writeback][b8] day=26283 vapor store0=0.093583 map0=0.093583 dirty_fields=54 applied=54
[research-procure-diag] day=26284 phase=0 done=0 cands=1 cursor=0 enabled=0 remain=0 budget=0 gate_mask=0x3fe research_gate=1 orders=0 rej=0 procured=0 last_err=
[climate/worker][b8] physics_knobs day=26285 ready=1 missing=
[climate/worker][b8] paw day=26285 cell=73 moisture=0.852172 wb30=-0.00579444 soil=-0.00104574 paw=0.848406 zeros(water=1546 land=0) nonzero=854 weights(wb=0.35 soil=0.25 dry=0.65) round=1 distribute=1 hydrology=0
[country][parity] worker_day=26285 uncompared reference_range=-1..-1 depth=0
[climate/writeback][b8] day=26284 vapor store0=0.0913182 map0=0.0913182 dirty_fields=54 applied=54
[research-procure-diag] day=26285 phase=0 done=0 cands=7 cursor=0 enabled=0 remain=0 budget=0 gate_mask=0x3fe research_gate=1 orders=0 rej=0 procured=0 last_err=
[climate/worker][b8] physics_knobs day=26286 ready=1 missing=
[climate/worker][b8] paw day=26286 cell=73 moisture=0.852262 wb30=-0.00603749 soil=-0.00206256 paw=0.848338 zeros(water=1546 land=0) nonzero=854 weights(wb=0.35 soil=0.25 dry=0.65) round=1 distribute=1 hydrology=0
[country][parity] worker_day=26286 uncompared reference_range=-1..-1 depth=0
[research-procure-diag] day=26286 phase=0 done=0 cands=1 cursor=0 enabled=0 remain=0 budget=0 gate_mask=0x3fe research_gate=1 orders=0 rej=0 procured=0 last_err=
[tech-ui-diag/query] apply ok gen=13594 day=26286 view_gen=13594 progress_total=259860002 pending_words=36
[climate/worker][b8] paw day=26287 cell=73 moisture=0.851258 wb30=-0.00626384 soil=-0.00206256 paw=0.847187 zeros(water=1546 land=0) nonzero=854 weights(wb=0.35 soil=0.25 dry=0.65) round=1 distribute=1 hydrology=0
[country][parity] worker_day=26287 uncompared reference_range=-1..-1 depth=0
[research-procure-diag] day=26287 phase=0 done=0 cands=7 cursor=0 enabled=0 remain=0 budget=0 gate_mask=0x3fe research_gate=1 orders=0 rej=0 procured=0 last_err=
[climate/worker][b8] paw day=26288 cell=73 moisture=0.851179 wb30=-0.00648197 soil=-0.00206 paw=0.846965 zeros(water=1546 land=0) nonzero=854 weights(wb=0.35 soil=0.25 dry=0.65) round=1 distribute=1 hydrology=0
[country][parity] worker_day=26288 uncompared reference_range=-1..-1 depth=0
[research-procure-diag] day=26288 phase=0 done=0 cands=1 cursor=0 enabled=0 remain=0 budget=0 gate_mask=0x3fe research_gate=1 orders=0 rej=0 procured=0 last_err=
[tech-ui-diag/query] apply ok gen=13594 day=26288 view_gen=13594 progress_total=259860002 pending_words=36
[climate/worker][b8] paw day=26289 cell=73 moisture=0.849361 wb30=-0.00667727 soil=-0.00205939 paw=0.845021 zeros(water=1546 land=0) nonzero=854 weights(wb=0.35 soil=0.25 dry=0.65) round=1 distribute=1 hydrology=0
[research-procure-diag] day=26289 phase=0 done=0 cands=7 cursor=0 enabled=0 remain=0 budget=0 gate_mask=0x3fe research_gate=1 orders=0 rej=0 procured=0 last_err=
[climate/worker][b8] paw day=26290 cell=73 moisture=0.850163 wb30=-0.00687293 soil=-0.00206125 paw=0.845696 zeros(water=1546 land=0) nonzero=854 weights(wb=0.35 soil=0.25 dry=0.65) round=1 distribute=1 hydrology=0
[tech-ui-diag/query] apply ok gen=13594 day=26290 view_gen=13594 progress_total=259860002 pending_words=36
[research-procure-diag] day=26290 phase=0 done=0 cands=5 cursor=0 enabled=0 remain=0 budget=0 gate_mask=0x3fe research_gate=1 orders=0 rej=0 procured=0 last_err=
[climate/worker][b8] paw day=26291 cell=73 moisture=0.850176 wb30=-0.00706217 soil=-0.00302694 paw=0.845586 zeros(water=1546 land=0) nonzero=854 weights(wb=0.35 soil=0.25 dry=0.65) round=1 distribute=1 hydrology=0
[research-procure-diag] day=26291 phase=0 done=0 cands=2 cursor=0 enabled=0 remain=0 budget=0 gate_mask=0x3fe research_gate=1 orders=0 rej=0 procured=0 last_err=
[clock/step] delta=6.9ms speed=50x target=0.34d cap=4.64d/f cost=1.72ms ran=0 pulse=0.00ms loop=0.00ms full=0.23ms carry=0.07 barrier=climate_input_capacity_day_barrier
[climate/worker][b8] paw day=26292 cell=73 moisture=0.848538 wb30=-0.00723108 soil=-0.0030253 paw=0.843838 zeros(water=1546 land=0) nonzero=854 weights(wb=0.35 soil=0.25 dry=0.65) round=1 distribute=1 hydrology=0
[research-procure-diag] day=26292 phase=0 done=0 cands=1 cursor=0 enabled=0 remain=0 budget=0 gate_mask=0x3fe research_gate=1 orders=0 rej=0 procured=0 last_err=
[tech-ui-diag/query] apply ok gen=13594 day=26292 view_gen=13594 progress_total=259860002 pending_words=36
[research-procure-diag] day=26293 phase=0 done=0 cands=5 cursor=0 enabled=0 remain=0 budget=0 gate_mask=0x3fe research_gate=1 orders=0 rej=0 procured=0 last_err=
[research-procure-diag] day=26294 phase=0 done=0 cands=2 cursor=0 enabled=0 remain=0 budget=0 gate_mask=0x3fe research_gate=1 orders=0 rej=0 procured=0 last_err=
[research-procure-diag] day=26295 phase=0 done=0 cands=1 cursor=0 enabled=0 remain=0 budget=0 gate_mask=0x3fe research_gate=1 orders=0 rej=0 procured=0 last_err=
[tech-ui-diag/query] apply ok gen=13594 day=26295 view_gen=13594 progress_total=259860002 pending_words=36
[research-procure-diag] day=26296 phase=0 done=0 cands=5 cursor=0 enabled=0 remain=0 budget=0 gate_mask=0x3fe research_gate=1 orders=0 rej=0 procured=0 last_err=
[research-procure-diag] day=26297 phase=0 done=0 cands=2 cursor=0 enabled=0 remain=0 budget=0 gate_mask=0x3fe research_gate=1 orders=0 rej=0 procured=0 last_err=
[research-procure-diag] day=26298 phase=0 done=0 cands=1 cursor=0 enabled=0 remain=0 budget=0 gate_mask=0x3fe research_gate=1 orders=0 rej=0 procured=0 last_err=
[research-procure-diag] day=26299 phase=0 done=0 cands=1 cursor=0 enabled=0 remain=0 budget=0 gate_mask=0x3fe research_gate=1 orders=0 rej=0 procured=0 last_err=
[economy-open-finish] day=26300 country=0.781 workset=0.050 fiscal=0.032 csr=0.007 recovery=0.048 vectors=2.048 audit=1.930 commands=0.001
[economy-prelude-cost] day=26300 ms=5.173 pending=0
[research-procure-diag] day=26300 phase=0 done=0 cands=4 cursor=0 enabled=0 remain=0 budget=0 gate_mask=0x3fe research_gate=1 orders=0 rej=0 procured=0 last_err=
[economy-aggregate-cost] day=26300 publish_ms=3.099 native_hash_ms=10.983
[economy-ledger-cost] day=26300 copy_ms=0.441 validate_ms=0.225 hash_ms=0.722 cohorts=512 markets=321600
[economy-boundary-cost] day=26300 formulas_ms=38.477 stages_ms=32.219 mirror_ms=8.969
[runtime-day-cost] day=26300 ok=1 ms=53.648
[research-procure-diag] day=26302 phase=0 done=0 cands=3 cursor=0 enabled=0 remain=0 budget=0 gate_mask=0x3fe research_gate=1 orders=0 rej=0 procured=0 last_err=
[research-procure-diag] day=26303 phase=0 done=0 cands=1 cursor=0 enabled=0 remain=0 budget=0 gate_mask=0x3fe research_gate=1 orders=0 rej=0 procured=0 last_err=
[research-procure-diag] day=26304 phase=0 done=0 cands=4 cursor=0 enabled=0 remain=0 budget=0 gate_mask=0x3fe research_gate=1 orders=0 rej=0 procured=0 last_err=
[research-procure-diag] day=26306 phase=0 done=0 cands=3 cursor=0 enabled=0 remain=0 budget=0 gate_mask=0x3fe research_gate=1 orders=0 rej=0 procured=0 last_err=
[clock/step] delta=6.9ms speed=50x target=0.34d cap=3.15d/f cost=2.54ms ran=0 pulse=0.00ms loop=0.00ms full=0.25ms carry=0.25 barrier=climate_input_capacity_day_barrier
[clock/step] delta=6.9ms speed=50x target=0.34d cap=4.73d/f cost=1.51ms ran=1 pulse=0.00ms loop=0.80ms full=1.05ms carry=0.15 barrier=climate_input_capacity_day_barrier
[clock/step] delta=7.1ms speed=50x target=0.36d cap=8.00d/f cost=0.73ms ran=1 pulse=0.00ms loop=0.55ms full=0.80ms carry=0.08 barrier=climate_input_capacity_day_barrier
[clock/step] delta=6.9ms speed=50x target=0.34d cap=8.00d/f cost=0.54ms ran=0 pulse=0.00ms loop=0.00ms full=0.25ms carry=0.22 barrier=climate_input_capacity_day_barrier
[clock/step] delta=6.9ms speed=50x target=0.34d cap=6.39d/f cost=1.25ms ran=0 pulse=0.00ms loop=0.00ms full=0.17ms carry=0.08 barrier=climate_input_capacity_day_barrier
[clock/step] delta=6.9ms speed=50x target=0.34d cap=8.00d/f cost=0.57ms ran=0 pulse=0.00ms loop=0.00ms full=0.29ms carry=0.29 barrier=climate_input_capacity_day_barrier
[economy-open-finish] day=26400 country=0.572 workset=0.013 fiscal=0.033 csr=0.005 recovery=0.000 vectors=1.323 audit=1.662 commands=0.001
[economy-prelude-cost] day=26400 ms=3.889 pending=0
[economy-aggregate-cost] day=26400 publish_ms=3.042 native_hash_ms=11.466
[economy-ledger-cost] day=26400 copy_ms=0.460 validate_ms=0.231 hash_ms=0.709 cohorts=512 markets=321600
[economy-boundary-cost] day=26400 formulas_ms=20.760 stages_ms=15.864 mirror_ms=8.825
[runtime-day-cost] day=26400 ok=1 ms=36.017
[clock/step] delta=6.9ms speed=50x target=0.35d cap=8.00d/f cost=0.57ms ran=1 pulse=0.00ms loop=0.43ms full=0.62ms carry=0.24 barrier=climate_input_capacity_day_barrier
[clock/step] delta=6.9ms speed=50x target=0.34d cap=8.00d/f cost=0.58ms ran=0 pulse=0.00ms loop=0.00ms full=0.25ms carry=0.83 barrier=
[clock/step] delta=6.9ms speed=50x target=0.34d cap=8.00d/f cost=0.58ms ran=0 pulse=0.00ms loop=0.00ms full=0.28ms carry=0.69 barrier=
[clock/step] delta=6.9ms speed=50x target=0.34d cap=8.00d/f cost=0.59ms ran=0 pulse=0.00ms loop=0.00ms full=0.37ms carry=0.24 barrier=climate_input_capacity_day_barrier
[clock/step] delta=6.9ms speed=50x target=0.34d cap=8.00d/f cost=0.74ms ran=0 pulse=0.00ms loop=0.00ms full=0.24ms carry=0.10 barrier=climate_input_capacity_day_barrier
[clock/step] delta=6.9ms speed=50x target=0.34d cap=8.00d/f cost=0.64ms ran=0 pulse=0.00ms loop=0.00ms full=0.25ms carry=0.31 barrier=climate_input_capacity_day_barrier
[clock/step] delta=6.9ms speed=50x target=0.35d cap=8.00d/f cost=0.53ms ran=0 pulse=0.00ms loop=0.00ms full=0.39ms carry=0.26 barrier=climate_input_capacity_day_barrier
[economy-open-finish] day=26500 country=0.386 workset=0.011 fiscal=0.029 csr=0.005 recovery=0.000 vectors=1.364 audit=1.663 commands=0.001
[economy-prelude-cost] day=26500 ms=3.633 pending=0
[economy-aggregate-cost] day=26500 publish_ms=4.658 native_hash_ms=10.994
[economy-ledger-cost] day=26500 copy_ms=0.411 validate_ms=0.221 hash_ms=0.679 cohorts=512 markets=321600
[economy-boundary-cost] day=26500 formulas_ms=21.244 stages_ms=16.922 mirror_ms=8.962
[runtime-day-cost] day=26500 ok=1 ms=35.661
[clock/step] delta=6.9ms speed=50x target=0.34d cap=8.00d/f cost=0.64ms ran=0 pulse=0.00ms loop=0.00ms full=0.23ms carry=0.13 barrier=climate_input_capacity_day_barrier
[clock/step] delta=6.9ms speed=50x target=0.34d cap=8.00d/f cost=0.60ms ran=0 pulse=0.00ms loop=0.00ms full=0.23ms carry=0.33 barrier=climate_input_capacity_day_barrier
[clock/step] delta=6.9ms speed=50x target=0.34d cap=8.00d/f cost=0.56ms ran=1 pulse=0.00ms loop=0.56ms full=0.81ms carry=0.19 barrier=climate_input_capacity_day_barrier
[clock/step] delta=6.9ms speed=50x target=0.34d cap=8.00d/f cost=0.70ms ran=0 pulse=0.00ms loop=0.00ms full=0.28ms carry=0.71 barrier=
[clock/step] delta=6.9ms speed=50x target=0.34d cap=8.00d/f cost=0.59ms ran=0 pulse=0.00ms loop=0.00ms full=0.25ms carry=0.22 barrier=climate_input_capacity_day_barrier
[clock/step] delta=6.9ms speed=50x target=0.35d cap=8.00d/f cost=0.57ms ran=0 pulse=0.00ms loop=0.00ms full=0.20ms carry=0.41 barrier=
[economy-open-finish] day=26600 country=0.720 workset=0.021 fiscal=0.049 csr=0.010 recovery=0.000 vectors=2.317 audit=1.623 commands=0.001
[economy-prelude-cost] day=26600 ms=4.978 pending=0
[economy-aggregate-cost] day=26600 publish_ms=3.798 native_hash_ms=11.432
[economy-ledger-cost] day=26600 copy_ms=0.486 validate_ms=0.223 hash_ms=0.669 cohorts=512 markets=321600
[economy-boundary-cost] day=26600 formulas_ms=22.556 stages_ms=16.470 mirror_ms=8.885
[runtime-day-cost] day=26600 ok=1 ms=36.501
[clock/step] delta=6.9ms speed=50x target=0.35d cap=4.99d/f cost=1.60ms ran=0 pulse=0.00ms loop=0.00ms full=0.26ms carry=0.03 barrier=climate_input_capacity_day_barrier
[clock/step] delta=6.9ms speed=50x target=0.34d cap=8.00d/f cost=0.56ms ran=0 pulse=0.00ms loop=0.00ms full=0.16ms carry=0.90 barrier=
WARNING: [save] runtime bundle failed: {"code":"runtime_save_failed","ok":false,"pending":false,"reason":"save_country_checkpoint_day_mismatch","request_id":1}
   at: push_warning (core/variant/variant_utility.cpp:1034)
   GDScript backtrace (most recent call first):
       [0] _capture_native_runtime_bundle (res://scripts/game/game_save_coordinator.gd:626)
[clock/step] delta=6.9ms speed=50x target=0.34d cap=5.44d/f cost=1.30ms ran=1 pulse=0.00ms loop=0.59ms full=0.79ms carry=0.28 barrier=climate_input_capacity_day_barrier
[clock/step] delta=6.9ms speed=50x target=0.34d cap=8.00d/f cost=0.58ms ran=0 pulse=0.00ms loop=0.00ms full=0.18ms carry=0.10 barrier=climate_input_capacity_day_barrier
[clock/step] delta=6.9ms speed=50x target=0.34d cap=8.00d/f cost=0.56ms ran=0 pulse=0.00ms loop=0.00ms full=0.18ms carry=0.28 barrier=climate_input_capacity_day_barrier
[economy-open-finish] day=26700 country=0.775 workset=0.019 fiscal=0.032 csr=0.008 recovery=0.000 vectors=1.603 audit=1.679 commands=0.001
[economy-prelude-cost] day=26700 ms=4.454 pending=0
[economy-aggregate-cost] day=26700 publish_ms=3.435 native_hash_ms=10.932
[economy-ledger-cost] day=26700 copy_ms=0.429 validate_ms=0.221 hash_ms=0.693 cohorts=512 markets=321600
[economy-boundary-cost] day=26700 formulas_ms=20.797 stages_ms=15.557 mirror_ms=8.859
[runtime-day-cost] day=26700 ok=1 ms=35.434
[clock/step] delta=6.9ms speed=50x target=0.34d cap=7.56d/f cost=1.06ms ran=0 pulse=0.00ms loop=0.00ms full=0.27ms carry=0.14 barrier=climate_input_capacity_day_barrier
[clock/step] delta=6.9ms speed=50x target=0.34d cap=8.00d/f cost=0.62ms ran=1 pulse=0.00ms loop=0.56ms full=0.80ms carry=0.34 barrier=climate_input_capacity_day_barrier
[clock/step] delta=6.9ms speed=50x target=0.34d cap=3.77d/f cost=2.12ms ran=0 pulse=0.00ms loop=0.00ms full=0.20ms carry=0.17 barrier=climate_input_capacity_day_barrier
[clock/step] delta=6.9ms speed=50x target=0.34d cap=5.15d/f cost=1.55ms ran=0 pulse=0.00ms loop=0.00ms full=0.21ms carry=0.03 barrier=climate_input_capacity_day_barrier
[clock/step] delta=6.9ms speed=50x target=0.34d cap=8.00d/f cost=0.59ms ran=0 pulse=0.00ms loop=0.00ms full=0.22ms carry=0.20 barrier=climate_input_capacity_day_barrier
[clock/step] delta=6.9ms speed=50x target=0.34d cap=8.00d/f cost=0.64ms ran=0 pulse=0.00ms loop=0.00ms full=0.32ms carry=0.03 barrier=climate_input_capacity_day_barrier
[clock/step] delta=6.9ms speed=50x target=0.34d cap=8.00d/f cost=0.57ms ran=0 pulse=0.00ms loop=0.00ms full=0.26ms carry=0.23 barrier=climate_input_capacity_day_barrier
[economy-open-finish] day=26800 country=0.688 workset=0.018 fiscal=0.027 csr=0.008 recovery=0.000 vectors=2.401 audit=3.026 commands=0.002
[economy-prelude-cost] day=26800 ms=6.417 pending=0
[economy-aggregate-cost] day=26800 publish_ms=3.537 native_hash_ms=10.703
[economy-ledger-cost] day=26800 copy_ms=0.548 validate_ms=0.236 hash_ms=0.838 cohorts=512 markets=321600
[economy-boundary-cost] day=26800 formulas_ms=23.596 stages_ms=16.115 mirror_ms=9.257
[runtime-day-cost] day=26800 ok=1 ms=38.136
[clock/step] delta=6.9ms speed=50x target=0.35d cap=8.00d/f cost=0.56ms ran=0 pulse=0.00ms loop=0.00ms full=0.20ms carry=0.10 barrier=climate_input_capacity_day_barrier
[clock/step] delta=6.9ms speed=50x target=0.34d cap=5.50d/f cost=1.45ms ran=0 pulse=0.00ms loop=0.00ms full=0.16ms carry=0.01 barrier=climate_input_capacity_day_barrier
[clock/step] delta=6.9ms speed=50x target=0.34d cap=8.00d/f cost=0.62ms ran=0 pulse=0.00ms loop=0.00ms full=0.25ms carry=0.53 barrier=
[clock/step] delta=6.9ms speed=50x target=0.34d cap=8.00d/f cost=0.55ms ran=0 pulse=0.00ms loop=0.00ms full=0.23ms carry=0.35 barrier=
[clock/step] delta=6.9ms speed=50x target=0.34d cap=8.00d/f cost=0.73ms ran=0 pulse=0.00ms loop=0.00ms full=0.25ms carry=0.21 barrier=climate_input_capacity_day_barrier
[clock/step] delta=6.9ms speed=50x target=0.34d cap=8.00d/f cost=0.56ms ran=0 pulse=0.00ms loop=0.00ms full=0.25ms carry=0.04 barrier=climate_input_capacity_day_barrier
[clock/step] delta=6.9ms speed=50x target=0.34d cap=8.00d/f cost=0.98ms ran=0 pulse=0.00ms loop=0.00ms full=0.32ms carry=0.21 barrier=climate_input_capacity_day_barrier
[economy-open-finish] day=26900 country=0.413 workset=0.012 fiscal=0.030 csr=0.005 recovery=0.000 vectors=1.457 audit=1.699 commands=0.001
[economy-prelude-cost] day=26900 ms=3.808 pending=0
[economy-aggregate-cost] day=26900 publish_ms=4.255 native_hash_ms=12.725
[economy-ledger-cost] day=26900 copy_ms=0.458 validate_ms=0.265 hash_ms=0.771 cohorts=512 markets=321600
[economy-boundary-cost] day=26900 formulas_ms=23.149 stages_ms=18.350 mirror_ms=9.326
[runtime-day-cost] day=26900 ok=1 ms=38.552
[clock/step] delta=6.9ms speed=50x target=0.35d cap=3.38d/f cost=2.05ms ran=1 pulse=0.00ms loop=0.79ms full=1.09ms carry=0.10 barrier=climate_input_capacity_day_barrier
[clock/step] delta=6.9ms speed=50x target=0.34d cap=8.00d/f cost=0.64ms ran=1 pulse=0.00ms loop=0.70ms full=1.03ms carry=0.33 barrier=climate_input_capacity_day_barrier
[clock/step] delta=6.9ms speed=50x target=0.34d cap=8.00d/f cost=0.54ms ran=0 pulse=0.00ms loop=0.00ms full=0.17ms carry=0.47 barrier=
[clock/step] delta=6.9ms speed=50x target=0.35d cap=8.00d/f cost=0.55ms ran=1 pulse=0.00ms loop=0.41ms full=0.59ms carry=0.02 barrier=climate_input_capacity_day_barrier
[clock/step] delta=6.9ms speed=50x target=0.34d cap=8.00d/f cost=0.52ms ran=0 pulse=0.00ms loop=0.00ms full=0.40ms carry=0.60 barrier=
[clock/step] delta=6.9ms speed=50x target=0.34d cap=8.00d/f cost=0.54ms ran=0 pulse=0.00ms loop=0.00ms full=0.26ms carry=0.77 barrier=
[economy-open-finish] day=27000 country=0.386 workset=0.012 fiscal=0.029 csr=0.005 recovery=0.000 vectors=1.451 audit=1.671 commands=0.001
[economy-prelude-cost] day=27000 ms=3.725 pending=0
[economy-aggregate-cost] day=27000 publish_ms=2.910 native_hash_ms=10.748
[economy-ledger-cost] day=27000 copy_ms=0.455 validate_ms=0.231 hash_ms=0.746 cohorts=512 markets=321600
[economy-boundary-cost] day=27000 formulas_ms=19.407 stages_ms=14.994 mirror_ms=8.991
[runtime-day-cost] day=27000 ok=1 ms=34.715
[clock/step] delta=6.9ms speed=50x target=0.34d cap=8.00d/f cost=0.65ms ran=0 pulse=0.00ms loop=0.00ms full=0.25ms carry=0.94 barrier=
WARNING: [save] runtime bundle failed: {"code":"runtime_save_failed","ok":false,"pending":false,"reason":"save_country_checkpoint_day_mismatch","request_id":2}
   at: push_warning (core/variant/variant_utility.cpp:1034)
   GDScript backtrace (most recent call first):
       [0] _capture_native_runtime_bundle (res://scripts/game/game_save_coordinator.gd:626)
[clock/step] delta=6.9ms speed=50x target=0.35d cap=5.67d/f cost=1.41ms ran=0 pulse=0.00ms loop=0.00ms full=0.22ms carry=0.17 barrier=climate_input_capacity_day_barrier
[clock/step] delta=6.9ms speed=50x target=0.34d cap=8.00d/f cost=0.60ms ran=0 pulse=0.00ms loop=0.00ms full=0.40ms carry=0.02 barrier=climate_input_capacity_day_barrier
[clock/step] delta=6.9ms speed=50x target=0.34d cap=5.60d/f cost=1.43ms ran=0 pulse=0.00ms loop=0.00ms full=0.25ms carry=0.19 barrier=climate_input_capacity_day_barrier
[clock/step] delta=6.9ms speed=50x target=0.35d cap=8.00d/f cost=0.66ms ran=0 pulse=0.00ms loop=0.00ms full=0.19ms carry=0.05 barrier=climate_input_capacity_day_barrier
[clock/step] delta=6.9ms speed=50x target=0.34d cap=8.00d/f cost=0.58ms ran=0 pulse=0.00ms loop=0.00ms full=0.17ms carry=0.97 barrier=
[clock/step] delta=6.9ms speed=50x target=0.35d cap=8.00d/f cost=0.67ms ran=0 pulse=0.00ms loop=0.00ms full=0.21ms carry=0.14 barrier=climate_input_capacity_day_barrier
[economy-open-finish] day=27100 country=0.409 workset=0.011 fiscal=0.028 csr=0.005 recovery=0.000 vectors=1.527 audit=1.675 commands=0.001
[economy-prelude-cost] day=27100 ms=3.825 pending=0
[economy-aggregate-cost] day=27100 publish_ms=4.252 native_hash_ms=10.834
[economy-ledger-cost] day=27100 copy_ms=0.449 validate_ms=0.215 hash_ms=0.666 cohorts=512 markets=321600
[economy-boundary-cost] day=27100 formulas_ms=21.303 stages_ms=16.581 mirror_ms=9.080
[runtime-day-cost] day=27100 ok=1 ms=36.022
[clock/step] delta=6.9ms speed=50x target=0.34d cap=8.00d/f cost=0.69ms ran=0 pulse=0.00ms loop=0.00ms full=0.28ms carry=0.05 barrier=climate_input_capacity_day_barrier
[clock/step] delta=6.9ms speed=50x target=0.34d cap=8.00d/f cost=0.77ms ran=1 pulse=0.00ms loop=0.77ms full=1.04ms carry=0.22 barrier=climate_input_capacity_day_barrier
[clock/step] delta=6.9ms speed=50x target=0.34d cap=8.00d/f cost=0.58ms ran=0 pulse=0.00ms loop=0.00ms full=0.17ms carry=0.70 barrier=
[clock/step] delta=6.9ms speed=50x target=0.34d cap=8.00d/f cost=0.66ms ran=0 pulse=0.00ms loop=0.00ms full=0.24ms carry=0.53 barrier=
[clock/step] delta=6.9ms speed=50x target=0.35d cap=8.00d/f cost=0.60ms ran=0 pulse=0.00ms loop=0.00ms full=0.28ms carry=0.02 barrier=climate_input_capacity_day_barrier
[clock/step] delta=6.9ms speed=50x target=0.35d cap=8.00d/f cost=0.59ms ran=0 pulse=0.00ms loop=0.00ms full=0.33ms carry=0.30 barrier=climate_input_capacity_day_barrier
[clock/step] delta=6.9ms speed=50x target=0.34d cap=8.00d/f cost=0.73ms ran=0 pulse=0.00ms loop=0.00ms full=0.22ms carry=0.13 barrier=climate_input_capacity_day_barrier
[economy-open-finish] day=27200 country=0.660 workset=0.015 fiscal=0.028 csr=0.008 recovery=0.000 vectors=2.813 audit=3.065 commands=0.001
[economy-prelude-cost] day=27200 ms=6.834 pending=0
[economy-aggregate-cost] day=27200 publish_ms=3.560 native_hash_ms=10.900
[economy-ledger-cost] day=27200 copy_ms=0.422 validate_ms=0.251 hash_ms=0.770 cohorts=512 markets=321600
[economy-boundary-cost] day=27200 formulas_ms=24.389 stages_ms=16.416 mirror_ms=9.168
[runtime-day-cost] day=27200 ok=1 ms=39.169
[clock/step] delta=6.9ms speed=50x target=0.34d cap=8.00d/f cost=0.63ms ran=0 pulse=0.00ms loop=0.00ms full=0.30ms carry=0.30 barrier=climate_input_capacity_day_barrier
[clock/step] delta=6.9ms speed=50x target=0.35d cap=8.00d/f cost=0.50ms ran=0 pulse=0.00ms loop=0.00ms full=0.22ms carry=0.21 barrier=climate_input_capacity_day_barrier
[clock/step] delta=6.9ms speed=50x target=0.34d cap=8.00d/f cost=0.71ms ran=0 pulse=0.00ms loop=0.00ms full=0.38ms carry=0.09 barrier=climate_input_capacity_day_barrier
[clock/step] delta=6.9ms speed=50x target=0.35d cap=4.22d/f cost=1.90ms ran=0 pulse=0.00ms loop=0.00ms full=0.18ms carry=0.31 barrier=climate_input_capacity_day_barrier
[clock/step] delta=6.9ms speed=50x target=0.34d cap=8.00d/f cost=0.63ms ran=0 pulse=0.00ms loop=0.00ms full=0.24ms carry=0.13 barrier=climate_input_capacity_day_barrier
[runtime-forensics/save_replay_ok] {"captured_at":"2026-10-09T14:27:52","clock":{"day_index":27286,"paused":false,"speed_multiplier":0.0},"context":{"days":1000,"slot":"autosave"},"country":{"bootstrapped":true,"generation":13594,"last_committed_day":27280,"state_hash":0},"economy":{"country_research_procurement_continuation_phase":0,"country_research_procurement_last_error":"","current_day":26280,"epoch_active":false,"epoch_begin_pending_day":-1,"epoch_begin_post_fiscal_pending":false,"epoch_id":26279,"executed_stage":"idle","executed_substage":"","fatal":false,"fatal_context":{"valid":false},"fatal_reason":"","fiscal_reservation_continuation_active":false,"fiscal_reservation_continuation_phase":0,"fiscal_reservation_last_error":"","last_completed_sample_day":-1,"newest_state_day":26280,"sample_day":26280,"stage":"aggregate_publish"},"economy_conservation":{"audit_incomplete":true,"audit_incomplete_reason":"closing_audit_not_run_this_epoch","bullion_money_issued":0,"bullion_stock_consumed":0,"closing_audit_fast_paths":0,"closing_audit_full_verifications":0,"closing_audit_incremental_this_epoch":false,"closing_audit_mismatch_lane":-1,"closing_audit_mismatch_ledger":"none","closing_audit_mismatches":0,"closing_audit_mode":"INCREMENTAL","closing_audit_runtime_disabled":false,"closing_cohort_funds":3576073662869,"closing_country_cash":14963107488387,"closing_country_goods":15033081,"closing_escrow_cash":11460,"closing_expedition_funds":0,"closing_expedition_goods":0,"closing_goods_stock":38036271139,"closing_transit_goods":89633,"construction_goods_consumed":0,"consumed_goods":0,"country_research_goods_consumed":0,"cycle_flow_discarded":0,"explicit_money_burn":0,"explicit_money_mint":0,"explicit_stock_delta":0,"goods_audit_candidate_lanes":[],"goods_error":0,"goods_expected":38036271139,"incremental_closing_cohort_funds":0,"incremental_closing_country_cash":0,"incremental_closing_country_goods":0,"incremental_closing_escrow_cash":0,"incremental_closing_expedition_goods":0,"incremental_closing_goods_stock":0,"incremental_closing_population":0,"incremental_closing_transit_goods":0,"maintenance_goods_consumed":0,"money_audit_candidate_accounts":[],"money_close":18539181162716,"money_error":0,"money_expected":18539181162716,"money_open":18539181162716,"opening_audit_fast_paths":0,"opening_audit_full_verifications":0,"opening_cohort_funds":3576073662869,"opening_country_cash":14963107488387,"opening_country_goods":15033081,"opening_escrow_cash":11460,"opening_expedition_funds":0,"opening_expedition_goods":0,"opening_goods_stock":38036271139,"opening_transit_goods":89633,"owner_output_consumed":0,"population_error":0,"producer_support_money_issued":0,"production_inputs_consumed":0,"production_output_discarded":0,"production_output_retained":0,"production_output_stock":0,"saturation_count":0},"engine":{"debug_build":true,"headless":true,"process_frames":7892},"reason":"save_replay_completed","runtime_thread":{"active_gate_blocked":false,"authoritative_domain_mask":4095,"climate_committed_day":27280,"climate_worker_authoritative":true,"completion_gate_missing_domain_mask":0,"country_worker_authoritative":true,"country_worker_plan_active":false,"country_worker_waiting_for_peer":false,"coverage_blocker":"","day_stall_day":-1,"day_stall_peer_ms":0,"day_stall_reason_mask":1,"economy_authority_fault_paused":false,"economy_authority_last_committed_generation":26282,"economy_input_requested_day":-1,"economy_pod_active_ready":true,"economy_stage_name":"aggregate_publish","economy_stage_ops_prelude_ready":false,"economy_substage_name":"commit","economy_yield_reason":"","environment_ring_pending":4,"fault_code":"","generation":27280,"missing_domain_mask":0,"requested_authority_mask":4095,"simulation_committed_day":27280,"simulation_host_state":"RUNNING","simulation_worker_blocker":"","simulation_worker_ready":true,"state":"RUNNING","state_hash":9151471450805934662,"worker_fault_count":0}}
[runtime-forensics/save_replay_ok] wrote F:/Developent/Godot/Project.Keynes/tmp/runtime_forensics_save_replay_ok.json
[save-replay/result] {"audit_incomplete":false,"committed_audit":{"audit_incomplete":false,"available":true,"day":27280,"full_verification":true,"generation":27281,"goods_error":0,"money_error":0,"population_error":0,"revision_phase":"before_effect_command_drain"},"day_timeout_msec":60000,"days_per_sec":18.3482871873911,"elapsed_msec":54501,"end_authoritative_day":27280,"end_day":27286,"end_host_state":"RUNNING","end_newest_state_day":26280,"failures":["economy_never_settled"],"forensics":"F:/Developent/Godot/Project.Keynes/tmp/runtime_forensics_save_replay_ok.json","goods_error":0,"measurement_worker_time_us":{"boundary_wait":0,"clock_wait":0,"execute":54203168,"input_wait":147670,"overhead":74033,"paused":25943,"save_build":38673,"save_pause":10251},"money_error":0,"ok":false,"population_error":0,"requested_days":1000,"restore":{"country_bootstrapped":true,"economy_bootstrapped":true,"host_state":"PAUSED","settlement_source":"save_restore"},"slot":"autosave","speed":50.0,"start_authoritative_day":26280,"start_day":26280,"start_newest_state_day":26280,"target_authoritative_day":27280,"target_day":27280,"thread_report":"F:/Developent/Godot/Project.Keynes/tmp/save_replay_thread_report.json","warmup_days":0,"warmup_start_authoritative_day":26280}
ERROR: 46 RID allocations of type 'PN13RendererDummy14TextureStorage12DummyTextureE' were leaked at exit.
ERROR: 23 RID allocations of type 'PN18TextServerAdvanced22ShapedTextDataAdvancedE' were leaked at exit.
ERROR: 1 RID allocations of type 'PN18TextServerAdvanced12FontAdvancedE' were leaked at exit.
WARNING: ObjectDB instances leaked at exit (run with --verbose for details).
   at: cleanup (core/object/object.cpp:2641)
ERROR: 986 resources still in use at exit (run with --verbose for details).
   at: clear (core/io/resource.cpp:810)
