Godot Engine v4.6.2.stable.official.71f334935 - https://godotengine.org

[save-repository] slot directory overridden to F:/Developent/Godot/Project.Keynes/tmp
[save-replay] slot=autosave days=1000 speed=50.0 day_timeout=60000ms
[ui-layout-diag/bind_ui] is_web=false viewport_visible_rect=[P: (0.0, 0.0), S: (64.0, 64.0)] window_size=(64, 64) content_scale_factor=1.000 content_scale_mode=0 device_pixel_ratio=-1.000 top_bar_rect=[P: (0.0, 0.0), S: (543.0, 56.0)] right_panel_rect=[P: (-396.0, 68.0), S: (460.0, 366.0)] country_action_bar_rect=[P: (8.0, -18.0), S: (336.0, 74.0)]
[building-visual] queue_probe ticks=1 queued=0 chunk=-1 camera_rect=[P: (-32.0, -32.0), S: (64.0, 64.0)] prefetch=false zoom=1.000
[building-visual] queue_probe ticks=2 queued=0 chunk=-1 camera_rect=[P: (-32.0, -32.0), S: (64.0, 64.0)] prefetch=false zoom=1.000
[native_generation/base] path=gdext algorithm=post_base_priority_flood_hydrology_v3 n=2400 native_ms=8.364 water=1546 land=854
[native_generation/post_base] path=gdext algorithm=post_base_priority_flood_hydrology_v3 n=2400 native_ms=1.762 lakes=0 rivers=134 volcanoes=0
[native_generation/vegetation] native_ms=0.672 candidates=850 none=1166 score=[0.000,1.201,1.145] plant_water_land=854 river_adjacent_desert=0 coastal_highland_desert=0 terrain_weight=[0.180,1.200]
[native_generation/qa] single_water=0 tiny<=3=0 small<=5=0 bodies=1 largest=1546 | land_below_sea=0.0% | terr_distinct=22 entropy=3.070bit | river_ratio=5.583%
MapGenerator v7: per-cell 100ms (2400 cells, path=gdext)
[building-visual] queue_probe ticks=3 queued=0 chunk=-1 camera_rect=[P: (-32.0, -32.0), S: (64.0, 64.0)] prefetch=false zoom=1.000
MapBaker v6: hm=(1024, 606) seed=1891498759
    [fused] terrain=91.0ms erosion=3.6ms(ok=true) river=11.1ms(ok=true) latitude=0.1ms coast_sdf=5.3ms(ok=true)
  geometry fields (fused C++): 195ms
  physical circulation hex solve: deferred until DCWorldExt bind (ext=true idx=true soa=false)
  wind/ocean pixel buffers: skipped (ocean_current_visual off)
  visual tiles: {"degradation_reason":"","effective_budget_px":1717248,"effective_texels_per_hex":16.0059221751742,"effective_world_units_per_texel":"(1.373983, 1.375)","estimated_peak_bytes":68402880,"estimated_resident_bytes":40340160,"fallback_reason":"","generation_id":1,"grid_size":"(4, 3)","gutter_px":2,"hex_size":22.0,"horizon_path":"neutral_pending","interior_size":"(416, 344)","layer_size":"(420, 348)","layers":[{"bake_ms":112.4822,"coast_sdf_max_dist_px":13.6162309214075,"distance_scale":1.70202886517594,"edge_distance_saturate_hex":0.9,"edge_distance_units":"normalized_hex_center_gap","hashes":{"edge_distance":5745253967012291076,"edge_neighbor":6412154147337874011,"height":2318469220320144360,"map_index":7219032183909733551,"terrain_detail":8091301763434683572,"terrain_normal":-3162160102363937747,"water_depth":2693318737079070002},"layer":0,"normal_radius_px":"(22, 22)","raster_scale":"(1.701088, 1.70297)","river_sdf_max_dist_px":5.9571010281158,"shore_carve_band_px":10,"upload_ms":0.09,"wall_ms":112.729},{"bake_ms":106.8005,"coast_sdf_max_dist_px":13.6162309214075,"distance_scale":1.70202886517594,"edge_distance_saturate_hex":0.9,"edge_distance_units":"normalized_hex_center_gap","hashes":{"edge_distance":5237508796394535974,"edge_neighbor":3595860925958786347,"height":489786577393212457,"map_index":-4105252952704072786,"terrain_detail":-3901680320202547919,"terrain_normal":7949331139393904778,"water_depth":-3592915096569862065},"layer":1,"normal_radius_px":"(22, 22)","raster_scale":"(1.701088, 1.70297)","river_sdf_max_dist_px":5.9571010281158,"shore_carve_band_px":10,"upload_ms":0.072,"wall_ms":106.973},{"bake_ms":51.603,"coast_sdf_max_dist_px":13.6162309214075,"distance_scale":1.70202886517594,"edge_distance_saturate_hex":0.9,"edge_distance_units":"normalized_hex_center_gap","hashes":{"edge_distance":4891812844590573926,"edge_neighbor":-7564419581944174240,"height":-3958687591481308071,"map_index":-5929201786061615847,"terrain_detail":725835612093744862,"terrain_normal":-7701213585738823337,"water_depth":-8474200007067608143},"layer":2,"normal_radius_px":"(22, 22)","raster_scale":"(1.701088, 1.70297)","river_sdf_max_dist_px":5.9571010281158,"shore_carve_band_px":10,"upload_ms":0.093,"wall_ms":51.813},{"bake_ms":110.7445,"coast_sdf_max_dist_px":13.6162309214075,"distance_scale":1.70202886517594,"edge_distance_saturate_hex":0.9,"edge_distance_units":"normalized_hex_center_gap","hashes":{"edge_distance":-5405245657099180711,"edge_neighbor":1573303900353848012,"height":5160435325546673823,"map_index":4676039179867095464,"terrain_detail":2228511107875273693,"terrain_normal":-8646141357524128198,"water_depth":292623747737675498},"layer":3,"normal_radius_px":"(22, 22)","raster_scale":"(1.701088, 1.70297)","river_sdf_max_dist_px":5.9571010281158,"shore_carve_band_px":10,"upload_ms":0.09,"wall_ms":111.007},{"bake_ms":114.5062,"coast_sdf_max_dist_px":13.6162309214075,"distance_scale":1.70202886517594,"edge_distance_saturate_hex":0.9,"edge_distance_units":"normalized_hex_center_gap","hashes":{"edge_distance":-5880001966868430279,"edge_neighbor":-6991940041368957198,"height":8405338912169807986,"map_index":-3593026477873491176,"terrain_detail":-6736256310592379057,"terrain_normal":3157512816380590684,"water_depth":504053943833845997},"layer":4,"normal_radius_px":"(22, 22)","raster_scale":"(1.701088, 1.70297)","river_sdf_max_dist_px":5.9571010281158,"shore_carve_band_px":10,"upload_ms":0.106,"wall_ms":114.746},{"bake_ms":88.0953,"coast_sdf_max_dist_px":13.6162309214075,"distance_scale":1.70202886517594,"edge_distance_saturate_hex":0.9,"edge_distance_units":"normalized_hex_center_gap","hashes":{"edge_distance":3451836777673321450,"edge_neighbor":-6036116376872691173,"height":4553439657430674734,"map_index":4114404909309975984,"terrain_detail":-5951347343499123772,"terrain_normal":-2696372255763671643,"water_depth":-8473834029813691826},"layer":5,"normal_radius_px":"(22, 22)","raster_scale":"(1.701088, 1.70297)","river_sdf_max_dist_px":5.9571010281158,"shore_carve_band_px":10,"upload_ms":0.086,"wall_ms":88.288},{"bake_ms":106.2804,"coast_sdf_max_dist_px":13.6162309214075,"distance_scale":1.70202886517594,"edge_distance_saturate_hex":0.9,"edge_distance_units":"normalized_hex_center_gap","hashes":{"edge_distance":868921888386744733,"edge_neighbor":-7839011092070193786,"height":5061071498075663821,"map_index":-8826434092770706617,"terrain_detail":-2478286504208785615,"terrain_normal":628975544942790000,"water_depth":-2640347462536598777},"layer":6,"normal_radius_px":"(22, 22)","raster_scale":"(1.701088, 1.70297)","river_sdf_max_dist_px":5.9571010281158,"shore_carve_band_px":10,"upload_ms":0.066,"wall_ms":106.443},{"bake_ms":142.8166,"coast_sdf_max_dist_px":13.6162309214075,"distance_scale":1.70202886517594,"edge_distance_saturate_hex":0.9,"edge_distance_units":"normalized_hex_center_gap","hashes":{"edge_distance":-447074389059662088,"edge_neighbor":8393152564030122017,"height":8990104062243063095,"map_index":-1983203191509699105,"terrain_detail":-6174401346806903445,"terrain_normal":-3754083214617930173,"water_depth":6793751952512525824},"layer":7,"normal_radius_px":"(22, 22)","raster_scale":"(1.701088, 1.70297)","river_sdf_max_dist_px":5.9571010281158,"shore_carve_band_px":10,"upload_ms":0.08,"wall_ms":142.986},{"bake_ms":76.817,"coast_sdf_max_dist_px":13.6162309214075,"distance_scale":1.70202886517594,"edge_distance_saturate_hex":0.9,"edge_distance_units":"normalized_hex_center_gap","hashes":{"edge_distance":6638825977103425445,"edge_neighbor":-345893988731248375,"height":3903511475945756751,"map_index":-6062754633971378620,"terrain_detail":8027941741214590696,"terrain_normal":-3530699052548844968,"water_depth":-5145287784035445562},"layer":8,"normal_radius_px":"(22, 22)","raster_scale":"(1.701088, 1.70297)","river_sdf_max_dist_px":5.9571010281158,"shore_carve_band_px":10,"upload_ms":0.093,"wall_ms":77.026},{"bake_ms":83.4842,"coast_sdf_max_dist_px":13.6162309214075,"distance_scale":1.70202886517594,"edge_distance_saturate_hex":0.9,"edge_distance_units":"normalized_hex_center_gap","hashes":{"edge_distance":292078081965774362,"edge_neighbor":-6044753451696528625,"height":-8178934274740215736,"map_index":-5438575460675119603,"terrain_detail":-4794927741009206671,"terrain_normal":-8696738528788300543,"water_depth":-7060495574503565351},"layer":9,"normal_radius_px":"(22, 22)","raster_scale":"(1.701088, 1.70297)","river_sdf_max_dist_px":5.9571010281158,"shore_carve_band_px":10,"upload_ms":0.065,"wall_ms":83.651},{"bake_ms":53.9016,"coast_sdf_max_dist_px":13.6162309214075,"distance_scale":1.70202886517594,"edge_distance_saturate_hex":0.9,"edge_distance_units":"normalized_hex_center_gap","hashes":{"edge_distance":-2925537607541645508,"edge_neighbor":4825390688322471762,"height":-5522328361270598569,"map_index":-5143740485358757431,"terrain_detail":1723035865584601831,"terrain_normal":9028379417581768753,"water_depth":6711647395166139482},"layer":10,"normal_radius_px":"(22, 22)","raster_scale":"(1.701088, 1.70297)","river_sdf_max_dist_px":5.9571010281158,"shore_carve_band_px":10,"upload_ms":0.083,"wall_ms":54.084},{"bake_ms":35.806,"coast_sdf_max_dist_px":13.6162309214075,"distance_scale":1.70202886517594,"edge_distance_saturate_hex":0.9,"edge_distance_units":"normalized_hex_center_gap","hashes":{"edge_distance":9175920131718456734,"edge_neighbor":-8950625300502208486,"height":7318768704488063531,"map_index":-115941363284451596,"terrain_detail":6808164806304314874,"terrain_normal":6364195478582078144,"water_depth":-5504939335319927866},"layer":11,"normal_radius_px":"(22, 22)","raster_scale":"(1.701088, 1.70297)","river_sdf_max_dist_px":5.9571010281158,"shore_carve_band_px":10,"upload_ms":0.072,"wall_ms":35.984}],"logical_size":"(1664, 1032)","mode":"tiled","path":"visual_tiled_static","profile":"desktop_high","renderer":"mobile","requested_budget_px":1716216,"requested_texels_per_hex":16.0,"requested_tile_world_span":"(704.0, 704.0)","requested_world_units_per_texel":1.375,"tile_world_area":270355.817993164,"tile_world_span":"(571.5768, 473.0)","total_ms":1090.712,"visual_domain":"[P: (0.0, -44.0), S: (2286.307, 1419.0)]","wrap_period_x":2286.30706599092,"wrap_x":true}
WARNING: Loaded resource as image file, this will not work on export: 'res://assets/textures/terrain_materials/organic.png'. Instead, import the image file as an Image resource and load it normally as a resource.
   at: load (core/io/image.cpp:2756)
   GDScript backtrace (most recent call first):
       [0] _build_terrain_material_tex (res://scripts/rendering/map_baker.gd:360)
       [1] get_or_build_shared_terrain_material_tex (res://scripts/rendering/map_baker.gd:343)
       [2] bake_world (res://scripts/rendering/map_baker.gd:1187)
       [3] _yield_generation_frame (res://scripts/rendering/map_baker.gd:1225)
WARNING: Loaded resource as image file, this will not work on export: 'res://assets/textures/terrain_materials/dry_sand.png'. Instead, import the image file as an Image resource and load it normally as a resource.
   at: load (core/io/image.cpp:2756)
   GDScript backtrace (most recent call first):
       [0] _build_terrain_material_tex (res://scripts/rendering/map_baker.gd:360)
       [1] get_or_build_shared_terrain_material_tex (res://scripts/rendering/map_baker.gd:343)
       [2] bake_world (res://scripts/rendering/map_baker.gd:1187)
       [3] _yield_generation_frame (res://scripts/rendering/map_baker.gd:1225)
WARNING: Loaded resource as image file, this will not work on export: 'res://assets/textures/terrain_materials/rock.png'. Instead, import the image file as an Image resource and load it normally as a resource.
   at: load (core/io/image.cpp:2756)
   GDScript backtrace (most recent call first):
       [0] _build_terrain_material_tex (res://scripts/rendering/map_baker.gd:360)
       [1] get_or_build_shared_terrain_material_tex (res://scripts/rendering/map_baker.gd:343)
       [2] bake_world (res://scripts/rendering/map_baker.gd:1187)
       [3] _yield_generation_frame (res://scripts/rendering/map_baker.gd:1225)
WARNING: Loaded resource as image file, this will not work on export: 'res://assets/textures/terrain_materials/snow_wet.png'. Instead, import the image file as an Image resource and load it normally as a resource.
   at: load (core/io/image.cpp:2756)
   GDScript backtrace (most recent call first):
       [0] _build_terrain_material_tex (res://scripts/rendering/map_baker.gd:360)
       [1] get_or_build_shared_terrain_material_tex (res://scripts/rendering/map_baker.gd:343)
       [2] bake_world (res://scripts/rendering/map_baker.gd:1187)
       [3] _yield_generation_frame (res://scripts/rendering/map_baker.gd:1225)
  cell LUT encode: deferred until DCWorldExt bind
  encode: 4456ms
MapBaker v6: total 4660ms
MapGenerator v7: bake 4696ms
MapGenerator: skip _compute_ocean_currents (physical-hex path writes per-cell directly)
MapGenerator: skip _compute_terrain_perturbed_wind (physical-hex solver writes per-cell)
[SUS] sim budget strict=false frame=8.00ms warn=2.00ms slice=0.75ms upload=1.50ms scheduler=DCSystemScheduler native_sus=auto
[DCWorldExt] bind_map_data: 148 components bound (auto-registered=148; snapshot model; see world_ext.cpp comment & charter Â§11)
[DataCore] _data_core_world_ext bound=true (climate co-processor; class=DCWorldExt)
[native_world] configure rc=0 reason=configured cells=2400 wrap_period_x=103.923
[native_generation] path=gdext n=2400 published=9 native_ms=0.160 compute_ms=0.099 flush_ms=0.061
[hex_cell] facade ENABLED (2400 cells bound; ext=true)
[DataCore] _baker climate_profile injected=true (fixes WorldData.config==null sea_ice prepare path)
[phys_solve][oneshot] OK slp=1.13ms wind=0.59ms psi=0.50ms(ran=true) upwelling=0.06ms total=2.90ms
PhysicalCirculation solve@phase=1.50 total=3ms (C++ one-shot run_physical_solve_pass)
  wind/ocean pixel buffers: skipped (ocean_current_visual off)
[physical_init] deferred native refresh complete: 3ms
[cell_lut] deferred encode: 2ms path=gdext
[bio-occupancy] seed landmasses=7 provinces=7 species=20 secondary_hearths=10
[bio-occupancy]   bio.maize envelope=83 hearth=2 seeded_landmasses=1 primary_landmass=2 primary_envelope=43 occupied=2 occupied/envelope=0.05
[bio-occupancy]   bio.wheat envelope=195 hearth=48 seeded_landmasses=2 primary_landmass=1 primary_envelope=68 occupied=48 occupied/envelope=0.71
[bio-occupancy]   bio.rice envelope=79 hearth=26 seeded_landmasses=3 primary_landmass=2 primary_envelope=34 occupied=26 occupied/envelope=0.76
[bio-occupancy]   bio.potato envelope=152 hearth=55 seeded_landmasses=3 primary_landmass=3 primary_envelope=58 occupied=55 occupied/envelope=0.95
[bio-occupancy]   bio.horse envelope=223 hearth=41 seeded_landmasses=1 primary_landmass=3 primary_envelope=82 occupied=41 occupied/envelope=0.50
[bio-occupancy]   bio.cotton envelope=150 hearth=56 seeded_landmasses=1 primary_landmass=2 primary_envelope=102 occupied=56 occupied/envelope=0.55
[bio-occupancy]   bio.flax envelope=188 hearth=40 seeded_landmasses=1 primary_landmass=3 primary_envelope=72 occupied=40 occupied/envelope=0.56
[bio-occupancy]   bio.spice envelope=129 hearth=7 seeded_landmasses=1 primary_landmass=1 primary_envelope=23 occupied=7 occupied/envelope=0.30
[bio-occupancy]   bio.rubber envelope=91 hearth=4 seeded_landmasses=1 primary_landmass=3 primary_envelope=17 occupied=4 occupied/envelope=0.24
[bio-occupancy]   bio.sheep envelope=44 hearth=1 seeded_landmasses=1 primary_landmass=1 primary_envelope=9 occupied=1 occupied/envelope=0.11
[bio-occupancy]   bio.goat envelope=396 hearth=73 seeded_landmasses=2 primary_landmass=1 primary_envelope=133 occupied=73 occupied/envelope=0.55
[bio-occupancy]   bio.cattle envelope=35 hearth=7 seeded_landmasses=1 primary_landmass=2 primary_envelope=13 occupied=7 occupied/envelope=0.54
[bio-occupancy]   bio.pig envelope=356 hearth=135 seeded_landmasses=3 primary_landmass=2 primary_envelope=179 occupied=135 occupied/envelope=0.75
[bio-occupancy]   bio.camel envelope=66 hearth=8 seeded_landmasses=1 primary_landmass=3 primary_envelope=17 occupied=8 occupied/envelope=0.47
[bio-occupancy]   bio.yak envelope=82 hearth=41 seeded_landmasses=3 primary_landmass=1 primary_envelope=59 occupied=41 occupied/envelope=0.69
[bio-occupancy]   bio.silkworm envelope=182 hearth=54 seeded_landmasses=1 primary_landmass=2 primary_envelope=119 occupied=54 occupied/envelope=0.45
[bio-occupancy]   bio.reed envelope=171 hearth=38 seeded_landmasses=3 primary_landmass=2 primary_envelope=67 occupied=38 occupied/envelope=0.57
[bio-occupancy]   bio.bast_fiber envelope=255 hearth=28 seeded_landmasses=1 primary_landmass=3 primary_envelope=90 occupied=28 occupied/envelope=0.31
[bio-occupancy]   bio.dye_plant envelope=157 hearth=17 seeded_landmasses=1 primary_landmass=1 primary_envelope=33 occupied=17 occupied/envelope=0.52
[bio-occupancy]   bio.medicinal_herb envelope=404 hearth=174 seeded_landmasses=3 primary_landmass=2 primary_envelope=193 occupied=174 occupied/envelope=0.90
[bio-occupancy]   landmass 1 classes=cold_grazer, dry_grazer, fiber_forest, fiber_wet, highland_food, open_food, open_grazer, forest_grazer, fiber_open, wetland_food, tropical foods=potato, wheat, rice
[bio-occupancy]   landmass 2 classes=fiber_forest, cold_grazer, forest_grazer, highland_food, fiber_wet, dry_grazer, open_food, fiber_open, open_grazer, wetland_food, tropical foods=potato, maize, rice
[bio-occupancy]   landmass 3 classes=fiber_wet, fiber_forest, forest_grazer, dry_grazer, tropical, wetland_food, open_food, open_grazer, fiber_open, highland_food, cold_grazer foods=rice, wheat, potato
[bio-occupancy]   landmass 4 classes=none foods=none
[bio-occupancy]   landmass 5 classes=none foods=none
[bio-occupancy]   landmass 6 classes=none foods=none
[bio-occupancy]   landmass 7 classes=none foods=none
[weather] gdext acceleration ON (class=DCWorldExt)
[weather] gdext field commit ON
[weather] gdext distribute ON
[weather] gdext summary ON
[weather] hexcell facade ON (skip AoS double-write in hot loop)
[weather] gdext resident knobs ON (class=KnobsHandle)
[save/restore] country configured without bootstrap; awaiting PKCN
[weather/knobs] resident KnobsHandle path ACTIVE — first to_*_knobs_dict hit (field_rebuild_count=1 expected ≤1; stable Hz target ≤1 Hz)
[native_daily] ACTIVE: registered native_daily_sim + natural_resource_daily + bio_occupancy_daily; retained season_refresh + ocean_currents boundary jobs
[DCSystemScheduler] topology: ["season_refresh", "effect_runtime", "gameplay_effect", "natural_resource_daily", "bio_occupancy_daily", "enum_atlas_upload", "ocean_currents", "native_daily_sim", "dynamic_visual_atlas_upload"]
[save/restore] PKCN restored; economy configured and awaiting PKEC
[DCSystemScheduler] topology: ["trigger_runtime", "ideology_runtime", "modifier_daily", "season_refresh", "effect_runtime", "gameplay_effect", "natural_resource_daily", "bio_occupancy_daily", "enum_atlas_upload", "ocean_currents", "native_daily_sim", "dynamic_visual_atlas_upload", "country_daily", "economy_daily"]
[save/restore] PKCN and PKEC restored; country/economy systems registered
[building-visual] intel_refresh requested=50 changed=0 known=3 catalog=400 resident=0 body=0 queued=0 zoom=1.000
WARNING: [runtime-climate-round] no ClimateDailySystem; SHADOW capture carries no shared pass input
   at: push_warning (core/variant/variant_utility.cpp:1034)
   GDScript backtrace (most recent call first):
       [0] _build_runtime_climate_round_input (res://scripts/geography/map_generator.gd:4673)
       [1] capture_runtime_inputs_for_worker (res://scripts/geography/map_generator.gd:2356)
       [2] generate_world (res://scripts/game/world_runtime_host.gd:724)
       [3] generate (res://scripts/geography/map_generator.gd:1606)
       [4] _yield_generation_frame (res://scripts/geography/map_generator.gd:19920)
WARNING: [runtime-worker] Ideology opinion publish deferred: ideology_opinion_snapshot_invalid
   at: push_warning (core/variant/variant_utility.cpp:1034)
   GDScript backtrace (most recent call first):
       [0] _start_production_shadow_worker (res://scripts/game/world_runtime_host.gd:815)
       [1] generate_world (res://scripts/game/world_runtime_host.gd:733)
       [2] generate (res://scripts/geography/map_generator.gd:1606)
       [3] _yield_generation_frame (res://scripts/geography/map_generator.gd:19920)
[economy-climate-gate] day=26281 climate_ok=0 stall=0x10 ring=0
[runtime-day-wait] day=26281 env_day=26280 missing=0x3ff stall=0x10 economy_input=-1
[runtime-day-wait] day=26281 env_day=26280 missing=0x3ff stall=0x10 economy_input=-1 ring=0 country=
[runtime-worker] production ACTIVE started mask=4095 auto_pod=true
[tech-ui-diag/query] apply ok gen=13594 day=26280 view_gen=13594 progress_total=259860002 pending_words=36
[tech-ui-diag/research] handle=4294967296 gen=13594 day=26280 owned=62 pending=0 queued=0 progress_nonzero=57 stock=33081 deferred=33081 consumed=259860002 cash=2461770546063 budget=10000000 auto=1
[save-replay] loaded day=26280 country=0 economy=""
[DCSystemScheduler][RT] ocean_skip#1 tick=26281 reason=policy_gated slices=0 elapsed=0.000 progress=0.000 source=day_changed
[climate][publish] day=26280 round_ran=0 prod_stage=0x0 scalar_mask=0x0 alb=0 veg=0 fb=0 weather=0 sr=0 ok=1
[phys/knobs] projection ready: slp=31 wind=33 psi=26 up=10
[climate/worker][b8] physics_knobs day=26281 ready=1 missing=
[DCSystemScheduler][RT] ocean_skip#2 tick=26282 reason=policy_gated slices=0 elapsed=0.000 progress=0.000 source=day_changed
[climate/worker][b8] paw day=26281 cell=73 moisture=0.867248 wb30=-0.00473684 soil=0 paw=0.864169 zeros(water=1546 land=0) nonzero=854 weights(wb=0.35 soil=0.25 dry=0.65) round=1 distribute=1 hydrology=0
[climate-kernel][round] shared=1 ok=1 n_cells=2400 mask=0x1FF ran=0x1FF starved=0x0 knobs_cells=2400
[climate/worker][b8] cyclone_gate day=26281 input_enabled=0 force_env=0 effective=0
[climate/worker][b8] weather_solve day=26281 cells=2400 psi=1 vapor0=0.104005 precip0=0 cloud0=0.0467184 type0=0 field_init0=1
[country][parity] worker_day=26281 uncompared reference_range=-1..-1 depth=0
[tech-ui-diag/query] apply ok gen=13594 day=26281 view_gen=13594 progress_total=259860002 pending_words=36
[research-procure-diag] day=26281 phase=0 done=0 cands=8 cursor=0 enabled=0 remain=0 budget=0 gate_mask=0x3fe research_gate=1 orders=0 rej=0 procured=0 last_err=
[hex-renderer] set_weather_fronts(n=0) layer=WeatherLayer
[economy-mirror-cost] day=26281 capture_ms=2.212 import_ms=5.391
[climate/writeback][b8] day=26281 vapor store0=0.104005 map0=0.104005 dirty_fields=54 applied=54
[climate/worker][b8] physics_knobs day=26282 ready=1 missing=
[climate/worker][b8] paw day=26282 cell=73 moisture=0.852313 wb30=-0.00501559 soil=-0.00104793 paw=0.849053 zeros(water=1546 land=0) nonzero=854 weights(wb=0.35 soil=0.25 dry=0.65) round=1 distribute=1 hydrology=0
[climate/worker][b8] cyclone_gate day=26282 input_enabled=0 force_env=0 effective=0
[climate/worker][b8] weather_solve day=26282 cells=2400 psi=1 vapor0=0.0967983 precip0=0 cloud0=0.0488552 type0=0 field_init0=1
[country][parity] worker_day=26282 uncompared reference_range=-1..-1 depth=0
[research-procure-diag] day=26282 phase=0 done=0 cands=1 cursor=0 enabled=0 remain=0 budget=0 gate_mask=0x3fe research_gate=1 orders=0 rej=0 procured=0 last_err=
[climate/worker][b8] physics_knobs day=26283 ready=1 missing=
[climate/worker][b8] paw day=26283 cell=73 moisture=0.851747 wb30=-0.00528019 soil=-0.00104793 paw=0.848315 zeros(water=1546 land=0) nonzero=854 weights(wb=0.35 soil=0.25 dry=0.65) round=1 distribute=1 hydrology=0
[climate/writeback][b8] day=26282 vapor store0=0.0967983 map0=0.0967983 dirty_fields=54 applied=54
[climate/worker][b8] weather_solve day=26283 cells=2400 psi=1 vapor0=0.0936762 precip0=0 cloud0=0.0463803 type0=0 field_init0=1
[country][parity] worker_day=26283 uncompared reference_range=-1..-1 depth=0
[research-procure-diag] day=26283 phase=0 done=0 cands=7 cursor=0 enabled=0 remain=0 budget=0 gate_mask=0x3fe research_gate=1 orders=0 rej=0 procured=0 last_err=
[tech-ui-diag/query] apply ok gen=13594 day=26283 view_gen=13594 progress_total=259860002 pending_words=36
[climate/worker][b8] physics_knobs day=26284 ready=1 missing=
[climate/worker][b8] paw day=26284 cell=73 moisture=0.852399 wb30=-0.00554155 soil=-0.00104793 paw=0.848797 zeros(water=1546 land=0) nonzero=854 weights(wb=0.35 soil=0.25 dry=0.65) round=1 distribute=1 hydrology=0
[climate/worker][b8] weather_solve day=26284 cells=2400 psi=1 vapor0=0.0914094 precip0=0 cloud0=0.0435165 type0=0 field_init0=1
[country][parity] worker_day=26284 uncompared reference_range=-1..-1 depth=0
[climate/writeback][b8] day=26283 vapor store0=0.0936762 map0=0.0936762 dirty_fields=54 applied=54
[research-procure-diag] day=26284 phase=0 done=0 cands=1 cursor=0 enabled=0 remain=0 budget=0 gate_mask=0x3fe research_gate=1 orders=0 rej=0 procured=0 last_err=
[climate/worker][b8] physics_knobs day=26285 ready=1 missing=
[climate/worker][b8] paw day=26285 cell=73 moisture=0.852196 wb30=-0.00579246 soil=-0.00205278 paw=0.848431 zeros(water=1546 land=0) nonzero=854 weights(wb=0.35 soil=0.25 dry=0.65) round=1 distribute=1 hydrology=0
[country][parity] worker_day=26285 uncompared reference_range=-1..-1 depth=0
[climate/writeback][b8] day=26284 vapor store0=0.0914094 map0=0.0914094 dirty_fields=54 applied=54
[research-procure-diag] day=26285 phase=0 done=0 cands=7 cursor=0 enabled=0 remain=0 budget=0 gate_mask=0x3fe research_gate=1 orders=0 rej=0 procured=0 last_err=
[climate/worker][b8] physics_knobs day=26286 ready=1 missing=
[climate/worker][b8] paw day=26286 cell=73 moisture=0.850839 wb30=-0.00602339 soil=-0.00205278 paw=0.846924 zeros(water=1546 land=0) nonzero=854 weights(wb=0.35 soil=0.25 dry=0.65) round=1 distribute=1 hydrology=0
[country][parity] worker_day=26286 uncompared reference_range=-1..-1 depth=0
[research-procure-diag] day=26286 phase=0 done=0 cands=1 cursor=0 enabled=0 remain=0 budget=0 gate_mask=0x3fe research_gate=1 orders=0 rej=0 procured=0 last_err=
[tech-ui-diag/query] apply ok gen=13594 day=26286 view_gen=13594 progress_total=259860002 pending_words=36
[climate/worker][b8] paw day=26287 cell=73 moisture=0.85087 wb30=-0.0062469 soil=-0.00205278 paw=0.84681 zeros(water=1546 land=0) nonzero=854 weights(wb=0.35 soil=0.25 dry=0.65) round=1 distribute=1 hydrology=0
[country][parity] worker_day=26287 uncompared reference_range=-1..-1 depth=0
[research-procure-diag] day=26287 phase=0 done=0 cands=7 cursor=0 enabled=0 remain=0 budget=0 gate_mask=0x3fe research_gate=1 orders=0 rej=0 procured=0 last_err=
[climate/worker][b8] paw day=26288 cell=73 moisture=0.850774 wb30=-0.00646213 soil=-0.00206617 paw=0.846574 zeros(water=1546 land=0) nonzero=854 weights(wb=0.35 soil=0.25 dry=0.65) round=1 distribute=1 hydrology=0
[country][parity] worker_day=26288 uncompared reference_range=-1..-1 depth=0
[tech-ui-diag/query] apply ok gen=13594 day=26288 view_gen=13594 progress_total=259860002 pending_words=36
[research-procure-diag] day=26288 phase=0 done=0 cands=5 cursor=0 enabled=0 remain=0 budget=0 gate_mask=0x3fe research_gate=1 orders=0 rej=0 procured=0 last_err=
[climate/worker][b8] paw day=26289 cell=73 moisture=0.850768 wb30=-0.00667013 soil=-0.002062 paw=0.846432 zeros(water=1546 land=0) nonzero=854 weights(wb=0.35 soil=0.25 dry=0.65) round=1 distribute=1 hydrology=0
[research-procure-diag] day=26289 phase=0 done=0 cands=2 cursor=0 enabled=0 remain=0 budget=0 gate_mask=0x3fe research_gate=1 orders=0 rej=0 procured=0 last_err=
[climate/worker][b8] paw day=26290 cell=73 moisture=0.848789 wb30=-0.00685426 soil=-0.00300883 paw=0.844334 zeros(water=1546 land=0) nonzero=854 weights(wb=0.35 soil=0.25 dry=0.65) round=1 distribute=1 hydrology=0
[research-procure-diag] day=26290 phase=0 done=0 cands=1 cursor=0 enabled=0 remain=0 budget=0 gate_mask=0x3fe research_gate=1 orders=0 rej=0 procured=0 last_err=
[tech-ui-diag/query] apply ok gen=13594 day=26290 view_gen=13594 progress_total=259860002 pending_words=36
[climate/worker][b8] paw day=26291 cell=73 moisture=0.848428 wb30=-0.00702916 soil=-0.00300947 paw=0.843859 zeros(water=1546 land=0) nonzero=854 weights(wb=0.35 soil=0.25 dry=0.65) round=1 distribute=1 hydrology=0
[research-procure-diag] day=26291 phase=0 done=0 cands=5 cursor=0 enabled=0 remain=0 budget=0 gate_mask=0x3fe research_gate=1 orders=0 rej=0 procured=0 last_err=
[climate/worker][b8] paw day=26292 cell=73 moisture=0.848209 wb30=-0.00719635 soil=-0.0030075 paw=0.843531 zeros(water=1546 land=0) nonzero=854 weights(wb=0.35 soil=0.25 dry=0.65) round=1 distribute=1 hydrology=0
[clock/step] delta=6.9ms speed=50x target=0.35d cap=3.97d/f cost=2.02ms ran=0 pulse=0.00ms loop=0.00ms full=0.24ms carry=0.10 barrier=climate_input_capacity_day_barrier
[tech-ui-diag/query] apply ok gen=13594 day=26292 view_gen=13594 progress_total=259860002 pending_words=36
[research-procure-diag] day=26292 phase=0 done=0 cands=2 cursor=0 enabled=0 remain=0 budget=0 gate_mask=0x3fe research_gate=1 orders=0 rej=0 procured=0 last_err=
[research-procure-diag] day=26293 phase=0 done=0 cands=1 cursor=0 enabled=0 remain=0 budget=0 gate_mask=0x3fe research_gate=1 orders=0 rej=0 procured=0 last_err=
[research-procure-diag] day=26294 phase=0 done=0 cands=5 cursor=0 enabled=0 remain=0 budget=0 gate_mask=0x3fe research_gate=1 orders=0 rej=0 procured=0 last_err=
[tech-ui-diag/query] apply ok gen=13594 day=26294 view_gen=13594 progress_total=259860002 pending_words=36
[research-procure-diag] day=26295 phase=0 done=0 cands=2 cursor=0 enabled=0 remain=0 budget=0 gate_mask=0x3fe research_gate=1 orders=0 rej=0 procured=0 last_err=
[research-procure-diag] day=26296 phase=0 done=0 cands=1 cursor=0 enabled=0 remain=0 budget=0 gate_mask=0x3fe research_gate=1 orders=0 rej=0 procured=0 last_err=
[research-procure-diag] day=26297 phase=0 done=0 cands=1 cursor=0 enabled=0 remain=0 budget=0 gate_mask=0x3fe research_gate=1 orders=0 rej=0 procured=0 last_err=
[research-procure-diag] day=26298 phase=0 done=0 cands=4 cursor=0 enabled=0 remain=0 budget=0 gate_mask=0x3fe research_gate=1 orders=0 rej=0 procured=0 last_err=
[economy-open-finish] day=26300 country=0.648 workset=0.038 fiscal=0.030 csr=0.005 recovery=0.012 vectors=2.178 audit=1.498 commands=0.001
[economy-prelude-cost] day=26300 ms=4.624 pending=0
[research-procure-diag] day=26300 phase=0 done=0 cands=3 cursor=0 enabled=0 remain=0 budget=0 gate_mask=0x3fe research_gate=1 orders=0 rej=0 procured=0 last_err=
[economy-aggregate-cost] day=26300 publish_ms=3.920 native_hash_ms=12.423
[economy-ledger-cost] day=26300 copy_ms=0.414 validate_ms=0.258 hash_ms=0.782 cohorts=512 markets=321600
[economy-boundary-cost] day=26300 formulas_ms=26.739 stages_ms=21.217 mirror_ms=9.322
[runtime-day-cost] day=26300 ok=1 ms=41.322
[research-procure-diag] day=26301 phase=0 done=0 cands=1 cursor=0 enabled=0 remain=0 budget=0 gate_mask=0x3fe research_gate=1 orders=0 rej=0 procured=0 last_err=
[research-procure-diag] day=26302 phase=0 done=0 cands=4 cursor=0 enabled=0 remain=0 budget=0 gate_mask=0x3fe research_gate=1 orders=0 rej=0 procured=0 last_err=
[research-procure-diag] day=26304 phase=0 done=0 cands=3 cursor=0 enabled=0 remain=0 budget=0 gate_mask=0x3fe research_gate=1 orders=0 rej=0 procured=0 last_err=
[research-procure-diag] day=26305 phase=0 done=0 cands=1 cursor=0 enabled=0 remain=0 budget=0 gate_mask=0x3fe research_gate=1 orders=0 rej=0 procured=0 last_err=
[research-procure-diag] day=26306 phase=0 done=0 cands=4 cursor=0 enabled=0 remain=0 budget=0 gate_mask=0x3fe research_gate=1 orders=0 rej=0 procured=0 last_err=
[clock/step] delta=6.9ms speed=50x target=0.35d cap=8.00d/f cost=0.57ms ran=0 pulse=0.00ms loop=0.00ms full=0.21ms carry=0.13 barrier=climate_input_capacity_day_barrier
[clock/step] delta=6.9ms speed=50x target=0.35d cap=8.00d/f cost=0.51ms ran=1 pulse=0.00ms loop=0.56ms full=0.77ms carry=0.07 barrier=climate_input_capacity_day_barrier
[clock/step] delta=6.9ms speed=50x target=0.35d cap=8.00d/f cost=0.54ms ran=0 pulse=0.00ms loop=0.00ms full=0.28ms carry=0.33 barrier=climate_input_capacity_day_barrier
[clock/step] delta=6.9ms speed=50x target=0.34d cap=8.00d/f cost=0.47ms ran=1 pulse=0.00ms loop=0.40ms full=0.57ms carry=0.23 barrier=climate_input_capacity_day_barrier
[clock/step] delta=6.9ms speed=50x target=0.34d cap=8.00d/f cost=0.75ms ran=0 pulse=0.00ms loop=0.00ms full=0.26ms carry=0.13 barrier=climate_input_capacity_day_barrier
[clock/step] delta=6.9ms speed=50x target=0.35d cap=8.00d/f cost=0.53ms ran=0 pulse=0.00ms loop=0.00ms full=0.24ms carry=0.10 barrier=climate_input_capacity_day_barrier
[economy-open-finish] day=26400 country=0.403 workset=0.007 fiscal=0.026 csr=0.003 recovery=0.000 vectors=1.224 audit=1.428 commands=0.001
[economy-prelude-cost] day=26400 ms=3.249 pending=0
[economy-aggregate-cost] day=26400 publish_ms=3.446 native_hash_ms=10.439
[economy-ledger-cost] day=26400 copy_ms=0.425 validate_ms=0.214 hash_ms=0.691 cohorts=512 markets=321600
[economy-boundary-cost] day=26400 formulas_ms=18.734 stages_ms=14.936 mirror_ms=8.736
[runtime-day-cost] day=26400 ok=1 ms=34.269
[clock/step] delta=6.9ms speed=50x target=0.34d cap=8.00d/f cost=0.50ms ran=0 pulse=0.00ms loop=0.00ms full=0.27ms carry=0.06 barrier=climate_input_capacity_day_barrier
[clock/step] delta=6.9ms speed=50x target=0.34d cap=8.00d/f cost=0.51ms ran=0 pulse=0.00ms loop=0.00ms full=0.18ms carry=0.65 barrier=
[clock/step] delta=6.9ms speed=50x target=0.34d cap=8.00d/f cost=0.52ms ran=0 pulse=0.00ms loop=0.00ms full=0.23ms carry=0.20 barrier=climate_input_capacity_day_barrier
[clock/step] delta=6.9ms speed=50x target=0.34d cap=6.65d/f cost=1.09ms ran=1 pulse=0.00ms loop=0.65ms full=0.90ms carry=0.13 barrier=climate_input_capacity_day_barrier
[clock/step] delta=6.9ms speed=50x target=0.34d cap=8.00d/f cost=0.48ms ran=0 pulse=0.00ms loop=0.00ms full=0.22ms carry=0.33 barrier=climate_input_capacity_day_barrier
[clock/step] delta=6.9ms speed=50x target=0.34d cap=8.00d/f cost=0.54ms ran=0 pulse=0.00ms loop=0.00ms full=0.26ms carry=0.57 barrier=
[economy-open-finish] day=26500 country=0.381 workset=0.007 fiscal=0.031 csr=0.004 recovery=0.000 vectors=1.786 audit=2.378 commands=0.001
[economy-prelude-cost] day=26500 ms=4.750 pending=0
[economy-aggregate-cost] day=26500 publish_ms=2.958 native_hash_ms=10.209
[economy-ledger-cost] day=26500 copy_ms=0.386 validate_ms=0.219 hash_ms=0.971 cohorts=512 markets=321600
[economy-boundary-cost] day=26500 formulas_ms=19.894 stages_ms=14.604 mirror_ms=9.351
[runtime-day-cost] day=26500 ok=1 ms=33.914
[clock/step] delta=6.9ms speed=50x target=0.34d cap=8.00d/f cost=0.55ms ran=0 pulse=0.00ms loop=0.00ms full=0.25ms carry=0.12 barrier=climate_input_capacity_day_barrier
[clock/step] delta=6.9ms speed=50x target=0.34d cap=8.00d/f cost=0.71ms ran=0 pulse=0.00ms loop=0.00ms full=0.34ms carry=0.02 barrier=climate_input_capacity_day_barrier
[clock/step] delta=6.9ms speed=50x target=0.34d cap=8.00d/f cost=0.50ms ran=0 pulse=0.00ms loop=0.00ms full=0.24ms carry=0.91 barrier=
[clock/step] delta=6.9ms speed=50x target=0.34d cap=8.00d/f cost=0.64ms ran=0 pulse=0.00ms loop=0.00ms full=0.17ms carry=0.12 barrier=climate_input_capacity_day_barrier
[clock/step] delta=6.9ms speed=50x target=0.34d cap=8.00d/f cost=0.60ms ran=0 pulse=0.00ms loop=0.00ms full=0.22ms carry=0.32 barrier=climate_input_capacity_day_barrier
[clock/step] delta=6.9ms speed=50x target=0.35d cap=8.00d/f cost=0.54ms ran=0 pulse=0.00ms loop=0.00ms full=0.21ms carry=0.89 barrier=
[economy-open-finish] day=26600 country=0.686 workset=0.007 fiscal=0.025 csr=0.004 recovery=0.000 vectors=2.475 audit=2.476 commands=0.001
[economy-prelude-cost] day=26600 ms=5.907 pending=0
[economy-aggregate-cost] day=26600 publish_ms=2.618 native_hash_ms=10.329
[economy-ledger-cost] day=26600 copy_ms=0.351 validate_ms=0.217 hash_ms=0.779 cohorts=512 markets=321600
[economy-boundary-cost] day=26600 formulas_ms=21.243 stages_ms=14.487 mirror_ms=8.716
[runtime-day-cost] day=26600 ok=1 ms=34.812
[clock/step] delta=6.9ms speed=50x target=0.35d cap=8.00d/f cost=0.48ms ran=0 pulse=0.00ms loop=0.00ms full=0.16ms carry=0.21 barrier=climate_input_capacity_day_barrier
[clock/step] delta=6.9ms speed=50x target=0.34d cap=6.50d/f cost=1.23ms ran=0 pulse=0.00ms loop=0.00ms full=0.17ms carry=0.42 barrier=
WARNING: [save] runtime bundle failed: {"code":"runtime_save_failed","ok":false,"pending":false,"reason":"save_country_checkpoint_day_mismatch","request_id":1}
   at: push_warning (core/variant/variant_utility.cpp:1034)
   GDScript backtrace (most recent call first):
       [0] _capture_native_runtime_bundle (res://scripts/game/game_save_coordinator.gd:626)
[clock/step] delta=6.9ms speed=50x target=0.34d cap=8.00d/f cost=0.75ms ran=0 pulse=0.00ms loop=0.00ms full=0.25ms carry=0.62 barrier=
[clock/step] delta=6.9ms speed=50x target=0.34d cap=8.00d/f cost=0.52ms ran=0 pulse=0.00ms loop=0.00ms full=0.25ms carry=0.17 barrier=climate_input_capacity_day_barrier
[clock/step] delta=6.9ms speed=50x target=0.34d cap=8.00d/f cost=0.53ms ran=0 pulse=0.00ms loop=0.00ms full=0.25ms carry=0.03 barrier=climate_input_capacity_day_barrier
[economy-open-finish] day=26700 country=0.675 workset=0.008 fiscal=0.032 csr=0.004 recovery=0.000 vectors=2.484 audit=2.451 commands=0.001
[economy-prelude-cost] day=26700 ms=5.888 pending=0
[economy-aggregate-cost] day=26700 publish_ms=3.384 native_hash_ms=10.446
[economy-ledger-cost] day=26700 copy_ms=0.367 validate_ms=0.244 hash_ms=0.681 cohorts=512 markets=321600
[economy-boundary-cost] day=26700 formulas_ms=22.159 stages_ms=15.455 mirror_ms=8.663
[runtime-day-cost] day=26700 ok=1 ms=36.407
[clock/step] delta=6.9ms speed=50x target=0.34d cap=8.00d/f cost=0.48ms ran=0 pulse=0.00ms loop=0.00ms full=0.25ms carry=0.24 barrier=climate_input_capacity_day_barrier
[clock/step] delta=6.9ms speed=50x target=0.34d cap=8.00d/f cost=0.53ms ran=0 pulse=0.00ms loop=0.00ms full=0.18ms carry=0.45 barrier=
[clock/step] delta=6.9ms speed=50x target=0.35d cap=8.00d/f cost=0.61ms ran=1 pulse=0.00ms loop=0.39ms full=0.55ms carry=0.08 barrier=climate_input_capacity_day_barrier
[clock/step] delta=6.9ms speed=50x target=0.34d cap=8.00d/f cost=0.70ms ran=0 pulse=0.00ms loop=0.00ms full=0.30ms carry=0.34 barrier=climate_input_capacity_day_barrier
[clock/step] delta=6.9ms speed=50x target=0.34d cap=8.00d/f cost=0.53ms ran=0 pulse=0.00ms loop=0.00ms full=0.21ms carry=0.20 barrier=climate_input_capacity_day_barrier
[clock/step] delta=6.9ms speed=50x target=0.34d cap=8.00d/f cost=0.57ms ran=0 pulse=0.00ms loop=0.00ms full=0.22ms carry=0.06 barrier=climate_input_capacity_day_barrier
[economy-open-finish] day=26800 country=0.395 workset=0.006 fiscal=0.028 csr=0.003 recovery=0.000 vectors=1.280 audit=1.566 commands=0.001
[economy-prelude-cost] day=26800 ms=3.442 pending=0
[economy-aggregate-cost] day=26800 publish_ms=3.843 native_hash_ms=10.437
[economy-ledger-cost] day=26800 copy_ms=0.410 validate_ms=0.234 hash_ms=0.698 cohorts=512 markets=321600
[economy-boundary-cost] day=26800 formulas_ms=19.489 stages_ms=15.472 mirror_ms=8.872
[runtime-day-cost] day=26800 ok=1 ms=33.286
[clock/step] delta=6.9ms speed=50x target=0.34d cap=8.00d/f cost=0.60ms ran=0 pulse=0.00ms loop=0.00ms full=0.27ms carry=0.61 barrier=
[clock/step] delta=6.9ms speed=50x target=0.34d cap=8.00d/f cost=0.53ms ran=0 pulse=0.00ms loop=0.00ms full=0.28ms carry=0.47 barrier=
[clock/step] delta=6.9ms speed=50x target=0.34d cap=8.00d/f cost=0.54ms ran=0 pulse=0.00ms loop=0.00ms full=0.25ms carry=0.68 barrier=
[clock/step] delta=6.9ms speed=50x target=0.35d cap=8.00d/f cost=0.52ms ran=0 pulse=0.00ms loop=0.00ms full=0.19ms carry=0.20 barrier=climate_input_capacity_day_barrier
[clock/step] delta=6.9ms speed=50x target=0.35d cap=8.00d/f cost=0.54ms ran=0 pulse=0.00ms loop=0.00ms full=0.23ms carry=0.18 barrier=climate_input_capacity_day_barrier
[clock/step] delta=6.9ms speed=50x target=0.34d cap=8.00d/f cost=0.61ms ran=0 pulse=0.00ms loop=0.00ms full=0.27ms carry=0.73 barrier=
[economy-open-finish] day=26900 country=0.406 workset=0.007 fiscal=0.028 csr=0.003 recovery=0.000 vectors=2.303 audit=2.564 commands=0.001
[economy-prelude-cost] day=26900 ms=5.479 pending=0
[economy-aggregate-cost] day=26900 publish_ms=2.669 native_hash_ms=10.484
[economy-ledger-cost] day=26900 copy_ms=0.387 validate_ms=0.218 hash_ms=0.691 cohorts=512 markets=321600
[economy-boundary-cost] day=26900 formulas_ms=20.850 stages_ms=14.820 mirror_ms=8.670
[runtime-day-cost] day=26900 ok=1 ms=35.086
[clock/step] delta=6.9ms speed=50x target=0.34d cap=8.00d/f cost=0.49ms ran=0 pulse=0.00ms loop=0.00ms full=0.29ms carry=0.28 barrier=climate_input_capacity_day_barrier
[clock/step] delta=6.9ms speed=50x target=0.34d cap=7.80d/f cost=1.03ms ran=0 pulse=0.00ms loop=0.00ms full=0.23ms carry=0.14 barrier=climate_input_capacity_day_barrier
[clock/step] delta=6.9ms speed=50x target=0.34d cap=8.00d/f cost=0.53ms ran=1 pulse=0.00ms loop=0.41ms full=0.57ms carry=0.01 barrier=climate_input_capacity_day_barrier
[clock/step] delta=6.9ms speed=50x target=0.35d cap=8.00d/f cost=0.60ms ran=0 pulse=0.00ms loop=0.00ms full=0.20ms carry=0.92 barrier=
[clock/step] delta=6.9ms speed=50x target=0.34d cap=8.00d/f cost=0.83ms ran=0 pulse=0.00ms loop=0.00ms full=0.17ms carry=0.51 barrier=
[clock/step] delta=6.9ms speed=50x target=0.34d cap=8.00d/f cost=0.55ms ran=0 pulse=0.00ms loop=0.00ms full=0.39ms carry=0.03 barrier=climate_input_capacity_day_barrier
[clock/step] delta=6.9ms speed=50x target=0.34d cap=8.00d/f cost=0.57ms ran=0 pulse=0.00ms loop=0.00ms full=0.23ms carry=0.20 barrier=climate_input_capacity_day_barrier
[economy-open-finish] day=27000 country=0.676 workset=0.008 fiscal=0.025 csr=0.005 recovery=0.000 vectors=2.531 audit=2.061 commands=0.002
[economy-prelude-cost] day=27000 ms=5.533 pending=0
[economy-aggregate-cost] day=27000 publish_ms=3.514 native_hash_ms=12.120
[economy-ledger-cost] day=27000 copy_ms=0.413 validate_ms=0.219 hash_ms=0.699 cohorts=512 markets=321600
[economy-boundary-cost] day=27000 formulas_ms=23.230 stages_ms=16.827 mirror_ms=8.685
[runtime-day-cost] day=27000 ok=1 ms=38.389
WARNING: [save] runtime bundle failed: {"code":"runtime_save_failed","ok":false,"pending":false,"reason":"save_country_checkpoint_day_mismatch","request_id":2}
   at: push_warning (core/variant/variant_utility.cpp:1034)
   GDScript backtrace (most recent call first):
       [0] _capture_native_runtime_bundle (res://scripts/game/game_save_coordinator.gd:626)
[clock/step] delta=6.9ms speed=50x target=0.34d cap=1.67d/f cost=4.98ms ran=1 pulse=0.00ms loop=5.69ms full=5.92ms carry=0.22 barrier=
[clock/step] delta=6.9ms speed=50x target=0.34d cap=8.00d/f cost=0.66ms ran=0 pulse=0.00ms loop=0.00ms full=0.24ms carry=0.25 barrier=climate_input_capacity_day_barrier
[clock/step] delta=6.9ms speed=50x target=0.34d cap=8.00d/f cost=0.63ms ran=0 pulse=0.00ms loop=0.00ms full=0.23ms carry=0.11 barrier=climate_input_capacity_day_barrier
[clock/step] delta=6.9ms speed=50x target=0.34d cap=8.00d/f cost=0.59ms ran=0 pulse=0.00ms loop=0.00ms full=0.25ms carry=0.63 barrier=
[clock/step] delta=6.9ms speed=50x target=0.34d cap=8.00d/f cost=0.50ms ran=0 pulse=0.00ms loop=0.00ms full=0.19ms carry=0.49 barrier=
[clock/step] delta=6.9ms speed=50x target=0.34d cap=8.00d/f cost=0.49ms ran=0 pulse=0.00ms loop=0.00ms full=0.26ms carry=0.00 barrier=climate_input_capacity_day_barrier
[economy-open-finish] day=27100 country=0.677 workset=0.008 fiscal=0.030 csr=0.004 recovery=0.000 vectors=2.478 audit=2.546 commands=0.001
[economy-prelude-cost] day=27100 ms=5.971 pending=0
[economy-aggregate-cost] day=27100 publish_ms=3.019 native_hash_ms=11.251
[economy-ledger-cost] day=27100 copy_ms=0.415 validate_ms=0.250 hash_ms=0.674 cohorts=512 markets=321600
[economy-boundary-cost] day=27100 formulas_ms=22.789 stages_ms=15.970 mirror_ms=8.848
[runtime-day-cost] day=27100 ok=1 ms=36.943
[clock/step] delta=6.9ms speed=50x target=0.34d cap=8.00d/f cost=0.70ms ran=0 pulse=0.00ms loop=0.00ms full=0.21ms carry=0.21 barrier=climate_input_capacity_day_barrier
[clock/step] delta=6.9ms speed=50x target=0.34d cap=8.00d/f cost=0.54ms ran=0 pulse=0.00ms loop=0.00ms full=0.17ms carry=0.07 barrier=climate_input_capacity_day_barrier
[clock/step] delta=6.9ms speed=50x target=0.34d cap=8.00d/f cost=0.60ms ran=0 pulse=0.00ms loop=0.00ms full=0.42ms carry=0.24 barrier=climate_input_capacity_day_barrier
[clock/step] delta=6.9ms speed=50x target=0.34d cap=8.00d/f cost=0.56ms ran=1 pulse=0.00ms loop=0.54ms full=0.78ms carry=0.10 barrier=climate_input_capacity_day_barrier
[clock/step] delta=6.9ms speed=50x target=0.35d cap=8.00d/f cost=0.54ms ran=0 pulse=0.00ms loop=0.00ms full=0.17ms carry=0.72 barrier=
[clock/step] delta=6.9ms speed=50x target=0.34d cap=8.00d/f cost=0.53ms ran=0 pulse=0.00ms loop=0.00ms full=0.17ms carry=0.27 barrier=climate_input_capacity_day_barrier
[economy-open-finish] day=27200 country=0.390 workset=0.007 fiscal=0.027 csr=0.003 recovery=0.000 vectors=1.548 audit=1.992 commands=0.001
[economy-prelude-cost] day=27200 ms=4.117 pending=0
[economy-aggregate-cost] day=27200 publish_ms=2.854 native_hash_ms=10.015
[economy-ledger-cost] day=27200 copy_ms=0.502 validate_ms=0.243 hash_ms=0.805 cohorts=512 markets=321600
[economy-boundary-cost] day=27200 formulas_ms=18.666 stages_ms=13.993 mirror_ms=8.973
[runtime-day-cost] day=27200 ok=1 ms=32.464
[clock/step] delta=6.9ms speed=50x target=0.34d cap=8.00d/f cost=0.61ms ran=0 pulse=0.00ms loop=0.00ms full=0.26ms carry=0.48 barrier=
[clock/step] delta=6.9ms speed=50x target=0.34d cap=4.62d/f cost=1.73ms ran=0 pulse=0.00ms loop=0.00ms full=0.20ms carry=0.68 barrier=
[clock/step] delta=6.9ms speed=50x target=0.34d cap=8.00d/f cost=0.56ms ran=0 pulse=0.00ms loop=0.00ms full=0.26ms carry=0.20 barrier=climate_input_capacity_day_barrier
[clock/step] delta=6.9ms speed=50x target=0.34d cap=8.00d/f cost=0.56ms ran=1 pulse=0.00ms loop=0.75ms full=0.97ms carry=0.06 barrier=climate_input_capacity_day_barrier
[clock/step] delta=6.9ms speed=50x target=0.34d cap=8.00d/f cost=0.48ms ran=0 pulse=0.00ms loop=0.00ms full=0.16ms carry=0.23 barrier=climate_input_capacity_day_barrier
[clock/step] delta=6.9ms speed=50x target=0.34d cap=4.36d/f cost=1.83ms ran=0 pulse=0.00ms loop=0.00ms full=0.18ms carry=0.06 barrier=climate_input_capacity_day_barrier
[runtime-forensics/save_replay_ok] {"captured_at":"2026-10-09T11:09:53","clock":{"day_index":27286,"paused":false,"speed_multiplier":0.0},"context":{"days":1000,"slot":"autosave"},"country":{"bootstrapped":true,"generation":13594,"last_committed_day":27280,"state_hash":0},"economy":{"country_research_procurement_continuation_phase":0,"country_research_procurement_last_error":"","current_day":27280,"epoch_active":false,"epoch_begin_pending_day":-1,"epoch_begin_post_fiscal_pending":false,"epoch_id":27279,"executed_stage":"fiscal_settlement","executed_substage":"commit","fatal":false,"fatal_context":{"valid":false},"fatal_reason":"","fiscal_reservation_continuation_active":false,"fiscal_reservation_continuation_phase":2,"fiscal_reservation_last_error":"","last_completed_sample_day":27280,"newest_state_day":27278,"sample_day":27280,"stage":"aggregate_publish"},"economy_conservation":{"audit_incomplete":false,"audit_incomplete_reason":"","bullion_money_issued":0,"bullion_stock_consumed":0,"closing_audit_fast_paths":0,"closing_audit_full_verifications":1,"closing_audit_incremental_this_epoch":false,"closing_audit_mismatch_lane":-1,"closing_audit_mismatch_ledger":"none","closing_audit_mismatches":0,"closing_audit_mode":"INCREMENTAL","closing_audit_runtime_disabled":false,"closing_cohort_funds":8507132638370,"closing_country_cash":14963107488387,"closing_country_goods":15033081,"closing_escrow_cash":0,"closing_expedition_funds":0,"closing_expedition_goods":0,"closing_goods_stock":32337162082,"closing_transit_goods":0,"construction_goods_consumed":0,"consumed_goods":0,"country_research_goods_consumed":0,"cycle_flow_discarded":0,"explicit_money_burn":0,"explicit_money_mint":0,"explicit_stock_delta":0,"goods_audit_candidate_lanes":[],"goods_error":0,"goods_expected":32337162082,"incremental_closing_cohort_funds":8507132638370,"incremental_closing_country_cash":14963107488387,"incremental_closing_country_goods":15033081,"incremental_closing_escrow_cash":0,"incremental_closing_expedition_goods":0,"incremental_closing_goods_stock":32337162082,"incremental_closing_population":129028,"incremental_closing_transit_goods":0,"maintenance_goods_consumed":0,"money_audit_candidate_accounts":[],"money_close":23470240126757,"money_error":0,"money_expected":23470240126757,"money_open":23470240126757,"opening_audit_fast_paths":1,"opening_audit_full_verifications":0,"opening_cohort_funds":8507132638370,"opening_country_cash":14963107488387,"opening_country_goods":15033081,"opening_escrow_cash":0,"opening_expedition_funds":0,"opening_expedition_goods":0,"opening_goods_stock":32337162082,"opening_transit_goods":0,"owner_output_consumed":0,"population_error":0,"producer_support_money_issued":0,"production_inputs_consumed":0,"production_output_discarded":0,"production_output_retained":0,"production_output_stock":0,"saturation_count":0},"engine":{"debug_build":true,"headless":true,"process_frames":7457},"reason":"save_replay_completed","runtime_thread":{"active_gate_blocked":false,"authoritative_domain_mask":4095,"climate_committed_day":27281,"climate_worker_authoritative":true,"completion_gate_missing_domain_mask":0,"country_worker_authoritative":true,"country_worker_plan_active":false,"country_worker_waiting_for_peer":false,"coverage_blocker":"","day_stall_day":-1,"day_stall_peer_ms":0,"day_stall_reason_mask":0,"economy_authority_fault_paused":false,"economy_authority_last_committed_generation":26282,"economy_input_requested_day":-1,"economy_pod_active_ready":true,"economy_stage_name":"aggregate_publish","economy_stage_ops_prelude_ready":false,"economy_substage_name":"commit","economy_yield_reason":"","environment_ring_pending":3,"fault_code":"","generation":27280,"missing_domain_mask":0,"requested_authority_mask":4095,"simulation_committed_day":27280,"simulation_host_state":"RUNNING","simulation_worker_blocker":"","simulation_worker_ready":true,"state":"RUNNING","state_hash":9151471450805934662,"worker_fault_count":0}}
[runtime-forensics/save_replay_ok] wrote F:/Developent/Godot/Project.Keynes/tmp/runtime_forensics_save_replay_ok.json
[save-replay/result] {"audit_incomplete":false,"committed_audit":{"audit_incomplete":false,"available":true,"day":27280,"full_verification":true,"generation":27281,"goods_error":0,"money_error":0,"population_error":0,"revision_phase":"before_effect_command_drain"},"day_timeout_msec":60000,"days_per_sec":19.4235102167664,"elapsed_msec":51484,"end_authoritative_day":27280,"end_day":27286,"end_host_state":"RUNNING","end_newest_state_day":27278,"failures":[],"forensics":"F:/Developent/Godot/Project.Keynes/tmp/runtime_forensics_save_replay_ok.json","goods_error":0,"measurement_worker_time_us":{"boundary_wait":0,"clock_wait":0,"execute":51166478,"input_wait":177477,"overhead":73024,"paused":20806,"save_build":40031,"save_pause":3813},"money_error":0,"ok":true,"population_error":0,"requested_days":1000,"restore":{"country_bootstrapped":true,"economy_bootstrapped":true,"host_state":"PAUSED","settlement_source":"save_restore"},"slot":"autosave","speed":50.0,"start_authoritative_day":26280,"start_day":26280,"start_newest_state_day":26280,"target_authoritative_day":27280,"target_day":27280,"thread_report":"F:/Developent/Godot/Project.Keynes/tmp/save_replay_thread_report.json","warmup_days":0,"warmup_start_authoritative_day":26280}
ERROR: 46 RID allocations of type 'PN13RendererDummy14TextureStorage12DummyTextureE' were leaked at exit.
ERROR: 23 RID allocations of type 'PN18TextServerAdvanced22ShapedTextDataAdvancedE' were leaked at exit.
ERROR: 1 RID allocations of type 'PN18TextServerAdvanced12FontAdvancedE' were leaked at exit.
WARNING: ObjectDB instances leaked at exit (run with --verbose for details).
   at: cleanup (core/object/object.cpp:2641)
ERROR: 986 resources still in use at exit (run with --verbose for details).
   at: clear (core/io/resource.cpp:810)
