Godot Engine v4.6.2.stable.official.71f334935 - https://godotengine.org

  [PASS] economy catalog compiles
[DCWorldExt] bind_map_data: 148 components bound (auto-registered=148; snapshot model; see world_ext.cpp comment & charter Â§11)
  [PASS] map binds to native world
  [PASS] Effect runtime configures built-in canal transactions
  [PASS] country runtime configures
  [PASS] single country owns the full quoted route
  [PASS] economy runtime configures
  [PASS] economy bootstraps with a local public-works market
[economy-open-finish] day=0 country=0.040 workset=0.016 fiscal=0.012 csr=0.000 recovery=0.002 vectors=0.016 audit=0.021 commands=0.003
[research-procure-diag] day=0 phase=0 done=0 cands=1 cursor=0 enabled=0 remain=0 budget=0 gate_mask=0x1c research_gate=0 orders=0 rej=0 procured=0 last_err=
  [PASS] day zero captures geography, climate and trade topology
  [PASS] quote exposes the stable facade contract
  [PASS] read-side quote does not change authoritative simulation hash
  [PASS] detail returns only the server-frozen route
  [PASS] quote tokens are country isolated
  [PASS] domain construction API preserves formal command shape
[research-procure-diag] day=1 phase=0 done=0 cands=1 cursor=0 enabled=0 remain=0 budget=0 gate_mask=0x1c research_gate=0 orders=0 rej=0 procured=0 last_err=
  [PASS] effective-day economy settlement starts the project
  [PASS] settlement receipt carries payment attribution and project handle
  [PASS] canal treasury payment uses the Country asset bridge
  [PASS] PKEC restores an in-flight canal project
[research-procure-diag] day=6 phase=0 done=0 cands=1 cursor=0 enabled=0 remain=0 budget=0 gate_mask=0x1c research_gate=0 orders=0 rej=0 procured=0 last_err=
  [PASS] finished construction waits for the cross-domain Effect ACK
  [PASS] PKEF preserves the unacknowledged built-in canal transaction
  [PASS] Effect preflight and atomic geography commit complete
  [PASS] the committed edge is reciprocal and appears all at once
  [PASS] journal v4 persists custom geography-commit idempotency evidence
  [PASS] crash replay is idempotent and reaches ACK without a second write
  [PASS] only the completed route is published as visual dirtiness
[research-procure-diag] day=7 phase=0 done=0 cands=1 cursor=0 enabled=0 remain=0 budget=0 gate_mask=0x1c research_gate=0 orders=0 rej=0 procured=0 last_err=
  [PASS] Economy archives the bounded route only after ACK
  [PASS] sparse daily hydrology detects a freshwater canal
  [PASS] freshwater canal raises local soil/plant water
  [PASS] canal hydrology leaves the natural drainage DAG unchanged
=== canal runtime: 28 checks, 0 failures ===
ERROR: 11 RID allocations of type 'PN13RendererDummy14TextureStorage12DummyTextureE' were leaked at exit.
ERROR: 1 RID allocations of type 'PN18TextServerAdvanced12FontAdvancedE' were leaked at exit.
WARNING: ObjectDB instances leaked at exit (run with --verbose for details).
   at: cleanup (core/object/object.cpp:2641)
ERROR: 307 resources still in use at exit (run with --verbose for details).
   at: clear (core/io/resource.cpp:810)
