Godot Engine v4.6.2.stable.official.71f334935 - https://godotengine.org
D3D12 12_0 - Forward Mobile - Using Device #0: NVIDIA - NVIDIA GeForce RTX 4080

[ui-layout-diag/bind_ui] is_web=false viewport_visible_rect=[P: (0.0, 0.0), S: (1092.8, 614.4)] window_size=(1366, 768) content_scale_factor=1.250 content_scale_mode=0 device_pixel_ratio=-1.000 top_bar_rect=[P: (0.0, 0.0), S: (1092.8, 56.0)] right_panel_rect=[P: (632.8, 68.0), S: (460.0, 534.4)] country_action_bar_rect=[P: (380.4, 532.4), S: (400.0, 74.0)]
[detail_scatter/DRAIN_CFG] budget_ms=2.50 chunks_per_frame=4 plan_items=16 cells_per_batch=32 chunk_size=16
[native_generation/base] path=gdext algorithm=post_base_priority_flood_hydrology_v3 n=2400 native_ms=7.929 water=1609 land=791
[native_generation/post_base] path=gdext algorithm=post_base_priority_flood_hydrology_v3 n=2400 native_ms=3.159 lakes=0 rivers=102 volcanoes=0
[native_generation/vegetation] native_ms=0.559 candidates=795 none=1238 score=[0.000,1.221,1.139] plant_water_land=795 river_adjacent_desert=0 coastal_highland_desert=0 terrain_weight=[0.180,1.200]
[native_generation/qa] single_water=0 tiny<=3=0 small<=5=0 bodies=1 largest=1605 | land_below_sea=0.1% | terr_distinct=22 entropy=2.978bit | river_ratio=4.250%
MapGenerator v7: per-cell 159ms (2400 cells, path=gdext)
MapBaker v6: hm=(1024, 606) seed=916272572
    [fused] terrain=78.6ms erosion=2.5ms(ok=true) river=13.9ms(ok=true) latitude=0.2ms coast_sdf=6.7ms(ok=true)
  geometry fields (fused C++): 197ms
  physical circulation hex solve: deferred until DCWorldExt bind (ext=true idx=true soa=false)
  wind/ocean pixel buffers: skipped (ocean_current_visual off)
[bake-stage] height_flow begin
[bake-stage] height_flow end 95ms
[bake-stage] terrain_normal end
[bake-stage] horizon end
[bake-stage] enum_lut end
[bake-stage] water_depth begin
[bake-stage] water_depth end
[bake-stage] terrain_detail begin
[bake-stage] terrain_detail end
[bake-stage] visual_tiles begin
[visual-tiles/diag] before_initialize layout=tiled grid=(4, 3) layer=(420, 348)
[visual-tiles/diag] after_initialize layers=12
[visual-tiles/diag] layer=0 before_native
[visual-tiles/diag] layer=0 after_native keys=["fallback", "reason", "path", "elapsed_ms", "width", "height", "generation_id", "layer_id", "terrain_normal", "map_index", "water_depth", "terrain_detail", "edge_neighbor", "edge_distance", "hashes", "normal_reference_radius_px", "normal_radius_x_px", "normal_radius_y_px", "normal_reference_step_x", "normal_reference_step_y", "raster_scale_x", "raster_scale_y", "distance_scale", "river_sdf_max_dist_px", "coast_sdf_max_dist_px", "shore_carve_band_px", "edge_distance_units", "edge_distance_saturate_hex", "terrain_ms", "river_ms", "coast_ms", "csr_emitted"]
[visual-tiles/diag] layer=0 before_upload
[visual-tiles/diag] layer=0 after_upload wall=0.79ms
[visual-tiles/diag] layer=1 before_native
[visual-tiles/diag] layer=1 after_native keys=["fallback", "reason", "path", "elapsed_ms", "width", "height", "generation_id", "layer_id", "terrain_normal", "map_index", "water_depth", "terrain_detail", "edge_neighbor", "edge_distance", "hashes", "normal_reference_radius_px", "normal_radius_x_px", "normal_radius_y_px", "normal_reference_step_x", "normal_reference_step_y", "raster_scale_x", "raster_scale_y", "distance_scale", "river_sdf_max_dist_px", "coast_sdf_max_dist_px", "shore_carve_band_px", "edge_distance_units", "edge_distance_saturate_hex", "terrain_ms", "river_ms", "coast_ms", "csr_emitted"]
[visual-tiles/diag] layer=1 before_upload
[visual-tiles/diag] layer=1 after_upload wall=0.95ms
[visual-tiles/diag] layer=2 before_native
[visual-tiles/diag] layer=2 after_native keys=["fallback", "reason", "path", "elapsed_ms", "width", "height", "generation_id", "layer_id", "terrain_normal", "map_index", "water_depth", "terrain_detail", "edge_neighbor", "edge_distance", "hashes", "normal_reference_radius_px", "normal_radius_x_px", "normal_radius_y_px", "normal_reference_step_x", "normal_reference_step_y", "raster_scale_x", "raster_scale_y", "distance_scale", "river_sdf_max_dist_px", "coast_sdf_max_dist_px", "shore_carve_band_px", "edge_distance_units", "edge_distance_saturate_hex", "terrain_ms", "river_ms", "coast_ms", "csr_emitted"]
[visual-tiles/diag] layer=2 before_upload
[visual-tiles/diag] layer=2 after_upload wall=0.94ms
[visual-tiles/diag] layer=3 before_native
[visual-tiles/diag] layer=3 after_native keys=["fallback", "reason", "path", "elapsed_ms", "width", "height", "generation_id", "layer_id", "terrain_normal", "map_index", "water_depth", "terrain_detail", "edge_neighbor", "edge_distance", "hashes", "normal_reference_radius_px", "normal_radius_x_px", "normal_radius_y_px", "normal_reference_step_x", "normal_reference_step_y", "raster_scale_x", "raster_scale_y", "distance_scale", "river_sdf_max_dist_px", "coast_sdf_max_dist_px", "shore_carve_band_px", "edge_distance_units", "edge_distance_saturate_hex", "terrain_ms", "river_ms", "coast_ms", "csr_emitted"]
[visual-tiles/diag] layer=3 before_upload
[visual-tiles/diag] layer=3 after_upload wall=0.91ms
[visual-tiles/diag] layer=4 before_native
[visual-tiles/diag] layer=4 after_native keys=["fallback", "reason", "path", "elapsed_ms", "width", "height", "generation_id", "layer_id", "terrain_normal", "map_index", "water_depth", "terrain_detail", "edge_neighbor", "edge_distance", "hashes", "normal_reference_radius_px", "normal_radius_x_px", "normal_radius_y_px", "normal_reference_step_x", "normal_reference_step_y", "raster_scale_x", "raster_scale_y", "distance_scale", "river_sdf_max_dist_px", "coast_sdf_max_dist_px", "shore_carve_band_px", "edge_distance_units", "edge_distance_saturate_hex", "terrain_ms", "river_ms", "coast_ms", "csr_emitted"]
[visual-tiles/diag] layer=4 before_upload
[visual-tiles/diag] layer=4 after_upload wall=0.93ms
[visual-tiles/diag] layer=5 before_native
[visual-tiles/diag] layer=5 after_native keys=["fallback", "reason", "path", "elapsed_ms", "width", "height", "generation_id", "layer_id", "terrain_normal", "map_index", "water_depth", "terrain_detail", "edge_neighbor", "edge_distance", "hashes", "normal_reference_radius_px", "normal_radius_x_px", "normal_radius_y_px", "normal_reference_step_x", "normal_reference_step_y", "raster_scale_x", "raster_scale_y", "distance_scale", "river_sdf_max_dist_px", "coast_sdf_max_dist_px", "shore_carve_band_px", "edge_distance_units", "edge_distance_saturate_hex", "terrain_ms", "river_ms", "coast_ms", "csr_emitted"]
[visual-tiles/diag] layer=5 before_upload
[visual-tiles/diag] layer=5 after_upload wall=0.84ms
[visual-tiles/diag] layer=6 before_native
[visual-tiles/diag] layer=6 after_native keys=["fallback", "reason", "path", "elapsed_ms", "width", "height", "generation_id", "layer_id", "terrain_normal", "map_index", "water_depth", "terrain_detail", "edge_neighbor", "edge_distance", "hashes", "normal_reference_radius_px", "normal_radius_x_px", "normal_radius_y_px", "normal_reference_step_x", "normal_reference_step_y", "raster_scale_x", "raster_scale_y", "distance_scale", "river_sdf_max_dist_px", "coast_sdf_max_dist_px", "shore_carve_band_px", "edge_distance_units", "edge_distance_saturate_hex", "terrain_ms", "river_ms", "coast_ms", "csr_emitted"]
[visual-tiles/diag] layer=6 before_upload
[visual-tiles/diag] layer=6 after_upload wall=0.88ms
[visual-tiles/diag] layer=7 before_native
[visual-tiles/diag] layer=7 after_native keys=["fallback", "reason", "path", "elapsed_ms", "width", "height", "generation_id", "layer_id", "terrain_normal", "map_index", "water_depth", "terrain_detail", "edge_neighbor", "edge_distance", "hashes", "normal_reference_radius_px", "normal_radius_x_px", "normal_radius_y_px", "normal_reference_step_x", "normal_reference_step_y", "raster_scale_x", "raster_scale_y", "distance_scale", "river_sdf_max_dist_px", "coast_sdf_max_dist_px", "shore_carve_band_px", "edge_distance_units", "edge_distance_saturate_hex", "terrain_ms", "river_ms", "coast_ms", "csr_emitted"]
[visual-tiles/diag] layer=7 before_upload
[visual-tiles/diag] layer=7 after_upload wall=0.91ms
[visual-tiles/diag] layer=8 before_native
[visual-tiles/diag] layer=8 after_native keys=["fallback", "reason", "path", "elapsed_ms", "width", "height", "generation_id", "layer_id", "terrain_normal", "map_index", "water_depth", "terrain_detail", "edge_neighbor", "edge_distance", "hashes", "normal_reference_radius_px", "normal_radius_x_px", "normal_radius_y_px", "normal_reference_step_x", "normal_reference_step_y", "raster_scale_x", "raster_scale_y", "distance_scale", "river_sdf_max_dist_px", "coast_sdf_max_dist_px", "shore_carve_band_px", "edge_distance_units", "edge_distance_saturate_hex", "terrain_ms", "river_ms", "coast_ms", "csr_emitted"]
[visual-tiles/diag] layer=8 before_upload
[visual-tiles/diag] layer=8 after_upload wall=0.95ms
[visual-tiles/diag] layer=9 before_native
[visual-tiles/diag] layer=9 after_native keys=["fallback", "reason", "path", "elapsed_ms", "width", "height", "generation_id", "layer_id", "terrain_normal", "map_index", "water_depth", "terrain_detail", "edge_neighbor", "edge_distance", "hashes", "normal_reference_radius_px", "normal_radius_x_px", "normal_radius_y_px", "normal_reference_step_x", "normal_reference_step_y", "raster_scale_x", "raster_scale_y", "distance_scale", "river_sdf_max_dist_px", "coast_sdf_max_dist_px", "shore_carve_band_px", "edge_distance_units", "edge_distance_saturate_hex", "terrain_ms", "river_ms", "coast_ms", "csr_emitted"]
[visual-tiles/diag] layer=9 before_upload
[visual-tiles/diag] layer=9 after_upload wall=0.84ms
[visual-tiles/diag] layer=10 before_native
[visual-tiles/diag] layer=10 after_native keys=["fallback", "reason", "path", "elapsed_ms", "width", "height", "generation_id", "layer_id", "terrain_normal", "map_index", "water_depth", "terrain_detail", "edge_neighbor", "edge_distance", "hashes", "normal_reference_radius_px", "normal_radius_x_px", "normal_radius_y_px", "normal_reference_step_x", "normal_reference_step_y", "raster_scale_x", "raster_scale_y", "distance_scale", "river_sdf_max_dist_px", "coast_sdf_max_dist_px", "shore_carve_band_px", "edge_distance_units", "edge_distance_saturate_hex", "terrain_ms", "river_ms", "coast_ms", "csr_emitted"]
[visual-tiles/diag] layer=10 before_upload
[visual-tiles/diag] layer=10 after_upload wall=0.91ms
[visual-tiles/diag] layer=11 before_native
[visual-tiles/diag] layer=11 after_native keys=["fallback", "reason", "path", "elapsed_ms", "width", "height", "generation_id", "layer_id", "terrain_normal", "map_index", "water_depth", "terrain_detail", "edge_neighbor", "edge_distance", "hashes", "normal_reference_radius_px", "normal_radius_x_px", "normal_radius_y_px", "normal_reference_step_x", "normal_reference_step_y", "raster_scale_x", "raster_scale_y", "distance_scale", "river_sdf_max_dist_px", "coast_sdf_max_dist_px", "shore_carve_band_px", "edge_distance_units", "edge_distance_saturate_hex", "terrain_ms", "river_ms", "coast_ms", "csr_emitted"]
[visual-tiles/diag] layer=11 before_upload
[visual-tiles/diag] layer=11 after_upload wall=0.78ms
  visual tiles: {"degradation_reason":"","effective_budget_px":1717248,"effective_texels_per_hex":16.0059221751742,"effective_world_units_per_texel":"(1.373983, 1.375)","estimated_peak_bytes":68402880,"estimated_resident_bytes":40340160,"fallback_reason":"","generation_id":1,"grid_size":"(4, 3)","gutter_px":2,"hex_size":22.0,"horizon_path":"neutral_pending","interior_size":"(416, 344)","layer_size":"(420, 348)","layers":[{"bake_ms":41.5806,"coast_sdf_max_dist_px":13.6162309214075,"distance_scale":1.70202886517594,"edge_distance_saturate_hex":0.9,"edge_distance_units":"normalized_hex_center_gap","hashes":{"edge_distance":7083925214277649553,"edge_neighbor":4548022572051283292,"height":8210343593022079165,"map_index":80587395426930816,"terrain_detail":7256391677714336582,"terrain_normal":8668677816064576470,"water_depth":-6739720651335495578},"layer":0,"normal_radius_px":"(7, 7)","raster_scale":"(1.701088, 1.70297)","river_sdf_max_dist_px":5.9571010281158,"shore_carve_band_px":10,"upload_ms":1.294,"wall_ms":44.397},{"bake_ms":58.0602,"coast_sdf_max_dist_px":13.6162309214075,"distance_scale":1.70202886517594,"edge_distance_saturate_hex":0.9,"edge_distance_units":"normalized_hex_center_gap","hashes":{"edge_distance":-6733495119467843390,"edge_neighbor":-2604883096118942350,"height":5854064173033826909,"map_index":-7406135444259959058,"terrain_detail":-636205050987108162,"terrain_normal":878899837317067456,"water_depth":-6405905637788850804},"layer":1,"normal_radius_px":"(7, 7)","raster_scale":"(1.701088, 1.70297)","river_sdf_max_dist_px":5.9571010281158,"shore_carve_band_px":10,"upload_ms":1.575,"wall_ms":61.426},{"bake_ms":53.4488,"coast_sdf_max_dist_px":13.6162309214075,"distance_scale":1.70202886517594,"edge_distance_saturate_hex":0.9,"edge_distance_units":"normalized_hex_center_gap","hashes":{"edge_distance":5189808327545815199,"edge_neighbor":769190410147914816,"height":-4319718573693468145,"map_index":-7917613391982944929,"terrain_detail":-6113931455817387035,"terrain_normal":-5489222325532689360,"water_depth":6634872002398969225},"layer":2,"normal_radius_px":"(7, 7)","raster_scale":"(1.701088, 1.70297)","river_sdf_max_dist_px":5.9571010281158,"shore_carve_band_px":10,"upload_ms":1.471,"wall_ms":56.63},{"bake_ms":57.2001,"coast_sdf_max_dist_px":13.6162309214075,"distance_scale":1.70202886517594,"edge_distance_saturate_hex":0.9,"edge_distance_units":"normalized_hex_center_gap","hashes":{"edge_distance":4686466777663485184,"edge_neighbor":9219080133627898334,"height":4859326255222342940,"map_index":-7082503211494680971,"terrain_detail":-5258116500084406721,"terrain_normal":-755005750986304014,"water_depth":-2271845149357608963},"layer":3,"normal_radius_px":"(7, 7)","raster_scale":"(1.701088, 1.70297)","river_sdf_max_dist_px":5.9571010281158,"shore_carve_band_px":10,"upload_ms":1.498,"wall_ms":60.151},{"bake_ms":85.6806,"coast_sdf_max_dist_px":13.6162309214075,"distance_scale":1.70202886517594,"edge_distance_saturate_hex":0.9,"edge_distance_units":"normalized_hex_center_gap","hashes":{"edge_distance":-8362765760187008817,"edge_neighbor":5114155939024803945,"height":5224178923689414919,"map_index":692028873020775189,"terrain_detail":8710068345759442210,"terrain_normal":-2645321752487054872,"water_depth":-8318191102246749096},"layer":4,"normal_radius_px":"(7, 7)","raster_scale":"(1.701088, 1.70297)","river_sdf_max_dist_px":5.9571010281158,"shore_carve_band_px":10,"upload_ms":1.494,"wall_ms":89.159},{"bake_ms":109.6625,"coast_sdf_max_dist_px":13.6162309214075,"distance_scale":1.70202886517594,"edge_distance_saturate_hex":0.9,"edge_distance_units":"normalized_hex_center_gap","hashes":{"edge_distance":-8259785378092463756,"edge_neighbor":5566631265677810062,"height":-3103545494609011455,"map_index":3412129524327241702,"terrain_detail":2236165253959003338,"terrain_normal":1844496476846343358,"water_depth":2523665625718869319},"layer":5,"normal_radius_px":"(7, 7)","raster_scale":"(1.701088, 1.70297)","river_sdf_max_dist_px":5.9571010281158,"shore_carve_band_px":10,"upload_ms":1.497,"wall_ms":112.537},{"bake_ms":79.6302,"coast_sdf_max_dist_px":13.6162309214075,"distance_scale":1.70202886517594,"edge_distance_saturate_hex":0.9,"edge_distance_units":"normalized_hex_center_gap","hashes":{"edge_distance":-7002632932827761547,"edge_neighbor":-5828376931605838776,"height":-4468097651371020085,"map_index":-3687201121335898473,"terrain_detail":9033108691965446279,"terrain_normal":1213314486271794839,"water_depth":-576010464704902299},"layer":6,"normal_radius_px":"(7, 7)","raster_scale":"(1.701088, 1.70297)","river_sdf_max_dist_px":5.9571010281158,"shore_carve_band_px":10,"upload_ms":1.399,"wall_ms":82.387},{"bake_ms":102.0154,"coast_sdf_max_dist_px":13.6162309214075,"distance_scale":1.70202886517594,"edge_distance_saturate_hex":0.9,"edge_distance_units":"normalized_hex_center_gap","hashes":{"edge_distance":-1014035011354617804,"edge_neighbor":-853484501452456735,"height":-2624776584503571277,"map_index":-6498034189817908693,"terrain_detail":3374013287687540496,"terrain_normal":9150903118860522297,"water_depth":2630339802549064336},"layer":7,"normal_radius_px":"(7, 7)","raster_scale":"(1.701088, 1.70297)","river_sdf_max_dist_px":5.9571010281158,"shore_carve_band_px":10,"upload_ms":1.489,"wall_ms":104.953},{"bake_ms":72.8143,"coast_sdf_max_dist_px":13.6162309214075,"distance_scale":1.70202886517594,"edge_distance_saturate_hex":0.9,"edge_distance_units":"normalized_hex_center_gap","hashes":{"edge_distance":8663979247025142848,"edge_neighbor":-7436562906698359899,"height":-8496897004175815497,"map_index":-988315267637583053,"terrain_detail":6161942258991776952,"terrain_normal":-7956816081239541343,"water_depth":-6661325868495913875},"layer":8,"normal_radius_px":"(7, 7)","raster_scale":"(1.701088, 1.70297)","river_sdf_max_dist_px":5.9571010281158,"shore_carve_band_px":10,"upload_ms":1.444,"wall_ms":76.215},{"bake_ms":61.15,"coast_sdf_max_dist_px":13.6162309214075,"distance_scale":1.70202886517594,"edge_distance_saturate_hex":0.9,"edge_distance_units":"normalized_hex_center_gap","hashes":{"edge_distance":3676952316907552251,"edge_neighbor":4561793744249186626,"height":-60063889434330185,"map_index":-4211929997371887325,"terrain_detail":-5575148861774613480,"terrain_normal":2033235470637453137,"water_depth":5079481233687906041},"layer":9,"normal_radius_px":"(7, 7)","raster_scale":"(1.701088, 1.70297)","river_sdf_max_dist_px":5.9571010281158,"shore_carve_band_px":10,"upload_ms":1.473,"wall_ms":64.004},{"bake_ms":52.6061,"coast_sdf_max_dist_px":13.6162309214075,"distance_scale":1.70202886517594,"edge_distance_saturate_hex":0.9,"edge_distance_units":"normalized_hex_center_gap","hashes":{"edge_distance":4606056965326828924,"edge_neighbor":-6292504854699928083,"height":-1698519405223903385,"map_index":8760504786614399411,"terrain_detail":506832803665627315,"terrain_normal":3734121315391389886,"water_depth":6317224064308921729},"layer":10,"normal_radius_px":"(7, 7)","raster_scale":"(1.701088, 1.70297)","river_sdf_max_dist_px":5.9571010281158,"shore_carve_band_px":10,"upload_ms":1.44,"wall_ms":55.534},{"bake_ms":82.461,"coast_sdf_max_dist_px":13.6162309214075,"distance_scale":1.70202886517594,"edge_distance_saturate_hex":0.9,"edge_distance_units":"normalized_hex_center_gap","hashes":{"edge_distance":8677650449106214959,"edge_neighbor":4436909301845235189,"height":757278529741374996,"map_index":7642654607132120316,"terrain_detail":-7574383285153980377,"terrain_normal":8657664043204784073,"water_depth":-7902967101663962267},"layer":11,"normal_radius_px":"(7, 7)","raster_scale":"(1.701088, 1.70297)","river_sdf_max_dist_px":5.9571010281158,"shore_carve_band_px":10,"upload_ms":1.252,"wall_ms":85.537}],"logical_size":"(1664, 1032)","mode":"tiled","path":"visual_tiled_static","profile":"desktop_high","renderer":"mobile","requested_budget_px":1716216,"requested_texels_per_hex":16.0,"requested_tile_world_span":"(704.0, 704.0)","requested_world_units_per_texel":1.375,"tile_world_area":270355.817993164,"tile_world_span":"(571.5768, 473.0)","total_ms":917.557,"visual_domain":"[P: (0.0, -44.0), S: (2286.307, 1419.0)]","wrap_period_x":2286.30706599092,"wrap_x":true}
[bake-stage] visual_tiles end
  cell LUT encode: deferred until DCWorldExt bind
  encode: 3640ms
MapBaker v6: total 3850ms
MapGenerator v7: bake 3884ms
MapGenerator: skip _compute_ocean_currents (physical-hex path writes per-cell directly)
MapGenerator: skip _compute_terrain_perturbed_wind (physical-hex solver writes per-cell)
[SUS] sim budget strict=false frame=8.00ms warn=2.00ms slice=0.75ms upload=1.50ms scheduler=DCSystemScheduler native_sus=auto
[DCWorldExt] bind_map_data: 148 components bound (auto-registered=148; snapshot model; see world_ext.cpp comment & charter Â§11)
[DataCore] _data_core_world_ext bound=true (climate co-processor; class=DCWorldExt)
[native_world] configure rc=0 reason=configured cells=2400 wrap_period_x=103.923
[native_generation] path=gdext n=2400 published=9 native_ms=0.166 compute_ms=0.110 flush_ms=0.056
[hex_cell] facade ENABLED (2400 cells bound; ext=true)
[DataCore] _baker climate_profile injected=true (fixes WorldData.config==null sea_ice prepare path)
[phys_solve][oneshot] OK slp=1.07ms wind=0.52ms psi=0.43ms(ran=true) upwelling=0.09ms total=2.65ms
PhysicalCirculation solve@phase=1.50 total=4ms (C++ one-shot run_physical_solve_pass)
  wind/ocean pixel buffers: skipped (ocean_current_visual off)
[physical_init] deferred native refresh complete: 5ms
[cell_lut] deferred encode: 1ms path=gdext
[bio-occupancy] seed landmasses=4 provinces=4 species=19 secondary_hearths=4
[bio-occupancy]   bio.maize envelope=65 hearth=17 seeded_landmasses=1 primary_landmass=3 primary_envelope=35 occupied=17 occupied/envelope=0.49
[bio-occupancy]   bio.wheat envelope=205 hearth=43 seeded_landmasses=1 primary_landmass=2 primary_envelope=96 occupied=43 occupied/envelope=0.45
[bio-occupancy]   bio.rice envelope=68 hearth=20 seeded_landmasses=2 primary_landmass=2 primary_envelope=36 occupied=20 occupied/envelope=0.56
[bio-occupancy]   bio.potato envelope=143 hearth=48 seeded_landmasses=2 primary_landmass=3 primary_envelope=71 occupied=48 occupied/envelope=0.68
[bio-occupancy]   bio.horse envelope=240 hearth=61 seeded_landmasses=1 primary_landmass=2 primary_envelope=123 occupied=61 occupied/envelope=0.50
[bio-occupancy]   bio.cotton envelope=140 hearth=9 seeded_landmasses=1 primary_landmass=2 primary_envelope=79 occupied=9 occupied/envelope=0.11
[bio-occupancy]   bio.flax envelope=193 hearth=50 seeded_landmasses=1 primary_landmass=2 primary_envelope=90 occupied=50 occupied/envelope=0.56
[bio-occupancy]   bio.spice envelope=115 hearth=13 seeded_landmasses=1 primary_landmass=2 primary_envelope=64 occupied=13 occupied/envelope=0.20
[bio-occupancy]   bio.rubber envelope=102 hearth=15 seeded_landmasses=1 primary_landmass=3 primary_envelope=31 occupied=15 occupied/envelope=0.48
[bio-occupancy]   bio.sheep envelope=45 hearth=1 seeded_landmasses=1 primary_landmass=3 primary_envelope=18 occupied=1 occupied/envelope=0.06
[bio-occupancy]   bio.goat envelope=376 hearth=74 seeded_landmasses=1 primary_landmass=3 primary_envelope=155 occupied=74 occupied/envelope=0.48
[bio-occupancy]   bio.cattle envelope=18 hearth=6 seeded_landmasses=1 primary_landmass=3 primary_envelope=15 occupied=6 occupied/envelope=0.40
[bio-occupancy]   bio.pig envelope=327 hearth=102 seeded_landmasses=2 primary_landmass=2 primary_envelope=185 occupied=102 occupied/envelope=0.55
[bio-occupancy]   bio.camel envelope=83 hearth=14 seeded_landmasses=1 primary_landmass=2 primary_envelope=58 occupied=14 occupied/envelope=0.24
[bio-occupancy]   bio.yak envelope=37 hearth=15 seeded_landmasses=1 primary_landmass=2 primary_envelope=30 occupied=15 occupied/envelope=0.50
[bio-occupancy]   bio.silkworm envelope=179 hearth=10 seeded_landmasses=1 primary_landmass=2 primary_envelope=104 occupied=10 occupied/envelope=0.10
[bio-occupancy]   bio.reed envelope=137 hearth=31 seeded_landmasses=2 primary_landmass=2 primary_envelope=66 occupied=31 occupied/envelope=0.47
[bio-occupancy]   bio.bast_fiber envelope=255 hearth=82 seeded_landmasses=2 primary_landmass=2 primary_envelope=134 occupied=82 occupied/envelope=0.61
[bio-occupancy]   bio.dye_plant envelope=145 hearth=27 seeded_landmasses=1 primary_landmass=3 primary_envelope=53 occupied=27 occupied/envelope=0.51
[bio-occupancy]   landmass 1 classes=none foods=none
[bio-occupancy]   landmass 2 classes=fiber_wet, open_food, open_grazer, fiber_open, forest_grazer, fiber_forest, tropical, highland_food, dry_grazer, wetland_food, cold_grazer foods=wheat, potato, rice
[bio-occupancy]   landmass 3 classes=fiber_open, tropical, forest_grazer, open_food, dry_grazer, fiber_wet, wetland_food, open_grazer, highland_food, fiber_forest foods=maize, rice, potato
[bio-occupancy]   landmass 4 classes=none foods=none
[weather] gdext acceleration ON (class=DCWorldExt)
[weather] gdext field commit ON
[weather] gdext distribute ON
[weather] gdext summary ON
[weather] hexcell facade ON (skip AoS double-write in hot loop)
[weather] gdext resident knobs ON (class=KnobsHandle)
[economy] ACTIVE native graph cells=2400 goods=134 cohorts=24 epoch_days=1 trade=ACTIVE topology_ready=true topology_generation=1 bootstrap=starter_settlement_bootstrap_v9 founder_families=6 founder_people=6
[country] ACTIVE native authority countries=6 cells=2400 generation=1
[weather/knobs] resident KnobsHandle path ACTIVE — first to_*_knobs_dict hit (field_rebuild_count=1 expected ≤1; stable Hz target ≤1 Hz)
[native_daily] ACTIVE: registered native_daily_sim + natural_resource_daily + bio_occupancy_daily; retained season_refresh + ocean_currents boundary jobs
[DCSystemScheduler] topology: ["season_refresh", "trigger_runtime", "ideology_runtime", "effect_runtime", "modifier_daily", "gameplay_effect", "natural_resource_daily", "bio_occupancy_daily", "enum_atlas_upload", "ocean_currents", "native_daily_sim", "dynamic_visual_atlas_upload", "country_daily", "economy_daily"]
[hex_renderer/variant] tiled=true quality= web_texture_budget=false shader=res://shaders/world_map.gdshader
[visual-tiles/horizon] compute start generation=1 layers=12
[detail_scatter/REBUILD] reason=renderer_rebuild layers=20 total_rebuild_ms=1250.96 total_inst=10740 total_cand=10740 budget={ "total_instances": 1627, "budget": 120000, "visible_fraction": 1.0, "applied_visible_fraction": 1.0, "budget_apply_fraction": 1.0, "budget_apply_active": false, "budget_apply_cursor": 0, "budget_apply_count": 40, "budget_apply_skip_count": 9, "budget_apply_last_ms": 1.585, "budget_apply_ms_total": 2.442, "budget_total_scan_count": 2, "budget_total_scan_ms": 0.218, "budget_total_dirty": false, "layer_count": 20 }
  [detail_scatter/TOP1] name=ShrubLayer2 rebuild=110.48ms path=gdext_chunked inst=4959 cand=4959 wrap=0 reason=
  [detail_scatter/TOP2] name=GrassLayer rebuild=84.22ms path=gdext_chunked inst=2691 cand=2691 wrap=0 reason=
  [detail_scatter/TOP3] name=GrassLayer1 rebuild=70.19ms path=gdext_chunked inst=932 cand=932 wrap=0 reason=
  [detail_scatter/TOP4] name=DetailLayer4 rebuild=68.97ms path=gdext_chunked inst=269 cand=269 wrap=0 reason=
  [detail_scatter/TOP5] name=TreeLayer10 rebuild=68.15ms path=gdext_chunked inst=191 cand=191 wrap=0 reason=
  [detail_scatter/VIS] { "name": &"GrassLayer", "in_tree": true, "layer_visible": true, "profile_enabled": true, "camera_lod_hidden": false, "shadow_fraction": 1.0, "lod_zoom_t": 0.0, "lod_alpha": 1.0, "camera_zoom": 1.0, "instance_count": 2691, "chunk_nodes": 12, "chunk_nodes_visible": 3, "chunk_mm_valid": 12, "chunk_mesh_valid": 12, "chunk_visible_sum": 2247, "chunk_inst_sum": 2691, "origin_samples": [{ "pos": (2162.771, 191.7554), "uv": (0.922039, 0.166142) }, { "pos": (2035.403, 249.026), "uv": (0.868822, 0.206502) }, { "pos": (2087.072, 232.184), "uv": (0.89041, 0.194633) }], "spawn_domain": 0, "cid_probe": [{ "world_pos": (2162.771, 191.7554), "tile_xy": (3, 0), "layer": 3, "physical_px": (328.0888, 173.4585), "in_bounds": "[P: (-44.0, -44.0), S: (2393.36, 1419.0)]", "in_wrap": 2286.30706599092, "in_grid": "(4, 3)", "in_interior": "(416, 344)", "in_domain": "[P: (0.0, -44.0), S: (2286.307, 1419.0)]", "wp": (2162.771, 191.7554), "domain_uv": (0.945967, 0.166142), "scaled": (3.783867, 0.498426), "local01": (0.783867, 0.498426), "stored_uv": (0.922039, 0.166142), "map_index_px": (0.0392, 0.6314, 0.0039, 0.0157), "cid": 417, "expect_cell": 417, "ref_tile_px": [(3, 0), (328.0888, 173.4585)], "cid_ref": 417, "shader_tile_px": [(3, 0), (328.0888, 173.4585)], "cid_shader": 417, "normal_px": (0.5098, 0.4941, 0.0, 1.0), "height_px": (0.5216, 0.6745, 0.0, 0.0) }, { "world_pos": (2035.403, 249.026), "tile_xy": (3, 0), "layer": 3, "physical_px": (235.3892, 215.1098), "in_bounds": "[P: (-44.0, -44.0), S: (2393.36, 1419.0)]", "in_wrap": 2286.30706599092, "in_grid": "(4, 3)", "in_interior": "(416, 344)", "in_domain": "[P: (0.0, -44.0), S: (2286.307, 1419.0)]", "wp": (2035.403, 249.026), "domain_uv": (0.890258, 0.206502), "scaled": (3.561032, 0.619505), "local01": (0.561032, 0.619505), "stored_uv": (0.868822, 0.206502), "map_index_px": (0.0392, 0.851, 0.0039, 0.0157), "cid": 473, "expect_cell": 473, "ref_tile_px": [(3, 0), (235.3892, 215.1098)], "cid_ref": 473, "shader_tile_px": [(3, 0), (235.3892, 215.1098)], "cid_shader": 473, "normal_px": (0.4745, 0.502, 0.0, 1.0), "height_px": (0.5137, 0.9608, 0.0, 0.0) }], "chunk_material_probe": { "tiled_active": true, "base_shader_tiled": true, "map_index_param": true, "grid_size_param": "(4.0, 3.0)", "interior_param": "(416.0, 344.0)", "domain_origin_param": "(0.0, -44.0)", "world_size_param": "(2393.36, 1419.0)", "wrap_param": 2286.30706599092, "chunk_count": 12, "chunk_material_shared": 12, "chunk_material_other": 0, "map_index_layers": 12 } }
  [detail_scatter/VIS] { "name": &"GrassLayer1", "in_tree": true, "layer_visible": true, "profile_enabled": true, "camera_lod_hidden": false, "shadow_fraction": 1.0, "lod_zoom_t": 0.0, "lod_alpha": 1.0, "camera_zoom": 1.0, "instance_count": 932, "chunk_nodes": 12, "chunk_nodes_visible": 3, "chunk_mm_valid": 12, "chunk_mesh_valid": 12, "chunk_visible_sum": 831, "chunk_inst_sum": 932, "origin_samples": [{ "pos": (2181.239, 201.9428), "uv": (0.929755, 0.173321) }, { "pos": (2087.428, 232.0601), "uv": (0.890559, 0.194546) }, { "pos": (2162.624, 239.7039), "uv": (0.921978, 0.199932) }], "spawn_domain": 0, "cid_probe": [{ "world_pos": (2181.239, 201.9428), "tile_xy": (3, 0), "layer": 3, "physical_px": (341.5303, 180.8675), "in_bounds": "[P: (-44.0, -44.0), S: (2393.36, 1419.0)]", "in_wrap": 2286.30706599092, "in_grid": "(4, 3)", "in_interior": "(416, 344)", "in_domain": "[P: (0.0, -44.0), S: (2286.307, 1419.0)]", "wp": (2181.239, 201.9428), "domain_uv": (0.954045, 0.173321), "scaled": (3.816179, 0.519964), "local01": (0.816179, 0.519964), "stored_uv": (0.929755, 0.173321), "map_index_px": (0.0392, 0.6314, 0.0039, 0.0157), "cid": 417, "expect_cell": 417, "ref_tile_px": [(3, 0), (341.5303, 180.8675)], "cid_ref": 417, "shader_tile_px": [(3, 0), (341.5303, 180.8675)], "cid_shader": 417, "normal_px": (0.5098, 0.502, 0.0, 1.0), "height_px": (0.502, 0.0, 0.0, 0.0) }, { "world_pos": (2087.428, 232.0601), "tile_xy": (3, 0), "layer": 3, "physical_px": (273.2533, 202.771), "in_bounds": "[P: (-44.0, -44.0), S: (2393.36, 1419.0)]", "in_wrap": 2286.30706599092, "in_grid": "(4, 3)", "in_interior": "(416, 344)", "in_domain": "[P: (0.0, -44.0), S: (2286.307, 1419.0)]", "wp": (2087.428, 232.0601), "domain_uv": (0.913013, 0.194546), "scaled": (3.652051, 0.583637), "local01": (0.652051, 0.583637), "stored_uv": (0.890559, 0.194546), "map_index_px": (0.0157, 0.8549, 0.0039, 0.0196), "cid": 474, "expect_cell": 474, "ref_tile_px": [(3, 0), (273.2533, 202.771)], "cid_ref": 474, "shader_tile_px": [(3, 0), (273.2533, 202.771)], "cid_shader": 474, "normal_px": (0.502, 0.502, 0.0, 1.0), "height_px": (0.5294, 0.1922, 0.0, 0.0) }], "chunk_material_probe": { "tiled_active": true, "base_shader_tiled": true, "map_index_param": true, "grid_size_param": "(4.0, 3.0)", "interior_param": "(416.0, 344.0)", "domain_origin_param": "(0.0, -44.0)", "world_size_param": "(2393.36, 1419.0)", "wrap_param": 2286.30706599092, "chunk_count": 12, "chunk_material_shared": 12, "chunk_material_other": 0, "map_index_layers": 12 } }
  [detail_scatter/VIS] { "name": &"ShrubLayer2", "in_tree": true, "layer_visible": true, "profile_enabled": true, "camera_lod_hidden": false, "shadow_fraction": 1.0, "lod_zoom_t": 0.6835938023869, "lod_alpha": 1.0, "camera_zoom": 1.0, "instance_count": 4959, "chunk_nodes": 12, "chunk_nodes_visible": 3, "chunk_mm_valid": 12, "chunk_mesh_valid": 12, "chunk_visible_sum": 4446, "chunk_inst_sum": 4959, "origin_samples": [{ "pos": (2137.717, 155.042), "uv": (0.911571, 0.140269) }, { "pos": (2117.574, 214.5732), "uv": (0.903155, 0.182222) }, { "pos": (2152.035, 205.2695), "uv": (0.917553, 0.175666) }], "spawn_domain": 0, "cid_probe": [{ "world_pos": (2137.717, 155.042), "tile_xy": (3, 0), "layer": 3, "physical_px": (309.8547, 146.7578), "in_bounds": "[P: (-44.0, -44.0), S: (2393.36, 1419.0)]", "in_wrap": 2286.30706599092, "in_grid": "(4, 3)", "in_interior": "(416, 344)", "in_domain": "[P: (0.0, -44.0), S: (2286.307, 1419.0)]", "wp": (2137.717, 155.042), "domain_uv": (0.935009, 0.140269), "scaled": (3.740035, 0.420808), "local01": (0.740035, 0.420808), "stored_uv": (0.911571, 0.140269), "map_index_px": (0.051, 0.3922, 0.0039, 0.0196), "cid": 356, "expect_cell": 356, "ref_tile_px": [(3, 0), (309.8547, 146.7578)], "cid_ref": 356, "shader_tile_px": [(3, 0), (309.8547, 146.7578)], "cid_shader": 356, "normal_px": (0.4863, 0.4902, 0.0, 1.0), "height_px": (0.502, 0.0, 0.0, 0.0) }, { "world_pos": (2117.574, 214.5732), "tile_xy": (3, 0), "layer": 3, "physical_px": (295.194, 190.0533), "in_bounds": "[P: (-44.0, -44.0), S: (2393.36, 1419.0)]", "in_wrap": 2286.30706599092, "in_grid": "(4, 3)", "in_interior": "(416, 344)", "in_domain": "[P: (0.0, -44.0), S: (2286.307, 1419.0)]", "wp": (2117.574, 214.5732), "domain_uv": (0.926198, 0.182222), "scaled": (3.704793, 0.546667), "local01": (0.704793, 0.546667), "stored_uv": (0.903155, 0.182222), "map_index_px": (0.0157, 0.8588, 0.0039, 0.0196), "cid": 475, "expect_cell": 475, "ref_tile_px": [(3, 0), (295.194, 190.0533)], "cid_ref": 475, "shader_tile_px": [(3, 0), (295.194, 190.0533)], "cid_shader": 475, "normal_px": (0.4784, 0.4784, 0.0, 1.0), "height_px": (0.5137, 0.8549, 0.0, 0.0) }], "chunk_material_probe": { "tiled_active": true, "base_shader_tiled": true, "map_index_param": true, "grid_size_param": "(4.0, 3.0)", "interior_param": "(416.0, 344.0)", "domain_origin_param": "(0.0, -44.0)", "world_size_param": "(2393.36, 1419.0)", "wrap_param": 2286.30706599092, "chunk_count": 12, "chunk_material_shared": 12, "chunk_material_other": 0, "map_index_layers": 12 } }
  [detail_scatter/VIS] { "name": &"DetailLayer3", "in_tree": true, "layer_visible": true, "profile_enabled": true, "camera_lod_hidden": false, "shadow_fraction": 1.0, "lod_zoom_t": 0.6835938023869, "lod_alpha": 1.0, "camera_zoom": 1.0, "instance_count": 102, "chunk_nodes": 11, "chunk_nodes_visible": 3, "chunk_mm_valid": 11, "chunk_mesh_valid": 11, "chunk_visible_sum": 96, "chunk_inst_sum": 102, "origin_samples": [{ "pos": (1026.533, 277.6526), "uv": (0.447293, 0.226676) }, { "pos": (1048.101, 257.9917), "uv": (0.456305, 0.21282) }, { "pos": (1151.904, 259.7769), "uv": (0.499676, 0.214078) }], "spawn_domain": 0, "cid_probe": [{ "world_pos": (1026.533, 277.6526), "tile_xy": (1, 0), "layer": 1, "physical_px": (333.1225, 235.9292), "in_bounds": "[P: (-44.0, -44.0), S: (2393.36, 1419.0)]", "in_wrap": 2286.30706599092, "in_grid": "(4, 3)", "in_interior": "(416, 344)", "in_domain": "[P: (0.0, -44.0), S: (2286.307, 1419.0)]", "wp": (1026.533, 277.6526), "domain_uv": (0.448992, 0.226676), "scaled": (1.795967, 0.680027), "local01": (0.795967, 0.680027), "stored_uv": (0.447293, 0.226676), "map_index_px": (0.0392, 0.9843, 0.0039, 0.0157), "cid": 507, "expect_cell": 507, "ref_tile_px": [(1, 0), (333.1225, 235.9292)], "cid_ref": 507, "shader_tile_px": [(1, 0), (333.1225, 235.9292)], "cid_shader": 507, "normal_px": (0.502, 0.502, 0.0, 1.0), "height_px": (0.502, 0.0, 0.0, 0.0) }, { "world_pos": (1048.101, 257.9917), "tile_xy": (1, 0), "layer": 1, "physical_px": (348.8198, 221.6303), "in_bounds": "[P: (-44.0, -44.0), S: (2393.36, 1419.0)]", "in_wrap": 2286.30706599092, "in_grid": "(4, 3)", "in_interior": "(416, 344)", "in_domain": "[P: (0.0, -44.0), S: (2286.307, 1419.0)]", "wp": (1048.101, 257.9917), "domain_uv": (0.458425, 0.21282), "scaled": (1.833701, 0.63846), "local01": (0.833701, 0.63846), "stored_uv": (0.456305, 0.21282), "map_index_px": (0.0392, 0.9882, 0.0039, 0.0157), "cid": 508, "expect_cell": 508, "ref_tile_px": [(1, 0), (348.8198, 221.6303)], "cid_ref": 508, "shader_tile_px": [(1, 0), (348.8198, 221.6303)], "cid_shader": 508, "normal_px": (0.502, 0.502, 0.0, 1.0), "height_px": (0.502, 0.0, 0.0, 0.0) }], "chunk_material_probe": { "tiled_active": true, "base_shader_tiled": true, "map_index_param": true, "grid_size_param": "(4.0, 3.0)", "interior_param": "(416.0, 344.0)", "domain_origin_param": "(0.0, -44.0)", "world_size_param": "(2393.36, 1419.0)", "wrap_param": 2286.30706599092, "chunk_count": 11, "chunk_material_shared": 11, "chunk_material_other": 0, "map_index_layers": 12 } }
  [detail_scatter/VIS] { "name": &"DetailLayer4", "in_tree": true, "layer_visible": true, "profile_enabled": true, "camera_lod_hidden": false, "shadow_fraction": 1.0, "lod_zoom_t": 0.6835938023869, "lod_alpha": 1.0, "camera_zoom": 1.0, "instance_count": 269, "chunk_nodes": 10, "chunk_nodes_visible": 3, "chunk_mm_valid": 10, "chunk_mesh_valid": 10, "chunk_visible_sum": 251, "chunk_inst_sum": 269, "origin_samples": [{ "pos": (1041.577, 258.4641), "uv": (0.453579, 0.213153) }, { "pos": (1065.907, 252.6266), "uv": (0.463744, 0.209039) }, { "pos": (1152.717, 284.2914), "uv": (0.500016, 0.231354) }], "spawn_domain": 0, "cid_probe": [{ "world_pos": (1041.577, 258.4641), "tile_xy": (1, 0), "layer": 1, "physical_px": (344.0714, 221.9739), "in_bounds": "[P: (-44.0, -44.0), S: (2393.36, 1419.0)]", "in_wrap": 2286.30706599092, "in_grid": "(4, 3)", "in_interior": "(416, 344)", "in_domain": "[P: (0.0, -44.0), S: (2286.307, 1419.0)]", "wp": (1041.577, 258.4641), "domain_uv": (0.455572, 0.213153), "scaled": (1.822287, 0.639459), "local01": (0.822287, 0.639459), "stored_uv": (0.453579, 0.213153), "map_index_px": (0.0392, 0.9843, 0.0039, 0.0157), "cid": 507, "expect_cell": 507, "ref_tile_px": [(1, 0), (344.0714, 221.9739)], "cid_ref": 507, "shader_tile_px": [(1, 0), (344.0714, 221.9739)], "cid_shader": 507, "normal_px": (0.502, 0.4941, 0.0, 1.0), "height_px": (0.502, 0.0, 0.0, 0.0) }, { "world_pos": (1065.907, 252.6266), "tile_xy": (1, 0), "layer": 1, "physical_px": (361.7788, 217.7284), "in_bounds": "[P: (-44.0, -44.0), S: (2393.36, 1419.0)]", "in_wrap": 2286.30706599092, "in_grid": "(4, 3)", "in_interior": "(416, 344)", "in_domain": "[P: (0.0, -44.0), S: (2286.307, 1419.0)]", "wp": (1065.907, 252.6266), "domain_uv": (0.466213, 0.209039), "scaled": (1.864853, 0.627118), "local01": (0.864853, 0.627118), "stored_uv": (0.463744, 0.209039), "map_index_px": (0.0392, 0.9882, 0.0039, 0.0157), "cid": 508, "expect_cell": 508, "ref_tile_px": [(1, 0), (361.7788, 217.7284)], "cid_ref": 508, "shader_tile_px": [(1, 0), (361.7788, 217.7284)], "cid_shader": 508, "normal_px": (0.502, 0.4941, 0.0, 1.0), "height_px": (0.502, 0.0, 0.0, 0.0) }], "chunk_material_probe": { "tiled_active": true, "base_shader_tiled": true, "map_index_param": true, "grid_size_param": "(4.0, 3.0)", "interior_param": "(416.0, 344.0)", "domain_origin_param": "(0.0, -44.0)", "world_size_param": "(2393.36, 1419.0)", "wrap_param": 2286.30706599092, "chunk_count": 10, "chunk_material_shared": 10, "chunk_material_other": 0, "map_index_layers": 12 } }
  [detail_scatter/VIS] { "name": &"DetailLayer5", "in_tree": true, "layer_visible": true, "profile_enabled": true, "camera_lod_hidden": false, "shadow_fraction": 1.0, "lod_zoom_t": 0.0, "lod_alpha": 1.0, "camera_zoom": 1.0, "instance_count": 21, "chunk_nodes": 9, "chunk_nodes_visible": 3, "chunk_mm_valid": 9, "chunk_mesh_valid": 9, "chunk_visible_sum": 20, "chunk_inst_sum": 21, "origin_samples": [{ "pos": (1345.792, 266.8494), "uv": (0.580687, 0.219062) }, { "pos": (1310.74, 278.3097), "uv": (0.566041, 0.227139) }, { "pos": (1325.892, 322.9855), "uv": (0.572372, 0.258623) }], "spawn_domain": 0, "cid_probe": [{ "world_pos": (1345.792, 266.8494), "tile_xy": (2, 0), "layer": 2, "physical_px": (149.4827, 228.0723), "in_bounds": "[P: (-44.0, -44.0), S: (2393.36, 1419.0)]", "in_wrap": 2286.30706599092, "in_grid": "(4, 3)", "in_interior": "(416, 344)", "in_domain": "[P: (0.0, -44.0), S: (2286.307, 1419.0)]", "wp": (1345.792, 266.8494), "domain_uv": (0.588631, 0.219062), "scaled": (2.354526, 0.657187), "local01": (0.354526, 0.657187), "stored_uv": (0.580687, 0.219062), "map_index_px": (0.0157, 0.0118, 0.0078, 0.0196), "cid": 515, "expect_cell": 515, "ref_tile_px": [(2, 0), (149.4827, 228.0723)], "cid_ref": 515, "shader_tile_px": [(2, 0), (149.4827, 228.0723)], "cid_shader": 515, "normal_px": (0.4902, 0.4784, 0.0, 1.0), "height_px": (0.5647, 0.1765, 0.0, 0.0) }, { "world_pos": (1310.74, 278.3097), "tile_xy": (2, 0), "layer": 2, "physical_px": (123.9714, 236.407), "in_bounds": "[P: (-44.0, -44.0), S: (2393.36, 1419.0)]", "in_wrap": 2286.30706599092, "in_grid": "(4, 3)", "in_interior": "(416, 344)", "in_domain": "[P: (0.0, -44.0), S: (2286.307, 1419.0)]", "wp": (1310.74, 278.3097), "domain_uv": (0.5733, 0.227139), "scaled": (2.2932, 0.681416), "local01": (0.2932, 0.681416), "stored_uv": (0.566041, 0.227139), "map_index_px": (0.0157, 0.0078, 0.0078, 0.0196), "cid": 514, "expect_cell": 574, "ref_tile_px": [(2, 0), (123.9714, 236.407)], "cid_ref": 514, "shader_tile_px": [(2, 0), (123.9714, 236.407)], "cid_shader": 514, "normal_px": (0.4902, 0.4784, 0.0, 1.0), "height_px": (0.5725, 0.1529, 0.0, 0.0) }], "chunk_material_probe": { "tiled_active": true, "base_shader_tiled": true, "map_index_param": true, "grid_size_param": "(4.0, 3.0)", "interior_param": "(416.0, 344.0)", "domain_origin_param": "(0.0, -44.0)", "world_size_param": "(2393.36, 1419.0)", "wrap_param": 2286.30706599092, "chunk_count": 9, "chunk_material_shared": 9, "chunk_material_other": 0, "map_index_layers": 12 } }
  [detail_scatter/VIS] { "name": &"DetailLayer6", "in_tree": true, "layer_visible": true, "profile_enabled": true, "camera_lod_hidden": false, "shadow_fraction": 1.0, "lod_zoom_t": 0.6835938023869, "lod_alpha": 1.0, "camera_zoom": 1.0, "instance_count": 31, "chunk_nodes": 6, "chunk_nodes_visible": 2, "chunk_mm_valid": 6, "chunk_mesh_valid": 6, "chunk_visible_sum": 29, "chunk_inst_sum": 31, "origin_samples": [{ "pos": (531.9349, 311.8053), "uv": (0.240639, 0.250744) }, { "pos": (1012.955, 401.006), "uv": (0.44162, 0.313605) }, { "pos": (962.0847, 414.2564), "uv": (0.420365, 0.322943) }], "spawn_domain": 0, "cid_probe": [{ "world_pos": (531.9349, 311.8053), "tile_xy": (0, 0), "layer": 0, "physical_px": (389.1482, 260.7675), "in_bounds": "[P: (-44.0, -44.0), S: (2393.36, 1419.0)]", "in_wrap": 2286.30706599092, "in_grid": "(4, 3)", "in_interior": "(416, 344)", "in_domain": "[P: (0.0, -44.0), S: (2286.307, 1419.0)]", "wp": (531.9349, 311.8053), "domain_uv": (0.232661, 0.250744), "scaled": (0.930645, 0.752231), "local01": (0.930645, 0.752231), "stored_uv": (0.240639, 0.250744), "map_index_px": (0.0157, 0.4, 0.0078, 0.0157), "cid": 614, "expect_cell": 614, "ref_tile_px": [(0, 0), (389.1482, 260.7675)], "cid_ref": 614, "shader_tile_px": [(0, 0), (389.1482, 260.7675)], "cid_shader": 614, "normal_px": (0.4824, 0.4784, 0.0, 1.0), "height_px": (0.502, 0.0, 0.1843, 0.0) }, { "world_pos": (1012.955, 401.006), "tile_xy": (1, 0), "layer": 1, "physical_px": (323.2404, 325.6407), "in_bounds": "[P: (-44.0, -44.0), S: (2393.36, 1419.0)]", "in_wrap": 2286.30706599092, "in_grid": "(4, 3)", "in_interior": "(416, 344)", "in_domain": "[P: (0.0, -44.0), S: (2286.307, 1419.0)]", "wp": (1012.955, 401.0059), "domain_uv": (0.443053, 0.313605), "scaled": (1.772212, 0.940816), "local01": (0.772212, 0.940816), "stored_uv": (0.44162, 0.313605), "map_index_px": (0.0157, 0.9216, 0.0078, 0.0196), "cid": 747, "expect_cell": 747, "ref_tile_px": [(1, 0), (323.2403, 325.6407)], "cid_ref": 747, "shader_tile_px": [(1, 0), (323.2404, 325.6407)], "cid_shader": 747, "normal_px": (0.4784, 0.4667, 0.0, 1.0), "height_px": (0.5412, 0.2745, 0.0, 0.0) }], "chunk_material_probe": { "tiled_active": true, "base_shader_tiled": true, "map_index_param": true, "grid_size_param": "(4.0, 3.0)", "interior_param": "(416.0, 344.0)", "domain_origin_param": "(0.0, -44.0)", "world_size_param": "(2393.36, 1419.0)", "wrap_param": 2286.30706599092, "chunk_count": 6, "chunk_material_shared": 6, "chunk_material_other": 0, "map_index_layers": 12 } }
  [detail_scatter/VIS] { "name": &"TreeLayer7", "in_tree": true, "layer_visible": true, "profile_enabled": true, "camera_lod_hidden": false, "shadow_fraction": 1.0, "lod_zoom_t": 1.0, "lod_alpha": 1.0, "camera_zoom": 1.0, "instance_count": 574, "chunk_nodes": 8, "chunk_nodes_visible": 2, "chunk_mm_valid": 8, "chunk_mesh_valid": 8, "chunk_visible_sum": 574, "chunk_inst_sum": 574, "origin_samples": [{ "pos": (2087.962, 231.8743), "uv": (0.890782, 0.194415) }, { "pos": (2105.737, 243.0619), "uv": (0.898209, 0.202299) }, { "pos": (2134.186, 232.8847), "uv": (0.910096, 0.195127) }], "spawn_domain": 0, "cid_probe": [{ "world_pos": (2087.962, 231.8743), "tile_xy": (3, 0), "layer": 3, "physical_px": (273.6419, 202.6358), "in_bounds": "[P: (-44.0, -44.0), S: (2393.36, 1419.0)]", "in_wrap": 2286.30706599092, "in_grid": "(4, 3)", "in_interior": "(416, 344)", "in_domain": "[P: (0.0, -44.0), S: (2286.307, 1419.0)]", "wp": (2087.962, 231.8743), "domain_uv": (0.913246, 0.194415), "scaled": (3.652985, 0.583244), "local01": (0.652985, 0.583244), "stored_uv": (0.890782, 0.194415), "map_index_px": (0.0157, 0.8549, 0.0039, 0.0196), "cid": 474, "expect_cell": 474, "ref_tile_px": [(3, 0), (273.6419, 202.6358)], "cid_ref": 474, "shader_tile_px": [(3, 0), (273.6419, 202.6358)], "cid_shader": 474, "normal_px": (0.502, 0.502, 0.0, 1.0), "height_px": (0.5294, 0.1922, 0.0, 0.0) }, { "world_pos": (2105.737, 243.0619), "tile_xy": (3, 0), "layer": 3, "physical_px": (286.5789, 210.7723), "in_bounds": "[P: (-44.0, -44.0), S: (2393.36, 1419.0)]", "in_wrap": 2286.30706599092, "in_grid": "(4, 3)", "in_interior": "(416, 344)", "in_domain": "[P: (0.0, -44.0), S: (2286.307, 1419.0)]", "wp": (2105.737, 243.062), "domain_uv": (0.921021, 0.202299), "scaled": (3.684084, 0.606896), "local01": (0.684084, 0.606896), "stored_uv": (0.898209, 0.202299), "map_index_px": (0.0157, 0.8588, 0.0039, 0.0196), "cid": 475, "expect_cell": 475, "ref_tile_px": [(3, 0), (286.5789, 210.7723)], "cid_ref": 475, "shader_tile_px": [(3, 0), (286.5789, 210.7723)], "cid_shader": 475, "normal_px": (0.502, 0.5294, 0.0, 1.0), "height_px": (0.502, 0.0, 0.0, 0.0) }], "chunk_material_probe": { "tiled_active": true, "base_shader_tiled": true, "map_index_param": true, "grid_size_param": "(4.0, 3.0)", "interior_param": "(416.0, 344.0)", "domain_origin_param": "(0.0, -44.0)", "world_size_param": "(2393.36, 1419.0)", "wrap_param": 2286.30706599092, "chunk_count": 8, "chunk_material_shared": 8, "chunk_material_other": 0, "map_index_layers": 12 } }
  [detail_scatter/VIS] { "name": &"DetailLayer8", "in_tree": true, "layer_visible": true, "profile_enabled": true, "camera_lod_hidden": false, "shadow_fraction": 1.0, "lod_zoom_t": 1.0, "lod_alpha": 1.0, "camera_zoom": 1.0, "instance_count": 64, "chunk_nodes": 8, "chunk_nodes_visible": 2, "chunk_mm_valid": 8, "chunk_mesh_valid": 8, "chunk_visible_sum": 64, "chunk_inst_sum": 64, "origin_samples": [{ "pos": (2065.191, 218.0875), "uv": (0.881268, 0.184699) }, { "pos": (2107.843, 227.3447), "uv": (0.899089, 0.191223) }, { "pos": (2134.355, 232.9417), "uv": (0.910166, 0.195167) }], "spawn_domain": 0, "cid_probe": [{ "world_pos": (2065.191, 218.0875), "tile_xy": (3, 0), "layer": 3, "physical_px": (257.0694, 192.6091), "in_bounds": "[P: (-44.0, -44.0), S: (2393.36, 1419.0)]", "in_wrap": 2286.30706599092, "in_grid": "(4, 3)", "in_interior": "(416, 344)", "in_domain": "[P: (0.0, -44.0), S: (2286.307, 1419.0)]", "wp": (2065.191, 218.0875), "domain_uv": (0.903287, 0.184699), "scaled": (3.613147, 0.554096), "local01": (0.613147, 0.554096), "stored_uv": (0.881268, 0.184699), "map_index_px": (0.0157, 0.8549, 0.0039, 0.0196), "cid": 474, "expect_cell": 474, "ref_tile_px": [(3, 0), (257.0694, 192.6091)], "cid_ref": 474, "shader_tile_px": [(3, 0), (257.0694, 192.6091)], "cid_shader": 474, "normal_px": (0.4941, 0.4902, 0.0, 1.0), "height_px": (0.502, 0.0, 0.0, 0.0) }, { "world_pos": (2107.843, 227.3447), "tile_xy": (3, 0), "layer": 3, "physical_px": (288.112, 199.3416), "in_bounds": "[P: (-44.0, -44.0), S: (2393.36, 1419.0)]", "in_wrap": 2286.30706599092, "in_grid": "(4, 3)", "in_interior": "(416, 344)", "in_domain": "[P: (0.0, -44.0), S: (2286.307, 1419.0)]", "wp": (2107.843, 227.3447), "domain_uv": (0.921942, 0.191223), "scaled": (3.687769, 0.573668), "local01": (0.687769, 0.573668), "stored_uv": (0.899089, 0.191223), "map_index_px": (0.0157, 0.8588, 0.0039, 0.0196), "cid": 475, "expect_cell": 475, "ref_tile_px": [(3, 0), (288.112, 199.3416)], "cid_ref": 475, "shader_tile_px": [(3, 0), (288.112, 199.3416)], "cid_shader": 475, "normal_px": (0.5059, 0.498, 0.0, 1.0), "height_px": (0.5451, 0.8667, 0.0, 0.0) }], "chunk_material_probe": { "tiled_active": true, "base_shader_tiled": true, "map_index_param": true, "grid_size_param": "(4.0, 3.0)", "interior_param": "(416.0, 344.0)", "domain_origin_param": "(0.0, -44.0)", "world_size_param": "(2393.36, 1419.0)", "wrap_param": 2286.30706599092, "chunk_count": 8, "chunk_material_shared": 8, "chunk_material_other": 0, "map_index_layers": 12 } }
  [detail_scatter/VIS] { "name": &"TreeLayer9", "in_tree": true, "layer_visible": true, "profile_enabled": true, "camera_lod_hidden": false, "shadow_fraction": 1.0, "lod_zoom_t": 1.0, "lod_alpha": 1.0, "camera_zoom": 1.0, "instance_count": 277, "chunk_nodes": 9, "chunk_nodes_visible": 3, "chunk_mm_valid": 9, "chunk_mesh_valid": 9, "chunk_visible_sum": 277, "chunk_inst_sum": 277, "origin_samples": [{ "pos": (2087.428, 232.0601), "uv": (0.890559, 0.194546) }, { "pos": (2086.414, 388.3207), "uv": (0.890135, 0.304666) }, { "pos": (2117.434, 451.963), "uv": (0.903096, 0.349516) }], "spawn_domain": 0, "cid_probe": [{ "world_pos": (2087.428, 232.0601), "tile_xy": (3, 0), "layer": 3, "physical_px": (273.2533, 202.771), "in_bounds": "[P: (-44.0, -44.0), S: (2393.36, 1419.0)]", "in_wrap": 2286.30706599092, "in_grid": "(4, 3)", "in_interior": "(416, 344)", "in_domain": "[P: (0.0, -44.0), S: (2286.307, 1419.0)]", "wp": (2087.428, 232.0601), "domain_uv": (0.913013, 0.194546), "scaled": (3.652051, 0.583637), "local01": (0.652051, 0.583637), "stored_uv": (0.890559, 0.194546), "map_index_px": (0.0157, 0.8549, 0.0039, 0.0196), "cid": 474, "expect_cell": 474, "ref_tile_px": [(3, 0), (273.2533, 202.771)], "cid_ref": 474, "shader_tile_px": [(3, 0), (273.2533, 202.771)], "cid_shader": 474, "normal_px": (0.502, 0.502, 0.0, 1.0), "height_px": (0.5294, 0.1922, 0.0, 0.0) }, { "world_pos": (2086.414, 388.3207), "tile_xy": (3, 0), "layer": 3, "physical_px": (272.5158, 316.415), "in_bounds": "[P: (-44.0, -44.0), S: (2393.36, 1419.0)]", "in_wrap": 2286.30706599092, "in_grid": "(4, 3)", "in_interior": "(416, 344)", "in_domain": "[P: (0.0, -44.0), S: (2286.307, 1419.0)]", "wp": (2086.414, 388.3207), "domain_uv": (0.91257, 0.304666), "scaled": (3.650278, 0.913997), "local01": (0.650278, 0.913997), "stored_uv": (0.890135, 0.304666), "map_index_px": (0.0627, 0.0275, 0.0118, 0.0157), "cid": 775, "expect_cell": 775, "ref_tile_px": [(3, 0), (272.5158, 316.415)], "cid_ref": 775, "shader_tile_px": [(3, 0), (272.5158, 316.415)], "cid_shader": 775, "normal_px": (0.502, 0.4784, 0.0, 1.0), "height_px": (0.502, 0.0, 0.0, 0.0) }], "chunk_material_probe": { "tiled_active": true, "base_shader_tiled": true, "map_index_param": true, "grid_size_param": "(4.0, 3.0)", "interior_param": "(416.0, 344.0)", "domain_origin_param": "(0.0, -44.0)", "world_size_param": "(2393.36, 1419.0)", "wrap_param": 2286.30706599092, "chunk_count": 9, "chunk_material_shared": 9, "chunk_material_other": 0, "map_index_layers": 12 } }
  [detail_scatter/VIS] { "name": &"TreeLayer10", "in_tree": true, "layer_visible": true, "profile_enabled": true, "camera_lod_hidden": false, "shadow_fraction": 1.0, "lod_zoom_t": 1.0, "lod_alpha": 1.0, "camera_zoom": 1.0, "instance_count": 191, "chunk_nodes": 8, "chunk_nodes_visible": 3, "chunk_mm_valid": 8, "chunk_mesh_valid": 8, "chunk_visible_sum": 191, "chunk_inst_sum": 191, "origin_samples": [{ "pos": (2087.428, 232.0601), "uv": (0.890559, 0.194546) }, { "pos": (2105.663, 243.1394), "uv": (0.898178, 0.202353) }, { "pos": (2134.355, 232.9417), "uv": (0.910166, 0.195167) }], "spawn_domain": 0, "cid_probe": [{ "world_pos": (2087.428, 232.0601), "tile_xy": (3, 0), "layer": 3, "physical_px": (273.2533, 202.771), "in_bounds": "[P: (-44.0, -44.0), S: (2393.36, 1419.0)]", "in_wrap": 2286.30706599092, "in_grid": "(4, 3)", "in_interior": "(416, 344)", "in_domain": "[P: (0.0, -44.0), S: (2286.307, 1419.0)]", "wp": (2087.428, 232.0601), "domain_uv": (0.913013, 0.194546), "scaled": (3.652051, 0.583637), "local01": (0.652051, 0.583637), "stored_uv": (0.890559, 0.194546), "map_index_px": (0.0157, 0.8549, 0.0039, 0.0196), "cid": 474, "expect_cell": 474, "ref_tile_px": [(3, 0), (273.2533, 202.771)], "cid_ref": 474, "shader_tile_px": [(3, 0), (273.2533, 202.771)], "cid_shader": 474, "normal_px": (0.502, 0.502, 0.0, 1.0), "height_px": (0.5294, 0.1922, 0.0, 0.0) }, { "world_pos": (2105.663, 243.1394), "tile_xy": (3, 0), "layer": 3, "physical_px": (286.5253, 210.8286), "in_bounds": "[P: (-44.0, -44.0), S: (2393.36, 1419.0)]", "in_wrap": 2286.30706599092, "in_grid": "(4, 3)", "in_interior": "(416, 344)", "in_domain": "[P: (0.0, -44.0), S: (2286.307, 1419.0)]", "wp": (2105.663, 243.1394), "domain_uv": (0.920989, 0.202353), "scaled": (3.683955, 0.60706), "local01": (0.683955, 0.60706), "stored_uv": (0.898178, 0.202353), "map_index_px": (0.0157, 0.8588, 0.0039, 0.0196), "cid": 475, "expect_cell": 475, "ref_tile_px": [(3, 0), (286.5253, 210.8286)], "cid_ref": 475, "shader_tile_px": [(3, 0), (286.5253, 210.8286)], "cid_shader": 475, "normal_px": (0.502, 0.5294, 0.0, 1.0), "height_px": (0.502, 0.0, 0.0, 0.0) }], "chunk_material_probe": { "tiled_active": true, "base_shader_tiled": true, "map_index_param": true, "grid_size_param": "(4.0, 3.0)", "interior_param": "(416.0, 344.0)", "domain_origin_param": "(0.0, -44.0)", "world_size_param": "(2393.36, 1419.0)", "wrap_param": 2286.30706599092, "chunk_count": 8, "chunk_material_shared": 8, "chunk_material_other": 0, "map_index_layers": 12 } }
  [detail_scatter/VIS] { "name": &"DetailLayer11", "in_tree": true, "layer_visible": true, "profile_enabled": true, "camera_lod_hidden": false, "shadow_fraction": 1.0, "lod_zoom_t": 1.0, "lod_alpha": 1.0, "camera_zoom": 1.0, "instance_count": 51, "chunk_nodes": 7, "chunk_nodes_visible": 2, "chunk_mm_valid": 7, "chunk_mesh_valid": 7, "chunk_visible_sum": 51, "chunk_inst_sum": 51, "origin_samples": [{ "pos": (806.9571, 400.0368), "uv": (0.355549, 0.312922) }, { "pos": (1273.268, 401.9743), "uv": (0.550385, 0.314288) }, { "pos": (1233.434, 443.7935), "uv": (0.533741, 0.343759) }], "spawn_domain": 0, "cid_probe": [{ "world_pos": (806.9571, 400.0368), "tile_xy": (1, 0), "layer": 1, "physical_px": (173.3124, 324.9358), "in_bounds": "[P: (-44.0, -44.0), S: (2393.36, 1419.0)]", "in_wrap": 2286.30706599092, "in_grid": "(4, 3)", "in_interior": "(416, 344)", "in_domain": "[P: (0.0, -44.0), S: (2286.307, 1419.0)]", "wp": (806.9571, 400.0368), "domain_uv": (0.352952, 0.312922), "scaled": (1.411809, 0.938767), "local01": (0.411809, 0.938767), "stored_uv": (0.355549, 0.312922), "map_index_px": (0.0627, 0.898, 0.0078, 0.0157), "cid": 741, "expect_cell": 741, "ref_tile_px": [(1, 0), (173.3124, 324.9358)], "cid_ref": 741, "shader_tile_px": [(1, 0), (173.3124, 324.9358)], "cid_shader": 741, "normal_px": (0.502, 0.4784, 0.0, 1.0), "height_px": (0.5255, 0.902, 0.0, 0.0) }, { "world_pos": (1273.268, 401.9743), "tile_xy": (2, 0), "layer": 2, "physical_px": (96.6991, 326.3449), "in_bounds": "[P: (-44.0, -44.0), S: (2393.36, 1419.0)]", "in_wrap": 2286.30706599092, "in_grid": "(4, 3)", "in_interior": "(416, 344)", "in_domain": "[P: (0.0, -44.0), S: (2286.307, 1419.0)]", "wp": (1273.268, 401.9743), "domain_uv": (0.556911, 0.314288), "scaled": (2.227642, 0.942863), "local01": (0.227642, 0.942863), "stored_uv": (0.550385, 0.314288), "map_index_px": (0.0745, 0.949, 0.0078, 0.0078), "cid": 754, "expect_cell": 753, "ref_tile_px": [(2, 0), (96.699, 326.3449)], "cid_ref": 754, "shader_tile_px": [(2, 0), (96.6991, 326.3449)], "cid_shader": 754, "normal_px": (0.502, 0.502, 0.0, 1.0), "height_px": (0.502, 0.0, 0.0, 0.0) }], "chunk_material_probe": { "tiled_active": true, "base_shader_tiled": true, "map_index_param": true, "grid_size_param": "(4.0, 3.0)", "interior_param": "(416.0, 344.0)", "domain_origin_param": "(0.0, -44.0)", "world_size_param": "(2393.36, 1419.0)", "wrap_param": 2286.30706599092, "chunk_count": 7, "chunk_material_shared": 7, "chunk_material_other": 0, "map_index_layers": 12 } }
  [detail_scatter/VIS] { "name": &"DetailLayer12", "in_tree": true, "layer_visible": false, "profile_enabled": true, "camera_lod_hidden": false, "shadow_fraction": 1.0, "lod_zoom_t": 1.0, "lod_alpha": 1.0, "camera_zoom": 1.0, "instance_count": 0, "chunk_nodes": 0, "chunk_nodes_visible": 0, "chunk_mm_valid": 0, "chunk_mesh_valid": 0, "chunk_visible_sum": 0, "chunk_inst_sum": 0, "origin_samples": [], "spawn_domain": 0, "cid_probe": [], "chunk_material_probe": { "tiled_active": true, "base_shader_tiled": true, "map_index_param": true, "grid_size_param": "(4.0, 3.0)", "interior_param": "(416.0, 344.0)", "domain_origin_param": "(0.0, -44.0)", "world_size_param": "(2393.36, 1419.0)", "wrap_param": 2286.30706599092, "chunk_count": 0, "chunk_material_shared": 0, "chunk_material_other": 0, "map_index_layers": 12 } }
  [detail_scatter/VIS] { "name": &"DetailLayer13", "in_tree": true, "layer_visible": false, "profile_enabled": true, "camera_lod_hidden": false, "shadow_fraction": 1.0, "lod_zoom_t": 1.0, "lod_alpha": 1.0, "camera_zoom": 1.0, "instance_count": 1, "chunk_nodes": 1, "chunk_nodes_visible": 0, "chunk_mm_valid": 1, "chunk_mesh_valid": 1, "chunk_visible_sum": 1, "chunk_inst_sum": 1, "origin_samples": [{ "pos": (656.6091, 669.314), "uv": (0.29273, 0.502688) }], "spawn_domain": 0, "cid_probe": [{ "world_pos": (656.6091, 669.314), "tile_xy": (1, 1), "layer": 5, "physical_px": (63.88747, 176.7738), "in_bounds": "[P: (-44.0, -44.0), S: (2393.36, 1419.0)]", "in_wrap": 2286.30706599092, "in_grid": "(4, 3)", "in_interior": "(416, 344)", "in_domain": "[P: (0.0, -44.0), S: (2286.307, 1419.0)]", "wp": (656.6091, 669.314), "domain_uv": (0.287192, 0.502688), "scaled": (1.148768, 1.508063), "local01": (0.148768, 0.508063), "stored_uv": (0.29273, 0.502688), "map_index_px": (0.0392, 0.7569, 0.0157, 0.0157), "cid": 1217, "expect_cell": 1217, "ref_tile_px": [(1, 1), (63.88752, 176.7738)], "cid_ref": 1217, "shader_tile_px": [(1, 1), (63.88747, 176.7738)], "cid_shader": 1217, "normal_px": (0.502, 0.5137, 0.0, 1.0), "height_px": (0.502, 0.0, 0.0, 0.0) }], "chunk_material_probe": { "tiled_active": true, "base_shader_tiled": true, "map_index_param": true, "grid_size_param": "(4.0, 3.0)", "interior_param": "(416.0, 344.0)", "domain_origin_param": "(0.0, -44.0)", "world_size_param": "(2393.36, 1419.0)", "wrap_param": 2286.30706599092, "chunk_count": 1, "chunk_material_shared": 1, "chunk_material_other": 0, "map_index_layers": 12 } }
  [detail_scatter/VIS] { "name": &"DetailLayer14", "in_tree": true, "layer_visible": true, "profile_enabled": true, "camera_lod_hidden": false, "shadow_fraction": 1.0, "lod_zoom_t": 0.15625008381905, "lod_alpha": 1.0, "camera_zoom": 1.0, "instance_count": 165, "chunk_nodes": 11, "chunk_nodes_visible": 2, "chunk_mm_valid": 11, "chunk_mesh_valid": 11, "chunk_visible_sum": 159, "chunk_inst_sum": 165, "origin_samples": [{ "pos": (1163.887, 244.1132), "uv": (0.504683, 0.20304) }, { "pos": (1048.101, 257.9917), "uv": (0.456305, 0.21282) }, { "pos": (1151.904, 259.7769), "uv": (0.499676, 0.214078) }], "spawn_domain": 0, "cid_probe": [{ "world_pos": (1163.887, 244.1132), "tile_xy": (2, 0), "layer": 2, "physical_px": (17.08987, 211.5368), "in_bounds": "[P: (-44.0, -44.0), S: (2393.36, 1419.0)]", "in_wrap": 2286.30706599092, "in_grid": "(4, 3)", "in_interior": "(416, 344)", "in_domain": "[P: (0.0, -44.0), S: (2286.307, 1419.0)]", "wp": (1163.887, 244.1132), "domain_uv": (0.509068, 0.20304), "scaled": (2.036274, 0.609119), "local01": (0.036274, 0.609119), "stored_uv": (0.504683, 0.20304), "map_index_px": (0.0392, 0.7608, 0.0039, 0.0157), "cid": 450, "expect_cell": 450, "ref_tile_px": [(2, 0), (17.08987, 211.5368)], "cid_ref": 450, "shader_tile_px": [(2, 0), (17.08987, 211.5368)], "cid_shader": 450, "normal_px": (0.502, 0.498, 0.0, 1.0), "height_px": (0.5294, 0.1765, 0.0, 0.0) }, { "world_pos": (1048.101, 257.9917), "tile_xy": (1, 0), "layer": 1, "physical_px": (348.8198, 221.6303), "in_bounds": "[P: (-44.0, -44.0), S: (2393.36, 1419.0)]", "in_wrap": 2286.30706599092, "in_grid": "(4, 3)", "in_interior": "(416, 344)", "in_domain": "[P: (0.0, -44.0), S: (2286.307, 1419.0)]", "wp": (1048.101, 257.9917), "domain_uv": (0.458425, 0.21282), "scaled": (1.833701, 0.63846), "local01": (0.833701, 0.63846), "stored_uv": (0.456305, 0.21282), "map_index_px": (0.0392, 0.9882, 0.0039, 0.0157), "cid": 508, "expect_cell": 508, "ref_tile_px": [(1, 0), (348.8198, 221.6303)], "cid_ref": 508, "shader_tile_px": [(1, 0), (348.8198, 221.6303)], "cid_shader": 508, "normal_px": (0.502, 0.502, 0.0, 1.0), "height_px": (0.502, 0.0, 0.0, 0.0) }], "chunk_material_probe": { "tiled_active": true, "base_shader_tiled": true, "map_index_param": true, "grid_size_param": "(4.0, 3.0)", "interior_param": "(416.0, 344.0)", "domain_origin_param": "(0.0, -44.0)", "world_size_param": "(2393.36, 1419.0)", "wrap_param": 2286.30706599092, "chunk_count": 11, "chunk_material_shared": 11, "chunk_material_other": 0, "map_index_layers": 12 } }
  [detail_scatter/VIS] { "name": &"DetailLayer15", "in_tree": true, "layer_visible": true, "profile_enabled": true, "camera_lod_hidden": false, "shadow_fraction": 1.0, "lod_zoom_t": 0.15625008381905, "lod_alpha": 1.0, "camera_zoom": 1.0, "instance_count": 44, "chunk_nodes": 6, "chunk_nodes_visible": 1, "chunk_mm_valid": 6, "chunk_mesh_valid": 6, "chunk_visible_sum": 44, "chunk_inst_sum": 44, "origin_samples": [{ "pos": (1310.74, 278.3097), "uv": (0.566041, 0.227139) }, { "pos": (458.1379, 560.4063), "uv": (0.209805, 0.425938) }, { "pos": (431.1468, 853.4962), "uv": (0.198527, 0.632485) }], "spawn_domain": 0, "cid_probe": [{ "world_pos": (1310.74, 278.3097), "tile_xy": (2, 0), "layer": 2, "physical_px": (123.9714, 236.407), "in_bounds": "[P: (-44.0, -44.0), S: (2393.36, 1419.0)]", "in_wrap": 2286.30706599092, "in_grid": "(4, 3)", "in_interior": "(416, 344)", "in_domain": "[P: (0.0, -44.0), S: (2286.307, 1419.0)]", "wp": (1310.74, 278.3097), "domain_uv": (0.5733, 0.227139), "scaled": (2.2932, 0.681416), "local01": (0.2932, 0.681416), "stored_uv": (0.566041, 0.227139), "map_index_px": (0.0157, 0.0078, 0.0078, 0.0196), "cid": 514, "expect_cell": 574, "ref_tile_px": [(2, 0), (123.9714, 236.407)], "cid_ref": 514, "shader_tile_px": [(2, 0), (123.9714, 236.407)], "cid_shader": 514, "normal_px": (0.4902, 0.4784, 0.0, 1.0), "height_px": (0.5725, 0.1529, 0.0, 0.0) }, { "world_pos": (458.1379, 560.4063), "tile_xy": (0, 1), "layer": 4, "physical_px": (335.4379, 97.56819), "in_bounds": "[P: (-44.0, -44.0), S: (2393.36, 1419.0)]", "in_wrap": 2286.30706599092, "in_grid": "(4, 3)", "in_interior": "(416, 344)", "in_domain": "[P: (0.0, -44.0), S: (2286.307, 1419.0)]", "wp": (458.1379, 560.4063), "domain_uv": (0.200383, 0.425938), "scaled": (0.801533, 1.277815), "local01": (0.801533, 0.277815), "stored_uv": (0.209805, 0.425938), "map_index_px": (0.0471, 0.0314, 0.0157, 0.0196), "cid": 1032, "expect_cell": 1032, "ref_tile_px": [(0, 1), (335.4379, 97.56819)], "cid_ref": 1032, "shader_tile_px": [(0, 1), (335.4379, 97.56819)], "cid_shader": 1032, "normal_px": (0.498, 0.4902, 0.0, 1.0), "height_px": (0.5373, 0.1059, 0.0, 0.0) }], "chunk_material_probe": { "tiled_active": true, "base_shader_tiled": true, "map_index_param": true, "grid_size_param": "(4.0, 3.0)", "interior_param": "(416.0, 344.0)", "domain_origin_param": "(0.0, -44.0)", "world_size_param": "(2393.36, 1419.0)", "wrap_param": 2286.30706599092, "chunk_count": 6, "chunk_material_shared": 6, "chunk_material_other": 0, "map_index_layers": 12 } }
  [detail_scatter/VIS] { "name": &"DetailLayer16", "in_tree": true, "layer_visible": false, "profile_enabled": true, "camera_lod_hidden": false, "shadow_fraction": 1.0, "lod_zoom_t": 0.0, "lod_alpha": 1.0, "camera_zoom": 1.0, "instance_count": 11, "chunk_nodes": 1, "chunk_nodes_visible": 0, "chunk_mm_valid": 1, "chunk_mesh_valid": 1, "chunk_visible_sum": 9, "chunk_inst_sum": 11, "origin_samples": [{ "pos": (276.1828, 1167.595), "uv": (0.13378, 0.853837) }, { "pos": (291.1551, 1155.547), "uv": (0.140035, 0.845347) }, { "pos": (301.3892, 1150.821), "uv": (0.144311, 0.842016) }], "spawn_domain": 0, "cid_probe": [{ "world_pos": (276.1828, 1167.595), "tile_xy": (0, 2), "layer": 8, "physical_px": (203.0089, 195.1602), "in_bounds": "[P: (-44.0, -44.0), S: (2393.36, 1419.0)]", "in_wrap": 2286.30706599092, "in_grid": "(4, 3)", "in_interior": "(416, 344)", "in_domain": "[P: (0.0, -44.0), S: (2286.307, 1419.0)]", "wp": (276.1828, 1167.595), "domain_uv": (0.120799, 0.853837), "scaled": (0.483195, 2.561512), "local01": (0.483195, 0.561512), "stored_uv": (0.13378, 0.853837), "map_index_px": (0.0314, 0.2314, 0.0314, 0.0196), "cid": 2107, "expect_cell": 2107, "ref_tile_px": [(0, 2), (203.0089, 195.1602)], "cid_ref": 2107, "shader_tile_px": [(0, 2), (203.0089, 195.1602)], "cid_shader": 2107, "normal_px": (0.4902, 0.502, 0.0, 1.0), "height_px": (0.502, 0.0, 0.0, 0.0) }, { "world_pos": (291.1551, 1155.547), "tile_xy": (0, 2), "layer": 8, "physical_px": (213.9059, 186.3979), "in_bounds": "[P: (-44.0, -44.0), S: (2393.36, 1419.0)]", "in_wrap": 2286.30706599092, "in_grid": "(4, 3)", "in_interior": "(416, 344)", "in_domain": "[P: (0.0, -44.0), S: (2286.307, 1419.0)]", "wp": (291.1551, 1155.547), "domain_uv": (0.127347, 0.845347), "scaled": (0.509389, 2.53604), "local01": (0.509389, 0.53604), "stored_uv": (0.140035, 0.845347), "map_index_px": (0.0314, 0.2314, 0.0314, 0.0196), "cid": 2107, "expect_cell": 2107, "ref_tile_px": [(0, 2), (213.9059, 186.3979)], "cid_ref": 2107, "shader_tile_px": [(0, 2), (213.9059, 186.3979)], "cid_shader": 2107, "normal_px": (0.502, 0.502, 0.0, 1.0), "height_px": (0.5333, 0.6667, 0.0, 0.0) }], "chunk_material_probe": { "tiled_active": true, "base_shader_tiled": true, "map_index_param": true, "grid_size_param": "(4.0, 3.0)", "interior_param": "(416.0, 344.0)", "domain_origin_param": "(0.0, -44.0)", "world_size_param": "(2393.36, 1419.0)", "wrap_param": 2286.30706599092, "chunk_count": 1, "chunk_material_shared": 1, "chunk_material_other": 0, "map_index_layers": 12 } }
  [detail_scatter/VIS] { "name": &"DetailLayer17", "in_tree": true, "layer_visible": false, "profile_enabled": true, "camera_lod_hidden": false, "shadow_fraction": 1.0, "lod_zoom_t": 1.0, "lod_alpha": 1.0, "camera_zoom": 1.0, "instance_count": 8, "chunk_nodes": 3, "chunk_nodes_visible": 0, "chunk_mm_valid": 3, "chunk_mesh_valid": 3, "chunk_visible_sum": 8, "chunk_inst_sum": 8, "origin_samples": [{ "pos": (2144.787, 631.3748), "uv": (0.914525, 0.475951) }, { "pos": (2206.727, 694.9914), "uv": (0.940405, 0.520783) }, { "pos": (2157.75, 779.7321), "uv": (0.919941, 0.580502) }], "spawn_domain": 0, "cid_probe": [{ "world_pos": (2144.787, 631.3748), "tile_xy": (3, 1), "layer": 7, "physical_px": (315.0002, 149.1816), "in_bounds": "[P: (-44.0, -44.0), S: (2393.36, 1419.0)]", "in_wrap": 2286.30706599092, "in_grid": "(4, 3)", "in_interior": "(416, 344)", "in_domain": "[P: (0.0, -44.0), S: (2286.307, 1419.0)]", "wp": (2144.787, 631.3748), "domain_uv": (0.938101, 0.475951), "scaled": (3.752404, 1.427854), "local01": (0.752404, 0.427854), "stored_uv": (0.914525, 0.475951), "map_index_px": (0.0392, 0.6745, 0.0157, 0.0157), "cid": 1196, "expect_cell": 1196, "ref_tile_px": [(3, 1), (315.0002, 149.1816)], "cid_ref": 1196, "shader_tile_px": [(3, 1), (315.0002, 149.1816)], "cid_shader": 1196, "normal_px": (0.4941, 0.4863, 0.0, 1.0), "height_px": (0.5412, 0.3569, 0.0, 0.0) }, { "world_pos": (2206.727, 694.9914), "tile_xy": (3, 1), "layer": 7, "physical_px": (360.0804, 195.4483), "in_bounds": "[P: (-44.0, -44.0), S: (2393.36, 1419.0)]", "in_wrap": 2286.30706599092, "in_grid": "(4, 3)", "in_interior": "(416, 344)", "in_domain": "[P: (0.0, -44.0), S: (2286.307, 1419.0)]", "wp": (2206.727, 694.9915), "domain_uv": (0.965193, 0.520783), "scaled": (3.86077, 1.56235), "local01": (0.86077, 0.56235), "stored_uv": (0.940405, 0.520783), "map_index_px": (0.0431, 0.1451, 0.0196, 0.0196), "cid": 1317, "expect_cell": 1317, "ref_tile_px": [(3, 1), (360.0804, 195.4483)], "cid_ref": 1317, "shader_tile_px": [(3, 1), (360.0804, 195.4483)], "cid_shader": 1317, "normal_px": (0.5255, 0.4902, 0.0, 1.0), "height_px": (0.5804, 0.6196, 0.0, 0.0) }], "chunk_material_probe": { "tiled_active": true, "base_shader_tiled": true, "map_index_param": true, "grid_size_param": "(4.0, 3.0)", "interior_param": "(416.0, 344.0)", "domain_origin_param": "(0.0, -44.0)", "world_size_param": "(2393.36, 1419.0)", "wrap_param": 2286.30706599092, "chunk_count": 3, "chunk_material_shared": 3, "chunk_material_other": 0, "map_index_layers": 12 } }
  [detail_scatter/VIS] { "name": &"DetailLayer18", "in_tree": true, "layer_visible": true, "profile_enabled": true, "camera_lod_hidden": false, "shadow_fraction": 1.0, "lod_zoom_t": 0.0, "lod_alpha": 1.0, "camera_zoom": 1.0, "instance_count": 222, "chunk_nodes": 8, "chunk_nodes_visible": 3, "chunk_mm_valid": 8, "chunk_mesh_valid": 8, "chunk_visible_sum": 204, "chunk_inst_sum": 222, "origin_samples": [{ "pos": (2083.642, 199.5992), "uv": (0.888977, 0.17167) }, { "pos": (2226.44, 195.3101), "uv": (0.948641, 0.168647) }, { "pos": (2212.354, 240.7989), "uv": (0.942756, 0.200704) }], "spawn_domain": 1, "cid_probe": [{ "world_pos": (2083.642, 199.5992), "tile_xy": (3, 0), "layer": 3, "physical_px": (270.4977, 179.1631), "in_bounds": "[P: (-44.0, -44.0), S: (2393.36, 1419.0)]", "in_wrap": 2286.30706599092, "in_grid": "(4, 3)", "in_interior": "(416, 344)", "in_domain": "[P: (0.0, -44.0), S: (2286.307, 1419.0)]", "wp": (2083.642, 199.5992), "domain_uv": (0.911357, 0.17167), "scaled": (3.645427, 0.515009), "local01": (0.645427, 0.515009), "stored_uv": (0.888977, 0.17167), "map_index_px": (0.0824, 0.6235, 0.0039, 0.0078), "cid": 415, "expect_cell": 415, "ref_tile_px": [(3, 0), (270.4977, 179.1631)], "cid_ref": 415, "shader_tile_px": [(3, 0), (270.4977, 179.1631)], "cid_shader": 415, "normal_px": (0.5059, 0.498, 0.0, 1.0), "height_px": (0.4706, 0.8039, 0.0, 0.0) }, { "world_pos": (2226.44, 195.3101), "tile_xy": (3, 0), "layer": 3, "physical_px": (374.4278, 176.0437), "in_bounds": "[P: (-44.0, -44.0), S: (2393.36, 1419.0)]", "in_wrap": 2286.30706599092, "in_grid": "(4, 3)", "in_interior": "(416, 344)", "in_domain": "[P: (0.0, -44.0), S: (2286.307, 1419.0)]", "wp": (2226.44, 195.3101), "domain_uv": (0.973815, 0.168647), "scaled": (3.895259, 0.505941), "local01": (0.895259, 0.505941), "stored_uv": (0.948641, 0.168647), "map_index_px": (0.0824, 0.6353, 0.0039, 0.0078), "cid": 418, "expect_cell": 418, "ref_tile_px": [(3, 0), (374.4278, 176.0437)], "cid_ref": 418, "shader_tile_px": [(3, 0), (374.4278, 176.0437)], "cid_shader": 418, "normal_px": (0.5098, 0.502, 0.0, 1.0), "height_px": (0.4627, 0.451, 0.0, 0.0) }], "chunk_material_probe": { "tiled_active": true, "base_shader_tiled": true, "map_index_param": true, "grid_size_param": "(4.0, 3.0)", "interior_param": "(416.0, 344.0)", "domain_origin_param": "(0.0, -44.0)", "world_size_param": "(2393.36, 1419.0)", "wrap_param": 2286.30706599092, "chunk_count": 8, "chunk_material_shared": 8, "chunk_material_other": 0, "map_index_layers": 12 } }
  [detail_scatter/VIS] { "name": &"DetailLayer19", "in_tree": true, "layer_visible": true, "profile_enabled": true, "camera_lod_hidden": false, "shadow_fraction": 1.0, "lod_zoom_t": 0.0, "lod_alpha": 1.0, "camera_zoom": 1.0, "instance_count": 127, "chunk_nodes": 6, "chunk_nodes_visible": 1, "chunk_mm_valid": 6, "chunk_mesh_valid": 6, "chunk_visible_sum": 120, "chunk_inst_sum": 127, "origin_samples": [{ "pos": (667.2203, 323.2655), "uv": (0.297164, 0.25882) }, { "pos": (691.2501, 318.3303), "uv": (0.307204, 0.255342) }, { "pos": (708.0672, 321.2202), "uv": (0.314231, 0.257379) }], "spawn_domain": 1, "cid_probe": [{ "world_pos": (667.2203, 323.2655), "tile_xy": (1, 0), "layer": 1, "physical_px": (71.61043, 269.1022), "in_bounds": "[P: (-44.0, -44.0), S: (2393.36, 1419.0)]", "in_wrap": 2286.30706599092, "in_grid": "(4, 3)", "in_interior": "(416, 344)", "in_domain": "[P: (0.0, -44.0), S: (2286.307, 1419.0)]", "wp": (667.2203, 323.2655), "domain_uv": (0.291833, 0.25882), "scaled": (1.167333, 0.77646), "local01": (0.167333, 0.77646), "stored_uv": (0.297164, 0.25882), "map_index_px": (0.0745, 0.4157, 0.0078, 0.0078), "cid": 618, "expect_cell": 618, "ref_tile_px": [(1, 0), (71.61043, 269.1022)], "cid_ref": 618, "shader_tile_px": [(1, 0), (71.61043, 269.1022)], "cid_shader": 618, "normal_px": (0.502, 0.498, 0.0, 1.0), "height_px": (0.4745, 0.6745, 0.0, 0.0) }, { "world_pos": (691.2501, 318.3303), "tile_xy": (1, 0), "layer": 1, "physical_px": (89.09961, 265.5129), "in_bounds": "[P: (-44.0, -44.0), S: (2393.36, 1419.0)]", "in_wrap": 2286.30706599092, "in_grid": "(4, 3)", "in_interior": "(416, 344)", "in_domain": "[P: (0.0, -44.0), S: (2286.307, 1419.0)]", "wp": (691.2501, 318.3303), "domain_uv": (0.302344, 0.255342), "scaled": (1.209374, 0.766026), "local01": (0.209374, 0.766026), "stored_uv": (0.307204, 0.255342), "map_index_px": (0.0745, 0.4157, 0.0078, 0.0078), "cid": 618, "expect_cell": 618, "ref_tile_px": [(1, 0), (89.09956, 265.5129)], "cid_ref": 618, "shader_tile_px": [(1, 0), (89.09961, 265.5129)], "cid_shader": 618, "normal_px": (0.502, 0.4941, 0.0, 1.0), "height_px": (0.4627, 0.1922, 0.0, 0.0) }], "chunk_material_probe": { "tiled_active": true, "base_shader_tiled": true, "map_index_param": true, "grid_size_param": "(4.0, 3.0)", "interior_param": "(416.0, 344.0)", "domain_origin_param": "(0.0, -44.0)", "world_size_param": "(2393.36, 1419.0)", "wrap_param": 2286.30706599092, "chunk_count": 6, "chunk_material_shared": 6, "chunk_material_other": 0, "map_index_layers": 12 } }
[hex-renderer] set_weather_fronts(n=0) layer=WeatherLayer
[vision] fog=ON player_slot=0 early_out=OFF visible=39 explored=39/2400 solve_ms=0.140 border_edges=36
[DIAG pass_a_entry] day=0 phase=0.001 gdext_pass_a=true use_data_core_climate=true use_soa_pipeline=true use_sparse_climate=true ext_bound=true
[DIAG pass_a_cpp] day=0 rc=0.0000 cpp_taken_over=true dirty_count_after_cpp=2400
[climate_b/F.3] precondition probe (one-time):
  active ClimateProfile = <in-memory ClimateProfile>
  cp.use_gdext_climate_pass_b = true (flag removed; constant true)
  cp.use_sparse_climate = true（C++ 会跑 full path 等价结果，不阻止）
  _data_core_world_ext != null = true
  ext.has_method('run_climate_pass_b') = true
  fast_indexed = true (need n_cells*6=14400, got nb_size=14400)
  rs_lookback = 3, t_freeze = 0.0800, coupling_gain = 1.5000
  verdict = OK → will try C++
[gdext sig] run_climate_pass_b match[0]: args.size()=1 names=[knobs] flags=1 id=15227
[gdext sig] run_climate_pass_b: probe PASS (found match with 1 args)
[climate_b/F.3] sig probe result = true（仅作诊断）
[climate_b/F.3] DEBUG call#1: path=simd rc=0.1238 n_cells=2400 rs_lookback=3
[climate_b/F.3] gdext path ACTIVE (dispatch=simd) — first run elapsed=0.12ms (legacy GDScript baseline ≈ 5.2ms; charter §7 target < 0.5ms)
[ocean_water/F.2a] precondition probe (one-time):
  active ClimateProfile = <in-memory>
  cp.use_gdext_ocean_water = true (flag removed; constant true)
  _data_core_world_ext != null = true
  ext.has_method('run_ocean_water_pass') = true
  fast_indexed = true (n=2400 nb=14400)
  advect_steps=3 heat_mix=0.5500
  verdict = OK → will try C++
[gdext sig] run_ocean_water_pass match[0]: args.size()=1 names=[knobs] flags=1 id=15218
[gdext sig] run_ocean_water_pass: probe PASS (found match with 1 args)
[ocean_water/F.2a] sig probe result = true（仅作诊断）
[ocean_water/F.2a] DEBUG call#1: path=scalar rc=0.2619 n=2400 advect=3
[ocean_water/F.2a] gdext path ACTIVE — first run elapsed=0.26ms (legacy GDScript baseline ≈ 3.4ms; charter §7 target < 0.5ms)
[ocean_land/F.2b] precondition probe (one-time):
  active ClimateProfile = <in-memory>
  cp.use_gdext_ocean_land = true (flag removed; constant true)
  _data_core_world_ext != null = true
  ext.has_method('run_ocean_land_pass') = true
  fast_indexed = true (n=2400 nb=14400)
  effective_leak=0.5500 (coast_leak=0.5500 winter_boost=1.0000)
  verdict = OK → will try C++
[gdext sig] run_ocean_land_pass match[0]: args.size()=1 names=[knobs] flags=1 id=15219
[gdext sig] run_ocean_land_pass: probe PASS (found match with 1 args)
[ocean_land/F.2b] sig probe result = true（仅作诊断）
[ocean_land/F.2b] DEBUG call#1: path=scalar rc=0.0443 n=2400 effective_leak=0.5500
[ocean_land/F.2b] gdext path ACTIVE — first run elapsed=0.04ms (legacy GDScript baseline ≈ 3.4ms; charter §7 target < 0.5ms)
[sea_ice/F.4] precondition probe (one-time):
  active ClimateProfile = <in-memory ClimateProfile>
  cp.use_gdext_sea_ice = true (flag removed; constant true)
  _data_core_world_ext != null = true
  ext.has_method('run_sea_ice_daily_pass') = true
  fast_indexed = true (need n_cells*6=14400, got neighbor_indices.size()=14400)
  verdict = OK → will try C++
[gdext sig] run_sea_ice_daily_pass match[0]: args.size()=2 names=[knobs, season_phase] flags=1 id=15230
[gdext sig] run_sea_ice_daily_pass: probe PASS (found match with 2 args)
[sea_ice/F.4] sig probe result = true（仅作诊断，不阻止下方 C++ 调用）
[sea_ice/F.4] DEBUG call#1: path=scalar rc=0.0629 n_cells=2400 enable_oht=true
[sea_ice/F.4] gdext path ACTIVE (dispatch=scalar) — first run elapsed=0.06ms (legacy GDScript baseline ≈ 5.1ms; charter §7 target < 0.5ms)
_apply_sea_ice_daily_pass[F.4]: 0.06ms (water=1605, flipped=0, phase=0.001)
[sea_ice/DIAG] thr_eff t_form=0.080 t_melt=0.130 flip_thr=0.720 | temp all min=0.000 max=0.972 avg=0.507 | water n=1605 t_min_w=0.000 below_form=328 (20.4%) | SIF pos=313 max=0.399 avg_w=0.0493 near_thr=120 | climate_anom=0.000
[sea_ice/slow-dump] tick=0 path=gdext total_wall=11.11ms (pack=0.02 refresh=0.00 native=0.06 native_wall=0.10 sync=0.09 flip=0.02) water=1605 flipped=0
[transp/F.5] precondition probe (one-time):
  active ClimateProfile = <in-memory ClimateProfile>
  cp.use_gdext_transpiration = true (flag removed; constant true)
  _data_core_world_ext != null = true
  ext.has_method('run_transpiration_pass') = true
  fast_indexed = true (need n_cells*6=14400, got neighbor_indices.size()=14400)
  verdict = OK → will try C++
[gdext sig] run_transpiration_pass match[0]: args.size()=1 names=[knobs] flags=1 id=15232
[gdext sig] run_transpiration_pass: probe PASS (found match with 1 args)
[transp/F.5] sig probe result = true（仅作诊断，不阻止下方 C++ 调用）
[transp/F.5] DEBUG call#1: rc=0.0337 donor_table.size()=28 n_cells=2400 outflow=0.0250 self=0.0150
[transp/F.5] gdext path ACTIVE — first run elapsed=0.03ms (legacy GDScript baseline ≈ 3.2ms; charter §7 target < 0.3ms)
refresh_climate_daily #1: 141ms (cells=2400, phase=0.001) | A=3.1 B=10.0 ocean=20.3 wind=87.6 sea_ice=11.6 ice_bake=0.0 transp=8.8 path=data_core_cells_only
[weather-layer][lut] #1 update_usec=14696758 last_usec=14696758 lerp=0.000 prev_tex=true curr_tex=true dims=(2048, 2) visible=true
[weather-layer][lut] #2 update_usec=14696758 last_usec=14696758 lerp=0.863 prev_tex=true curr_tex=true dims=(2048, 2) visible=true
[weather-layer][lut] #3 update_usec=14696758 last_usec=14696758 lerp=0.874 prev_tex=true curr_tex=true dims=(2048, 2) visible=true
[hex-renderer] set_weather_fronts(n=0) layer=WeatherLayer
[visual-tiles/horizon] published {"command_record_ms":0.062,"compile_ms":203.81,"conservative_tail_ratio":0.0,"conservative_tail_rays":0,"gi_occluder_ok":true,"global_fallback_rays":0,"gpu_wait_ms":166.215,"hash":1114197587,"height_pyramid_bytes":9159292,"height_world_scale":352.0,"max_horizon_angle":1.309,"mip_levels":12,"non_converged_rays":0,"occluder_hash":3089229020,"occluder_output_bytes":7015680,"occluder_sentinel_ratio":0.000209245575624886,"occluder_sentinel_texels":367,"ok":true,"path":"gpu_compute_hierarchical","physical_output_bytes":7015680,"readback_ms":5.604,"resource_setup_ms":107.131,"sea_level":0.5,"submit_ms":4.104,"total_ms":548.344,"total_rays":14031360,"upload_ms":3.129}
[weather-layer][lut] #4 update_usec=14696758 last_usec=14696758 lerp=1.000 prev_tex=true curr_tex=true dims=(2048, 2) visible=true
[weather-layer][lut] #5 update_usec=14696758 last_usec=14696758 lerp=1.000 prev_tex=true curr_tex=true dims=(2048, 2) visible=true
[weather-layer][lut] #6 update_usec=14696758 last_usec=14696758 lerp=1.000 prev_tex=true curr_tex=true dims=(2048, 2) visible=true
[weather-layer][lut] #7 update_usec=14696758 last_usec=14696758 lerp=1.000 prev_tex=true curr_tex=true dims=(2048, 2) visible=true
[weather-layer][lut] #8 update_usec=14696758 last_usec=14696758 lerp=1.000 prev_tex=true curr_tex=true dims=(2048, 2) visible=true
[weather-layer][lut] #9 update_usec=14696758 last_usec=14696758 lerp=1.000 prev_tex=true curr_tex=true dims=(2048, 2) visible=true
[weather-layer][lut] #10 update_usec=14696758 last_usec=14696758 lerp=1.000 prev_tex=true curr_tex=true dims=(2048, 2) visible=true
[weather-layer][lut] #11 update_usec=14696758 last_usec=14696758 lerp=1.000 prev_tex=true curr_tex=true dims=(2048, 2) visible=true
[weather-layer][lut] #12 update_usec=14696758 last_usec=14696758 lerp=1.000 prev_tex=true curr_tex=true dims=(2048, 2) visible=true
[season_refresh] b_plus_start path=gdext handle=1 season=0 n_cells=2400
[season_refresh][B+DIAG] before_native_slice handle=1 slice=1 budget_us=750
[season_refresh][B+DIAG] after_native_slice handle=1 slice=1 keys=["done", "stage", "stages_done_this_slice", "elapsed_ms", "fallback", "reason"]
