Godot Engine v4.6.2.stable.official.71f334935 - https://godotengine.org

[native_generation/base] path=gdext algorithm=post_base_priority_flood_hydrology_v3 n=6400 native_ms=22.167 water=4620 land=1780
[native_generation/post_base] path=gdext algorithm=post_base_priority_flood_hydrology_v3 n=6400 native_ms=3.824 lakes=0 rivers=180 volcanoes=0
[native_generation/vegetation] native_ms=1.420 candidates=1764 none=3685 score=[0.000,1.302,1.145] plant_water_land=1771 river_adjacent_desert=0 coastal_highland_desert=0 terrain_weight=[0.180,1.200]
[native_generation/qa] single_water=0 tiny<=3=0 small<=5=0 bodies=1 largest=4620 | land_below_sea=0.0% | terr_distinct=22 entropy=2.719bit | river_ratio=2.813%
MapGenerator v7: per-cell 182ms (6400 cells, path=gdext)
MapBaker v6: hm=(1024, 888) seed=20260718
    [fused] terrain=116.6ms erosion=2.8ms(ok=true) river=14.4ms(ok=true) latitude=0.1ms coast_sdf=5.5ms(ok=true)
  geometry fields (fused C++): 261ms
  physical circulation hex solve: deferred until DCWorldExt bind (ext=true idx=true soa=false)
  wind/ocean pixel buffers: skipped (ocean_current_visual off)
  visual tiles: {"degradation_reason":"","effective_budget_px":3435520,"effective_texels_per_hex":14.1119246644818,"effective_world_units_per_texel":"(1.561685, 1.55625)","estimated_peak_bytes":136311552,"estimated_resident_bytes":80388864,"fallback_reason":"","generation_id":1,"grid_size":"(4, 4)","gutter_px":2,"hex_size":22.0,"horizon_path":"neutral_pending","interior_size":"(488, 440)","layer_size":"(492, 444)","layers":[{"bake_ms":57.7236,"coast_sdf_max_dist_px":15.8206597598461,"distance_scale":1.97758246998076,"edge_distance_saturate_hex":0.9,"edge_distance_units":"normalized_hex_center_gap","hashes":{"edge_distance":-5114831351172096753,"edge_neighbor":4700125871349404957,"height":347034845623372547,"map_index":-4117282937735649809,"terrain_detail":5310807014573151429,"terrain_normal":448861970220611800,"water_depth":6457490618668329077},"layer":0,"normal_radius_px":"(8, 8)","raster_scale":"(1.973193, 1.981982)","river_sdf_max_dist_px":6.92153864493268,"shore_carve_band_px":12,"upload_ms":0.078,"wall_ms":58.042},{"bake_ms":55.2041,"coast_sdf_max_dist_px":15.8206597598461,"distance_scale":1.97758246998076,"edge_distance_saturate_hex":0.9,"edge_distance_units":"normalized_hex_center_gap","hashes":{"edge_distance":6054939362542770922,"edge_neighbor":8404196167499691681,"height":5476582276428660317,"map_index":-582457747428632396,"terrain_detail":-7342350006032628424,"terrain_normal":7600640352550648979,"water_depth":-4776469600777922347},"layer":1,"normal_radius_px":"(8, 8)","raster_scale":"(1.973193, 1.981982)","river_sdf_max_dist_px":6.92153864493268,"shore_carve_band_px":12,"upload_ms":0.062,"wall_ms":55.37},{"bake_ms":78.5228,"coast_sdf_max_dist_px":15.8206597598461,"distance_scale":1.97758246998076,"edge_distance_saturate_hex":0.9,"edge_distance_units":"normalized_hex_center_gap","hashes":{"edge_distance":-4700261245201770622,"edge_neighbor":-1591107705407045938,"height":-1376175774453666236,"map_index":-6185216980694527695,"terrain_detail":6969923158647407054,"terrain_normal":4995528074429697463,"water_depth":-3645648125891516786},"layer":2,"normal_radius_px":"(8, 8)","raster_scale":"(1.973193, 1.981982)","river_sdf_max_dist_px":6.92153864493268,"shore_carve_band_px":12,"upload_ms":0.056,"wall_ms":78.663},{"bake_ms":66.5508,"coast_sdf_max_dist_px":15.8206597598461,"distance_scale":1.97758246998076,"edge_distance_saturate_hex":0.9,"edge_distance_units":"normalized_hex_center_gap","hashes":{"edge_distance":-5969875473732026723,"edge_neighbor":6634901132037061028,"height":-809504971290331629,"map_index":1858302868233301471,"terrain_detail":-8700771237289272801,"terrain_normal":1615561017721271570,"water_depth":2294936762744260385},"layer":3,"normal_radius_px":"(8, 8)","raster_scale":"(1.973193, 1.981982)","river_sdf_max_dist_px":6.92153864493268,"shore_carve_band_px":12,"upload_ms":0.056,"wall_ms":66.695},{"bake_ms":73.2655,"coast_sdf_max_dist_px":15.8206597598461,"distance_scale":1.97758246998076,"edge_distance_saturate_hex":0.9,"edge_distance_units":"normalized_hex_center_gap","hashes":{"edge_distance":-6512687134432811677,"edge_neighbor":5079720049353083206,"height":4930237353939942143,"map_index":-6127121877460286512,"terrain_detail":-3194106537720400745,"terrain_normal":5702554238842961215,"water_depth":8604247966400626352},"layer":4,"normal_radius_px":"(8, 8)","raster_scale":"(1.973193, 1.981982)","river_sdf_max_dist_px":6.92153864493268,"shore_carve_band_px":12,"upload_ms":0.055,"wall_ms":73.421},{"bake_ms":143.4324,"coast_sdf_max_dist_px":15.8206597598461,"distance_scale":1.97758246998076,"edge_distance_saturate_hex":0.9,"edge_distance_units":"normalized_hex_center_gap","hashes":{"edge_distance":567387654134770683,"edge_neighbor":7580157746442387143,"height":-1830890719726659626,"map_index":-8711584569096664006,"terrain_detail":2129807761314892922,"terrain_normal":3046024260048203048,"water_depth":4541641360820418844},"layer":5,"normal_radius_px":"(8, 8)","raster_scale":"(1.973193, 1.981982)","river_sdf_max_dist_px":6.92153864493268,"shore_carve_band_px":12,"upload_ms":0.063,"wall_ms":143.592},{"bake_ms":203.4839,"coast_sdf_max_dist_px":15.8206597598461,"distance_scale":1.97758246998076,"edge_distance_saturate_hex":0.9,"edge_distance_units":"normalized_hex_center_gap","hashes":{"edge_distance":-1459004036788415496,"edge_neighbor":644844938381810291,"height":-8028519700796488289,"map_index":5149412677322180985,"terrain_detail":-1791075595634215551,"terrain_normal":2290279710747526210,"water_depth":1734131111055255745},"layer":6,"normal_radius_px":"(8, 8)","raster_scale":"(1.973193, 1.981982)","river_sdf_max_dist_px":6.92153864493268,"shore_carve_band_px":12,"upload_ms":0.063,"wall_ms":203.671},{"bake_ms":107.6215,"coast_sdf_max_dist_px":15.8206597598461,"distance_scale":1.97758246998076,"edge_distance_saturate_hex":0.9,"edge_distance_units":"normalized_hex_center_gap","hashes":{"edge_distance":-5731779353649874767,"edge_neighbor":3117274033715210410,"height":9146077454893570128,"map_index":-391616312447928628,"terrain_detail":-7581906857221479449,"terrain_normal":5004109912620684728,"water_depth":4163522236696178162},"layer":7,"normal_radius_px":"(8, 8)","raster_scale":"(1.973193, 1.981982)","river_sdf_max_dist_px":6.92153864493268,"shore_carve_band_px":12,"upload_ms":0.065,"wall_ms":107.798},{"bake_ms":96.4763,"coast_sdf_max_dist_px":15.8206597598461,"distance_scale":1.97758246998076,"edge_distance_saturate_hex":0.9,"edge_distance_units":"normalized_hex_center_gap","hashes":{"edge_distance":-3019455240607927705,"edge_neighbor":2895206598041202138,"height":6570435125901494729,"map_index":7916006114532536904,"terrain_detail":-5210218812771148997,"terrain_normal":964701517748342059,"water_depth":-602728717154816048},"layer":8,"normal_radius_px":"(8, 8)","raster_scale":"(1.973193, 1.981982)","river_sdf_max_dist_px":6.92153864493268,"shore_carve_band_px":12,"upload_ms":0.061,"wall_ms":96.624},{"bake_ms":140.0837,"coast_sdf_max_dist_px":15.8206597598461,"distance_scale":1.97758246998076,"edge_distance_saturate_hex":0.9,"edge_distance_units":"normalized_hex_center_gap","hashes":{"edge_distance":3825721261107536614,"edge_neighbor":-4707614862331765324,"height":4849148595422512226,"map_index":4827590236430878314,"terrain_detail":4464846472556149860,"terrain_normal":6870506176232534222,"water_depth":-7934730979379317895},"layer":9,"normal_radius_px":"(8, 8)","raster_scale":"(1.973193, 1.981982)","river_sdf_max_dist_px":6.92153864493268,"shore_carve_band_px":12,"upload_ms":0.064,"wall_ms":140.259},{"bake_ms":144.7373,"coast_sdf_max_dist_px":15.8206597598461,"distance_scale":1.97758246998076,"edge_distance_saturate_hex":0.9,"edge_distance_units":"normalized_hex_center_gap","hashes":{"edge_distance":3346199163948865228,"edge_neighbor":-7879721953657147505,"height":-3313818768889552385,"map_index":-3733779290353107605,"terrain_detail":8213774112308344516,"terrain_normal":5797886013193815016,"water_depth":2916759298630987991},"layer":10,"normal_radius_px":"(8, 8)","raster_scale":"(1.973193, 1.981982)","river_sdf_max_dist_px":6.92153864493268,"shore_carve_band_px":12,"upload_ms":0.064,"wall_ms":144.92},{"bake_ms":64.9486,"coast_sdf_max_dist_px":15.8206597598461,"distance_scale":1.97758246998076,"edge_distance_saturate_hex":0.9,"edge_distance_units":"normalized_hex_center_gap","hashes":{"edge_distance":3521450097279585659,"edge_neighbor":2188073549973976857,"height":9142956400621307844,"map_index":-5020661255614124369,"terrain_detail":-4620202845447949981,"terrain_normal":-9018105360572277658,"water_depth":6210906824928489484},"layer":11,"normal_radius_px":"(8, 8)","raster_scale":"(1.973193, 1.981982)","river_sdf_max_dist_px":6.92153864493268,"shore_carve_band_px":12,"upload_ms":0.074,"wall_ms":65.142},{"bake_ms":57.7499,"coast_sdf_max_dist_px":15.8206597598461,"distance_scale":1.97758246998076,"edge_distance_saturate_hex":0.9,"edge_distance_units":"normalized_hex_center_gap","hashes":{"edge_distance":-3626629866306469587,"edge_neighbor":62255193502774404,"height":-9003523520946639432,"map_index":-8482312544375240408,"terrain_detail":503676240765437742,"terrain_normal":6259099572441096363,"water_depth":-1413296843400134968},"layer":12,"normal_radius_px":"(8, 8)","raster_scale":"(1.973193, 1.981982)","river_sdf_max_dist_px":6.92153864493268,"shore_carve_band_px":12,"upload_ms":0.068,"wall_ms":57.954},{"bake_ms":132.6246,"coast_sdf_max_dist_px":15.8206597598461,"distance_scale":1.97758246998076,"edge_distance_saturate_hex":0.9,"edge_distance_units":"normalized_hex_center_gap","hashes":{"edge_distance":394719755051162095,"edge_neighbor":5805859776873701785,"height":3931517827526787260,"map_index":6861377836799607362,"terrain_detail":-6200763553550756468,"terrain_normal":-1862733049557053891,"water_depth":-8353691030811711114},"layer":13,"normal_radius_px":"(8, 8)","raster_scale":"(1.973193, 1.981982)","river_sdf_max_dist_px":6.92153864493268,"shore_carve_band_px":12,"upload_ms":0.072,"wall_ms":132.831},{"bake_ms":128.7727,"coast_sdf_max_dist_px":15.8206597598461,"distance_scale":1.97758246998076,"edge_distance_saturate_hex":0.9,"edge_distance_units":"normalized_hex_center_gap","hashes":{"edge_distance":6920560580985025354,"edge_neighbor":5793250295356222583,"height":6928515748914467580,"map_index":9196606180028629834,"terrain_detail":-3581312674521990341,"terrain_normal":872026566581324083,"water_depth":-6266200860385172673},"layer":14,"normal_radius_px":"(8, 8)","raster_scale":"(1.973193, 1.981982)","river_sdf_max_dist_px":6.92153864493268,"shore_carve_band_px":12,"upload_ms":0.072,"wall_ms":128.964},{"bake_ms":75.6524,"coast_sdf_max_dist_px":15.8206597598461,"distance_scale":1.97758246998076,"edge_distance_saturate_hex":0.9,"edge_distance_units":"normalized_hex_center_gap","hashes":{"edge_distance":6735628613612366104,"edge_neighbor":-4963683757421043917,"height":-8281741882859971546,"map_index":2808482231407895507,"terrain_detail":6299239301622246177,"terrain_normal":8996304504863928552,"water_depth":1414438267770703302},"layer":15,"normal_radius_px":"(8, 8)","raster_scale":"(1.973193, 1.981982)","river_sdf_max_dist_px":6.92153864493268,"shore_carve_band_px":12,"upload_ms":0.079,"wall_ms":75.854}],"logical_size":"(1952, 1760)","mode":"tiled","path":"visual_tiled_static","profile":"desktop_auto","renderer":"mobile","requested_budget_px":3381420,"requested_texels_per_hex":14.0,"requested_tile_world_span":"(804.5714, 804.5714)","requested_world_units_per_texel":1.57142857142857,"tile_world_area":521849.588241577,"tile_world_span":"(762.1024, 684.75)","total_ms":1630.429,"visual_domain":"[P: (0.0, -44.0), S: (3048.409, 2739.0)]","wrap_period_x":3048.40942132122,"wrap_x":true}
WARNING: Loaded resource as image file, this will not work on export: 'res://assets/textures/terrain_materials/organic.png'. Instead, import the image file as an Image resource and load it normally as a resource.
   at: load (core/io/image.cpp:2756)
   GDScript backtrace (most recent call first):
       [0] _build_terrain_material_tex (res://scripts/rendering/map_baker.gd:359)
       [1] get_or_build_shared_terrain_material_tex (res://scripts/rendering/map_baker.gd:342)
       [2] bake_world (res://scripts/rendering/map_baker.gd:1175)
       [3] generate (res://scripts/geography/map_generator.gd:1361)
       [4] generate_world (res://scripts/game/world_runtime_host.gd:272)
       [5] _run (res://tests/headless_perf_record.gd:179)
       [6] _init (res://tests/headless_perf_record.gd:25)
WARNING: Loaded resource as image file, this will not work on export: 'res://assets/textures/terrain_materials/dry_sand.png'. Instead, import the image file as an Image resource and load it normally as a resource.
   at: load (core/io/image.cpp:2756)
   GDScript backtrace (most recent call first):
       [0] _build_terrain_material_tex (res://scripts/rendering/map_baker.gd:359)
       [1] get_or_build_shared_terrain_material_tex (res://scripts/rendering/map_baker.gd:342)
       [2] bake_world (res://scripts/rendering/map_baker.gd:1175)
       [3] generate (res://scripts/geography/map_generator.gd:1361)
       [4] generate_world (res://scripts/game/world_runtime_host.gd:272)
       [5] _run (res://tests/headless_perf_record.gd:179)
       [6] _init (res://tests/headless_perf_record.gd:25)
WARNING: Loaded resource as image file, this will not work on export: 'res://assets/textures/terrain_materials/rock.png'. Instead, import the image file as an Image resource and load it normally as a resource.
   at: load (core/io/image.cpp:2756)
   GDScript backtrace (most recent call first):
       [0] _build_terrain_material_tex (res://scripts/rendering/map_baker.gd:359)
       [1] get_or_build_shared_terrain_material_tex (res://scripts/rendering/map_baker.gd:342)
       [2] bake_world (res://scripts/rendering/map_baker.gd:1175)
       [3] generate (res://scripts/geography/map_generator.gd:1361)
       [4] generate_world (res://scripts/game/world_runtime_host.gd:272)
       [5] _run (res://tests/headless_perf_record.gd:179)
       [6] _init (res://tests/headless_perf_record.gd:25)
WARNING: Loaded resource as image file, this will not work on export: 'res://assets/textures/terrain_materials/snow_wet.png'. Instead, import the image file as an Image resource and load it normally as a resource.
   at: load (core/io/image.cpp:2756)
   GDScript backtrace (most recent call first):
       [0] _build_terrain_material_tex (res://scripts/rendering/map_baker.gd:359)
       [1] get_or_build_shared_terrain_material_tex (res://scripts/rendering/map_baker.gd:342)
       [2] bake_world (res://scripts/rendering/map_baker.gd:1175)
       [3] generate (res://scripts/geography/map_generator.gd:1361)
       [4] generate_world (res://scripts/game/world_runtime_host.gd:272)
       [5] _run (res://tests/headless_perf_record.gd:179)
       [6] _init (res://tests/headless_perf_record.gd:25)
  cell LUT encode: deferred until DCWorldExt bind
  encode: 5599ms
MapBaker v6: total 5860ms
MapGenerator v7: bake 5950ms
MapGenerator: skip _compute_ocean_currents (physical-hex path writes per-cell directly)
MapGenerator: skip _compute_terrain_perturbed_wind (physical-hex solver writes per-cell)
[SUS] sim budget strict=false frame=8.00ms warn=2.00ms slice=0.75ms upload=1.50ms scheduler=DCSystemScheduler native_sus=auto
[DCWorldExt] bind_map_data: 148 components bound (auto-registered=148; snapshot model; see world_ext.cpp comment & charter Â§11)
[DataCore] _data_core_world_ext bound=true (climate co-processor; class=DCWorldExt)
[native_world] configure rc=0 reason=configured cells=6400 wrap_period_x=138.564
[native_generation] path=gdext n=6400 published=9 native_ms=0.298 compute_ms=0.224 flush_ms=0.074
[hex_cell] facade ENABLED (6400 cells bound; ext=true)
[DataCore] _baker climate_profile injected=true (fixes WorldData.config==null sea_ice prepare path)
[phys_solve][oneshot] OK slp=1.37ms wind=1.01ms psi=1.19ms(ran=true) upwelling=0.14ms total=5.20ms
PhysicalCirculation solve@phase=1.50 total=6ms (C++ one-shot run_physical_solve_pass)
  wind/ocean pixel buffers: skipped (ocean_current_visual off)
[physical_init] deferred native refresh complete: 6ms
[cell_lut] deferred encode: 6ms path=gdext
[bio-occupancy] seed landmasses=18 provinces=18 species=19 secondary_hearths=0
[bio-occupancy]   bio.maize envelope=159 hearth=87 seeded_landmasses=1 primary_landmass=3 primary_envelope=124 occupied=87 occupied/envelope=0.70
[bio-occupancy]   bio.wheat envelope=362 hearth=84 seeded_landmasses=1 primary_landmass=3 primary_envelope=239 occupied=84 occupied/envelope=0.35
[bio-occupancy]   bio.rice envelope=194 hearth=87 seeded_landmasses=1 primary_landmass=3 primary_envelope=87 occupied=87 occupied/envelope=1.00
[bio-occupancy]   bio.potato envelope=300 hearth=227 seeded_landmasses=1 primary_landmass=3 primary_envelope=228 occupied=227 occupied/envelope=1.00
[bio-occupancy]   bio.horse envelope=409 hearth=252 seeded_landmasses=1 primary_landmass=3 primary_envelope=274 occupied=252 occupied/envelope=0.92
[bio-occupancy]   bio.cotton envelope=369 hearth=263 seeded_landmasses=1 primary_landmass=3 primary_envelope=263 occupied=263 occupied/envelope=1.00
[bio-occupancy]   bio.flax envelope=341 hearth=231 seeded_landmasses=1 primary_landmass=3 primary_envelope=231 occupied=231 occupied/envelope=1.00
[bio-occupancy]   bio.spice envelope=293 hearth=198 seeded_landmasses=1 primary_landmass=3 primary_envelope=198 occupied=198 occupied/envelope=1.00
[bio-occupancy]   bio.rubber envelope=237 hearth=172 seeded_landmasses=1 primary_landmass=3 primary_envelope=172 occupied=172 occupied/envelope=1.00
[bio-occupancy]   bio.sheep envelope=114 hearth=6 seeded_landmasses=1 primary_landmass=3 primary_envelope=90 occupied=6 occupied/envelope=0.07
[bio-occupancy]   bio.goat envelope=772 hearth=174 seeded_landmasses=1 primary_landmass=3 primary_envelope=558 occupied=174 occupied/envelope=0.31
[bio-occupancy]   bio.cattle envelope=15 hearth=12 seeded_landmasses=1 primary_landmass=3 primary_envelope=12 occupied=12 occupied/envelope=1.00
[bio-occupancy]   bio.pig envelope=597 hearth=225 seeded_landmasses=1 primary_landmass=3 primary_envelope=366 occupied=225 occupied/envelope=0.61
[bio-occupancy]   bio.camel envelope=65 hearth=40 seeded_landmasses=1 primary_landmass=3 primary_envelope=40 occupied=40 occupied/envelope=1.00
[bio-occupancy]   bio.yak envelope=235 hearth=235 seeded_landmasses=1 primary_landmass=3 primary_envelope=235 occupied=235 occupied/envelope=1.00
[bio-occupancy]   bio.silkworm envelope=382 hearth=279 seeded_landmasses=1 primary_landmass=3 primary_envelope=279 occupied=279 occupied/envelope=1.00
[bio-occupancy]   bio.reed envelope=342 hearth=201 seeded_landmasses=1 primary_landmass=3 primary_envelope=201 occupied=201 occupied/envelope=1.00
[bio-occupancy]   bio.bast_fiber envelope=406 hearth=236 seeded_landmasses=1 primary_landmass=3 primary_envelope=236 occupied=236 occupied/envelope=1.00
[bio-occupancy]   bio.dye_plant envelope=387 hearth=274 seeded_landmasses=1 primary_landmass=3 primary_envelope=274 occupied=274 occupied/envelope=1.00
[bio-occupancy]   landmass 1 classes=none foods=none
[bio-occupancy]   landmass 2 classes=none foods=none
[bio-occupancy]   landmass 3 classes=fiber_wet, dry_grazer, highland_food, open_grazer, fiber_open, fiber_forest, wetland_food, forest_grazer, cold_grazer, open_food, tropical foods=potato, rice, wheat, maize
[bio-occupancy]   landmass 4 classes=none foods=none
[bio-occupancy]   landmass 5 classes=none foods=none
[bio-occupancy]   landmass 6 classes=none foods=none
[bio-occupancy]   landmass 7 classes=none foods=none
[bio-occupancy]   landmass 8 classes=none foods=none
[bio-occupancy]   landmass 9 classes=none foods=none
[bio-occupancy]   landmass 10 classes=none foods=none
[bio-occupancy]   landmass 11 classes=none foods=none
[bio-occupancy]   landmass 12 classes=none foods=none
[bio-occupancy]   landmass 13 classes=none foods=none
[bio-occupancy]   landmass 14 classes=none foods=none
[bio-occupancy]   landmass 15 classes=none foods=none
[bio-occupancy]   landmass 16 classes=none foods=none
[bio-occupancy]   landmass 17 classes=none foods=none
[bio-occupancy]   landmass 18 classes=none foods=none
[weather] gdext acceleration ON (class=DCWorldExt)
[weather] gdext field commit ON
[weather] gdext distribute ON
[weather] gdext summary ON
[weather] hexcell facade ON (skip AoS double-write in hot loop)
[weather] gdext resident knobs ON (class=KnobsHandle)
[economy] ACTIVE native graph cells=6400 goods=130 cohorts=16 epoch_days=5 trade=ACTIVE topology_ready=true topology_generation=1 bootstrap=starter_settlement_bootstrap_v9 founder_families=4 founder_people=4
[country] ACTIVE native authority countries=4 cells=6400 generation=1
[weather/knobs] resident KnobsHandle path ACTIVE — first to_*_knobs_dict hit (field_rebuild_count=1 expected ≤1; stable Hz target ≤1 Hz)
[native_daily] ACTIVE: registered native_daily_sim + natural_resource_daily + bio_occupancy_daily; retained season_refresh + ocean_currents boundary jobs
[DCSystemScheduler] topology: ["season_refresh", "trigger_runtime", "ideology_runtime", "effect_runtime", "modifier_daily", "gameplay_effect", "natural_resource_daily", "bio_occupancy_daily", "enum_atlas_upload", "ocean_currents", "native_daily_sim", "dynamic_visual_atlas_upload", "country_daily", "economy_daily"]
[perf-record] start (start_tick=0)
[season_refresh] b_plus_start path=gdext handle=1 season=0 n_cells=6400
[DCSystemScheduler][RT] ocean_skip#1 tick=1 reason=policy_gated slices=0 elapsed=0.000 progress=0.000 source=day_changed
[detail_scatter] tick-sync queued=546 (vegetation=319)
[dc/terrain_mirror_sync] reason=sus_tick_pre terrain_mis=383 isw_mis=0 terrain_written=true isw_written=false
[DCSystemScheduler][RT] ocean_skip#2 tick=2 reason=policy_gated slices=0 elapsed=0.000 progress=0.000 source=day_changed
[DCSystemScheduler][RT] ocean_skip#3 tick=3 reason=policy_gated slices=0 elapsed=0.000 progress=0.000 source=day_changed
[phys_solve][RT] start#1 phase=0.0438 pending=nan solve_ocean=true ext=true idx=true soa=true
[slp_field] path-decision call#1: prof=true pflag_attr=true pflag_val=true ext=true method=true idx=true -> cpp_gate=true
[slp_field] commit-diag call#1: rc=0.115 slp_out=6400 n_cells=6400 map_slp=6400 published=false
[slp_field][RT-DIAG] call#1 phase=0.0438 rc=0.115 slp_out=6400 n=6400 published=false -> commit_ok
[natural_resource/slow-dump] tick=5 day=5 wall=1.80 cpp=1.454 compute=0.881 loop=0.570 flush=0.097 wrapper=0.333 layout=cell_range_fused_seq_dt dispatches=0 resources=11/31 skipped_static=20 published=true total_delta=-53297058.88870
[DCSystemScheduler][RT] ocean_skip#4 tick=5 reason=policy_gated slices=0 elapsed=0.000 progress=0.000 source=day_changed
[DCSystemScheduler][RT] ocean_skip#5 tick=7 reason=policy_gated slices=0 elapsed=0.000 progress=0.000 source=day_changed
[slp_field] path-decision call#2: prof=true pflag_attr=true pflag_val=true ext=true method=true idx=true -> cpp_gate=true
[slp_field] commit-diag call#2: rc=0.100 slp_out=6400 n_cells=6400 map_slp=6400 published=false
[slp_field][RT-DIAG] call#2 phase=0.0438 rc=0.100 slp_out=6400 n=6400 published=false -> commit_ok
[DCSystemScheduler][RT] ocean_skip#6 tick=9 reason=policy_gated slices=0 elapsed=0.000 progress=0.000 source=day_changed
[DCSystemScheduler][RT] ocean_skip#7 tick=10 reason=policy_gated slices=0 elapsed=0.000 progress=0.000 source=day_changed
[DCSystemScheduler][RT] ocean_skip#8 tick=11 reason=policy_gated slices=0 elapsed=0.000 progress=0.000 source=day_changed
[slp_field] path-decision call#3: prof=true pflag_attr=true pflag_val=true ext=true method=true idx=true -> cpp_gate=true
[slp_field] commit-diag call#3: rc=0.106 slp_out=6400 n_cells=6400 map_slp=6400 published=false
[slp_field][RT-DIAG] call#3 phase=0.0438 rc=0.106 slp_out=6400 n=6400 published=false -> commit_ok
[DCSystemScheduler][RT] ocean_skip#9 tick=13 reason=policy_gated slices=0 elapsed=0.000 progress=0.000 source=day_changed
[dc/terrain_mirror_sync] reason=sus_tick_pre terrain_mis=320 isw_mis=0 terrain_written=true isw_written=false
[DCSystemScheduler][RT] ocean_skip#10 tick=14 reason=policy_gated slices=0 elapsed=0.000 progress=0.000 source=day_changed
[DCSystemScheduler][RT] ocean_skip#11 tick=15 reason=policy_gated slices=0 elapsed=0.000 progress=0.000 source=day_changed
[detail_scatter] tick-sync queued=94 (vegetation=0)
[slp_field][RT-DIAG] call#4 phase=0.0438 rc=0.093 slp_out=6400 n=6400 published=false -> commit_ok
[DCSystemScheduler][RT] ocean_skip#12 tick=17 reason=policy_gated slices=0 elapsed=0.000 progress=0.000 source=day_changed
[DCSystemScheduler][RT] ocean_skip#13 tick=19 reason=policy_gated slices=0 elapsed=0.000 progress=0.000 source=day_changed
[slp_field][RT-DIAG] call#5 phase=0.0438 rc=0.091 slp_out=6400 n=6400 published=false -> commit_ok
[DCSystemScheduler][RT] ocean_skip#14 tick=21 reason=policy_gated slices=0 elapsed=0.000 progress=0.000 source=day_changed
[DCSystemScheduler][RT] ocean_skip#15 tick=22 reason=policy_gated slices=0 elapsed=0.000 progress=0.000 source=day_changed
[DCSystemScheduler][RT] ocean_skip#16 tick=23 reason=policy_gated slices=0 elapsed=0.000 progress=0.000 source=day_changed
[dc/terrain_mirror_sync] reason=sus_tick_pre terrain_mis=290 isw_mis=0 terrain_written=true isw_written=false
[DCSystemScheduler][RT] ocean_skip#17 tick=25 reason=policy_gated slices=0 elapsed=0.000 progress=0.000 source=day_changed
[DCSystemScheduler][RT] ocean_skip#18 tick=26 reason=policy_gated slices=0 elapsed=0.000 progress=0.000 source=day_changed
[DCSystemScheduler][RT] ocean_skip#19 tick=27 reason=policy_gated slices=0 elapsed=0.000 progress=0.000 source=day_changed
[DCSystemScheduler][RT] ocean_skip#20 tick=29 reason=policy_gated slices=0 elapsed=0.000 progress=0.000 source=day_changed
[DCSystemScheduler][RT] ocean_skip#21 tick=31 reason=policy_gated slices=0 elapsed=0.000 progress=0.000 source=day_changed
[slp_field] gdext path ACTIVE — first run elapsed=0.64ms (legacy GDScript baseline ~36ms; target < 3ms)
[DCSystemScheduler][RT] ocean_skip#22 tick=33 reason=policy_gated slices=0 elapsed=0.000 progress=0.000 source=day_changed
[dc/terrain_mirror_sync] reason=sus_tick_pre terrain_mis=89 isw_mis=0 terrain_written=true isw_written=false
[DCSystemScheduler][RT] ocean_skip#23 tick=34 reason=policy_gated slices=0 elapsed=0.000 progress=0.000 source=day_changed
[DCSystemScheduler][RT] ocean_skip#24 tick=35 reason=policy_gated slices=0 elapsed=0.000 progress=0.000 source=day_changed
[DCSystemScheduler][RT] ocean_skip#25 tick=37 reason=policy_gated slices=0 elapsed=0.000 progress=0.000 source=day_changed
[DCSystemScheduler][RT] ocean_skip#26 tick=38 reason=policy_gated slices=0 elapsed=0.000 progress=0.000 source=day_changed
[DCSystemScheduler][RT] ocean_skip#27 tick=39 reason=policy_gated slices=0 elapsed=0.000 progress=0.000 source=day_changed
[psi_solver] path-decision call#1: prof=true pflag_attr=true pflag_val=true ext=true method=true idx=true heat=true -> cpp_gate=true
[psi_solver] gdext path ACTIVE — first run elapsed=0.90ms (legacy GDScript stage3+4+5 baseline ~32+ms; target < 5ms)
[psi_solver] commit-diag call#1: rc=0.904 n_water=3921 n_cells=6400 published=true
[DCSystemScheduler][RT] ocean_skip#28 tick=41 reason=policy_gated slices=0 elapsed=0.000 progress=0.000 source=day_changed
[DCSystemScheduler][RT] ocean_skip#29 tick=43 reason=policy_gated slices=0 elapsed=0.000 progress=0.000 source=day_changed
[dc/terrain_mirror_sync] reason=sus_tick_pre terrain_mis=88 isw_mis=0 terrain_written=true isw_written=false
[upwelling/DIAG#1] gate: prof=true pflag_attr=true pflag_val=true ext=true method=true wind_cpp=true idx=true -> cpp_gate=true
[upwelling/DIAG#1] cpp-call: ret_type=27 fallback=false reason='' elapsed_native_ms=0.018
[upwelling/DIAG#1] BREAKDOWN: T1_nb_pack=0.00ms T2_knobs=0.01ms T3_refresh_slots=0.15ms T4_cpp_call=0.03ms (n=6400)
[DCSystemScheduler][RT] ocean_skip#30 tick=45 reason=policy_gated slices=0 elapsed=0.000 progress=0.000 source=day_changed
[DCSystemScheduler][RT] ocean_skip#31 tick=46 reason=policy_gated slices=0 elapsed=0.000 progress=0.000 source=day_changed
[DCSystemScheduler][RT] ocean_skip#32 tick=47 reason=policy_gated slices=0 elapsed=0.000 progress=0.000 source=day_changed
[DCSystemScheduler][RT] ocean_skip#33 tick=49 reason=policy_gated slices=0 elapsed=0.000 progress=0.000 source=day_changed
[DCSystemScheduler][RT] ocean_skip#34 tick=50 reason=frame_budget_exhausted slices=0 elapsed=0.000 progress=0.000 source=day_changed
[DCSystemScheduler][RT] ocean_skip#35 tick=51 reason=policy_gated slices=0 elapsed=0.000 progress=0.000 source=day_changed
[DCSystemScheduler][RT] ocean_skip#36 tick=53 reason=policy_gated slices=0 elapsed=0.000 progress=0.000 source=day_changed
[dc/terrain_mirror_sync] reason=sus_tick_pre terrain_mis=88 isw_mis=0 terrain_written=true isw_written=false
[DCSystemScheduler][RT] ocean_skip#37 tick=55 reason=policy_gated slices=0 elapsed=0.000 progress=0.000 source=day_changed
[DCSystemScheduler][RT] ocean_skip#38 tick=57 reason=policy_gated slices=0 elapsed=0.000 progress=0.000 source=day_changed
[DCSystemScheduler][RT] ocean_skip#39 tick=58 reason=policy_gated slices=0 elapsed=0.000 progress=0.000 source=day_changed
[DCSystemScheduler][RT] ocean_skip#40 tick=59 reason=policy_gated slices=0 elapsed=0.000 progress=0.000 source=day_changed
[DCSystemScheduler][RT] ocean_skip#41 tick=60 reason=frame_budget_exhausted slices=0 elapsed=0.000 progress=0.000 source=day_changed
[DCSystemScheduler][RT] ocean_skip#42 tick=61 reason=policy_gated slices=0 elapsed=0.000 progress=0.000 source=day_changed
[DCSystemScheduler][RT] ocean_skip#43 tick=62 reason=policy_gated slices=0 elapsed=0.000 progress=0.000 source=day_changed
[DCSystemScheduler][RT] ocean_skip#44 tick=63 reason=policy_gated slices=0 elapsed=0.000 progress=0.000 source=day_changed
[natural_resource/slow-dump] tick=65 day=65 wall=2.16 cpp=1.712 compute=1.089 loop=0.631 flush=0.110 wrapper=0.427 layout=cell_range_fused_seq_dt dispatches=0 resources=11/31 skipped_static=20 published=true total_delta=-64416304.81225
[DCSystemScheduler][RT] ocean_skip#45 tick=65 reason=policy_gated slices=0 elapsed=0.000 progress=0.000 source=day_changed
[dc/terrain_mirror_sync] reason=sus_tick_pre terrain_mis=23 isw_mis=0 terrain_written=true isw_written=false
[DCSystemScheduler][RT] ocean_skip#46 tick=67 reason=policy_gated slices=0 elapsed=0.000 progress=0.000 source=day_changed
[DCSystemScheduler][RT] ocean_skip#47 tick=69 reason=policy_gated slices=0 elapsed=0.000 progress=0.000 source=day_changed
[DCSystemScheduler][RT] ocean_skip#48 tick=70 reason=policy_gated slices=0 elapsed=0.000 progress=0.000 source=day_changed
[DCSystemScheduler][RT] ocean_skip#49 tick=71 reason=policy_gated slices=0 elapsed=0.000 progress=0.000 source=day_changed
[DCSystemScheduler][RT] ocean_skip#50 tick=73 reason=policy_gated slices=0 elapsed=0.000 progress=0.000 source=day_changed
[DCSystemScheduler][RT] ocean_skip#51 tick=74 reason=policy_gated slices=0 elapsed=0.000 progress=0.000 source=day_changed
[DCSystemScheduler][RT] ocean_skip#52 tick=75 reason=policy_gated slices=0 elapsed=0.000 progress=0.000 source=day_changed
[dc/terrain_mirror_sync] reason=sus_tick_pre terrain_mis=25 isw_mis=0 terrain_written=true isw_written=false
[DCSystemScheduler][RT] ocean_skip#53 tick=77 reason=policy_gated slices=0 elapsed=0.000 progress=0.000 source=day_changed
[DCSystemScheduler][RT] ocean_skip#54 tick=79 reason=policy_gated slices=0 elapsed=0.000 progress=0.000 source=day_changed
[phys_solve][RT] start#2 phase=0.8767 pending=nan solve_ocean=false ext=true idx=true soa=true
[DCSystemScheduler][RT] ocean_skip#55 tick=81 reason=policy_gated slices=0 elapsed=0.000 progress=0.000 source=day_changed
[DCSystemScheduler][RT] ocean_skip#56 tick=82 reason=policy_gated slices=0 elapsed=0.000 progress=0.000 source=day_changed
[DCSystemScheduler][RT] ocean_skip#57 tick=83 reason=policy_gated slices=0 elapsed=0.000 progress=0.000 source=day_changed
[DCSystemScheduler][RT] ocean_skip#58 tick=85 reason=policy_gated slices=0 elapsed=0.000 progress=0.000 source=day_changed
[dc/terrain_mirror_sync] reason=sus_tick_pre terrain_mis=15 isw_mis=0 terrain_written=true isw_written=false
[DCSystemScheduler][RT] ocean_skip#59 tick=86 reason=policy_gated slices=0 elapsed=0.000 progress=0.000 source=day_changed
[DCSystemScheduler][RT] ocean_skip#60 tick=87 reason=policy_gated slices=0 elapsed=0.000 progress=0.000 source=day_changed
[DCSystemScheduler][RT] ocean_skip#61 tick=89 reason=policy_gated slices=0 elapsed=0.000 progress=0.000 source=day_changed
[DCSystemScheduler][RT] ocean_skip#62 tick=91 reason=policy_gated slices=0 elapsed=0.000 progress=0.000 source=day_changed
[DCSystemScheduler][RT] ocean_skip#63 tick=93 reason=policy_gated slices=0 elapsed=0.000 progress=0.000 source=day_changed
[DCSystemScheduler][RT] ocean_skip#64 tick=94 reason=policy_gated slices=0 elapsed=0.000 progress=0.000 source=day_changed
[dc/terrain_mirror_sync] reason=sus_tick_pre terrain_mis=101 isw_mis=0 terrain_written=true isw_written=false
[dc/terrain_mirror_sync] reason=sus_tick_pre terrain_mis=212 isw_mis=0 terrain_written=true isw_written=false
[wind_field/B] path-decision call#1: prof=true pflag_attr=true pflag_val=true ext=true method=true idx=true -> cpp_gate=true
[dc/terrain_mirror_sync] reason=sus_tick_pre terrain_mis=351 isw_mis=0 terrain_written=true isw_written=false
[wind_field/B] path-decision call#2: prof=true pflag_attr=true pflag_val=true ext=true method=true idx=true -> cpp_gate=true
[wind_field/B] path-decision call#3: prof=true pflag_attr=true pflag_val=true ext=true method=true idx=true -> cpp_gate=true
[detail_scatter] tick-sync queued=68 (vegetation=68)
[natural_resource/slow-dump] tick=125 day=125 wall=1.72 cpp=1.474 compute=0.939 loop=0.524 flush=0.098 wrapper=0.227 layout=cell_range_fused_seq_dt dispatches=0 resources=11/31 skipped_static=20 published=true total_delta=-53762932.49213
[wind_field/B] commit-diag call#1: rc=0.873 n_wind=6400 wx=6400 wy=6400 wspd=6400 map_wspd=6400
[wind_field/B] gdext path ACTIVE — first run elapsed=0.87ms (legacy GDScript baseline ≈ 35ms; charter §7 / dots-wind-validation.md target < 5ms)
[phys_solve][RT] start#3 phase=1.5781 pending=nan solve_ocean=false ext=true idx=true soa=true
[natural_resource/slow-dump] tick=185 day=185 wall=2.04 cpp=1.691 compute=0.997 loop=0.565 flush=0.105 wrapper=0.335 layout=cell_range_fused_seq_dt dispatches=0 resources=11/31 skipped_static=20 published=true total_delta=-63186164.78761
[perf-record] exported rows=200 cols=1891 → F:/Developent/Godot/Project.Keynes/tmp/perf_record_20260819_045831.csv
[headless-perf/result] label=after_full days=200 speed=50.000 seed=20260718 map=80x80 formal_start=true trade_scenario=false foreign_count=3 import_tariff_rate=0 export_tariff_rate=0 population_scale=0 saved_setup=false economy_configured=true country_count=4 population=80 generation_ms=12970.0 run_ms=10188.0 barrier_pulses=412 ledger_failures=0 fatal=false trade_orders_dispatched=0 trade_orders_arrived=0 trade_orders_cumulative=0 trade_base_cumulative=0 trade_route_expansions=0 trade_tariff_lanes=0 trade_country_goods=0 trade_country_partners=0 tariff_collected=0 tariff_subsidy_paid=0 economy_memory_bytes=116094860 rows=200 expected_rows=200 path=F:/Developent/Godot/Project.Keynes/tmp/perf_record_20260819_045831.csv
ERROR: 24 RID allocations of type 'PN13RendererDummy14TextureStorage12DummyTextureE' were leaked at exit.
WARNING: ObjectDB instances leaked at exit (run with --verbose for details).
   at: cleanup (core/object/object.cpp:2641)
ERROR: 215 resources still in use at exit (run with --verbose for details).
   at: clear (core/io/resource.cpp:810)
