Godot Engine v4.6.2.stable.official.71f334935 - https://godotengine.org

[headless-perf] runtime_graph_mode=ACTIVE applied
[native_generation/base] path=gdext algorithm=post_base_priority_flood_hydrology_v3 n=2400 native_ms=9.344 water=1544 land=856
[native_generation/post_base] path=gdext algorithm=post_base_priority_flood_hydrology_v3 n=2400 native_ms=2.084 lakes=0 rivers=118 volcanoes=0
[native_generation/vegetation] native_ms=0.570 candidates=856 none=1164 score=[0.000,1.194,1.127] plant_water_land=851 river_adjacent_desert=0 coastal_highland_desert=0 terrain_weight=[0.180,1.200]
[native_generation/qa] single_water=0 tiny<=3=0 small<=5=0 bodies=1 largest=1544 | land_below_sea=0.0% | terr_distinct=22 entropy=3.187bit | river_ratio=4.917%
MapGenerator v7: per-cell 71ms (2400 cells, path=gdext)
MapBaker v6: hm=(1024, 606) seed=10086
    [fused] terrain=85.0ms erosion=2.3ms(ok=true) river=14.1ms(ok=true) latitude=0.1ms coast_sdf=4.4ms(ok=true)
  geometry fields (fused C++): 189ms
  physical circulation hex solve: deferred until DCWorldExt bind (ext=true idx=true soa=false)
  wind/ocean pixel buffers: skipped (ocean_current_visual off)
  visual tiles: {"degradation_reason":"","effective_budget_px":1335168,"effective_texels_per_hex":14.1134163904991,"effective_world_units_per_texel":"(1.561685, 1.555921)","estimated_peak_bytes":52958880,"estimated_resident_bytes":31232160,"fallback_reason":"","generation_id":1,"grid_size":"(3, 2)","gutter_px":2,"hex_size":22.0,"horizon_path":"neutral_pending","interior_size":"(488, 456)","layer_size":"(492, 460)","layers":[{"bake_ms":97.8037,"coast_sdf_max_dist_px":12.00627660199,"distance_scale":1.50078457524874,"edge_distance_saturate_hex":0.9,"edge_distance_units":"normalized_hex_center_gap","hashes":{"edge_distance":7293959748601863299,"edge_neighbor":6121024781303128865,"height":1370656203111205812,"map_index":-6651099853256710736,"terrain_detail":2499208823745959188,"terrain_normal":-5434677803475268593,"water_depth":-793691384011227450},"layer":0,"normal_radius_px":"(19, 19)","raster_scale":"(1.49663, 1.504951)","river_sdf_max_dist_px":5.25274601337061,"shore_carve_band_px":9,"upload_ms":0.078,"wall_ms":98.409},{"bake_ms":135.5809,"coast_sdf_max_dist_px":12.00627660199,"distance_scale":1.50078457524874,"edge_distance_saturate_hex":0.9,"edge_distance_units":"normalized_hex_center_gap","hashes":{"edge_distance":-8082538645008273748,"edge_neighbor":5454117706376751308,"height":-3366700375469774141,"map_index":5296131743902401889,"terrain_detail":5476687312314006323,"terrain_normal":-5534006334999375158,"water_depth":6827265182411551666},"layer":1,"normal_radius_px":"(19, 19)","raster_scale":"(1.49663, 1.504951)","river_sdf_max_dist_px":5.25274601337061,"shore_carve_band_px":9,"upload_ms":0.08,"wall_ms":136.28},{"bake_ms":84.8989,"coast_sdf_max_dist_px":12.00627660199,"distance_scale":1.50078457524874,"edge_distance_saturate_hex":0.9,"edge_distance_units":"normalized_hex_center_gap","hashes":{"edge_distance":-6975324725479518775,"edge_neighbor":184996947976529628,"height":8495528435122486209,"map_index":-7515305441246398424,"terrain_detail":5289158652543257457,"terrain_normal":5693843665379528300,"water_depth":6674519635614437506},"layer":2,"normal_radius_px":"(19, 19)","raster_scale":"(1.49663, 1.504951)","river_sdf_max_dist_px":5.25274601337061,"shore_carve_band_px":9,"upload_ms":0.09,"wall_ms":85.575},{"bake_ms":102.3275,"coast_sdf_max_dist_px":12.00627660199,"distance_scale":1.50078457524874,"edge_distance_saturate_hex":0.9,"edge_distance_units":"normalized_hex_center_gap","hashes":{"edge_distance":-5554889625119361784,"edge_neighbor":2848697018727612341,"height":1617799961871062176,"map_index":6052612819407242026,"terrain_detail":3948339391039737447,"terrain_normal":5191863749262316023,"water_depth":5749849656233899645},"layer":3,"normal_radius_px":"(19, 19)","raster_scale":"(1.49663, 1.504951)","river_sdf_max_dist_px":5.25274601337061,"shore_carve_band_px":9,"upload_ms":0.076,"wall_ms":102.977},{"bake_ms":98.3309,"coast_sdf_max_dist_px":12.00627660199,"distance_scale":1.50078457524874,"edge_distance_saturate_hex":0.9,"edge_distance_units":"normalized_hex_center_gap","hashes":{"edge_distance":-3148927450127506122,"edge_neighbor":-7451887141366720793,"height":-3331374363190791736,"map_index":-8159009318195074408,"terrain_detail":-8683848910380387081,"terrain_normal":3795901008927036736,"water_depth":6181946793779822227},"layer":4,"normal_radius_px":"(19, 19)","raster_scale":"(1.49663, 1.504951)","river_sdf_max_dist_px":5.25274601337061,"shore_carve_band_px":9,"upload_ms":0.072,"wall_ms":99.0},{"bake_ms":150.8,"coast_sdf_max_dist_px":12.00627660199,"distance_scale":1.50078457524874,"edge_distance_saturate_hex":0.9,"edge_distance_units":"normalized_hex_center_gap","hashes":{"edge_distance":1954150625264966363,"edge_neighbor":-850588073738493526,"height":6137868963346025513,"map_index":8519265136642175246,"terrain_detail":2118227133348770560,"terrain_normal":-2068653421869633265,"water_depth":-39767051598208907},"layer":5,"normal_radius_px":"(19, 19)","raster_scale":"(1.49663, 1.504951)","river_sdf_max_dist_px":5.25274601337061,"shore_carve_band_px":9,"upload_ms":0.105,"wall_ms":151.738}],"logical_size":"(1464, 912)","mode":"tiled","path":"visual_tiled_static","profile":"desktop_auto","renderer":"mobile","requested_budget_px":1313865,"requested_texels_per_hex":14.0,"requested_tile_world_span":"(804.5714, 804.5714)","requested_world_units_per_texel":1.57142857142857,"tile_world_area":540711.621551514,"tile_world_span":"(762.1024, 709.5)","total_ms":674.23,"visual_domain":"[P: (0.0, -44.0), S: (2286.307, 1419.0)]","wrap_period_x":2286.30706599092,"wrap_x":true}
WARNING: Loaded resource as image file, this will not work on export: 'res://assets/textures/terrain_materials/organic.png'. Instead, import the image file as an Image resource and load it normally as a resource.
   at: load (core/io/image.cpp:2756)
   GDScript backtrace (most recent call first):
       [0] _build_terrain_material_tex (res://scripts/rendering/map_baker.gd:360)
       [1] get_or_build_shared_terrain_material_tex (res://scripts/rendering/map_baker.gd:343)
       [2] bake_world (res://scripts/rendering/map_baker.gd:1179)
       [3] generate (res://scripts/geography/map_generator.gd:1384)
       [4] generate_world (res://scripts/game/world_runtime_host.gd:319)
       [5] _run (res://tests/headless_perf_record.gd:193)
       [6] _init (res://tests/headless_perf_record.gd:25)
WARNING: Loaded resource as image file, this will not work on export: 'res://assets/textures/terrain_materials/dry_sand.png'. Instead, import the image file as an Image resource and load it normally as a resource.
   at: load (core/io/image.cpp:2756)
   GDScript backtrace (most recent call first):
       [0] _build_terrain_material_tex (res://scripts/rendering/map_baker.gd:360)
       [1] get_or_build_shared_terrain_material_tex (res://scripts/rendering/map_baker.gd:343)
       [2] bake_world (res://scripts/rendering/map_baker.gd:1179)
       [3] generate (res://scripts/geography/map_generator.gd:1384)
       [4] generate_world (res://scripts/game/world_runtime_host.gd:319)
       [5] _run (res://tests/headless_perf_record.gd:193)
       [6] _init (res://tests/headless_perf_record.gd:25)
WARNING: Loaded resource as image file, this will not work on export: 'res://assets/textures/terrain_materials/rock.png'. Instead, import the image file as an Image resource and load it normally as a resource.
   at: load (core/io/image.cpp:2756)
   GDScript backtrace (most recent call first):
       [0] _build_terrain_material_tex (res://scripts/rendering/map_baker.gd:360)
       [1] get_or_build_shared_terrain_material_tex (res://scripts/rendering/map_baker.gd:343)
       [2] bake_world (res://scripts/rendering/map_baker.gd:1179)
       [3] generate (res://scripts/geography/map_generator.gd:1384)
       [4] generate_world (res://scripts/game/world_runtime_host.gd:319)
       [5] _run (res://tests/headless_perf_record.gd:193)
       [6] _init (res://tests/headless_perf_record.gd:25)
WARNING: Loaded resource as image file, this will not work on export: 'res://assets/textures/terrain_materials/snow_wet.png'. Instead, import the image file as an Image resource and load it normally as a resource.
   at: load (core/io/image.cpp:2756)
   GDScript backtrace (most recent call first):
       [0] _build_terrain_material_tex (res://scripts/rendering/map_baker.gd:360)
       [1] get_or_build_shared_terrain_material_tex (res://scripts/rendering/map_baker.gd:343)
       [2] bake_world (res://scripts/rendering/map_baker.gd:1179)
       [3] generate (res://scripts/geography/map_generator.gd:1384)
       [4] generate_world (res://scripts/game/world_runtime_host.gd:319)
       [5] _run (res://tests/headless_perf_record.gd:193)
       [6] _init (res://tests/headless_perf_record.gd:25)
  cell LUT encode: deferred until DCWorldExt bind
  encode: 3349ms
MapBaker v6: total 3539ms
MapGenerator v7: bake 3564ms
MapGenerator: skip _compute_ocean_currents (physical-hex path writes per-cell directly)
MapGenerator: skip _compute_terrain_perturbed_wind (physical-hex solver writes per-cell)
[SUS] sim budget strict=false frame=8.00ms warn=2.00ms slice=0.75ms upload=1.50ms scheduler=DCSystemScheduler native_sus=auto
[DCWorldExt] bind_map_data: 148 components bound (auto-registered=148; snapshot model; see world_ext.cpp comment & charter Â§11)
[DataCore] _data_core_world_ext bound=true (climate co-processor; class=DCWorldExt)
[native_world] configure rc=0 reason=configured cells=2400 wrap_period_x=103.923
[native_generation] path=gdext n=2400 published=9 native_ms=0.288 compute_ms=0.216 flush_ms=0.071
[hex_cell] facade ENABLED (2400 cells bound; ext=true)
[DataCore] _baker climate_profile injected=true (fixes WorldData.config==null sea_ice prepare path)
[phys_solve][oneshot] OK slp=1.02ms wind=0.48ms psi=0.32ms(ran=true) upwelling=0.06ms total=2.31ms
PhysicalCirculation solve@phase=1.50 total=2ms (C++ one-shot run_physical_solve_pass)
  wind/ocean pixel buffers: skipped (ocean_current_visual off)
[physical_init] deferred native refresh complete: 2ms
[cell_lut] deferred encode: 3ms path=gdext
[bio-occupancy] seed landmasses=13 provinces=13 species=19 secondary_hearths=0
[bio-occupancy]   bio.maize envelope=55 hearth=15 seeded_landmasses=1 primary_landmass=4 primary_envelope=49 occupied=15 occupied/envelope=0.31
[bio-occupancy]   bio.wheat envelope=246 hearth=42 seeded_landmasses=1 primary_landmass=4 primary_envelope=166 occupied=42 occupied/envelope=0.25
[bio-occupancy]   bio.rice envelope=79 hearth=6 seeded_landmasses=1 primary_landmass=4 primary_envelope=58 occupied=6 occupied/envelope=0.10
[bio-occupancy]   bio.potato envelope=235 hearth=79 seeded_landmasses=1 primary_landmass=4 primary_envelope=152 occupied=79 occupied/envelope=0.52
[bio-occupancy]   bio.horse envelope=276 hearth=92 seeded_landmasses=1 primary_landmass=4 primary_envelope=187 occupied=92 occupied/envelope=0.49
[bio-occupancy]   bio.cotton envelope=75 hearth=14 seeded_landmasses=1 primary_landmass=4 primary_envelope=70 occupied=14 occupied/envelope=0.20
[bio-occupancy]   bio.flax envelope=235 hearth=83 seeded_landmasses=1 primary_landmass=4 primary_envelope=156 occupied=83 occupied/envelope=0.53
[bio-occupancy]   bio.spice envelope=77 hearth=3 seeded_landmasses=1 primary_landmass=4 primary_envelope=69 occupied=3 occupied/envelope=0.04
[bio-occupancy]   bio.rubber envelope=33 hearth=1 seeded_landmasses=1 primary_landmass=4 primary_envelope=28 occupied=1 occupied/envelope=0.04
[bio-occupancy]   bio.sheep envelope=70 hearth=3 seeded_landmasses=1 primary_landmass=4 primary_envelope=50 occupied=3 occupied/envelope=0.06
[bio-occupancy]   bio.goat envelope=444 hearth=33 seeded_landmasses=1 primary_landmass=4 primary_envelope=298 occupied=33 occupied/envelope=0.11
[bio-occupancy]   bio.cattle envelope=32 hearth=11 seeded_landmasses=1 primary_landmass=4 primary_envelope=32 occupied=11 occupied/envelope=0.34
[bio-occupancy]   bio.pig envelope=294 hearth=39 seeded_landmasses=1 primary_landmass=4 primary_envelope=214 occupied=39 occupied/envelope=0.18
[bio-occupancy]   bio.camel envelope=38 hearth=16 seeded_landmasses=1 primary_landmass=4 primary_envelope=38 occupied=16 occupied/envelope=0.42
[bio-occupancy]   bio.yak envelope=124 hearth=17 seeded_landmasses=1 primary_landmass=4 primary_envelope=34 occupied=17 occupied/envelope=0.50
[bio-occupancy]   bio.silkworm envelope=126 hearth=49 seeded_landmasses=1 primary_landmass=4 primary_envelope=109 occupied=49 occupied/envelope=0.45
[bio-occupancy]   bio.reed envelope=193 hearth=38 seeded_landmasses=1 primary_landmass=4 primary_envelope=146 occupied=38 occupied/envelope=0.26
[bio-occupancy]   bio.bast_fiber envelope=272 hearth=33 seeded_landmasses=1 primary_landmass=4 primary_envelope=180 occupied=33 occupied/envelope=0.18
[bio-occupancy]   bio.dye_plant envelope=80 hearth=7 seeded_landmasses=1 primary_landmass=4 primary_envelope=75 occupied=7 occupied/envelope=0.09
[bio-occupancy]   landmass 1 classes=none foods=none
[bio-occupancy]   landmass 2 classes=none foods=none
[bio-occupancy]   landmass 3 classes=none foods=none
[bio-occupancy]   landmass 4 classes=fiber_wet, highland_food, dry_grazer, cold_grazer, fiber_forest, open_grazer, forest_grazer, fiber_open, open_food, tropical, wetland_food foods=potato, wheat, rice, maize
[bio-occupancy]   landmass 5 classes=none foods=none
[bio-occupancy]   landmass 6 classes=none foods=none
[bio-occupancy]   landmass 7 classes=none foods=none
[bio-occupancy]   landmass 8 classes=none foods=none
[bio-occupancy]   landmass 9 classes=none foods=none
[bio-occupancy]   landmass 10 classes=none foods=none
[bio-occupancy]   landmass 11 classes=none foods=none
[bio-occupancy]   landmass 12 classes=none foods=none
[bio-occupancy]   landmass 13 classes=none foods=none
[weather] gdext acceleration ON (class=DCWorldExt)
[weather] gdext field commit ON
[weather] gdext distribute ON
[weather] gdext summary ON
[weather] hexcell facade ON (skip AoS double-write in hot loop)
[weather] gdext resident knobs ON (class=KnobsHandle)
[economy] ACTIVE native graph cells=2400 goods=134 cohorts=16 epoch_days=1 trade=ACTIVE topology_ready=true topology_generation=1 bootstrap=starter_settlement_bootstrap_v9 founder_families=4 founder_people=4
[country] ACTIVE native authority countries=4 cells=2400 generation=1
[weather/knobs] resident KnobsHandle path ACTIVE — first to_*_knobs_dict hit (field_rebuild_count=1 expected ≤1; stable Hz target ≤1 Hz)
[native_daily] ACTIVE: registered native_daily_sim + natural_resource_daily + bio_occupancy_daily; retained season_refresh + ocean_currents boundary jobs
[DCSystemScheduler] topology: ["season_refresh", "trigger_runtime", "ideology_runtime", "effect_runtime", "modifier_daily", "gameplay_effect", "natural_resource_daily", "bio_occupancy_daily", "enum_atlas_upload", "ocean_currents", "native_daily_sim", "dynamic_visual_atlas_upload", "country_daily", "economy_daily"]
WARNING: [building-visual] disabled: building_visual_renderer_unavailable
   at: push_warning (core/variant/variant_utility.cpp:1034)
   GDScript backtrace (most recent call first):
       [0] generate_world (res://scripts/game/world_runtime_host.gd:354)
       [1] _run (res://tests/headless_perf_record.gd:193)
       [2] _init (res://tests/headless_perf_record.gd:25)
[perf-record] start (start_tick=0 mode=DETAIL detail_period=1)
[DCSystemScheduler][RT] ocean_skip#1 tick=1 reason=policy_gated slices=0 elapsed=0.000 progress=0.000 source=day_changed
[DCSystemScheduler][RT] ocean_skip#2 tick=2 reason=policy_gated slices=0 elapsed=0.000 progress=0.000 source=day_changed
[DCSystemScheduler][RT] ocean_skip#3 tick=3 reason=policy_gated slices=0 elapsed=0.000 progress=0.000 source=day_changed
[phys_solve][RT] start#1 phase=0.0438 pending=nan solve_ocean=true ext=true idx=true soa=true
[slp_field] path-decision call#1: prof=true pflag_attr=true pflag_val=true ext=true method=true idx=true -> cpp_gate=true
[slp_field] commit-diag call#1: rc=0.064 slp_out=2400 n_cells=2400 map_slp=2400 slice=0:300 final=false published=false slot=19/2400 reason=intermediate_slice
[slp_field][RT-DIAG] call#1 phase=0.0438 rc=0.064 slp_out=2400 n=2400 slice=0:300 final=false published=false slot=19/2400 slot_reason=intermediate_slice -> intermediate_slice
[DCSystemScheduler][RT] ocean_skip#4 tick=5 reason=policy_gated slices=0 elapsed=0.000 progress=0.000 source=day_changed
[DCSystemScheduler][RT] ocean_skip#5 tick=7 reason=policy_gated slices=0 elapsed=0.000 progress=0.000 source=day_changed
[slp_field] path-decision call#2: prof=true pflag_attr=true pflag_val=true ext=true method=true idx=true -> cpp_gate=true
[slp_field] commit-diag call#2: rc=0.112 slp_out=2400 n_cells=2400 map_slp=2400 slice=300:600 final=false published=false slot=19/2400 reason=intermediate_slice
[slp_field][RT-DIAG] call#2 phase=0.0438 rc=0.112 slp_out=2400 n=2400 slice=300:600 final=false published=false slot=19/2400 slot_reason=intermediate_slice -> intermediate_slice
[DCSystemScheduler][RT] ocean_skip#6 tick=9 reason=policy_gated slices=0 elapsed=0.000 progress=0.000 source=day_changed
[DCSystemScheduler][RT] ocean_skip#7 tick=10 reason=policy_gated slices=0 elapsed=0.000 progress=0.000 source=day_changed
[DCSystemScheduler][RT] ocean_skip#8 tick=11 reason=policy_gated slices=0 elapsed=0.000 progress=0.000 source=day_changed
[slp_field] path-decision call#3: prof=true pflag_attr=true pflag_val=true ext=true method=true idx=true -> cpp_gate=true
[slp_field] commit-diag call#3: rc=0.060 slp_out=2400 n_cells=2400 map_slp=2400 slice=600:900 final=false published=false slot=19/2400 reason=intermediate_slice
[slp_field][RT-DIAG] call#3 phase=0.0438 rc=0.060 slp_out=2400 n=2400 slice=600:900 final=false published=false slot=19/2400 slot_reason=intermediate_slice -> intermediate_slice
[DCSystemScheduler][RT] ocean_skip#9 tick=13 reason=policy_gated slices=0 elapsed=0.000 progress=0.000 source=day_changed
[DCSystemScheduler][RT] ocean_skip#10 tick=14 reason=policy_gated slices=0 elapsed=0.000 progress=0.000 source=day_changed
[DCSystemScheduler][RT] ocean_skip#11 tick=15 reason=policy_gated slices=0 elapsed=0.000 progress=0.000 source=day_changed
[slp_field][RT-DIAG] call#4 phase=0.0438 rc=0.121 slp_out=2400 n=2400 slice=900:1200 final=false published=false slot=19/2400 slot_reason=intermediate_slice -> intermediate_slice
[DCSystemScheduler][RT] ocean_skip#12 tick=17 reason=policy_gated slices=0 elapsed=0.000 progress=0.000 source=day_changed
[DCSystemScheduler][RT] ocean_skip#13 tick=19 reason=policy_gated slices=0 elapsed=0.000 progress=0.000 source=day_changed
[slp_field][RT-DIAG] call#5 phase=0.0438 rc=0.118 slp_out=2400 n=2400 slice=1200:1500 final=false published=false slot=19/2400 slot_reason=intermediate_slice -> intermediate_slice
[DCSystemScheduler][RT] ocean_skip#14 tick=21 reason=policy_gated slices=0 elapsed=0.000 progress=0.000 source=day_changed
[DCSystemScheduler][RT] ocean_skip#15 tick=22 reason=policy_gated slices=0 elapsed=0.000 progress=0.000 source=day_changed
[DCSystemScheduler][RT] ocean_skip#16 tick=23 reason=policy_gated slices=0 elapsed=0.000 progress=0.000 source=day_changed
[natural_resource/slow-dump] tick=25 day=25 wall=1.67 cpp=0.893 compute=0.567 loop=0.042 flush=0.350 wrapper=0.441 layout=cell_indices dispatches=0 resources=10/31 skipped_static=21 published=true total_delta=-854896.12190
[DCSystemScheduler][RT] ocean_skip#17 tick=25 reason=policy_gated slices=0 elapsed=0.000 progress=0.000 source=day_changed
[DCSystemScheduler][RT] ocean_skip#18 tick=26 reason=policy_gated slices=0 elapsed=0.000 progress=0.000 source=day_changed
[DCSystemScheduler][RT] ocean_skip#19 tick=27 reason=policy_gated slices=0 elapsed=0.000 progress=0.000 source=day_changed
[DCSystemScheduler][RT] ocean_skip#20 tick=29 reason=policy_gated slices=0 elapsed=0.000 progress=0.000 source=day_changed
[season_refresh] b_plus_start path=gdext handle=1 season=0 n_cells=2400
[season_refresh] b_plus_finish path=gdext native_ms=0.448 slices=1 stages_done=12
[season_refresh] x2 slots: refresh=1 skip=0 (期望 refresh=1 skip=11 全 gdext 路径)
[DCSystemScheduler][RT] ocean_skip#21 tick=30 reason=frame_budget_exhausted slices=0 elapsed=0.000 progress=0.000 source=day_changed
[detail_scatter] tick-sync queued=526 (vegetation=137)
[DCSystemScheduler][RT] ocean_skip#22 tick=31 reason=policy_gated slices=0 elapsed=0.000 progress=0.000 source=day_changed
[slp_field] gdext path ACTIVE — first run elapsed=0.38ms (legacy GDScript baseline ~36ms; target < 3ms)
[DCSystemScheduler][RT] ocean_skip#23 tick=33 reason=policy_gated slices=0 elapsed=0.000 progress=0.000 source=day_changed
[DCSystemScheduler][RT] ocean_skip#24 tick=34 reason=policy_gated slices=0 elapsed=0.000 progress=0.000 source=day_changed
[DCSystemScheduler][RT] ocean_skip#25 tick=35 reason=policy_gated slices=0 elapsed=0.000 progress=0.000 source=day_changed
[wind_field/B] path-decision call#1: prof=true pflag_attr=true pflag_val=true ext=true method=true idx=true -> cpp_gate=true
[detail_scatter] tick-sync queued=73 (vegetation=0)
[DCSystemScheduler][RT] ocean_skip#26 tick=37 reason=policy_gated slices=0 elapsed=0.000 progress=0.000 source=day_changed
[DCSystemScheduler][RT] ocean_skip#27 tick=38 reason=policy_gated slices=0 elapsed=0.000 progress=0.000 source=day_changed
[DCSystemScheduler][RT] ocean_skip#28 tick=39 reason=policy_gated slices=0 elapsed=0.000 progress=0.000 source=day_changed
[wind_field/B] path-decision call#2: prof=true pflag_attr=true pflag_val=true ext=true method=true idx=true -> cpp_gate=true
[DCSystemScheduler][RT] ocean_skip#29 tick=41 reason=policy_gated slices=0 elapsed=0.000 progress=0.000 source=day_changed
[DCSystemScheduler][RT] ocean_skip#30 tick=43 reason=policy_gated slices=0 elapsed=0.000 progress=0.000 source=day_changed
[wind_field/B] path-decision call#3: prof=true pflag_attr=true pflag_val=true ext=true method=true idx=true -> cpp_gate=true
[DCSystemScheduler][RT] ocean_skip#31 tick=45 reason=policy_gated slices=0 elapsed=0.000 progress=0.000 source=day_changed
[DCSystemScheduler][RT] ocean_skip#32 tick=46 reason=policy_gated slices=0 elapsed=0.000 progress=0.000 source=day_changed
[DCSystemScheduler][RT] ocean_skip#33 tick=47 reason=policy_gated slices=0 elapsed=0.000 progress=0.000 source=day_changed
[DCSystemScheduler][RT] ocean_skip#34 tick=49 reason=policy_gated slices=0 elapsed=0.000 progress=0.000 source=day_changed
[DCSystemScheduler][RT] ocean_skip#35 tick=50 reason=policy_gated slices=0 elapsed=0.000 progress=0.000 source=day_changed
[DCSystemScheduler][RT] ocean_skip#36 tick=51 reason=policy_gated slices=0 elapsed=0.000 progress=0.000 source=day_changed
[DCSystemScheduler][RT] ocean_skip#37 tick=53 reason=policy_gated slices=0 elapsed=0.000 progress=0.000 source=day_changed
[DCSystemScheduler][RT] ocean_skip#38 tick=55 reason=policy_gated slices=0 elapsed=0.000 progress=0.000 source=day_changed
[DCSystemScheduler][RT] ocean_skip#39 tick=57 reason=policy_gated slices=0 elapsed=0.000 progress=0.000 source=day_changed
[DCSystemScheduler][RT] ocean_skip#40 tick=58 reason=policy_gated slices=0 elapsed=0.000 progress=0.000 source=day_changed
[DCSystemScheduler][RT] ocean_skip#41 tick=59 reason=policy_gated slices=0 elapsed=0.000 progress=0.000 source=day_changed
[season_refresh] b_plus_finish path=gdext native_ms=0.296 slices=1 stages_done=12
[DCSystemScheduler][RT] ocean_skip#42 tick=60 reason=frame_budget_exhausted slices=0 elapsed=0.000 progress=0.000 source=day_changed
[detail_scatter] tick-sync queued=221 (vegetation=63)
[DCSystemScheduler][RT] ocean_skip#43 tick=61 reason=policy_gated slices=0 elapsed=0.000 progress=0.000 source=day_changed
[DCSystemScheduler][RT] ocean_skip#44 tick=62 reason=policy_gated slices=0 elapsed=0.000 progress=0.000 source=day_changed
[DCSystemScheduler][RT] ocean_skip#45 tick=63 reason=policy_gated slices=0 elapsed=0.000 progress=0.000 source=day_changed
[DCSystemScheduler][RT] ocean_skip#46 tick=65 reason=policy_gated slices=0 elapsed=0.000 progress=0.000 source=day_changed
[DCSystemScheduler][RT] ocean_skip#47 tick=67 reason=policy_gated slices=0 elapsed=0.000 progress=0.000 source=day_changed
[wind_field/B] commit-diag call#1: rc=0.754 n_wind=2400 wx=2400 wy=2400 wspd=2400 map_wspd=2400
[wind_field/B] gdext path ACTIVE — first run elapsed=0.75ms (legacy GDScript baseline ≈ 35ms; charter §7 / dots-wind-validation.md target < 5ms)
[DCSystemScheduler][RT] ocean_skip#48 tick=69 reason=policy_gated slices=0 elapsed=0.000 progress=0.000 source=day_changed
[detail_scatter] tick-sync queued=95 (vegetation=0)
[DCSystemScheduler][RT] ocean_skip#49 tick=70 reason=policy_gated slices=0 elapsed=0.000 progress=0.000 source=day_changed
[DCSystemScheduler][RT] ocean_skip#50 tick=71 reason=policy_gated slices=0 elapsed=0.000 progress=0.000 source=day_changed
[psi_solver] path-decision call#1: prof=true pflag_attr=true pflag_val=true ext=true method=true idx=true heat=true -> cpp_gate=true
[psi_solver] gdext path ACTIVE — first run elapsed=0.35ms (legacy GDScript stage3+4+5 baseline ~32+ms; target < 5ms)
[psi_solver] commit-diag call#1: rc=0.348 n_water=1185 n_cells=2400 published=true
[DCSystemScheduler][RT] ocean_skip#51 tick=73 reason=policy_gated slices=0 elapsed=0.000 progress=0.000 source=day_changed
[DCSystemScheduler][RT] ocean_skip#52 tick=74 reason=policy_gated slices=0 elapsed=0.000 progress=0.000 source=day_changed
[DCSystemScheduler][RT] ocean_skip#53 tick=75 reason=policy_gated slices=0 elapsed=0.000 progress=0.000 source=day_changed
[upwelling/DIAG#1] gate: prof=true pflag_attr=true pflag_val=true ext=true method=true wind_cpp=true idx=true -> cpp_gate=true
[upwelling/DIAG#1] cpp-call: ret_type=27 fallback=false reason='' elapsed_native_ms=0.012
[upwelling/DIAG#1] BREAKDOWN: T1_nb_pack=0.00ms T2_knobs=0.01ms T3_refresh_slots=0.19ms T4_cpp_call=0.03ms (n=2400)
[DCSystemScheduler][RT] ocean_skip#54 tick=77 reason=policy_gated slices=0 elapsed=0.000 progress=0.000 source=day_changed
[DCSystemScheduler][RT] ocean_skip#55 tick=79 reason=policy_gated slices=0 elapsed=0.000 progress=0.000 source=day_changed
[DCSystemScheduler][RT] ocean_skip#56 tick=81 reason=policy_gated slices=0 elapsed=0.000 progress=0.000 source=day_changed
[DCSystemScheduler][RT] ocean_skip#57 tick=82 reason=policy_gated slices=0 elapsed=0.000 progress=0.000 source=day_changed
[DCSystemScheduler][RT] ocean_skip#58 tick=83 reason=policy_gated slices=0 elapsed=0.000 progress=0.000 source=day_changed
[DCSystemScheduler][RT] ocean_skip#59 tick=85 reason=policy_gated slices=0 elapsed=0.000 progress=0.000 source=day_changed
[DCSystemScheduler][RT] ocean_skip#60 tick=86 reason=policy_gated slices=0 elapsed=0.000 progress=0.000 source=day_changed
[DCSystemScheduler][RT] ocean_skip#61 tick=87 reason=policy_gated slices=0 elapsed=0.000 progress=0.000 source=day_changed
[DCSystemScheduler][RT] ocean_skip#62 tick=89 reason=policy_gated slices=0 elapsed=0.000 progress=0.000 source=day_changed
[season_refresh] b_plus_finish path=gdext native_ms=0.371 slices=1 stages_done=12
[DCSystemScheduler][RT] ocean_skip#63 tick=90 reason=frame_budget_exhausted slices=0 elapsed=0.000 progress=0.000 source=day_changed
[detail_scatter] tick-sync queued=158 (vegetation=30)
[DCSystemScheduler][RT] ocean_skip#64 tick=91 reason=policy_gated slices=0 elapsed=0.000 progress=0.000 source=day_changed
[detail_scatter] tick-sync queued=101 (vegetation=0)
[phys_solve][RT] start#2 phase=1.1836 pending=nan solve_ocean=false ext=true idx=true soa=true
[season_refresh] b_plus_start path=gdext handle=1 season=1 n_cells=2400
[season_refresh] b_plus_finish path=gdext native_ms=0.381 slices=1 stages_done=12
[detail_scatter] tick-sync queued=445 (vegetation=85)
[detail_scatter] tick-sync queued=67 (vegetation=0)
[detail_scatter] tick-sync queued=20 (vegetation=20)
[natural_resource/slow-dump] tick=140 day=140 wall=3.96 cpp=3.205 compute=2.894 loop=0.140 flush=2.461 wrapper=0.420 layout=cell_indices dispatches=0 resources=10/31 skipped_static=21 published=true total_delta=-2721970.37781
[psi_solver] path-decision call#2: prof=true pflag_attr=true pflag_val=true ext=true method=true idx=true heat=true -> cpp_gate=true
[psi_solver] commit-diag call#2: rc=0.530 n_water=1264 n_cells=2400 published=true
[season_refresh] b_plus_finish path=gdext native_ms=0.337 slices=1 stages_done=12
[detail_scatter] tick-sync queued=242 (vegetation=64)
[detail_scatter] tick-sync queued=61 (vegetation=0)
[season_refresh] b_plus_finish path=gdext native_ms=0.233 slices=1 stages_done=12
[detail_scatter] tick-sync queued=204 (vegetation=34)
[phys_solve][RT] start#3 phase=2.0603 pending=nan solve_ocean=false ext=true idx=true soa=true
[detail_scatter] tick-sync queued=110 (vegetation=0)
[natural_resource/slow-dump] tick=200 day=200 wall=1.62 cpp=0.722 compute=0.399 loop=0.064 flush=0.170 wrapper=0.516 layout=cell_indices dispatches=0 resources=10/31 skipped_static=21 published=true total_delta=-2300387.53004
[season_refresh] b_plus_start path=gdext handle=1 season=2 n_cells=2400
[season_refresh] b_plus_finish path=gdext native_ms=0.415 slices=1 stages_done=12
[detail_scatter] tick-sync queued=245 (vegetation=106)
[detail_scatter] tick-sync queued=109 (vegetation=0)
[season_refresh] b_plus_finish path=gdext native_ms=0.343 slices=1 stages_done=12
[detail_scatter] tick-sync queued=162 (vegetation=42)
[detail_scatter] tick-sync queued=103 (vegetation=0)
[psi_solver] path-decision call#3: prof=true pflag_attr=true pflag_val=true ext=true method=true idx=true heat=true -> cpp_gate=true
[psi_solver] commit-diag call#3: rc=0.260 n_water=1186 n_cells=2400 published=true
[detail_scatter] tick-sync queued=127 (vegetation=19)
[detail_scatter] tick-sync queued=99 (vegetation=0)
[phys_solve][RT] start#4 phase=3.2000 pending=nan solve_ocean=false ext=true idx=true soa=true
[season_refresh] b_plus_start path=gdext handle=1 season=3 n_cells=2400
[season_refresh] b_plus_finish path=gdext native_ms=0.247 slices=1 stages_done=12
[detail_scatter] tick-sync queued=176 (vegetation=28)
[detail_scatter] tick-sync queued=77 (vegetation=0)
[natural_resource/slow-dump] tick=315 day=315 wall=1.56 cpp=0.763 compute=0.449 loop=0.055 flush=0.143 wrapper=0.445 layout=cell_indices dispatches=0 resources=10/31 skipped_static=21 published=true total_delta=210400.98187
[season_refresh] b_plus_finish path=gdext native_ms=0.224 slices=1 stages_done=12
[detail_scatter] tick-sync queued=456 (vegetation=109)
WARNING: [native_daily/contract] round=31 sample_day=321 current_day=332 age=11 budget=10 state=complete exceeded freshness contract
   at: push_warning (core/variant/variant_utility.cpp:1034)
   GDScript backtrace (most recent call first):
       [0] _native_daily_stamp_contract (res://scripts/geography/map_generator.gd:5824)
       [1] run_native_daily_slice_from_job (res://scripts/geography/map_generator.gd:5924)
       [2] run_slice (res://scripts/simulation/sus/jobs/native_daily_sim_job.gd:68)
       [3] tick (res://scripts/simulation/sus/sus_scheduler.gd:306)
       [4] tick (res://scripts/data_core/dc_system_scheduler.gd:426)
       [5] sus_tick_daily (res://scripts/geography/map_generator.gd:6367)
       [6] run_daily_tick (res://scripts/game/world_runtime_host.gd:404)
       [7] _run (res://tests/headless_perf_record.gd:269)
       [8] _drain_hard_barrier (res://tests/headless_perf_record.gd:376)
[detail_scatter] tick-sync queued=64 (vegetation=0)
[season_refresh] b_plus_finish path=gdext native_ms=0.380 slices=1 stages_done=12
[detail_scatter] tick-sync queued=272 (vegetation=75)
[detail_scatter] tick-sync queued=88 (vegetation=0)
[phys_solve][RT] start#5 phase=0.1644 pending=nan solve_ocean=false ext=true idx=true soa=true
[natural_resource/slow-dump] tick=385 day=385 wall=1.58 cpp=0.810 compute=0.440 loop=0.062 flush=0.189 wrapper=0.445 layout=cell_indices dispatches=0 resources=10/31 skipped_static=21 published=true total_delta=586187.67136
[season_refresh] b_plus_finish path=gdext native_ms=0.228 slices=1 stages_done=12
[detail_scatter] tick-sync queued=175 (vegetation=58)
[detail_scatter] tick-sync queued=96 (vegetation=0)
[detail_scatter] tick-sync queued=152 (vegetation=41)
[detail_scatter] tick-sync queued=95 (vegetation=0)
[wind_field/B] commit-diag call#2: rc=0.598 n_wind=2400 wx=2400 wy=2400 wspd=2400 map_wspd=2400
[natural_resource/slow-dump] tick=445 day=445 wall=1.65 cpp=0.774 compute=0.527 loop=0.044 flush=0.085 wrapper=0.467 layout=cell_indices dispatches=0 resources=10/31 skipped_static=21 published=true total_delta=-223103.53603
[phys_solve][RT] start#6 phase=0.9096 pending=nan solve_ocean=false ext=true idx=true soa=true
[season_refresh] b_plus_finish path=gdext native_ms=0.504 slices=1 stages_done=12
[detail_scatter] tick-sync queued=163 (vegetation=68)
[detail_scatter] tick-sync queued=77 (vegetation=0)
[detail_scatter] tick-sync queued=278 (vegetation=60)
[detail_scatter] tick-sync queued=67 (vegetation=0)
[season_refresh] b_plus_finish path=gdext native_ms=0.292 slices=1 stages_done=12
[detail_scatter] tick-sync queued=484 (vegetation=91)
[wind_field/B] commit-diag call#3: rc=0.688 n_wind=2400 wx=2400 wy=2400 wspd=2400 map_wspd=2400
[detail_scatter] tick-sync queued=83 (vegetation=0)
[natural_resource/slow-dump] tick=535 day=535 wall=1.85 cpp=0.845 compute=0.417 loop=0.066 flush=0.162 wrapper=0.591 layout=cell_indices dispatches=0 resources=10/31 skipped_static=21 published=true total_delta=-10484027.52094
[season_refresh] b_plus_finish path=gdext native_ms=0.231 slices=1 stages_done=12
[detail_scatter] tick-sync queued=169 (vegetation=39)
[detail_scatter] tick-sync queued=107 (vegetation=0)
[phys_solve][RT] start#7 phase=2.0932 pending=nan solve_ocean=false ext=true idx=true soa=true
[season_refresh] b_plus_finish path=gdext native_ms=0.318 slices=1 stages_done=12
[detail_scatter] tick-sync queued=192 (vegetation=74)
[detail_scatter] tick-sync queued=107 (vegetation=0)
[season_refresh] b_plus_finish path=gdext native_ms=0.244 slices=1 stages_done=12
[detail_scatter] tick-sync queued=172 (vegetation=62)
[natural_resource/slow-dump] tick=605 day=605 wall=1.59 cpp=0.817 compute=0.488 loop=0.050 flush=0.151 wrapper=0.452 layout=cell_indices dispatches=0 resources=10/31 skipped_static=21 published=true total_delta=-629294.71770
[detail_scatter] tick-sync queued=101 (vegetation=0)
[season_refresh] b_plus_finish path=gdext native_ms=0.385 slices=1 stages_done=12
[detail_scatter] tick-sync queued=165 (vegetation=39)
[phys_solve][RT] start#8 phase=2.9260 pending=nan solve_ocean=false ext=true idx=true soa=true
[detail_scatter] tick-sync queued=116 (vegetation=0)
[season_refresh] b_plus_finish path=gdext native_ms=0.355 slices=1 stages_done=12
[detail_scatter] tick-sync queued=328 (vegetation=88)
[detail_scatter] tick-sync queued=15 (vegetation=15)
[natural_resource/slow-dump] tick=670 day=670 wall=2.13 cpp=1.327 compute=0.982 loop=0.041 flush=0.079 wrapper=0.482 layout=cell_indices dispatches=0 resources=10/31 skipped_static=21 published=true total_delta=295593.23356
[detail_scatter] tick-sync queued=83 (vegetation=0)
[season_refresh] b_plus_finish path=gdext native_ms=0.373 slices=1 stages_done=12
[detail_scatter] tick-sync queued=432 (vegetation=80)
[detail_scatter] tick-sync queued=75 (vegetation=0)
[detail_scatter] tick-sync queued=186 (vegetation=49)
[detail_scatter] tick-sync queued=88 (vegetation=0)
[natural_resource/slow-dump] tick=730 day=730 wall=2.82 cpp=1.917 compute=1.572 loop=0.084 flush=0.113 wrapper=0.529 layout=cell_indices dispatches=0 resources=10/31 skipped_static=21 published=true total_delta=161057.71474
[phys_solve][RT] start#9 phase=0.1096 pending=nan solve_ocean=false ext=true idx=true soa=true
[season_refresh] b_plus_finish path=gdext native_ms=0.303 slices=1 stages_done=12
[detail_scatter] tick-sync queued=167 (vegetation=55)
[detail_scatter] tick-sync queued=88 (vegetation=0)
[season_refresh] b_plus_finish path=gdext native_ms=0.219 slices=1 stages_done=12
[detail_scatter] tick-sync queued=176 (vegetation=69)
[detail_scatter] tick-sync queued=88 (vegetation=0)
[phys_solve][RT] start#10 phase=0.8548 pending=nan solve_ocean=false ext=true idx=true soa=true
[season_refresh] b_plus_finish path=gdext native_ms=0.295 slices=1 stages_done=12
[detail_scatter] tick-sync queued=170 (vegetation=67)
[natural_resource/slow-dump] tick=815 day=815 wall=1.62 cpp=0.814 compute=0.477 loop=0.061 flush=0.200 wrapper=0.506 layout=cell_indices dispatches=0 resources=10/31 skipped_static=21 published=true total_delta=-9208365.43911
[detail_scatter] tick-sync queued=86 (vegetation=0)
[season_refresh] b_plus_finish path=gdext native_ms=0.362 slices=1 stages_done=12
[detail_scatter] tick-sync queued=306 (vegetation=58)
[detail_scatter] tick-sync queued=69 (vegetation=0)
[detail_scatter] tick-sync queued=389 (vegetation=55)
[detail_scatter] tick-sync queued=83 (vegetation=0)
[natural_resource/slow-dump] tick=875 day=875 wall=1.53 cpp=0.808 compute=0.481 loop=0.059 flush=0.152 wrapper=0.426 layout=cell_indices dispatches=0 resources=10/31 skipped_static=21 published=true total_delta=-9645605.50279
[detail_scatter] tick-sync queued=72 (vegetation=72)
[season_refresh] b_plus_finish path=gdext native_ms=0.230 slices=1 stages_done=12
[detail_scatter] tick-sync queued=173 (vegetation=22)
[detail_scatter] tick-sync queued=102 (vegetation=0)
[phys_solve][RT] start#11 phase=2.0384 pending=nan solve_ocean=false ext=true idx=true soa=true
[season_refresh] b_plus_finish path=gdext native_ms=0.370 slices=1 stages_done=12
[detail_scatter] tick-sync queued=202 (vegetation=63)
[detail_scatter] tick-sync queued=117 (vegetation=0)
[season_refresh] b_plus_finish path=gdext native_ms=0.386 slices=1 stages_done=12
[detail_scatter] tick-sync queued=239 (vegetation=105)
[detail_scatter] tick-sync queued=114 (vegetation=0)
[phys_solve][RT] start#12 phase=2.8274 pending=nan solve_ocean=false ext=true idx=true soa=true
[detail_scatter] tick-sync queued=173 (vegetation=55)
[season_refresh] b_plus_finish path=gdext native_ms=0.589 slices=2 stages_done=12
[detail_scatter] tick-sync queued=104 (vegetation=0)
[perf-record] exported rows=1000 cols=1192 → D:/Godot/ProjectKeynes/Project.Keynes/tmp/perf_record_20260901_153750.csv
[headless-perf/result] label=graph_active_economy_soak_seed10086 days=1000 speed=50.000 seed=10086 map=60x40 formal_start=true trade_scenario=false foreign_count=3 import_tariff_rate=0 export_tariff_rate=0 population_scale=0 saved_setup=false economy_configured=true country_count=4 population=80 generation_ms=17729.9 run_ms=21457.5 barrier_pulses=25 ledger_failures=0 fatal=false population_error=0 money_error=0 goods_error=0 family_count=4 family_branch_count=4 family_trait_roll_count=10 effect_instances=8 family_effect_stack_groups=4 family_effect_group_members=4 effect_metric_slab_bytes=5031 effect_instance_storage_bytes=2704 city_good_output_shared_count=134 city_good_output_non_neutral_shared_count=0 city_good_output_override_count=0 city_good_output_override_cell_count=0 city_good_output_cache_bytes=10140 trade_orders_dispatched=0 trade_orders_arrived=0 trade_orders_cumulative=0 trade_base_cumulative=0 trade_route_expansions=0 trade_tariff_lanes=0 trade_country_goods=0 trade_country_partners=0 tariff_collected=0 tariff_subsidy_paid=0 economy_memory_bytes=63667080 rows=1000 expected_rows=1000 path=D:/Godot/ProjectKeynes/Project.Keynes/tmp/perf_record_20260901_153750.csv
ERROR: 24 RID allocations of type 'PN13RendererDummy14TextureStorage12DummyTextureE' were leaked at exit.
WARNING: ObjectDB instances leaked at exit (run with --verbose for details).
   at: cleanup (core/object/object.cpp:2641)
ERROR: 312 resources still in use at exit (run with --verbose for details).
   at: clear (core/io/resource.cpp:810)
