Godot Engine v4.6.2.stable.official.71f334935 - https://godotengine.org

[native_generation/base] path=gdext algorithm=post_base_priority_flood_hydrology_v3 n=6400 native_ms=25.494 water=3035 land=3365
[native_generation/post_base] path=gdext algorithm=post_base_priority_flood_hydrology_v3 n=6400 native_ms=6.157 lakes=415 rivers=470 volcanoes=0
[native_generation/vegetation] native_ms=2.828 candidates=3334 none=2616 score=[0.020,0.981,1.172] plant_water_land=3347 river_adjacent_desert=0 coastal_highland_desert=0 terrain_weight=[0.180,1.200]
[native_generation/qa] single_water=0 tiny<=3=0 small<=5=0 bodies=13 largest=1496 | land_below_sea=0.6% | terr_distinct=24 entropy=3.447bit | river_ratio=7.344%
MapGenerator v7: per-cell 183ms (6400 cells, path=gdext_base)
MapBaker v6: hm=(1024, 578) seed=3938924037
    [fused] terrain=793.4ms erosion=2.2ms(ok=true) river=25.6ms(ok=true) latitude=0.1ms coast_sdf=6.9ms(ok=true)
  geometry fields (fused C++): 910ms
  physical circulation hex solve: deferred until DCWorldExt bind (ext=true idx=true soa=false)
  wind/ocean pixel buffers: skipped (ocean_current_visual off)
  visual tiles: {"degradation_reason":"","effective_budget_px":3455040,"effective_texels_per_hex":14.0884494350151,"effective_world_units_per_texel":"(1.561685, 1.561441)","estimated_peak_bytes":133489440,"estimated_resident_bytes":77283360,"fallback_reason":"","generation_id":1,"grid_size":"(5, 3)","gutter_px":2,"hex_size":22.0,"horizon_path":"neutral_pending","interior_size":"(488, 472)","layer_size":"(492, 476)","layers":[{"bake_ms":464.4564,"coast_sdf_max_dist_px":19.5983294073761,"distance_scale":2.44979117592201,"edge_distance_saturate_hex":0.9,"edge_distance_units":"normalized_hex_center_gap","hashes":{"edge_distance":3546369314141151220,"edge_neighbor":-3242855300065594200,"flow":-4437437614635235814,"height":5035595475717917603,"map_index":3674477783965209572,"terrain_detail":-5028398747844861388,"terrain_normal":-5758536466111567166,"water_depth":-4549686285441932947},"layer":0,"normal_radius_px":"(10, 10)","raster_scale":"(2.449755, 2.449827)","river_sdf_max_dist_px":8.57426911572705,"shore_carve_band_px":15,"upload_ms":0.071,"wall_ms":465.325},{"bake_ms":506.1925,"coast_sdf_max_dist_px":19.5983294073761,"distance_scale":2.44979117592201,"edge_distance_saturate_hex":0.9,"edge_distance_units":"normalized_hex_center_gap","hashes":{"edge_distance":8906332351194520851,"edge_neighbor":-6938287151056187761,"flow":-4866362222267723407,"height":2339541691971415847,"map_index":5206511075540902553,"terrain_detail":3525796658213930635,"terrain_normal":3585488089697273091,"water_depth":4226357553435538974},"layer":1,"normal_radius_px":"(10, 10)","raster_scale":"(2.449755, 2.449827)","river_sdf_max_dist_px":8.57426911572705,"shore_carve_band_px":15,"upload_ms":0.065,"wall_ms":506.861},{"bake_ms":422.7903,"coast_sdf_max_dist_px":19.5983294073761,"distance_scale":2.44979117592201,"edge_distance_saturate_hex":0.9,"edge_distance_units":"normalized_hex_center_gap","hashes":{"edge_distance":-5448621613127295250,"edge_neighbor":-3394560210110574488,"flow":1018437491757111319,"height":-1331565436240246514,"map_index":-694241050961151282,"terrain_detail":679777723809031919,"terrain_normal":-1859700990610796957,"water_depth":2737382172740854185},"layer":2,"normal_radius_px":"(10, 10)","raster_scale":"(2.449755, 2.449827)","river_sdf_max_dist_px":8.57426911572705,"shore_carve_band_px":15,"upload_ms":0.073,"wall_ms":424.007},{"bake_ms":425.1041,"coast_sdf_max_dist_px":19.5983294073761,"distance_scale":2.44979117592201,"edge_distance_saturate_hex":0.9,"edge_distance_units":"normalized_hex_center_gap","hashes":{"edge_distance":2634927603607280192,"edge_neighbor":2629180787725112032,"flow":-2612111057884007294,"height":8289397583395789193,"map_index":3272215877885629734,"terrain_detail":473079678927520757,"terrain_normal":8615858988481290643,"water_depth":-9037776816229970249},"layer":3,"normal_radius_px":"(10, 10)","raster_scale":"(2.449755, 2.449827)","river_sdf_max_dist_px":8.57426911572705,"shore_carve_band_px":15,"upload_ms":0.052,"wall_ms":425.746},{"bake_ms":496.7317,"coast_sdf_max_dist_px":19.5983294073761,"distance_scale":2.44979117592201,"edge_distance_saturate_hex":0.9,"edge_distance_units":"normalized_hex_center_gap","hashes":{"edge_distance":-8649945393554090589,"edge_neighbor":5324803691887502368,"flow":-7784367281274407138,"height":-3214898282866353198,"map_index":-4277696991303671198,"terrain_detail":-4682562550278787264,"terrain_normal":6060046930444914504,"water_depth":-6963799184071622131},"layer":4,"normal_radius_px":"(10, 10)","raster_scale":"(2.449755, 2.449827)","river_sdf_max_dist_px":8.57426911572705,"shore_carve_band_px":15,"upload_ms":0.058,"wall_ms":497.595},{"bake_ms":583.4415,"coast_sdf_max_dist_px":19.5983294073761,"distance_scale":2.44979117592201,"edge_distance_saturate_hex":0.9,"edge_distance_units":"normalized_hex_center_gap","hashes":{"edge_distance":-945406249788373754,"edge_neighbor":-9049333866588883591,"flow":2636025344901330344,"height":2524006221886753169,"map_index":3421191080336386293,"terrain_detail":7845465423408695393,"terrain_normal":-718415632941464716,"water_depth":-5836664808545805890},"layer":5,"normal_radius_px":"(10, 10)","raster_scale":"(2.449755, 2.449827)","river_sdf_max_dist_px":8.57426911572705,"shore_carve_band_px":15,"upload_ms":0.052,"wall_ms":584.058},{"bake_ms":607.0178,"coast_sdf_max_dist_px":19.5983294073761,"distance_scale":2.44979117592201,"edge_distance_saturate_hex":0.9,"edge_distance_units":"normalized_hex_center_gap","hashes":{"edge_distance":-3640315678537351704,"edge_neighbor":-3494043572882462258,"flow":-7858438486928557099,"height":-3067841166385048583,"map_index":-2561274662830602731,"terrain_detail":7250694813496578938,"terrain_normal":312307709327869219,"water_depth":27798337110630185},"layer":6,"normal_radius_px":"(10, 10)","raster_scale":"(2.449755, 2.449827)","river_sdf_max_dist_px":8.57426911572705,"shore_carve_band_px":15,"upload_ms":0.049,"wall_ms":607.614},{"bake_ms":615.8413,"coast_sdf_max_dist_px":19.5983294073761,"distance_scale":2.44979117592201,"edge_distance_saturate_hex":0.9,"edge_distance_units":"normalized_hex_center_gap","hashes":{"edge_distance":1037128829776936328,"edge_neighbor":-75000856277620676,"flow":4355584145284260588,"height":4432964750855336809,"map_index":4968401367734537848,"terrain_detail":8351499503188047763,"terrain_normal":-6954409832001634248,"water_depth":848283005911914987},"layer":7,"normal_radius_px":"(10, 10)","raster_scale":"(2.449755, 2.449827)","river_sdf_max_dist_px":8.57426911572705,"shore_carve_band_px":15,"upload_ms":0.057,"wall_ms":616.505},{"bake_ms":570.9952,"coast_sdf_max_dist_px":19.5983294073761,"distance_scale":2.44979117592201,"edge_distance_saturate_hex":0.9,"edge_distance_units":"normalized_hex_center_gap","hashes":{"edge_distance":-8501366293583483627,"edge_neighbor":-7269051827526870459,"flow":5425026916965292621,"height":5467349874744667451,"map_index":-5441088812701257002,"terrain_detail":5884620636913743457,"terrain_normal":9083284055804056976,"water_depth":2069740558888094168},"layer":8,"normal_radius_px":"(10, 10)","raster_scale":"(2.449755, 2.449827)","river_sdf_max_dist_px":8.57426911572705,"shore_carve_band_px":15,"upload_ms":0.051,"wall_ms":571.616},{"bake_ms":560.8646,"coast_sdf_max_dist_px":19.5983294073761,"distance_scale":2.44979117592201,"edge_distance_saturate_hex":0.9,"edge_distance_units":"normalized_hex_center_gap","hashes":{"edge_distance":-7993723478009368491,"edge_neighbor":-2264789148254774211,"flow":1660872339026599816,"height":-3709424052538560968,"map_index":5479629561424792400,"terrain_detail":-781934988619890782,"terrain_normal":6524389179542614886,"water_depth":8723526942610199633},"layer":9,"normal_radius_px":"(10, 10)","raster_scale":"(2.449755, 2.449827)","river_sdf_max_dist_px":8.57426911572705,"shore_carve_band_px":15,"upload_ms":0.058,"wall_ms":561.526},{"bake_ms":438.7749,"coast_sdf_max_dist_px":19.5983294073761,"distance_scale":2.44979117592201,"edge_distance_saturate_hex":0.9,"edge_distance_units":"normalized_hex_center_gap","hashes":{"edge_distance":3478354442199503155,"edge_neighbor":-387524123940356034,"flow":7310254916340666256,"height":5689287946294479214,"map_index":3139209797175106990,"terrain_detail":8037168660195616574,"terrain_normal":-8252450490191638020,"water_depth":8904280351805215703},"layer":10,"normal_radius_px":"(10, 10)","raster_scale":"(2.449755, 2.449827)","river_sdf_max_dist_px":8.57426911572705,"shore_carve_band_px":15,"upload_ms":0.066,"wall_ms":439.527},{"bake_ms":423.3864,"coast_sdf_max_dist_px":19.5983294073761,"distance_scale":2.44979117592201,"edge_distance_saturate_hex":0.9,"edge_distance_units":"normalized_hex_center_gap","hashes":{"edge_distance":1418632611831281840,"edge_neighbor":-1984558086922117247,"flow":3465172925228135221,"height":4276163156258456608,"map_index":-8293012210530899117,"terrain_detail":-8781225823504460401,"terrain_normal":-2929860011291324853,"water_depth":7767584679357459843},"layer":11,"normal_radius_px":"(10, 10)","raster_scale":"(2.449755, 2.449827)","river_sdf_max_dist_px":8.57426911572705,"shore_carve_band_px":15,"upload_ms":0.05,"wall_ms":424.015},{"bake_ms":429.6978,"coast_sdf_max_dist_px":19.5983294073761,"distance_scale":2.44979117592201,"edge_distance_saturate_hex":0.9,"edge_distance_units":"normalized_hex_center_gap","hashes":{"edge_distance":-6098231207080475453,"edge_neighbor":-7501668714775679097,"flow":-6997149973255102536,"height":-9098045105177144890,"map_index":99361679498520647,"terrain_detail":-6019978652961381275,"terrain_normal":-7001285277173128550,"water_depth":5221529885306154053},"layer":12,"normal_radius_px":"(10, 10)","raster_scale":"(2.449755, 2.449827)","river_sdf_max_dist_px":8.57426911572705,"shore_carve_band_px":15,"upload_ms":0.051,"wall_ms":430.319},{"bake_ms":381.8172,"coast_sdf_max_dist_px":19.5983294073761,"distance_scale":2.44979117592201,"edge_distance_saturate_hex":0.9,"edge_distance_units":"normalized_hex_center_gap","hashes":{"edge_distance":-906138419247906915,"edge_neighbor":-6642357066272383166,"flow":8181556937685429096,"height":-8330110353152238245,"map_index":-8533533710467949948,"terrain_detail":411530774500245248,"terrain_normal":6175724086744683722,"water_depth":-556369608058141511},"layer":13,"normal_radius_px":"(10, 10)","raster_scale":"(2.449755, 2.449827)","river_sdf_max_dist_px":8.57426911572705,"shore_carve_band_px":15,"upload_ms":0.07,"wall_ms":382.566},{"bake_ms":275.6699,"coast_sdf_max_dist_px":19.5983294073761,"distance_scale":2.44979117592201,"edge_distance_saturate_hex":0.9,"edge_distance_units":"normalized_hex_center_gap","hashes":{"edge_distance":8532781120261865297,"edge_neighbor":8486779813266198911,"flow":58973079119629635,"height":-8560554520611589531,"map_index":-4608397148348331228,"terrain_detail":896014002153512914,"terrain_normal":1528049590671484373,"water_depth":-3465794721599537679},"layer":14,"normal_radius_px":"(10, 10)","raster_scale":"(2.449755, 2.449827)","river_sdf_max_dist_px":8.57426911572705,"shore_carve_band_px":15,"upload_ms":0.051,"wall_ms":276.244}],"logical_size":"(2440, 1416)","mode":"tiled","path":"visual_tiled_static","profile":"desktop_auto","renderer":"mobile","requested_budget_px":3411975,"requested_texels_per_hex":14.0,"requested_tile_world_span":"(804.5714, 804.5714)","requested_world_units_per_texel":1.57142857142857,"tile_world_area":561669.436340332,"tile_world_span":"(762.1024, 737.0)","total_ms":7214.112,"visual_domain":"[P: (0.0, -44.0), S: (3810.512, 2211.0)]","wrap_period_x":3810.51177665153,"wrap_x":true}
Godot_v4.6.2-stable_win64_console.exe : WARNING: Loaded resource as image file, this will not work on export: 'res://as
sets/textures/terrain_materials/organic.png'. Instead, import the image file as an Image resource and load it normally 
as a resource.
所在位置 C:\Users\hkinghuang\AppData\Local\Temp\ps-script-36125814-0dcc-4212-af73-6e30f0192300.ps1:93 字符: 1
+ & 'D:\Godot\Godot_v4.6.2-stable_win64.exe\Godot_v4.6.2-stable_win64_c ...
+ ~~~~~~~~~~~~~~~~~~~~~~~~~~~~~~~~~~~~~~~~~~~~~~~~~~~~~~~~~~~~~~~~~~~~~
    + CategoryInfo          : NotSpecified: (WARNING: Loaded... as a resource.:String) [], RemoteException
    + FullyQualifiedErrorId : NativeCommandError
 
   at: load (core/io/image.cpp:2756)
   GDScript backtrace (most recent call first):
       [0] _build_terrain_material_tex (res://scripts/rendering/map_baker.gd:348)
       [1] get_or_build_shared_terrain_material_tex (res://scripts/rendering/map_baker.gd:331)
       [2] bake_world (res://scripts/rendering/map_baker.gd:1096)
       [3] generate (res://scripts/geography/map_generator.gd:1324)
       [4] generate_world (res://scripts/game/world_runtime_host.gd:256)
       [5] _run (res://tests/headless_perf_record.gd:109)
       [6] _init (res://tests/headless_perf_record.gd:24)
WARNING: Loaded resource as image file, this will not work on export: 'res://assets/textures/terrain_materials/dry_sand
.png'. Instead, import the image file as an Image resource and load it normally as a resource.
   at: load (core/io/image.cpp:2756)
   GDScript backtrace (most recent call first):
       [0] _build_terrain_material_tex (res://scripts/rendering/map_baker.gd:348)
       [1] get_or_build_shared_terrain_material_tex (res://scripts/rendering/map_baker.gd:331)
       [2] bake_world (res://scripts/rendering/map_baker.gd:1096)
       [3] generate (res://scripts/geography/map_generator.gd:1324)
       [4] generate_world (res://scripts/game/world_runtime_host.gd:256)
       [5] _run (res://tests/headless_perf_record.gd:109)
       [6] _init (res://tests/headless_perf_record.gd:24)
WARNING: Loaded resource as image file, this will not work on export: 'res://assets/textures/terrain_materials/rock.png
'. Instead, import the image file as an Image resource and load it normally as a resource.
   at: load (core/io/image.cpp:2756)
   GDScript backtrace (most recent call first):
       [0] _build_terrain_material_tex (res://scripts/rendering/map_baker.gd:348)
       [1] get_or_build_shared_terrain_material_tex (res://scripts/rendering/map_baker.gd:331)
       [2] bake_world (res://scripts/rendering/map_baker.gd:1096)
       [3] generate (res://scripts/geography/map_generator.gd:1324)
       [4] generate_world (res://scripts/game/world_runtime_host.gd:256)
       [5] _run (res://tests/headless_perf_record.gd:109)
       [6] _init (res://tests/headless_perf_record.gd:24)
WARNING: Loaded resource as image file, this will not work on export: 'res://assets/textures/terrain_materials/snow_wet
.png'. Instead, import the image file as an Image resource and load it normally as a resource.
   at: load (core/io/image.cpp:2756)
   GDScript backtrace (most recent call first):
       [0] _build_terrain_material_tex (res://scripts/rendering/map_baker.gd:348)
       [1] get_or_build_shared_terrain_material_tex (res://scripts/rendering/map_baker.gd:331)
       [2] bake_world (res://scripts/rendering/map_baker.gd:1096)
       [3] generate (res://scripts/geography/map_generator.gd:1324)
       [4] generate_world (res://scripts/game/world_runtime_host.gd:256)
       [5] _run (res://tests/headless_perf_record.gd:109)
       [6] _init (res://tests/headless_perf_record.gd:24)
  cell LUT encode: deferred until DCWorldExt bind
  encode: 10025ms
MapBaker v6: total 10936ms
MapGenerator v7: bake 11012ms
MapGenerator: skip _compute_ocean_currents (physical-hex path writes per-cell directly)
MapGenerator: skip _compute_terrain_perturbed_wind (physical-hex solver writes per-cell)
[SUS] sim budget strict=false frame=8.00ms warn=2.00ms slice=0.75ms upload=1.50ms scheduler=DCSystemScheduler native_sus=auto
[DCWorldExt] bind_map_data: 143 components bound (auto-registered=143; snapshot model; see world_ext.cpp comment & charter 脗搂11)
[DataCore] _data_core_world_ext bound=true (climate co-processor; class=DCWorldExt)
[native_world] configure rc=0 reason=configured cells=6400
[native_generation] path=gdext n=6400 published=9 native_ms=0.423 compute_ms=0.373 flush_ms=0.049
[hex_cell] facade ENABLED (6400 cells bound; ext=true)
[DataCore] _baker climate_profile injected=true (fixes WorldData.config==null sea_ice prepare path)
[phys_solve][oneshot] OK slp=1.47ms wind=0.78ms psi=0.84ms(ran=true) upwelling=0.11ms total=4.32ms
PhysicalCirculation solve@phase=1.50 total=5ms (C++ one-shot run_physical_solve_pass)
  wind/ocean pixel buffers: skipped (ocean_current_visual off)
[physical_init] deferred native refresh complete: 5ms
[cell_lut] deferred encode: 2ms path=gdext
[weather] gdext acceleration ON (class=DCWorldExt)
[weather] gdext field commit ON
[weather] gdext distribute ON
[weather] gdext summary ON
[weather] hexcell facade ON (skip AoS double-write in hot loop)
[weather] gdext resident knobs ON (class=KnobsHandle)
[economy] ACTIVE native graph cells=6400 goods=121 cohorts=13601 epoch_days=5 trade=ACTIVE topology_ready=true topology_generation=1 bootstrap=none founder_families=0 founder_people=0
[country] ACTIVE native authority countries=1 cells=6400 generation=1
[economy/test-bootstrap] scale_mode=resource_tiered populated_cells=2794 population=7802278 cohorts=13601 professions=7/41 building_groups=27400 building_types=14/272 capacity_buildings=117060->38963 trimmed=78097 population_range=0..12031 cap=150000 goods=121 tiers={ "tens": 699, "hundreds": 698, "thousands": 699, "ten_thousands": 698 } construction_regions=3/5 skipped=2
[weather/knobs] resident KnobsHandle path ACTIVE 鈥?first to_*_knobs_dict hit (field_rebuild_count=1 expected 鈮?; stable Hz target 鈮? Hz)
[native_daily] ACTIVE: registered native_daily_sim + natural_resource_daily; retained season_refresh + ocean_currents boundary jobs
[DCSystemScheduler] topology: ["season_refresh", "trigger_runtime", "modifier_daily", "natural_resource_daily", "enum_atlas_upload", "ocean_currents", "native_daily_sim", "dynamic_visual_atlas_upload", "country_daily", "economy_daily"]
[perf-record] start (start_tick=0)
[season_refresh] b_plus_start path=gdext handle=1 season=0 n_cells=6400
[native_daily/slow-dump] tick=1 day=1 sample=1 commit=-1 age=0/10 over=false state=active stage=climate_pass_a/climate_pass_a_struct node=climate_pass_a/climate_pass_a_struct cursor=0-1 cells=-1--1/0 done=false progress=0.05 wall=9.33 shell=9.48 shell_gap=0.15 bundle=0.25 jit=0.00 keys=[] native_call=9.00 cpp=8.90 compute=0.00 refresh=0.28 flush=0.00 apply=0.08 round=8.90 weather=0.00 prebuilt=false path=gdext_native_daily_slice
[DCSystemScheduler][RT] ocean_skip#1 tick=1 reason=policy_gated slices=0 elapsed=0.000 progress=0.000 source=day_changed
[detail_scatter] tick-sync queued=948 (vegetation=302)
[dc/terrain_mirror_sync] reason=sus_tick_pre terrain_mis=771 isw_mis=0 terrain_written=true isw_written=false
[DCSystemScheduler][RT] ocean_skip#2 tick=2 reason=policy_gated slices=0 elapsed=0.000 progress=0.000 source=day_changed
[DCSystemScheduler][RT] ocean_skip#3 tick=3 reason=policy_gated slices=0 elapsed=0.000 progress=0.000 source=day_changed
[phys_solve][RT] start#1 phase=0.0438 pending=nan solve_ocean=true ext=true idx=true soa=true
[slp_field] path-decision call#1: prof=true pflag_attr=true pflag_val=true ext=true method=true idx=true -> cpp_gate=true
[slp_field] commit-diag call#1: rc=0.091 slp_out=6400 n_cells=6400 map_slp=6400 published=false
[slp_field][RT-DIAG] call#1 phase=0.0438 rc=0.091 slp_out=6400 n=6400 published=false -> commit_ok
[natural_resource/slow-dump] tick=5 day=5 wall=11.93 cpp=2.400 compute=1.700 loop=0.972 flush=0.247 wrapper=9.502 layout=cell_range_fused_seq_dt dispatches=0 resources=13/31 skipped_static=18 published=true total_delta=-50283807.74251
[DCSystemScheduler][RT] ocean_skip#4 tick=5 reason=frame_budget_exhausted slices=0 elapsed=0.000 progress=0.000 source=day_changed
[DCSystemScheduler][RT] ocean_skip#5 tick=7 reason=policy_gated slices=0 elapsed=0.000 progress=0.000 source=day_changed
[slp_field] path-decision call#2: prof=true pflag_attr=true pflag_val=true ext=true method=true idx=true -> cpp_gate=true
[slp_field] commit-diag call#2: rc=0.089 slp_out=6400 n_cells=6400 map_slp=6400 published=false
[slp_field][RT-DIAG] call#2 phase=0.0438 rc=0.089 slp_out=6400 n=6400 published=false -> commit_ok
[DCSystemScheduler][RT] ocean_skip#6 tick=9 reason=policy_gated slices=0 elapsed=0.000 progress=0.000 source=day_changed
[DCSystemScheduler][RT] ocean_skip#7 tick=10 reason=policy_gated slices=0 elapsed=0.000 progress=0.000 source=day_changed
[DCSystemScheduler][RT] ocean_skip#8 tick=11 reason=policy_gated slices=0 elapsed=0.000 progress=0.000 source=day_changed
[slp_field] path-decision call#3: prof=true pflag_attr=true pflag_val=true ext=true method=true idx=true -> cpp_gate=true
[slp_field] commit-diag call#3: rc=0.077 slp_out=6400 n_cells=6400 map_slp=6400 published=false
[slp_field][RT-DIAG] call#3 phase=0.0438 rc=0.077 slp_out=6400 n=6400 published=false -> commit_ok
[DCSystemScheduler][RT] ocean_skip#9 tick=13 reason=policy_gated slices=0 elapsed=0.000 progress=0.000 source=day_changed
[dc/terrain_mirror_sync] reason=sus_tick_pre terrain_mis=373 isw_mis=0 terrain_written=true isw_written=false
[DCSystemScheduler][RT] ocean_skip#10 tick=14 reason=policy_gated slices=0 elapsed=0.000 progress=0.000 source=day_changed
[DCSystemScheduler][RT] ocean_skip#11 tick=15 reason=policy_gated slices=0 elapsed=0.000 progress=0.000 source=day_changed
[detail_scatter] tick-sync queued=271 (vegetation=0)
[slp_field][RT-DIAG] call#4 phase=0.0438 rc=0.084 slp_out=6400 n=6400 published=false -> commit_ok
[DCSystemScheduler][RT] ocean_skip#12 tick=17 reason=policy_gated slices=0 elapsed=0.000 progress=0.000 source=day_changed
[DCSystemScheduler][RT] ocean_skip#13 tick=19 reason=policy_gated slices=0 elapsed=0.000 progress=0.000 source=day_changed
[slp_field][RT-DIAG] call#5 phase=0.0438 rc=0.080 slp_out=6400 n=6400 published=false -> commit_ok
[DCSystemScheduler][RT] ocean_skip#14 tick=21 reason=policy_gated slices=0 elapsed=0.000 progress=0.000 source=day_changed
[DCSystemScheduler][RT] ocean_skip#15 tick=22 reason=policy_gated slices=0 elapsed=0.000 progress=0.000 source=day_changed
[DCSystemScheduler][RT] ocean_skip#16 tick=23 reason=policy_gated slices=0 elapsed=0.000 progress=0.000 source=day_changed
[dc/terrain_mirror_sync] reason=sus_tick_pre terrain_mis=341 isw_mis=0 terrain_written=true isw_written=false
[DCSystemScheduler][RT] ocean_skip#17 tick=25 reason=policy_gated slices=0 elapsed=0.000 progress=0.000 source=day_changed
[DCSystemScheduler][RT] ocean_skip#18 tick=26 reason=policy_gated slices=0 elapsed=0.000 progress=0.000 source=day_changed
[DCSystemScheduler][RT] ocean_skip#19 tick=27 reason=policy_gated slices=0 elapsed=0.000 progress=0.000 source=day_changed
[DCSystemScheduler][RT] ocean_skip#20 tick=29 reason=policy_gated slices=0 elapsed=0.000 progress=0.000 source=day_changed
[DCSystemScheduler][RT] ocean_skip#21 tick=31 reason=policy_gated slices=0 elapsed=0.000 progress=0.000 source=day_changed
[slp_field] gdext path ACTIVE 鈥?first run elapsed=0.42ms (legacy GDScript baseline ~36ms; target < 3ms)
[DCSystemScheduler][RT] ocean_skip#22 tick=33 reason=policy_gated slices=0 elapsed=0.000 progress=0.000 source=day_changed
[dc/terrain_mirror_sync] reason=sus_tick_pre terrain_mis=84 isw_mis=0 terrain_written=true isw_written=false
[DCSystemScheduler][RT] ocean_skip#23 tick=34 reason=policy_gated slices=0 elapsed=0.000 progress=0.000 source=day_changed
[DCSystemScheduler][RT] ocean_skip#24 tick=35 reason=policy_gated slices=0 elapsed=0.000 progress=0.000 source=day_changed
[DCSystemScheduler][RT] ocean_skip#25 tick=37 reason=policy_gated slices=0 elapsed=0.000 progress=0.000 source=day_changed
[DCSystemScheduler][RT] ocean_skip#26 tick=38 reason=policy_gated slices=0 elapsed=0.000 progress=0.000 source=day_changed
[DCSystemScheduler][RT] ocean_skip#27 tick=39 reason=policy_gated slices=0 elapsed=0.000 progress=0.000 source=day_changed
[psi_solver] path-decision call#1: prof=true pflag_attr=true pflag_val=true ext=true method=true idx=true heat=true -> cpp_gate=true
[psi_solver] gdext path ACTIVE 鈥?first run elapsed=0.42ms (legacy GDScript stage3+4+5 baseline ~32+ms; target < 5ms)
[psi_solver] commit-diag call#1: rc=0.421 n_water=1860 n_cells=6400 published=true
[DCSystemScheduler][RT] ocean_skip#28 tick=41 reason=policy_gated slices=0 elapsed=0.000 progress=0.000 source=day_changed
[DCSystemScheduler][RT] ocean_skip#29 tick=43 reason=policy_gated slices=0 elapsed=0.000 progress=0.000 source=day_changed
[dc/terrain_mirror_sync] reason=sus_tick_pre terrain_mis=37 isw_mis=0 terrain_written=true isw_written=false
[upwelling/DIAG#1] gate: prof=true pflag_attr=true pflag_val=true ext=true method=true wind_cpp=true idx=true -> cpp_gate=true
[upwelling/DIAG#1] cpp-call: ret_type=27 fallback=false reason='' elapsed_native_ms=0.008
[upwelling/DIAG#1] BREAKDOWN: T1_nb_pack=0.00ms T2_knobs=0.00ms T3_refresh_slots=0.12ms T4_cpp_call=0.02ms (n=6400)
[DCSystemScheduler][RT] ocean_skip#30 tick=45 reason=policy_gated slices=0 elapsed=0.000 progress=0.000 source=day_changed
[DCSystemScheduler][RT] ocean_skip#31 tick=46 reason=policy_gated slices=0 elapsed=0.000 progress=0.000 source=day_changed
[DCSystemScheduler][RT] ocean_skip#32 tick=47 reason=policy_gated slices=0 elapsed=0.000 progress=0.000 source=day_changed
[DCSystemScheduler][RT] ocean_skip#33 tick=49 reason=policy_gated slices=0 elapsed=0.000 progress=0.000 source=day_changed
[DCSystemScheduler][RT] ocean_skip#34 tick=50 reason=policy_gated slices=0 elapsed=0.000 progress=0.000 source=day_changed
[DCSystemScheduler][RT] ocean_skip#35 tick=51 reason=policy_gated slices=0 elapsed=0.000 progress=0.000 source=day_changed
[DCSystemScheduler][RT] ocean_skip#36 tick=53 reason=policy_gated slices=0 elapsed=0.000 progress=0.000 source=day_changed
[dc/terrain_mirror_sync] reason=sus_tick_pre terrain_mis=31 isw_mis=0 terrain_written=true isw_written=false
[DCSystemScheduler][RT] ocean_skip#37 tick=55 reason=policy_gated slices=0 elapsed=0.000 progress=0.000 source=day_changed
[DCSystemScheduler][RT] ocean_skip#38 tick=57 reason=policy_gated slices=0 elapsed=0.000 progress=0.000 source=day_changed
[DCSystemScheduler][RT] ocean_skip#39 tick=58 reason=policy_gated slices=0 elapsed=0.000 progress=0.000 source=day_changed
[DCSystemScheduler][RT] ocean_skip#40 tick=59 reason=policy_gated slices=0 elapsed=0.000 progress=0.000 source=day_changed
[perf-record] exported rows=60 cols=1378 鈫?D:/Godot/ProjectKeynes/Project.Keynes/tmp/perf_record_20260803_161817.csv
[headless-perf/result] label=bidx days=60 speed=50.000 seed=3938924037 map=100x64 population_scale=0 saved_setup=true generation_ms=24932.6 run_ms=5944.8 barrier_pulses=460 ledger_failures=0 fatal=false rows=60 expected_rows=60 path=D:/Godot/ProjectKeynes/Project.Keynes/tmp/perf_record_20260803_161817.csv
ERROR: 26 RID allocations of type 'PN13RendererDummy14TextureStorage12DummyTextureE' were leaked at exit.
WARNING: ObjectDB instances leaked at exit (run with --verbose for details).
   at: cleanup (core/object/object.cpp:2641)
ERROR: 156 resources still in use at exit (run with --verbose for details).
   at: clear (core/io/resource.cpp:810)
