Godot Engine v4.6.2.stable.official.71f334935 - https://godotengine.org

SCRIPT ERROR: Parse Error: Assigned value for constant "_SEASON_ROUND_REFRESH_KEYS" isn't a constant expression.
   at: GDScript::reload (res://scripts/geography/map_generator.gd:474)
SCRIPT ERROR: Compile Error: Failed to compile depended scripts.
   at: GDScript::reload (res://scripts/game/world_runtime_host.gd:0)
SCRIPT ERROR: Compile Error: Failed to compile depended scripts.
   at: GDScript::reload (res://tests/headless_perf_record.gd:0)
ERROR: Failed to load script "res://tests/headless_perf_record.gd" with error "Compilation failed".
   at: load (modules/gdscript/gdscript.cpp:2907)
[headless-perf] runtime_graph_mode=ACTIVE applied
SCRIPT ERROR: Invalid call. Nonexistent function 'new' in base 'GDScript'.
   at: WorldRuntimeHost.generate_world (res://scripts/game/world_runtime_host.gd:307)
   GDScript backtrace (most recent call first):
       [0] generate_world (res://scripts/game/world_runtime_host.gd:307)
       [1] _run (res://tests/headless_perf_record.gd:193)
       [2] _init (res://tests/headless_perf_record.gd:25)
ERROR: [headless-perf] world generation failed
   at: push_error (core/variant/variant_utility.cpp:1024)
   GDScript backtrace (most recent call first):
       [0] _run (res://tests/headless_perf_record.gd:206)
       [1] _init (res://tests/headless_perf_record.gd:25)
WARNING: ObjectDB instances leaked at exit (run with --verbose for details).
   at: cleanup (core/object/object.cpp:2641)
ERROR: 33 resources still in use at exit (run with --verbose for details).
   at: clear (core/io/resource.cpp:810)
