Godot Engine v4.6.2.stable.official.71f334935 - https://godotengine.org

[native_generation/base] path=gdext algorithm=post_base_priority_flood_hydrology_v3 n=6400 native_ms=24.333 water=2291 land=4109
[native_generation/post_base] path=gdext algorithm=post_base_priority_flood_hydrology_v3 n=6400 native_ms=5.166 lakes=388 rivers=574 volcanoes=0
[native_generation/vegetation] native_ms=2.018 candidates=3964 none=2079 score=[0.004,0.912,1.148] plant_water_land=4029 river_adjacent_desert=0 coastal_highland_desert=0 terrain_weight=[0.180,1.250]
[native_generation/qa] single_water=0 tiny<=3=0 small<=5=0 bodies=13 largest=1956 | land_below_sea=0.2% | terr_distinct=24 entropy=3.669bit | river_ratio=8.969%
MapGenerator v7: per-cell 168ms (6400 cells, path=gdext_base)
MapBaker v6: hm=(1024, 578) seed=3080292883
    [fused] terrain=742.2ms erosion=2.6ms(ok=true) river=24.1ms(ok=true) latitude=0.1ms coast_sdf=5.2ms(ok=true)
  geometry fields (fused C++): 842ms
  physical circulation hex solve: deferred until DCWorldExt bind (ext=true idx=true soa=false)
  wind/ocean pixel buffers: skipped (ocean_current_visual off)
  visual tiles: {"degradation_reason":"","effective_budget_px":3455040,"effective_texels_per_hex":14.0884494350151,"effective_world_units_per_texel":"(1.561685, 1.561441)","estimated_peak_bytes":133489440,"estimated_resident_bytes":77283360,"fallback_reason":"","generation_id":1,"grid_size":"(5, 3)","gutter_px":2,"hex_size":22.0,"horizon_path":"neutral_pending","interior_size":"(488, 472)","layer_size":"(492, 476)","layers":[{"bake_ms":509.3696,"coast_sdf_max_dist_px":19.5983294073761,"distance_scale":2.44979117592201,"edge_distance_saturate_hex":0.9,"edge_distance_units":"normalized_hex_center_gap","hashes":{"edge_distance":1479094382727968431,"edge_neighbor":-4529677664672782416,"flow":5763308578366789833,"height":-8383145202402640857,"map_index":1105866491923388720,"terrain_detail":2043067993474036080,"terrain_normal":6178618011731357337,"water_depth":7389808645002105533},"layer":0,"normal_radius_px":"(10, 10)","raster_scale":"(2.449755, 2.449827)","river_sdf_max_dist_px":8.57426911572705,"shore_carve_band_px":15,"upload_ms":0.056,"wall_ms":509.864},{"bake_ms":603.4346,"coast_sdf_max_dist_px":19.5983294073761,"distance_scale":2.44979117592201,"edge_distance_saturate_hex":0.9,"edge_distance_units":"normalized_hex_center_gap","hashes":{"edge_distance":3917343138801707955,"edge_neighbor":-480078622136703599,"flow":9055084189354526722,"height":-3729760229983350561,"map_index":4317229741676895290,"terrain_detail":-703159524434254322,"terrain_normal":8884208714847456719,"water_depth":6456088600009377137},"layer":1,"normal_radius_px":"(10, 10)","raster_scale":"(2.449755, 2.449827)","river_sdf_max_dist_px":8.57426911572705,"shore_carve_band_px":15,"upload_ms":0.052,"wall_ms":603.947},{"bake_ms":606.3265,"coast_sdf_max_dist_px":19.5983294073761,"distance_scale":2.44979117592201,"edge_distance_saturate_hex":0.9,"edge_distance_units":"normalized_hex_center_gap","hashes":{"edge_distance":5460092835903059977,"edge_neighbor":2503313497319906048,"flow":-7742323661063974425,"height":998795759167943664,"map_index":5560384135936219085,"terrain_detail":-7676483978500309690,"terrain_normal":2022749041010246820,"water_depth":2160088373818745967},"layer":2,"normal_radius_px":"(10, 10)","raster_scale":"(2.449755, 2.449827)","river_sdf_max_dist_px":8.57426911572705,"shore_carve_band_px":15,"upload_ms":0.051,"wall_ms":606.845},{"bake_ms":574.9965,"coast_sdf_max_dist_px":19.5983294073761,"distance_scale":2.44979117592201,"edge_distance_saturate_hex":0.9,"edge_distance_units":"normalized_hex_center_gap","hashes":{"edge_distance":4494648852150832060,"edge_neighbor":3339351307434416714,"flow":4150326758686351874,"height":-4982492055357665149,"map_index":-5486282955183017375,"terrain_detail":2519998511530725549,"terrain_normal":3887483322551545656,"water_depth":4242145545116123881},"layer":3,"normal_radius_px":"(10, 10)","raster_scale":"(2.449755, 2.449827)","river_sdf_max_dist_px":8.57426911572705,"shore_carve_band_px":15,"upload_ms":0.092,"wall_ms":575.756},{"bake_ms":355.2056,"coast_sdf_max_dist_px":19.5983294073761,"distance_scale":2.44979117592201,"edge_distance_saturate_hex":0.9,"edge_distance_units":"normalized_hex_center_gap","hashes":{"edge_distance":-7604047920591935000,"edge_neighbor":-7170731589936234385,"flow":-984863891779985026,"height":-6616042274808000073,"map_index":-4667921134146217482,"terrain_detail":4340638759319414192,"terrain_normal":8510447688619239337,"water_depth":3530057375694575485},"layer":4,"normal_radius_px":"(10, 10)","raster_scale":"(2.449755, 2.449827)","river_sdf_max_dist_px":8.57426911572705,"shore_carve_band_px":15,"upload_ms":0.056,"wall_ms":355.739},{"bake_ms":523.8265,"coast_sdf_max_dist_px":19.5983294073761,"distance_scale":2.44979117592201,"edge_distance_saturate_hex":0.9,"edge_distance_units":"normalized_hex_center_gap","hashes":{"edge_distance":-2573546538581446667,"edge_neighbor":-7625620733528857284,"flow":-806475574969414415,"height":-9038523334894675201,"map_index":2863504553546838718,"terrain_detail":8784872574677390295,"terrain_normal":-6711833610711983181,"water_depth":5390561832469009922},"layer":5,"normal_radius_px":"(10, 10)","raster_scale":"(2.449755, 2.449827)","river_sdf_max_dist_px":8.57426911572705,"shore_carve_band_px":15,"upload_ms":0.081,"wall_ms":524.484},{"bake_ms":681.924,"coast_sdf_max_dist_px":19.5983294073761,"distance_scale":2.44979117592201,"edge_distance_saturate_hex":0.9,"edge_distance_units":"normalized_hex_center_gap","hashes":{"edge_distance":728590336735298986,"edge_neighbor":-2922276667564858800,"flow":7713989338396196509,"height":-5693647873738333896,"map_index":1666022792473112890,"terrain_detail":-2282795897132857399,"terrain_normal":2893919234469720534,"water_depth":-8568994309317746050},"layer":6,"normal_radius_px":"(10, 10)","raster_scale":"(2.449755, 2.449827)","river_sdf_max_dist_px":8.57426911572705,"shore_carve_band_px":15,"upload_ms":0.097,"wall_ms":682.608},{"bake_ms":674.4642,"coast_sdf_max_dist_px":19.5983294073761,"distance_scale":2.44979117592201,"edge_distance_saturate_hex":0.9,"edge_distance_units":"normalized_hex_center_gap","hashes":{"edge_distance":-8193652994742474491,"edge_neighbor":-6323250984493433074,"flow":60754869457648606,"height":3900979186615009622,"map_index":-6673626979069275786,"terrain_detail":-5528361655999654354,"terrain_normal":-6625638121702354967,"water_depth":1748592937345204520},"layer":7,"normal_radius_px":"(10, 10)","raster_scale":"(2.449755, 2.449827)","river_sdf_max_dist_px":8.57426911572705,"shore_carve_band_px":15,"upload_ms":0.078,"wall_ms":675.155},{"bake_ms":608.862,"coast_sdf_max_dist_px":19.5983294073761,"distance_scale":2.44979117592201,"edge_distance_saturate_hex":0.9,"edge_distance_units":"normalized_hex_center_gap","hashes":{"edge_distance":2535015817325157653,"edge_neighbor":-5980605249554926565,"flow":-3672700811374637854,"height":-2248199926445463742,"map_index":8499041049378298409,"terrain_detail":-1765732602436592489,"terrain_normal":-5713873491523543591,"water_depth":-7985633861626232544},"layer":8,"normal_radius_px":"(10, 10)","raster_scale":"(2.449755, 2.449827)","river_sdf_max_dist_px":8.57426911572705,"shore_carve_band_px":15,"upload_ms":0.078,"wall_ms":609.386},{"bake_ms":444.8182,"coast_sdf_max_dist_px":19.5983294073761,"distance_scale":2.44979117592201,"edge_distance_saturate_hex":0.9,"edge_distance_units":"normalized_hex_center_gap","hashes":{"edge_distance":-6227287459932553371,"edge_neighbor":3275776095591156434,"flow":2071189275510687920,"height":3107411219871251602,"map_index":1701951555055909710,"terrain_detail":3029589124635328917,"terrain_normal":-2192498488652615309,"water_depth":7556889142734704998},"layer":9,"normal_radius_px":"(10, 10)","raster_scale":"(2.449755, 2.449827)","river_sdf_max_dist_px":8.57426911572705,"shore_carve_band_px":15,"upload_ms":0.078,"wall_ms":445.335},{"bake_ms":469.9457,"coast_sdf_max_dist_px":19.5983294073761,"distance_scale":2.44979117592201,"edge_distance_saturate_hex":0.9,"edge_distance_units":"normalized_hex_center_gap","hashes":{"edge_distance":7857732833750622264,"edge_neighbor":-4735300975952644298,"flow":4205830614748149802,"height":6010707174182623598,"map_index":-8116888614055301037,"terrain_detail":5964946298203764215,"terrain_normal":-1652109995259196216,"water_depth":2370230277958362176},"layer":10,"normal_radius_px":"(10, 10)","raster_scale":"(2.449755, 2.449827)","river_sdf_max_dist_px":8.57426911572705,"shore_carve_band_px":15,"upload_ms":0.058,"wall_ms":470.526},{"bake_ms":490.3324,"coast_sdf_max_dist_px":19.5983294073761,"distance_scale":2.44979117592201,"edge_distance_saturate_hex":0.9,"edge_distance_units":"normalized_hex_center_gap","hashes":{"edge_distance":8785941059991446002,"edge_neighbor":-2199793474527072151,"flow":4665450128383419530,"height":2772508520275104817,"map_index":5494117133113102821,"terrain_detail":5228677019731143012,"terrain_normal":8375603341551891934,"water_depth":2965896885455494105},"layer":11,"normal_radius_px":"(10, 10)","raster_scale":"(2.449755, 2.449827)","river_sdf_max_dist_px":8.57426911572705,"shore_carve_band_px":15,"upload_ms":0.061,"wall_ms":490.936},{"bake_ms":463.4869,"coast_sdf_max_dist_px":19.5983294073761,"distance_scale":2.44979117592201,"edge_distance_saturate_hex":0.9,"edge_distance_units":"normalized_hex_center_gap","hashes":{"edge_distance":-8240471668198998428,"edge_neighbor":4251654743342328816,"flow":5696157931271576445,"height":-5121264518382810855,"map_index":-1689138821689949613,"terrain_detail":5265372650307471039,"terrain_normal":5395611109579290404,"water_depth":-6959631079381152897},"layer":12,"normal_radius_px":"(10, 10)","raster_scale":"(2.449755, 2.449827)","river_sdf_max_dist_px":8.57426911572705,"shore_carve_band_px":15,"upload_ms":0.05,"wall_ms":463.982},{"bake_ms":467.303,"coast_sdf_max_dist_px":19.5983294073761,"distance_scale":2.44979117592201,"edge_distance_saturate_hex":0.9,"edge_distance_units":"normalized_hex_center_gap","hashes":{"edge_distance":501440528817302076,"edge_neighbor":-7840738984615193059,"flow":5250802172802856570,"height":7556519795787875566,"map_index":971652724715256810,"terrain_detail":-7595947459844750396,"terrain_normal":7465060231393005295,"water_depth":8920372560518052455},"layer":13,"normal_radius_px":"(10, 10)","raster_scale":"(2.449755, 2.449827)","river_sdf_max_dist_px":8.57426911572705,"shore_carve_band_px":15,"upload_ms":0.051,"wall_ms":467.798},{"bake_ms":465.7479,"coast_sdf_max_dist_px":19.5983294073761,"distance_scale":2.44979117592201,"edge_distance_saturate_hex":0.9,"edge_distance_units":"normalized_hex_center_gap","hashes":{"edge_distance":-7970362412696619613,"edge_neighbor":-584630780032116640,"flow":4250574284316213793,"height":-7443174629809683832,"map_index":7670110752141556352,"terrain_detail":-3703246398557078228,"terrain_normal":-8833400101537063212,"water_depth":-97413956086067038},"layer":14,"normal_radius_px":"(10, 10)","raster_scale":"(2.449755, 2.449827)","river_sdf_max_dist_px":8.57426911572705,"shore_carve_band_px":15,"upload_ms":0.053,"wall_ms":466.311}],"logical_size":"(2440, 1416)","mode":"tiled","path":"visual_tiled_static","profile":"desktop_auto","renderer":"mobile","requested_budget_px":3411975,"requested_texels_per_hex":14.0,"requested_tile_world_span":"(804.5714, 804.5714)","requested_world_units_per_texel":1.57142857142857,"tile_world_area":561669.436340332,"tile_world_span":"(762.1024, 737.0)","total_ms":7949.246,"visual_domain":"[P: (0.0, -44.0), S: (3810.512, 2211.0)]","wrap_period_x":3810.51177665153,"wrap_x":true}
Godot_v4.6.2-stable_win64_console.exe : WARNING: Loaded resource as image file, this will not work on export: 'res://as
sets/textures/terrain_materials/organic.png'. Instead, import the image file as an Image resource and load it normally 
as a resource.
所在位置 C:\Users\hkinghuang\AppData\Local\Temp\ps-script-83e6a26e-d8e4-49d6-8bd7-6b5c62f59ac8.ps1:93 字符: 1
+ & 'D:\Godot\Godot_v4.6.2-stable_win64.exe\Godot_v4.6.2-stable_win64_c ...
+ ~~~~~~~~~~~~~~~~~~~~~~~~~~~~~~~~~~~~~~~~~~~~~~~~~~~~~~~~~~~~~~~~~~~~~
    + CategoryInfo          : NotSpecified: (WARNING: Loaded... as a resource.:String) [], RemoteException
    + FullyQualifiedErrorId : NativeCommandError
 
   at: load (core/io/image.cpp:2756)
   GDScript backtrace (most recent call first):
       [0] _build_terrain_material_tex (res://scripts/rendering/map_baker.gd:348)
       [1] get_or_build_shared_terrain_material_tex (res://scripts/rendering/map_baker.gd:331)
       [2] bake_world (res://scripts/rendering/map_baker.gd:1096)
       [3] generate (res://scripts/geography/map_generator.gd:1324)
       [4] generate_world (res://scripts/game/world_runtime_host.gd:256)
       [5] _run (res://tests/headless_perf_record.gd:109)
       [6] _init (res://tests/headless_perf_record.gd:24)
WARNING: Loaded resource as image file, this will not work on export: 'res://assets/textures/terrain_materials/dry_sand
.png'. Instead, import the image file as an Image resource and load it normally as a resource.
   at: load (core/io/image.cpp:2756)
   GDScript backtrace (most recent call first):
       [0] _build_terrain_material_tex (res://scripts/rendering/map_baker.gd:348)
       [1] get_or_build_shared_terrain_material_tex (res://scripts/rendering/map_baker.gd:331)
       [2] bake_world (res://scripts/rendering/map_baker.gd:1096)
       [3] generate (res://scripts/geography/map_generator.gd:1324)
       [4] generate_world (res://scripts/game/world_runtime_host.gd:256)
       [5] _run (res://tests/headless_perf_record.gd:109)
       [6] _init (res://tests/headless_perf_record.gd:24)
WARNING: Loaded resource as image file, this will not work on export: 'res://assets/textures/terrain_materials/rock.png
'. Instead, import the image file as an Image resource and load it normally as a resource.
   at: load (core/io/image.cpp:2756)
   GDScript backtrace (most recent call first):
       [0] _build_terrain_material_tex (res://scripts/rendering/map_baker.gd:348)
       [1] get_or_build_shared_terrain_material_tex (res://scripts/rendering/map_baker.gd:331)
       [2] bake_world (res://scripts/rendering/map_baker.gd:1096)
       [3] generate (res://scripts/geography/map_generator.gd:1324)
       [4] generate_world (res://scripts/game/world_runtime_host.gd:256)
       [5] _run (res://tests/headless_perf_record.gd:109)
       [6] _init (res://tests/headless_perf_record.gd:24)
WARNING: Loaded resource as image file, this will not work on export: 'res://assets/textures/terrain_materials/snow_wet
.png'. Instead, import the image file as an Image resource and load it normally as a resource.
   at: load (core/io/image.cpp:2756)
   GDScript backtrace (most recent call first):
       [0] _build_terrain_material_tex (res://scripts/rendering/map_baker.gd:348)
       [1] get_or_build_shared_terrain_material_tex (res://scripts/rendering/map_baker.gd:331)
       [2] bake_world (res://scripts/rendering/map_baker.gd:1096)
       [3] generate (res://scripts/geography/map_generator.gd:1324)
       [4] generate_world (res://scripts/game/world_runtime_host.gd:256)
       [5] _run (res://tests/headless_perf_record.gd:109)
       [6] _init (res://tests/headless_perf_record.gd:24)
  cell LUT encode: deferred until DCWorldExt bind
  encode: 10512ms
MapBaker v6: total 11358ms
MapGenerator v7: bake 11439ms
MapGenerator: skip _compute_ocean_currents (physical-hex path writes per-cell directly)
MapGenerator: skip _compute_terrain_perturbed_wind (physical-hex solver writes per-cell)
[SUS] sim budget strict=false frame=8.00ms warn=2.00ms slice=0.75ms upload=1.50ms scheduler=DCSystemScheduler native_sus=auto
[DCWorldExt] bind_map_data: 143 components bound (auto-registered=143; snapshot model; see world_ext.cpp comment & charter 脗搂11)
[DataCore] _data_core_world_ext bound=true (climate co-processor; class=DCWorldExt)
[native_world] configure rc=0 reason=configured cells=6400
[native_generation] path=gdext n=6400 published=9 native_ms=0.304 compute_ms=0.274 flush_ms=0.030
[hex_cell] facade ENABLED (6400 cells bound; ext=true)
[DataCore] _baker climate_profile injected=true (fixes WorldData.config==null sea_ice prepare path)
[phys_solve][oneshot] OK slp=1.44ms wind=0.81ms psi=0.62ms(ran=true) upwelling=0.13ms total=3.70ms
PhysicalCirculation solve@phase=1.50 total=4ms (C++ one-shot run_physical_solve_pass)
  wind/ocean pixel buffers: skipped (ocean_current_visual off)
[physical_init] deferred native refresh complete: 4ms
[cell_lut] deferred encode: 2ms path=gdext
[weather] gdext acceleration ON (class=DCWorldExt)
[weather] gdext field commit ON
[weather] gdext distribute ON
[weather] gdext summary ON
[weather] hexcell facade ON (skip AoS double-write in hot loop)
[weather] gdext resident knobs ON (class=KnobsHandle)
[economy] ACTIVE native graph cells=6400 goods=121 cohorts=14353 epoch_days=5 trade=ACTIVE topology_ready=true topology_generation=1 bootstrap=none founder_families=0 founder_people=0
[country] ACTIVE native authority countries=1 cells=6400 generation=1
[economy/test-bootstrap] scale_mode=resource_tiered populated_cells=3304 population=9250566 cohorts=14353 professions=7/41 building_groups=29957 building_types=14/272 capacity_buildings=128911->42157 trimmed=86754 population_range=0..12031 cap=150000 goods=121 tiers={ "tens": 826, "hundreds": 826, "thousands": 826, "ten_thousands": 826 } construction_regions=5/9 skipped=4
[weather/knobs] resident KnobsHandle path ACTIVE 鈥?first to_*_knobs_dict hit (field_rebuild_count=1 expected 鈮?; stable Hz target 鈮? Hz)
[native_daily] ACTIVE: registered native_daily_sim + natural_resource_daily; retained season_refresh + ocean_currents boundary jobs
[DCSystemScheduler] topology: ["season_refresh", "trigger_runtime", "modifier_daily", "natural_resource_daily", "enum_atlas_upload", "ocean_currents", "native_daily_sim", "dynamic_visual_atlas_upload", "country_daily", "economy_daily"]
[perf-record] start (start_tick=0)
[season_refresh] b_plus_start path=gdext handle=1 season=0 n_cells=6400
[DCSystemScheduler][RT] ocean_skip#1 tick=1 reason=policy_gated slices=0 elapsed=0.000 progress=0.000 source=day_changed
[detail_scatter] tick-sync queued=1542 (vegetation=354)
[dc/terrain_mirror_sync] reason=sus_tick_pre terrain_mis=1202 isw_mis=0 terrain_written=true isw_written=false
[DCSystemScheduler][RT] ocean_skip#2 tick=2 reason=policy_gated slices=0 elapsed=0.000 progress=0.000 source=day_changed
[DCSystemScheduler][RT] ocean_skip#3 tick=3 reason=policy_gated slices=0 elapsed=0.000 progress=0.000 source=day_changed
[phys_solve][RT] start#1 phase=0.0438 pending=nan solve_ocean=true ext=true idx=true soa=true
[slp_field] path-decision call#1: prof=true pflag_attr=true pflag_val=true ext=true method=true idx=true -> cpp_gate=true
[slp_field] commit-diag call#1: rc=0.081 slp_out=6400 n_cells=6400 map_slp=6400 published=false
[slp_field][RT-DIAG] call#1 phase=0.0438 rc=0.081 slp_out=6400 n=6400 published=false -> commit_ok
[natural_resource/slow-dump] tick=5 day=5 wall=7.29 cpp=1.619 compute=1.122 loop=0.684 flush=0.146 wrapper=5.643 layout=cell_range_fused_seq_dt dispatches=0 resources=13/31 skipped_static=18 published=true total_delta=-81373120.34721
[DCSystemScheduler][RT] ocean_skip#4 tick=5 reason=policy_gated slices=0 elapsed=0.000 progress=0.000 source=day_changed
[DCSystemScheduler][RT] ocean_skip#5 tick=7 reason=policy_gated slices=0 elapsed=0.000 progress=0.000 source=day_changed
[slp_field] path-decision call#2: prof=true pflag_attr=true pflag_val=true ext=true method=true idx=true -> cpp_gate=true
[slp_field] commit-diag call#2: rc=0.083 slp_out=6400 n_cells=6400 map_slp=6400 published=false
[slp_field][RT-DIAG] call#2 phase=0.0438 rc=0.083 slp_out=6400 n=6400 published=false -> commit_ok
[DCSystemScheduler][RT] ocean_skip#6 tick=9 reason=policy_gated slices=0 elapsed=0.000 progress=0.000 source=day_changed
[DCSystemScheduler][RT] ocean_skip#7 tick=10 reason=policy_gated slices=0 elapsed=0.000 progress=0.000 source=day_changed
[DCSystemScheduler][RT] ocean_skip#8 tick=11 reason=policy_gated slices=0 elapsed=0.000 progress=0.000 source=day_changed
[slp_field] path-decision call#3: prof=true pflag_attr=true pflag_val=true ext=true method=true idx=true -> cpp_gate=true
[slp_field] commit-diag call#3: rc=0.072 slp_out=6400 n_cells=6400 map_slp=6400 published=false
[slp_field][RT-DIAG] call#3 phase=0.0438 rc=0.072 slp_out=6400 n=6400 published=false -> commit_ok
[DCSystemScheduler][RT] ocean_skip#9 tick=13 reason=policy_gated slices=0 elapsed=0.000 progress=0.000 source=day_changed
[dc/terrain_mirror_sync] reason=sus_tick_pre terrain_mis=329 isw_mis=0 terrain_written=true isw_written=false
[DCSystemScheduler][RT] ocean_skip#10 tick=14 reason=policy_gated slices=0 elapsed=0.000 progress=0.000 source=day_changed
[DCSystemScheduler][RT] ocean_skip#11 tick=15 reason=policy_gated slices=0 elapsed=0.000 progress=0.000 source=day_changed
[detail_scatter] tick-sync queued=786 (vegetation=0)
[slp_field][RT-DIAG] call#4 phase=0.0438 rc=0.090 slp_out=6400 n=6400 published=false -> commit_ok
[DCSystemScheduler][RT] ocean_skip#12 tick=17 reason=policy_gated slices=0 elapsed=0.000 progress=0.000 source=day_changed
[DCSystemScheduler][RT] ocean_skip#13 tick=19 reason=policy_gated slices=0 elapsed=0.000 progress=0.000 source=day_changed
[slp_field][RT-DIAG] call#5 phase=0.0438 rc=0.085 slp_out=6400 n=6400 published=false -> commit_ok
[DCSystemScheduler][RT] ocean_skip#14 tick=21 reason=policy_gated slices=0 elapsed=0.000 progress=0.000 source=day_changed
[DCSystemScheduler][RT] ocean_skip#15 tick=22 reason=policy_gated slices=0 elapsed=0.000 progress=0.000 source=day_changed
[DCSystemScheduler][RT] ocean_skip#16 tick=23 reason=policy_gated slices=0 elapsed=0.000 progress=0.000 source=day_changed
[dc/terrain_mirror_sync] reason=sus_tick_pre terrain_mis=154 isw_mis=0 terrain_written=true isw_written=false
[DCSystemScheduler][RT] ocean_skip#17 tick=25 reason=policy_gated slices=0 elapsed=0.000 progress=0.000 source=day_changed
[DCSystemScheduler][RT] ocean_skip#18 tick=26 reason=policy_gated slices=0 elapsed=0.000 progress=0.000 source=day_changed
[DCSystemScheduler][RT] ocean_skip#19 tick=27 reason=policy_gated slices=0 elapsed=0.000 progress=0.000 source=day_changed
[DCSystemScheduler][RT] ocean_skip#20 tick=29 reason=policy_gated slices=0 elapsed=0.000 progress=0.000 source=day_changed
[DCSystemScheduler][RT] ocean_skip#21 tick=31 reason=policy_gated slices=0 elapsed=0.000 progress=0.000 source=day_changed
[slp_field] gdext path ACTIVE 鈥?first run elapsed=0.42ms (legacy GDScript baseline ~36ms; target < 3ms)
[DCSystemScheduler][RT] ocean_skip#22 tick=33 reason=policy_gated slices=0 elapsed=0.000 progress=0.000 source=day_changed
[dc/terrain_mirror_sync] reason=sus_tick_pre terrain_mis=35 isw_mis=0 terrain_written=true isw_written=false
[DCSystemScheduler][RT] ocean_skip#23 tick=34 reason=policy_gated slices=0 elapsed=0.000 progress=0.000 source=day_changed
[DCSystemScheduler][RT] ocean_skip#24 tick=35 reason=policy_gated slices=0 elapsed=0.000 progress=0.000 source=day_changed
[DCSystemScheduler][RT] ocean_skip#25 tick=37 reason=policy_gated slices=0 elapsed=0.000 progress=0.000 source=day_changed
[DCSystemScheduler][RT] ocean_skip#26 tick=38 reason=policy_gated slices=0 elapsed=0.000 progress=0.000 source=day_changed
[DCSystemScheduler][RT] ocean_skip#27 tick=39 reason=policy_gated slices=0 elapsed=0.000 progress=0.000 source=day_changed
[psi_solver] path-decision call#1: prof=true pflag_attr=true pflag_val=true ext=true method=true idx=true heat=true -> cpp_gate=true
[psi_solver] gdext path ACTIVE 鈥?first run elapsed=0.53ms (legacy GDScript stage3+4+5 baseline ~32+ms; target < 5ms)
[psi_solver] commit-diag call#1: rc=0.527 n_water=1453 n_cells=6400 published=true
[DCSystemScheduler][RT] ocean_skip#28 tick=41 reason=policy_gated slices=0 elapsed=0.000 progress=0.000 source=day_changed
[DCSystemScheduler][RT] ocean_skip#29 tick=43 reason=policy_gated slices=0 elapsed=0.000 progress=0.000 source=day_changed
[upwelling/DIAG#1] gate: prof=true pflag_attr=true pflag_val=true ext=true method=true wind_cpp=true idx=true -> cpp_gate=true
[upwelling/DIAG#1] cpp-call: ret_type=27 fallback=false reason='' elapsed_native_ms=0.015
[upwelling/DIAG#1] BREAKDOWN: T1_nb_pack=0.00ms T2_knobs=0.00ms T3_refresh_slots=0.14ms T4_cpp_call=0.09ms (n=6400)
[dc/terrain_mirror_sync] reason=sus_tick_pre terrain_mis=12 isw_mis=0 terrain_written=true isw_written=false
[DCSystemScheduler][RT] ocean_skip#30 tick=45 reason=policy_gated slices=0 elapsed=0.000 progress=0.000 source=day_changed
[DCSystemScheduler][RT] ocean_skip#31 tick=46 reason=policy_gated slices=0 elapsed=0.000 progress=0.000 source=day_changed
[DCSystemScheduler][RT] ocean_skip#32 tick=47 reason=policy_gated slices=0 elapsed=0.000 progress=0.000 source=day_changed
[DCSystemScheduler][RT] ocean_skip#33 tick=49 reason=policy_gated slices=0 elapsed=0.000 progress=0.000 source=day_changed
[DCSystemScheduler][RT] ocean_skip#34 tick=50 reason=frame_budget_exhausted slices=0 elapsed=0.000 progress=0.000 source=day_changed
[DCSystemScheduler][RT] ocean_skip#35 tick=51 reason=policy_gated slices=0 elapsed=0.000 progress=0.000 source=day_changed
[DCSystemScheduler][RT] ocean_skip#36 tick=53 reason=policy_gated slices=0 elapsed=0.000 progress=0.000 source=day_changed
[DCSystemScheduler][RT] ocean_skip#37 tick=55 reason=frame_budget_exhausted slices=0 elapsed=0.000 progress=0.000 source=day_changed
[dc/terrain_mirror_sync] reason=sus_tick_pre terrain_mis=9 isw_mis=0 terrain_written=true isw_written=false
[DCSystemScheduler][RT] ocean_skip#38 tick=57 reason=policy_gated slices=0 elapsed=0.000 progress=0.000 source=day_changed
[DCSystemScheduler][RT] ocean_skip#39 tick=58 reason=policy_gated slices=0 elapsed=0.000 progress=0.000 source=day_changed
[DCSystemScheduler][RT] ocean_skip#40 tick=59 reason=policy_gated slices=0 elapsed=0.000 progress=0.000 source=day_changed
[DCSystemScheduler][RT] ocean_skip#41 tick=60 reason=frame_budget_exhausted slices=0 elapsed=0.000 progress=0.000 source=day_changed
[perf-record] exported rows=60 cols=1378 鈫?D:/Godot/ProjectKeynes/Project.Keynes/tmp/perf_record_20260803_161249.csv
[headless-perf/result] label=personprobe2 days=60 speed=50.000 seed=3080292883 map=100x64 population_scale=0 saved_setup=true generation_ms=27059.2 run_ms=14712.9 barrier_pulses=599 ledger_failures=0 fatal=false rows=60 expected_rows=60 path=D:/Godot/ProjectKeynes/Project.Keynes/tmp/perf_record_20260803_161249.csv
ERROR: 26 RID allocations of type 'PN13RendererDummy14TextureStorage12DummyTextureE' were leaked at exit.
WARNING: ObjectDB instances leaked at exit (run with --verbose for details).
   at: cleanup (core/object/object.cpp:2641)
ERROR: 156 resources still in use at exit (run with --verbose for details).
   at: clear (core/io/resource.cpp:810)
