Godot Engine v4.6.2.stable.official.71f334935 - https://godotengine.org

[native_generation/base] path=gdext algorithm=post_base_priority_flood_hydrology_v3 n=6400 native_ms=30.674 water=2109 land=4291
[native_generation/post_base] path=gdext algorithm=post_base_priority_flood_hydrology_v3 n=6400 native_ms=5.907 lakes=524 rivers=682 volcanoes=7
[native_generation/vegetation] native_ms=2.295 candidates=3977 none=2095 score=[0.004,0.881,1.158] plant_water_land=4180 river_adjacent_desert=0 coastal_highland_desert=0 terrain_weight=[0.180,1.200]
[native_generation/qa] single_water=0 tiny<=3=0 small<=5=0 bodies=6 largest=853 | land_below_sea=0.0% | terr_distinct=26 entropy=3.972bit | river_ratio=10.656%
MapGenerator v7: per-cell 182ms (6400 cells, path=gdext_base)
MapBaker v6: hm=(1024, 578) seed=19991123
    [fused] terrain=1137.3ms erosion=3.5ms(ok=true) river=27.3ms(ok=true) latitude=0.1ms coast_sdf=8.2ms(ok=true)
  geometry fields (fused C++): 1276ms
  physical circulation hex solve: deferred until DCWorldExt bind (ext=true idx=true soa=false)
  wind/ocean pixel buffers: skipped (ocean_current_visual off)
  visual tiles: {"degradation_reason":"","effective_budget_px":3455040,"effective_texels_per_hex":14.0884494350151,"effective_world_units_per_texel":"(1.561685, 1.561441)","estimated_peak_bytes":133489440,"estimated_resident_bytes":77283360,"fallback_reason":"","generation_id":1,"grid_size":"(5, 3)","gutter_px":2,"hex_size":22.0,"horizon_path":"neutral_pending","interior_size":"(488, 472)","layer_size":"(492, 476)","layers":[{"bake_ms":646.9794,"coast_sdf_max_dist_px":19.5983294073761,"distance_scale":2.44979117592201,"edge_distance_saturate_hex":0.9,"edge_distance_units":"normalized_hex_center_gap","hashes":{"edge_distance":1498611210313382120,"edge_neighbor":1005562523882514657,"flow":3429945326665261934,"height":336562250876779263,"map_index":3117070134485468678,"terrain_detail":6186431328292761184,"terrain_normal":-2131045790320130859,"water_depth":8500868540866711591},"layer":0,"normal_radius_px":"(10, 10)","raster_scale":"(2.449755, 2.449827)","river_sdf_max_dist_px":8.57426911572705,"shore_carve_band_px":15,"upload_ms":0.077,"wall_ms":647.592},{"bake_ms":746.1214,"coast_sdf_max_dist_px":19.5983294073761,"distance_scale":2.44979117592201,"edge_distance_saturate_hex":0.9,"edge_distance_units":"normalized_hex_center_gap","hashes":{"edge_distance":-4950402997942453765,"edge_neighbor":-1817094073867092319,"flow":778124713464202135,"height":3672550473077801339,"map_index":6166113595211164602,"terrain_detail":-7935255503121449438,"terrain_normal":-3783508796361842251,"water_depth":-62740835754847394},"layer":1,"normal_radius_px":"(10, 10)","raster_scale":"(2.449755, 2.449827)","river_sdf_max_dist_px":8.57426911572705,"shore_carve_band_px":15,"upload_ms":0.053,"wall_ms":746.65},{"bake_ms":626.5127,"coast_sdf_max_dist_px":19.5983294073761,"distance_scale":2.44979117592201,"edge_distance_saturate_hex":0.9,"edge_distance_units":"normalized_hex_center_gap","hashes":{"edge_distance":4243370179097460355,"edge_neighbor":-2473085161927184100,"flow":7252344243894919536,"height":1778044626219899890,"map_index":1980319047796005865,"terrain_detail":-5571335100742566399,"terrain_normal":-8563754239444153993,"water_depth":4237294191949753166},"layer":2,"normal_radius_px":"(10, 10)","raster_scale":"(2.449755, 2.449827)","river_sdf_max_dist_px":8.57426911572705,"shore_carve_band_px":15,"upload_ms":0.056,"wall_ms":627.15},{"bake_ms":595.7498,"coast_sdf_max_dist_px":19.5983294073761,"distance_scale":2.44979117592201,"edge_distance_saturate_hex":0.9,"edge_distance_units":"normalized_hex_center_gap","hashes":{"edge_distance":-4016242880810002576,"edge_neighbor":-683629665796388668,"flow":4617780542111923587,"height":3282209580522761992,"map_index":-422516209951378218,"terrain_detail":4139408718546223794,"terrain_normal":8031638562488652037,"water_depth":5033656126038932743},"layer":3,"normal_radius_px":"(10, 10)","raster_scale":"(2.449755, 2.449827)","river_sdf_max_dist_px":8.57426911572705,"shore_carve_band_px":15,"upload_ms":0.067,"wall_ms":596.382},{"bake_ms":551.3242,"coast_sdf_max_dist_px":19.5983294073761,"distance_scale":2.44979117592201,"edge_distance_saturate_hex":0.9,"edge_distance_units":"normalized_hex_center_gap","hashes":{"edge_distance":-7704383429176326032,"edge_neighbor":-6877892940147537227,"flow":5389315396454593252,"height":2020942634372146351,"map_index":7892611529448894042,"terrain_detail":-894614703239167692,"terrain_normal":4614977393131530010,"water_depth":683988004703962534},"layer":4,"normal_radius_px":"(10, 10)","raster_scale":"(2.449755, 2.449827)","river_sdf_max_dist_px":8.57426911572705,"shore_carve_band_px":15,"upload_ms":0.058,"wall_ms":551.877},{"bake_ms":714.4801,"coast_sdf_max_dist_px":19.5983294073761,"distance_scale":2.44979117592201,"edge_distance_saturate_hex":0.9,"edge_distance_units":"normalized_hex_center_gap","hashes":{"edge_distance":-7598640109446582885,"edge_neighbor":-1764245753992674974,"flow":-6226911287999380749,"height":7441772894040668970,"map_index":7457535387534071920,"terrain_detail":-1993308945813862946,"terrain_normal":6516194996957999602,"water_depth":8839454634503668253},"layer":5,"normal_radius_px":"(10, 10)","raster_scale":"(2.449755, 2.449827)","river_sdf_max_dist_px":8.57426911572705,"shore_carve_band_px":15,"upload_ms":0.058,"wall_ms":714.931},{"bake_ms":744.1682,"coast_sdf_max_dist_px":19.5983294073761,"distance_scale":2.44979117592201,"edge_distance_saturate_hex":0.9,"edge_distance_units":"normalized_hex_center_gap","hashes":{"edge_distance":-1858353696028595544,"edge_neighbor":1108555598599322303,"flow":-7825707757755188184,"height":-2412135583763602827,"map_index":8195290661831519805,"terrain_detail":3443491598543143355,"terrain_normal":-1973322417887645194,"water_depth":-3012677319862532256},"layer":6,"normal_radius_px":"(10, 10)","raster_scale":"(2.449755, 2.449827)","river_sdf_max_dist_px":8.57426911572705,"shore_carve_band_px":15,"upload_ms":0.056,"wall_ms":744.7},{"bake_ms":740.8189,"coast_sdf_max_dist_px":19.5983294073761,"distance_scale":2.44979117592201,"edge_distance_saturate_hex":0.9,"edge_distance_units":"normalized_hex_center_gap","hashes":{"edge_distance":-5893058516336187516,"edge_neighbor":1442208126432080017,"flow":-5952703456442700279,"height":7287288304621089199,"map_index":-1655665966835243267,"terrain_detail":-5278840651366733002,"terrain_normal":-2530596599240260496,"water_depth":-6518189979266314899},"layer":7,"normal_radius_px":"(10, 10)","raster_scale":"(2.449755, 2.449827)","river_sdf_max_dist_px":8.57426911572705,"shore_carve_band_px":15,"upload_ms":0.068,"wall_ms":741.399},{"bake_ms":777.2796,"coast_sdf_max_dist_px":19.5983294073761,"distance_scale":2.44979117592201,"edge_distance_saturate_hex":0.9,"edge_distance_units":"normalized_hex_center_gap","hashes":{"edge_distance":-6318680840453701181,"edge_neighbor":6193403274120941793,"flow":8987932497872285559,"height":-1655127486811089523,"map_index":-5041325164323051129,"terrain_detail":2347542797967897600,"terrain_normal":5705687311576088658,"water_depth":8831652956077313837},"layer":8,"normal_radius_px":"(10, 10)","raster_scale":"(2.449755, 2.449827)","river_sdf_max_dist_px":8.57426911572705,"shore_carve_band_px":15,"upload_ms":0.064,"wall_ms":777.919},{"bake_ms":776.0388,"coast_sdf_max_dist_px":19.5983294073761,"distance_scale":2.44979117592201,"edge_distance_saturate_hex":0.9,"edge_distance_units":"normalized_hex_center_gap","hashes":{"edge_distance":-1946363005395327418,"edge_neighbor":-6514032908187300227,"flow":6589583048213226450,"height":3227847337621673828,"map_index":-1683985353423673914,"terrain_detail":3828129195704303385,"terrain_normal":6749163474046977600,"water_depth":5838804721329831772},"layer":9,"normal_radius_px":"(10, 10)","raster_scale":"(2.449755, 2.449827)","river_sdf_max_dist_px":8.57426911572705,"shore_carve_band_px":15,"upload_ms":0.059,"wall_ms":776.491},{"bake_ms":468.5667,"coast_sdf_max_dist_px":19.5983294073761,"distance_scale":2.44979117592201,"edge_distance_saturate_hex":0.9,"edge_distance_units":"normalized_hex_center_gap","hashes":{"edge_distance":1678950708696106614,"edge_neighbor":1015721758964441636,"flow":58973079119629635,"height":174039232045392082,"map_index":7725779613982987919,"terrain_detail":2959282876299837370,"terrain_normal":-4594457589010958411,"water_depth":-6633786931501927494},"layer":10,"normal_radius_px":"(10, 10)","raster_scale":"(2.449755, 2.449827)","river_sdf_max_dist_px":8.57426911572705,"shore_carve_band_px":15,"upload_ms":0.072,"wall_ms":469.331},{"bake_ms":587.5652,"coast_sdf_max_dist_px":19.5983294073761,"distance_scale":2.44979117592201,"edge_distance_saturate_hex":0.9,"edge_distance_units":"normalized_hex_center_gap","hashes":{"edge_distance":810413171848159772,"edge_neighbor":5432655005942197615,"flow":7122620893249274592,"height":6166818474412939875,"map_index":-857799775570890449,"terrain_detail":2852440910945261490,"terrain_normal":-2807838747595850039,"water_depth":-8305440258341467525},"layer":11,"normal_radius_px":"(10, 10)","raster_scale":"(2.449755, 2.449827)","river_sdf_max_dist_px":8.57426911572705,"shore_carve_band_px":15,"upload_ms":0.077,"wall_ms":588.179},{"bake_ms":638.9757,"coast_sdf_max_dist_px":19.5983294073761,"distance_scale":2.44979117592201,"edge_distance_saturate_hex":0.9,"edge_distance_units":"normalized_hex_center_gap","hashes":{"edge_distance":-3575228656758023210,"edge_neighbor":8551960486932143823,"flow":1075755161375742057,"height":3149337145133357556,"map_index":1957591469298544708,"terrain_detail":1534918056969626317,"terrain_normal":-135194864811570410,"water_depth":7716736934307154753},"layer":12,"normal_radius_px":"(10, 10)","raster_scale":"(2.449755, 2.449827)","river_sdf_max_dist_px":8.57426911572705,"shore_carve_band_px":15,"upload_ms":0.059,"wall_ms":639.445},{"bake_ms":660.8388,"coast_sdf_max_dist_px":19.5983294073761,"distance_scale":2.44979117592201,"edge_distance_saturate_hex":0.9,"edge_distance_units":"normalized_hex_center_gap","hashes":{"edge_distance":-2794556244063640672,"edge_neighbor":-8840180479178680574,"flow":-2354836549956333576,"height":4103810724475992519,"map_index":-8127860209545546074,"terrain_detail":983150219155691097,"terrain_normal":-368354019937167310,"water_depth":1478786174899524247},"layer":13,"normal_radius_px":"(10, 10)","raster_scale":"(2.449755, 2.449827)","river_sdf_max_dist_px":8.57426911572705,"shore_carve_band_px":15,"upload_ms":0.064,"wall_ms":661.377},{"bake_ms":531.5667,"coast_sdf_max_dist_px":19.5983294073761,"distance_scale":2.44979117592201,"edge_distance_saturate_hex":0.9,"edge_distance_units":"normalized_hex_center_gap","hashes":{"edge_distance":3047036292607849804,"edge_neighbor":6185407933387684373,"flow":-5593523283973379544,"height":5931673391944735164,"map_index":-4543821981418019329,"terrain_detail":-9051776929821328223,"terrain_normal":201935306729866869,"water_depth":-3458449386860231174},"layer":14,"normal_radius_px":"(10, 10)","raster_scale":"(2.449755, 2.449827)","river_sdf_max_dist_px":8.57426911572705,"shore_carve_band_px":15,"upload_ms":0.061,"wall_ms":532.031}],"logical_size":"(2440, 1416)","mode":"tiled","path":"visual_tiled_static","profile":"desktop_auto","renderer":"mobile","requested_budget_px":3411975,"requested_texels_per_hex":14.0,"requested_tile_world_span":"(804.5714, 804.5714)","requested_world_units_per_texel":1.57142857142857,"tile_world_area":561669.436340332,"tile_world_span":"(762.1024, 737.0)","total_ms":9816.09,"visual_domain":"[P: (0.0, -44.0), S: (3810.512, 2211.0)]","wrap_period_x":3810.51177665153,"wrap_x":true}
WARNING: Loaded resource as image file, this will not work on export: 'res://assets/textures/terrain_materials/organic.png'. Instead, import the image file as an Image resource and load it normally as a resource.
   at: load (core/io/image.cpp:2756)
   GDScript backtrace (most recent call first):
       [0] _build_terrain_material_tex (res://scripts/rendering/map_baker.gd:348)
       [1] get_or_build_shared_terrain_material_tex (res://scripts/rendering/map_baker.gd:331)
       [2] bake_world (res://scripts/rendering/map_baker.gd:1096)
       [3] generate (res://scripts/geography/map_generator.gd:1324)
       [4] generate_world (res://scripts/game/world_runtime_host.gd:256)
       [5] _run (res://tests/headless_perf_record.gd:109)
       [6] _init (res://tests/headless_perf_record.gd:24)
WARNING: Loaded resource as image file, this will not work on export: 'res://assets/textures/terrain_materials/dry_sand.png'. Instead, import the image file as an Image resource and load it normally as a resource.
   at: load (core/io/image.cpp:2756)
   GDScript backtrace (most recent call first):
       [0] _build_terrain_material_tex (res://scripts/rendering/map_baker.gd:348)
       [1] get_or_build_shared_terrain_material_tex (res://scripts/rendering/map_baker.gd:331)
       [2] bake_world (res://scripts/rendering/map_baker.gd:1096)
       [3] generate (res://scripts/geography/map_generator.gd:1324)
       [4] generate_world (res://scripts/game/world_runtime_host.gd:256)
       [5] _run (res://tests/headless_perf_record.gd:109)
       [6] _init (res://tests/headless_perf_record.gd:24)
WARNING: Loaded resource as image file, this will not work on export: 'res://assets/textures/terrain_materials/rock.png'. Instead, import the image file as an Image resource and load it normally as a resource.
   at: load (core/io/image.cpp:2756)
   GDScript backtrace (most recent call first):
       [0] _build_terrain_material_tex (res://scripts/rendering/map_baker.gd:348)
       [1] get_or_build_shared_terrain_material_tex (res://scripts/rendering/map_baker.gd:331)
       [2] bake_world (res://scripts/rendering/map_baker.gd:1096)
       [3] generate (res://scripts/geography/map_generator.gd:1324)
       [4] generate_world (res://scripts/game/world_runtime_host.gd:256)
       [5] _run (res://tests/headless_perf_record.gd:109)
       [6] _init (res://tests/headless_perf_record.gd:24)
WARNING: Loaded resource as image file, this will not work on export: 'res://assets/textures/terrain_materials/snow_wet.png'. Instead, import the image file as an Image resource and load it normally as a resource.
   at: load (core/io/image.cpp:2756)
   GDScript backtrace (most recent call first):
       [0] _build_terrain_material_tex (res://scripts/rendering/map_baker.gd:348)
       [1] get_or_build_shared_terrain_material_tex (res://scripts/rendering/map_baker.gd:331)
       [2] bake_world (res://scripts/rendering/map_baker.gd:1096)
       [3] generate (res://scripts/geography/map_generator.gd:1324)
       [4] generate_world (res://scripts/game/world_runtime_host.gd:256)
       [5] _run (res://tests/headless_perf_record.gd:109)
       [6] _init (res://tests/headless_perf_record.gd:24)
  cell LUT encode: deferred until DCWorldExt bind
  encode: 13500ms
MapBaker v6: total 14777ms
MapGenerator v7: bake 14872ms
MapGenerator: skip _compute_ocean_currents (physical-hex path writes per-cell directly)
MapGenerator: skip _compute_terrain_perturbed_wind (physical-hex solver writes per-cell)
[SUS] sim budget strict=false frame=8.00ms warn=2.00ms slice=0.75ms upload=1.50ms scheduler=DCSystemScheduler native_sus=auto
[DCWorldExt] bind_map_data: 143 components bound (auto-registered=143; snapshot model; see world_ext.cpp comment & charter Â§11)
[DataCore] _data_core_world_ext bound=true (climate co-processor; class=DCWorldExt)
[native_world] configure rc=0 reason=configured cells=6400
[native_generation] path=gdext n=6400 published=9 native_ms=0.346 compute_ms=0.251 flush_ms=0.094
[hex_cell] facade ENABLED (6400 cells bound; ext=true)
[DataCore] _baker climate_profile injected=true (fixes WorldData.config==null sea_ice prepare path)
[phys_solve][oneshot] OK slp=1.72ms wind=0.85ms psi=0.75ms(ran=true) upwelling=0.11ms total=4.46ms
PhysicalCirculation solve@phase=1.50 total=5ms (C++ one-shot run_physical_solve_pass)
  wind/ocean pixel buffers: skipped (ocean_current_visual off)
[physical_init] deferred native refresh complete: 5ms
[cell_lut] deferred encode: 4ms path=gdext
[weather] gdext acceleration ON (class=DCWorldExt)
[weather] gdext field commit ON
[weather] gdext distribute ON
[weather] gdext summary ON
[weather] hexcell facade ON (skip AoS double-write in hot loop)
[weather] gdext resident knobs ON (class=KnobsHandle)
[economy] ACTIVE native graph cells=6400 goods=121 cohorts=0 epoch_days=5 trade=ACTIVE topology_ready=true topology_generation=1 bootstrap=none founder_families=0 founder_people=0
[country] ACTIVE native authority countries=1 cells=6400 generation=1
[weather/knobs] resident KnobsHandle path ACTIVE — first to_*_knobs_dict hit (field_rebuild_count=1 expected ≤1; stable Hz target ≤1 Hz)
[native_daily] ACTIVE: registered native_daily_sim + natural_resource_daily; retained season_refresh + ocean_currents boundary jobs
[DCSystemScheduler] topology: ["season_refresh", "trigger_runtime", "modifier_daily", "natural_resource_daily", "enum_atlas_upload", "ocean_currents", "native_daily_sim", "dynamic_visual_atlas_upload", "country_daily", "economy_daily"]
[perf-record] start (start_tick=0)
[season_refresh] b_plus_start path=gdext handle=1 season=0 n_cells=6400
[ocean_currents][RT] skip#1 tick=1 reason=physical_policy_gated phys_round=false visual_round=false phys_done=false pending_commit=false cursor=0/0 tps=4 streak=0 tick_mod=1
[native_daily/slow-dump] tick=1 day=1 sample=1 commit=-1 age=0/10 over=false state=active stage=climate_pass_a/climate_pass_a_struct node=climate_pass_a/climate_pass_a_struct cursor=0-1 cells=-1--1/0 done=false progress=0.05 wall=5.15 shell=5.32 shell_gap=0.17 bundle=0.25 jit=0.00 keys=[] native_call=4.84 cpp=4.72 compute=0.00 refresh=0.09 flush=0.00 apply=0.07 round=4.72 weather=0.00 prebuilt=false path=gdext_native_daily_slice
[DCSystemScheduler][RT] ocean_skip#1 tick=1 reason=policy_gated slices=0 elapsed=0.000 progress=0.000 source=day_changed
[dc/terrain_mirror_sync] reason=sus_tick_pre terrain_mis=1231 isw_mis=0 terrain_written=true isw_written=false
[ocean_currents][RT] skip#2 tick=2 reason=physical_policy_gated phys_round=false visual_round=false phys_done=false pending_commit=false cursor=0/0 tps=4 streak=0 tick_mod=2
[DCSystemScheduler][RT] ocean_skip#2 tick=2 reason=policy_gated slices=0 elapsed=0.000 progress=0.000 source=day_changed
[detail_scatter] tick-sync queued=909 (vegetation=324)
[dc/terrain_mirror_sync] reason=sus_tick_pre terrain_mis=450 isw_mis=0 terrain_written=true isw_written=false
[ocean_currents][RT] skip#3 tick=3 reason=physical_policy_gated phys_round=false visual_round=false phys_done=false pending_commit=false cursor=0/0 tps=4 streak=0 tick_mod=3
[DCSystemScheduler][RT] ocean_skip#3 tick=3 reason=policy_gated slices=0 elapsed=0.000 progress=0.000 source=day_changed
[ocean_currents][RT] phys_round_start#1 tick=4 phase=0.0438 physical=true wind_period=6 ocean_period=60 slice_count=16 tps=4 max_slices=1 run_ocean=true need_visual=false phase_int=0 phase_seen=0 total_pixels=591872 visual_active=false
[phys_solve][RT] start#1 phase=0.0438 pending=nan solve_ocean=true ext=true idx=true soa=true
[slp_field] path-decision call#1: prof=true pflag_attr=true pflag_val=true ext=true method=true idx=true -> cpp_gate=true
[slp_field] commit-diag call#1: rc=0.131 slp_out=6400 n_cells=6400 map_slp=6400 published=false
[slp_field][RT-DIAG] call#1 phase=0.0438 rc=0.131 slp_out=6400 n=6400 published=false -> commit_ok
[ocean_currents][RT] phys_slice#1 tick=4 round=1 stage=phys_none->phys_slp done=false run_ocean=true need_visual=false elapsed=0.674 ocean_delta_p95=0.000000 wind_delta_p95=0.000000 slp_delta_p95=0.000000 psi_path=gdscript
[natural_resource/slow-dump] tick=5 day=5 wall=2.68 cpp=1.700 compute=1.683 loop=1.154 flush=0.093 wrapper=0.961 layout=cell_range_fused_seq_dt dispatches=0 resources=9/31 skipped_static=22 published=true total_delta=-95299848.53181
[ocean_currents][RT] skip#4 tick=5 reason=physical_policy_gated phys_round=true visual_round=false phys_done=false pending_commit=false cursor=0/591872 tps=4 streak=0 tick_mod=1
[sea_ice/dt] call#1 dt_days=1.000 (last_pass_day=5.000, k x1.00)
[DCSystemScheduler][RT] ocean_skip#4 tick=5 reason=policy_gated slices=0 elapsed=0.000 progress=0.000 source=day_changed
[ocean_currents][daily_wind] #1 tick=6 stage=both ran=true path=gdext_daily_wind elapsed=2.791 slp=0.711 wind=1.024 passA=0.214 passB=0.083 norm=0.356 marshall=0.059 dominant=daily_wind_wind/1.024 delta=0.570814 reason=
[ocean_currents][RT] skip#5 tick=7 reason=physical_policy_gated phys_round=true visual_round=false phys_done=false pending_commit=false cursor=0/591872 tps=4 streak=0 tick_mod=3
[DCSystemScheduler][RT] ocean_skip#5 tick=7 reason=policy_gated slices=0 elapsed=0.000 progress=0.000 source=day_changed
[slp_field] path-decision call#2: prof=true pflag_attr=true pflag_val=true ext=true method=true idx=true -> cpp_gate=true
[slp_field] commit-diag call#2: rc=0.093 slp_out=6400 n_cells=6400 map_slp=6400 published=false
[slp_field][RT-DIAG] call#2 phase=0.0438 rc=0.093 slp_out=6400 n=6400 published=false -> commit_ok
[ocean_currents/STAGE-DIAG] init tick=8 round=1 stage=1/phys_slp path=gdext next=phys_slp elapsed_ms=0.30 slp_native=0.71 psi_native=-1.00 wind_dp95=0.570814 ocean_dp95=0.000000 slp_dp95=0.000000 phys_done=false need_visual=false
[ocean_currents][RT] phys_slice#2 tick=8 round=1 stage=phys_slp->phys_slp done=false run_ocean=true need_visual=false elapsed=0.302 ocean_delta_p95=0.000000 wind_delta_p95=0.570814 slp_delta_p95=0.000000 psi_path=gdscript
[ocean_currents][RT] skip#6 tick=9 reason=physical_policy_gated phys_round=true visual_round=false phys_done=false pending_commit=false cursor=0/591872 tps=4 streak=0 tick_mod=1
[DCSystemScheduler][RT] ocean_skip#6 tick=9 reason=policy_gated slices=0 elapsed=0.000 progress=0.000 source=day_changed
[ocean_currents][RT] skip#7 tick=10 reason=physical_policy_gated phys_round=true visual_round=false phys_done=false pending_commit=false cursor=0/591872 tps=4 streak=0 tick_mod=2
[DCSystemScheduler][RT] ocean_skip#7 tick=10 reason=policy_gated slices=0 elapsed=0.000 progress=0.000 source=day_changed
[ocean_currents][RT] skip#8 tick=11 reason=physical_policy_gated phys_round=true visual_round=false phys_done=false pending_commit=false cursor=0/591872 tps=4 streak=0 tick_mod=3
[DCSystemScheduler][RT] ocean_skip#8 tick=11 reason=policy_gated slices=0 elapsed=0.000 progress=0.000 source=day_changed
[ocean_currents][daily_wind] #2 tick=12 stage=wind ran=true path=gdext_daily_wind_wind elapsed=0.949 slp=-1.000 wind=0.851 passA=-1.000 passB=-1.000 norm=-1.000 marshall=-1.000 dominant=daily_wind_wind/0.851 delta=0.552901 reason=
[slp_field] path-decision call#3: prof=true pflag_attr=true pflag_val=true ext=true method=true idx=true -> cpp_gate=true
[slp_field] commit-diag call#3: rc=0.126 slp_out=6400 n_cells=6400 map_slp=6400 published=false
[slp_field][RT-DIAG] call#3 phase=0.0438 rc=0.126 slp_out=6400 n=6400 published=false -> commit_ok
[ocean_currents/STAGE-DIAG] init tick=12 round=1 stage=1/phys_slp path=gdext next=phys_slp elapsed_ms=0.34 slp_native=0.71 psi_native=-1.00 wind_dp95=0.552901 ocean_dp95=0.000000 slp_dp95=0.000000 phys_done=false need_visual=false
[ocean_currents][RT] phys_slice#3 tick=12 round=1 stage=phys_slp->phys_slp done=false run_ocean=true need_visual=false elapsed=0.337 ocean_delta_p95=0.000000 wind_delta_p95=0.552901 slp_delta_p95=0.000000 psi_path=gdscript
[ocean_currents][RT] skip#9 tick=13 reason=physical_policy_gated phys_round=true visual_round=false phys_done=false pending_commit=false cursor=0/591872 tps=4 streak=0 tick_mod=1
[sea_ice/dt] call#1 dt_days=8.000 (last_pass_day=13.000, k x8.00)
[DCSystemScheduler][RT] ocean_skip#9 tick=13 reason=policy_gated slices=0 elapsed=0.000 progress=0.000 source=day_changed
[dc/terrain_mirror_sync] reason=sus_tick_pre terrain_mis=337 isw_mis=0 terrain_written=true isw_written=false
[ocean_currents][RT] skip#10 tick=14 reason=physical_policy_gated phys_round=true visual_round=false phys_done=false pending_commit=false cursor=0/591872 tps=4 streak=0 tick_mod=2
[DCSystemScheduler][RT] ocean_skip#10 tick=14 reason=policy_gated slices=0 elapsed=0.000 progress=0.000 source=day_changed
[ocean_currents][RT] skip#11 tick=15 reason=physical_policy_gated phys_round=true visual_round=false phys_done=false pending_commit=false cursor=0/591872 tps=4 streak=0 tick_mod=3
[DCSystemScheduler][RT] ocean_skip#11 tick=15 reason=policy_gated slices=0 elapsed=0.000 progress=0.000 source=day_changed
[detail_scatter] tick-sync queued=563 (vegetation=0)
[slp_field][RT-DIAG] call#4 phase=0.0438 rc=0.095 slp_out=6400 n=6400 published=false -> commit_ok
[ocean_currents/STAGE-DIAG] init tick=16 round=1 stage=1/phys_slp path=gdext next=phys_slp elapsed_ms=0.23 slp_native=0.71 psi_native=-1.00 wind_dp95=0.552901 ocean_dp95=0.000000 slp_dp95=0.000000 phys_done=false need_visual=false
[ocean_currents][RT] phys_slice#4 tick=16 round=1 stage=phys_slp->phys_slp done=false run_ocean=true need_visual=false elapsed=0.227 ocean_delta_p95=0.000000 wind_delta_p95=0.552901 slp_delta_p95=0.000000 psi_path=gdscript
[ocean_currents][RT] skip#12 tick=17 reason=physical_policy_gated phys_round=true visual_round=false phys_done=false pending_commit=false cursor=0/591872 tps=4 streak=0 tick_mod=1
[DCSystemScheduler][RT] ocean_skip#12 tick=17 reason=policy_gated slices=0 elapsed=0.000 progress=0.000 source=day_changed
[ocean_currents][daily_wind] #3 tick=18 stage=slp ran=true path=gdext_daily_wind_slp elapsed=1.575 slp=0.668 wind=-1.000 passA=0.217 passB=0.071 norm=0.343 marshall=0.036 dominant=daily_wind_slp/0.668 delta=0.000000 reason=
[ocean_currents][RT] skip#13 tick=19 reason=physical_policy_gated phys_round=true visual_round=false phys_done=false pending_commit=false cursor=0/591872 tps=4 streak=0 tick_mod=3
[DCSystemScheduler][RT] ocean_skip#13 tick=19 reason=policy_gated slices=0 elapsed=0.000 progress=0.000 source=day_changed
[slp_field][RT-DIAG] call#5 phase=0.0438 rc=0.133 slp_out=6400 n=6400 published=false -> commit_ok
[ocean_currents][RT] phys_slice#5 tick=20 round=1 stage=phys_slp->phys_slp done=false run_ocean=true need_visual=false elapsed=0.295 ocean_delta_p95=0.000000 wind_delta_p95=0.552901 slp_delta_p95=0.000000 psi_path=gdscript
[ocean_currents][RT] skip#14 tick=21 reason=physical_policy_gated phys_round=true visual_round=false phys_done=false pending_commit=false cursor=0/591872 tps=4 streak=0 tick_mod=1
[DCSystemScheduler][RT] ocean_skip#14 tick=21 reason=policy_gated slices=0 elapsed=0.000 progress=0.000 source=day_changed
[ocean_currents][RT] skip#15 tick=22 reason=physical_policy_gated phys_round=true visual_round=false phys_done=false pending_commit=false cursor=0/591872 tps=4 streak=0 tick_mod=2
[DCSystemScheduler][RT] ocean_skip#15 tick=22 reason=policy_gated slices=0 elapsed=0.000 progress=0.000 source=day_changed
[ocean_currents][RT] skip#16 tick=23 reason=physical_policy_gated phys_round=true visual_round=false phys_done=false pending_commit=false cursor=0/591872 tps=4 streak=0 tick_mod=3
[sea_ice/dt] call#1 dt_days=10.000 (last_pass_day=23.000, k x10.00)
[DCSystemScheduler][RT] ocean_skip#16 tick=23 reason=policy_gated slices=0 elapsed=0.000 progress=0.000 source=day_changed
[dc/terrain_mirror_sync] reason=sus_tick_pre terrain_mis=190 isw_mis=0 terrain_written=true isw_written=false
[ocean_currents][daily_wind] #4 tick=24 stage=wind ran=true path=gdext_daily_wind_wind elapsed=1.202 slp=-1.000 wind=1.052 passA=-1.000 passB=-1.000 norm=-1.000 marshall=-1.000 dominant=daily_wind_wind/1.052 delta=0.591700 reason=
[ocean_currents][RT] phys_slice#6 tick=24 round=1 stage=phys_slp->phys_slp done=false run_ocean=true need_visual=false elapsed=0.241 ocean_delta_p95=0.000000 wind_delta_p95=0.591700 slp_delta_p95=0.000000 psi_path=gdscript
[ocean_currents][RT] skip#17 tick=25 reason=physical_policy_gated phys_round=true visual_round=false phys_done=false pending_commit=false cursor=0/591872 tps=4 streak=0 tick_mod=1
[DCSystemScheduler][RT] ocean_skip#17 tick=25 reason=policy_gated slices=0 elapsed=0.000 progress=0.000 source=day_changed
[ocean_currents][RT] skip#18 tick=26 reason=physical_policy_gated phys_round=true visual_round=false phys_done=false pending_commit=false cursor=0/591872 tps=4 streak=0 tick_mod=2
[DCSystemScheduler][RT] ocean_skip#18 tick=26 reason=policy_gated slices=0 elapsed=0.000 progress=0.000 source=day_changed
[ocean_currents][RT] skip#19 tick=27 reason=physical_policy_gated phys_round=true visual_round=false phys_done=false pending_commit=false cursor=0/591872 tps=4 streak=0 tick_mod=3
[DCSystemScheduler][RT] ocean_skip#19 tick=27 reason=policy_gated slices=0 elapsed=0.000 progress=0.000 source=day_changed
[ocean_currents][RT] phys_slice#7 tick=28 round=1 stage=phys_slp->phys_slp done=false run_ocean=true need_visual=false elapsed=0.193 ocean_delta_p95=0.000000 wind_delta_p95=0.591700 slp_delta_p95=0.000000 psi_path=gdscript
[ocean_currents][RT] skip#20 tick=29 reason=physical_policy_gated phys_round=true visual_round=false phys_done=false pending_commit=false cursor=0/591872 tps=4 streak=0 tick_mod=1
[DCSystemScheduler][RT] ocean_skip#20 tick=29 reason=policy_gated slices=0 elapsed=0.000 progress=0.000 source=day_changed
[ocean_currents][daily_wind] #5 tick=30 stage=slp ran=true path=gdext_daily_wind_slp elapsed=1.662 slp=0.703 wind=-1.000 passA=0.236 passB=0.070 norm=0.342 marshall=0.055 dominant=daily_wind_slp/0.703 delta=0.000000 reason=
[SUS-cpp] last 30 ticks: season_refresh ran=30 avg=0.1ms p95=0.61ms max=1.33ms slices=30
[SUS-cpp] last 30 ticks: trigger_runtime ran=30 avg=0.13ms p95=0.17ms max=0.18ms slices=30
[SUS-cpp] last 30 ticks: modifier_daily ran=30 avg=0.06ms p95=0.08ms max=0.09ms slices=30
[SUS-cpp] last 30 ticks: natural_resource_daily ran=6 avg=2.03ms p95=2.8ms max=2.8ms slices=6 skipped[policy_gated=24]
[SUS-cpp] last 30 ticks: enum_atlas_upload ran=4 avg=0.42ms p95=0.83ms max=0.83ms slices=4 skipped[policy_gated=26]
[SUS-cpp] last 30 ticks: ocean_currents ran=10 avg=1.55ms p95=3.26ms max=3.26ms slices=10 skipped[policy_gated=20]
[SUS-cpp] last 30 ticks: native_daily_sim ran=29 avg=1.75ms p95=3.86ms max=5.46ms slices=29 skipped[policy_gated=1]
[SUS-cpp] last 30 ticks: dynamic_visual_atlas_upload ran=8 avg=3.6ms p95=4.78ms max=4.78ms slices=8 skipped[policy_gated=22]
[SUS-cpp] last 30 ticks: country_daily ran=0 avg=0.0ms p95=0.0ms max=0.0ms slices=0 skipped[frame_budget_exhausted=2,policy_gated=28]
[SUS-cpp] last 30 ticks: economy_daily ran=30 avg=4.33ms p95=6.51ms max=7.11ms slices=30
[SUS-cpp] budget last 30 ticks: total_p95=13.3ms max=18.12ms over_1ms=30 largest=economy_daily/ledger_apply/ path=ECONOMY_GRAPH 7.1ms
[SUS-cpp] world: bound=true entities=6400 components=142 pools=1
[ocean_currents][RT] skip#21 tick=31 reason=physical_policy_gated phys_round=true visual_round=false phys_done=false pending_commit=false cursor=0/591872 tps=4 streak=0 tick_mod=3
[DCSystemScheduler][RT] ocean_skip#21 tick=31 reason=policy_gated slices=0 elapsed=0.000 progress=0.000 source=day_changed
[slp_field] gdext path ACTIVE — first run elapsed=0.57ms (legacy GDScript baseline ~36ms; target < 3ms)
[slp_field/STAGE-TOTAL] call#3 wall=1.34ms native=0.57ms path=gdext commit_ok=true (call#1 wall pollution: ~15ms/print × 4 prints; trust call#4+ or wall>=5ms warn)
[ocean_currents][RT] phys_slice#8 tick=32 round=1 stage=phys_slp->phys_wind done=false run_ocean=true need_visual=false elapsed=1.400 ocean_delta_p95=0.000000 wind_delta_p95=0.591700 slp_delta_p95=0.113429 psi_path=gdscript
[ocean_currents][RT] skip#22 tick=33 reason=physical_policy_gated phys_round=true visual_round=false phys_done=false pending_commit=false cursor=0/591872 tps=4 streak=0 tick_mod=1
[sea_ice/dt] call#1 dt_days=10.000 (last_pass_day=33.000, k x10.00)
[DCSystemScheduler][RT] ocean_skip#22 tick=33 reason=policy_gated slices=0 elapsed=0.000 progress=0.000 source=day_changed
[dc/terrain_mirror_sync] reason=sus_tick_pre terrain_mis=40 isw_mis=0 terrain_written=true isw_written=false
[ocean_currents][RT] skip#23 tick=34 reason=physical_policy_gated phys_round=true visual_round=false phys_done=false pending_commit=false cursor=0/591872 tps=4 streak=0 tick_mod=2
[DCSystemScheduler][RT] ocean_skip#23 tick=34 reason=policy_gated slices=0 elapsed=0.000 progress=0.000 source=day_changed
[ocean_currents][RT] skip#24 tick=35 reason=physical_policy_gated phys_round=true visual_round=false phys_done=false pending_commit=false cursor=0/591872 tps=4 streak=0 tick_mod=3
[DCSystemScheduler][RT] ocean_skip#24 tick=35 reason=policy_gated slices=0 elapsed=0.000 progress=0.000 source=day_changed
[ocean_currents][daily_wind] #6 tick=36 stage=wind ran=true path=gdext_daily_wind_wind elapsed=1.224 slp=-1.000 wind=1.093 passA=-1.000 passB=-1.000 norm=-1.000 marshall=-1.000 dominant=daily_wind_wind/1.093 delta=0.605132 reason=
[ocean_currents/STAGE-DIAG] init tick=36 round=1 stage=2/phys_wind path=gdext next=phys_psi_init elapsed_ms=0.02 slp_native=0.57 psi_native=-1.00 wind_dp95=0.605132 ocean_dp95=0.000000 slp_dp95=0.113429 phys_done=false need_visual=false
[ocean_currents][RT] phys_slice#9 tick=36 round=1 stage=phys_wind->phys_psi_init done=false run_ocean=true need_visual=false elapsed=0.020 ocean_delta_p95=0.000000 wind_delta_p95=0.605132 slp_delta_p95=0.113429 psi_path=gdscript
[ocean_currents][RT] skip#25 tick=37 reason=physical_policy_gated phys_round=true visual_round=false phys_done=false pending_commit=false cursor=0/591872 tps=4 streak=0 tick_mod=1
[DCSystemScheduler][RT] ocean_skip#25 tick=37 reason=policy_gated slices=0 elapsed=0.000 progress=0.000 source=day_changed
[ocean_currents][RT] skip#26 tick=38 reason=physical_policy_gated phys_round=true visual_round=false phys_done=false pending_commit=false cursor=0/591872 tps=4 streak=0 tick_mod=2
[DCSystemScheduler][RT] ocean_skip#26 tick=38 reason=policy_gated slices=0 elapsed=0.000 progress=0.000 source=day_changed
[ocean_currents][RT] skip#27 tick=39 reason=physical_policy_gated phys_round=true visual_round=false phys_done=false pending_commit=false cursor=0/591872 tps=4 streak=0 tick_mod=3
[DCSystemScheduler][RT] ocean_skip#27 tick=39 reason=policy_gated slices=0 elapsed=0.000 progress=0.000 source=day_changed
[psi_solver] path-decision call#1: prof=true pflag_attr=true pflag_val=true ext=true method=true idx=true heat=true -> cpp_gate=true
[psi_solver/BREAKDOWN] call#1 STAGE=0.62ms T1_prepack=0.01ms T2_knobs=0.01ms T3_call=0.59ms (kernel=0.42ms gdext_overhead=0.17ms) T4_writeback=0.01ms (n_psi=6400 published=true has_debug=true)
[psi_solver] gdext path ACTIVE — first run elapsed=0.42ms (legacy GDScript stage3+4+5 baseline ~32+ms; target < 5ms)
[psi_solver] commit-diag call#1: rc=0.423 n_water=1110 n_cells=6400 published=true
[ocean_currents/STAGE-DIAG] init tick=40 round=1 stage=3/phys_psi_init path=gdext next=phys_upwelling elapsed_ms=0.87 slp_native=0.57 psi_native=0.42 wind_dp95=0.605132 ocean_dp95=0.109342 slp_dp95=0.113429 phys_done=false need_visual=false
[ocean_currents][RT] phys_slice#10 tick=40 round=1 stage=phys_psi_init->phys_upwelling done=false run_ocean=true need_visual=false elapsed=0.872 ocean_delta_p95=0.109342 wind_delta_p95=0.605132 slp_delta_p95=0.113429 psi_path=gdext
[ocean_currents][RT] skip#28 tick=41 reason=physical_policy_gated phys_round=true visual_round=false phys_done=false pending_commit=false cursor=0/591872 tps=4 streak=0 tick_mod=1
[DCSystemScheduler][RT] ocean_skip#28 tick=41 reason=policy_gated slices=0 elapsed=0.000 progress=0.000 source=day_changed
[ocean_currents][daily_wind] #7 tick=42 stage=slp ran=true path=gdext_daily_wind_slp elapsed=1.631 slp=0.705 wind=-1.000 passA=0.204 passB=0.103 norm=0.359 marshall=0.039 dominant=daily_wind_slp/0.705 delta=0.000000 reason=
[ocean_currents][RT] skip#29 tick=43 reason=physical_policy_gated phys_round=true visual_round=false phys_done=false pending_commit=false cursor=0/591872 tps=4 streak=0 tick_mod=3
[sea_ice/dt] call#1 dt_days=10.000 (last_pass_day=43.000, k x10.00)
[DCSystemScheduler][RT] ocean_skip#29 tick=43 reason=policy_gated slices=0 elapsed=0.000 progress=0.000 source=day_changed
[dc/terrain_mirror_sync] reason=sus_tick_pre terrain_mis=28 isw_mis=0 terrain_written=true isw_written=false
[upwelling/DIAG#1] gate: prof=true pflag_attr=true pflag_val=true ext=true method=true wind_cpp=true idx=true -> cpp_gate=true
[upwelling/DIAG#1] cpp-call: ret_type=27 fallback=false reason='' elapsed_native_ms=0.017
[upwelling/DIAG#1] BREAKDOWN: T1_nb_pack=0.00ms T2_knobs=0.01ms T3_refresh_slots=0.24ms T4_cpp_call=0.04ms (n=6400)
[ocean_currents/STAGE-DIAG] init tick=44 round=1 stage=6/phys_upwelling path=physical_circulation next=phys_upwelling elapsed_ms=0.46 slp_native=0.70 psi_native=0.42 wind_dp95=0.605132 ocean_dp95=0.109342 slp_dp95=0.051860 phys_done=false need_visual=false
[ocean_currents][RT] phys_slice#11 tick=44 round=1 stage=phys_upwelling->phys_upwelling done=false run_ocean=true need_visual=false elapsed=0.462 ocean_delta_p95=0.109342 wind_delta_p95=0.605132 slp_delta_p95=0.051860 psi_path=gdext
[ocean_currents][RT] skip#30 tick=45 reason=physical_policy_gated phys_round=true visual_round=false phys_done=false pending_commit=false cursor=0/591872 tps=4 streak=0 tick_mod=1
[DCSystemScheduler][RT] ocean_skip#30 tick=45 reason=policy_gated slices=0 elapsed=0.000 progress=0.000 source=day_changed
[detail_scatter] tick-sync queued=4 (vegetation=0)
[ocean_currents][RT] skip#31 tick=46 reason=physical_policy_gated phys_round=true visual_round=false phys_done=false pending_commit=false cursor=0/591872 tps=4 streak=0 tick_mod=2
[DCSystemScheduler][RT] ocean_skip#31 tick=46 reason=policy_gated slices=0 elapsed=0.000 progress=0.000 source=day_changed
[ocean_currents][RT] skip#32 tick=47 reason=physical_policy_gated phys_round=true visual_round=false phys_done=false pending_commit=false cursor=0/591872 tps=4 streak=0 tick_mod=3
[DCSystemScheduler][RT] ocean_skip#32 tick=47 reason=policy_gated slices=0 elapsed=0.000 progress=0.000 source=day_changed
[ocean_currents][daily_wind] #8 tick=48 stage=wind ran=true path=gdext_daily_wind_wind elapsed=1.292 slp=-1.000 wind=1.181 passA=-1.000 passB=-1.000 norm=-1.000 marshall=-1.000 dominant=daily_wind_wind/1.181 delta=0.559046 reason=
[ocean_currents/STAGE-DIAG] init tick=48 round=1 stage=6/phys_upwelling path=physical_circulation next=phys_upwelling elapsed_ms=0.29 slp_native=0.70 psi_native=0.42 wind_dp95=0.559046 ocean_dp95=0.109342 slp_dp95=0.051860 phys_done=false need_visual=false
[ocean_currents][RT] phys_slice#12 tick=48 round=1 stage=phys_upwelling->phys_upwelling done=false run_ocean=true need_visual=false elapsed=0.294 ocean_delta_p95=0.109342 wind_delta_p95=0.559046 slp_delta_p95=0.051860 psi_path=gdext
[DCSystemScheduler][RT] ocean_skip#33 tick=49 reason=policy_gated slices=0 elapsed=0.000 progress=0.000 source=day_changed
[DCSystemScheduler][RT] ocean_skip#34 tick=50 reason=policy_gated slices=0 elapsed=0.000 progress=0.000 source=day_changed
[perf-record] exported rows=50 cols=1351 → F:/Developent/Godot/Project.Keynes/tmp/perf_record_20260802_014950.csv
[headless-perf/result] label=headless days=50 speed=50.000 seed=19991123 map=100x64 population_scale=0 saved_setup=true generation_ms=18717.5 run_ms=1397.5 barrier_pulses=58 ledger_failures=0 fatal=false rows=50 expected_rows=50 path=F:/Developent/Godot/Project.Keynes/tmp/perf_record_20260802_014950.csv
ERROR: 26 RID allocations of type 'PN13RendererDummy14TextureStorage12DummyTextureE' were leaked at exit.
WARNING: ObjectDB instances leaked at exit (run with --verbose for details).
   at: cleanup (core/object/object.cpp:2641)
ERROR: 127 resources still in use at exit (run with --verbose for details).
   at: clear (core/io/resource.cpp:810)
