Godot Engine v4.6.2.stable.official.71f334935 - https://godotengine.org

[native_generation/base] path=gdext algorithm=post_base_priority_flood_hydrology_v3 n=6400 native_ms=30.477 water=2109 land=4291
[native_generation/post_base] path=gdext algorithm=post_base_priority_flood_hydrology_v3 n=6400 native_ms=6.090 lakes=524 rivers=682 volcanoes=7
[native_generation/vegetation] native_ms=2.534 candidates=3977 none=2093 score=[0.004,0.902,1.158] plant_water_land=4180 river_adjacent_desert=0 coastal_highland_desert=0 terrain_weight=[0.180,1.200]
[native_generation/qa] single_water=0 tiny<=3=0 small<=5=0 bodies=6 largest=853 | land_below_sea=0.0% | terr_distinct=26 entropy=3.922bit | river_ratio=10.656%
MapGenerator v7: per-cell 181ms (6400 cells, path=gdext)
MapBaker v6: hm=(1024, 578) seed=19991123
    [fused] terrain=94.2ms erosion=2.5ms(ok=true) river=23.4ms(ok=true) latitude=0.1ms coast_sdf=5.6ms(ok=true)
  geometry fields (fused C++): 208ms
  physical circulation hex solve: deferred until DCWorldExt bind (ext=true idx=true soa=false)
  wind/ocean pixel buffers: skipped (ocean_current_visual off)
  visual tiles: {"degradation_reason":"","effective_budget_px":3455040,"effective_texels_per_hex":14.0884494350151,"effective_world_units_per_texel":"(1.561685, 1.561441)","estimated_peak_bytes":137002320,"estimated_resident_bytes":80796240,"fallback_reason":"","generation_id":1,"grid_size":"(5, 3)","gutter_px":2,"hex_size":22.0,"horizon_path":"neutral_pending","interior_size":"(488, 472)","layer_size":"(492, 476)","layers":[{"bake_ms":157.7315,"coast_sdf_max_dist_px":19.5983294073761,"distance_scale":2.44979117592201,"edge_distance_saturate_hex":0.9,"edge_distance_units":"normalized_hex_center_gap","hashes":{"edge_distance":1498611210313382120,"edge_neighbor":1005562523882514657,"height":-7376923324040294084,"map_index":-8053414775906859736,"terrain_detail":6186431328292761184,"terrain_normal":-2131045790320130859,"water_depth":8500868540866711591},"layer":0,"normal_radius_px":"(10, 10)","raster_scale":"(2.449755, 2.449827)","river_sdf_max_dist_px":8.57426911572705,"shore_carve_band_px":15,"upload_ms":0.099,"wall_ms":158.233},{"bake_ms":185.3856,"coast_sdf_max_dist_px":19.5983294073761,"distance_scale":2.44979117592201,"edge_distance_saturate_hex":0.9,"edge_distance_units":"normalized_hex_center_gap","hashes":{"edge_distance":-4950402997942453765,"edge_neighbor":-1817094073867092319,"height":1471375401268205925,"map_index":-8546904551409701050,"terrain_detail":-7935255503121449438,"terrain_normal":-3783508796361842251,"water_depth":-62740835754847394},"layer":1,"normal_radius_px":"(10, 10)","raster_scale":"(2.449755, 2.449827)","river_sdf_max_dist_px":8.57426911572705,"shore_carve_band_px":15,"upload_ms":0.085,"wall_ms":185.858},{"bake_ms":161.0829,"coast_sdf_max_dist_px":19.5983294073761,"distance_scale":2.44979117592201,"edge_distance_saturate_hex":0.9,"edge_distance_units":"normalized_hex_center_gap","hashes":{"edge_distance":4243370179097460355,"edge_neighbor":-2473085161927184100,"height":4927024985908459391,"map_index":-9142522595905325655,"terrain_detail":-5571335100742566399,"terrain_normal":-8563754239444153993,"water_depth":4237294191949753166},"layer":2,"normal_radius_px":"(10, 10)","raster_scale":"(2.449755, 2.449827)","river_sdf_max_dist_px":8.57426911572705,"shore_carve_band_px":15,"upload_ms":0.073,"wall_ms":161.656},{"bake_ms":152.7673,"coast_sdf_max_dist_px":19.5983294073761,"distance_scale":2.44979117592201,"edge_distance_saturate_hex":0.9,"edge_distance_units":"normalized_hex_center_gap","hashes":{"edge_distance":-4016242880810002576,"edge_neighbor":-683629665796388668,"height":-7520999095292079456,"map_index":2871588665590495637,"terrain_detail":4139408718546223794,"terrain_normal":8031638562488652037,"water_depth":5033656126038932743},"layer":3,"normal_radius_px":"(10, 10)","raster_scale":"(2.449755, 2.449827)","river_sdf_max_dist_px":8.57426911572705,"shore_carve_band_px":15,"upload_ms":0.079,"wall_ms":153.318},{"bake_ms":138.1812,"coast_sdf_max_dist_px":19.5983294073761,"distance_scale":2.44979117592201,"edge_distance_saturate_hex":0.9,"edge_distance_units":"normalized_hex_center_gap","hashes":{"edge_distance":-7704383429176326032,"edge_neighbor":-6877892940147537227,"height":-7595767888867245694,"map_index":-192870331959762579,"terrain_detail":-894614703239167692,"terrain_normal":4614977393131530010,"water_depth":683988004703962534},"layer":4,"normal_radius_px":"(10, 10)","raster_scale":"(2.449755, 2.449827)","river_sdf_max_dist_px":8.57426911572705,"shore_carve_band_px":15,"upload_ms":0.094,"wall_ms":138.692},{"bake_ms":168.3933,"coast_sdf_max_dist_px":19.5983294073761,"distance_scale":2.44979117592201,"edge_distance_saturate_hex":0.9,"edge_distance_units":"normalized_hex_center_gap","hashes":{"edge_distance":-7598640109446582885,"edge_neighbor":-1764245753992674974,"height":-4577823756547968262,"map_index":-960288850545030431,"terrain_detail":-1993308945813862946,"terrain_normal":6516194996957999602,"water_depth":8839454634503668253},"layer":5,"normal_radius_px":"(10, 10)","raster_scale":"(2.449755, 2.449827)","river_sdf_max_dist_px":8.57426911572705,"shore_carve_band_px":15,"upload_ms":0.074,"wall_ms":168.848},{"bake_ms":209.5941,"coast_sdf_max_dist_px":19.5983294073761,"distance_scale":2.44979117592201,"edge_distance_saturate_hex":0.9,"edge_distance_units":"normalized_hex_center_gap","hashes":{"edge_distance":-1858353696028595544,"edge_neighbor":1108555598599322303,"height":3441083034547183006,"map_index":6520780247712767537,"terrain_detail":3443491598543143355,"terrain_normal":-1973322417887645194,"water_depth":-3012677319862532256},"layer":6,"normal_radius_px":"(10, 10)","raster_scale":"(2.449755, 2.449827)","river_sdf_max_dist_px":8.57426911572705,"shore_carve_band_px":15,"upload_ms":0.091,"wall_ms":210.31},{"bake_ms":235.4107,"coast_sdf_max_dist_px":19.5983294073761,"distance_scale":2.44979117592201,"edge_distance_saturate_hex":0.9,"edge_distance_units":"normalized_hex_center_gap","hashes":{"edge_distance":-5893058516336187516,"edge_neighbor":1442208126432080017,"height":-4666043265625715018,"map_index":4649237518952089265,"terrain_detail":-5278840651366733002,"terrain_normal":7990576661603766644,"water_depth":-6518189979266314899},"layer":7,"normal_radius_px":"(10, 10)","raster_scale":"(2.449755, 2.449827)","river_sdf_max_dist_px":8.57426911572705,"shore_carve_band_px":15,"upload_ms":0.094,"wall_ms":236.047},{"bake_ms":250.8547,"coast_sdf_max_dist_px":19.5983294073761,"distance_scale":2.44979117592201,"edge_distance_saturate_hex":0.9,"edge_distance_units":"normalized_hex_center_gap","hashes":{"edge_distance":-6318680840453701181,"edge_neighbor":6193403274120941793,"height":-2532794657566706717,"map_index":3426855152307819721,"terrain_detail":2347542797967897600,"terrain_normal":5705687311576088658,"water_depth":8831652956077313837},"layer":8,"normal_radius_px":"(10, 10)","raster_scale":"(2.449755, 2.449827)","river_sdf_max_dist_px":8.57426911572705,"shore_carve_band_px":15,"upload_ms":0.076,"wall_ms":251.447},{"bake_ms":208.7184,"coast_sdf_max_dist_px":19.5983294073761,"distance_scale":2.44979117592201,"edge_distance_saturate_hex":0.9,"edge_distance_units":"normalized_hex_center_gap","hashes":{"edge_distance":-1946363005395327418,"edge_neighbor":-6514032908187300227,"height":4498766106562795991,"map_index":3150189820029954894,"terrain_detail":3828129195704303385,"terrain_normal":6749163474046977600,"water_depth":5838804721329831772},"layer":9,"normal_radius_px":"(10, 10)","raster_scale":"(2.449755, 2.449827)","river_sdf_max_dist_px":8.57426911572705,"shore_carve_band_px":15,"upload_ms":0.079,"wall_ms":209.308},{"bake_ms":115.2709,"coast_sdf_max_dist_px":19.5983294073761,"distance_scale":2.44979117592201,"edge_distance_saturate_hex":0.9,"edge_distance_units":"normalized_hex_center_gap","hashes":{"edge_distance":1678950708696106614,"edge_neighbor":1015721758964441636,"height":-6926517991540189726,"map_index":-7757122459065779037,"terrain_detail":2959282876299837370,"terrain_normal":-4594457589010958411,"water_depth":-6633786931501927494},"layer":10,"normal_radius_px":"(10, 10)","raster_scale":"(2.449755, 2.449827)","river_sdf_max_dist_px":8.57426911572705,"shore_carve_band_px":15,"upload_ms":0.128,"wall_ms":115.926},{"bake_ms":167.344,"coast_sdf_max_dist_px":19.5983294073761,"distance_scale":2.44979117592201,"edge_distance_saturate_hex":0.9,"edge_distance_units":"normalized_hex_center_gap","hashes":{"edge_distance":810413171848159772,"edge_neighbor":5432655005942197615,"height":6503035989124921826,"map_index":6533579997817892683,"terrain_detail":2852440910945261490,"terrain_normal":-2807838747595850039,"water_depth":-8305440258341467525},"layer":11,"normal_radius_px":"(10, 10)","raster_scale":"(2.449755, 2.449827)","river_sdf_max_dist_px":8.57426911572705,"shore_carve_band_px":15,"upload_ms":0.071,"wall_ms":167.81},{"bake_ms":184.0457,"coast_sdf_max_dist_px":19.5983294073761,"distance_scale":2.44979117592201,"edge_distance_saturate_hex":0.9,"edge_distance_units":"normalized_hex_center_gap","hashes":{"edge_distance":-3575228656758023210,"edge_neighbor":8551960486932143823,"height":5180202469269445208,"map_index":1957591469298544708,"terrain_detail":1534918056969626317,"terrain_normal":-135194864811570410,"water_depth":7716736934307154753},"layer":12,"normal_radius_px":"(10, 10)","raster_scale":"(2.449755, 2.449827)","river_sdf_max_dist_px":8.57426911572705,"shore_carve_band_px":15,"upload_ms":0.068,"wall_ms":184.587},{"bake_ms":193.9857,"coast_sdf_max_dist_px":19.5983294073761,"distance_scale":2.44979117592201,"edge_distance_saturate_hex":0.9,"edge_distance_units":"normalized_hex_center_gap","hashes":{"edge_distance":-2794556244063640672,"edge_neighbor":-8840180479178680574,"height":5139636230275778796,"map_index":8424139790529617322,"terrain_detail":983150219155691097,"terrain_normal":-368354019937167310,"water_depth":1478786174899524247},"layer":13,"normal_radius_px":"(10, 10)","raster_scale":"(2.449755, 2.449827)","river_sdf_max_dist_px":8.57426911572705,"shore_carve_band_px":15,"upload_ms":0.068,"wall_ms":194.525},{"bake_ms":151.1123,"coast_sdf_max_dist_px":19.5983294073761,"distance_scale":2.44979117592201,"edge_distance_saturate_hex":0.9,"edge_distance_units":"normalized_hex_center_gap","hashes":{"edge_distance":3047036292607849804,"edge_neighbor":6185407933387684373,"height":7349827255519059027,"map_index":-4422322475118034819,"terrain_detail":-9051776929821328223,"terrain_normal":201935306729866869,"water_depth":-3458449386860231174},"layer":14,"normal_radius_px":"(10, 10)","raster_scale":"(2.449755, 2.449827)","river_sdf_max_dist_px":8.57426911572705,"shore_carve_band_px":15,"upload_ms":0.079,"wall_ms":151.666}],"logical_size":"(2440, 1416)","mode":"tiled","path":"visual_tiled_static","profile":"desktop_auto","renderer":"mobile","requested_budget_px":3411975,"requested_texels_per_hex":14.0,"requested_tile_world_span":"(804.5714, 804.5714)","requested_world_units_per_texel":1.57142857142857,"tile_world_area":561669.436340332,"tile_world_span":"(762.1024, 737.0)","total_ms":2688.841,"visual_domain":"[P: (0.0, -44.0), S: (3810.512, 2211.0)]","wrap_period_x":3810.51177665153,"wrap_x":true}
WARNING: Loaded resource as image file, this will not work on export: 'res://assets/textures/terrain_materials/organic.png'. Instead, import the image file as an Image resource and load it normally as a resource.
   at: load (core/io/image.cpp:2756)
   GDScript backtrace (most recent call first):
       [0] _build_terrain_material_tex (res://scripts/rendering/map_baker.gd:359)
       [1] get_or_build_shared_terrain_material_tex (res://scripts/rendering/map_baker.gd:342)
       [2] bake_world (res://scripts/rendering/map_baker.gd:1175)
       [3] generate (res://scripts/geography/map_generator.gd:1378)
       [4] generate_world (res://scripts/game/world_runtime_host.gd:272)
       [5] _run (res://tests/headless_perf_record.gd:179)
       [6] _init (res://tests/headless_perf_record.gd:25)
WARNING: Loaded resource as image file, this will not work on export: 'res://assets/textures/terrain_materials/dry_sand.png'. Instead, import the image file as an Image resource and load it normally as a resource.
   at: load (core/io/image.cpp:2756)
   GDScript backtrace (most recent call first):
       [0] _build_terrain_material_tex (res://scripts/rendering/map_baker.gd:359)
       [1] get_or_build_shared_terrain_material_tex (res://scripts/rendering/map_baker.gd:342)
       [2] bake_world (res://scripts/rendering/map_baker.gd:1175)
       [3] generate (res://scripts/geography/map_generator.gd:1378)
       [4] generate_world (res://scripts/game/world_runtime_host.gd:272)
       [5] _run (res://tests/headless_perf_record.gd:179)
       [6] _init (res://tests/headless_perf_record.gd:25)
WARNING: Loaded resource as image file, this will not work on export: 'res://assets/textures/terrain_materials/rock.png'. Instead, import the image file as an Image resource and load it normally as a resource.
   at: load (core/io/image.cpp:2756)
   GDScript backtrace (most recent call first):
       [0] _build_terrain_material_tex (res://scripts/rendering/map_baker.gd:359)
       [1] get_or_build_shared_terrain_material_tex (res://scripts/rendering/map_baker.gd:342)
       [2] bake_world (res://scripts/rendering/map_baker.gd:1175)
       [3] generate (res://scripts/geography/map_generator.gd:1378)
       [4] generate_world (res://scripts/game/world_runtime_host.gd:272)
       [5] _run (res://tests/headless_perf_record.gd:179)
       [6] _init (res://tests/headless_perf_record.gd:25)
WARNING: Loaded resource as image file, this will not work on export: 'res://assets/textures/terrain_materials/snow_wet.png'. Instead, import the image file as an Image resource and load it normally as a resource.
   at: load (core/io/image.cpp:2756)
   GDScript backtrace (most recent call first):
       [0] _build_terrain_material_tex (res://scripts/rendering/map_baker.gd:359)
       [1] get_or_build_shared_terrain_material_tex (res://scripts/rendering/map_baker.gd:342)
       [2] bake_world (res://scripts/rendering/map_baker.gd:1175)
       [3] generate (res://scripts/geography/map_generator.gd:1378)
       [4] generate_world (res://scripts/game/world_runtime_host.gd:272)
       [5] _run (res://tests/headless_perf_record.gd:179)
       [6] _init (res://tests/headless_perf_record.gd:25)
  cell LUT encode: deferred until DCWorldExt bind
  encode: 5397ms
MapBaker v6: total 5605ms
MapGenerator v7: bake 5690ms
MapGenerator: skip _compute_ocean_currents (physical-hex path writes per-cell directly)
MapGenerator: skip _compute_terrain_perturbed_wind (physical-hex solver writes per-cell)
[SUS] sim budget strict=false frame=8.00ms warn=2.00ms slice=0.75ms upload=1.50ms scheduler=DCSystemScheduler native_sus=auto
[DCWorldExt] bind_map_data: 148 components bound (auto-registered=148; snapshot model; see world_ext.cpp comment & charter Â§11)
[DataCore] _data_core_world_ext bound=true (climate co-processor; class=DCWorldExt)
[native_world] configure rc=0 reason=configured cells=6400 wrap_period_x=173.205
[native_generation] path=gdext n=6400 published=9 native_ms=0.243 compute_ms=0.183 flush_ms=0.059
[hex_cell] facade ENABLED (6400 cells bound; ext=true)
[DataCore] _baker climate_profile injected=true (fixes WorldData.config==null sea_ice prepare path)
[phys_solve][oneshot] OK slp=1.32ms wind=0.95ms psi=0.56ms(ran=true) upwelling=0.11ms total=3.96ms
PhysicalCirculation solve@phase=1.50 total=4ms (C++ one-shot run_physical_solve_pass)
  wind/ocean pixel buffers: skipped (ocean_current_visual off)
[physical_init] deferred native refresh complete: 4ms
[cell_lut] deferred encode: 4ms path=gdext
[bio-occupancy] seed landmasses=3 provinces=3 species=19 secondary_hearths=0
[bio-occupancy]   bio.maize envelope=397 hearth=248 seeded_landmasses=1 primary_landmass=1 primary_envelope=397 occupied=248 occupied/envelope=0.62
[bio-occupancy]   bio.wheat envelope=910 hearth=276 seeded_landmasses=1 primary_landmass=1 primary_envelope=910 occupied=276 occupied/envelope=0.30
[bio-occupancy]   bio.rice envelope=153 hearth=153 seeded_landmasses=1 primary_landmass=1 primary_envelope=153 occupied=153 occupied/envelope=1.00
[bio-occupancy]   bio.potato envelope=1014 hearth=1013 seeded_landmasses=1 primary_landmass=1 primary_envelope=1014 occupied=1013 occupied/envelope=1.00
[bio-occupancy]   bio.horse envelope=1084 hearth=918 seeded_landmasses=1 primary_landmass=1 primary_envelope=1084 occupied=918 occupied/envelope=0.85
[bio-occupancy]   bio.cotton envelope=716 hearth=716 seeded_landmasses=1 primary_landmass=1 primary_envelope=716 occupied=716 occupied/envelope=1.00
[bio-occupancy]   bio.flax envelope=880 hearth=880 seeded_landmasses=1 primary_landmass=1 primary_envelope=880 occupied=880 occupied/envelope=1.00
[bio-occupancy]   bio.spice envelope=501 hearth=501 seeded_landmasses=1 primary_landmass=1 primary_envelope=501 occupied=501 occupied/envelope=1.00
[bio-occupancy]   bio.rubber envelope=332 hearth=332 seeded_landmasses=1 primary_landmass=1 primary_envelope=332 occupied=332 occupied/envelope=1.00
[bio-occupancy]   bio.sheep envelope=421 hearth=65 seeded_landmasses=1 primary_landmass=1 primary_envelope=421 occupied=65 occupied/envelope=0.15
[bio-occupancy]   bio.goat envelope=2021 hearth=428 seeded_landmasses=1 primary_landmass=1 primary_envelope=2015 occupied=428 occupied/envelope=0.21
[bio-occupancy]   bio.cattle envelope=103 hearth=103 seeded_landmasses=1 primary_landmass=1 primary_envelope=103 occupied=103 occupied/envelope=1.00
[bio-occupancy]   bio.pig envelope=1048 hearth=549 seeded_landmasses=1 primary_landmass=1 primary_envelope=1048 occupied=549 occupied/envelope=0.52
[bio-occupancy]   bio.camel envelope=229 hearth=229 seeded_landmasses=1 primary_landmass=1 primary_envelope=229 occupied=229 occupied/envelope=1.00
[bio-occupancy]   bio.yak envelope=969 hearth=917 seeded_landmasses=1 primary_landmass=1 primary_envelope=917 occupied=917 occupied/envelope=1.00
[bio-occupancy]   bio.silkworm envelope=492 hearth=488 seeded_landmasses=1 primary_landmass=1 primary_envelope=488 occupied=488 occupied/envelope=1.00
[bio-occupancy]   bio.reed envelope=551 hearth=551 seeded_landmasses=1 primary_landmass=1 primary_envelope=551 occupied=551 occupied/envelope=1.00
[bio-occupancy]   bio.bast_fiber envelope=887 hearth=884 seeded_landmasses=1 primary_landmass=1 primary_envelope=884 occupied=884 occupied/envelope=1.00
[bio-occupancy]   bio.dye_plant envelope=752 hearth=752 seeded_landmasses=1 primary_landmass=1 primary_envelope=752 occupied=752 occupied/envelope=1.00
[bio-occupancy]   landmass 1 classes=cold_grazer, fiber_wet, highland_food, open_grazer, fiber_open, dry_grazer, fiber_forest, forest_grazer, wetland_food, tropical, open_food foods=potato, rice, wheat, maize
[bio-occupancy]   landmass 2 classes=none foods=none
[bio-occupancy]   landmass 3 classes=none foods=none
[weather] gdext acceleration ON (class=DCWorldExt)
[weather] gdext field commit ON
[weather] gdext distribute ON
[weather] gdext summary ON
[weather] hexcell facade ON (skip AoS double-write in hot loop)
[weather] gdext resident knobs ON (class=KnobsHandle)
[economy] ACTIVE native graph cells=6400 goods=130 cohorts=16 epoch_days=1 trade=ACTIVE topology_ready=true topology_generation=1 bootstrap=starter_settlement_bootstrap_v9 founder_families=4 founder_people=4
[country] ACTIVE native authority countries=4 cells=6400 generation=1
[weather/knobs] resident KnobsHandle path ACTIVE — first to_*_knobs_dict hit (field_rebuild_count=1 expected ≤1; stable Hz target ≤1 Hz)
[native_daily] ACTIVE: registered native_daily_sim + natural_resource_daily + bio_occupancy_daily; retained season_refresh + ocean_currents boundary jobs
[DCSystemScheduler] topology: ["season_refresh", "trigger_runtime", "ideology_runtime", "effect_runtime", "modifier_daily", "gameplay_effect", "natural_resource_daily", "bio_occupancy_daily", "enum_atlas_upload", "ocean_currents", "native_daily_sim", "dynamic_visual_atlas_upload", "country_daily", "economy_daily"]
[perf-record] start (start_tick=0)
[season_refresh] b_plus_start path=gdext handle=1 season=0 n_cells=6400
[native_daily/slow-dump] tick=1 day=1 sample=1 commit=-1 age=0/10 over=false state=active stage=climate_pass_a/climate_pass_a_struct node=climate_pass_a/climate_pass_a_struct cursor=0-1 cells=0-6400/6400 done=false progress=0.05 wall=5.06 shell=5.19 shell_gap=0.13 bundle=0.21 jit=0.00 keys=[] native_call=4.70 cpp=4.60 compute=0.00 refresh=0.06 flush=0.00 apply=0.15 round=4.60 weather=0.00 prebuilt=false path=gdext_native_daily_slice
[DCSystemScheduler][RT] ocean_skip#1 tick=1 reason=policy_gated slices=0 elapsed=0.000 progress=0.000 source=day_changed
[detail_scatter] tick-sync queued=931 (vegetation=354)
[DCSystemScheduler][RT] ocean_skip#2 tick=2 reason=policy_gated slices=0 elapsed=0.000 progress=0.000 source=day_changed
[DCSystemScheduler][RT] ocean_skip#3 tick=3 reason=policy_gated slices=0 elapsed=0.000 progress=0.000 source=day_changed
[phys_solve][RT] start#1 phase=0.0438 pending=nan solve_ocean=true ext=true idx=true soa=true
[slp_field] path-decision call#1: prof=true pflag_attr=true pflag_val=true ext=true method=true idx=true -> cpp_gate=true
[slp_field] commit-diag call#1: rc=0.093 slp_out=6400 n_cells=6400 map_slp=6400 published=false
[slp_field][RT-DIAG] call#1 phase=0.0438 rc=0.093 slp_out=6400 n=6400 published=false -> commit_ok
[natural_resource/slow-dump] tick=5 day=5 wall=1.57 cpp=0.831 compute=0.324 loop=0.026 flush=0.096 wrapper=0.237 layout=cell_indices dispatches=0 resources=11/31 skipped_static=20 published=true total_delta=-337063.82164
[DCSystemScheduler][RT] ocean_skip#4 tick=5 reason=policy_gated slices=0 elapsed=0.000 progress=0.000 source=day_changed
[detail_scatter] tick-sync queued=563 (vegetation=0)
[DCSystemScheduler][RT] ocean_skip#5 tick=7 reason=policy_gated slices=0 elapsed=0.000 progress=0.000 source=day_changed
[slp_field] path-decision call#2: prof=true pflag_attr=true pflag_val=true ext=true method=true idx=true -> cpp_gate=true
[slp_field] commit-diag call#2: rc=0.091 slp_out=6400 n_cells=6400 map_slp=6400 published=false
[slp_field][RT-DIAG] call#2 phase=0.0438 rc=0.091 slp_out=6400 n=6400 published=false -> commit_ok
[DCSystemScheduler][RT] ocean_skip#6 tick=9 reason=policy_gated slices=0 elapsed=0.000 progress=0.000 source=day_changed
[DCSystemScheduler][RT] ocean_skip#7 tick=10 reason=policy_gated slices=0 elapsed=0.000 progress=0.000 source=day_changed
[DCSystemScheduler][RT] ocean_skip#8 tick=11 reason=policy_gated slices=0 elapsed=0.000 progress=0.000 source=day_changed
[slp_field] path-decision call#3: prof=true pflag_attr=true pflag_val=true ext=true method=true idx=true -> cpp_gate=true
[slp_field] commit-diag call#3: rc=0.089 slp_out=6400 n_cells=6400 map_slp=6400 published=false
[slp_field][RT-DIAG] call#3 phase=0.0438 rc=0.089 slp_out=6400 n=6400 published=false -> commit_ok
[DCSystemScheduler][RT] ocean_skip#9 tick=13 reason=policy_gated slices=0 elapsed=0.000 progress=0.000 source=day_changed
[DCSystemScheduler][RT] ocean_skip#10 tick=14 reason=policy_gated slices=0 elapsed=0.000 progress=0.000 source=day_changed
[detail_scatter] tick-sync queued=1 (vegetation=0)
[DCSystemScheduler][RT] ocean_skip#11 tick=15 reason=policy_gated slices=0 elapsed=0.000 progress=0.000 source=day_changed
[slp_field][RT-DIAG] call#4 phase=0.0438 rc=0.088 slp_out=6400 n=6400 published=false -> commit_ok
[DCSystemScheduler][RT] ocean_skip#12 tick=17 reason=policy_gated slices=0 elapsed=0.000 progress=0.000 source=day_changed
[DCSystemScheduler][RT] ocean_skip#13 tick=19 reason=policy_gated slices=0 elapsed=0.000 progress=0.000 source=day_changed
[slp_field][RT-DIAG] call#5 phase=0.0438 rc=0.091 slp_out=6400 n=6400 published=false -> commit_ok
[DCSystemScheduler][RT] ocean_skip#14 tick=21 reason=policy_gated slices=0 elapsed=0.000 progress=0.000 source=day_changed
[DCSystemScheduler][RT] ocean_skip#15 tick=22 reason=policy_gated slices=0 elapsed=0.000 progress=0.000 source=day_changed
[detail_scatter] tick-sync queued=12 (vegetation=0)
[DCSystemScheduler][RT] ocean_skip#16 tick=23 reason=policy_gated slices=0 elapsed=0.000 progress=0.000 source=day_changed
[DCSystemScheduler][RT] ocean_skip#17 tick=25 reason=policy_gated slices=0 elapsed=0.000 progress=0.000 source=day_changed
[DCSystemScheduler][RT] ocean_skip#18 tick=26 reason=policy_gated slices=0 elapsed=0.000 progress=0.000 source=day_changed
[DCSystemScheduler][RT] ocean_skip#19 tick=27 reason=policy_gated slices=0 elapsed=0.000 progress=0.000 source=day_changed
[DCSystemScheduler][RT] ocean_skip#20 tick=29 reason=policy_gated slices=0 elapsed=0.000 progress=0.000 source=day_changed
[detail_scatter] tick-sync queued=39 (vegetation=0)
[DCSystemScheduler][RT] ocean_skip#21 tick=31 reason=policy_gated slices=0 elapsed=0.000 progress=0.000 source=day_changed
[slp_field] gdext path ACTIVE — first run elapsed=0.52ms (legacy GDScript baseline ~36ms; target < 3ms)
[DCSystemScheduler][RT] ocean_skip#22 tick=33 reason=policy_gated slices=0 elapsed=0.000 progress=0.000 source=day_changed
[DCSystemScheduler][RT] ocean_skip#23 tick=34 reason=policy_gated slices=0 elapsed=0.000 progress=0.000 source=day_changed
[DCSystemScheduler][RT] ocean_skip#24 tick=35 reason=policy_gated slices=0 elapsed=0.000 progress=0.000 source=day_changed
[DCSystemScheduler][RT] ocean_skip#25 tick=37 reason=policy_gated slices=0 elapsed=0.000 progress=0.000 source=day_changed
[DCSystemScheduler][RT] ocean_skip#26 tick=38 reason=policy_gated slices=0 elapsed=0.000 progress=0.000 source=day_changed
[detail_scatter] tick-sync queued=41 (vegetation=0)
[DCSystemScheduler][RT] ocean_skip#27 tick=39 reason=policy_gated slices=0 elapsed=0.000 progress=0.000 source=day_changed
[psi_solver] path-decision call#1: prof=true pflag_attr=true pflag_val=true ext=true method=true idx=true heat=true -> cpp_gate=true
[psi_solver] gdext path ACTIVE — first run elapsed=0.26ms (legacy GDScript stage3+4+5 baseline ~32+ms; target < 5ms)
[psi_solver] commit-diag call#1: rc=0.262 n_water=858 n_cells=6400 published=true
[DCSystemScheduler][RT] ocean_skip#28 tick=41 reason=policy_gated slices=0 elapsed=0.000 progress=0.000 source=day_changed
[DCSystemScheduler][RT] ocean_skip#29 tick=43 reason=policy_gated slices=0 elapsed=0.000 progress=0.000 source=day_changed
[upwelling/DIAG#1] gate: prof=true pflag_attr=true pflag_val=true ext=true method=true wind_cpp=true idx=true -> cpp_gate=true
[upwelling/DIAG#1] cpp-call: ret_type=27 fallback=false reason='' elapsed_native_ms=0.014
[upwelling/DIAG#1] BREAKDOWN: T1_nb_pack=0.00ms T2_knobs=0.01ms T3_refresh_slots=0.13ms T4_cpp_call=0.02ms (n=6400)
[DCSystemScheduler][RT] ocean_skip#30 tick=45 reason=policy_gated slices=0 elapsed=0.000 progress=0.000 source=day_changed
[DCSystemScheduler][RT] ocean_skip#31 tick=46 reason=policy_gated slices=0 elapsed=0.000 progress=0.000 source=day_changed
[detail_scatter] tick-sync queued=11 (vegetation=0)
[DCSystemScheduler][RT] ocean_skip#32 tick=47 reason=policy_gated slices=0 elapsed=0.000 progress=0.000 source=day_changed
[DCSystemScheduler][RT] ocean_skip#33 tick=49 reason=policy_gated slices=0 elapsed=0.000 progress=0.000 source=day_changed
[DCSystemScheduler][RT] ocean_skip#34 tick=50 reason=policy_gated slices=0 elapsed=0.000 progress=0.000 source=day_changed
[perf-record] exported rows=50 cols=1680 → F:/Developent/Godot/Project.Keynes/tmp/perf_record_20260822_142352.csv
[headless-perf/result] label=native_daily_fused days=50 speed=50.000 seed=19991123 map=100x64 formal_start=true trade_scenario=false foreign_count=3 import_tariff_rate=0 export_tariff_rate=0 population_scale=0 saved_setup=true economy_configured=true country_count=4 population=80 generation_ms=14460.1 run_ms=1896.2 barrier_pulses=76 ledger_failures=0 fatal=false population_error=0 money_error=0 goods_error=0 family_count=4 family_branch_count=4 family_trait_roll_count=9 effect_instances=11 family_effect_stack_groups=2 family_effect_group_members=2 effect_metric_slab_bytes=5031 effect_instance_storage_bytes=2704 city_good_output_shared_count=130 city_good_output_non_neutral_shared_count=0 city_good_output_override_count=0 city_good_output_override_cell_count=0 city_good_output_cache_bytes=26124 trade_orders_dispatched=0 trade_orders_arrived=0 trade_orders_cumulative=7 trade_base_cumulative=17125 trade_route_expansions=6571 trade_tariff_lanes=0 trade_country_goods=3 trade_country_partners=4 tariff_collected=0 tariff_subsidy_paid=0 economy_memory_bytes=112722076 rows=50 expected_rows=50 path=F:/Developent/Godot/Project.Keynes/tmp/perf_record_20260822_142352.csv
ERROR: 24 RID allocations of type 'PN13RendererDummy14TextureStorage12DummyTextureE' were leaked at exit.
WARNING: ObjectDB instances leaked at exit (run with --verbose for details).
   at: cleanup (core/object/object.cpp:2641)
ERROR: 311 resources still in use at exit (run with --verbose for details).
   at: clear (core/io/resource.cpp:810)
