Godot Engine v4.6.2.stable.official.71f334935 - https://godotengine.org

[headless-perf] runtime_graph_mode=OFF applied
[native_generation/base] path=gdext algorithm=post_base_priority_flood_hydrology_v3 n=2400 native_ms=6.409 water=1553 land=847
[native_generation/post_base] path=gdext algorithm=post_base_priority_flood_hydrology_v3 n=2400 native_ms=1.328 lakes=4 rivers=105 volcanoes=0
[native_generation/vegetation] native_ms=0.476 candidates=841 none=1169 score=[0.000,1.236,1.114] plant_water_land=856 river_adjacent_desert=0 coastal_highland_desert=0 terrain_weight=[0.180,1.200]
[native_generation/qa] single_water=0 tiny<=3=0 small<=5=0 bodies=1 largest=1544 | land_below_sea=0.7% | terr_distinct=21 entropy=3.183bit | river_ratio=4.375%
MapGenerator v7: per-cell 58ms (2400 cells, path=gdext)
MapBaker v6: hm=(1024, 606) seed=1735228708
    [fused] terrain=69.6ms erosion=2.2ms(ok=true) river=11.6ms(ok=true) latitude=0.1ms coast_sdf=3.5ms(ok=true)
  geometry fields (fused C++): 142ms
  physical circulation hex solve: deferred until DCWorldExt bind (ext=true idx=true soa=false)
  wind/ocean pixel buffers: skipped (ocean_current_visual off)
  visual tiles: {"degradation_reason":"","effective_budget_px":1335168,"effective_texels_per_hex":14.1134163904991,"effective_world_units_per_texel":"(1.561685, 1.555921)","estimated_peak_bytes":52958880,"estimated_resident_bytes":31232160,"fallback_reason":"","generation_id":1,"grid_size":"(3, 2)","gutter_px":2,"hex_size":22.0,"horizon_path":"neutral_pending","interior_size":"(488, 456)","layer_size":"(492, 460)","layers":[{"bake_ms":76.5008,"coast_sdf_max_dist_px":12.00627660199,"distance_scale":1.50078457524874,"edge_distance_saturate_hex":0.9,"edge_distance_units":"normalized_hex_center_gap","hashes":{"edge_distance":3656771144553577804,"edge_neighbor":-2762081379455600281,"height":-7566213123293575804,"map_index":5089819613662669772,"terrain_detail":-7045970888058210296,"terrain_normal":-8917093497719545740,"water_depth":1006466877616425771},"layer":0,"normal_radius_px":"(19, 19)","raster_scale":"(1.49663, 1.504951)","river_sdf_max_dist_px":5.25274601337061,"shore_carve_band_px":9,"upload_ms":0.063,"wall_ms":76.926},{"bake_ms":86.893,"coast_sdf_max_dist_px":12.00627660199,"distance_scale":1.50078457524874,"edge_distance_saturate_hex":0.9,"edge_distance_units":"normalized_hex_center_gap","hashes":{"edge_distance":197532295589937750,"edge_neighbor":6125697998277670366,"height":1344570544686678738,"map_index":-4817054194918728570,"terrain_detail":5585471860892953321,"terrain_normal":2091538332358926908,"water_depth":-4709305156332195749},"layer":1,"normal_radius_px":"(19, 19)","raster_scale":"(1.49663, 1.504951)","river_sdf_max_dist_px":5.25274601337061,"shore_carve_band_px":9,"upload_ms":0.068,"wall_ms":87.418},{"bake_ms":126.6972,"coast_sdf_max_dist_px":12.00627660199,"distance_scale":1.50078457524874,"edge_distance_saturate_hex":0.9,"edge_distance_units":"normalized_hex_center_gap","hashes":{"edge_distance":2639846898583792426,"edge_neighbor":2003433472447097050,"height":-1158032313847695291,"map_index":-7605736262542660166,"terrain_detail":7089766525318717802,"terrain_normal":1737252617702090744,"water_depth":-9016738547779697183},"layer":2,"normal_radius_px":"(19, 19)","raster_scale":"(1.49663, 1.504951)","river_sdf_max_dist_px":5.25274601337061,"shore_carve_band_px":9,"upload_ms":0.079,"wall_ms":127.181},{"bake_ms":104.7658,"coast_sdf_max_dist_px":12.00627660199,"distance_scale":1.50078457524874,"edge_distance_saturate_hex":0.9,"edge_distance_units":"normalized_hex_center_gap","hashes":{"edge_distance":-8731576146342715719,"edge_neighbor":42721122000830823,"height":4881272425044967583,"map_index":456444225636641244,"terrain_detail":-3398749879167404622,"terrain_normal":-3595001313674232847,"water_depth":-4844534720504505428},"layer":3,"normal_radius_px":"(19, 19)","raster_scale":"(1.49663, 1.504951)","river_sdf_max_dist_px":5.25274601337061,"shore_carve_band_px":9,"upload_ms":0.068,"wall_ms":105.306},{"bake_ms":107.2323,"coast_sdf_max_dist_px":12.00627660199,"distance_scale":1.50078457524874,"edge_distance_saturate_hex":0.9,"edge_distance_units":"normalized_hex_center_gap","hashes":{"edge_distance":-2594180542342964838,"edge_neighbor":5723338600068745453,"height":3495880877202732074,"map_index":4855976446233317594,"terrain_detail":-8653190995996673160,"terrain_normal":-778029548625345906,"water_depth":4831835534614512171},"layer":4,"normal_radius_px":"(19, 19)","raster_scale":"(1.49663, 1.504951)","river_sdf_max_dist_px":5.25274601337061,"shore_carve_band_px":9,"upload_ms":0.059,"wall_ms":107.721},{"bake_ms":63.2816,"coast_sdf_max_dist_px":12.00627660199,"distance_scale":1.50078457524874,"edge_distance_saturate_hex":0.9,"edge_distance_units":"normalized_hex_center_gap","hashes":{"edge_distance":4261373140815940851,"edge_neighbor":-4132057691125619853,"height":2880703158344612562,"map_index":449732344252865563,"terrain_detail":6202602702900819909,"terrain_normal":-3088112641201791674,"water_depth":-3569969530588888310},"layer":5,"normal_radius_px":"(19, 19)","raster_scale":"(1.49663, 1.504951)","river_sdf_max_dist_px":5.25274601337061,"shore_carve_band_px":9,"upload_ms":0.062,"wall_ms":63.792}],"logical_size":"(1464, 912)","mode":"tiled","path":"visual_tiled_static","profile":"desktop_auto","renderer":"mobile","requested_budget_px":1313865,"requested_texels_per_hex":14.0,"requested_tile_world_span":"(804.5714, 804.5714)","requested_world_units_per_texel":1.57142857142857,"tile_world_area":540711.621551514,"tile_world_span":"(762.1024, 709.5)","total_ms":568.566,"visual_domain":"[P: (0.0, -44.0), S: (2286.307, 1419.0)]","wrap_period_x":2286.30706599092,"wrap_x":true}
WARNING: Loaded resource as image file, this will not work on export: 'res://assets/textures/terrain_materials/organic.png'. Instead, import the image file as an Image resource and load it normally as a resource.
   at: load (core/io/image.cpp:2756)
   GDScript backtrace (most recent call first):
       [0] _build_terrain_material_tex (res://scripts/rendering/map_baker.gd:360)
       [1] get_or_build_shared_terrain_material_tex (res://scripts/rendering/map_baker.gd:343)
       [2] bake_world (res://scripts/rendering/map_baker.gd:1187)
       [3] generate (res://scripts/geography/map_generator.gd:1474)
       [4] generate_world (res://scripts/game/world_runtime_host.gd:555)
       [5] _run (res://tests/headless_perf_record.gd:222)
       [6] _init (res://tests/headless_perf_record.gd:28)
WARNING: Loaded resource as image file, this will not work on export: 'res://assets/textures/terrain_materials/dry_sand.png'. Instead, import the image file as an Image resource and load it normally as a resource.
   at: load (core/io/image.cpp:2756)
   GDScript backtrace (most recent call first):
       [0] _build_terrain_material_tex (res://scripts/rendering/map_baker.gd:360)
       [1] get_or_build_shared_terrain_material_tex (res://scripts/rendering/map_baker.gd:343)
       [2] bake_world (res://scripts/rendering/map_baker.gd:1187)
       [3] generate (res://scripts/geography/map_generator.gd:1474)
       [4] generate_world (res://scripts/game/world_runtime_host.gd:555)
       [5] _run (res://tests/headless_perf_record.gd:222)
       [6] _init (res://tests/headless_perf_record.gd:28)
WARNING: Loaded resource as image file, this will not work on export: 'res://assets/textures/terrain_materials/rock.png'. Instead, import the image file as an Image resource and load it normally as a resource.
   at: load (core/io/image.cpp:2756)
   GDScript backtrace (most recent call first):
       [0] _build_terrain_material_tex (res://scripts/rendering/map_baker.gd:360)
       [1] get_or_build_shared_terrain_material_tex (res://scripts/rendering/map_baker.gd:343)
       [2] bake_world (res://scripts/rendering/map_baker.gd:1187)
       [3] generate (res://scripts/geography/map_generator.gd:1474)
       [4] generate_world (res://scripts/game/world_runtime_host.gd:555)
       [5] _run (res://tests/headless_perf_record.gd:222)
       [6] _init (res://tests/headless_perf_record.gd:28)
WARNING: Loaded resource as image file, this will not work on export: 'res://assets/textures/terrain_materials/snow_wet.png'. Instead, import the image file as an Image resource and load it normally as a resource.
   at: load (core/io/image.cpp:2756)
   GDScript backtrace (most recent call first):
       [0] _build_terrain_material_tex (res://scripts/rendering/map_baker.gd:360)
       [1] get_or_build_shared_terrain_material_tex (res://scripts/rendering/map_baker.gd:343)
       [2] bake_world (res://scripts/rendering/map_baker.gd:1187)
       [3] generate (res://scripts/geography/map_generator.gd:1474)
       [4] generate_world (res://scripts/game/world_runtime_host.gd:555)
       [5] _run (res://tests/headless_perf_record.gd:222)
       [6] _init (res://tests/headless_perf_record.gd:28)
  cell LUT encode: deferred until DCWorldExt bind
  encode: 2782ms
MapBaker v6: total 2925ms
MapGenerator v7: bake 2948ms
MapGenerator: skip _compute_ocean_currents (physical-hex path writes per-cell directly)
MapGenerator: skip _compute_terrain_perturbed_wind (physical-hex solver writes per-cell)
[SUS] sim budget strict=false frame=8.00ms warn=2.00ms slice=0.75ms upload=1.50ms scheduler=DCSystemScheduler native_sus=auto
[DCWorldExt] bind_map_data: 148 components bound (auto-registered=148; snapshot model; see world_ext.cpp comment & charter Â§11)
[DataCore] _data_core_world_ext bound=true (climate co-processor; class=DCWorldExt)
[native_world] configure rc=0 reason=configured cells=2400 wrap_period_x=103.923
[native_generation] path=gdext n=2400 published=9 native_ms=0.097 compute_ms=0.053 flush_ms=0.043
[hex_cell] facade ENABLED (2400 cells bound; ext=true)
[DataCore] _baker climate_profile injected=true (fixes WorldData.config==null sea_ice prepare path)
[phys_solve][oneshot] OK slp=0.77ms wind=0.32ms psi=0.29ms(ran=true) upwelling=0.06ms total=1.81ms
PhysicalCirculation solve@phase=1.50 total=2ms (C++ one-shot run_physical_solve_pass)
  wind/ocean pixel buffers: skipped (ocean_current_visual off)
[physical_init] deferred native refresh complete: 2ms
[cell_lut] deferred encode: 1ms path=gdext
[bio-occupancy] seed landmasses=10 provinces=10 species=20 secondary_hearths=22
[bio-occupancy]   bio.maize envelope=56 hearth=17 seeded_landmasses=1 primary_landmass=8 primary_envelope=31 occupied=17 occupied/envelope=0.55
[bio-occupancy]   bio.wheat envelope=225 hearth=58 seeded_landmasses=3 primary_landmass=1 primary_envelope=21 occupied=58 occupied/envelope=2.76
[bio-occupancy]   bio.rice envelope=71 hearth=19 seeded_landmasses=4 primary_landmass=2 primary_envelope=23 occupied=19 occupied/envelope=0.83
[bio-occupancy]   bio.potato envelope=163 hearth=55 seeded_landmasses=3 primary_landmass=8 primary_envelope=86 occupied=55 occupied/envelope=0.64
[bio-occupancy]   bio.horse envelope=242 hearth=48 seeded_landmasses=4 primary_landmass=2 primary_envelope=70 occupied=48 occupied/envelope=0.69
[bio-occupancy]   bio.cotton envelope=119 hearth=12 seeded_landmasses=1 primary_landmass=7 primary_envelope=22 occupied=12 occupied/envelope=0.55
[bio-occupancy]   bio.flax envelope=212 hearth=17 seeded_landmasses=2 primary_landmass=1 primary_envelope=21 occupied=17 occupied/envelope=0.81
[bio-occupancy]   bio.spice envelope=100 hearth=8 seeded_landmasses=2 primary_landmass=2 primary_envelope=26 occupied=8 occupied/envelope=0.31
[bio-occupancy]   bio.rubber envelope=56 hearth=7 seeded_landmasses=1 primary_landmass=7 primary_envelope=15 occupied=7 occupied/envelope=0.47
[bio-occupancy]   bio.sheep envelope=34 hearth=8 seeded_landmasses=1 primary_landmass=8 primary_envelope=17 occupied=8 occupied/envelope=0.47
[bio-occupancy]   bio.goat envelope=405 hearth=98 seeded_landmasses=4 primary_landmass=8 primary_envelope=187 occupied=98 occupied/envelope=0.52
[bio-occupancy]   bio.cattle envelope=13 hearth=5 seeded_landmasses=1 primary_landmass=8 primary_envelope=11 occupied=5 occupied/envelope=0.45
[bio-occupancy]   bio.pig envelope=287 hearth=89 seeded_landmasses=5 primary_landmass=8 primary_envelope=129 occupied=89 occupied/envelope=0.69
[bio-occupancy]   bio.camel envelope=45 hearth=6 seeded_landmasses=1 primary_landmass=6 primary_envelope=13 occupied=6 occupied/envelope=0.46
[bio-occupancy]   bio.yak envelope=192 hearth=68 seeded_landmasses=3 primary_landmass=2 primary_envelope=83 occupied=68 occupied/envelope=0.82
[bio-occupancy]   bio.silkworm envelope=144 hearth=23 seeded_landmasses=1 primary_landmass=8 primary_envelope=57 occupied=23 occupied/envelope=0.40
[bio-occupancy]   bio.reed envelope=148 hearth=31 seeded_landmasses=4 primary_landmass=8 primary_envelope=60 occupied=31 occupied/envelope=0.52
[bio-occupancy]   bio.bast_fiber envelope=279 hearth=65 seeded_landmasses=1 primary_landmass=8 primary_envelope=136 occupied=65 occupied/envelope=0.48
[bio-occupancy]   bio.dye_plant envelope=122 hearth=38 seeded_landmasses=2 primary_landmass=8 primary_envelope=53 occupied=38 occupied/envelope=0.72
[bio-occupancy]   bio.medicinal_herb envelope=371 hearth=151 seeded_landmasses=5 primary_landmass=8 primary_envelope=168 occupied=151 occupied/envelope=0.90
[bio-occupancy]   landmass 1 classes=cold_grazer, fiber_forest, dry_grazer, highland_food, open_food, open_grazer, fiber_open, forest_grazer foods=potato, wheat
[bio-occupancy]   landmass 2 classes=cold_grazer, fiber_forest, dry_grazer, open_grazer, fiber_wet, forest_grazer, open_food, highland_food, fiber_open, wetland_food, tropical foods=wheat, potato, rice
[bio-occupancy]   landmass 3 classes=none foods=none
[bio-occupancy]   landmass 4 classes=none foods=none
[bio-occupancy]   landmass 5 classes=none foods=none
[bio-occupancy]   landmass 6 classes=wetland_food, forest_grazer, fiber_wet, fiber_forest, open_grazer, dry_grazer, fiber_open, tropical foods=rice
[bio-occupancy]   landmass 7 classes=fiber_open, tropical, dry_grazer, open_food, open_grazer, fiber_forest, wetland_food, forest_grazer, fiber_wet foods=wheat, rice
[bio-occupancy]   landmass 8 classes=tropical, fiber_open, forest_grazer, dry_grazer, open_food, fiber_forest, wetland_food, open_grazer, highland_food, fiber_wet, cold_grazer foods=maize, rice, potato
[bio-occupancy]   landmass 9 classes=none foods=none
[bio-occupancy]   landmass 10 classes=none foods=none
[weather] gdext acceleration ON (class=DCWorldExt)
[weather] gdext field commit ON
[weather] gdext distribute ON
[weather] gdext summary ON
[weather] hexcell facade ON (skip AoS double-write in hot loop)
[weather] gdext resident knobs ON (class=KnobsHandle)
[economy] ACTIVE native graph cells=2400 goods=134 cohorts=24 epoch_days=1 trade=ACTIVE topology_ready=true topology_generation=1 bootstrap=starter_settlement_bootstrap_v9 founder_families=6 founder_people=6
[country] ACTIVE native authority countries=6 cells=2400 generation=1
[weather/knobs] resident KnobsHandle path ACTIVE — first to_*_knobs_dict hit (field_rebuild_count=1 expected ≤1; stable Hz target ≤1 Hz)
[native_daily] ACTIVE: registered native_daily_sim + natural_resource_daily + bio_occupancy_daily; retained season_refresh + ocean_currents boundary jobs
[DCSystemScheduler] topology: ["season_refresh", "trigger_runtime", "ideology_runtime", "effect_runtime", "modifier_daily", "gameplay_effect", "natural_resource_daily", "bio_occupancy_daily", "enum_atlas_upload", "ocean_currents", "native_daily_sim", "dynamic_visual_atlas_upload", "country_daily", "economy_daily"]
WARNING: [building-visual] disabled: building_visual_renderer_unavailable
   at: push_warning (core/variant/variant_utility.cpp:1034)
   GDScript backtrace (most recent call first):
       [0] generate_world (res://scripts/game/world_runtime_host.gd:590)
       [1] _run (res://tests/headless_perf_record.gd:222)
       [2] _init (res://tests/headless_perf_record.gd:28)
WARNING: [runtime-climate-round] no ClimateDailySystem; SHADOW capture carries no shared pass input
   at: push_warning (core/variant/variant_utility.cpp:1034)
   GDScript backtrace (most recent call first):
       [0] _build_runtime_climate_round_input (res://scripts/geography/map_generator.gd:4627)
       [1] capture_runtime_inputs_for_worker (res://scripts/geography/map_generator.gd:2351)
       [2] generate_world (res://scripts/game/world_runtime_host.gd:609)
       [3] _run (res://tests/headless_perf_record.gd:222)
       [4] _init (res://tests/headless_perf_record.gd:28)
WARNING: [runtime-worker] Ideology opinion publish deferred: ideology_opinion_snapshot_invalid
   at: push_warning (core/variant/variant_utility.cpp:1034)
   GDScript backtrace (most recent call first):
       [0] _start_production_shadow_worker (res://scripts/game/world_runtime_host.gd:700)
       [1] generate_world (res://scripts/game/world_runtime_host.gd:618)
       [2] _run (res://tests/headless_perf_record.gd:222)
       [3] _init (res://tests/headless_perf_record.gd:28)
[runtime-day-wait] day=1 env_day=0 missing=0x3ff economy_input=-1
[runtime-worker] production ACTIVE started mask=4095 auto_pod=false
[perf-record] start (start_tick=0 mode=DETAIL detail_period=1)
[DCSystemScheduler][RT] ocean_skip#1 tick=1 reason=policy_gated slices=0 elapsed=0.000 progress=0.000 source=day_changed
[climate/worker][b8] physics_knobs day=1 ready=0 missing=physics_knobs
[climate-kernel][round] shared=1 ok=1 n_cells=2400 mask=0x1FF ran=0x1FF starved=0x0 knobs_cells=2400
[country][parity] worker_day=1 uncompared reference_range=-1..-1 depth=0
[economy-mirror-cost] day=1 capture_ms=2.823 import_ms=5.674
[climate/writeback][b8] day=1 vapor store0=0 map0=0 dirty_fields=42 applied=42
[DCSystemScheduler][RT] ocean_skip#2 tick=2 reason=policy_gated slices=0 elapsed=0.000 progress=0.000 source=day_changed
[climate/worker][b8] physics_knobs day=2 ready=0 missing=physics_knobs
[climate/worker][b8] paw day=2 cell=68 moisture=0.716872 wb30=0 soil=0 paw=0.716872 zeros(water=1544 land=5) nonzero=851 weights(wb=0.35 soil=0.25 dry=0.65) round=1 distribute=0 hydrology=0
[country][parity] worker_day=2 uncompared reference_range=-1..-1 depth=0
[economy-mirror-cost] day=2 capture_ms=2.825 import_ms=6.455
[climate/writeback][b8] day=2 vapor store0=0 map0=0 dirty_fields=42 applied=42
[DCSystemScheduler][RT] ocean_skip#3 tick=3 reason=policy_gated slices=0 elapsed=0.000 progress=0.000 source=day_changed
[climate][publish] day=0 round_ran=1 prod_stage=0x1 scalar_mask=0x1 alb=0 veg=0 fb=0 weather=0 sr=0 ok=1
[climate][publish] day=1 round_ran=0 prod_stage=0x0 scalar_mask=0x0 alb=0 veg=0 fb=0 weather=0 sr=0 ok=0
[climate/worker][b8] physics_knobs day=3 ready=0 missing=physics_knobs
[climate/worker][b8] paw day=3 cell=68 moisture=0.715469 wb30=0 soil=0 paw=0.715469 zeros(water=1544 land=7) nonzero=849 weights(wb=0.35 soil=0.25 dry=0.65) round=1 distribute=0 hydrology=0
[country][parity] worker_day=3 uncompared reference_range=-1..-1 depth=0
[economy-mirror-cost] day=3 capture_ms=4.208 import_ms=7.213
[climate/writeback][b8] day=3 vapor store0=0 map0=0 dirty_fields=42 applied=42
[climate][publish] day=1 round_ran=0 prod_stage=0x0 scalar_mask=0x0 alb=0 veg=0 fb=0 weather=0 sr=0 ok=0
[phys_solve][RT] start#1 phase=0.0438 pending=nan solve_ocean=true ext=true idx=true soa=true
[slp_field] path-decision call#1: prof=true pflag_attr=true pflag_val=true ext=true method=true idx=true -> cpp_gate=true
[slp_field] commit-diag call#1: rc=0.085 slp_out=2400 n_cells=2400 map_slp=2400 slice=0:300 final=false published=false slot=19/2400 reason=intermediate_slice
[slp_field][RT-DIAG] call#1 phase=0.0438 rc=0.085 slp_out=2400 n=2400 slice=0:300 final=false published=false slot=19/2400 slot_reason=intermediate_slice -> intermediate_slice
[climate][publish] day=1 round_ran=0 prod_stage=0x0 scalar_mask=0x0 alb=0 veg=0 fb=0 weather=0 sr=0 ok=0
[climate/worker][b8] physics_knobs day=4 ready=0 missing=physics_knobs
[climate/worker][b8] paw day=4 cell=68 moisture=0.714406 wb30=0 soil=0 paw=0.714406 zeros(water=1544 land=7) nonzero=849 weights(wb=0.35 soil=0.25 dry=0.65) round=1 distribute=1 hydrology=0
[climate/worker][b8] cyclone_gate day=4 input_enabled=0 force_env=0 effective=0
[climate/worker][b8] weather_solve day=4 cells=2400 psi=1 vapor0=0.110977 precip0=0 cloud0=0.0436987 type0=0 field_init0=1
[country][parity] worker_day=4 uncompared reference_range=-1..-1 depth=0
[economy-mirror-cost] day=4 capture_ms=3.582 import_ms=6.077
[climate/writeback][b8] day=4 vapor store0=0.110977 map0=0.110977 dirty_fields=44 applied=44
[climate][publish] day=1 round_ran=0 prod_stage=0x0 scalar_mask=0x0 alb=0 veg=0 fb=0 weather=0 sr=0 ok=0
[DCSystemScheduler][RT] ocean_skip#4 tick=5 reason=policy_gated slices=0 elapsed=0.000 progress=0.000 source=day_changed
[climate/worker][b8] physics_knobs day=5 ready=0 missing=physics_knobs
[climate/worker][b8] paw day=5 cell=68 moisture=0.713599 wb30=-0.000135802 soil=-0.000325925 paw=0.713511 zeros(water=1544 land=7) nonzero=849 weights(wb=0.35 soil=0.25 dry=0.65) round=1 distribute=0 hydrology=0
[country][parity] worker_day=5 uncompared reference_range=-1..-1 depth=0
[economy-mirror-cost] day=5 capture_ms=2.789 import_ms=7.212
[climate][publish] day=1 round_ran=0 prod_stage=0x0 scalar_mask=0x0 alb=0 veg=0 fb=0 weather=0 sr=0 ok=0
[climate/worker][b8] physics_knobs day=6 ready=0 missing=physics_knobs
[climate/worker][b8] paw day=6 cell=68 moisture=0.715623 wb30=-0.000135802 soil=-0.000325925 paw=0.715535 zeros(water=1544 land=7) nonzero=849 weights(wb=0.35 soil=0.25 dry=0.65) round=1 distribute=0 hydrology=0
[country][parity] worker_day=6 uncompared reference_range=-1..-1 depth=0
[economy-mirror-cost] day=6 capture_ms=3.002 import_ms=6.539
[climate][publish] day=1 round_ran=0 prod_stage=0x0 scalar_mask=0x0 alb=0 veg=0 fb=0 weather=0 sr=0 ok=0
[DCSystemScheduler][RT] ocean_skip#5 tick=7 reason=policy_gated slices=0 elapsed=0.000 progress=0.000 source=day_changed
[climate/worker][b8] paw day=7 cell=68 moisture=0.717165 wb30=-0.000135802 soil=-0.000325925 paw=0.717076 zeros(water=1544 land=7) nonzero=849 weights(wb=0.35 soil=0.25 dry=0.65) round=1 distribute=0 hydrology=0
[country][parity] worker_day=7 uncompared reference_range=-1..-1 depth=0
[economy-mirror-cost] day=7 capture_ms=2.830 import_ms=6.492
[slp_field] path-decision call#2: prof=true pflag_attr=true pflag_val=true ext=true method=true idx=true -> cpp_gate=true
[slp_field] commit-diag call#2: rc=0.074 slp_out=2400 n_cells=2400 map_slp=2400 slice=300:600 final=false published=false slot=19/2400 reason=intermediate_slice
[slp_field][RT-DIAG] call#2 phase=0.0438 rc=0.074 slp_out=2400 n=2400 slice=300:600 final=false published=false slot=19/2400 slot_reason=intermediate_slice -> intermediate_slice
[climate][publish] day=1 round_ran=0 prod_stage=0x0 scalar_mask=0x0 alb=0 veg=0 fb=0 weather=0 sr=0 ok=0
[climate/worker][b8] paw day=8 cell=68 moisture=0.718338 wb30=-0.000135802 soil=-0.000325925 paw=0.71825 zeros(water=1544 land=7) nonzero=849 weights(wb=0.35 soil=0.25 dry=0.65) round=1 distribute=0 hydrology=0
[country][parity] worker_day=8 uncompared reference_range=-1..-1 depth=0
[economy-mirror-cost] day=8 capture_ms=3.751 import_ms=6.613
[climate][publish] day=1 round_ran=0 prod_stage=0x0 scalar_mask=0x0 alb=0 veg=0 fb=0 weather=0 sr=0 ok=0
[DCSystemScheduler][RT] ocean_skip#6 tick=9 reason=policy_gated slices=0 elapsed=0.000 progress=0.000 source=day_changed
[climate/worker][b8] paw day=9 cell=68 moisture=0.719232 wb30=-0.000135802 soil=-0.000325925 paw=0.719144 zeros(water=1544 land=7) nonzero=849 weights(wb=0.35 soil=0.25 dry=0.65) round=1 distribute=0 hydrology=0
[DCSystemScheduler][RT] ocean_skip#7 tick=10 reason=policy_gated slices=0 elapsed=0.000 progress=0.000 source=day_changed
[climate][publish] day=1 round_ran=0 prod_stage=0x0 scalar_mask=0x0 alb=0 veg=0 fb=0 weather=0 sr=0 ok=0
[climate/worker][b8] paw day=10 cell=68 moisture=0.719913 wb30=-0.000135802 soil=-0.000325925 paw=0.719825 zeros(water=1544 land=7) nonzero=849 weights(wb=0.35 soil=0.25 dry=0.65) round=1 distribute=0 hydrology=0
[climate][publish] day=1 round_ran=0 prod_stage=0x0 scalar_mask=0x0 alb=0 veg=0 fb=0 weather=0 sr=0 ok=0
[DCSystemScheduler][RT] ocean_skip#8 tick=11 reason=policy_gated slices=0 elapsed=0.000 progress=0.000 source=day_changed
[climate/worker][b8] paw day=11 cell=68 moisture=0.720432 wb30=-0.000135802 soil=-0.000325925 paw=0.720343 zeros(water=1544 land=7) nonzero=849 weights(wb=0.35 soil=0.25 dry=0.65) round=1 distribute=0 hydrology=0
[slp_field] path-decision call#3: prof=true pflag_attr=true pflag_val=true ext=true method=true idx=true -> cpp_gate=true
[slp_field] commit-diag call#3: rc=0.067 slp_out=2400 n_cells=2400 map_slp=2400 slice=600:900 final=false published=false slot=19/2400 reason=intermediate_slice
[slp_field][RT-DIAG] call#3 phase=0.0438 rc=0.067 slp_out=2400 n=2400 slice=600:900 final=false published=false slot=19/2400 slot_reason=intermediate_slice -> intermediate_slice
[climate][publish] day=1 round_ran=0 prod_stage=0x0 scalar_mask=0x0 alb=0 veg=0 fb=0 weather=0 sr=0 ok=0
[climate/worker][b8] paw day=12 cell=68 moisture=0.720826 wb30=-0.000135802 soil=-0.000325925 paw=0.720738 zeros(water=1544 land=7) nonzero=849 weights(wb=0.35 soil=0.25 dry=0.65) round=1 distribute=1 hydrology=0
[climate/worker][b8] cyclone_gate day=12 input_enabled=0 force_env=0 effective=0
[climate/worker][b8] weather_solve day=12 cells=2400 psi=1 vapor0=0.106519 precip0=0 cloud0=0.0510109 type0=0 field_init0=1
[climate][publish] day=1 round_ran=0 prod_stage=0x0 scalar_mask=0x0 alb=0 veg=0 fb=0 weather=0 sr=0 ok=0
[DCSystemScheduler][RT] ocean_skip#9 tick=13 reason=policy_gated slices=0 elapsed=0.000 progress=0.000 source=day_changed
[climate/worker][b8] paw day=13 cell=68 moisture=0.721127 wb30=-0.00026879 soil=-0.000646183 paw=0.720952 zeros(water=1544 land=7) nonzero=849 weights(wb=0.35 soil=0.25 dry=0.65) round=1 distribute=0 hydrology=0
[DCSystemScheduler][RT] ocean_skip#10 tick=14 reason=policy_gated slices=0 elapsed=0.000 progress=0.000 source=day_changed
[climate][publish] day=1 round_ran=0 prod_stage=0x0 scalar_mask=0x0 alb=0 veg=0 fb=0 weather=0 sr=0 ok=0
[climate][publish] day=1 round_ran=0 prod_stage=0x0 scalar_mask=0x0 alb=0 veg=0 fb=0 weather=0 sr=0 ok=0
[DCSystemScheduler][RT] ocean_skip#11 tick=15 reason=policy_gated slices=0 elapsed=0.000 progress=0.000 source=day_changed
[slp_field][RT-DIAG] call#4 phase=0.0438 rc=0.078 slp_out=2400 n=2400 slice=900:1200 final=false published=false slot=19/2400 slot_reason=intermediate_slice -> intermediate_slice
[climate][publish] day=1 round_ran=0 prod_stage=0x0 scalar_mask=0x0 alb=0 veg=0 fb=0 weather=0 sr=0 ok=0
[climate][publish] day=1 round_ran=0 prod_stage=0x0 scalar_mask=0x0 alb=0 veg=0 fb=0 weather=0 sr=0 ok=0
[DCSystemScheduler][RT] ocean_skip#12 tick=17 reason=policy_gated slices=0 elapsed=0.000 progress=0.000 source=day_changed
[climate][publish] day=1 round_ran=0 prod_stage=0x0 scalar_mask=0x0 alb=0 veg=0 fb=0 weather=0 sr=0 ok=0
[climate][publish] day=1 round_ran=0 prod_stage=0x0 scalar_mask=0x0 alb=0 veg=0 fb=0 weather=0 sr=0 ok=0
[DCSystemScheduler][RT] ocean_skip#13 tick=19 reason=policy_gated slices=0 elapsed=0.000 progress=0.000 source=day_changed
[slp_field][RT-DIAG] call#5 phase=0.0438 rc=0.068 slp_out=2400 n=2400 slice=1200:1500 final=false published=false slot=19/2400 slot_reason=intermediate_slice -> intermediate_slice
[climate][publish] day=1 round_ran=0 prod_stage=0x0 scalar_mask=0x0 alb=0 veg=0 fb=0 weather=0 sr=0 ok=0
[climate/worker][b8] weather_solve day=20 cells=2400 psi=1 vapor0=0.104784 precip0=0 cloud0=0.0512937 type0=0 field_init0=1
[climate][publish] day=1 round_ran=0 prod_stage=0x0 scalar_mask=0x0 alb=0 veg=0 fb=0 weather=0 sr=0 ok=0
[DCSystemScheduler][RT] ocean_skip#14 tick=21 reason=policy_gated slices=0 elapsed=0.000 progress=0.000 source=day_changed
[DCSystemScheduler][RT] ocean_skip#15 tick=22 reason=policy_gated slices=0 elapsed=0.000 progress=0.000 source=day_changed
[climate][publish] day=1 round_ran=0 prod_stage=0x0 scalar_mask=0x0 alb=0 veg=0 fb=0 weather=0 sr=0 ok=0
[climate][publish] day=1 round_ran=0 prod_stage=0x0 scalar_mask=0x0 alb=0 veg=0 fb=0 weather=0 sr=0 ok=0
[DCSystemScheduler][RT] ocean_skip#16 tick=23 reason=policy_gated slices=0 elapsed=0.000 progress=0.000 source=day_changed
[climate][publish] day=1 round_ran=0 prod_stage=0x0 scalar_mask=0x0 alb=0 veg=0 fb=0 weather=0 sr=0 ok=0
[climate][publish] day=1 round_ran=0 prod_stage=0x0 scalar_mask=0x0 alb=0 veg=0 fb=0 weather=0 sr=0 ok=0
[DCSystemScheduler][RT] ocean_skip#17 tick=25 reason=policy_gated slices=0 elapsed=0.000 progress=0.000 source=day_changed
[DCSystemScheduler][RT] ocean_skip#18 tick=26 reason=policy_gated slices=0 elapsed=0.000 progress=0.000 source=day_changed
[climate][publish] day=1 round_ran=0 prod_stage=0x0 scalar_mask=0x0 alb=0 veg=0 fb=0 weather=0 sr=0 ok=0
[climate][publish] day=1 round_ran=0 prod_stage=0x0 scalar_mask=0x0 alb=0 veg=0 fb=0 weather=0 sr=0 ok=0
[DCSystemScheduler][RT] ocean_skip#19 tick=27 reason=policy_gated slices=0 elapsed=0.000 progress=0.000 source=day_changed
[climate][publish] day=1 round_ran=0 prod_stage=0x0 scalar_mask=0x0 alb=0 veg=0 fb=0 weather=0 sr=0 ok=0
[climate/worker][b8] weather_solve day=28 cells=2400 psi=1 vapor0=0.103406 precip0=0 cloud0=0.0502312 type0=0 field_init0=1
[climate][publish] day=1 round_ran=0 prod_stage=0x0 scalar_mask=0x0 alb=0 veg=0 fb=0 weather=0 sr=0 ok=0
[DCSystemScheduler][RT] ocean_skip#20 tick=29 reason=policy_gated slices=0 elapsed=0.000 progress=0.000 source=day_changed
[season_refresh] b_plus_start path=gdext handle=1 season=0 n_cells=2400
[season_refresh] b_plus_finish path=gdext native_ms=0.434 slices=1 stages_done=12
[climate][publish] day=1 round_ran=0 prod_stage=0x0 scalar_mask=0x0 alb=0 veg=0 fb=0 weather=0 sr=1 ok=0
[climate][publish] day=1 round_ran=0 prod_stage=0x0 scalar_mask=0x0 alb=0 veg=0 fb=0 weather=0 sr=0 ok=0
[DCSystemScheduler][RT] ocean_skip#21 tick=31 reason=policy_gated slices=0 elapsed=0.000 progress=0.000 source=day_changed
[slp_field] gdext path ACTIVE — first run elapsed=0.39ms (legacy GDScript baseline ~36ms; target < 3ms)
[climate][publish] day=1 round_ran=0 prod_stage=0x0 scalar_mask=0x0 alb=0 veg=0 fb=0 weather=0 sr=0 ok=0
[climate][publish] day=1 round_ran=0 prod_stage=0x0 scalar_mask=0x0 alb=0 veg=0 fb=0 weather=0 sr=0 ok=0
[DCSystemScheduler][RT] ocean_skip#22 tick=33 reason=policy_gated slices=0 elapsed=0.000 progress=0.000 source=day_changed
[DCSystemScheduler][RT] ocean_skip#23 tick=34 reason=policy_gated slices=0 elapsed=0.000 progress=0.000 source=day_changed
[climate][publish] day=1 round_ran=0 prod_stage=0x0 scalar_mask=0x0 alb=0 veg=0 fb=0 weather=0 sr=0 ok=0
[DCSystemScheduler][RT] ocean_skip#24 tick=35 reason=policy_gated slices=0 elapsed=0.000 progress=0.000 source=day_changed
[DCSystemScheduler][RT] ocean_skip#25 tick=37 reason=policy_gated slices=0 elapsed=0.000 progress=0.000 source=day_changed
[DCSystemScheduler][RT] ocean_skip#26 tick=38 reason=policy_gated slices=0 elapsed=0.000 progress=0.000 source=day_changed
[DCSystemScheduler][RT] ocean_skip#27 tick=39 reason=policy_gated slices=0 elapsed=0.000 progress=0.000 source=day_changed
[psi_solver] path-decision call#1: prof=true pflag_attr=true pflag_val=true ext=true method=true idx=true heat=true -> cpp_gate=true
[psi_solver] gdext path ACTIVE — first run elapsed=0.24ms (legacy GDScript stage3+4+5 baseline ~32+ms; target < 5ms)
[psi_solver] commit-diag call#1: rc=0.241 n_water=1230 n_cells=2400 published=true
[DCSystemScheduler][RT] ocean_skip#28 tick=41 reason=policy_gated slices=0 elapsed=0.000 progress=0.000 source=day_changed
[DCSystemScheduler][RT] ocean_skip#29 tick=43 reason=policy_gated slices=0 elapsed=0.000 progress=0.000 source=day_changed
[upwelling/DIAG#1] gate: prof=true pflag_attr=true pflag_val=true ext=true method=true wind_cpp=true idx=true -> cpp_gate=true
[upwelling/DIAG#1] cpp-call: ret_type=27 fallback=false reason='' elapsed_native_ms=0.009
[upwelling/DIAG#1] BREAKDOWN: T1_nb_pack=0.00ms T2_knobs=0.01ms T3_refresh_slots=0.19ms T4_cpp_call=0.03ms (n=2400)
[DCSystemScheduler][RT] ocean_skip#30 tick=45 reason=policy_gated slices=0 elapsed=0.000 progress=0.000 source=day_changed
[DCSystemScheduler][RT] ocean_skip#31 tick=46 reason=policy_gated slices=0 elapsed=0.000 progress=0.000 source=day_changed
[DCSystemScheduler][RT] ocean_skip#32 tick=47 reason=policy_gated slices=0 elapsed=0.000 progress=0.000 source=day_changed
[season_refresh] x2 slots: refresh=1 skip=0 (期望 refresh=1 skip=11 全 gdext 路径)
[DCSystemScheduler][RT] ocean_skip#33 tick=49 reason=policy_gated slices=0 elapsed=0.000 progress=0.000 source=day_changed
[DCSystemScheduler][RT] ocean_skip#34 tick=50 reason=policy_gated slices=0 elapsed=0.000 progress=0.000 source=day_changed
[DCSystemScheduler][RT] ocean_skip#35 tick=51 reason=policy_gated slices=0 elapsed=0.000 progress=0.000 source=day_changed
[DCSystemScheduler][RT] ocean_skip#36 tick=53 reason=policy_gated slices=0 elapsed=0.000 progress=0.000 source=day_changed
[DCSystemScheduler][RT] ocean_skip#37 tick=55 reason=policy_gated slices=0 elapsed=0.000 progress=0.000 source=day_changed
[DCSystemScheduler][RT] ocean_skip#38 tick=57 reason=policy_gated slices=0 elapsed=0.000 progress=0.000 source=day_changed
[DCSystemScheduler][RT] ocean_skip#39 tick=58 reason=policy_gated slices=0 elapsed=0.000 progress=0.000 source=day_changed
[DCSystemScheduler][RT] ocean_skip#40 tick=59 reason=policy_gated slices=0 elapsed=0.000 progress=0.000 source=day_changed
[DCSystemScheduler][RT] ocean_skip#41 tick=61 reason=policy_gated slices=0 elapsed=0.000 progress=0.000 source=day_changed
[DCSystemScheduler][RT] ocean_skip#42 tick=62 reason=policy_gated slices=0 elapsed=0.000 progress=0.000 source=day_changed
[DCSystemScheduler][RT] ocean_skip#43 tick=63 reason=policy_gated slices=0 elapsed=0.000 progress=0.000 source=day_changed
[DCSystemScheduler][RT] ocean_skip#44 tick=65 reason=policy_gated slices=0 elapsed=0.000 progress=0.000 source=day_changed
[perf-record] exported rows=65 cols=1295 → D:/Godot/ProjectKeynes/Project.Keynes/tmp/perf_record_20260919_174609.csv
[headless-perf/auth] warmup_days=5 measured_days=0 observed=0 commit_us=0..0 authoritative_days_per_second=0.000000 main_wait_on_sim_us=0 checkpoint_ok=false
[headless-perf/result] label=off60 days=60 speed=10.000 seed=1735228708 map=60x40 formal_start=true trade_scenario=false foreign_count=5 import_tariff_rate=0 export_tariff_rate=0 population_scale=0 saved_setup=false economy_configured=true country_count=6 population=120 generation_ms=13098.6 run_ms=4040.1 barrier_pulses=0 ledger_failures=0 fatal=false population_error=0 money_error=0 goods_error=0 family_count=6 family_branch_count=6 family_trait_roll_count=19 effect_instances=14 family_effect_stack_groups=5 family_effect_group_members=5 effect_metric_slab_bytes=5031 effect_instance_storage_bytes=3952 city_good_output_shared_count=134 city_good_output_non_neutral_shared_count=0 city_good_output_override_count=0 city_good_output_override_cell_count=0 city_good_output_cache_bytes=10140 trade_orders_dispatched=0 trade_orders_arrived=0 trade_orders_cumulative=0 trade_base_cumulative=0 trade_route_expansions=0 trade_tariff_lanes=0 trade_country_goods=0 trade_country_partners=0 tariff_collected=0 tariff_subsidy_paid=0 economy_memory_bytes=62039624 rows=65 expected_rows=65 path=D:/Godot/ProjectKeynes/Project.Keynes/tmp/perf_record_20260919_174609.csv
[headless-perf/climate] enabled=true worker_authoritative=true writeback_days=65 writeback_last_day=65 mask=0xFFF
[headless-perf/harness] writeback_window_ms=2910.019 consume_ms=103.548 idle_wait_ms=0.000 adjusted_run_ms=4040.125 lower_bound_run_ms=1130.106 raw_days_per_second=0.000000 adjusted_days_per_second=0.000000 lower_bound_days_per_second=0.000000 polls=513
ERROR: [headless-perf] authoritative throughput checkpoint failed: measured=0 need>=60 days/s=0.000 threshold=50.000 main_wait_on_sim_us=0
   at: push_error (core/variant/variant_utility.cpp:1024)
   GDScript backtrace (most recent call first):
       [0] _run (res://tests/headless_perf_record.gd:624)
ERROR: 24 RID allocations of type 'PN13RendererDummy14TextureStorage12DummyTextureE' were leaked at exit.
WARNING: ObjectDB instances leaked at exit (run with --verbose for details).
   at: cleanup (core/object/object.cpp:2641)
ERROR: 312 resources still in use at exit (run with --verbose for details).
   at: clear (core/io/resource.cpp:810)
