Godot Engine v4.6.2.stable.official.71f334935 - https://godotengine.org

[native_generation/base] path=gdext algorithm=post_base_priority_flood_hydrology_v3 n=2400 native_ms=9.035 water=1862 land=538
[native_generation/post_base] path=gdext algorithm=post_base_priority_flood_hydrology_v3 n=2400 native_ms=2.026 lakes=18 rivers=58 volcanoes=0
[native_generation/vegetation] native_ms=0.685 candidates=542 none=1394 score=[0.000,1.577,1.126] plant_water_land=542 river_adjacent_desert=0 coastal_highland_desert=0 terrain_weight=[0.180,1.200]
[native_generation/qa] single_water=0 tiny<=3=0 small<=5=0 bodies=2 largest=1840 | land_below_sea=0.0% | terr_distinct=20 entropy=2.690bit | river_ratio=2.417%
MapGenerator v7: per-cell 94ms (2400 cells, path=gdext)
MapBaker v6: hm=(1024, 606) seed=20260718
    [fused] terrain=73.3ms erosion=2.1ms(ok=true) river=11.4ms(ok=true) latitude=0.1ms coast_sdf=3.7ms(ok=true)
  geometry fields (fused C++): 155ms
  physical circulation hex solve: deferred until DCWorldExt bind (ext=true idx=true soa=false)
  wind/ocean pixel buffers: skipped (ocean_current_visual off)
  visual tiles: {"degradation_reason":"","effective_budget_px":1335168,"effective_texels_per_hex":14.1134163904991,"effective_world_units_per_texel":"(1.561685, 1.555921)","estimated_peak_bytes":52958880,"estimated_resident_bytes":31232160,"fallback_reason":"","generation_id":1,"grid_size":"(3, 2)","gutter_px":2,"hex_size":22.0,"horizon_path":"neutral_pending","interior_size":"(488, 456)","layer_size":"(492, 460)","layers":[{"bake_ms":57.0586,"coast_sdf_max_dist_px":12.00627660199,"distance_scale":1.50078457524874,"edge_distance_saturate_hex":0.9,"edge_distance_units":"normalized_hex_center_gap","hashes":{"edge_distance":4809576936576702496,"edge_neighbor":5033830355952244222,"height":1634753532906559984,"map_index":-4749242298856639444,"terrain_detail":-527209568685348790,"terrain_normal":6785979882941606850,"water_depth":2710667249479345735},"layer":0,"normal_radius_px":"(6, 6)","raster_scale":"(1.49663, 1.504951)","river_sdf_max_dist_px":5.25274601337061,"shore_carve_band_px":9,"upload_ms":0.066,"wall_ms":57.403},{"bake_ms":115.0324,"coast_sdf_max_dist_px":12.00627660199,"distance_scale":1.50078457524874,"edge_distance_saturate_hex":0.9,"edge_distance_units":"normalized_hex_center_gap","hashes":{"edge_distance":-4944542177132380245,"edge_neighbor":-5580033565972202832,"height":-784321884670928131,"map_index":-3158768028260781369,"terrain_detail":-4696097647903342355,"terrain_normal":-2853674528586280728,"water_depth":-8733389856136913690},"layer":1,"normal_radius_px":"(6, 6)","raster_scale":"(1.49663, 1.504951)","river_sdf_max_dist_px":5.25274601337061,"shore_carve_band_px":9,"upload_ms":0.071,"wall_ms":115.324},{"bake_ms":80.0752,"coast_sdf_max_dist_px":12.00627660199,"distance_scale":1.50078457524874,"edge_distance_saturate_hex":0.9,"edge_distance_units":"normalized_hex_center_gap","hashes":{"edge_distance":-7113321575773808007,"edge_neighbor":7363092130234403072,"height":-6381791662331691764,"map_index":-796549412013953837,"terrain_detail":-1190099855430554837,"terrain_normal":-1785117454439334561,"water_depth":-4709406421276148165},"layer":2,"normal_radius_px":"(6, 6)","raster_scale":"(1.49663, 1.504951)","river_sdf_max_dist_px":5.25274601337061,"shore_carve_band_px":9,"upload_ms":0.065,"wall_ms":80.278},{"bake_ms":53.1226,"coast_sdf_max_dist_px":12.00627660199,"distance_scale":1.50078457524874,"edge_distance_saturate_hex":0.9,"edge_distance_units":"normalized_hex_center_gap","hashes":{"edge_distance":-5985194981240535560,"edge_neighbor":-8067721953636163253,"height":9065987389814934248,"map_index":5499758357649954721,"terrain_detail":-792730810062371163,"terrain_normal":629482225110071368,"water_depth":-8776584072954209725},"layer":3,"normal_radius_px":"(6, 6)","raster_scale":"(1.49663, 1.504951)","river_sdf_max_dist_px":5.25274601337061,"shore_carve_band_px":9,"upload_ms":0.066,"wall_ms":53.314},{"bake_ms":112.8523,"coast_sdf_max_dist_px":12.00627660199,"distance_scale":1.50078457524874,"edge_distance_saturate_hex":0.9,"edge_distance_units":"normalized_hex_center_gap","hashes":{"edge_distance":-762959396215433750,"edge_neighbor":-2459932727478341115,"height":-5072777641868409599,"map_index":-4944115490272401672,"terrain_detail":8449629385176654140,"terrain_normal":-6930515729824033763,"water_depth":-3492043780191514495},"layer":4,"normal_radius_px":"(6, 6)","raster_scale":"(1.49663, 1.504951)","river_sdf_max_dist_px":5.25274601337061,"shore_carve_band_px":9,"upload_ms":0.077,"wall_ms":113.075},{"bake_ms":82.5154,"coast_sdf_max_dist_px":12.00627660199,"distance_scale":1.50078457524874,"edge_distance_saturate_hex":0.9,"edge_distance_units":"normalized_hex_center_gap","hashes":{"edge_distance":5529993885459452346,"edge_neighbor":4265412821553449637,"height":-9163998508333420264,"map_index":7299484139289672216,"terrain_detail":-293019172935014828,"terrain_normal":-5696630331620964150,"water_depth":-4697355103535655339},"layer":5,"normal_radius_px":"(6, 6)","raster_scale":"(1.49663, 1.504951)","river_sdf_max_dist_px":5.25274601337061,"shore_carve_band_px":9,"upload_ms":0.08,"wall_ms":82.751}],"logical_size":"(1464, 912)","mode":"tiled","path":"visual_tiled_static","profile":"desktop_auto","renderer":"mobile","requested_budget_px":1313865,"requested_texels_per_hex":14.0,"requested_tile_world_span":"(804.5714, 804.5714)","requested_world_units_per_texel":1.57142857142857,"tile_world_area":540711.621551514,"tile_world_span":"(762.1024, 709.5)","total_ms":503.502,"visual_domain":"[P: (0.0, -44.0), S: (2286.307, 1419.0)]","wrap_period_x":2286.30706599092,"wrap_x":true}
WARNING: Loaded resource as image file, this will not work on export: 'res://assets/textures/terrain_materials/organic.png'. Instead, import the image file as an Image resource and load it normally as a resource.
   at: load (core/io/image.cpp:2756)
   GDScript backtrace (most recent call first):
       [0] _build_terrain_material_tex (res://scripts/rendering/map_baker.gd:359)
       [1] get_or_build_shared_terrain_material_tex (res://scripts/rendering/map_baker.gd:342)
       [2] bake_world (res://scripts/rendering/map_baker.gd:1175)
       [3] generate (res://scripts/geography/map_generator.gd:1383)
       [4] generate_world (res://scripts/game/world_runtime_host.gd:278)
       [5] _run (res://tests/headless_perf_record.gd:179)
       [6] _init (res://tests/headless_perf_record.gd:25)
WARNING: Loaded resource as image file, this will not work on export: 'res://assets/textures/terrain_materials/dry_sand.png'. Instead, import the image file as an Image resource and load it normally as a resource.
   at: load (core/io/image.cpp:2756)
   GDScript backtrace (most recent call first):
       [0] _build_terrain_material_tex (res://scripts/rendering/map_baker.gd:359)
       [1] get_or_build_shared_terrain_material_tex (res://scripts/rendering/map_baker.gd:342)
       [2] bake_world (res://scripts/rendering/map_baker.gd:1175)
       [3] generate (res://scripts/geography/map_generator.gd:1383)
       [4] generate_world (res://scripts/game/world_runtime_host.gd:278)
       [5] _run (res://tests/headless_perf_record.gd:179)
       [6] _init (res://tests/headless_perf_record.gd:25)
WARNING: Loaded resource as image file, this will not work on export: 'res://assets/textures/terrain_materials/rock.png'. Instead, import the image file as an Image resource and load it normally as a resource.
   at: load (core/io/image.cpp:2756)
   GDScript backtrace (most recent call first):
       [0] _build_terrain_material_tex (res://scripts/rendering/map_baker.gd:359)
       [1] get_or_build_shared_terrain_material_tex (res://scripts/rendering/map_baker.gd:342)
       [2] bake_world (res://scripts/rendering/map_baker.gd:1175)
       [3] generate (res://scripts/geography/map_generator.gd:1383)
       [4] generate_world (res://scripts/game/world_runtime_host.gd:278)
       [5] _run (res://tests/headless_perf_record.gd:179)
       [6] _init (res://tests/headless_perf_record.gd:25)
WARNING: Loaded resource as image file, this will not work on export: 'res://assets/textures/terrain_materials/snow_wet.png'. Instead, import the image file as an Image resource and load it normally as a resource.
   at: load (core/io/image.cpp:2756)
   GDScript backtrace (most recent call first):
       [0] _build_terrain_material_tex (res://scripts/rendering/map_baker.gd:359)
       [1] get_or_build_shared_terrain_material_tex (res://scripts/rendering/map_baker.gd:342)
       [2] bake_world (res://scripts/rendering/map_baker.gd:1175)
       [3] generate (res://scripts/geography/map_generator.gd:1383)
       [4] generate_world (res://scripts/game/world_runtime_host.gd:278)
       [5] _run (res://tests/headless_perf_record.gd:179)
       [6] _init (res://tests/headless_perf_record.gd:25)
  cell LUT encode: deferred until DCWorldExt bind
  encode: 3051ms
MapBaker v6: total 3207ms
MapGenerator v7: bake 3239ms
MapGenerator: skip _compute_ocean_currents (physical-hex path writes per-cell directly)
MapGenerator: skip _compute_terrain_perturbed_wind (physical-hex solver writes per-cell)
[SUS] sim budget strict=false frame=8.00ms warn=2.00ms slice=0.75ms upload=1.50ms scheduler=DCSystemScheduler native_sus=auto
[DCWorldExt] bind_map_data: 148 components bound (auto-registered=148; snapshot model; see world_ext.cpp comment & charter Â§11)
[DataCore] _data_core_world_ext bound=true (climate co-processor; class=DCWorldExt)
[native_world] configure rc=0 reason=configured cells=2400 wrap_period_x=103.923
[native_generation] path=gdext n=2400 published=9 native_ms=0.142 compute_ms=0.098 flush_ms=0.044
[hex_cell] facade ENABLED (2400 cells bound; ext=true)
[DataCore] _baker climate_profile injected=true (fixes WorldData.config==null sea_ice prepare path)
[phys_solve][oneshot] OK slp=1.07ms wind=0.41ms psi=0.43ms(ran=true) upwelling=0.06ms total=2.49ms
PhysicalCirculation solve@phase=1.50 total=3ms (C++ one-shot run_physical_solve_pass)
  wind/ocean pixel buffers: skipped (ocean_current_visual off)
[physical_init] deferred native refresh complete: 3ms
[cell_lut] deferred encode: 1ms path=gdext
[bio-occupancy] seed landmasses=18 provinces=18 species=19 secondary_hearths=0
[bio-occupancy]   bio.maize envelope=46 hearth=18 seeded_landmasses=1 primary_landmass=3 primary_envelope=38 occupied=18 occupied/envelope=0.47
[bio-occupancy]   bio.wheat envelope=96 hearth=16 seeded_landmasses=1 primary_landmass=3 primary_envelope=68 occupied=16 occupied/envelope=0.24
[bio-occupancy]   bio.rice envelope=75 hearth=25 seeded_landmasses=1 primary_landmass=3 primary_envelope=50 occupied=25 occupied/envelope=0.50
[bio-occupancy]   bio.potato envelope=75 hearth=30 seeded_landmasses=1 primary_landmass=3 primary_envelope=58 occupied=30 occupied/envelope=0.52
[bio-occupancy]   bio.horse envelope=108 hearth=38 seeded_landmasses=1 primary_landmass=3 primary_envelope=78 occupied=38 occupied/envelope=0.49
[bio-occupancy]   bio.cotton envelope=99 hearth=33 seeded_landmasses=1 primary_landmass=3 primary_envelope=74 occupied=33 occupied/envelope=0.45
[bio-occupancy]   bio.flax envelope=91 hearth=34 seeded_landmasses=1 primary_landmass=3 primary_envelope=63 occupied=34 occupied/envelope=0.54
[bio-occupancy]   bio.spice envelope=85 hearth=8 seeded_landmasses=1 primary_landmass=3 primary_envelope=66 occupied=8 occupied/envelope=0.12
[bio-occupancy]   bio.rubber envelope=41 hearth=1 seeded_landmasses=1 primary_landmass=3 primary_envelope=28 occupied=1 occupied/envelope=0.04
[bio-occupancy]   bio.sheep envelope=20 hearth=2 seeded_landmasses=1 primary_landmass=3 primary_envelope=16 occupied=2 occupied/envelope=0.13
[bio-occupancy]   bio.goat envelope=232 hearth=13 seeded_landmasses=1 primary_landmass=3 primary_envelope=157 occupied=13 occupied/envelope=0.08
[bio-occupancy]   bio.cattle envelope=6 hearth=1 seeded_landmasses=1 primary_landmass=3 primary_envelope=6 occupied=1 occupied/envelope=0.17
[bio-occupancy]   bio.pig envelope=175 hearth=32 seeded_landmasses=1 primary_landmass=3 primary_envelope=126 occupied=32 occupied/envelope=0.25
[bio-occupancy]   bio.camel envelope=37 hearth=3 seeded_landmasses=1 primary_landmass=3 primary_envelope=22 occupied=3 occupied/envelope=0.14
[bio-occupancy]   bio.yak envelope=63 hearth=18 seeded_landmasses=1 primary_landmass=3 primary_envelope=35 occupied=18 occupied/envelope=0.51
[bio-occupancy]   bio.silkworm envelope=108 hearth=41 seeded_landmasses=1 primary_landmass=3 primary_envelope=90 occupied=41 occupied/envelope=0.46
[bio-occupancy]   bio.reed envelope=118 hearth=23 seeded_landmasses=1 primary_landmass=3 primary_envelope=66 occupied=23 occupied/envelope=0.35
[bio-occupancy]   bio.bast_fiber envelope=135 hearth=29 seeded_landmasses=1 primary_landmass=3 primary_envelope=88 occupied=29 occupied/envelope=0.33
[bio-occupancy]   bio.dye_plant envelope=103 hearth=5 seeded_landmasses=1 primary_landmass=3 primary_envelope=77 occupied=5 occupied/envelope=0.06
[bio-occupancy]   landmass 1 classes=none foods=none
[bio-occupancy]   landmass 2 classes=none foods=none
[bio-occupancy]   landmass 3 classes=highland_food, fiber_open, open_grazer, open_food, fiber_wet, forest_grazer, fiber_forest, tropical, dry_grazer, wetland_food, cold_grazer foods=potato, wheat, maize, rice
[bio-occupancy]   landmass 4 classes=none foods=none
[bio-occupancy]   landmass 5 classes=none foods=none
[bio-occupancy]   landmass 6 classes=none foods=none
[bio-occupancy]   landmass 7 classes=none foods=none
[bio-occupancy]   landmass 8 classes=none foods=none
[bio-occupancy]   landmass 9 classes=none foods=none
[bio-occupancy]   landmass 10 classes=none foods=none
[bio-occupancy]   landmass 11 classes=none foods=none
[bio-occupancy]   landmass 12 classes=none foods=none
[bio-occupancy]   landmass 13 classes=none foods=none
[bio-occupancy]   landmass 14 classes=none foods=none
[bio-occupancy]   landmass 15 classes=none foods=none
[bio-occupancy]   landmass 16 classes=none foods=none
[bio-occupancy]   landmass 17 classes=none foods=none
[bio-occupancy]   landmass 18 classes=none foods=none
[weather] gdext acceleration ON (class=DCWorldExt)
[weather] gdext field commit ON
[weather] gdext distribute ON
[weather] gdext summary ON
[weather] hexcell facade ON (skip AoS double-write in hot loop)
[weather] gdext resident knobs ON (class=KnobsHandle)
[economy] ACTIVE native graph cells=2400 goods=134 cohorts=16 epoch_days=1 trade=ACTIVE topology_ready=true topology_generation=1 bootstrap=starter_settlement_bootstrap_v9 founder_families=4 founder_people=4
[country] ACTIVE native authority countries=4 cells=2400 generation=1
[weather/knobs] resident KnobsHandle path ACTIVE — first to_*_knobs_dict hit (field_rebuild_count=1 expected ≤1; stable Hz target ≤1 Hz)
[native_daily] ACTIVE: registered native_daily_sim + natural_resource_daily + bio_occupancy_daily; retained season_refresh + ocean_currents boundary jobs
[DCSystemScheduler] topology: ["season_refresh", "trigger_runtime", "ideology_runtime", "effect_runtime", "modifier_daily", "gameplay_effect", "natural_resource_daily", "bio_occupancy_daily", "enum_atlas_upload", "ocean_currents", "native_daily_sim", "dynamic_visual_atlas_upload", "country_daily", "economy_daily"]
[perf-record] start (start_tick=0)
[season_refresh] b_plus_start path=gdext handle=1 season=0 n_cells=2400
[DCSystemScheduler][RT] ocean_skip#1 tick=1 reason=policy_gated slices=0 elapsed=0.000 progress=0.000 source=day_changed
[detail_scatter] tick-sync queued=173 (vegetation=123)
[DCSystemScheduler][RT] ocean_skip#2 tick=2 reason=policy_gated slices=0 elapsed=0.000 progress=0.000 source=day_changed
[DCSystemScheduler][RT] ocean_skip#3 tick=3 reason=policy_gated slices=0 elapsed=0.000 progress=0.000 source=day_changed
[phys_solve][RT] start#1 phase=0.0438 pending=nan solve_ocean=true ext=true idx=true soa=true
[slp_field] path-decision call#1: prof=true pflag_attr=true pflag_val=true ext=true method=true idx=true -> cpp_gate=true
[slp_field] commit-diag call#1: rc=0.058 slp_out=2400 n_cells=2400 map_slp=2400 published=false
[slp_field][RT-DIAG] call#1 phase=0.0438 rc=0.058 slp_out=2400 n=2400 published=false -> commit_ok
[DCSystemScheduler][RT] ocean_skip#4 tick=5 reason=policy_gated slices=0 elapsed=0.000 progress=0.000 source=day_changed
[detail_scatter] tick-sync queued=6 (vegetation=0)
[DCSystemScheduler][RT] ocean_skip#5 tick=7 reason=policy_gated slices=0 elapsed=0.000 progress=0.000 source=day_changed
[slp_field] path-decision call#2: prof=true pflag_attr=true pflag_val=true ext=true method=true idx=true -> cpp_gate=true
[slp_field] commit-diag call#2: rc=0.059 slp_out=2400 n_cells=2400 map_slp=2400 published=false
[slp_field][RT-DIAG] call#2 phase=0.0438 rc=0.059 slp_out=2400 n=2400 published=false -> commit_ok
[DCSystemScheduler][RT] ocean_skip#6 tick=9 reason=policy_gated slices=0 elapsed=0.000 progress=0.000 source=day_changed
[DCSystemScheduler][RT] ocean_skip#7 tick=10 reason=policy_gated slices=0 elapsed=0.000 progress=0.000 source=day_changed
[DCSystemScheduler][RT] ocean_skip#8 tick=11 reason=policy_gated slices=0 elapsed=0.000 progress=0.000 source=day_changed
[slp_field] path-decision call#3: prof=true pflag_attr=true pflag_val=true ext=true method=true idx=true -> cpp_gate=true
[slp_field] commit-diag call#3: rc=0.072 slp_out=2400 n_cells=2400 map_slp=2400 published=false
[slp_field][RT-DIAG] call#3 phase=0.0438 rc=0.072 slp_out=2400 n=2400 published=false -> commit_ok
[DCSystemScheduler][RT] ocean_skip#9 tick=13 reason=policy_gated slices=0 elapsed=0.000 progress=0.000 source=day_changed
[DCSystemScheduler][RT] ocean_skip#10 tick=14 reason=policy_gated slices=0 elapsed=0.000 progress=0.000 source=day_changed
[DCSystemScheduler][RT] ocean_skip#11 tick=15 reason=policy_gated slices=0 elapsed=0.000 progress=0.000 source=day_changed
[slp_field][RT-DIAG] call#4 phase=0.0438 rc=0.073 slp_out=2400 n=2400 published=false -> commit_ok
[DCSystemScheduler][RT] ocean_skip#12 tick=17 reason=policy_gated slices=0 elapsed=0.000 progress=0.000 source=day_changed
[DCSystemScheduler][RT] ocean_skip#13 tick=19 reason=policy_gated slices=0 elapsed=0.000 progress=0.000 source=day_changed
[slp_field][RT-DIAG] call#5 phase=0.0438 rc=0.073 slp_out=2400 n=2400 published=false -> commit_ok
[DCSystemScheduler][RT] ocean_skip#14 tick=21 reason=policy_gated slices=0 elapsed=0.000 progress=0.000 source=day_changed
[DCSystemScheduler][RT] ocean_skip#15 tick=22 reason=policy_gated slices=0 elapsed=0.000 progress=0.000 source=day_changed
[DCSystemScheduler][RT] ocean_skip#16 tick=23 reason=policy_gated slices=0 elapsed=0.000 progress=0.000 source=day_changed
[DCSystemScheduler][RT] ocean_skip#17 tick=25 reason=policy_gated slices=0 elapsed=0.000 progress=0.000 source=day_changed
[DCSystemScheduler][RT] ocean_skip#18 tick=26 reason=policy_gated slices=0 elapsed=0.000 progress=0.000 source=day_changed
[DCSystemScheduler][RT] ocean_skip#19 tick=27 reason=policy_gated slices=0 elapsed=0.000 progress=0.000 source=day_changed
[DCSystemScheduler][RT] ocean_skip#20 tick=29 reason=policy_gated slices=0 elapsed=0.000 progress=0.000 source=day_changed
[DCSystemScheduler][RT] ocean_skip#21 tick=31 reason=policy_gated slices=0 elapsed=0.000 progress=0.000 source=day_changed
[slp_field] gdext path ACTIVE — first run elapsed=0.22ms (legacy GDScript baseline ~36ms; target < 3ms)
[DCSystemScheduler][RT] ocean_skip#22 tick=33 reason=policy_gated slices=0 elapsed=0.000 progress=0.000 source=day_changed
[DCSystemScheduler][RT] ocean_skip#23 tick=34 reason=policy_gated slices=0 elapsed=0.000 progress=0.000 source=day_changed
[DCSystemScheduler][RT] ocean_skip#24 tick=35 reason=policy_gated slices=0 elapsed=0.000 progress=0.000 source=day_changed
[DCSystemScheduler][RT] ocean_skip#25 tick=37 reason=policy_gated slices=0 elapsed=0.000 progress=0.000 source=day_changed
[DCSystemScheduler][RT] ocean_skip#26 tick=38 reason=policy_gated slices=0 elapsed=0.000 progress=0.000 source=day_changed
[DCSystemScheduler][RT] ocean_skip#27 tick=39 reason=policy_gated slices=0 elapsed=0.000 progress=0.000 source=day_changed
[psi_solver] path-decision call#1: prof=true pflag_attr=true pflag_val=true ext=true method=true idx=true heat=true -> cpp_gate=true
[psi_solver] gdext path ACTIVE — first run elapsed=0.36ms (legacy GDScript stage3+4+5 baseline ~32+ms; target < 5ms)
[psi_solver] commit-diag call#1: rc=0.362 n_water=1418 n_cells=2400 published=true
[DCSystemScheduler][RT] ocean_skip#28 tick=41 reason=policy_gated slices=0 elapsed=0.000 progress=0.000 source=day_changed
[DCSystemScheduler][RT] ocean_skip#29 tick=43 reason=policy_gated slices=0 elapsed=0.000 progress=0.000 source=day_changed
[upwelling/DIAG#1] gate: prof=true pflag_attr=true pflag_val=true ext=true method=true wind_cpp=true idx=true -> cpp_gate=true
[upwelling/DIAG#1] cpp-call: ret_type=27 fallback=false reason='' elapsed_native_ms=0.012
[upwelling/DIAG#1] BREAKDOWN: T1_nb_pack=0.00ms T2_knobs=0.01ms T3_refresh_slots=0.13ms T4_cpp_call=0.02ms (n=2400)
[DCSystemScheduler][RT] ocean_skip#30 tick=45 reason=policy_gated slices=0 elapsed=0.000 progress=0.000 source=day_changed
[DCSystemScheduler][RT] ocean_skip#31 tick=46 reason=policy_gated slices=0 elapsed=0.000 progress=0.000 source=day_changed
[DCSystemScheduler][RT] ocean_skip#32 tick=47 reason=policy_gated slices=0 elapsed=0.000 progress=0.000 source=day_changed
[DCSystemScheduler][RT] ocean_skip#33 tick=49 reason=policy_gated slices=0 elapsed=0.000 progress=0.000 source=day_changed
[DCSystemScheduler][RT] ocean_skip#34 tick=50 reason=policy_gated slices=0 elapsed=0.000 progress=0.000 source=day_changed
[perf-record] exported rows=50 cols=1715 → D:/Godot/ProjectKeynes/Project.Keynes/tmp/perf_record_20260827_001449.csv
[headless-perf/result] label=tax_runtime_final days=50 speed=50.000 seed=20260718 map=60x40 formal_start=true trade_scenario=false foreign_count=3 import_tariff_rate=0 export_tariff_rate=0 population_scale=0 saved_setup=false economy_configured=true country_count=4 population=80 generation_ms=14539.3 run_ms=1347.4 barrier_pulses=73 ledger_failures=0 fatal=false population_error=0 money_error=0 goods_error=0 family_count=4 family_branch_count=4 family_trait_roll_count=12 effect_instances=14 family_effect_stack_groups=4 family_effect_group_members=4 effect_metric_slab_bytes=5031 effect_instance_storage_bytes=3952 city_good_output_shared_count=134 city_good_output_non_neutral_shared_count=0 city_good_output_override_count=0 city_good_output_override_cell_count=0 city_good_output_cache_bytes=10140 trade_orders_dispatched=0 trade_orders_arrived=0 trade_orders_cumulative=0 trade_base_cumulative=0 trade_route_expansions=0 trade_tariff_lanes=0 trade_country_goods=0 trade_country_partners=0 tariff_collected=0 tariff_subsidy_paid=0 economy_memory_bytes=59605954 rows=50 expected_rows=50 path=D:/Godot/ProjectKeynes/Project.Keynes/tmp/perf_record_20260827_001449.csv
ERROR: 24 RID allocations of type 'PN13RendererDummy14TextureStorage12DummyTextureE' were leaked at exit.
WARNING: ObjectDB instances leaked at exit (run with --verbose for details).
   at: cleanup (core/object/object.cpp:2641)
ERROR: 311 resources still in use at exit (run with --verbose for details).
   at: clear (core/io/resource.cpp:810)
