Godot Engine v4.6.2.stable.official.71f334935 - https://godotengine.org

[headless-perf] runtime_graph_mode=ACTIVE applied
[native_generation/base] path=gdext algorithm=post_base_priority_flood_hydrology_v3 n=2400 native_ms=6.535 water=2001 land=399
[native_generation/post_base] path=gdext algorithm=post_base_priority_flood_hydrology_v3 n=2400 native_ms=1.044 lakes=0 rivers=32 volcanoes=0
[native_generation/vegetation] native_ms=0.350 candidates=398 none=1650 score=[0.000,1.576,1.143] plant_water_land=399 river_adjacent_desert=0 coastal_highland_desert=0 terrain_weight=[0.180,1.200]
[native_generation/qa] single_water=0 tiny<=3=0 small<=5=0 bodies=1 largest=2001 | land_below_sea=0.0% | terr_distinct=16 entropy=2.171bit | river_ratio=1.333%
MapGenerator v7: per-cell 73ms (2400 cells, path=gdext)
MapBaker v6: hm=(1024, 606) seed=424242
    [fused] terrain=69.8ms erosion=2.8ms(ok=true) river=11.8ms(ok=true) latitude=0.1ms coast_sdf=3.0ms(ok=true)
  geometry fields (fused C++): 150ms
  physical circulation hex solve: deferred until DCWorldExt bind (ext=true idx=true soa=false)
  wind/ocean pixel buffers: skipped (ocean_current_visual off)
  visual tiles: {"degradation_reason":"","effective_budget_px":1335168,"effective_texels_per_hex":14.1134163904991,"effective_world_units_per_texel":"(1.561685, 1.555921)","estimated_peak_bytes":52958880,"estimated_resident_bytes":31232160,"fallback_reason":"","generation_id":1,"grid_size":"(3, 2)","gutter_px":2,"hex_size":22.0,"horizon_path":"neutral_pending","interior_size":"(488, 456)","layer_size":"(492, 460)","layers":[{"bake_ms":62.2624,"coast_sdf_max_dist_px":12.00627660199,"distance_scale":1.50078457524874,"edge_distance_saturate_hex":0.9,"edge_distance_units":"normalized_hex_center_gap","hashes":{"edge_distance":-482338099993206468,"edge_neighbor":2582970730127928522,"height":-6145007216107662605,"map_index":-101742611801108299,"terrain_detail":-1030907413754348144,"terrain_normal":-1849983713790259817,"water_depth":4605228321174400662},"layer":0,"normal_radius_px":"(19, 19)","raster_scale":"(1.49663, 1.504951)","river_sdf_max_dist_px":5.25274601337061,"shore_carve_band_px":9,"upload_ms":0.09,"wall_ms":62.987},{"bake_ms":102.5377,"coast_sdf_max_dist_px":12.00627660199,"distance_scale":1.50078457524874,"edge_distance_saturate_hex":0.9,"edge_distance_units":"normalized_hex_center_gap","hashes":{"edge_distance":3151267828917761371,"edge_neighbor":8564040971302858360,"height":6316892878446909007,"map_index":-6716154161483020617,"terrain_detail":-4765310987439216965,"terrain_normal":5743526393719230956,"water_depth":4028537869363230557},"layer":1,"normal_radius_px":"(19, 19)","raster_scale":"(1.49663, 1.504951)","river_sdf_max_dist_px":5.25274601337061,"shore_carve_band_px":9,"upload_ms":0.064,"wall_ms":103.097},{"bake_ms":92.6877,"coast_sdf_max_dist_px":12.00627660199,"distance_scale":1.50078457524874,"edge_distance_saturate_hex":0.9,"edge_distance_units":"normalized_hex_center_gap","hashes":{"edge_distance":-3968648459536274300,"edge_neighbor":-5525661593646871969,"height":8331918100235212842,"map_index":-564821250297607928,"terrain_detail":-4169011970819728361,"terrain_normal":-209298539084038956,"water_depth":6462001086733482440},"layer":2,"normal_radius_px":"(19, 19)","raster_scale":"(1.49663, 1.504951)","river_sdf_max_dist_px":5.25274601337061,"shore_carve_band_px":9,"upload_ms":0.088,"wall_ms":93.401},{"bake_ms":58.0419,"coast_sdf_max_dist_px":12.00627660199,"distance_scale":1.50078457524874,"edge_distance_saturate_hex":0.9,"edge_distance_units":"normalized_hex_center_gap","hashes":{"edge_distance":-7770562745332012904,"edge_neighbor":325025271219216809,"height":-1309891538561835113,"map_index":6502955579264333076,"terrain_detail":6540737995989136245,"terrain_normal":-7485095732870439586,"water_depth":3870748009625286281},"layer":3,"normal_radius_px":"(19, 19)","raster_scale":"(1.49663, 1.504951)","river_sdf_max_dist_px":5.25274601337061,"shore_carve_band_px":9,"upload_ms":0.07,"wall_ms":58.642},{"bake_ms":90.472,"coast_sdf_max_dist_px":12.00627660199,"distance_scale":1.50078457524874,"edge_distance_saturate_hex":0.9,"edge_distance_units":"normalized_hex_center_gap","hashes":{"edge_distance":8250246243230121588,"edge_neighbor":-4218552637102224173,"height":4830935160837817962,"map_index":4346063480641045504,"terrain_detail":8357135676831890857,"terrain_normal":7792254270837708361,"water_depth":-921214661491632908},"layer":4,"normal_radius_px":"(19, 19)","raster_scale":"(1.49663, 1.504951)","river_sdf_max_dist_px":5.25274601337061,"shore_carve_band_px":9,"upload_ms":0.07,"wall_ms":91.083},{"bake_ms":85.8683,"coast_sdf_max_dist_px":12.00627660199,"distance_scale":1.50078457524874,"edge_distance_saturate_hex":0.9,"edge_distance_units":"normalized_hex_center_gap","hashes":{"edge_distance":-3303348439395344746,"edge_neighbor":5802913318398720382,"height":7523681351811092964,"map_index":4863984729569702242,"terrain_detail":-2672982676578981539,"terrain_normal":-8236870681051747278,"water_depth":8966685925479762116},"layer":5,"normal_radius_px":"(19, 19)","raster_scale":"(1.49663, 1.504951)","river_sdf_max_dist_px":5.25274601337061,"shore_carve_band_px":9,"upload_ms":0.118,"wall_ms":86.584}],"logical_size":"(1464, 912)","mode":"tiled","path":"visual_tiled_static","profile":"desktop_auto","renderer":"mobile","requested_budget_px":1313865,"requested_texels_per_hex":14.0,"requested_tile_world_span":"(804.5714, 804.5714)","requested_world_units_per_texel":1.57142857142857,"tile_world_area":540711.621551514,"tile_world_span":"(762.1024, 709.5)","total_ms":496.088,"visual_domain":"[P: (0.0, -44.0), S: (2286.307, 1419.0)]","wrap_period_x":2286.30706599092,"wrap_x":true}
WARNING: Loaded resource as image file, this will not work on export: 'res://assets/textures/terrain_materials/organic.png'. Instead, import the image file as an Image resource and load it normally as a resource.
   at: load (core/io/image.cpp:2756)
   GDScript backtrace (most recent call first):
       [0] _build_terrain_material_tex (res://scripts/rendering/map_baker.gd:360)
       [1] get_or_build_shared_terrain_material_tex (res://scripts/rendering/map_baker.gd:343)
       [2] bake_world (res://scripts/rendering/map_baker.gd:1179)
       [3] generate (res://scripts/geography/map_generator.gd:1384)
       [4] generate_world (res://scripts/game/world_runtime_host.gd:319)
       [5] _run (res://tests/headless_perf_record.gd:193)
       [6] _init (res://tests/headless_perf_record.gd:25)
WARNING: Loaded resource as image file, this will not work on export: 'res://assets/textures/terrain_materials/dry_sand.png'. Instead, import the image file as an Image resource and load it normally as a resource.
   at: load (core/io/image.cpp:2756)
   GDScript backtrace (most recent call first):
       [0] _build_terrain_material_tex (res://scripts/rendering/map_baker.gd:360)
       [1] get_or_build_shared_terrain_material_tex (res://scripts/rendering/map_baker.gd:343)
       [2] bake_world (res://scripts/rendering/map_baker.gd:1179)
       [3] generate (res://scripts/geography/map_generator.gd:1384)
       [4] generate_world (res://scripts/game/world_runtime_host.gd:319)
       [5] _run (res://tests/headless_perf_record.gd:193)
       [6] _init (res://tests/headless_perf_record.gd:25)
WARNING: Loaded resource as image file, this will not work on export: 'res://assets/textures/terrain_materials/rock.png'. Instead, import the image file as an Image resource and load it normally as a resource.
   at: load (core/io/image.cpp:2756)
   GDScript backtrace (most recent call first):
       [0] _build_terrain_material_tex (res://scripts/rendering/map_baker.gd:360)
       [1] get_or_build_shared_terrain_material_tex (res://scripts/rendering/map_baker.gd:343)
       [2] bake_world (res://scripts/rendering/map_baker.gd:1179)
       [3] generate (res://scripts/geography/map_generator.gd:1384)
       [4] generate_world (res://scripts/game/world_runtime_host.gd:319)
       [5] _run (res://tests/headless_perf_record.gd:193)
       [6] _init (res://tests/headless_perf_record.gd:25)
WARNING: Loaded resource as image file, this will not work on export: 'res://assets/textures/terrain_materials/snow_wet.png'. Instead, import the image file as an Image resource and load it normally as a resource.
   at: load (core/io/image.cpp:2756)
   GDScript backtrace (most recent call first):
       [0] _build_terrain_material_tex (res://scripts/rendering/map_baker.gd:360)
       [1] get_or_build_shared_terrain_material_tex (res://scripts/rendering/map_baker.gd:343)
       [2] bake_world (res://scripts/rendering/map_baker.gd:1179)
       [3] generate (res://scripts/geography/map_generator.gd:1384)
       [4] generate_world (res://scripts/game/world_runtime_host.gd:319)
       [5] _run (res://tests/headless_perf_record.gd:193)
       [6] _init (res://tests/headless_perf_record.gd:25)
  cell LUT encode: deferred until DCWorldExt bind
  encode: 3218ms
MapBaker v6: total 3368ms
MapGenerator v7: bake 3398ms
MapGenerator: skip _compute_ocean_currents (physical-hex path writes per-cell directly)
MapGenerator: skip _compute_terrain_perturbed_wind (physical-hex solver writes per-cell)
[SUS] sim budget strict=false frame=8.00ms warn=2.00ms slice=0.75ms upload=1.50ms scheduler=DCSystemScheduler native_sus=auto
[DCWorldExt] bind_map_data: 148 components bound (auto-registered=148; snapshot model; see world_ext.cpp comment & charter Â§11)
[DataCore] _data_core_world_ext bound=true (climate co-processor; class=DCWorldExt)
[native_world] configure rc=0 reason=configured cells=2400 wrap_period_x=103.923
[native_generation] path=gdext n=2400 published=9 native_ms=0.145 compute_ms=0.101 flush_ms=0.044
[hex_cell] facade ENABLED (2400 cells bound; ext=true)
[DataCore] _baker climate_profile injected=true (fixes WorldData.config==null sea_ice prepare path)
[phys_solve][oneshot] OK slp=1.33ms wind=0.52ms psi=0.40ms(ran=true) upwelling=0.10ms total=2.86ms
PhysicalCirculation solve@phase=1.50 total=3ms (C++ one-shot run_physical_solve_pass)
  wind/ocean pixel buffers: skipped (ocean_current_visual off)
[physical_init] deferred native refresh complete: 4ms
[cell_lut] deferred encode: 1ms path=gdext
[bio-occupancy] seed landmasses=14 provinces=14 species=19 secondary_hearths=1
[bio-occupancy]   bio.maize envelope=36 hearth=5 seeded_landmasses=1 primary_landmass=4 primary_envelope=33 occupied=5 occupied/envelope=0.15
[bio-occupancy]   bio.wheat envelope=31 hearth=5 seeded_landmasses=1 primary_landmass=10 primary_envelope=9 occupied=5 occupied/envelope=0.56
[bio-occupancy]   bio.rice envelope=79 hearth=26 seeded_landmasses=1 primary_landmass=4 primary_envelope=53 occupied=26 occupied/envelope=0.49
[bio-occupancy]   bio.potato envelope=18 hearth=4 seeded_landmasses=1 primary_landmass=14 primary_envelope=7 occupied=4 occupied/envelope=0.57
[bio-occupancy]   bio.horse envelope=32 hearth=5 seeded_landmasses=1 primary_landmass=10 primary_envelope=9 occupied=5 occupied/envelope=0.56
[bio-occupancy]   bio.cotton envelope=106 hearth=53 seeded_landmasses=1 primary_landmass=4 primary_envelope=96 occupied=53 occupied/envelope=0.55
[bio-occupancy]   bio.flax envelope=29 hearth=4 seeded_landmasses=1 primary_landmass=10 primary_envelope=7 occupied=4 occupied/envelope=0.57
[bio-occupancy]   bio.spice envelope=94 hearth=8 seeded_landmasses=1 primary_landmass=4 primary_envelope=82 occupied=8 occupied/envelope=0.10
[bio-occupancy]   bio.rubber envelope=62 hearth=3 seeded_landmasses=1 primary_landmass=4 primary_envelope=55 occupied=3 occupied/envelope=0.05
[bio-occupancy]   bio.sheep envelope=0 hearth=0 seeded_landmasses=0 primary_landmass=0 primary_envelope=0 occupied=0 occupied/envelope=0.00
[bio-occupancy]   bio.goat envelope=112 hearth=6 seeded_landmasses=1 primary_landmass=14 primary_envelope=15 occupied=6 occupied/envelope=0.40
[bio-occupancy]   bio.cattle envelope=0 hearth=0 seeded_landmasses=0 primary_landmass=0 primary_envelope=0 occupied=0 occupied/envelope=0.00
[bio-occupancy]   bio.pig envelope=114 hearth=37 seeded_landmasses=1 primary_landmass=4 primary_envelope=74 occupied=37 occupied/envelope=0.50
[bio-occupancy]   bio.camel envelope=11 hearth=5 seeded_landmasses=1 primary_landmass=4 primary_envelope=10 occupied=5 occupied/envelope=0.50
[bio-occupancy]   bio.yak envelope=53 hearth=17 seeded_landmasses=1 primary_landmass=14 primary_envelope=33 occupied=17 occupied/envelope=0.52
[bio-occupancy]   bio.silkworm envelope=120 hearth=45 seeded_landmasses=1 primary_landmass=4 primary_envelope=101 occupied=45 occupied/envelope=0.45
[bio-occupancy]   bio.reed envelope=65 hearth=14 seeded_landmasses=1 primary_landmass=4 primary_envelope=37 occupied=14 occupied/envelope=0.38
[bio-occupancy]   bio.bast_fiber envelope=75 hearth=6 seeded_landmasses=2 primary_landmass=14 primary_envelope=8 occupied=6 occupied/envelope=0.75
[bio-occupancy]   bio.dye_plant envelope=108 hearth=6 seeded_landmasses=1 primary_landmass=4 primary_envelope=97 occupied=6 occupied/envelope=0.06
[bio-occupancy]   landmass 1 classes=none foods=none
[bio-occupancy]   landmass 2 classes=none foods=none
[bio-occupancy]   landmass 3 classes=none foods=none
[bio-occupancy]   landmass 4 classes=wetland_food, fiber_wet, forest_grazer, tropical, fiber_open, dry_grazer, open_food, fiber_forest foods=rice, maize
[bio-occupancy]   landmass 5 classes=none foods=none
[bio-occupancy]   landmass 6 classes=none foods=none
[bio-occupancy]   landmass 7 classes=none foods=none
[bio-occupancy]   landmass 8 classes=none foods=none
[bio-occupancy]   landmass 9 classes=none foods=none
[bio-occupancy]   landmass 10 classes=open_grazer, open_food, fiber_open foods=wheat
[bio-occupancy]   landmass 11 classes=none foods=none
[bio-occupancy]   landmass 12 classes=none foods=none
[bio-occupancy]   landmass 13 classes=none foods=none
[bio-occupancy]   landmass 14 classes=dry_grazer, highland_food, fiber_forest, cold_grazer foods=potato
[weather] gdext acceleration ON (class=DCWorldExt)
[weather] gdext field commit ON
[weather] gdext distribute ON
[weather] gdext summary ON
[weather] hexcell facade ON (skip AoS double-write in hot loop)
[weather] gdext resident knobs ON (class=KnobsHandle)
[economy] ACTIVE native graph cells=2400 goods=134 cohorts=16 epoch_days=1 trade=ACTIVE topology_ready=true topology_generation=1 bootstrap=starter_settlement_bootstrap_v9 founder_families=4 founder_people=4
[country] ACTIVE native authority countries=4 cells=2400 generation=1
[weather/knobs] resident KnobsHandle path ACTIVE — first to_*_knobs_dict hit (field_rebuild_count=1 expected ≤1; stable Hz target ≤1 Hz)
[native_daily] ACTIVE: registered native_daily_sim + natural_resource_daily + bio_occupancy_daily; retained season_refresh + ocean_currents boundary jobs
[DCSystemScheduler] topology: ["season_refresh", "trigger_runtime", "ideology_runtime", "effect_runtime", "modifier_daily", "gameplay_effect", "natural_resource_daily", "bio_occupancy_daily", "enum_atlas_upload", "ocean_currents", "native_daily_sim", "dynamic_visual_atlas_upload", "country_daily", "economy_daily"]
WARNING: [building-visual] disabled: building_visual_renderer_unavailable
   at: push_warning (core/variant/variant_utility.cpp:1034)
   GDScript backtrace (most recent call first):
       [0] generate_world (res://scripts/game/world_runtime_host.gd:354)
       [1] _run (res://tests/headless_perf_record.gd:193)
       [2] _init (res://tests/headless_perf_record.gd:25)
[perf-record] start (start_tick=0 mode=DETAIL detail_period=1)
[DCSystemScheduler][RT] ocean_skip#1 tick=1 reason=policy_gated slices=0 elapsed=0.000 progress=0.000 source=day_changed
[DCSystemScheduler][RT] ocean_skip#2 tick=2 reason=policy_gated slices=0 elapsed=0.000 progress=0.000 source=day_changed
[DCSystemScheduler][RT] ocean_skip#3 tick=3 reason=policy_gated slices=0 elapsed=0.000 progress=0.000 source=day_changed
[phys_solve][RT] start#1 phase=0.0438 pending=nan solve_ocean=true ext=true idx=true soa=true
[slp_field] path-decision call#1: prof=true pflag_attr=true pflag_val=true ext=true method=true idx=true -> cpp_gate=true
[slp_field] commit-diag call#1: rc=0.116 slp_out=2400 n_cells=2400 map_slp=2400 slice=0:300 final=false published=false slot=19/2400 reason=intermediate_slice
[slp_field][RT-DIAG] call#1 phase=0.0438 rc=0.116 slp_out=2400 n=2400 slice=0:300 final=false published=false slot=19/2400 slot_reason=intermediate_slice -> intermediate_slice
[natural_resource/slow-dump] tick=5 day=5 wall=3.60 cpp=0.530 compute=0.239 loop=0.012 flush=0.107 wrapper=2.883 layout=cell_indices dispatches=0 resources=9/31 skipped_static=22 published=true total_delta=-179153.64850
[DCSystemScheduler][RT] ocean_skip#4 tick=5 reason=policy_gated slices=0 elapsed=0.000 progress=0.000 source=day_changed
[DCSystemScheduler][RT] ocean_skip#5 tick=7 reason=policy_gated slices=0 elapsed=0.000 progress=0.000 source=day_changed
[slp_field] path-decision call#2: prof=true pflag_attr=true pflag_val=true ext=true method=true idx=true -> cpp_gate=true
[slp_field] commit-diag call#2: rc=0.119 slp_out=2400 n_cells=2400 map_slp=2400 slice=300:600 final=false published=false slot=19/2400 reason=intermediate_slice
[slp_field][RT-DIAG] call#2 phase=0.0438 rc=0.119 slp_out=2400 n=2400 slice=300:600 final=false published=false slot=19/2400 slot_reason=intermediate_slice -> intermediate_slice
[DCSystemScheduler][RT] ocean_skip#6 tick=9 reason=policy_gated slices=0 elapsed=0.000 progress=0.000 source=day_changed
[DCSystemScheduler][RT] ocean_skip#7 tick=10 reason=policy_gated slices=0 elapsed=0.000 progress=0.000 source=day_changed
[DCSystemScheduler][RT] ocean_skip#8 tick=11 reason=policy_gated slices=0 elapsed=0.000 progress=0.000 source=day_changed
[slp_field] path-decision call#3: prof=true pflag_attr=true pflag_val=true ext=true method=true idx=true -> cpp_gate=true
[slp_field] commit-diag call#3: rc=0.059 slp_out=2400 n_cells=2400 map_slp=2400 slice=600:900 final=false published=false slot=19/2400 reason=intermediate_slice
[slp_field][RT-DIAG] call#3 phase=0.0438 rc=0.059 slp_out=2400 n=2400 slice=600:900 final=false published=false slot=19/2400 slot_reason=intermediate_slice -> intermediate_slice
[DCSystemScheduler][RT] ocean_skip#9 tick=13 reason=policy_gated slices=0 elapsed=0.000 progress=0.000 source=day_changed
[DCSystemScheduler][RT] ocean_skip#10 tick=14 reason=policy_gated slices=0 elapsed=0.000 progress=0.000 source=day_changed
[DCSystemScheduler][RT] ocean_skip#11 tick=15 reason=policy_gated slices=0 elapsed=0.000 progress=0.000 source=day_changed
[slp_field][RT-DIAG] call#4 phase=0.0438 rc=0.113 slp_out=2400 n=2400 slice=900:1200 final=false published=false slot=19/2400 slot_reason=intermediate_slice -> intermediate_slice
[DCSystemScheduler][RT] ocean_skip#12 tick=17 reason=policy_gated slices=0 elapsed=0.000 progress=0.000 source=day_changed
[DCSystemScheduler][RT] ocean_skip#13 tick=19 reason=policy_gated slices=0 elapsed=0.000 progress=0.000 source=day_changed
[slp_field][RT-DIAG] call#5 phase=0.0438 rc=0.065 slp_out=2400 n=2400 slice=1200:1500 final=false published=false slot=19/2400 slot_reason=intermediate_slice -> intermediate_slice
[DCSystemScheduler][RT] ocean_skip#14 tick=21 reason=policy_gated slices=0 elapsed=0.000 progress=0.000 source=day_changed
[DCSystemScheduler][RT] ocean_skip#15 tick=22 reason=policy_gated slices=0 elapsed=0.000 progress=0.000 source=day_changed
[DCSystemScheduler][RT] ocean_skip#16 tick=23 reason=policy_gated slices=0 elapsed=0.000 progress=0.000 source=day_changed
[DCSystemScheduler][RT] ocean_skip#17 tick=25 reason=policy_gated slices=0 elapsed=0.000 progress=0.000 source=day_changed
[DCSystemScheduler][RT] ocean_skip#18 tick=26 reason=policy_gated slices=0 elapsed=0.000 progress=0.000 source=day_changed
[DCSystemScheduler][RT] ocean_skip#19 tick=27 reason=policy_gated slices=0 elapsed=0.000 progress=0.000 source=day_changed
[DCSystemScheduler][RT] ocean_skip#20 tick=29 reason=policy_gated slices=0 elapsed=0.000 progress=0.000 source=day_changed
[season_refresh] b_plus_start path=gdext handle=1 season=0 n_cells=2400
[season_refresh] b_plus_finish path=gdext native_ms=0.594 slices=1 stages_done=12
[season_refresh] x2 slots: refresh=1 skip=0 (期望 refresh=1 skip=11 全 gdext 路径)
[DCSystemScheduler][RT] ocean_skip#21 tick=30 reason=frame_budget_exhausted slices=0 elapsed=0.000 progress=0.000 source=day_changed
[detail_scatter] tick-sync queued=354 (vegetation=64)
[DCSystemScheduler][RT] ocean_skip#22 tick=31 reason=policy_gated slices=0 elapsed=0.000 progress=0.000 source=day_changed
[slp_field] gdext path ACTIVE — first run elapsed=0.40ms (legacy GDScript baseline ~36ms; target < 3ms)
[DCSystemScheduler][RT] ocean_skip#23 tick=33 reason=policy_gated slices=0 elapsed=0.000 progress=0.000 source=day_changed
[DCSystemScheduler][RT] ocean_skip#24 tick=34 reason=policy_gated slices=0 elapsed=0.000 progress=0.000 source=day_changed
[DCSystemScheduler][RT] ocean_skip#25 tick=35 reason=policy_gated slices=0 elapsed=0.000 progress=0.000 source=day_changed
[wind_field/B] path-decision call#1: prof=true pflag_attr=true pflag_val=true ext=true method=true idx=true -> cpp_gate=true
[detail_scatter] tick-sync queued=22 (vegetation=0)
[DCSystemScheduler][RT] ocean_skip#26 tick=37 reason=policy_gated slices=0 elapsed=0.000 progress=0.000 source=day_changed
[DCSystemScheduler][RT] ocean_skip#27 tick=38 reason=policy_gated slices=0 elapsed=0.000 progress=0.000 source=day_changed
[DCSystemScheduler][RT] ocean_skip#28 tick=39 reason=policy_gated slices=0 elapsed=0.000 progress=0.000 source=day_changed
[wind_field/B] path-decision call#2: prof=true pflag_attr=true pflag_val=true ext=true method=true idx=true -> cpp_gate=true
[DCSystemScheduler][RT] ocean_skip#29 tick=41 reason=policy_gated slices=0 elapsed=0.000 progress=0.000 source=day_changed
[DCSystemScheduler][RT] ocean_skip#30 tick=43 reason=policy_gated slices=0 elapsed=0.000 progress=0.000 source=day_changed
[wind_field/B] path-decision call#3: prof=true pflag_attr=true pflag_val=true ext=true method=true idx=true -> cpp_gate=true
[DCSystemScheduler][RT] ocean_skip#31 tick=45 reason=policy_gated slices=0 elapsed=0.000 progress=0.000 source=day_changed
[DCSystemScheduler][RT] ocean_skip#32 tick=46 reason=policy_gated slices=0 elapsed=0.000 progress=0.000 source=day_changed
[DCSystemScheduler][RT] ocean_skip#33 tick=47 reason=policy_gated slices=0 elapsed=0.000 progress=0.000 source=day_changed
[DCSystemScheduler][RT] ocean_skip#34 tick=49 reason=policy_gated slices=0 elapsed=0.000 progress=0.000 source=day_changed
[DCSystemScheduler][RT] ocean_skip#35 tick=50 reason=policy_gated slices=0 elapsed=0.000 progress=0.000 source=day_changed
[DCSystemScheduler][RT] ocean_skip#36 tick=51 reason=policy_gated slices=0 elapsed=0.000 progress=0.000 source=day_changed
[DCSystemScheduler][RT] ocean_skip#37 tick=53 reason=policy_gated slices=0 elapsed=0.000 progress=0.000 source=day_changed
[DCSystemScheduler][RT] ocean_skip#38 tick=55 reason=policy_gated slices=0 elapsed=0.000 progress=0.000 source=day_changed
[DCSystemScheduler][RT] ocean_skip#39 tick=57 reason=policy_gated slices=0 elapsed=0.000 progress=0.000 source=day_changed
[DCSystemScheduler][RT] ocean_skip#40 tick=58 reason=policy_gated slices=0 elapsed=0.000 progress=0.000 source=day_changed
[DCSystemScheduler][RT] ocean_skip#41 tick=59 reason=policy_gated slices=0 elapsed=0.000 progress=0.000 source=day_changed
[season_refresh] b_plus_finish path=gdext native_ms=0.168 slices=1 stages_done=12
[DCSystemScheduler][RT] ocean_skip#42 tick=60 reason=frame_budget_exhausted slices=0 elapsed=0.000 progress=0.000 source=day_changed
[detail_scatter] tick-sync queued=120 (vegetation=45)
[DCSystemScheduler][RT] ocean_skip#43 tick=61 reason=policy_gated slices=0 elapsed=0.000 progress=0.000 source=day_changed
[DCSystemScheduler][RT] ocean_skip#44 tick=62 reason=policy_gated slices=0 elapsed=0.000 progress=0.000 source=day_changed
[DCSystemScheduler][RT] ocean_skip#45 tick=63 reason=policy_gated slices=0 elapsed=0.000 progress=0.000 source=day_changed
[natural_resource/slow-dump] tick=65 day=65 wall=1.80 cpp=0.767 compute=0.405 loop=0.038 flush=0.150 wrapper=0.644 layout=cell_indices dispatches=0 resources=10/31 skipped_static=21 published=true total_delta=-254080.26696
[DCSystemScheduler][RT] ocean_skip#46 tick=65 reason=policy_gated slices=0 elapsed=0.000 progress=0.000 source=day_changed
[DCSystemScheduler][RT] ocean_skip#47 tick=67 reason=policy_gated slices=0 elapsed=0.000 progress=0.000 source=day_changed
[wind_field/B] commit-diag call#1: rc=0.628 n_wind=2400 wx=2400 wy=2400 wspd=2400 map_wspd=2400
[wind_field/B] gdext path ACTIVE — first run elapsed=0.63ms (legacy GDScript baseline ≈ 35ms; charter §7 / dots-wind-validation.md target < 5ms)
[DCSystemScheduler][RT] ocean_skip#48 tick=69 reason=policy_gated slices=0 elapsed=0.000 progress=0.000 source=day_changed
[detail_scatter] tick-sync queued=29 (vegetation=0)
[DCSystemScheduler][RT] ocean_skip#49 tick=70 reason=policy_gated slices=0 elapsed=0.000 progress=0.000 source=day_changed
[DCSystemScheduler][RT] ocean_skip#50 tick=71 reason=policy_gated slices=0 elapsed=0.000 progress=0.000 source=day_changed
[psi_solver] path-decision call#1: prof=true pflag_attr=true pflag_val=true ext=true method=true idx=true heat=true -> cpp_gate=true
[psi_solver] gdext path ACTIVE — first run elapsed=0.56ms (legacy GDScript stage3+4+5 baseline ~32+ms; target < 5ms)
[psi_solver] commit-diag call#1: rc=0.563 n_water=1656 n_cells=2400 published=true
[DCSystemScheduler][RT] ocean_skip#51 tick=73 reason=policy_gated slices=0 elapsed=0.000 progress=0.000 source=day_changed
[DCSystemScheduler][RT] ocean_skip#52 tick=74 reason=policy_gated slices=0 elapsed=0.000 progress=0.000 source=day_changed
[DCSystemScheduler][RT] ocean_skip#53 tick=75 reason=policy_gated slices=0 elapsed=0.000 progress=0.000 source=day_changed
[upwelling/DIAG#1] gate: prof=true pflag_attr=true pflag_val=true ext=true method=true wind_cpp=true idx=true -> cpp_gate=true
[upwelling/DIAG#1] cpp-call: ret_type=27 fallback=false reason='' elapsed_native_ms=0.011
[upwelling/DIAG#1] BREAKDOWN: T1_nb_pack=0.00ms T2_knobs=0.01ms T3_refresh_slots=0.16ms T4_cpp_call=0.03ms (n=2400)
[DCSystemScheduler][RT] ocean_skip#54 tick=77 reason=policy_gated slices=0 elapsed=0.000 progress=0.000 source=day_changed
[DCSystemScheduler][RT] ocean_skip#55 tick=79 reason=policy_gated slices=0 elapsed=0.000 progress=0.000 source=day_changed
[DCSystemScheduler][RT] ocean_skip#56 tick=81 reason=policy_gated slices=0 elapsed=0.000 progress=0.000 source=day_changed
[DCSystemScheduler][RT] ocean_skip#57 tick=82 reason=policy_gated slices=0 elapsed=0.000 progress=0.000 source=day_changed
[DCSystemScheduler][RT] ocean_skip#58 tick=83 reason=policy_gated slices=0 elapsed=0.000 progress=0.000 source=day_changed
[DCSystemScheduler][RT] ocean_skip#59 tick=85 reason=policy_gated slices=0 elapsed=0.000 progress=0.000 source=day_changed
[DCSystemScheduler][RT] ocean_skip#60 tick=86 reason=policy_gated slices=0 elapsed=0.000 progress=0.000 source=day_changed
[DCSystemScheduler][RT] ocean_skip#61 tick=87 reason=policy_gated slices=0 elapsed=0.000 progress=0.000 source=day_changed
[DCSystemScheduler][RT] ocean_skip#62 tick=89 reason=policy_gated slices=0 elapsed=0.000 progress=0.000 source=day_changed
[season_refresh] b_plus_finish path=gdext native_ms=0.265 slices=1 stages_done=12
[DCSystemScheduler][RT] ocean_skip#63 tick=90 reason=frame_budget_exhausted slices=0 elapsed=0.000 progress=0.000 source=day_changed
[detail_scatter] tick-sync queued=116 (vegetation=43)
[DCSystemScheduler][RT] ocean_skip#64 tick=91 reason=policy_gated slices=0 elapsed=0.000 progress=0.000 source=day_changed
[detail_scatter] tick-sync queued=32 (vegetation=0)
[phys_solve][RT] start#2 phase=1.1836 pending=nan solve_ocean=false ext=true idx=true soa=true
[season_refresh] b_plus_start path=gdext handle=1 season=1 n_cells=2400
[season_refresh] b_plus_finish path=gdext native_ms=0.320 slices=1 stages_done=12
[detail_scatter] tick-sync queued=334 (vegetation=51)
[detail_scatter] tick-sync queued=36 (vegetation=0)
[detail_scatter] tick-sync queued=5 (vegetation=5)
[psi_solver] path-decision call#2: prof=true pflag_attr=true pflag_val=true ext=true method=true idx=true heat=true -> cpp_gate=true
[psi_solver] commit-diag call#2: rc=0.679 n_water=1808 n_cells=2400 published=true
[season_refresh] b_plus_finish path=gdext native_ms=0.294 slices=1 stages_done=12
[detail_scatter] tick-sync queued=130 (vegetation=37)
[detail_scatter] tick-sync queued=30 (vegetation=0)
[detail_scatter] tick-sync queued=157 (vegetation=39)
[season_refresh] b_plus_finish path=gdext native_ms=0.637 slices=2 stages_done=12
[phys_solve][RT] start#3 phase=2.0164 pending=nan solve_ocean=false ext=true idx=true soa=true
[detail_scatter] tick-sync queued=31 (vegetation=0)
[natural_resource/slow-dump] tick=210 day=210 wall=1.71 cpp=0.499 compute=0.279 loop=0.050 flush=0.135 wrapper=0.382 layout=cell_indices dispatches=0 resources=10/31 skipped_static=21 published=true total_delta=-13436315.24317
[season_refresh] b_plus_start path=gdext handle=1 season=2 n_cells=2400
[detail_scatter] tick-sync queued=133 (vegetation=74)
[season_refresh] b_plus_finish path=gdext native_ms=0.669 slices=2 stages_done=12
[detail_scatter] tick-sync queued=33 (vegetation=0)
[season_refresh] b_plus_finish path=gdext native_ms=0.186 slices=1 stages_done=12
[detail_scatter] tick-sync queued=142 (vegetation=81)
[wind_field/B] commit-diag call#2: rc=0.563 n_wind=2400 wx=2400 wy=2400 wspd=2400 map_wspd=2400
[detail_scatter] tick-sync queued=33 (vegetation=0)
[phys_solve][RT] start#4 phase=2.7616 pending=nan solve_ocean=false ext=true idx=true soa=true
[season_refresh] b_plus_finish path=gdext native_ms=0.166 slices=1 stages_done=12
[detail_scatter] tick-sync queued=89 (vegetation=42)
[detail_scatter] tick-sync queued=33 (vegetation=0)
[natural_resource/slow-dump] tick=295 day=295 wall=1.66 cpp=0.809 compute=0.458 loop=0.058 flush=0.191 wrapper=0.511 layout=cell_indices dispatches=0 resources=10/31 skipped_static=21 published=true total_delta=-2937457.18264
[season_refresh] b_plus_start path=gdext handle=1 season=3 n_cells=2400
[season_refresh] b_plus_finish path=gdext native_ms=0.230 slices=1 stages_done=12
[detail_scatter] tick-sync queued=436 (vegetation=100)
[detail_scatter] tick-sync queued=27 (vegetation=0)
[wind_field/B] commit-diag call#3: rc=0.543 n_wind=2400 wx=2400 wy=2400 wspd=2400 map_wspd=2400
[phys_solve][RT] start#5 phase=3.5068 pending=nan solve_ocean=false ext=true idx=true soa=true
[season_refresh] b_plus_finish path=gdext native_ms=0.156 slices=1 stages_done=12
[detail_scatter] tick-sync queued=144 (vegetation=59)
[detail_scatter] tick-sync queued=24 (vegetation=0)
[detail_scatter] tick-sync queued=20 (vegetation=20)
[natural_resource/slow-dump] tick=360 day=360 wall=1.68 cpp=0.809 compute=0.463 loop=0.040 flush=0.232 wrapper=0.528 layout=cell_indices dispatches=0 resources=10/31 skipped_static=21 published=true total_delta=-275722.14562
[detail_scatter] tick-sync queued=113 (vegetation=38)
[season_refresh] b_plus_finish path=gdext native_ms=0.655 slices=2 stages_done=12
[detail_scatter] tick-sync queued=18 (vegetation=0)
[phys_solve][RT] start#6 phase=0.2521 pending=nan solve_ocean=false ext=true idx=true soa=true
[season_refresh] b_plus_finish path=gdext native_ms=0.254 slices=1 stages_done=12
[detail_scatter] tick-sync queued=136 (vegetation=76)
[native_daily/slow-dump] tick=397 day=397 sample=395 commit=-1 age=2/10 over=false state=active stage=ocean_land/ocean_land_knobs node=ocean_land/ocean_land_knobs cursor=2-4 cells=0-2400/2400 done=false progress=0.19 wall=7.10 shell=7.38 shell_gap=0.28 bundle=0.36 jit=0.36 keys=["ocean_water_knobs", "ocean_land_knobs"] native_call=6.17 cpp=6.07 compute=6.12 refresh=0.16 flush=0.00 apply=0.57 round=6.95 weather=0.00 prebuilt=true path=gdext_native_daily_slice
[detail_scatter] tick-sync queued=22 (vegetation=0)
[season_refresh] b_plus_finish path=gdext native_ms=0.243 slices=1 stages_done=12
[detail_scatter] tick-sync queued=57 (vegetation=17)
[detail_scatter] tick-sync queued=22 (vegetation=0)
[phys_solve][RT] start#7 phase=0.9534 pending=nan solve_ocean=false ext=true idx=true soa=true
[detail_scatter] tick-sync queued=103 (vegetation=63)
[detail_scatter] tick-sync queued=34 (vegetation=0)
[natural_resource/slow-dump] tick=470 day=470 wall=2.30 cpp=1.532 compute=1.147 loop=0.082 flush=0.203 wrapper=0.448 layout=cell_indices dispatches=0 resources=10/31 skipped_static=21 published=true total_delta=-4319994.85318
[season_refresh] b_plus_finish path=gdext native_ms=0.154 slices=1 stages_done=12
[detail_scatter] tick-sync queued=187 (vegetation=49)
[detail_scatter] tick-sync queued=37 (vegetation=0)
[season_refresh] b_plus_finish path=gdext native_ms=0.245 slices=1 stages_done=12
[detail_scatter] tick-sync queued=353 (vegetation=38)
[phys_solve][RT] start#8 phase=1.6548 pending=nan solve_ocean=false ext=true idx=true soa=true
[detail_scatter] tick-sync queued=38 (vegetation=0)
[natural_resource/slow-dump] tick=540 day=540 wall=2.17 cpp=1.283 compute=0.927 loop=0.042 flush=0.143 wrapper=0.523 layout=cell_indices dispatches=0 resources=10/31 skipped_static=21 published=true total_delta=-223794.97183
[detail_scatter] tick-sync queued=165 (vegetation=63)
WARNING: [native_daily/contract] round=51 sample_day=533 current_day=544 age=11 budget=10 state=complete exceeded freshness contract
   at: push_warning (core/variant/variant_utility.cpp:1034)
   GDScript backtrace (most recent call first):
       [0] _native_daily_stamp_contract (res://scripts/geography/map_generator.gd:5824)
       [1] run_native_daily_slice_from_job (res://scripts/geography/map_generator.gd:5924)
       [2] run_slice (res://scripts/simulation/sus/jobs/native_daily_sim_job.gd:68)
       [3] tick (res://scripts/simulation/sus/sus_scheduler.gd:306)
       [4] tick (res://scripts/data_core/dc_system_scheduler.gd:426)
       [5] sus_tick_daily (res://scripts/geography/map_generator.gd:6367)
       [6] run_daily_tick (res://scripts/game/world_runtime_host.gd:404)
       [7] _run (res://tests/headless_perf_record.gd:269)
       [8] _drain_hard_barrier (res://tests/headless_perf_record.gd:376)
[detail_scatter] tick-sync queued=35 (vegetation=0)
[season_refresh] b_plus_finish path=gdext native_ms=0.235 slices=1 stages_done=12
[detail_scatter] tick-sync queued=157 (vegetation=90)
[phys_solve][RT] start#9 phase=2.3562 pending=nan solve_ocean=false ext=true idx=true soa=true
[detail_scatter] tick-sync queued=35 (vegetation=0)
[season_refresh] b_plus_finish path=gdext native_ms=0.155 slices=1 stages_done=12
[detail_scatter] tick-sync queued=101 (vegetation=38)
[detail_scatter] tick-sync queued=36 (vegetation=0)
[season_refresh] b_plus_finish path=gdext native_ms=0.257 slices=1 stages_done=12
[detail_scatter] tick-sync queued=87 (vegetation=40)
[detail_scatter] tick-sync queued=34 (vegetation=0)
[phys_solve][RT] start#10 phase=3.0575 pending=nan solve_ocean=false ext=true idx=true soa=true
[season_refresh] b_plus_finish path=gdext native_ms=0.165 slices=1 stages_done=12
[detail_scatter] tick-sync queued=170 (vegetation=47)
[detail_scatter] tick-sync queued=29 (vegetation=0)
[detail_scatter] tick-sync queued=422 (vegetation=104)
[season_refresh] b_plus_finish path=gdext native_ms=0.649 slices=2 stages_done=12
[detail_scatter] tick-sync queued=20 (vegetation=0)
[phys_solve][RT] start#11 phase=3.7589 pending=nan solve_ocean=false ext=true idx=true soa=true
[season_refresh] b_plus_finish path=gdext native_ms=0.268 slices=1 stages_done=12
[detail_scatter] tick-sync queued=140 (vegetation=53)
[detail_scatter] tick-sync queued=18 (vegetation=0)
[natural_resource/slow-dump] tick=735 day=735 wall=1.51 cpp=0.774 compute=0.340 loop=0.048 flush=0.097 wrapper=0.441 layout=cell_indices dispatches=0 resources=10/31 skipped_static=21 published=true total_delta=-184832.61538
[season_refresh] b_plus_finish path=gdext native_ms=0.157 slices=1 stages_done=12
[detail_scatter] tick-sync queued=121 (vegetation=58)
[detail_scatter] tick-sync queued=22 (vegetation=0)
[phys_solve][RT] start#12 phase=0.5041 pending=nan solve_ocean=false ext=true idx=true soa=true
[season_refresh] b_plus_finish path=gdext native_ms=0.148 slices=1 stages_done=12
[detail_scatter] tick-sync queued=45 (vegetation=8)
[detail_scatter] tick-sync queued=22 (vegetation=0)
[detail_scatter] tick-sync queued=61 (vegetation=30)
[detail_scatter] tick-sync queued=24 (vegetation=0)
[season_refresh] b_plus_finish path=gdext native_ms=0.242 slices=1 stages_done=12
[detail_scatter] tick-sync queued=167 (vegetation=57)
[phys_solve][RT] start#13 phase=1.2932 pending=nan solve_ocean=false ext=true idx=true soa=true
[detail_scatter] tick-sync queued=38 (vegetation=0)
[natural_resource/slow-dump] tick=855 day=855 wall=1.58 cpp=0.871 compute=0.511 loop=0.038 flush=0.167 wrapper=0.419 layout=cell_indices dispatches=0 resources=10/31 skipped_static=21 published=true total_delta=-145602.91123
[season_refresh] b_plus_finish path=gdext native_ms=0.298 slices=1 stages_done=12
[detail_scatter] tick-sync queued=388 (vegetation=51)
[detail_scatter] tick-sync queued=23 (vegetation=23)
[detail_scatter] tick-sync queued=37 (vegetation=0)
[detail_scatter] tick-sync queued=205 (vegetation=86)
[detail_scatter] tick-sync queued=33 (vegetation=0)
[phys_solve][RT] start#14 phase=2.0384 pending=nan solve_ocean=false ext=true idx=true soa=true
[season_refresh] b_plus_finish path=gdext native_ms=0.255 slices=1 stages_done=12
[detail_scatter] tick-sync queued=124 (vegetation=73)
[detail_scatter] tick-sync queued=34 (vegetation=0)
[natural_resource/slow-dump] tick=945 day=945 wall=1.54 cpp=0.836 compute=0.484 loop=0.045 flush=0.163 wrapper=0.407 layout=cell_indices dispatches=0 resources=10/31 skipped_static=21 published=true total_delta=-3264324.98737
[detail_scatter] tick-sync queued=75 (vegetation=17)
[detail_scatter] tick-sync queued=36 (vegetation=0)
[phys_solve][RT] start#15 phase=2.7836 pending=nan solve_ocean=false ext=true idx=true soa=true
[season_refresh] b_plus_finish path=gdext native_ms=0.584 slices=1 stages_done=12
[detail_scatter] tick-sync queued=92 (vegetation=39)
[detail_scatter] tick-sync queued=36 (vegetation=0)
[perf-record] exported rows=1000 cols=1192 → D:/Godot/ProjectKeynes/Project.Keynes/tmp/perf_record_20260901_153944.csv
[headless-perf/result] label=graph_active_economy_soak_seed424242 days=1000 speed=50.000 seed=424242 map=60x40 formal_start=true trade_scenario=false foreign_count=3 import_tariff_rate=0 export_tariff_rate=0 population_scale=0 saved_setup=false economy_configured=true country_count=4 population=80 generation_ms=16779.2 run_ms=22117.6 barrier_pulses=36 ledger_failures=0 fatal=false population_error=0 money_error=0 goods_error=0 family_count=4 family_branch_count=4 family_trait_roll_count=10 effect_instances=8 family_effect_stack_groups=4 family_effect_group_members=4 effect_metric_slab_bytes=5031 effect_instance_storage_bytes=2704 city_good_output_shared_count=134 city_good_output_non_neutral_shared_count=0 city_good_output_override_count=0 city_good_output_override_cell_count=0 city_good_output_cache_bytes=10140 trade_orders_dispatched=0 trade_orders_arrived=0 trade_orders_cumulative=0 trade_base_cumulative=0 trade_route_expansions=0 trade_tariff_lanes=0 trade_country_goods=0 trade_country_partners=0 tariff_collected=0 tariff_subsidy_paid=0 economy_memory_bytes=58756516 rows=1000 expected_rows=1000 path=D:/Godot/ProjectKeynes/Project.Keynes/tmp/perf_record_20260901_153944.csv
ERROR: 24 RID allocations of type 'PN13RendererDummy14TextureStorage12DummyTextureE' were leaked at exit.
WARNING: ObjectDB instances leaked at exit (run with --verbose for details).
   at: cleanup (core/object/object.cpp:2641)
ERROR: 312 resources still in use at exit (run with --verbose for details).
   at: clear (core/io/resource.cpp:810)
