Godot Engine v4.6.2.stable.official.71f334935 - https://godotengine.org

[native_generation/base] path=gdext algorithm=post_base_priority_flood_hydrology_v3 n=2400 native_ms=8.776 water=976 land=1424
[native_generation/post_base] path=gdext algorithm=post_base_priority_flood_hydrology_v3 n=2400 native_ms=1.241 lakes=62 rivers=38 volcanoes=2
[native_generation/qa] single_water=1 tiny<=3=1 small<=5=1 bodies=4 largest=928 | land_below_sea=0.0% | terr_distinct=23 entropy=3.778bit | river_ratio=1.583%
MapGenerator v7: per-cell 70ms (2400 cells, path=gdext_base)
MapBaker v6: hm=(1024, 606) seed=20260718
    [fused] terrain=948.6ms erosion=2.9ms(ok=true) river=8.5ms(ok=true) latitude=0.1ms coast_sdf=8.6ms(ok=true)
  geometry fields (fused C++): 1060ms
  physical circulation hex solve: deferred until DCWorldExt bind (ext=true idx=true soa=false)
  wind/ocean pixel buffers: skipped (ocean_current_visual off)
WARNING: [DCWorldExt] encode_cell_luts: not bound - fallback to GDScript
   at: push_warning (core/variant/variant_utility.cpp:1034)
   GDScript backtrace (most recent call first):
       [0] bake_cell_luts (res://scripts/rendering/map_baker.gd:4927)
       [1] bake_world (res://scripts/rendering/map_baker.gd:966)
       [2] generate (res://scripts/geography/map_generator.gd:1291)
       [3] generate_world (res://scripts/game/world_runtime_host.gd:160)
       [4] _run (res://tests/headless_perf_record.gd:98)
       [5] _init (res://tests/headless_perf_record.gd:24)
  encode: 2481ms
MapBaker v6: total 3541ms
MapGenerator v7: bake 3571ms
MapGenerator: skip _compute_ocean_currents (physical-hex path writes per-cell directly)
MapGenerator: skip _compute_terrain_perturbed_wind (physical-hex solver writes per-cell)
[SUS] sim budget strict=false frame=8.00ms warn=2.00ms slice=0.75ms upload=1.50ms scheduler=DCSystemScheduler native_sus=auto
[DCWorldExt] bind_map_data: 140 components bound (auto-registered=140; snapshot model; see world_ext.cpp comment & charter Â§11)
[DataCore] _data_core_world_ext bound=true (climate co-processor; class=DCWorldExt)
[native_world] configure rc=0 reason=configured cells=2400
[native_generation] path=gdext n=2400 published=9 native_ms=0.131 compute_ms=0.082 flush_ms=0.049
[hex_cell] facade ENABLED (2400 cells bound; ext=true)
[DataCore] _baker climate_profile injected=true (fixes WorldData.config==null sea_ice prepare path)
[phys_solve][oneshot] OK slp=1.39ms wind=0.51ms psi=0.36ms(ran=true) upwelling=0.08ms total=2.88ms
PhysicalCirculation solve@phase=1.50 total=3ms (C++ one-shot run_physical_solve_pass)
  wind/ocean pixel buffers: skipped (ocean_current_visual off)
[physical_init] deferred native refresh complete: 3ms
[weather] gdext acceleration ON (class=DCWorldExt)
[weather] gdext field commit ON
[weather] gdext distribute ON
[weather] gdext summary ON
[weather] hexcell facade ON (skip AoS double-write in hot loop)
[weather] gdext resident knobs ON (class=KnobsHandle)
[economy] ACTIVE native graph cells=2400 goods=120 cohorts=5721 epoch_days=5 trade=ACTIVE topology_ready=true topology_generation=1
[country] ACTIVE native authority countries=1 cells=2400 generation=1
[economy/test-bootstrap] scale_mode=resource_tiered populated_cells=1162 population=3141170 cohorts=5721 professions=7/33 building_groups=10479 building_types=14/261 capacity_buildings=41894->13633 trimmed=28261 population_range=0..12031 cap=150000 goods=120 tiers={ "tens": 291, "hundreds": 290, "thousands": 291, "ten_thousands": 290 } construction_regions=2/3 skipped=1
[weather/knobs] resident KnobsHandle path ACTIVE — first to_*_knobs_dict hit (field_rebuild_count=1 expected ≤1; stable Hz target ≤1 Hz)
[native_daily] ACTIVE: registered native_daily_sim + natural_resource_daily; retained season_refresh + ocean_currents boundary jobs
[DCSystemScheduler] topology: ["season_refresh", "natural_resource_daily", "enum_atlas_upload", "ocean_currents", "native_daily_sim", "dynamic_visual_atlas_upload", "country_daily", "economy_daily"]
[perf-record] start (start_tick=0)
[season_refresh] b_plus_start path=gdext handle=1 season=0 n_cells=2400
[ocean_currents][RT] skip#1 tick=1 reason=physical_policy_gated phys_round=false visual_round=false phys_done=false pending_commit=false cursor=0/0 tps=4 streak=0 tick_mod=1
[DCSystemScheduler][RT] ocean_skip#1 tick=1 reason=policy_gated slices=0 elapsed=0.000 progress=0.000 source=day_changed
[dc/terrain_mirror_sync] reason=sus_tick_pre terrain_mis=559 isw_mis=0 terrain_written=true isw_written=false
[ocean_currents][RT] skip#2 tick=2 reason=physical_policy_gated phys_round=false visual_round=false phys_done=false pending_commit=false cursor=0/0 tps=4 streak=0 tick_mod=2
[DCSystemScheduler][RT] ocean_skip#2 tick=2 reason=policy_gated slices=0 elapsed=0.000 progress=0.000 source=day_changed
[ocean_currents][RT] skip#3 tick=3 reason=physical_policy_gated phys_round=false visual_round=false phys_done=false pending_commit=false cursor=0/0 tps=4 streak=0 tick_mod=3
[DCSystemScheduler][RT] ocean_skip#3 tick=3 reason=policy_gated slices=0 elapsed=0.000 progress=0.000 source=day_changed
[ocean_currents][RT] phys_round_start#1 tick=4 phase=0.0438 physical=true wind_period=6 ocean_period=60 slice_count=16 tps=4 max_slices=1 run_ocean=true need_visual=false phase_int=0 phase_seen=0 total_pixels=620544 visual_active=false
[phys_solve][RT] start#1 phase=0.0438 pending=nan solve_ocean=true ext=true idx=true soa=true
[slp_field] path-decision call#1: prof=true pflag_attr=true pflag_val=true ext=true method=true idx=true -> cpp_gate=true
[slp_field] commit-diag call#1: rc=0.075 slp_out=2400 n_cells=2400 map_slp=2400 published=false
[slp_field][RT-DIAG] call#1 phase=0.0438 rc=0.075 slp_out=2400 n=2400 published=false -> commit_ok
[ocean_currents][RT] phys_slice#1 tick=4 round=1 stage=phys_none->phys_slp done=false run_ocean=true need_visual=false elapsed=0.305 ocean_delta_p95=0.000000 wind_delta_p95=0.000000 slp_delta_p95=0.000000 psi_path=gdscript
[natural_resource/slow-dump] tick=5 day=5 wall=1.82 cpp=0.772 compute=0.748 loop=0.452 flush=0.158 wrapper=1.036 layout=cell_range_fused_seq_dt dispatches=0 resources=13/31 skipped_static=18 published=true total_delta=-91835675.97428
[ocean_currents][RT] skip#4 tick=5 reason=physical_policy_gated phys_round=true visual_round=false phys_done=false pending_commit=false cursor=0/620544 tps=4 streak=0 tick_mod=1
[sea_ice/dt] call#1 dt_days=1.000 (last_pass_day=5.000, k x1.00)
[DCSystemScheduler][RT] ocean_skip#4 tick=5 reason=policy_gated slices=0 elapsed=0.000 progress=0.000 source=day_changed
[perf-record] exported rows=5 cols=1009 → F:/Developent/Godot/Project.Keynes/tmp/perf_record_20260727_001526.csv
[headless-perf/result] label=headless days=5 speed=50.000 seed=20260718 map=60x40 population_scale=0 saved_setup=false generation_ms=10170.7 run_ms=186.0 barrier_pulses=14 ledger_failures=0 fatal=false rows=5 expected_rows=5 path=F:/Developent/Godot/Project.Keynes/tmp/perf_record_20260727_001526.csv
ERROR: 12 RID allocations of type 'PN13RendererDummy14TextureStorage12DummyTextureE' were leaked at exit.
WARNING: ObjectDB instances leaked at exit (run with --verbose for details).
   at: cleanup (core/object/object.cpp:2641)
ERROR: 96 resources still in use at exit (run with --verbose for details).
   at: clear (core/io/resource.cpp:810)
