Godot Engine v4.6.2.stable.official.71f334935 - https://godotengine.org

[native_generation/base] path=gdext algorithm=post_base_priority_flood_hydrology_v3 n=2400 native_ms=11.291 water=976 land=1424
[native_generation/post_base] path=gdext algorithm=post_base_priority_flood_hydrology_v3 n=2400 native_ms=1.391 lakes=62 rivers=38 volcanoes=2
[native_generation/qa] single_water=1 tiny<=3=1 small<=5=1 bodies=4 largest=928 | land_below_sea=0.0% | terr_distinct=23 entropy=3.778bit | river_ratio=1.583%
MapGenerator v7: per-cell 111ms (2400 cells, path=gdext_base)
MapBaker v6: hm=(1024, 606) seed=20260718
    [fused] terrain=1216.6ms erosion=5.6ms(ok=true) river=9.2ms(ok=true) latitude=0.3ms coast_sdf=10.1ms(ok=true)
  geometry fields (fused C++): 1372ms
  physical circulation hex solve: deferred until DCWorldExt bind (ext=true idx=true soa=false)
  wind/ocean pixel buffers: skipped (ocean_current_visual off)
WARNING: [DCWorldExt] encode_cell_luts: not bound - fallback to GDScript
   at: push_warning (core/variant/variant_utility.cpp:1034)
   GDScript backtrace (most recent call first):
       [0] bake_cell_luts (res://scripts/rendering/map_baker.gd:4927)
       [1] bake_world (res://scripts/rendering/map_baker.gd:966)
       [2] generate (res://scripts/geography/map_generator.gd:1291)
       [3] generate_world (res://scripts/game/world_runtime_host.gd:160)
       [4] _run (res://tests/headless_perf_record.gd:104)
       [5] _init (res://tests/headless_perf_record.gd:24)
  encode: 3102ms
MapBaker v6: total 4474ms
MapGenerator v7: bake 4532ms
MapGenerator: skip _compute_ocean_currents (physical-hex path writes per-cell directly)
MapGenerator: skip _compute_terrain_perturbed_wind (physical-hex solver writes per-cell)
[SUS] sim budget strict=false frame=8.00ms warn=2.00ms slice=0.75ms upload=1.50ms scheduler=DCSystemScheduler native_sus=auto
[DCWorldExt] bind_map_data: 140 components bound (auto-registered=140; snapshot model; see world_ext.cpp comment & charter Â§11)
[DataCore] _data_core_world_ext bound=true (climate co-processor; class=DCWorldExt)
[native_world] configure rc=0 reason=configured cells=2400
[native_generation] path=gdext n=2400 published=9 native_ms=0.169 compute_ms=0.106 flush_ms=0.062
[hex_cell] facade ENABLED (2400 cells bound; ext=true)
[DataCore] _baker climate_profile injected=true (fixes WorldData.config==null sea_ice prepare path)
[phys_solve][oneshot] OK slp=1.40ms wind=0.61ms psi=0.41ms(ran=true) upwelling=0.09ms total=3.05ms
PhysicalCirculation solve@phase=1.50 total=3ms (C++ one-shot run_physical_solve_pass)
  wind/ocean pixel buffers: skipped (ocean_current_visual off)
[physical_init] deferred native refresh complete: 3ms
[weather] gdext acceleration ON (class=DCWorldExt)
[weather] gdext field commit ON
[weather] gdext distribute ON
[weather] gdext summary ON
[weather] hexcell facade ON (skip AoS double-write in hot loop)
[weather] gdext resident knobs ON (class=KnobsHandle)
[economy] ACTIVE native graph cells=2400 goods=120 cohorts=5721 epoch_days=5 trade=ACTIVE topology_ready=true topology_generation=1
[country] ACTIVE native authority countries=1 cells=2400 generation=1
[economy/test-bootstrap] scale_mode=resource_tiered populated_cells=1162 population=3141170 cohorts=5721 professions=7/33 building_groups=10479 building_types=14/261 capacity_buildings=41894->13633 trimmed=28261 population_range=0..12031 cap=150000 goods=120 tiers={ "tens": 291, "hundreds": 290, "thousands": 291, "ten_thousands": 290 } construction_regions=2/3 skipped=1
[weather/knobs] resident KnobsHandle path ACTIVE — first to_*_knobs_dict hit (field_rebuild_count=1 expected ≤1; stable Hz target ≤1 Hz)
[native_daily] ACTIVE: registered native_daily_sim + natural_resource_daily; retained season_refresh + ocean_currents boundary jobs
[DCSystemScheduler] topology: ["season_refresh", "natural_resource_daily", "enum_atlas_upload", "ocean_currents", "native_daily_sim", "dynamic_visual_atlas_upload", "country_daily", "economy_daily"]
[perf-record] start (start_tick=0)
[season_refresh] b_plus_start path=gdext handle=1 season=0 n_cells=2400
[ocean_currents][RT] skip#1 tick=1 reason=physical_policy_gated phys_round=false visual_round=false phys_done=false pending_commit=false cursor=0/0 tps=4 streak=0 tick_mod=1
[DCSystemScheduler][RT] ocean_skip#1 tick=1 reason=policy_gated slices=0 elapsed=0.000 progress=0.000 source=day_changed
[dc/terrain_mirror_sync] reason=sus_tick_pre terrain_mis=559 isw_mis=0 terrain_written=true isw_written=false
[ocean_currents][RT] skip#2 tick=2 reason=physical_policy_gated phys_round=false visual_round=false phys_done=false pending_commit=false cursor=0/0 tps=4 streak=0 tick_mod=2
[DCSystemScheduler][RT] ocean_skip#2 tick=2 reason=policy_gated slices=0 elapsed=0.000 progress=0.000 source=day_changed
[ocean_currents][RT] skip#3 tick=3 reason=physical_policy_gated phys_round=false visual_round=false phys_done=false pending_commit=false cursor=0/0 tps=4 streak=0 tick_mod=3
[DCSystemScheduler][RT] ocean_skip#3 tick=3 reason=policy_gated slices=0 elapsed=0.000 progress=0.000 source=day_changed
[ocean_currents][RT] phys_round_start#1 tick=4 phase=0.0438 physical=true wind_period=6 ocean_period=60 slice_count=16 tps=4 max_slices=1 run_ocean=true need_visual=false phase_int=0 phase_seen=0 total_pixels=620544 visual_active=false
[phys_solve][RT] start#1 phase=0.0438 pending=nan solve_ocean=true ext=true idx=true soa=true
[slp_field] path-decision call#1: prof=true pflag_attr=true pflag_val=true ext=true method=true idx=true -> cpp_gate=true
[slp_field] commit-diag call#1: rc=0.099 slp_out=2400 n_cells=2400 map_slp=2400 published=false
[slp_field][RT-DIAG] call#1 phase=0.0438 rc=0.099 slp_out=2400 n=2400 published=false -> commit_ok
[ocean_currents][RT] phys_slice#1 tick=4 round=1 stage=phys_none->phys_slp done=false run_ocean=true need_visual=false elapsed=0.428 ocean_delta_p95=0.000000 wind_delta_p95=0.000000 slp_delta_p95=0.000000 psi_path=gdscript
[natural_resource/slow-dump] tick=5 day=5 wall=2.13 cpp=0.795 compute=0.773 loop=0.462 flush=0.188 wrapper=1.320 layout=cell_range_fused_seq_dt dispatches=0 resources=13/31 skipped_static=18 published=true total_delta=-91835675.97428
[DCSystemScheduler][RT] ocean_skip#4 tick=5 reason=frame_budget_exhausted slices=0 elapsed=0.000 progress=0.000 source=day_changed
[ocean_currents][daily_wind] #1 tick=6 stage=both ran=true path=gdext_daily_wind elapsed=1.433 slp=0.418 wind=0.571 passA=0.215 passB=0.061 norm=0.106 marshall=0.036 dominant=daily_wind_wind/0.571 delta=0.562378 reason=
[sea_ice/dt] call#1 dt_days=1.000 (last_pass_day=6.000, k x1.00)
[ocean_currents][RT] skip#4 tick=7 reason=physical_policy_gated phys_round=true visual_round=false phys_done=false pending_commit=false cursor=0/620544 tps=4 streak=0 tick_mod=3
[DCSystemScheduler][RT] ocean_skip#5 tick=7 reason=policy_gated slices=0 elapsed=0.000 progress=0.000 source=day_changed
[slp_field] path-decision call#2: prof=true pflag_attr=true pflag_val=true ext=true method=true idx=true -> cpp_gate=true
[slp_field] commit-diag call#2: rc=0.131 slp_out=2400 n_cells=2400 map_slp=2400 published=false
[slp_field][RT-DIAG] call#2 phase=0.0438 rc=0.131 slp_out=2400 n=2400 published=false -> commit_ok
[ocean_currents/STAGE-DIAG] init tick=8 round=1 stage=1/phys_slp path=gdext next=phys_slp elapsed_ms=0.57 slp_native=0.42 psi_native=-1.00 wind_dp95=0.562378 ocean_dp95=0.000000 slp_dp95=0.000000 phys_done=false need_visual=false
[ocean_currents][RT] phys_slice#2 tick=8 round=1 stage=phys_slp->phys_slp done=false run_ocean=true need_visual=false elapsed=0.567 ocean_delta_p95=0.000000 wind_delta_p95=0.562378 slp_delta_p95=0.000000 psi_path=gdscript
[ocean_currents][RT] skip#5 tick=9 reason=physical_policy_gated phys_round=true visual_round=false phys_done=false pending_commit=false cursor=0/620544 tps=4 streak=0 tick_mod=1
[DCSystemScheduler][RT] ocean_skip#6 tick=9 reason=policy_gated slices=0 elapsed=0.000 progress=0.000 source=day_changed
[ocean_currents][RT] skip#6 tick=10 reason=physical_policy_gated phys_round=true visual_round=false phys_done=false pending_commit=false cursor=0/620544 tps=4 streak=0 tick_mod=2
[DCSystemScheduler][RT] ocean_skip#7 tick=10 reason=policy_gated slices=0 elapsed=0.000 progress=0.000 source=day_changed
[ocean_currents][RT] skip#7 tick=11 reason=physical_policy_gated phys_round=true visual_round=false phys_done=false pending_commit=false cursor=0/620544 tps=4 streak=0 tick_mod=3
[DCSystemScheduler][RT] ocean_skip#8 tick=11 reason=policy_gated slices=0 elapsed=0.000 progress=0.000 source=day_changed
[ocean_currents][daily_wind] #2 tick=12 stage=wind ran=true path=gdext_daily_wind_wind elapsed=0.706 slp=-1.000 wind=0.577 passA=-1.000 passB=-1.000 norm=-1.000 marshall=-1.000 dominant=daily_wind_wind/0.577 delta=0.551675 reason=
[slp_field] path-decision call#3: prof=true pflag_attr=true pflag_val=true ext=true method=true idx=true -> cpp_gate=true
[slp_field] commit-diag call#3: rc=0.103 slp_out=2400 n_cells=2400 map_slp=2400 published=false
[slp_field][RT-DIAG] call#3 phase=0.0438 rc=0.103 slp_out=2400 n=2400 published=false -> commit_ok
[ocean_currents/STAGE-DIAG] init tick=12 round=1 stage=1/phys_slp path=gdext next=phys_slp elapsed_ms=0.45 slp_native=0.42 psi_native=-1.00 wind_dp95=0.551675 ocean_dp95=0.000000 slp_dp95=0.000000 phys_done=false need_visual=false
[ocean_currents][RT] phys_slice#3 tick=12 round=1 stage=phys_slp->phys_slp done=false run_ocean=true need_visual=false elapsed=0.453 ocean_delta_p95=0.000000 wind_delta_p95=0.551675 slp_delta_p95=0.000000 psi_path=gdscript
[ocean_currents][RT] skip#8 tick=13 reason=physical_policy_gated phys_round=true visual_round=false phys_done=false pending_commit=false cursor=0/620544 tps=4 streak=0 tick_mod=1
[sea_ice/dt] call#1 dt_days=7.000 (last_pass_day=13.000, k x7.00)
[DCSystemScheduler][RT] ocean_skip#9 tick=13 reason=policy_gated slices=0 elapsed=0.000 progress=0.000 source=day_changed
[dc/terrain_mirror_sync] reason=sus_tick_pre terrain_mis=150 isw_mis=0 terrain_written=true isw_written=false
[ocean_currents][RT] skip#9 tick=14 reason=physical_policy_gated phys_round=true visual_round=false phys_done=false pending_commit=false cursor=0/620544 tps=4 streak=0 tick_mod=2
[DCSystemScheduler][RT] ocean_skip#10 tick=14 reason=policy_gated slices=0 elapsed=0.000 progress=0.000 source=day_changed
[ocean_currents][RT] skip#10 tick=15 reason=physical_policy_gated phys_round=true visual_round=false phys_done=false pending_commit=false cursor=0/620544 tps=4 streak=0 tick_mod=3
[DCSystemScheduler][RT] ocean_skip#11 tick=15 reason=policy_gated slices=0 elapsed=0.000 progress=0.000 source=day_changed
[slp_field][RT-DIAG] call#4 phase=0.0438 rc=0.070 slp_out=2400 n=2400 published=false -> commit_ok
[ocean_currents/STAGE-DIAG] init tick=16 round=1 stage=1/phys_slp path=gdext next=phys_slp elapsed_ms=0.21 slp_native=0.42 psi_native=-1.00 wind_dp95=0.551675 ocean_dp95=0.000000 slp_dp95=0.000000 phys_done=false need_visual=false
[ocean_currents][RT] phys_slice#4 tick=16 round=1 stage=phys_slp->phys_slp done=false run_ocean=true need_visual=false elapsed=0.214 ocean_delta_p95=0.000000 wind_delta_p95=0.551675 slp_delta_p95=0.000000 psi_path=gdscript
[ocean_currents][RT] skip#11 tick=17 reason=physical_policy_gated phys_round=true visual_round=false phys_done=false pending_commit=false cursor=0/620544 tps=4 streak=0 tick_mod=1
[DCSystemScheduler][RT] ocean_skip#12 tick=17 reason=policy_gated slices=0 elapsed=0.000 progress=0.000 source=day_changed
[ocean_currents][daily_wind] #3 tick=18 stage=slp ran=true path=gdext_daily_wind_slp elapsed=1.060 slp=0.528 wind=-1.000 passA=0.266 passB=0.108 norm=0.107 marshall=0.047 dominant=daily_wind_slp/0.528 delta=0.000000 reason=
[ocean_currents][RT] skip#12 tick=19 reason=physical_policy_gated phys_round=true visual_round=false phys_done=false pending_commit=false cursor=0/620544 tps=4 streak=0 tick_mod=3
[DCSystemScheduler][RT] ocean_skip#13 tick=19 reason=policy_gated slices=0 elapsed=0.000 progress=0.000 source=day_changed
[slp_field][RT-DIAG] call#5 phase=0.0438 rc=0.097 slp_out=2400 n=2400 published=false -> commit_ok
[ocean_currents][RT] phys_slice#5 tick=20 round=1 stage=phys_slp->phys_slp done=false run_ocean=true need_visual=false elapsed=0.270 ocean_delta_p95=0.000000 wind_delta_p95=0.551675 slp_delta_p95=0.000000 psi_path=gdscript
[ocean_currents][RT] skip#13 tick=21 reason=physical_policy_gated phys_round=true visual_round=false phys_done=false pending_commit=false cursor=0/620544 tps=4 streak=0 tick_mod=1
[DCSystemScheduler][RT] ocean_skip#14 tick=21 reason=policy_gated slices=0 elapsed=0.000 progress=0.000 source=day_changed
[ocean_currents][RT] skip#14 tick=22 reason=physical_policy_gated phys_round=true visual_round=false phys_done=false pending_commit=false cursor=0/620544 tps=4 streak=0 tick_mod=2
[DCSystemScheduler][RT] ocean_skip#15 tick=22 reason=policy_gated slices=0 elapsed=0.000 progress=0.000 source=day_changed
[ocean_currents][RT] skip#15 tick=23 reason=physical_policy_gated phys_round=true visual_round=false phys_done=false pending_commit=false cursor=0/620544 tps=4 streak=0 tick_mod=3
[sea_ice/dt] call#1 dt_days=10.000 (last_pass_day=23.000, k x10.00)
[DCSystemScheduler][RT] ocean_skip#16 tick=23 reason=policy_gated slices=0 elapsed=0.000 progress=0.000 source=day_changed
[dc/terrain_mirror_sync] reason=sus_tick_pre terrain_mis=55 isw_mis=0 terrain_written=true isw_written=false
[ocean_currents][daily_wind] #4 tick=24 stage=wind ran=true path=gdext_daily_wind_wind elapsed=0.839 slp=-1.000 wind=0.665 passA=-1.000 passB=-1.000 norm=-1.000 marshall=-1.000 dominant=daily_wind_wind/0.665 delta=0.629564 reason=
[ocean_currents][RT] phys_slice#6 tick=24 round=1 stage=phys_slp->phys_slp done=false run_ocean=true need_visual=false elapsed=0.222 ocean_delta_p95=0.000000 wind_delta_p95=0.629564 slp_delta_p95=0.000000 psi_path=gdscript
[ocean_currents][RT] skip#16 tick=25 reason=physical_policy_gated phys_round=true visual_round=false phys_done=false pending_commit=false cursor=0/620544 tps=4 streak=0 tick_mod=1
[DCSystemScheduler][RT] ocean_skip#17 tick=25 reason=policy_gated slices=0 elapsed=0.000 progress=0.000 source=day_changed
[ocean_currents][RT] skip#17 tick=26 reason=physical_policy_gated phys_round=true visual_round=false phys_done=false pending_commit=false cursor=0/620544 tps=4 streak=0 tick_mod=2
[DCSystemScheduler][RT] ocean_skip#18 tick=26 reason=policy_gated slices=0 elapsed=0.000 progress=0.000 source=day_changed
[ocean_currents][RT] skip#18 tick=27 reason=physical_policy_gated phys_round=true visual_round=false phys_done=false pending_commit=false cursor=0/620544 tps=4 streak=0 tick_mod=3
[DCSystemScheduler][RT] ocean_skip#19 tick=27 reason=policy_gated slices=0 elapsed=0.000 progress=0.000 source=day_changed
[ocean_currents][RT] phys_slice#7 tick=28 round=1 stage=phys_slp->phys_slp done=false run_ocean=true need_visual=false elapsed=0.191 ocean_delta_p95=0.000000 wind_delta_p95=0.629564 slp_delta_p95=0.000000 psi_path=gdscript
[ocean_currents][RT] skip#19 tick=29 reason=physical_policy_gated phys_round=true visual_round=false phys_done=false pending_commit=false cursor=0/620544 tps=4 streak=0 tick_mod=1
[DCSystemScheduler][RT] ocean_skip#20 tick=29 reason=policy_gated slices=0 elapsed=0.000 progress=0.000 source=day_changed
[ocean_currents][daily_wind] #5 tick=30 stage=slp ran=true path=gdext_daily_wind_slp elapsed=1.148 slp=0.631 wind=-1.000 passA=0.307 passB=0.168 norm=0.114 marshall=0.043 dominant=daily_wind_slp/0.631 delta=0.000000 reason=
[SUS-cpp] last 30 ticks: season_refresh ran=30 avg=0.1ms p95=0.08ms max=1.68ms slices=30
[SUS-cpp] last 30 ticks: natural_resource_daily ran=6 avg=2.41ms p95=9.13ms max=9.13ms slices=6 skipped[policy_gated=24]
[SUS-cpp] last 30 ticks: enum_atlas_upload ran=4 avg=0.46ms p95=0.92ms max=0.92ms slices=4 skipped[policy_gated=25,frame_budget_exhausted=1]
[SUS-cpp] last 30 ticks: ocean_currents ran=10 avg=1.48ms p95=2.34ms max=2.34ms slices=10 skipped[policy_gated=19,frame_budget_exhausted=1]
[SUS-cpp] last 30 ticks: native_daily_sim ran=29 avg=1.56ms p95=4.1ms max=5.36ms slices=29 skipped[frame_budget_exhausted=1]
[SUS-cpp] last 30 ticks: dynamic_visual_atlas_upload ran=8 avg=0.42ms p95=0.67ms max=0.67ms slices=8 skipped[policy_gated=21,frame_budget_exhausted=1]
[SUS-cpp] last 30 ticks: country_daily ran=0 avg=0.0ms p95=0.0ms max=0.0ms slices=0 skipped[policy_gated=29,frame_budget_exhausted=1]
[SUS-cpp] last 30 ticks: economy_daily ran=30 avg=3.9ms p95=5.27ms max=7.24ms slices=30
[SUS-cpp] budget last 30 ticks: total_p95=10.71ms max=12.96ms over_1ms=30 largest=natural_resource_daily/natural_resource_daily/ path=gdext 9.11ms
[SUS-cpp] world: bound=true entities=2400 components=139 pools=1
[ocean_currents][RT] skip#20 tick=31 reason=physical_policy_gated phys_round=true visual_round=false phys_done=false pending_commit=false cursor=0/620544 tps=4 streak=0 tick_mod=3
[DCSystemScheduler][RT] ocean_skip#21 tick=31 reason=policy_gated slices=0 elapsed=0.000 progress=0.000 source=day_changed
[slp_field] gdext path ACTIVE — first run elapsed=0.25ms (legacy GDScript baseline ~36ms; target < 3ms)
[slp_field/STAGE-TOTAL] call#3 wall=0.64ms native=0.25ms path=gdext commit_ok=true (call#1 wall pollution: ~15ms/print × 4 prints; trust call#4+ or wall>=5ms warn)
[ocean_currents][RT] phys_slice#8 tick=32 round=1 stage=phys_slp->phys_wind done=false run_ocean=true need_visual=false elapsed=0.713 ocean_delta_p95=0.000000 wind_delta_p95=0.629564 slp_delta_p95=0.041429 psi_path=gdscript
[ocean_currents][RT] skip#21 tick=33 reason=physical_policy_gated phys_round=true visual_round=false phys_done=false pending_commit=false cursor=0/620544 tps=4 streak=0 tick_mod=1
[sea_ice/dt] call#1 dt_days=10.000 (last_pass_day=33.000, k x10.00)
[DCSystemScheduler][RT] ocean_skip#22 tick=33 reason=policy_gated slices=0 elapsed=0.000 progress=0.000 source=day_changed
[dc/terrain_mirror_sync] reason=sus_tick_pre terrain_mis=50 isw_mis=0 terrain_written=true isw_written=false
[ocean_currents][RT] skip#22 tick=34 reason=physical_policy_gated phys_round=true visual_round=false phys_done=false pending_commit=false cursor=0/620544 tps=4 streak=0 tick_mod=2
[DCSystemScheduler][RT] ocean_skip#23 tick=34 reason=policy_gated slices=0 elapsed=0.000 progress=0.000 source=day_changed
[ocean_currents][RT] skip#23 tick=35 reason=physical_policy_gated phys_round=true visual_round=false phys_done=false pending_commit=false cursor=0/620544 tps=4 streak=0 tick_mod=3
[DCSystemScheduler][RT] ocean_skip#24 tick=35 reason=policy_gated slices=0 elapsed=0.000 progress=0.000 source=day_changed
[ocean_currents][daily_wind] #6 tick=36 stage=wind ran=true path=gdext_daily_wind_wind elapsed=0.762 slp=-1.000 wind=0.623 passA=-1.000 passB=-1.000 norm=-1.000 marshall=-1.000 dominant=daily_wind_wind/0.623 delta=0.606831 reason=
[ocean_currents/STAGE-DIAG] init tick=36 round=1 stage=2/phys_wind path=gdext next=phys_psi_init elapsed_ms=0.02 slp_native=0.25 psi_native=-1.00 wind_dp95=0.606831 ocean_dp95=0.000000 slp_dp95=0.041429 phys_done=false need_visual=false
[ocean_currents][RT] phys_slice#9 tick=36 round=1 stage=phys_wind->phys_psi_init done=false run_ocean=true need_visual=false elapsed=0.023 ocean_delta_p95=0.000000 wind_delta_p95=0.606831 slp_delta_p95=0.041429 psi_path=gdscript
[ocean_currents][RT] skip#24 tick=37 reason=physical_policy_gated phys_round=true visual_round=false phys_done=false pending_commit=false cursor=0/620544 tps=4 streak=0 tick_mod=1
[DCSystemScheduler][RT] ocean_skip#25 tick=37 reason=policy_gated slices=0 elapsed=0.000 progress=0.000 source=day_changed
[ocean_currents][RT] skip#25 tick=38 reason=physical_policy_gated phys_round=true visual_round=false phys_done=false pending_commit=false cursor=0/620544 tps=4 streak=0 tick_mod=2
[DCSystemScheduler][RT] ocean_skip#26 tick=38 reason=policy_gated slices=0 elapsed=0.000 progress=0.000 source=day_changed
[ocean_currents][RT] skip#26 tick=39 reason=physical_policy_gated phys_round=true visual_round=false phys_done=false pending_commit=false cursor=0/620544 tps=4 streak=0 tick_mod=3
[DCSystemScheduler][RT] ocean_skip#27 tick=39 reason=policy_gated slices=0 elapsed=0.000 progress=0.000 source=day_changed
[psi_solver] path-decision call#1: prof=true pflag_attr=true pflag_val=true ext=true method=true idx=true heat=true -> cpp_gate=true
[psi_solver/BREAKDOWN] call#1 STAGE=0.44ms T1_prepack=0.01ms T2_knobs=0.01ms T3_call=0.40ms (kernel=0.28ms gdext_overhead=0.12ms) T4_writeback=0.01ms (n_psi=2400 published=true has_debug=true)
[psi_solver] gdext path ACTIVE — first run elapsed=0.28ms (legacy GDScript stage3+4+5 baseline ~32+ms; target < 5ms)
[psi_solver] commit-diag call#1: rc=0.277 n_water=674 n_cells=2400 published=true
[ocean_currents/STAGE-DIAG] init tick=40 round=1 stage=3/phys_psi_init path=gdext next=phys_upwelling elapsed_ms=0.77 slp_native=0.25 psi_native=0.28 wind_dp95=0.606831 ocean_dp95=0.159756 slp_dp95=0.041429 phys_done=false need_visual=false
[ocean_currents][RT] phys_slice#10 tick=40 round=1 stage=phys_psi_init->phys_upwelling done=false run_ocean=true need_visual=false elapsed=0.772 ocean_delta_p95=0.159756 wind_delta_p95=0.606831 slp_delta_p95=0.041429 psi_path=gdext
[ocean_currents][RT] skip#27 tick=41 reason=physical_policy_gated phys_round=true visual_round=false phys_done=false pending_commit=false cursor=0/620544 tps=4 streak=0 tick_mod=1
[DCSystemScheduler][RT] ocean_skip#28 tick=41 reason=policy_gated slices=0 elapsed=0.000 progress=0.000 source=day_changed
[ocean_currents][daily_wind] #7 tick=42 stage=slp ran=true path=gdext_daily_wind_slp elapsed=0.831 slp=0.390 wind=-1.000 passA=0.193 passB=0.047 norm=0.130 marshall=0.020 dominant=daily_wind_slp/0.390 delta=0.000000 reason=
[ocean_currents][RT] skip#28 tick=43 reason=physical_policy_gated phys_round=true visual_round=false phys_done=false pending_commit=false cursor=0/620544 tps=4 streak=0 tick_mod=3
[sea_ice/dt] call#1 dt_days=10.000 (last_pass_day=43.000, k x10.00)
[DCSystemScheduler][RT] ocean_skip#29 tick=43 reason=policy_gated slices=0 elapsed=0.000 progress=0.000 source=day_changed
[dc/terrain_mirror_sync] reason=sus_tick_pre terrain_mis=14 isw_mis=0 terrain_written=true isw_written=false
[upwelling/DIAG#1] gate: prof=true pflag_attr=true pflag_val=true ext=true method=true wind_cpp=true idx=true -> cpp_gate=true
[upwelling/DIAG#1] cpp-call: ret_type=27 fallback=false reason='' elapsed_native_ms=0.014
[upwelling/DIAG#1] BREAKDOWN: T1_nb_pack=0.00ms T2_knobs=0.01ms T3_refresh_slots=0.18ms T4_cpp_call=0.03ms (n=2400)
[ocean_currents/STAGE-DIAG] init tick=44 round=1 stage=6/phys_upwelling path=physical_circulation next=phys_upwelling elapsed_ms=0.45 slp_native=0.39 psi_native=0.28 wind_dp95=0.606831 ocean_dp95=0.159756 slp_dp95=0.032572 phys_done=false need_visual=false
[ocean_currents][RT] phys_slice#11 tick=44 round=1 stage=phys_upwelling->phys_upwelling done=false run_ocean=true need_visual=false elapsed=0.445 ocean_delta_p95=0.159756 wind_delta_p95=0.606831 slp_delta_p95=0.032572 psi_path=gdext
[ocean_currents][RT] skip#29 tick=45 reason=physical_policy_gated phys_round=true visual_round=false phys_done=false pending_commit=false cursor=0/620544 tps=4 streak=0 tick_mod=1
[DCSystemScheduler][RT] ocean_skip#30 tick=45 reason=policy_gated slices=0 elapsed=0.000 progress=0.000 source=day_changed
[ocean_currents][RT] skip#30 tick=46 reason=physical_policy_gated phys_round=true visual_round=false phys_done=false pending_commit=false cursor=0/620544 tps=4 streak=0 tick_mod=2
[DCSystemScheduler][RT] ocean_skip#31 tick=46 reason=policy_gated slices=0 elapsed=0.000 progress=0.000 source=day_changed
[ocean_currents][RT] skip#31 tick=47 reason=physical_policy_gated phys_round=true visual_round=false phys_done=false pending_commit=false cursor=0/620544 tps=4 streak=0 tick_mod=3
[DCSystemScheduler][RT] ocean_skip#32 tick=47 reason=policy_gated slices=0 elapsed=0.000 progress=0.000 source=day_changed
[ocean_currents][daily_wind] #8 tick=48 stage=wind ran=true path=gdext_daily_wind_wind elapsed=0.826 slp=-1.000 wind=0.670 passA=-1.000 passB=-1.000 norm=-1.000 marshall=-1.000 dominant=daily_wind_wind/0.670 delta=0.561718 reason=
[ocean_currents/STAGE-DIAG] init tick=48 round=1 stage=6/phys_upwelling path=physical_circulation next=phys_upwelling elapsed_ms=0.31 slp_native=0.39 psi_native=0.28 wind_dp95=0.561718 ocean_dp95=0.159756 slp_dp95=0.032572 phys_done=false need_visual=false
[ocean_currents][RT] phys_slice#12 tick=48 round=1 stage=phys_upwelling->phys_upwelling done=false run_ocean=true need_visual=false elapsed=0.308 ocean_delta_p95=0.159756 wind_delta_p95=0.561718 slp_delta_p95=0.032572 psi_path=gdext
[ocean_currents][RT] skip#32 tick=49 reason=physical_policy_gated phys_round=true visual_round=false phys_done=false pending_commit=false cursor=0/620544 tps=4 streak=0 tick_mod=1
[DCSystemScheduler][RT] ocean_skip#33 tick=49 reason=policy_gated slices=0 elapsed=0.000 progress=0.000 source=day_changed
[DCSystemScheduler][RT] ocean_skip#34 tick=50 reason=policy_gated slices=0 elapsed=0.000 progress=0.000 source=day_changed
[DCSystemScheduler][RT] ocean_skip#35 tick=51 reason=policy_gated slices=0 elapsed=0.000 progress=0.000 source=day_changed
[ocean_currents/STAGE-DIAG] init tick=52 round=1 stage=6/phys_upwelling path=physical_circulation next=phys_upwelling elapsed_ms=0.35 slp_native=0.39 psi_native=0.28 wind_dp95=0.561718 ocean_dp95=0.159756 slp_dp95=0.032572 phys_done=false need_visual=false
[ocean_currents][RT] phys_slice#13 tick=52 round=1 stage=phys_upwelling->phys_upwelling done=false run_ocean=true need_visual=false elapsed=0.350 ocean_delta_p95=0.159756 wind_delta_p95=0.561718 slp_delta_p95=0.032572 psi_path=gdext
[sea_ice/dt] call#1 dt_days=10.000 (last_pass_day=53.000, k x10.00)
[DCSystemScheduler][RT] ocean_skip#36 tick=53 reason=policy_gated slices=0 elapsed=0.000 progress=0.000 source=day_changed
[dc/terrain_mirror_sync] reason=sus_tick_pre terrain_mis=9 isw_mis=0 terrain_written=true isw_written=false
[ocean_currents][daily_wind] #9 tick=54 stage=slp ran=true path=gdext_daily_wind_slp elapsed=0.975 slp=0.475 wind=-1.000 passA=0.254 passB=0.058 norm=0.124 marshall=0.040 dominant=daily_wind_slp/0.475 delta=0.000000 reason=
[DCSystemScheduler][RT] ocean_skip#37 tick=55 reason=policy_gated slices=0 elapsed=0.000 progress=0.000 source=day_changed
[ocean_currents][RT] phys_slice#14 tick=56 round=1 stage=phys_upwelling->phys_upwelling done=false run_ocean=true need_visual=false elapsed=0.396 ocean_delta_p95=0.159756 wind_delta_p95=0.561718 slp_delta_p95=0.070361 psi_path=gdext
[DCSystemScheduler][RT] ocean_skip#38 tick=57 reason=policy_gated slices=0 elapsed=0.000 progress=0.000 source=day_changed
[DCSystemScheduler][RT] ocean_skip#39 tick=58 reason=policy_gated slices=0 elapsed=0.000 progress=0.000 source=day_changed
[DCSystemScheduler][RT] ocean_skip#40 tick=59 reason=policy_gated slices=0 elapsed=0.000 progress=0.000 source=day_changed
[ocean_currents][daily_wind] #10 tick=60 stage=wind ran=true path=gdext_daily_wind_wind elapsed=0.797 slp=-1.000 wind=0.647 passA=-1.000 passB=-1.000 norm=-1.000 marshall=-1.000 dominant=daily_wind_wind/0.647 delta=0.568929 reason=
[ocean_currents][RT] phys_slice#15 tick=60 round=1 stage=phys_upwelling->phys_upwelling done=false run_ocean=true need_visual=false elapsed=0.340 ocean_delta_p95=0.159756 wind_delta_p95=0.568929 slp_delta_p95=0.070361 psi_path=gdext
[SUS-cpp] last 30 ticks: season_refresh ran=30 avg=0.07ms p95=0.14ms max=0.21ms slices=30
[SUS-cpp] last 30 ticks: natural_resource_daily ran=6 avg=1.29ms p95=1.43ms max=1.43ms slices=6 skipped[policy_gated=24]
[SUS-cpp] last 30 ticks: enum_atlas_upload ran=4 avg=1.24ms p95=1.33ms max=1.33ms slices=4 skipped[policy_gated=26]
[SUS-cpp] last 30 ticks: ocean_currents ran=10 avg=1.45ms p95=2.09ms max=2.09ms slices=10 skipped[policy_gated=20]
[SUS-cpp] last 30 ticks: native_daily_sim ran=30 avg=1.91ms p95=4.51ms max=5.06ms slices=30
[SUS-cpp] last 30 ticks: dynamic_visual_atlas_upload ran=8 avg=0.52ms p95=0.9ms max=0.9ms slices=8 skipped[policy_gated=22]
[SUS-cpp] last 30 ticks: country_daily ran=0 avg=0.0ms p95=0.0ms max=0.0ms slices=0 skipped[policy_gated=30]
[SUS-cpp] last 30 ticks: economy_daily ran=30 avg=4.51ms p95=7.14ms max=7.42ms slices=30
[SUS-cpp] budget last 60 ticks: total_p95=10.71ms max=12.96ms over_1ms=60 largest=natural_resource_daily/natural_resource_daily/ path=gdext 9.11ms
[SUS-cpp] world: bound=true entities=2400 components=139 pools=1
[DCSystemScheduler][RT] ocean_skip#41 tick=61 reason=policy_gated slices=0 elapsed=0.000 progress=0.000 source=day_changed
[DCSystemScheduler][RT] ocean_skip#42 tick=62 reason=policy_gated slices=0 elapsed=0.000 progress=0.000 source=day_changed
[sea_ice/dt] call#1 dt_days=10.000 (last_pass_day=63.000, k x10.00)
[DCSystemScheduler][RT] ocean_skip#43 tick=63 reason=policy_gated slices=0 elapsed=0.000 progress=0.000 source=day_changed
[dc/terrain_mirror_sync] reason=sus_tick_pre terrain_mis=9 isw_mis=0 terrain_written=true isw_written=false
[ocean_currents][RT] phys_slice#16 tick=64 round=1 stage=phys_upwelling->phys_upwelling done=false run_ocean=true need_visual=false elapsed=0.225 ocean_delta_p95=0.159756 wind_delta_p95=0.568929 slp_delta_p95=0.070361 psi_path=gdext
[DCSystemScheduler][RT] ocean_skip#44 tick=65 reason=policy_gated slices=0 elapsed=0.000 progress=0.000 source=day_changed
[ocean_currents][daily_wind] #11 tick=66 stage=slp ran=true path=gdext_daily_wind_slp elapsed=0.839 slp=0.422 wind=-1.000 passA=0.214 passB=0.061 norm=0.125 marshall=0.022 dominant=daily_wind_slp/0.422 delta=0.000000 reason=
[DCSystemScheduler][RT] ocean_skip#45 tick=67 reason=policy_gated slices=0 elapsed=0.000 progress=0.000 source=day_changed
[ocean_currents][RT] phys_slice#17 tick=68 round=1 stage=phys_upwelling->phys_upwelling done=false run_ocean=true need_visual=false elapsed=0.243 ocean_delta_p95=0.159756 wind_delta_p95=0.568929 slp_delta_p95=0.043156 psi_path=gdext
[DCSystemScheduler][RT] ocean_skip#46 tick=69 reason=policy_gated slices=0 elapsed=0.000 progress=0.000 source=day_changed
[DCSystemScheduler][RT] ocean_skip#47 tick=70 reason=policy_gated slices=0 elapsed=0.000 progress=0.000 source=day_changed
[DCSystemScheduler][RT] ocean_skip#48 tick=71 reason=policy_gated slices=0 elapsed=0.000 progress=0.000 source=day_changed
[ocean_currents][daily_wind] #12 tick=72 stage=wind ran=true path=gdext_daily_wind_wind elapsed=0.829 slp=-1.000 wind=0.658 passA=-1.000 passB=-1.000 norm=-1.000 marshall=-1.000 dominant=daily_wind_wind/0.658 delta=0.554964 reason=
[ocean_currents][RT] phys_slice#18 tick=72 round=1 stage=phys_upwelling->phys_done done=true run_ocean=true need_visual=false elapsed=0.300 ocean_delta_p95=0.159756 wind_delta_p95=0.554964 slp_delta_p95=0.043156 psi_path=gdext
[sea_ice/dt] call#1 dt_days=10.000 (last_pass_day=73.000, k x10.00)
[DCSystemScheduler][RT] ocean_skip#49 tick=73 reason=policy_gated slices=0 elapsed=0.000 progress=0.000 source=day_changed
[dc/terrain_mirror_sync] reason=sus_tick_pre terrain_mis=5 isw_mis=0 terrain_written=true isw_written=false
[DCSystemScheduler][RT] ocean_skip#50 tick=74 reason=policy_gated slices=0 elapsed=0.000 progress=0.000 source=day_changed
[DCSystemScheduler][RT] ocean_skip#51 tick=75 reason=policy_gated slices=0 elapsed=0.000 progress=0.000 source=day_changed
[ocean_currents][RT] phys_round_start#2 tick=76 phase=0.8329 physical=true wind_period=6 ocean_period=60 slice_count=16 tps=4 max_slices=1 run_ocean=false need_visual=false phase_int=0 phase_seen=0 total_pixels=620544 visual_active=false
[phys_solve][RT] start#2 phase=0.8329 pending=nan solve_ocean=false ext=true idx=true soa=true
[ocean_currents][RT] phys_slice#19 tick=76 round=2 stage=phys_none->phys_slp done=false run_ocean=false need_visual=false elapsed=0.238 ocean_delta_p95=0.000000 wind_delta_p95=0.000000 slp_delta_p95=0.000000 psi_path=gdscript
[DCSystemScheduler][RT] ocean_skip#52 tick=77 reason=policy_gated slices=0 elapsed=0.000 progress=0.000 source=day_changed
[ocean_currents][daily_wind] #13 tick=78 stage=slp ran=true path=gdext_daily_wind_slp elapsed=0.923 slp=0.477 wind=-1.000 passA=0.267 passB=0.076 norm=0.111 marshall=0.023 dominant=daily_wind_slp/0.477 delta=0.000000 reason=
[DCSystemScheduler][RT] ocean_skip#53 tick=79 reason=policy_gated slices=0 elapsed=0.000 progress=0.000 source=day_changed
[natural_resource/slow-dump] tick=80 day=80 wall=2.90 cpp=1.503 compute=1.457 loop=0.735 flush=0.445 wrapper=1.342 layout=cell_range_fused_seq_dt dispatches=0 resources=13/31 skipped_static=18 published=true total_delta=-84873462.77387
[ocean_currents][RT] phys_slice#20 tick=80 round=2 stage=phys_slp->phys_slp done=false run_ocean=false need_visual=false elapsed=0.355 ocean_delta_p95=0.000000 wind_delta_p95=0.000000 slp_delta_p95=0.000000 psi_path=gdscript
[DCSystemScheduler][RT] ocean_skip#54 tick=81 reason=policy_gated slices=0 elapsed=0.000 progress=0.000 source=day_changed
[DCSystemScheduler][RT] ocean_skip#55 tick=82 reason=policy_gated slices=0 elapsed=0.000 progress=0.000 source=day_changed
[sea_ice/dt] call#1 dt_days=10.000 (last_pass_day=83.000, k x10.00)
[DCSystemScheduler][RT] ocean_skip#56 tick=83 reason=policy_gated slices=0 elapsed=0.000 progress=0.000 source=day_changed
[dc/terrain_mirror_sync] reason=sus_tick_pre terrain_mis=10 isw_mis=0 terrain_written=true isw_written=false
[ocean_currents][daily_wind] #14 tick=84 stage=wind ran=true path=gdext_daily_wind_wind elapsed=0.799 slp=-1.000 wind=0.652 passA=-1.000 passB=-1.000 norm=-1.000 marshall=-1.000 dominant=daily_wind_wind/0.652 delta=0.553168 reason=
[ocean_currents][RT] phys_slice#21 tick=84 round=2 stage=phys_slp->phys_slp done=false run_ocean=false need_visual=false elapsed=0.210 ocean_delta_p95=0.000000 wind_delta_p95=0.553168 slp_delta_p95=0.000000 psi_path=gdscript
[DCSystemScheduler][RT] ocean_skip#57 tick=85 reason=policy_gated slices=0 elapsed=0.000 progress=0.000 source=day_changed
[DCSystemScheduler][RT] ocean_skip#58 tick=86 reason=policy_gated slices=0 elapsed=0.000 progress=0.000 source=day_changed
[DCSystemScheduler][RT] ocean_skip#59 tick=87 reason=policy_gated slices=0 elapsed=0.000 progress=0.000 source=day_changed
[ocean_currents][RT] phys_slice#22 tick=88 round=2 stage=phys_slp->phys_slp done=false run_ocean=false need_visual=false elapsed=0.170 ocean_delta_p95=0.000000 wind_delta_p95=0.553168 slp_delta_p95=0.000000 psi_path=gdscript
[DCSystemScheduler][RT] ocean_skip#60 tick=89 reason=policy_gated slices=0 elapsed=0.000 progress=0.000 source=day_changed
[ocean_currents][daily_wind] #15 tick=90 stage=slp ran=true path=gdext_daily_wind_slp elapsed=0.798 slp=0.412 wind=-1.000 passA=0.198 passB=0.102 norm=0.094 marshall=0.019 dominant=daily_wind_slp/0.412 delta=0.000000 reason=
[SUS-cpp] last 30 ticks: season_refresh ran=30 avg=0.05ms p95=0.08ms max=0.09ms slices=30
[SUS-cpp] last 30 ticks: natural_resource_daily ran=6 avg=1.45ms p95=3.12ms max=3.12ms slices=6 skipped[policy_gated=24]
[SUS-cpp] last 30 ticks: enum_atlas_upload ran=3 avg=0.62ms p95=1.06ms max=1.06ms slices=3 skipped[policy_gated=27]
[SUS-cpp] last 30 ticks: ocean_currents ran=10 avg=1.25ms p95=1.99ms max=1.99ms slices=10 skipped[policy_gated=20]
[SUS-cpp] last 30 ticks: native_daily_sim ran=30 avg=1.37ms p95=2.58ms max=3.03ms slices=30
[SUS-cpp] last 30 ticks: dynamic_visual_atlas_upload ran=7 avg=0.42ms p95=0.53ms max=0.53ms slices=7 skipped[policy_gated=23]
[SUS-cpp] last 30 ticks: country_daily ran=0 avg=0.0ms p95=0.0ms max=0.0ms slices=0 skipped[policy_gated=30]
[SUS-cpp] last 30 ticks: economy_daily ran=30 avg=3.95ms p95=5.52ms max=5.89ms slices=30
[SUS-cpp] budget last 90 ticks: total_p95=10.71ms max=12.96ms over_1ms=90 largest=natural_resource_daily/natural_resource_daily/ path=gdext 9.11ms
[SUS-cpp] world: bound=true entities=2400 components=139 pools=1
[DCSystemScheduler][RT] ocean_skip#61 tick=91 reason=policy_gated slices=0 elapsed=0.000 progress=0.000 source=day_changed
[ocean_currents][RT] phys_slice#23 tick=92 round=2 stage=phys_slp->phys_slp done=false run_ocean=false need_visual=false elapsed=0.160 ocean_delta_p95=0.000000 wind_delta_p95=0.553168 slp_delta_p95=0.000000 psi_path=gdscript
[sea_ice/dt] call#1 dt_days=10.000 (last_pass_day=93.000, k x10.00)
[DCSystemScheduler][RT] ocean_skip#62 tick=93 reason=policy_gated slices=0 elapsed=0.000 progress=0.000 source=day_changed
[dc/terrain_mirror_sync] reason=sus_tick_pre terrain_mis=44 isw_mis=0 terrain_written=true isw_written=false
[DCSystemScheduler][RT] ocean_skip#63 tick=94 reason=policy_gated slices=0 elapsed=0.000 progress=0.000 source=day_changed
[DCSystemScheduler][RT] ocean_skip#64 tick=95 reason=policy_gated slices=0 elapsed=0.000 progress=0.000 source=day_changed
[ocean_currents][daily_wind] #16 tick=96 stage=wind ran=true path=gdext_daily_wind_wind elapsed=0.771 slp=-1.000 wind=0.641 passA=-1.000 passB=-1.000 norm=-1.000 marshall=-1.000 dominant=daily_wind_wind/0.641 delta=0.553651 reason=
[ocean_currents][RT] phys_slice#24 tick=96 round=2 stage=phys_slp->phys_slp done=false run_ocean=false need_visual=false elapsed=0.248 ocean_delta_p95=0.000000 wind_delta_p95=0.553651 slp_delta_p95=0.000000 psi_path=gdscript
[ocean_currents][daily_wind] #17 tick=102 stage=slp ran=true path=gdext_daily_wind_slp elapsed=0.789 slp=0.387 wind=-1.000 passA=0.211 passB=0.051 norm=0.102 marshall=0.023 dominant=daily_wind_slp/0.387 delta=0.000000 reason=
[sea_ice/dt] call#1 dt_days=10.000 (last_pass_day=103.000, k x10.00)
[dc/terrain_mirror_sync] reason=sus_tick_pre terrain_mis=75 isw_mis=0 terrain_written=true isw_written=false
[slp_field/STAGE-TOTAL] call#3 wall=0.70ms native=0.36ms path=gdext commit_ok=true (call#1 wall pollution: ~15ms/print × 4 prints; trust call#4+ or wall>=5ms warn)
[ocean_currents][daily_wind] #18 tick=108 stage=wind ran=true path=gdext_daily_wind_wind elapsed=0.740 slp=-1.000 wind=0.613 passA=-1.000 passB=-1.000 norm=-1.000 marshall=-1.000 dominant=daily_wind_wind/0.613 delta=0.593998 reason=
[ocean_currents/STAGE-DIAG] init tick=108 round=2 stage=2/phys_wind path=gdext next=phys_psi_init elapsed_ms=0.03 slp_native=0.36 psi_native=-1.00 wind_dp95=0.593998 ocean_dp95=0.000000 slp_dp95=0.069705 phys_done=false need_visual=false
[psi_solver] path-decision call#2: prof=true pflag_attr=true pflag_val=true ext=true method=true idx=true heat=true -> cpp_gate=true
[psi_solver/BREAKDOWN] call#2 STAGE=0.77ms T1_prepack=0.01ms T2_knobs=0.02ms T3_call=0.65ms (kernel=0.49ms gdext_overhead=0.16ms) T4_writeback=0.03ms (n_psi=2400 published=true has_debug=true)
[psi_solver] commit-diag call#2: rc=0.485 n_water=552 n_cells=2400 published=true
[ocean_currents/STAGE-DIAG] init tick=112 round=2 stage=3/phys_psi_init path=gdext next=phys_upwelling elapsed_ms=1.18 slp_native=0.36 psi_native=0.49 wind_dp95=0.593998 ocean_dp95=0.114311 slp_dp95=0.069705 phys_done=false need_visual=false
[sea_ice/dt] call#1 dt_days=10.000 (last_pass_day=113.000, k x10.00)
[dc/terrain_mirror_sync] reason=sus_tick_pre terrain_mis=91 isw_mis=0 terrain_written=true isw_written=false
[ocean_currents][daily_wind] #19 tick=114 stage=slp ran=true path=gdext_daily_wind_slp elapsed=1.093 slp=0.602 wind=-1.000 passA=0.350 passB=0.104 norm=0.110 marshall=0.039 dominant=daily_wind_slp/0.602 delta=0.000000 reason=
[ocean_currents][daily_wind] #20 tick=120 stage=wind ran=true path=gdext_daily_wind_wind elapsed=0.658 slp=-1.000 wind=0.580 passA=-1.000 passB=-1.000 norm=-1.000 marshall=-1.000 dominant=daily_wind_wind/0.580 delta=0.559480 reason=
[SUS-cpp] last 30 ticks: season_refresh ran=30 avg=0.05ms p95=0.07ms max=0.07ms slices=30
[SUS-cpp] last 30 ticks: natural_resource_daily ran=6 avg=1.12ms p95=1.36ms max=1.36ms slices=6 skipped[policy_gated=24]
[SUS-cpp] last 30 ticks: enum_atlas_upload ran=4 avg=0.61ms p95=0.96ms max=0.96ms slices=4 skipped[policy_gated=26]
[SUS-cpp] last 30 ticks: ocean_currents ran=10 avg=1.44ms p95=3.32ms max=3.32ms slices=10 skipped[policy_gated=20]
[SUS-cpp] last 30 ticks: native_daily_sim ran=30 avg=1.43ms p95=2.79ms max=3.32ms slices=30
[SUS-cpp] last 30 ticks: dynamic_visual_atlas_upload ran=8 avg=0.36ms p95=0.49ms max=0.49ms slices=8 skipped[policy_gated=22]
[SUS-cpp] last 30 ticks: country_daily ran=0 avg=0.0ms p95=0.0ms max=0.0ms slices=0 skipped[policy_gated=30]
[SUS-cpp] last 30 ticks: economy_daily ran=30 avg=3.78ms p95=6.47ms max=6.89ms slices=30
[SUS-cpp] budget last 120 ticks: total_p95=10.09ms max=12.96ms over_1ms=120 largest=natural_resource_daily/natural_resource_daily/ path=gdext 9.11ms
[SUS-cpp] world: bound=true entities=2400 components=139 pools=1
[sea_ice/dt] call#1 dt_days=10.000 (last_pass_day=123.000, k x10.00)
[ocean_currents][daily_wind] #21 tick=126 stage=slp ran=true path=gdext_daily_wind_slp elapsed=0.920 slp=0.442 wind=-1.000 passA=0.234 passB=0.058 norm=0.129 marshall=0.021 dominant=daily_wind_slp/0.442 delta=0.000000 reason=
[ocean_currents][daily_wind] #22 tick=132 stage=wind ran=true path=gdext_daily_wind_wind elapsed=0.813 slp=-1.000 wind=0.639 passA=-1.000 passB=-1.000 norm=-1.000 marshall=-1.000 dominant=daily_wind_wind/0.639 delta=0.598237 reason=
[sea_ice/dt] call#1 dt_days=10.000 (last_pass_day=133.000, k x10.00)
[ocean_currents][daily_wind] #23 tick=138 stage=slp ran=true path=gdext_daily_wind_slp elapsed=0.813 slp=0.438 wind=-1.000 passA=0.185 passB=0.123 norm=0.109 marshall=0.021 dominant=daily_wind_slp/0.438 delta=0.000000 reason=
[sea_ice/dt] call#1 dt_days=10.000 (last_pass_day=143.000, k x10.00)
[ocean_currents][daily_wind] #24 tick=144 stage=wind ran=true path=gdext_daily_wind_wind elapsed=0.728 slp=-1.000 wind=0.620 passA=-1.000 passB=-1.000 norm=-1.000 marshall=-1.000 dominant=daily_wind_wind/0.620 delta=0.611455 reason=
[phys_solve][RT] start#3 phase=1.6219 pending=nan solve_ocean=false ext=true idx=true soa=true
[SUS-cpp] last 30 ticks: season_refresh ran=30 avg=0.05ms p95=0.07ms max=0.09ms slices=30
[SUS-cpp] last 30 ticks: natural_resource_daily ran=6 avg=1.28ms p95=1.43ms max=1.43ms slices=6 skipped[policy_gated=24]
[SUS-cpp] last 30 ticks: enum_atlas_upload ran=4 avg=1.17ms p95=1.32ms max=1.32ms slices=4 skipped[policy_gated=26]
[SUS-cpp] last 30 ticks: ocean_currents ran=10 avg=1.86ms p95=7.9ms max=7.9ms slices=10 skipped[policy_gated=20]
[SUS-cpp] last 30 ticks: native_daily_sim ran=30 avg=1.41ms p95=2.74ms max=3.33ms slices=30
[SUS-cpp] last 30 ticks: dynamic_visual_atlas_upload ran=7 avg=0.51ms p95=1.29ms max=1.29ms slices=7 skipped[policy_gated=22,frame_budget_exhausted=1]
[SUS-cpp] last 30 ticks: country_daily ran=0 avg=0.0ms p95=0.0ms max=0.0ms slices=0 skipped[policy_gated=29,frame_budget_exhausted=1]
[SUS-cpp] last 30 ticks: economy_daily ran=30 avg=4.32ms p95=6.2ms max=8.46ms slices=30
[SUS-cpp] budget last 150 ticks: total_p95=10.09ms max=12.96ms over_1ms=150 largest=natural_resource_daily/natural_resource_daily/ path=gdext 9.11ms
[SUS-cpp] world: bound=true entities=2400 components=139 pools=1
[sea_ice/dt] call#1 dt_days=10.000 (last_pass_day=153.000, k x10.00)
[natural_resource/slow-dump] tick=160 day=160 wall=1.58 cpp=0.992 compute=0.955 loop=0.513 flush=0.186 wrapper=0.552 layout=cell_range_fused_seq_dt dispatches=0 resources=13/31 skipped_static=18 published=true total_delta=-79736482.96711
[sea_ice/dt] call#1 dt_days=10.000 (last_pass_day=163.000, k x10.00)
[sea_ice/dt] call#1 dt_days=10.000 (last_pass_day=173.000, k x10.00)
[slp_field/STAGE-TOTAL] call#3 wall=0.89ms native=0.41ms path=gdext commit_ok=true (call#1 wall pollution: ~15ms/print × 4 prints; trust call#4+ or wall>=5ms warn)
[ocean_currents/STAGE-DIAG] init tick=180 round=3 stage=2/phys_wind path=gdext next=phys_psi_init elapsed_ms=0.01 slp_native=0.41 psi_native=-1.00 wind_dp95=0.556751 ocean_dp95=0.000000 slp_dp95=0.029033 phys_done=false need_visual=false
[SUS-cpp] last 30 ticks: season_refresh ran=30 avg=0.05ms p95=0.09ms max=0.09ms slices=30
[SUS-cpp] last 30 ticks: natural_resource_daily ran=6 avg=1.48ms p95=2.63ms max=2.63ms slices=6 skipped[policy_gated=24]
[SUS-cpp] last 30 ticks: enum_atlas_upload ran=4 avg=0.89ms p95=1.29ms max=1.29ms slices=4 skipped[policy_gated=26]
[SUS-cpp] last 30 ticks: ocean_currents ran=10 avg=1.27ms p95=2.28ms max=2.28ms slices=10 skipped[policy_gated=20]
[SUS-cpp] last 30 ticks: native_daily_sim ran=30 avg=1.45ms p95=2.6ms max=5.26ms slices=30
[SUS-cpp] last 30 ticks: dynamic_visual_atlas_upload ran=8 avg=0.39ms p95=0.47ms max=0.47ms slices=8 skipped[policy_gated=22]
[SUS-cpp] last 30 ticks: country_daily ran=0 avg=0.0ms p95=0.0ms max=0.0ms slices=0 skipped[policy_gated=30]
[SUS-cpp] last 30 ticks: economy_daily ran=30 avg=3.63ms p95=4.66ms max=4.66ms slices=30
[SUS-cpp] budget last 180 ticks: total_p95=9.91ms max=12.96ms over_1ms=180 largest=natural_resource_daily/natural_resource_daily/ path=gdext 9.11ms
[SUS-cpp] world: bound=true entities=2400 components=139 pools=1
[sea_ice/dt] call#1 dt_days=10.000 (last_pass_day=183.000, k x10.00)
[psi_solver] path-decision call#3: prof=true pflag_attr=true pflag_val=true ext=true method=true idx=true heat=true -> cpp_gate=true
[psi_solver/BREAKDOWN] call#3 STAGE=0.39ms T1_prepack=0.01ms T2_knobs=0.02ms T3_call=0.35ms (kernel=0.25ms gdext_overhead=0.11ms) T4_writeback=0.01ms (n_psi=2400 published=true has_debug=true)
[psi_solver] commit-diag call#3: rc=0.245 n_water=649 n_cells=2400 published=true
[ocean_currents/STAGE-DIAG] init tick=184 round=3 stage=3/phys_psi_init path=gdext next=phys_upwelling elapsed_ms=0.67 slp_native=0.41 psi_native=0.25 wind_dp95=0.556751 ocean_dp95=0.207730 slp_dp95=0.029033 phys_done=false need_visual=false
[sea_ice/dt] call#1 dt_days=10.000 (last_pass_day=193.000, k x10.00)
[perf-record] exported rows=200 cols=1225 → F:/Developent/Godot/Project.Keynes/tmp/perf_record_20260727_021019.csv
[headless-perf/result] label=living_cost_cache_incremental_200d days=200 speed=50.000 seed=20260718 map=60x40 population_scale=0 saved_setup=false generation_ms=12664.2 run_ms=9651.2 barrier_pulses=643 ledger_failures=0 fatal=false rows=200 expected_rows=200 path=F:/Developent/Godot/Project.Keynes/tmp/perf_record_20260727_021019.csv
ERROR: 12 RID allocations of type 'PN13RendererDummy14TextureStorage12DummyTextureE' were leaked at exit.
WARNING: ObjectDB instances leaked at exit (run with --verbose for details).
   at: cleanup (core/object/object.cpp:2641)
ERROR: 96 resources still in use at exit (run with --verbose for details).
   at: clear (core/io/resource.cpp:810)
