Godot Engine v4.6.2.stable.official.71f334935 - https://godotengine.org

[native_generation/base] path=gdext algorithm=post_base_priority_flood_hydrology_v3 n=6400 native_ms=45.355 water=2109 land=4291
[native_generation/post_base] path=gdext algorithm=post_base_priority_flood_hydrology_v3 n=6400 native_ms=5.497 lakes=524 rivers=272 volcanoes=7
[native_generation/qa] single_water=0 tiny<=3=0 small<=5=0 bodies=6 largest=853 | land_below_sea=0.0% | terr_distinct=25 entropy=4.025bit | river_ratio=4.250%
MapGenerator v7: per-cell 350ms (6400 cells, path=gdext_base)
MapBaker v6: hm=(1024, 578) seed=19991123
    [fused] terrain=1404.0ms erosion=4.6ms(ok=true) river=17.2ms(ok=true) latitude=0.3ms coast_sdf=8.7ms(ok=true)
  geometry fields (fused C++): 1572ms
  physical circulation hex solve: deferred until DCWorldExt bind (ext=true idx=true soa=false)
  wind/ocean pixel buffers: skipped (ocean_current_visual off)
WARNING: [DCWorldExt] encode_cell_luts: not bound - fallback to GDScript
   at: push_warning (core/variant/variant_utility.cpp:1034)
   GDScript backtrace (most recent call first):
       [0] bake_cell_luts (res://scripts/rendering/map_baker.gd:4927)
       [1] bake_world (res://scripts/rendering/map_baker.gd:966)
       [2] generate (res://scripts/geography/map_generator.gd:1291)
       [3] generate_world (res://scripts/game/world_runtime_host.gd:160)
       [4] _run (res://tests/headless_perf_record.gd:82)
       [5] _init (res://tests/headless_perf_record.gd:24)
  encode: 3764ms
MapBaker v6: total 5336ms
MapGenerator v7: bake 5513ms
MapGenerator: skip _compute_ocean_currents (physical-hex path writes per-cell directly)
MapGenerator: skip _compute_terrain_perturbed_wind (physical-hex solver writes per-cell)
[SUS] sim budget strict=false frame=8.00ms warn=2.00ms slice=0.75ms upload=1.50ms scheduler=DCSystemScheduler native_sus=auto
[DCWorldExt] bind_map_data: 140 components bound (auto-registered=140; snapshot model; see world_ext.cpp comment & charter Â§11)
[DataCore] _data_core_world_ext bound=true (climate co-processor; class=DCWorldExt)
[native_world] configure rc=0 reason=configured cells=6400
[native_generation] path=gdext n=6400 published=9 native_ms=0.338 compute_ms=0.248 flush_ms=0.089
[hex_cell] facade ENABLED (6400 cells bound; ext=true)
[DataCore] _baker climate_profile injected=true (fixes WorldData.config==null sea_ice prepare path)
[phys_solve][oneshot] OK slp=2.48ms wind=1.46ms psi=0.75ms(ran=true) upwelling=0.11ms total=6.14ms
PhysicalCirculation solve@phase=1.50 total=7ms (C++ one-shot run_physical_solve_pass)
  wind/ocean pixel buffers: skipped (ocean_current_visual off)
[physical_init] deferred native refresh complete: 7ms
[weather] gdext acceleration ON (class=DCWorldExt)
[weather] gdext field commit ON
[weather] gdext distribute ON
[weather] gdext summary ON
[weather] hexcell facade ON (skip AoS double-write in hot loop)
[weather] gdext resident knobs ON (class=KnobsHandle)
[economy] ACTIVE native graph cells=6400 goods=120 cohorts=12991 epoch_days=5 trade=ACTIVE topology_ready=true topology_generation=1
[country] ACTIVE native authority countries=1 cells=6400 generation=1
[economy/test-bootstrap] scale_mode=resource_tiered populated_cells=2694 population=7306777 cohorts=12991 professions=7/33 building_groups=24180 building_types=14/261 capacity_buildings=113090->33522 trimmed=79568 population_range=0..12031 cap=150000 goods=120 tiers={ "tens": 674, "hundreds": 673, "thousands": 674, "ten_thousands": 673 } construction_regions=3/4 skipped=1
[weather/knobs] resident KnobsHandle path ACTIVE — first to_*_knobs_dict hit (field_rebuild_count=1 expected ≤1; stable Hz target ≤1 Hz)
[native_daily] ACTIVE: registered native_daily_sim + natural_resource_daily; retained season_refresh + ocean_currents boundary jobs
[DCSystemScheduler] topology: ["season_refresh", "natural_resource_daily", "enum_atlas_upload", "ocean_currents", "native_daily_sim", "dynamic_visual_atlas_upload", "country_daily", "economy_daily"]
[perf-record] start (start_tick=0)
[season_refresh] b_plus_start path=gdext handle=1 season=0 n_cells=6400
[ocean_currents][RT] skip#1 tick=1 reason=physical_policy_gated phys_round=false visual_round=false phys_done=false pending_commit=false cursor=0/0 tps=4 streak=0 tick_mod=1
[native_daily/slow-dump] tick=1 day=1 sample=1 commit=-1 age=0/10 over=false state=active stage=climate_pass_a/climate_pass_a_struct node=climate_pass_a/climate_pass_a_struct cursor=0-1 cells=-1--1/0 done=false progress=0.05 wall=7.66 shell=7.84 shell_gap=0.18 bundle=0.65 jit=0.00 keys=[] native_call=6.93 cpp=6.82 compute=0.00 refresh=0.19 flush=0.00 apply=0.08 round=6.82 weather=0.00 prebuilt=false path=gdext_native_daily_slice
[DCSystemScheduler][RT] ocean_skip#1 tick=1 reason=policy_gated slices=0 elapsed=0.000 progress=0.000 source=day_changed
[dc/terrain_mirror_sync] reason=sus_tick_pre terrain_mis=1906 isw_mis=0 terrain_written=true isw_written=false
[ocean_currents][RT] skip#2 tick=2 reason=physical_policy_gated phys_round=false visual_round=false phys_done=false pending_commit=false cursor=0/0 tps=4 streak=0 tick_mod=2
[DCSystemScheduler][RT] ocean_skip#2 tick=2 reason=policy_gated slices=0 elapsed=0.000 progress=0.000 source=day_changed
[dc/terrain_mirror_sync] reason=sus_tick_pre terrain_mis=1374 isw_mis=0 terrain_written=true isw_written=false
[ocean_currents][RT] skip#3 tick=3 reason=physical_policy_gated phys_round=false visual_round=false phys_done=false pending_commit=false cursor=0/0 tps=4 streak=0 tick_mod=3
[DCSystemScheduler][RT] ocean_skip#3 tick=3 reason=policy_gated slices=0 elapsed=0.000 progress=0.000 source=day_changed
[dc/terrain_mirror_sync] reason=sus_tick_pre terrain_mis=426 isw_mis=0 terrain_written=true isw_written=false
[ocean_currents][RT] phys_round_start#1 tick=4 phase=0.0438 physical=true wind_period=6 ocean_period=60 slice_count=16 tps=4 max_slices=1 run_ocean=true need_visual=false phase_int=0 phase_seen=0 total_pixels=591872 visual_active=false
[phys_solve][RT] start#1 phase=0.0438 pending=nan solve_ocean=true ext=true idx=true soa=true
[slp_field] path-decision call#1: prof=true pflag_attr=true pflag_val=true ext=true method=true idx=true -> cpp_gate=true
[slp_field] commit-diag call#1: rc=0.209 slp_out=6400 n_cells=6400 map_slp=6400 published=false
[slp_field][RT-DIAG] call#1 phase=0.0438 rc=0.209 slp_out=6400 n=6400 published=false -> commit_ok
[ocean_currents][RT] phys_slice#1 tick=4 round=1 stage=phys_none->phys_slp done=false run_ocean=true need_visual=false elapsed=0.577 ocean_delta_p95=0.000000 wind_delta_p95=0.000000 slp_delta_p95=0.000000 psi_path=gdscript
[natural_resource/slow-dump] tick=5 day=5 wall=5.33 cpp=3.267 compute=3.243 loop=1.696 flush=0.402 wrapper=2.021 layout=cell_range_fused_seq_dt dispatches=0 resources=13/31 skipped_static=18 published=true total_delta=-71689222.00132
[ocean_currents][RT] skip#4 tick=5 reason=physical_policy_gated phys_round=true visual_round=false phys_done=false pending_commit=false cursor=0/591872 tps=4 streak=0 tick_mod=1
[sea_ice/dt] call#1 dt_days=1.000 (last_pass_day=5.000, k x1.00)
[DCSystemScheduler][RT] ocean_skip#4 tick=5 reason=policy_gated slices=0 elapsed=0.000 progress=0.000 source=day_changed
[ocean_currents][daily_wind] #1 tick=6 stage=both ran=true path=gdext_daily_wind elapsed=2.915 slp=0.776 wind=1.051 passA=0.270 passB=0.107 norm=0.341 marshall=0.058 dominant=daily_wind_wind/1.051 delta=0.570148 reason=
[ocean_currents][RT] skip#5 tick=7 reason=physical_policy_gated phys_round=true visual_round=false phys_done=false pending_commit=false cursor=0/591872 tps=4 streak=0 tick_mod=3
[DCSystemScheduler][RT] ocean_skip#5 tick=7 reason=policy_gated slices=0 elapsed=0.000 progress=0.000 source=day_changed
[slp_field] path-decision call#2: prof=true pflag_attr=true pflag_val=true ext=true method=true idx=true -> cpp_gate=true
[slp_field] commit-diag call#2: rc=0.175 slp_out=6400 n_cells=6400 map_slp=6400 published=false
[slp_field][RT-DIAG] call#2 phase=0.0438 rc=0.175 slp_out=6400 n=6400 published=false -> commit_ok
[ocean_currents/STAGE-DIAG] init tick=8 round=1 stage=1/phys_slp path=gdext next=phys_slp elapsed_ms=0.88 slp_native=0.78 psi_native=-1.00 wind_dp95=0.570148 ocean_dp95=0.000000 slp_dp95=0.000000 phys_done=false need_visual=false
[ocean_currents][RT] phys_slice#2 tick=8 round=1 stage=phys_slp->phys_slp done=false run_ocean=true need_visual=false elapsed=0.878 ocean_delta_p95=0.000000 wind_delta_p95=0.570148 slp_delta_p95=0.000000 psi_path=gdscript
[ocean_currents][RT] skip#6 tick=9 reason=physical_policy_gated phys_round=true visual_round=false phys_done=false pending_commit=false cursor=0/591872 tps=4 streak=0 tick_mod=1
[DCSystemScheduler][RT] ocean_skip#6 tick=9 reason=policy_gated slices=0 elapsed=0.000 progress=0.000 source=day_changed
[ocean_currents][RT] skip#7 tick=10 reason=physical_policy_gated phys_round=true visual_round=false phys_done=false pending_commit=false cursor=0/591872 tps=4 streak=0 tick_mod=2
[DCSystemScheduler][RT] ocean_skip#7 tick=10 reason=policy_gated slices=0 elapsed=0.000 progress=0.000 source=day_changed
[ocean_currents][RT] skip#8 tick=11 reason=physical_policy_gated phys_round=true visual_round=false phys_done=false pending_commit=false cursor=0/591872 tps=4 streak=0 tick_mod=3
[DCSystemScheduler][RT] ocean_skip#8 tick=11 reason=policy_gated slices=0 elapsed=0.000 progress=0.000 source=day_changed
[ocean_currents][daily_wind] #2 tick=12 stage=wind ran=true path=gdext_daily_wind_wind elapsed=1.084 slp=-1.000 wind=0.929 passA=-1.000 passB=-1.000 norm=-1.000 marshall=-1.000 dominant=daily_wind_wind/0.929 delta=0.552953 reason=
[slp_field] path-decision call#3: prof=true pflag_attr=true pflag_val=true ext=true method=true idx=true -> cpp_gate=true
[slp_field] commit-diag call#3: rc=0.141 slp_out=6400 n_cells=6400 map_slp=6400 published=false
[slp_field][RT-DIAG] call#3 phase=0.0438 rc=0.141 slp_out=6400 n=6400 published=false -> commit_ok
[ocean_currents/STAGE-DIAG] init tick=12 round=1 stage=1/phys_slp path=gdext next=phys_slp elapsed_ms=0.54 slp_native=0.78 psi_native=-1.00 wind_dp95=0.552953 ocean_dp95=0.000000 slp_dp95=0.000000 phys_done=false need_visual=false
[ocean_currents][RT] phys_slice#3 tick=12 round=1 stage=phys_slp->phys_slp done=false run_ocean=true need_visual=false elapsed=0.542 ocean_delta_p95=0.000000 wind_delta_p95=0.552953 slp_delta_p95=0.000000 psi_path=gdscript
[ocean_currents][RT] skip#9 tick=13 reason=physical_policy_gated phys_round=true visual_round=false phys_done=false pending_commit=false cursor=0/591872 tps=4 streak=0 tick_mod=1
[sea_ice/dt] call#1 dt_days=8.000 (last_pass_day=13.000, k x8.00)
[DCSystemScheduler][RT] ocean_skip#9 tick=13 reason=policy_gated slices=0 elapsed=0.000 progress=0.000 source=day_changed
[dc/terrain_mirror_sync] reason=sus_tick_pre terrain_mis=337 isw_mis=0 terrain_written=true isw_written=false
[ocean_currents][RT] skip#10 tick=14 reason=physical_policy_gated phys_round=true visual_round=false phys_done=false pending_commit=false cursor=0/591872 tps=4 streak=0 tick_mod=2
[DCSystemScheduler][RT] ocean_skip#10 tick=14 reason=policy_gated slices=0 elapsed=0.000 progress=0.000 source=day_changed
[ocean_currents][RT] skip#11 tick=15 reason=physical_policy_gated phys_round=true visual_round=false phys_done=false pending_commit=false cursor=0/591872 tps=4 streak=0 tick_mod=3
[DCSystemScheduler][RT] ocean_skip#11 tick=15 reason=policy_gated slices=0 elapsed=0.000 progress=0.000 source=day_changed
[slp_field][RT-DIAG] call#4 phase=0.0438 rc=0.171 slp_out=6400 n=6400 published=false -> commit_ok
[ocean_currents/STAGE-DIAG] init tick=16 round=1 stage=1/phys_slp path=gdext next=phys_slp elapsed_ms=0.41 slp_native=0.78 psi_native=-1.00 wind_dp95=0.552953 ocean_dp95=0.000000 slp_dp95=0.000000 phys_done=false need_visual=false
[ocean_currents][RT] phys_slice#4 tick=16 round=1 stage=phys_slp->phys_slp done=false run_ocean=true need_visual=false elapsed=0.408 ocean_delta_p95=0.000000 wind_delta_p95=0.552953 slp_delta_p95=0.000000 psi_path=gdscript
[ocean_currents][RT] skip#12 tick=17 reason=physical_policy_gated phys_round=true visual_round=false phys_done=false pending_commit=false cursor=0/591872 tps=4 streak=0 tick_mod=1
[DCSystemScheduler][RT] ocean_skip#12 tick=17 reason=policy_gated slices=0 elapsed=0.000 progress=0.000 source=day_changed
[ocean_currents][daily_wind] #3 tick=18 stage=slp ran=true path=gdext_daily_wind_slp elapsed=1.595 slp=0.658 wind=-1.000 passA=0.257 passB=0.079 norm=0.284 marshall=0.038 dominant=daily_wind_slp/0.658 delta=0.000000 reason=
[ocean_currents][RT] skip#13 tick=19 reason=physical_policy_gated phys_round=true visual_round=false phys_done=false pending_commit=false cursor=0/591872 tps=4 streak=0 tick_mod=3
[DCSystemScheduler][RT] ocean_skip#13 tick=19 reason=policy_gated slices=0 elapsed=0.000 progress=0.000 source=day_changed
[slp_field][RT-DIAG] call#5 phase=0.0438 rc=0.170 slp_out=6400 n=6400 published=false -> commit_ok
[ocean_currents][RT] phys_slice#5 tick=20 round=1 stage=phys_slp->phys_slp done=false run_ocean=true need_visual=false elapsed=0.414 ocean_delta_p95=0.000000 wind_delta_p95=0.552953 slp_delta_p95=0.000000 psi_path=gdscript
[ocean_currents][RT] skip#14 tick=21 reason=physical_policy_gated phys_round=true visual_round=false phys_done=false pending_commit=false cursor=0/591872 tps=4 streak=0 tick_mod=1
[DCSystemScheduler][RT] ocean_skip#14 tick=21 reason=policy_gated slices=0 elapsed=0.000 progress=0.000 source=day_changed
[ocean_currents][RT] skip#15 tick=22 reason=physical_policy_gated phys_round=true visual_round=false phys_done=false pending_commit=false cursor=0/591872 tps=4 streak=0 tick_mod=2
[DCSystemScheduler][RT] ocean_skip#15 tick=22 reason=policy_gated slices=0 elapsed=0.000 progress=0.000 source=day_changed
[ocean_currents][RT] skip#16 tick=23 reason=physical_policy_gated phys_round=true visual_round=false phys_done=false pending_commit=false cursor=0/591872 tps=4 streak=0 tick_mod=3
[sea_ice/dt] call#1 dt_days=10.000 (last_pass_day=23.000, k x10.00)
[DCSystemScheduler][RT] ocean_skip#16 tick=23 reason=policy_gated slices=0 elapsed=0.000 progress=0.000 source=day_changed
[dc/terrain_mirror_sync] reason=sus_tick_pre terrain_mis=190 isw_mis=0 terrain_written=true isw_written=false
[ocean_currents][daily_wind] #4 tick=24 stage=wind ran=true path=gdext_daily_wind_wind elapsed=1.588 slp=-1.000 wind=1.404 passA=-1.000 passB=-1.000 norm=-1.000 marshall=-1.000 dominant=daily_wind_wind/1.404 delta=0.594132 reason=
[ocean_currents][RT] phys_slice#6 tick=24 round=1 stage=phys_slp->phys_slp done=false run_ocean=true need_visual=false elapsed=0.292 ocean_delta_p95=0.000000 wind_delta_p95=0.594132 slp_delta_p95=0.000000 psi_path=gdscript
[ocean_currents][RT] skip#17 tick=25 reason=physical_policy_gated phys_round=true visual_round=false phys_done=false pending_commit=false cursor=0/591872 tps=4 streak=0 tick_mod=1
[DCSystemScheduler][RT] ocean_skip#17 tick=25 reason=policy_gated slices=0 elapsed=0.000 progress=0.000 source=day_changed
[ocean_currents][RT] skip#18 tick=26 reason=physical_policy_gated phys_round=true visual_round=false phys_done=false pending_commit=false cursor=0/591872 tps=4 streak=0 tick_mod=2
[DCSystemScheduler][RT] ocean_skip#18 tick=26 reason=policy_gated slices=0 elapsed=0.000 progress=0.000 source=day_changed
[ocean_currents][RT] skip#19 tick=27 reason=physical_policy_gated phys_round=true visual_round=false phys_done=false pending_commit=false cursor=0/591872 tps=4 streak=0 tick_mod=3
[DCSystemScheduler][RT] ocean_skip#19 tick=27 reason=policy_gated slices=0 elapsed=0.000 progress=0.000 source=day_changed
[ocean_currents][RT] phys_slice#7 tick=28 round=1 stage=phys_slp->phys_slp done=false run_ocean=true need_visual=false elapsed=0.270 ocean_delta_p95=0.000000 wind_delta_p95=0.594132 slp_delta_p95=0.000000 psi_path=gdscript
[ocean_currents][RT] skip#20 tick=29 reason=physical_policy_gated phys_round=true visual_round=false phys_done=false pending_commit=false cursor=0/591872 tps=4 streak=0 tick_mod=1
[DCSystemScheduler][RT] ocean_skip#20 tick=29 reason=policy_gated slices=0 elapsed=0.000 progress=0.000 source=day_changed
[ocean_currents][daily_wind] #5 tick=30 stage=slp ran=true path=gdext_daily_wind_slp elapsed=1.879 slp=0.853 wind=-1.000 passA=0.333 passB=0.135 norm=0.326 marshall=0.060 dominant=daily_wind_slp/0.853 delta=0.000000 reason=
[SUS-cpp] last 30 ticks: season_refresh ran=30 avg=0.17ms p95=0.82ms max=2.07ms slices=30
[SUS-cpp] last 30 ticks: natural_resource_daily ran=6 avg=3.02ms p95=5.51ms max=5.51ms slices=6 skipped[policy_gated=24]
[SUS-cpp] last 30 ticks: enum_atlas_upload ran=4 avg=0.57ms p95=1.25ms max=1.25ms slices=4 skipped[policy_gated=26]
[SUS-cpp] last 30 ticks: ocean_currents ran=10 avg=2.0ms p95=3.65ms max=3.65ms slices=10 skipped[policy_gated=20]
[SUS-cpp] last 30 ticks: native_daily_sim ran=29 avg=2.68ms p95=6.24ms max=8.01ms slices=29 skipped[policy_gated=1]
[SUS-cpp] last 30 ticks: dynamic_visual_atlas_upload ran=8 avg=1.12ms p95=2.01ms max=2.01ms slices=8 skipped[frame_budget_exhausted=2,policy_gated=20]
[SUS-cpp] last 30 ticks: country_daily ran=0 avg=0.0ms p95=0.0ms max=0.0ms slices=0 skipped[frame_budget_exhausted=2,policy_gated=28]
[SUS-cpp] last 30 ticks: economy_daily ran=30 avg=13.71ms p95=17.0ms max=19.51ms slices=30
[SUS-cpp] budget last 30 ticks: total_p95=23.63ms max=29.59ms over_1ms=30 largest=economy_daily/building_plan/evaluate path=ECONOMY_GRAPH 19.49ms
[SUS-cpp] world: bound=true entities=6400 components=139 pools=1
[ocean_currents][RT] skip#21 tick=31 reason=physical_policy_gated phys_round=true visual_round=false phys_done=false pending_commit=false cursor=0/591872 tps=4 streak=0 tick_mod=3
[DCSystemScheduler][RT] ocean_skip#21 tick=31 reason=policy_gated slices=0 elapsed=0.000 progress=0.000 source=day_changed
[slp_field] gdext path ACTIVE — first run elapsed=0.64ms (legacy GDScript baseline ~36ms; target < 3ms)
[slp_field/STAGE-TOTAL] call#3 wall=1.61ms native=0.64ms path=gdext commit_ok=true (call#1 wall pollution: ~15ms/print × 4 prints; trust call#4+ or wall>=5ms warn)
[ocean_currents][RT] phys_slice#8 tick=32 round=1 stage=phys_slp->phys_wind done=false run_ocean=true need_visual=false elapsed=1.714 ocean_delta_p95=0.000000 wind_delta_p95=0.594132 slp_delta_p95=0.113867 psi_path=gdscript
[ocean_currents][RT] skip#22 tick=33 reason=physical_policy_gated phys_round=true visual_round=false phys_done=false pending_commit=false cursor=0/591872 tps=4 streak=0 tick_mod=1
[sea_ice/dt] call#1 dt_days=10.000 (last_pass_day=33.000, k x10.00)
[DCSystemScheduler][RT] ocean_skip#22 tick=33 reason=policy_gated slices=0 elapsed=0.000 progress=0.000 source=day_changed
[dc/terrain_mirror_sync] reason=sus_tick_pre terrain_mis=40 isw_mis=0 terrain_written=true isw_written=false
[ocean_currents][RT] skip#23 tick=34 reason=physical_policy_gated phys_round=true visual_round=false phys_done=false pending_commit=false cursor=0/591872 tps=4 streak=0 tick_mod=2
[DCSystemScheduler][RT] ocean_skip#23 tick=34 reason=policy_gated slices=0 elapsed=0.000 progress=0.000 source=day_changed
[ocean_currents][RT] skip#24 tick=35 reason=physical_policy_gated phys_round=true visual_round=false phys_done=false pending_commit=false cursor=0/591872 tps=4 streak=0 tick_mod=3
[DCSystemScheduler][RT] ocean_skip#24 tick=35 reason=policy_gated slices=0 elapsed=0.000 progress=0.000 source=day_changed
[ocean_currents][daily_wind] #6 tick=36 stage=wind ran=true path=gdext_daily_wind_wind elapsed=1.726 slp=-1.000 wind=1.532 passA=-1.000 passB=-1.000 norm=-1.000 marshall=-1.000 dominant=daily_wind_wind/1.532 delta=0.603925 reason=
[ocean_currents/STAGE-DIAG] init tick=36 round=1 stage=2/phys_wind path=gdext next=phys_psi_init elapsed_ms=0.03 slp_native=0.64 psi_native=-1.00 wind_dp95=0.603925 ocean_dp95=0.000000 slp_dp95=0.113867 phys_done=false need_visual=false
[ocean_currents][RT] phys_slice#9 tick=36 round=1 stage=phys_wind->phys_psi_init done=false run_ocean=true need_visual=false elapsed=0.029 ocean_delta_p95=0.000000 wind_delta_p95=0.603925 slp_delta_p95=0.113867 psi_path=gdscript
[ocean_currents][RT] skip#25 tick=37 reason=physical_policy_gated phys_round=true visual_round=false phys_done=false pending_commit=false cursor=0/591872 tps=4 streak=0 tick_mod=1
[DCSystemScheduler][RT] ocean_skip#25 tick=37 reason=policy_gated slices=0 elapsed=0.000 progress=0.000 source=day_changed
[ocean_currents][RT] skip#26 tick=38 reason=physical_policy_gated phys_round=true visual_round=false phys_done=false pending_commit=false cursor=0/591872 tps=4 streak=0 tick_mod=2
[DCSystemScheduler][RT] ocean_skip#26 tick=38 reason=policy_gated slices=0 elapsed=0.000 progress=0.000 source=day_changed
[ocean_currents][RT] skip#27 tick=39 reason=physical_policy_gated phys_round=true visual_round=false phys_done=false pending_commit=false cursor=0/591872 tps=4 streak=0 tick_mod=3
[DCSystemScheduler][RT] ocean_skip#27 tick=39 reason=policy_gated slices=0 elapsed=0.000 progress=0.000 source=day_changed
[psi_solver] path-decision call#1: prof=true pflag_attr=true pflag_val=true ext=true method=true idx=true heat=true -> cpp_gate=true
[psi_solver/BREAKDOWN] call#1 STAGE=0.69ms T1_prepack=0.01ms T2_knobs=0.02ms T3_call=0.66ms (kernel=0.48ms gdext_overhead=0.18ms) T4_writeback=0.01ms (n_psi=6400 published=true has_debug=true)
[psi_solver] gdext path ACTIVE — first run elapsed=0.48ms (legacy GDScript stage3+4+5 baseline ~32+ms; target < 5ms)
[psi_solver] commit-diag call#1: rc=0.476 n_water=1110 n_cells=6400 published=true
[ocean_currents/STAGE-DIAG] init tick=40 round=1 stage=3/phys_psi_init path=gdext next=phys_upwelling elapsed_ms=1.14 slp_native=0.64 psi_native=0.48 wind_dp95=0.603925 ocean_dp95=0.109067 slp_dp95=0.113867 phys_done=false need_visual=false
[ocean_currents][RT] phys_slice#10 tick=40 round=1 stage=phys_psi_init->phys_upwelling done=false run_ocean=true need_visual=false elapsed=1.142 ocean_delta_p95=0.109067 wind_delta_p95=0.603925 slp_delta_p95=0.113867 psi_path=gdext
[ocean_currents][RT] skip#28 tick=41 reason=physical_policy_gated phys_round=true visual_round=false phys_done=false pending_commit=false cursor=0/591872 tps=4 streak=0 tick_mod=1
[DCSystemScheduler][RT] ocean_skip#28 tick=41 reason=policy_gated slices=0 elapsed=0.000 progress=0.000 source=day_changed
[ocean_currents][daily_wind] #7 tick=42 stage=slp ran=true path=gdext_daily_wind_slp elapsed=2.535 slp=0.952 wind=-1.000 passA=0.480 passB=0.097 norm=0.327 marshall=0.049 dominant=daily_wind_slp/0.952 delta=0.000000 reason=
[ocean_currents][RT] skip#29 tick=43 reason=physical_policy_gated phys_round=true visual_round=false phys_done=false pending_commit=false cursor=0/591872 tps=4 streak=0 tick_mod=3
[sea_ice/dt] call#1 dt_days=10.000 (last_pass_day=43.000, k x10.00)
[DCSystemScheduler][RT] ocean_skip#29 tick=43 reason=policy_gated slices=0 elapsed=0.000 progress=0.000 source=day_changed
[dc/terrain_mirror_sync] reason=sus_tick_pre terrain_mis=28 isw_mis=0 terrain_written=true isw_written=false
[upwelling/DIAG#1] gate: prof=true pflag_attr=true pflag_val=true ext=true method=true wind_cpp=true idx=true -> cpp_gate=true
[upwelling/DIAG#1] cpp-call: ret_type=27 fallback=false reason='' elapsed_native_ms=0.018
[upwelling/DIAG#1] BREAKDOWN: T1_nb_pack=0.01ms T2_knobs=0.01ms T3_refresh_slots=0.25ms T4_cpp_call=0.04ms (n=6400)
[ocean_currents/STAGE-DIAG] init tick=44 round=1 stage=6/phys_upwelling path=physical_circulation next=phys_upwelling elapsed_ms=0.53 slp_native=0.95 psi_native=0.48 wind_dp95=0.603925 ocean_dp95=0.109067 slp_dp95=0.051782 phys_done=false need_visual=false
[ocean_currents][RT] phys_slice#11 tick=44 round=1 stage=phys_upwelling->phys_upwelling done=false run_ocean=true need_visual=false elapsed=0.532 ocean_delta_p95=0.109067 wind_delta_p95=0.603925 slp_delta_p95=0.051782 psi_path=gdext
[ocean_currents][RT] skip#30 tick=45 reason=physical_policy_gated phys_round=true visual_round=false phys_done=false pending_commit=false cursor=0/591872 tps=4 streak=0 tick_mod=1
[DCSystemScheduler][RT] ocean_skip#30 tick=45 reason=policy_gated slices=0 elapsed=0.000 progress=0.000 source=day_changed
[ocean_currents][RT] skip#31 tick=46 reason=physical_policy_gated phys_round=true visual_round=false phys_done=false pending_commit=false cursor=0/591872 tps=4 streak=0 tick_mod=2
[DCSystemScheduler][RT] ocean_skip#31 tick=46 reason=policy_gated slices=0 elapsed=0.000 progress=0.000 source=day_changed
[ocean_currents][RT] skip#32 tick=47 reason=physical_policy_gated phys_round=true visual_round=false phys_done=false pending_commit=false cursor=0/591872 tps=4 streak=0 tick_mod=3
[DCSystemScheduler][RT] ocean_skip#32 tick=47 reason=policy_gated slices=0 elapsed=0.000 progress=0.000 source=day_changed
[ocean_currents][daily_wind] #8 tick=48 stage=wind ran=true path=gdext_daily_wind_wind elapsed=1.944 slp=-1.000 wind=1.768 passA=-1.000 passB=-1.000 norm=-1.000 marshall=-1.000 dominant=daily_wind_wind/1.768 delta=0.558884 reason=
[ocean_currents/STAGE-DIAG] init tick=48 round=1 stage=6/phys_upwelling path=physical_circulation next=phys_upwelling elapsed_ms=0.38 slp_native=0.95 psi_native=0.48 wind_dp95=0.558884 ocean_dp95=0.109067 slp_dp95=0.051782 phys_done=false need_visual=false
[ocean_currents][RT] phys_slice#12 tick=48 round=1 stage=phys_upwelling->phys_upwelling done=false run_ocean=true need_visual=false elapsed=0.378 ocean_delta_p95=0.109067 wind_delta_p95=0.558884 slp_delta_p95=0.051782 psi_path=gdext
[DCSystemScheduler][RT] ocean_skip#33 tick=49 reason=policy_gated slices=0 elapsed=0.000 progress=0.000 source=day_changed
[DCSystemScheduler][RT] ocean_skip#34 tick=50 reason=policy_gated slices=0 elapsed=0.000 progress=0.000 source=day_changed
[perf-record] exported rows=50 cols=1109 → F:/Developent/Godot/Project.Keynes/tmp/perf_record_20260726_174749.csv
[headless-perf/result] label=current_large_50d days=50 speed=50.000 seed=19991123 map=100x64 population_scale=0 saved_setup=true generation_ms=32895.9 run_ms=10215.1 barrier_pulses=847 ledger_failures=0 fatal=false rows=50 expected_rows=50 path=F:/Developent/Godot/Project.Keynes/tmp/perf_record_20260726_174749.csv
ERROR: 12 RID allocations of type 'PN13RendererDummy14TextureStorage12DummyTextureE' were leaked at exit.
WARNING: ObjectDB instances leaked at exit (run with --verbose for details).
   at: cleanup (core/object/object.cpp:2641)
ERROR: 96 resources still in use at exit (run with --verbose for details).
   at: clear (core/io/resource.cpp:810)
