Godot Engine v4.6.2.stable.official.71f334935 - https://godotengine.org

[native_generation/base] path=gdext algorithm=post_base_priority_flood_hydrology_v3 n=2400 native_ms=9.407 water=976 land=1424
[native_generation/post_base] path=gdext algorithm=post_base_priority_flood_hydrology_v3 n=2400 native_ms=1.682 lakes=62 rivers=38 volcanoes=2
[native_generation/qa] single_water=1 tiny<=3=1 small<=5=1 bodies=4 largest=928 | land_below_sea=0.0% | terr_distinct=23 entropy=3.778bit | river_ratio=1.583%
MapGenerator v7: per-cell 79ms (2400 cells, path=gdext_base)
MapBaker v6: hm=(1024, 606) seed=20260718
    [fused] terrain=896.8ms erosion=2.3ms(ok=true) river=11.8ms(ok=true) latitude=0.1ms coast_sdf=5.2ms(ok=true)
  geometry fields (fused C++): 997ms
  physical circulation hex solve: deferred until DCWorldExt bind (ext=true idx=true soa=false)
  wind/ocean pixel buffers: skipped (ocean_current_visual off)
  encode: 2323ms
MapBaker v6: total 3322ms
MapGenerator v7: bake 3355ms
MapGenerator: skip _compute_ocean_currents (physical-hex path writes per-cell directly)
MapGenerator: skip _compute_terrain_perturbed_wind (physical-hex solver writes per-cell)
[SUS] sim budget strict=false frame=8.00ms warn=2.00ms slice=0.75ms upload=1.50ms scheduler=DCSystemScheduler native_sus=auto
[DCWorldExt] bind_map_data: 142 components bound (auto-registered=142; snapshot model; see world_ext.cpp comment & charter Â§11)
[DataCore] _data_core_world_ext bound=true (climate co-processor; class=DCWorldExt)
[native_world] configure rc=0 reason=configured cells=2400
[native_generation] path=gdext n=2400 published=9 native_ms=0.164 compute_ms=0.116 flush_ms=0.047
[hex_cell] facade ENABLED (2400 cells bound; ext=true)
[DataCore] _baker climate_profile injected=true (fixes WorldData.config==null sea_ice prepare path)
[phys_solve][oneshot] OK slp=1.03ms wind=0.38ms psi=0.29ms(ran=true) upwelling=0.07ms total=2.21ms
PhysicalCirculation solve@phase=1.50 total=3ms (C++ one-shot run_physical_solve_pass)
  wind/ocean pixel buffers: skipped (ocean_current_visual off)
[physical_init] deferred native refresh complete: 4ms
[weather] gdext acceleration ON (class=DCWorldExt)
[weather] gdext field commit ON
[weather] gdext distribute ON
[weather] gdext summary ON
[weather] hexcell facade ON (skip AoS double-write in hot loop)
[weather] gdext resident knobs ON (class=KnobsHandle)
[economy] ACTIVE native graph cells=2400 goods=120 cohorts=5721 epoch_days=5 trade=ACTIVE topology_ready=true topology_generation=1
[country] ACTIVE native authority countries=1 cells=2400 generation=1
[economy/test-bootstrap] scale_mode=resource_tiered populated_cells=1162 population=3141170 cohorts=5721 professions=7/33 building_groups=10479 building_types=14/261 capacity_buildings=41894->13633 trimmed=28261 population_range=0..12031 cap=150000 goods=120 tiers={ "tens": 291, "hundreds": 290, "thousands": 291, "ten_thousands": 290 } construction_regions=2/3 skipped=1
[weather/knobs] resident KnobsHandle path ACTIVE — first to_*_knobs_dict hit (field_rebuild_count=1 expected ≤1; stable Hz target ≤1 Hz)
[native_daily] ACTIVE: registered native_daily_sim + natural_resource_daily; retained season_refresh + ocean_currents boundary jobs
[DCSystemScheduler] topology: ["season_refresh", "natural_resource_daily", "enum_atlas_upload", "ocean_currents", "native_daily_sim", "dynamic_visual_atlas_upload", "country_daily", "economy_daily"]
[perf-record] start (start_tick=0)
[season_refresh] b_plus_start path=gdext handle=1 season=0 n_cells=2400
[ocean_currents][RT] skip#1 tick=1 reason=physical_policy_gated phys_round=false visual_round=false phys_done=false pending_commit=false cursor=0/0 tps=4 streak=0 tick_mod=1
[DCSystemScheduler][RT] ocean_skip#1 tick=1 reason=policy_gated slices=0 elapsed=0.000 progress=0.000 source=day_changed
