Godot Engine v4.6.2.stable.official.71f334935 - https://godotengine.org

[ui-layout-diag/bind_ui] is_web=false viewport_visible_rect=[P: (0.0, 0.0), S: (51.2, 51.2)] window_size=(64, 64) content_scale_factor=1.250 content_scale_mode=0 device_pixel_ratio=-1.000 top_bar_rect=[P: (0.0, 0.0), S: (543.0, 56.0)] right_panel_rect=[P: (-408.8, 68.0), S: (460.0, 366.0)] country_action_bar_rect=[P: (8.0, -30.8), S: (336.0, 74.0)]
[stage-c] authority=OFF worker=SHADOW
[building-visual] queue_probe ticks=1 queued=0 chunk=-1 camera_rect=[P: (-25.6, -25.6), S: (51.2, 51.2)] prefetch=false zoom=1.000
[building-visual] queue_probe ticks=2 queued=0 chunk=-1 camera_rect=[P: (-25.6, -25.6), S: (51.2, 51.2)] prefetch=false zoom=1.000
[native_generation/base] path=gdext algorithm=post_base_priority_flood_hydrology_v3 n=2400 native_ms=10.040 water=1862 land=538
[native_generation/post_base] path=gdext algorithm=post_base_priority_flood_hydrology_v3 n=2400 native_ms=1.668 lakes=18 rivers=58 volcanoes=0
[native_generation/vegetation] native_ms=0.451 candidates=542 none=1394 score=[0.000,1.577,1.126] plant_water_land=542 river_adjacent_desert=0 coastal_highland_desert=0 terrain_weight=[0.180,1.200]
[native_generation/qa] single_water=0 tiny<=3=0 small<=5=0 bodies=2 largest=1840 | land_below_sea=0.0% | terr_distinct=20 entropy=2.690bit | river_ratio=2.417%
MapGenerator v7: per-cell 111ms (2400 cells, path=gdext)
[building-visual] queue_probe ticks=3 queued=0 chunk=-1 camera_rect=[P: (-25.6, -25.6), S: (51.2, 51.2)] prefetch=false zoom=1.000
MapBaker v6: hm=(1024, 606) seed=20260718
    [fused] terrain=70.2ms erosion=3.4ms(ok=true) river=12.5ms(ok=true) latitude=0.2ms coast_sdf=3.5ms(ok=true)
  geometry fields (fused C++): 160ms
  physical circulation hex solve: deferred until DCWorldExt bind (ext=true idx=true soa=false)
  wind/ocean pixel buffers: skipped (ocean_current_visual off)
  visual tiles: {"degradation_reason":"","effective_budget_px":1717248,"effective_texels_per_hex":16.0059221751742,"effective_world_units_per_texel":"(1.373983, 1.375)","estimated_peak_bytes":68402880,"estimated_resident_bytes":40340160,"fallback_reason":"","generation_id":1,"grid_size":"(4, 3)","gutter_px":2,"hex_size":22.0,"horizon_path":"neutral_pending","interior_size":"(416, 344)","layer_size":"(420, 348)","layers":[{"bake_ms":44.808,"coast_sdf_max_dist_px":13.6162309214075,"distance_scale":1.70202886517594,"edge_distance_saturate_hex":0.9,"edge_distance_units":"normalized_hex_center_gap","hashes":{"edge_distance":7407730141571241905,"edge_neighbor":-4543926112381022223,"height":-1697431226796729820,"map_index":2274457353656815029,"terrain_detail":-8151073494896450720,"terrain_normal":-7915207892100105287,"water_depth":2243981384936519209},"layer":0,"normal_radius_px":"(22, 22)","raster_scale":"(1.701088, 1.70297)","river_sdf_max_dist_px":5.9571010281158,"shore_carve_band_px":10,"upload_ms":0.063,"wall_ms":44.989},{"bake_ms":57.2688,"coast_sdf_max_dist_px":13.6162309214075,"distance_scale":1.70202886517594,"edge_distance_saturate_hex":0.9,"edge_distance_units":"normalized_hex_center_gap","hashes":{"edge_distance":-3976966917245296998,"edge_neighbor":3621067584965836758,"height":1528863693732331325,"map_index":2549496320971286395,"terrain_detail":-1859665442256196863,"terrain_normal":-3535715913223945715,"water_depth":3063832404714471227},"layer":1,"normal_radius_px":"(22, 22)","raster_scale":"(1.701088, 1.70297)","river_sdf_max_dist_px":5.9571010281158,"shore_carve_band_px":10,"upload_ms":0.071,"wall_ms":57.451},{"bake_ms":76.348,"coast_sdf_max_dist_px":13.6162309214075,"distance_scale":1.70202886517594,"edge_distance_saturate_hex":0.9,"edge_distance_units":"normalized_hex_center_gap","hashes":{"edge_distance":5218991683420850894,"edge_neighbor":-5345480133151690080,"height":-7454692257232797492,"map_index":-8366882445923572637,"terrain_detail":-3319625715479491564,"terrain_normal":-6498016425275236080,"water_depth":-2856782738831354408},"layer":2,"normal_radius_px":"(22, 22)","raster_scale":"(1.701088, 1.70297)","river_sdf_max_dist_px":5.9571010281158,"shore_carve_band_px":10,"upload_ms":0.059,"wall_ms":76.506},{"bake_ms":61.0739,"coast_sdf_max_dist_px":13.6162309214075,"distance_scale":1.70202886517594,"edge_distance_saturate_hex":0.9,"edge_distance_units":"normalized_hex_center_gap","hashes":{"edge_distance":8612685970797441304,"edge_neighbor":883218167199411248,"height":-1023169273004332113,"map_index":2707475090998858733,"terrain_detail":6263308266530163428,"terrain_normal":-4855806448874004076,"water_depth":-2127183836498838294},"layer":3,"normal_radius_px":"(22, 22)","raster_scale":"(1.701088, 1.70297)","river_sdf_max_dist_px":5.9571010281158,"shore_carve_band_px":10,"upload_ms":0.081,"wall_ms":61.27},{"bake_ms":66.3467,"coast_sdf_max_dist_px":13.6162309214075,"distance_scale":1.70202886517594,"edge_distance_saturate_hex":0.9,"edge_distance_units":"normalized_hex_center_gap","hashes":{"edge_distance":297283154589053998,"edge_neighbor":-8580896561628889486,"height":-5407985216165520287,"map_index":9182820345735435477,"terrain_detail":-4270043139625925275,"terrain_normal":-8287812837813031566,"water_depth":3228562322921317175},"layer":4,"normal_radius_px":"(22, 22)","raster_scale":"(1.701088, 1.70297)","river_sdf_max_dist_px":5.9571010281158,"shore_carve_band_px":10,"upload_ms":0.068,"wall_ms":66.515},{"bake_ms":102.677,"coast_sdf_max_dist_px":13.6162309214075,"distance_scale":1.70202886517594,"edge_distance_saturate_hex":0.9,"edge_distance_units":"normalized_hex_center_gap","hashes":{"edge_distance":-3309735790229328004,"edge_neighbor":-5731875958399186170,"height":-7367011441573634711,"map_index":-8927034593564641593,"terrain_detail":4427859160994159548,"terrain_normal":-8418168866925073872,"water_depth":-6262847963806259588},"layer":5,"normal_radius_px":"(22, 22)","raster_scale":"(1.701088, 1.70297)","river_sdf_max_dist_px":5.9571010281158,"shore_carve_band_px":10,"upload_ms":0.071,"wall_ms":102.87},{"bake_ms":107.8808,"coast_sdf_max_dist_px":13.6162309214075,"distance_scale":1.70202886517594,"edge_distance_saturate_hex":0.9,"edge_distance_units":"normalized_hex_center_gap","hashes":{"edge_distance":8321833536859295351,"edge_neighbor":-5005127231569416705,"height":3341074557671273762,"map_index":-396979365122735556,"terrain_detail":4215695107284896355,"terrain_normal":-2597592164988767119,"water_depth":-728996428569554142},"layer":6,"normal_radius_px":"(22, 22)","raster_scale":"(1.701088, 1.70297)","river_sdf_max_dist_px":5.9571010281158,"shore_carve_band_px":10,"upload_ms":0.113,"wall_ms":108.179},{"bake_ms":56.9754,"coast_sdf_max_dist_px":13.6162309214075,"distance_scale":1.70202886517594,"edge_distance_saturate_hex":0.9,"edge_distance_units":"normalized_hex_center_gap","hashes":{"edge_distance":208782133921839682,"edge_neighbor":-9034811754870153070,"height":-2132080742075037466,"map_index":4521453198400050055,"terrain_detail":-6887604134882803410,"terrain_normal":-8949913885161130949,"water_depth":-380875893755025537},"layer":7,"normal_radius_px":"(22, 22)","raster_scale":"(1.701088, 1.70297)","river_sdf_max_dist_px":5.9571010281158,"shore_carve_band_px":10,"upload_ms":0.081,"wall_ms":57.197},{"bake_ms":43.6718,"coast_sdf_max_dist_px":13.6162309214075,"distance_scale":1.70202886517594,"edge_distance_saturate_hex":0.9,"edge_distance_units":"normalized_hex_center_gap","hashes":{"edge_distance":8264413913844957711,"edge_neighbor":6449510455372096238,"height":2774507710515011656,"map_index":1602406146469738870,"terrain_detail":4148301864856098689,"terrain_normal":2948295881015716229,"water_depth":-5702780522234210443},"layer":8,"normal_radius_px":"(22, 22)","raster_scale":"(1.701088, 1.70297)","river_sdf_max_dist_px":5.9571010281158,"shore_carve_band_px":10,"upload_ms":0.108,"wall_ms":43.925},{"bake_ms":66.3478,"coast_sdf_max_dist_px":13.6162309214075,"distance_scale":1.70202886517594,"edge_distance_saturate_hex":0.9,"edge_distance_units":"normalized_hex_center_gap","hashes":{"edge_distance":-7342283611218684865,"edge_neighbor":-5634881956267287527,"height":2825572143123611103,"map_index":-8831886053851355773,"terrain_detail":4235680215872698627,"terrain_normal":-2070428832888160468,"water_depth":795287004519003509},"layer":9,"normal_radius_px":"(22, 22)","raster_scale":"(1.701088, 1.70297)","river_sdf_max_dist_px":5.9571010281158,"shore_carve_band_px":10,"upload_ms":0.104,"wall_ms":66.614},{"bake_ms":70.9546,"coast_sdf_max_dist_px":13.6162309214075,"distance_scale":1.70202886517594,"edge_distance_saturate_hex":0.9,"edge_distance_units":"normalized_hex_center_gap","hashes":{"edge_distance":-8079933026638934708,"edge_neighbor":6678593248902245418,"height":-4365230997761727027,"map_index":684363689774237482,"terrain_detail":-1251348211797502761,"terrain_normal":-9093325325990601316,"water_depth":463899081477651312},"layer":10,"normal_radius_px":"(22, 22)","raster_scale":"(1.701088, 1.70297)","river_sdf_max_dist_px":5.9571010281158,"shore_carve_band_px":10,"upload_ms":0.064,"wall_ms":71.135},{"bake_ms":49.4079,"coast_sdf_max_dist_px":13.6162309214075,"distance_scale":1.70202886517594,"edge_distance_saturate_hex":0.9,"edge_distance_units":"normalized_hex_center_gap","hashes":{"edge_distance":5056840590371500922,"edge_neighbor":8667344552684765316,"height":64708304598049951,"map_index":-6792268264940266568,"terrain_detail":7665021879133805446,"terrain_normal":-2224180417278547981,"water_depth":517399438142152488},"layer":11,"normal_radius_px":"(22, 22)","raster_scale":"(1.701088, 1.70297)","river_sdf_max_dist_px":5.9571010281158,"shore_carve_band_px":10,"upload_ms":0.071,"wall_ms":49.628}],"logical_size":"(1664, 1032)","mode":"tiled","path":"visual_tiled_static","profile":"desktop_high","renderer":"mobile","requested_budget_px":1716216,"requested_texels_per_hex":16.0,"requested_tile_world_span":"(704.0, 704.0)","requested_world_units_per_texel":1.375,"tile_world_area":270355.817993164,"tile_world_span":"(571.5768, 473.0)","total_ms":810.518,"visual_domain":"[P: (0.0, -44.0), S: (2286.307, 1419.0)]","wrap_period_x":2286.30706599092,"wrap_x":true}
WARNING: Loaded resource as image file, this will not work on export: 'res://assets/textures/terrain_materials/organic.png'. Instead, import the image file as an Image resource and load it normally as a resource.
   at: load (core/io/image.cpp:2756)
   GDScript backtrace (most recent call first):
       [0] _build_terrain_material_tex (res://scripts/rendering/map_baker.gd:360)
       [1] get_or_build_shared_terrain_material_tex (res://scripts/rendering/map_baker.gd:343)
       [2] bake_world (res://scripts/rendering/map_baker.gd:1187)
       [3] _yield_generation_frame (res://scripts/rendering/map_baker.gd:1225)
WARNING: Loaded resource as image file, this will not work on export: 'res://assets/textures/terrain_materials/dry_sand.png'. Instead, import the image file as an Image resource and load it normally as a resource.
   at: load (core/io/image.cpp:2756)
   GDScript backtrace (most recent call first):
       [0] _build_terrain_material_tex (res://scripts/rendering/map_baker.gd:360)
       [1] get_or_build_shared_terrain_material_tex (res://scripts/rendering/map_baker.gd:343)
       [2] bake_world (res://scripts/rendering/map_baker.gd:1187)
       [3] _yield_generation_frame (res://scripts/rendering/map_baker.gd:1225)
WARNING: Loaded resource as image file, this will not work on export: 'res://assets/textures/terrain_materials/rock.png'. Instead, import the image file as an Image resource and load it normally as a resource.
   at: load (core/io/image.cpp:2756)
   GDScript backtrace (most recent call first):
       [0] _build_terrain_material_tex (res://scripts/rendering/map_baker.gd:360)
       [1] get_or_build_shared_terrain_material_tex (res://scripts/rendering/map_baker.gd:343)
       [2] bake_world (res://scripts/rendering/map_baker.gd:1187)
       [3] _yield_generation_frame (res://scripts/rendering/map_baker.gd:1225)
WARNING: Loaded resource as image file, this will not work on export: 'res://assets/textures/terrain_materials/snow_wet.png'. Instead, import the image file as an Image resource and load it normally as a resource.
   at: load (core/io/image.cpp:2756)
   GDScript backtrace (most recent call first):
       [0] _build_terrain_material_tex (res://scripts/rendering/map_baker.gd:360)
       [1] get_or_build_shared_terrain_material_tex (res://scripts/rendering/map_baker.gd:343)
       [2] bake_world (res://scripts/rendering/map_baker.gd:1187)
       [3] _yield_generation_frame (res://scripts/rendering/map_baker.gd:1225)
  cell LUT encode: deferred until DCWorldExt bind
  encode: 3744ms
MapBaker v6: total 3912ms
MapGenerator v7: bake 3943ms
MapGenerator: skip _compute_ocean_currents (physical-hex path writes per-cell directly)
MapGenerator: skip _compute_terrain_perturbed_wind (physical-hex solver writes per-cell)
[SUS] sim budget strict=false frame=8.00ms warn=2.00ms slice=0.75ms upload=1.50ms scheduler=DCSystemScheduler native_sus=auto
[DCWorldExt] bind_map_data: 148 components bound (auto-registered=148; snapshot model; see world_ext.cpp comment & charter Â§11)
[DataCore] _data_core_world_ext bound=true (climate co-processor; class=DCWorldExt)
[native_world] configure rc=0 reason=configured cells=2400 wrap_period_x=103.923
[native_generation] path=gdext n=2400 published=9 native_ms=0.102 compute_ms=0.062 flush_ms=0.041
[hex_cell] facade ENABLED (2400 cells bound; ext=true)
[DataCore] _baker climate_profile injected=true (fixes WorldData.config==null sea_ice prepare path)
[phys_solve][oneshot] OK slp=1.14ms wind=0.98ms psi=0.89ms(ran=true) upwelling=0.09ms total=3.70ms
PhysicalCirculation solve@phase=1.50 total=4ms (C++ one-shot run_physical_solve_pass)
  wind/ocean pixel buffers: skipped (ocean_current_visual off)
[physical_init] deferred native refresh complete: 4ms
[cell_lut] deferred encode: 3ms path=gdext
[bio-occupancy] seed landmasses=18 provinces=18 species=20 secondary_hearths=0
[bio-occupancy]   bio.maize envelope=46 hearth=18 seeded_landmasses=1 primary_landmass=3 primary_envelope=38 occupied=18 occupied/envelope=0.47
[bio-occupancy]   bio.wheat envelope=96 hearth=16 seeded_landmasses=1 primary_landmass=3 primary_envelope=68 occupied=16 occupied/envelope=0.24
[bio-occupancy]   bio.rice envelope=75 hearth=25 seeded_landmasses=1 primary_landmass=3 primary_envelope=50 occupied=25 occupied/envelope=0.50
[bio-occupancy]   bio.potato envelope=75 hearth=30 seeded_landmasses=1 primary_landmass=3 primary_envelope=58 occupied=30 occupied/envelope=0.52
[bio-occupancy]   bio.horse envelope=108 hearth=38 seeded_landmasses=1 primary_landmass=3 primary_envelope=78 occupied=38 occupied/envelope=0.49
[bio-occupancy]   bio.cotton envelope=99 hearth=33 seeded_landmasses=1 primary_landmass=3 primary_envelope=74 occupied=33 occupied/envelope=0.45
[bio-occupancy]   bio.flax envelope=91 hearth=34 seeded_landmasses=1 primary_landmass=3 primary_envelope=63 occupied=34 occupied/envelope=0.54
[bio-occupancy]   bio.spice envelope=85 hearth=8 seeded_landmasses=1 primary_landmass=3 primary_envelope=66 occupied=8 occupied/envelope=0.12
[bio-occupancy]   bio.rubber envelope=41 hearth=1 seeded_landmasses=1 primary_landmass=3 primary_envelope=28 occupied=1 occupied/envelope=0.04
[bio-occupancy]   bio.sheep envelope=20 hearth=2 seeded_landmasses=1 primary_landmass=3 primary_envelope=16 occupied=2 occupied/envelope=0.13
[bio-occupancy]   bio.goat envelope=232 hearth=13 seeded_landmasses=1 primary_landmass=3 primary_envelope=157 occupied=13 occupied/envelope=0.08
[bio-occupancy]   bio.cattle envelope=6 hearth=1 seeded_landmasses=1 primary_landmass=3 primary_envelope=6 occupied=1 occupied/envelope=0.17
[bio-occupancy]   bio.pig envelope=175 hearth=32 seeded_landmasses=1 primary_landmass=3 primary_envelope=126 occupied=32 occupied/envelope=0.25
[bio-occupancy]   bio.camel envelope=37 hearth=3 seeded_landmasses=1 primary_landmass=3 primary_envelope=22 occupied=3 occupied/envelope=0.14
[bio-occupancy]   bio.yak envelope=63 hearth=18 seeded_landmasses=1 primary_landmass=3 primary_envelope=35 occupied=18 occupied/envelope=0.51
[bio-occupancy]   bio.silkworm envelope=108 hearth=41 seeded_landmasses=1 primary_landmass=3 primary_envelope=90 occupied=41 occupied/envelope=0.46
[bio-occupancy]   bio.reed envelope=118 hearth=23 seeded_landmasses=1 primary_landmass=3 primary_envelope=66 occupied=23 occupied/envelope=0.35
[bio-occupancy]   bio.bast_fiber envelope=135 hearth=29 seeded_landmasses=1 primary_landmass=3 primary_envelope=88 occupied=29 occupied/envelope=0.33
[bio-occupancy]   bio.dye_plant envelope=103 hearth=5 seeded_landmasses=1 primary_landmass=3 primary_envelope=77 occupied=5 occupied/envelope=0.06
[bio-occupancy]   bio.medicinal_herb envelope=203 hearth=8 seeded_landmasses=1 primary_landmass=3 primary_envelope=139 occupied=8 occupied/envelope=0.06
[bio-occupancy]   landmass 1 classes=none foods=none
[bio-occupancy]   landmass 2 classes=none foods=none
[bio-occupancy]   landmass 3 classes=highland_food, fiber_open, fiber_forest, open_grazer, open_food, fiber_wet, forest_grazer, tropical, dry_grazer, wetland_food, cold_grazer foods=potato, wheat, maize, rice
[bio-occupancy]   landmass 4 classes=none foods=none
[bio-occupancy]   landmass 5 classes=none foods=none
[bio-occupancy]   landmass 6 classes=none foods=none
[bio-occupancy]   landmass 7 classes=none foods=none
[bio-occupancy]   landmass 8 classes=none foods=none
[bio-occupancy]   landmass 9 classes=none foods=none
[bio-occupancy]   landmass 10 classes=none foods=none
[bio-occupancy]   landmass 11 classes=none foods=none
[bio-occupancy]   landmass 12 classes=none foods=none
[bio-occupancy]   landmass 13 classes=none foods=none
[bio-occupancy]   landmass 14 classes=none foods=none
[bio-occupancy]   landmass 15 classes=none foods=none
[bio-occupancy]   landmass 16 classes=none foods=none
[bio-occupancy]   landmass 17 classes=none foods=none
[bio-occupancy]   landmass 18 classes=none foods=none
[weather] gdext acceleration ON (class=DCWorldExt)
[weather] gdext field commit ON
[weather] gdext distribute ON
[weather] gdext summary ON
[weather] hexcell facade ON (skip AoS double-write in hot loop)
[weather] gdext resident knobs ON (class=KnobsHandle)
[economy] ACTIVE native graph cells=2400 goods=134 cohorts=16 epoch_days=1 trade=ACTIVE topology_ready=true topology_generation=1 bootstrap=starter_settlement_bootstrap_v9 founder_families=4 founder_people=4
[country] ACTIVE native authority countries=4 cells=2400 generation=1
[weather/knobs] resident KnobsHandle path ACTIVE — first to_*_knobs_dict hit (field_rebuild_count=1 expected ≤1; stable Hz target ≤1 Hz)
[native_daily] ACTIVE: registered native_daily_sim + natural_resource_daily + bio_occupancy_daily; retained season_refresh + ocean_currents boundary jobs
[DCSystemScheduler] topology: ["season_refresh", "trigger_runtime", "ideology_runtime", "effect_runtime", "modifier_daily", "gameplay_effect", "natural_resource_daily", "bio_occupancy_daily", "enum_atlas_upload", "ocean_currents", "native_daily_sim", "dynamic_visual_atlas_upload", "country_daily", "economy_daily"]
WARNING: [runtime-climate-round] no ClimateDailySystem; SHADOW capture carries no shared pass input
   at: push_warning (core/variant/variant_utility.cpp:1034)
   GDScript backtrace (most recent call first):
       [0] _build_runtime_climate_round_input (res://scripts/geography/map_generator.gd:4658)
       [1] capture_runtime_inputs_for_worker (res://scripts/geography/map_generator.gd:2351)
       [2] generate_world (res://scripts/game/world_runtime_host.gd:620)
       [3] generate (res://scripts/geography/map_generator.gd:1606)
       [4] _yield_generation_frame (res://scripts/geography/map_generator.gd:19884)
[building-visual] intel_refresh requested=69 changed=1 known=1 catalog=400 resident=0 body=0 queued=0 zoom=1.000
[runtime-day-wait] day=1 env_day=0 missing=0x0 economy_input=-1
[DCSystemScheduler][RT] ocean_skip#1 tick=1 reason=policy_gated slices=0 elapsed=0.000 progress=0.000 source=day_changed
[climate][publish] day=0 round_ran=1 prod_stage=0xff scalar_mask=0x7f alb=0 veg=0 fb=0 weather=0 sr=0 ok=1
[DCSystemScheduler][RT] ocean_skip#2 tick=2 reason=policy_gated slices=0 elapsed=0.000 progress=0.000 source=day_changed
[climate][boundary] cold-start env_day=0 plan_day=1 ok=0 ref_hash=10169381656706510841 adopted_parity=10169381656706510841 round_ran=1
[DCSystemScheduler][RT] ocean_skip#3 tick=3 reason=policy_gated slices=0 elapsed=0.000 progress=0.000 source=day_changed
[sim/barrier] day=3 pulse=1 economy_inflight=false hard_ack=effect extra=
[climate/worker][b8] physics_knobs day=1 ready=0 missing=physics_knobs
[climate][publish] day=1 round_ran=1 prod_stage=0xff scalar_mask=0x7f alb=0 veg=0 fb=0 weather=0 sr=0 ok=1
[climate-kernel][round] shared=1 ok=1 n_cells=2400 mask=0x1FF ran=0x1FF starved=0x0 knobs_cells=2400
[climate][publish] day=2 round_ran=0 prod_stage=0x0 scalar_mask=0x0 alb=0 veg=0 fb=0 weather=0 sr=0 ok=1
[climate][boundary] day=1 planned=1 compared=1 matched=0 worker_parity=1883393696120644644 ref=8044080201846353811 stage_ran=0xFF prod_stage=0xFF round_ran=1 alb=0 veg=0 fb=0 err=
[climate][boundary] day=1 first_diff=temperature[1954] ref=0.575782776 worker=0.58148694
[phys_solve][RT] start#1 phase=0.0408 pending=nan solve_ocean=true ext=true idx=true soa=true
[slp_field] path-decision call#1: prof=true pflag_attr=true pflag_val=true ext=true method=true idx=true -> cpp_gate=true
[slp_field] commit-diag call#1: rc=0.172 slp_out=2400 n_cells=2400 map_slp=2400 slice=0:300 final=false published=false slot=19/2400 reason=intermediate_slice
[slp_field][RT-DIAG] call#1 phase=0.0408 rc=0.172 slp_out=2400 n=2400 slice=0:300 final=false published=false slot=19/2400 slot_reason=intermediate_slice -> intermediate_slice
[natural_resource/slow-dump] tick=5 day=5 wall=5.19 cpp=0.615 compute=0.566 loop=0.012 flush=0.088 wrapper=4.232 layout=cell_indices dispatches=0 resources=14/31 skipped_static=17 published=true total_delta=354329.88077
[DCSystemScheduler][RT] ocean_skip#4 tick=5 reason=frame_budget_exhausted slices=0 elapsed=0.000 progress=0.000 source=day_changed
[DCSystemScheduler][RT] ocean_skip#5 tick=7 reason=policy_gated slices=0 elapsed=0.000 progress=0.000 source=day_changed
[climate][publish] day=3 round_ran=1 prod_stage=0x1fff scalar_mask=0x7f alb=1 veg=1 fb=1 weather=1 sr=0 ok=1
[climate][publish] day=4 round_ran=0 prod_stage=0x0 scalar_mask=0x0 alb=0 veg=0 fb=0 weather=0 sr=0 ok=1
[climate][publish] day=5 round_ran=0 prod_stage=0x0 scalar_mask=0x0 alb=0 veg=0 fb=0 weather=0 sr=0 ok=1
[climate][publish] day=6 round_ran=0 prod_stage=0x0 scalar_mask=0x0 alb=0 veg=0 fb=0 weather=0 sr=0 ok=1
[slp_field] path-decision call#2: prof=true pflag_attr=true pflag_val=true ext=true method=true idx=true -> cpp_gate=true
[slp_field] commit-diag call#2: rc=0.205 slp_out=2400 n_cells=2400 map_slp=2400 slice=300:600 final=false published=false slot=19/2400 reason=intermediate_slice
[slp_field][RT-DIAG] call#2 phase=0.0408 rc=0.205 slp_out=2400 n=2400 slice=300:600 final=false published=false slot=19/2400 slot_reason=intermediate_slice -> intermediate_slice
[hex-renderer] set_weather_fronts(n=0) layer=WeatherLayer
[DCSystemScheduler][RT] ocean_skip#6 tick=9 reason=policy_gated slices=0 elapsed=0.000 progress=0.000 source=day_changed
[clock/step] delta=10.0ms speed=50x target=0.50d cap=0.25d/f cost=31.65ms ran=0 pulse=8.89ms loop=0.00ms full=9.23ms carry=0.15 barrier=country_day_barrier,economy_day_barrier
[climate][publish] day=7 round_ran=1 prod_stage=0xff scalar_mask=0x7f alb=0 veg=0 fb=0 weather=0 sr=0 ok=1
[climate][publish] day=8 round_ran=0 prod_stage=0x0 scalar_mask=0x0 alb=0 veg=0 fb=0 weather=0 sr=0 ok=1
[DCSystemScheduler][RT] ocean_skip#7 tick=10 reason=policy_gated slices=0 elapsed=0.000 progress=0.000 source=day_changed
[DCSystemScheduler][RT] ocean_skip#8 tick=11 reason=policy_gated slices=0 elapsed=0.000 progress=0.000 source=day_changed
[climate][publish] day=9 round_ran=1 prod_stage=0xff scalar_mask=0x7f alb=0 veg=0 fb=0 weather=0 sr=0 ok=1
[climate][publish] day=10 round_ran=0 prod_stage=0x0 scalar_mask=0x0 alb=0 veg=0 fb=0 weather=0 sr=0 ok=1
[slp_field] path-decision call#3: prof=true pflag_attr=true pflag_val=true ext=true method=true idx=true -> cpp_gate=true
[slp_field] commit-diag call#3: rc=0.111 slp_out=2400 n_cells=2400 map_slp=2400 slice=600:900 final=false published=false slot=19/2400 reason=intermediate_slice
[slp_field][RT-DIAG] call#3 phase=0.0408 rc=0.111 slp_out=2400 n=2400 slice=600:900 final=false published=false slot=19/2400 slot_reason=intermediate_slice -> intermediate_slice
[DCSystemScheduler][RT] ocean_skip#9 tick=13 reason=policy_gated slices=0 elapsed=0.000 progress=0.000 source=day_changed
[climate][publish] day=11 round_ran=1 prod_stage=0xff scalar_mask=0x7f alb=0 veg=0 fb=0 weather=0 sr=0 ok=1
[climate][publish] day=12 round_ran=0 prod_stage=0x0 scalar_mask=0x0 alb=0 veg=0 fb=0 weather=0 sr=0 ok=1
[DCSystemScheduler][RT] ocean_skip#10 tick=14 reason=policy_gated slices=0 elapsed=0.000 progress=0.000 source=day_changed
[DCSystemScheduler][RT] ocean_skip#11 tick=15 reason=policy_gated slices=0 elapsed=0.000 progress=0.000 source=day_changed
[climate][publish] day=13 round_ran=1 prod_stage=0x18ff scalar_mask=0x7f alb=0 veg=0 fb=0 weather=1 sr=0 ok=1
[climate][publish] day=14 round_ran=0 prod_stage=0x0 scalar_mask=0x0 alb=0 veg=0 fb=0 weather=0 sr=0 ok=1
[slp_field][RT-DIAG] call#4 phase=0.0408 rc=0.108 slp_out=2400 n=2400 slice=900:1200 final=false published=false slot=19/2400 slot_reason=intermediate_slice -> intermediate_slice
[hex-renderer] set_weather_fronts(n=12) layer=WeatherLayer
[DCSystemScheduler][RT] ocean_skip#12 tick=17 reason=policy_gated slices=0 elapsed=0.000 progress=0.000 source=day_changed
[climate][publish] day=15 round_ran=1 prod_stage=0xff scalar_mask=0x7f alb=0 veg=0 fb=0 weather=0 sr=0 ok=1
[climate][publish] day=16 round_ran=0 prod_stage=0x0 scalar_mask=0x0 alb=0 veg=0 fb=0 weather=0 sr=0 ok=1
[DCSystemScheduler][RT] ocean_skip#13 tick=19 reason=policy_gated slices=0 elapsed=0.000 progress=0.000 source=day_changed
[climate][publish] day=17 round_ran=1 prod_stage=0xff scalar_mask=0x7f alb=0 veg=0 fb=0 weather=0 sr=0 ok=1
[climate][publish] day=18 round_ran=0 prod_stage=0x0 scalar_mask=0x0 alb=0 veg=0 fb=0 weather=0 sr=0 ok=1
[slp_field][RT-DIAG] call#5 phase=0.0408 rc=0.205 slp_out=2400 n=2400 slice=1200:1500 final=false published=false slot=19/2400 slot_reason=intermediate_slice -> intermediate_slice
[DCSystemScheduler][RT] ocean_skip#14 tick=21 reason=policy_gated slices=0 elapsed=0.000 progress=0.000 source=day_changed
[climate][publish] day=19 round_ran=1 prod_stage=0xff scalar_mask=0x7f alb=0 veg=0 fb=0 weather=0 sr=0 ok=1
[climate][publish] day=20 round_ran=0 prod_stage=0x0 scalar_mask=0x0 alb=0 veg=0 fb=0 weather=0 sr=0 ok=1
[DCSystemScheduler][RT] ocean_skip#15 tick=22 reason=policy_gated slices=0 elapsed=0.000 progress=0.000 source=day_changed
[clock/step] delta=4.2ms speed=50x target=0.21d cap=0.24d/f cost=32.93ms ran=0 pulse=0.00ms loop=0.00ms full=0.52ms carry=0.77 barrier=
[DCSystemScheduler][RT] ocean_skip#16 tick=23 reason=policy_gated slices=0 elapsed=0.000 progress=0.000 source=day_changed
[climate][publish] day=21 round_ran=1 prod_stage=0x18ff scalar_mask=0x7f alb=0 veg=0 fb=0 weather=1 sr=0 ok=1
[climate][publish] day=22 round_ran=0 prod_stage=0x0 scalar_mask=0x0 alb=0 veg=0 fb=0 weather=0 sr=0 ok=1
[hex-renderer] set_weather_fronts(n=12) layer=WeatherLayer
[DCSystemScheduler][RT] ocean_skip#17 tick=25 reason=policy_gated slices=0 elapsed=0.000 progress=0.000 source=day_changed
[climate][publish] day=23 round_ran=1 prod_stage=0xff scalar_mask=0x7f alb=0 veg=0 fb=0 weather=0 sr=0 ok=1
[climate][publish] day=24 round_ran=0 prod_stage=0x0 scalar_mask=0x0 alb=0 veg=0 fb=0 weather=0 sr=0 ok=1
[DCSystemScheduler][RT] ocean_skip#18 tick=26 reason=policy_gated slices=0 elapsed=0.000 progress=0.000 source=day_changed
[DCSystemScheduler][RT] ocean_skip#19 tick=27 reason=policy_gated slices=0 elapsed=0.000 progress=0.000 source=day_changed
[climate][publish] day=25 round_ran=1 prod_stage=0xff scalar_mask=0x7f alb=0 veg=0 fb=0 weather=0 sr=0 ok=1
[climate][publish] day=26 round_ran=0 prod_stage=0x0 scalar_mask=0x0 alb=0 veg=0 fb=0 weather=0 sr=0 ok=1
[DCSystemScheduler][RT] ocean_skip#20 tick=29 reason=policy_gated slices=0 elapsed=0.000 progress=0.000 source=day_changed
[climate][publish] day=27 round_ran=1 prod_stage=0xff scalar_mask=0x7f alb=0 veg=0 fb=0 weather=0 sr=0 ok=1
[climate][publish] day=28 round_ran=0 prod_stage=0x0 scalar_mask=0x0 alb=0 veg=0 fb=0 weather=0 sr=0 ok=1
[season_refresh] b_plus_start path=gdext handle=1 season=0 n_cells=2400
[season_refresh] b_plus_finish path=gdext native_ms=1.193 slices=2 stages_done=12
[DCSystemScheduler][RT] ocean_skip#21 tick=31 reason=policy_gated slices=0 elapsed=0.000 progress=0.000 source=day_changed
[climate][publish] day=29 round_ran=1 prod_stage=0x18ff scalar_mask=0x7f alb=0 veg=0 fb=0 weather=1 sr=1 ok=1
[climate][publish] day=30 round_ran=0 prod_stage=0x0 scalar_mask=0x0 alb=0 veg=0 fb=0 weather=0 sr=0 ok=1
[slp_field] gdext path ACTIVE — first run elapsed=0.26ms (legacy GDScript baseline ~36ms; target < 3ms)
[DCSystemScheduler][RT] ocean_skip#22 tick=33 reason=policy_gated slices=0 elapsed=0.000 progress=0.000 source=day_changed
[climate][publish] day=31 round_ran=1 prod_stage=0xff scalar_mask=0x7f alb=0 veg=0 fb=0 weather=0 sr=0 ok=1
[climate][publish] day=32 round_ran=0 prod_stage=0x0 scalar_mask=0x0 alb=0 veg=0 fb=0 weather=0 sr=0 ok=1
[DCSystemScheduler][RT] ocean_skip#23 tick=34 reason=policy_gated slices=0 elapsed=0.000 progress=0.000 source=day_changed
[DCSystemScheduler][RT] ocean_skip#24 tick=35 reason=policy_gated slices=0 elapsed=0.000 progress=0.000 source=day_changed
[climate][publish] day=33 round_ran=1 prod_stage=0xff scalar_mask=0x7f alb=0 veg=0 fb=0 weather=0 sr=0 ok=1
[DCSystemScheduler][RT] ocean_skip#25 tick=37 reason=policy_gated slices=0 elapsed=0.000 progress=0.000 source=day_changed
[clock/step] delta=12.3ms speed=50x target=0.61d cap=0.23d/f cost=34.60ms ran=0 pulse=8.13ms loop=0.00ms full=8.78ms carry=0.07 barrier=
[DCSystemScheduler][RT] ocean_skip#26 tick=38 reason=policy_gated slices=0 elapsed=0.000 progress=0.000 source=day_changed
[DCSystemScheduler][RT] ocean_skip#27 tick=39 reason=policy_gated slices=0 elapsed=0.000 progress=0.000 source=day_changed
[psi_solver] path-decision call#1: prof=true pflag_attr=true pflag_val=true ext=true method=true idx=true heat=true -> cpp_gate=true
[psi_solver] gdext path ACTIVE — first run elapsed=0.52ms (legacy GDScript stage3+4+5 baseline ~32+ms; target < 5ms)
[psi_solver] commit-diag call#1: rc=0.519 n_water=1485 n_cells=2400 published=true
[DCSystemScheduler][RT] ocean_skip#28 tick=41 reason=policy_gated slices=0 elapsed=0.000 progress=0.000 source=day_changed
[DCSystemScheduler][RT] ocean_skip#29 tick=43 reason=policy_gated slices=0 elapsed=0.000 progress=0.000 source=day_changed
[upwelling/DIAG#1] gate: prof=true pflag_attr=true pflag_val=true ext=true method=true wind_cpp=true idx=true -> cpp_gate=true
[upwelling/DIAG#1] cpp-call: ret_type=27 fallback=false reason='' elapsed_native_ms=0.007
[upwelling/DIAG#1] BREAKDOWN: T1_nb_pack=0.00ms T2_knobs=0.01ms T3_refresh_slots=0.12ms T4_cpp_call=0.02ms (n=2400)
[DCSystemScheduler][RT] ocean_skip#30 tick=45 reason=policy_gated slices=0 elapsed=0.000 progress=0.000 source=day_changed
[DCSystemScheduler][RT] ocean_skip#31 tick=46 reason=policy_gated slices=0 elapsed=0.000 progress=0.000 source=day_changed
[DCSystemScheduler][RT] ocean_skip#32 tick=47 reason=policy_gated slices=0 elapsed=0.000 progress=0.000 source=day_changed
[DCSystemScheduler][RT] ocean_skip#33 tick=49 reason=policy_gated slices=0 elapsed=0.000 progress=0.000 source=day_changed
[season_refresh] x2 slots: refresh=1 skip=0 (期望 refresh=1 skip=11 全 gdext 路径)
[DCSystemScheduler][RT] ocean_skip#34 tick=50 reason=policy_gated slices=0 elapsed=0.000 progress=0.000 source=day_changed
[DCSystemScheduler][RT] ocean_skip#35 tick=51 reason=policy_gated slices=0 elapsed=0.000 progress=0.000 source=day_changed
[clock/step] delta=11.7ms speed=50x target=0.58d cap=0.25d/f cost=32.14ms ran=0 pulse=6.86ms loop=0.00ms full=7.19ms carry=0.06 barrier=country_day_barrier,economy_day_barrier
[DCSystemScheduler][RT] ocean_skip#36 tick=53 reason=policy_gated slices=0 elapsed=0.000 progress=0.000 source=day_changed
[DCSystemScheduler][RT] ocean_skip#37 tick=55 reason=policy_gated slices=0 elapsed=0.000 progress=0.000 source=day_changed
[DCSystemScheduler][RT] ocean_skip#38 tick=57 reason=policy_gated slices=0 elapsed=0.000 progress=0.000 source=day_changed
[DCSystemScheduler][RT] ocean_skip#39 tick=58 reason=policy_gated slices=0 elapsed=0.000 progress=0.000 source=day_changed
[DCSystemScheduler][RT] ocean_skip#40 tick=59 reason=frame_budget_exhausted slices=0 elapsed=0.000 progress=0.000 source=day_changed
[DCSystemScheduler][RT] ocean_skip#41 tick=61 reason=policy_gated slices=0 elapsed=0.000 progress=0.000 source=day_changed
[DCSystemScheduler][RT] ocean_skip#42 tick=62 reason=policy_gated slices=0 elapsed=0.000 progress=0.000 source=day_changed
[DCSystemScheduler][RT] ocean_skip#43 tick=63 reason=policy_gated slices=0 elapsed=0.000 progress=0.000 source=day_changed
[DCSystemScheduler][RT] ocean_skip#44 tick=65 reason=policy_gated slices=0 elapsed=0.000 progress=0.000 source=day_changed
[clock/step] delta=11.1ms speed=50x target=0.56d cap=0.20d/f cost=39.83ms ran=0 pulse=0.00ms loop=0.00ms full=0.34ms carry=0.56 barrier=
[DCSystemScheduler][RT] ocean_skip#45 tick=67 reason=policy_gated slices=0 elapsed=0.000 progress=0.000 source=day_changed
[DCSystemScheduler][RT] ocean_skip#46 tick=69 reason=policy_gated slices=0 elapsed=0.000 progress=0.000 source=day_changed
[DCSystemScheduler][RT] ocean_skip#47 tick=70 reason=policy_gated slices=0 elapsed=0.000 progress=0.000 source=day_changed
[DCSystemScheduler][RT] ocean_skip#48 tick=71 reason=policy_gated slices=0 elapsed=0.000 progress=0.000 source=day_changed
[DCSystemScheduler][RT] ocean_skip#49 tick=73 reason=policy_gated slices=0 elapsed=0.000 progress=0.000 source=day_changed
[DCSystemScheduler][RT] ocean_skip#50 tick=74 reason=policy_gated slices=0 elapsed=0.000 progress=0.000 source=day_changed
[DCSystemScheduler][RT] ocean_skip#51 tick=75 reason=policy_gated slices=0 elapsed=0.000 progress=0.000 source=day_changed
[phys_solve][RT] start#2 phase=0.8324 pending=nan solve_ocean=false ext=true idx=true soa=true
[DCSystemScheduler][RT] ocean_skip#52 tick=77 reason=policy_gated slices=0 elapsed=0.000 progress=0.000 source=day_changed
[clock/step] delta=16.7ms speed=50x target=0.83d cap=0.22d/f cost=37.07ms ran=0 pulse=0.38ms loop=0.00ms full=0.84ms carry=0.41 barrier=
[DCSystemScheduler][RT] ocean_skip#53 tick=79 reason=policy_gated slices=0 elapsed=0.000 progress=0.000 source=day_changed
[season_refresh] b_plus_finish path=gdext native_ms=1.000 slices=2 stages_done=12
[DCSystemScheduler][RT] ocean_skip#54 tick=81 reason=policy_gated slices=0 elapsed=0.000 progress=0.000 source=day_changed
[DCSystemScheduler][RT] ocean_skip#55 tick=82 reason=policy_gated slices=0 elapsed=0.000 progress=0.000 source=day_changed
[DCSystemScheduler][RT] ocean_skip#56 tick=83 reason=policy_gated slices=0 elapsed=0.000 progress=0.000 source=day_changed
[DCSystemScheduler][RT] ocean_skip#57 tick=84 reason=frame_budget_exhausted slices=0 elapsed=0.000 progress=0.000 source=day_changed
[DCSystemScheduler][RT] ocean_skip#58 tick=85 reason=policy_gated slices=0 elapsed=0.000 progress=0.000 source=day_changed
[DCSystemScheduler][RT] ocean_skip#59 tick=86 reason=policy_gated slices=0 elapsed=0.000 progress=0.000 source=day_changed
[DCSystemScheduler][RT] ocean_skip#60 tick=87 reason=policy_gated slices=0 elapsed=0.000 progress=0.000 source=day_changed
[DCSystemScheduler][RT] ocean_skip#61 tick=89 reason=policy_gated slices=0 elapsed=0.000 progress=0.000 source=day_changed
[DCSystemScheduler][RT] ocean_skip#62 tick=91 reason=policy_gated slices=0 elapsed=0.000 progress=0.000 source=day_changed
[clock/step] delta=22.1ms speed=50x target=1.10d cap=0.19d/f cost=43.15ms ran=0 pulse=8.62ms loop=0.00ms full=9.30ms carry=0.18 barrier=country_day_barrier,economy_day_barrier
[DCSystemScheduler][RT] ocean_skip#63 tick=93 reason=policy_gated slices=0 elapsed=0.000 progress=0.000 source=day_changed
[DCSystemScheduler][RT] ocean_skip#64 tick=94 reason=policy_gated slices=0 elapsed=0.000 progress=0.000 source=day_changed
[natural_resource/slow-dump] tick=100 day=100 wall=1.63 cpp=1.144 compute=1.103 loop=0.083 flush=0.074 wrapper=0.140 layout=cell_indices dispatches=0 resources=14/31 skipped_static=17 published=true total_delta=10117278.19074
[economy-open-finish] day=100 country=0.550 workset=0.027 fiscal=0.071 csr=0.005 recovery=0.001 vectors=1.223 audit=0.886 commands=0.001
[clock/step] delta=11.4ms speed=50x target=0.57d cap=0.20d/f cost=39.89ms ran=0 pulse=0.00ms loop=0.00ms full=0.43ms carry=0.26 barrier=
[clock/step] delta=2.7ms speed=50x target=0.14d cap=0.21d/f cost=38.99ms ran=0 pulse=0.00ms loop=0.00ms full=0.22ms carry=0.44 barrier=economy
[wind_field/B] path-decision call#1: prof=true pflag_attr=true pflag_val=true ext=true method=true idx=true -> cpp_gate=true
[native_daily/slow-dump] tick=123 day=123 sample=123 commit=-1 age=0/10 over=false state=active stage=climate_pass_a/climate_pass_a_struct node=climate_pass_a/climate_pass_a_struct cursor=0-1 cells=0-2400/2400 done=false progress=0.05 wall=5.05 shell=5.34 shell_gap=0.30 bundle=0.51 jit=0.00 keys=[] native_call=2.47 cpp=2.36 compute=0.00 refresh=0.01 flush=0.00 apply=2.06 round=2.36 weather=0.00 prebuilt=false path=gdext_native_daily_slice
[wind_field/B] path-decision call#2: prof=true pflag_attr=true pflag_val=true ext=true method=true idx=true -> cpp_gate=true
[wind_field/B] path-decision call#3: prof=true pflag_attr=true pflag_val=true ext=true method=true idx=true -> cpp_gate=true
[season_refresh] b_plus_start path=gdext handle=1 season=1 n_cells=2400
[clock/step] delta=56.7ms speed=50x target=2.84d cap=0.17d/f cost=45.72ms ran=0 pulse=9.46ms loop=0.00ms full=10.11ms carry=0.13 barrier=economy_day_barrier
[season_refresh] b_plus_finish path=gdext native_ms=0.925 slices=2 stages_done=12
[clock/step] delta=6.9ms speed=50x target=0.34d cap=0.16d/f cost=44.91ms ran=1 pulse=0.00ms loop=26.93ms full=27.38ms carry=0.10 barrier=native_daily_day_barrier
[clock/fat-day] loop=26.93ms largest=0.00ms job= stage= over_budget=false native_stage=climate_pass_a_struct
[psi_solver] path-decision call#2: prof=true pflag_attr=true pflag_val=true ext=true method=true idx=true heat=true -> cpp_gate=true
[psi_solver] commit-diag call#2: rc=0.338 n_water=1477 n_cells=2400 published=true
[clock/step] delta=7.8ms speed=50x target=0.39d cap=0.22d/f cost=35.58ms ran=0 pulse=0.00ms loop=0.00ms full=0.36ms carry=0.99 barrier=
[clock/step] delta=11.7ms speed=50x target=0.58d cap=0.19d/f cost=42.81ms ran=0 pulse=0.00ms loop=0.00ms full=0.25ms carry=0.40 barrier=
[natural_resource/slow-dump] tick=175 day=175 wall=3.78 cpp=0.252 compute=0.219 loop=0.046 flush=0.042 wrapper=3.142 layout=cell_indices dispatches=0 resources=14/31 skipped_static=17 published=true total_delta=-2754741.22018
[clock/step] delta=4.2ms speed=50x target=0.21d cap=0.20d/f cost=39.27ms ran=0 pulse=0.00ms loop=0.00ms full=0.52ms carry=0.83 barrier=
[season_refresh] b_plus_finish path=gdext native_ms=0.702 slices=2 stages_done=12
[clock/step] delta=49.6ms speed=50x target=2.48d cap=0.19d/f cost=42.86ms ran=0 pulse=10.28ms loop=0.00ms full=10.99ms carry=0.08 barrier=economy_day_barrier
[phys_solve][RT] start#3 phase=2.1904 pending=nan solve_ocean=false ext=true idx=true soa=true
[economy-open-finish] day=200 country=0.586 workset=0.037 fiscal=0.085 csr=0.004 recovery=0.001 vectors=0.986 audit=1.021 commands=0.001
[clock/step] delta=11.1ms speed=50x target=0.56d cap=0.21d/f cost=38.37ms ran=0 pulse=0.00ms loop=0.00ms full=0.34ms carry=0.82 barrier=
[clock/step] delta=11.5ms speed=50x target=0.58d cap=0.21d/f cost=37.31ms ran=0 pulse=7.91ms loop=0.00ms full=8.59ms carry=0.31 barrier=
[clock/step] delta=13.9ms speed=50x target=0.69d cap=0.21d/f cost=37.58ms ran=0 pulse=8.06ms loop=0.00ms full=8.72ms carry=0.12 barrier=
[season_refresh] b_plus_start path=gdext handle=1 season=2 n_cells=2400
[season_refresh] b_plus_finish path=gdext native_ms=1.027 slices=2 stages_done=12
[clock/step] delta=13.2ms speed=50x target=0.66d cap=0.24d/f cost=33.94ms ran=0 pulse=9.29ms loop=0.00ms full=9.92ms carry=0.13 barrier=country_day_barrier,economy_day_barrier
[psi_solver] path-decision call#3: prof=true pflag_attr=true pflag_val=true ext=true method=true idx=true heat=true -> cpp_gate=true
[psi_solver] commit-diag call#3: rc=0.543 n_water=1471 n_cells=2400 published=true
ERROR: [stage-c/client] income test worker did not start
   at: push_error (core/variant/variant_utility.cpp:1024)
   GDScript backtrace (most recent call first):
       [0] _fail (res://tests/authority_stage_c_client_runner.gd:501)
       [1] _on_world_ready (res://tests/income_tax_player_regression.gd:17)
ERROR: 44 RID allocations of type 'PN13RendererDummy14TextureStorage12DummyTextureE' were leaked at exit.
ERROR: 16 RID allocations of type 'PN18TextServerAdvanced22ShapedTextDataAdvancedE' were leaked at exit.
ERROR: 1 RID allocations of type 'PN18TextServerAdvanced12FontAdvancedE' were leaked at exit.
WARNING: ObjectDB instances leaked at exit (run with --verbose for details).
   at: cleanup (core/object/object.cpp:2641)
ERROR: 986 resources still in use at exit (run with --verbose for details).
   at: clear (core/io/resource.cpp:810)
