Godot Engine v4.6.2.stable.official.71f334935 - https://godotengine.org

  [PASS] economy catalog compiles
[DCWorldExt] bind_map_data: 148 components bound (auto-registered=148; snapshot model; see world_ext.cpp comment & charter Â§11)
  [PASS] map binds to native world
  [PASS] modifier runtime configures
  [PASS] effect runtime configures for built-in colonization transactions
  [PASS] country runtime configures
  [PASS] one-cell country bootstraps
  [PASS] economy runtime configures
  [PASS] packed six-neighbor topology configures
  [PASS] economy and founder family bootstrap
  [PASS] coastal kit expedition starts before the interior landing
  [PASS] coastal cell keeps kit buildings as the higher-index producer
[research-procure-diag] day=5 phase=0 done=0 cands=1 cursor=0 enabled=0 remain=0 budget=0 gate_mask=0x1c research_gate=0 orders=0 rej=0 procured=0 last_err=
  [PASS] interior kit expedition starts toward the mid-index cell
interior_landing_check landed=true expedition={ "ok": false, "code": "colonization_expedition_invalid" } building_types=[72, 103] population=3 fatal=false goods_error=-104821 money_error=0 population_error=0
  [FAIL] mid-index kit landing during a frozen cycle stays conserved
=== family colonization interior probe: 1 failures ===
ERROR: 11 RID allocations of type 'PN13RendererDummy14TextureStorage12DummyTextureE' were leaked at exit.
ERROR: 1 RID allocations of type 'PN18TextServerAdvanced12FontAdvancedE' were leaked at exit.
WARNING: ObjectDB instances leaked at exit (run with --verbose for details).
   at: cleanup (core/object/object.cpp:2641)
ERROR: 312 resources still in use at exit (run with --verbose for details).
   at: clear (core/io/resource.cpp:810)
