Godot Engine v4.6.2.stable.official.71f334935 - https://godotengine.org

=== CLM2 save roundtrip (GDScript layer) ===
[native_generation/base] path=gdext algorithm=post_base_priority_flood_hydrology_v3 n=600 native_ms=1.645 water=340 land=260
[native_generation/post_base] path=gdext algorithm=post_base_priority_flood_hydrology_v3 n=600 native_ms=0.460 lakes=0 rivers=31 volcanoes=0
[native_generation/vegetation] native_ms=0.167 candidates=260 none=234 score=[0.320,1.144,1.040] plant_water_land=258 river_adjacent_desert=0 coastal_highland_desert=0 terrain_weight=[0.180,1.200]
[native_generation/qa] single_water=0 tiny<=3=0 small<=5=0 bodies=2 largest=219 | land_below_sea=0.0% | terr_distinct=18 entropy=3.370bit | river_ratio=5.167%
MapGenerator v7: per-cell 26ms (600 cells, path=gdext)
MapBaker v6: hm=(1024, 622) seed=20260906
    [fused] terrain=85.0ms erosion=3.8ms(ok=true) river=11.8ms(ok=true) latitude=0.1ms coast_sdf=5.0ms(ok=true)
  geometry fields (fused C++): 163ms
  physical circulation hex solve: deferred until DCWorldExt bind (ext=true idx=true soa=false)
  wind/ocean pixel buffers: skipped (ocean_current_visual off)
  visual tiles: {"degradation_reason":"","effective_budget_px":359168,"effective_texels_per_hex":14.1546235227872,"effective_world_units_per_texel":"(1.553198, 1.555328)","estimated_peak_bytes":14275872,"estimated_resident_bytes":8419104,"fallback_reason":"","generation_id":1,"grid_size":"(2, 1)","gutter_px":2,"hex_size":22.0,"horizon_path":"neutral_pending","interior_size":"(368, 488)","layer_size":"(372, 492)","layers":[{"bake_ms":72.9941,"coast_sdf_max_dist_px":6.28249503288226,"distance_scale":0.785311879110282,"edge_distance_saturate_hex":0.9,"edge_distance_units":"normalized_hex_center_gap","hashes":{"edge_distance":-503819778795721376,"edge_neighbor":2788898301966283904,"height":-5381106427102642380,"map_index":8964687348077319449,"terrain_detail":6350920819943345201,"terrain_normal":7663629276374855693,"water_depth":-8241205024263498032},"layer":0,"normal_radius_px":"(19, 19)","raster_scale":"(0.786059, 0.784566)","river_sdf_max_dist_px":2.74859157688599,"shore_carve_band_px":5,"upload_ms":0.063,"wall_ms":73.185},{"bake_ms":97.405,"coast_sdf_max_dist_px":6.28249503288226,"distance_scale":0.785311879110282,"edge_distance_saturate_hex":0.9,"edge_distance_units":"normalized_hex_center_gap","hashes":{"edge_distance":2799077768049252036,"edge_neighbor":157152926490831992,"height":-4629148472821352087,"map_index":8951332772122235877,"terrain_detail":-6003894515352276799,"terrain_normal":-8341904392566595311,"water_depth":-3909871321269033544},"layer":1,"normal_radius_px":"(19, 19)","raster_scale":"(0.786059, 0.784566)","river_sdf_max_dist_px":2.74859157688599,"shore_carve_band_px":5,"upload_ms":0.07,"wall_ms":97.635}],"logical_size":"(736, 488)","mode":"tiled","path":"visual_tiled_static","profile":"desktop_auto","renderer":"mobile","requested_budget_px":351624,"requested_texels_per_hex":14.0,"requested_tile_world_span":"(804.5714, 804.5714)","requested_world_units_per_texel":1.57142857142857,"tile_world_area":433826.777709961,"tile_world_span":"(571.5768, 759.0)","total_ms":171.772,"visual_domain":"[P: (0.0, -44.0), S: (1143.154, 759.0)]","wrap_period_x":1143.15353299546,"wrap_x":true}
WARNING: Loaded resource as image file, this will not work on export: 'res://assets/textures/terrain_materials/organic.png'. Instead, import the image file as an Image resource and load it normally as a resource.
   at: load (core/io/image.cpp:2756)
   GDScript backtrace (most recent call first):
       [0] _build_terrain_material_tex (res://scripts/rendering/map_baker.gd:360)
       [1] get_or_build_shared_terrain_material_tex (res://scripts/rendering/map_baker.gd:343)
       [2] bake_world (res://scripts/rendering/map_baker.gd:1187)
       [3] generate (res://scripts/geography/map_generator.gd:1474)
       [4] generate_world (res://scripts/game/world_runtime_host.gd:498)
       [5] _run (res://tests/runtime_climate_save_roundtrip_test.gd:86)
       [6] _init (res://tests/runtime_climate_save_roundtrip_test.gd:46)
WARNING: Loaded resource as image file, this will not work on export: 'res://assets/textures/terrain_materials/dry_sand.png'. Instead, import the image file as an Image resource and load it normally as a resource.
   at: load (core/io/image.cpp:2756)
   GDScript backtrace (most recent call first):
       [0] _build_terrain_material_tex (res://scripts/rendering/map_baker.gd:360)
       [1] get_or_build_shared_terrain_material_tex (res://scripts/rendering/map_baker.gd:343)
       [2] bake_world (res://scripts/rendering/map_baker.gd:1187)
       [3] generate (res://scripts/geography/map_generator.gd:1474)
       [4] generate_world (res://scripts/game/world_runtime_host.gd:498)
       [5] _run (res://tests/runtime_climate_save_roundtrip_test.gd:86)
       [6] _init (res://tests/runtime_climate_save_roundtrip_test.gd:46)
WARNING: Loaded resource as image file, this will not work on export: 'res://assets/textures/terrain_materials/rock.png'. Instead, import the image file as an Image resource and load it normally as a resource.
   at: load (core/io/image.cpp:2756)
   GDScript backtrace (most recent call first):
       [0] _build_terrain_material_tex (res://scripts/rendering/map_baker.gd:360)
       [1] get_or_build_shared_terrain_material_tex (res://scripts/rendering/map_baker.gd:343)
       [2] bake_world (res://scripts/rendering/map_baker.gd:1187)
       [3] generate (res://scripts/geography/map_generator.gd:1474)
       [4] generate_world (res://scripts/game/world_runtime_host.gd:498)
       [5] _run (res://tests/runtime_climate_save_roundtrip_test.gd:86)
       [6] _init (res://tests/runtime_climate_save_roundtrip_test.gd:46)
WARNING: Loaded resource as image file, this will not work on export: 'res://assets/textures/terrain_materials/snow_wet.png'. Instead, import the image file as an Image resource and load it normally as a resource.
   at: load (core/io/image.cpp:2756)
   GDScript backtrace (most recent call first):
       [0] _build_terrain_material_tex (res://scripts/rendering/map_baker.gd:360)
       [1] get_or_build_shared_terrain_material_tex (res://scripts/rendering/map_baker.gd:343)
       [2] bake_world (res://scripts/rendering/map_baker.gd:1187)
       [3] generate (res://scripts/geography/map_generator.gd:1474)
       [4] generate_world (res://scripts/game/world_runtime_host.gd:498)
       [5] _run (res://tests/runtime_climate_save_roundtrip_test.gd:86)
       [6] _init (res://tests/runtime_climate_save_roundtrip_test.gd:46)
  cell LUT encode: deferred until DCWorldExt bind
  encode: 2717ms
MapBaker v6: total 2880ms
MapGenerator v7: bake 2887ms
MapGenerator: skip _compute_ocean_currents (physical-hex path writes per-cell directly)
MapGenerator: skip _compute_terrain_perturbed_wind (physical-hex solver writes per-cell)
[SUS] sim budget strict=false frame=8.00ms warn=2.00ms slice=0.75ms upload=1.50ms scheduler=DCSystemScheduler native_sus=auto
[DCWorldExt] bind_map_data: 148 components bound (auto-registered=148; snapshot model; see world_ext.cpp comment & charter Â§11)
[DataCore] _data_core_world_ext bound=true (climate co-processor; class=DCWorldExt)
[native_world] configure rc=0 reason=configured cells=600 wrap_period_x=51.962
[native_generation] path=gdext n=600 published=9 native_ms=0.054 compute_ms=0.015 flush_ms=0.039
[hex_cell] facade ENABLED (600 cells bound; ext=true)
[DataCore] _baker climate_profile injected=true (fixes WorldData.config==null sea_ice prepare path)
[phys_solve][oneshot] OK slp=0.64ms wind=0.18ms psi=0.08ms(ran=true) upwelling=0.01ms total=1.08ms
PhysicalCirculation solve@phase=1.50 total=1ms (C++ one-shot run_physical_solve_pass)
  wind/ocean pixel buffers: skipped (ocean_current_visual off)
[physical_init] deferred native refresh complete: 1ms
[cell_lut] deferred encode: 0ms path=gdext
[bio-occupancy] seed landmasses=2 provinces=2 species=20 secondary_hearths=0
[bio-occupancy]   bio.maize envelope=50 hearth=19 seeded_landmasses=1 primary_landmass=1 primary_envelope=50 occupied=19 occupied/envelope=0.38
[bio-occupancy]   bio.wheat envelope=53 hearth=12 seeded_landmasses=1 primary_landmass=1 primary_envelope=53 occupied=12 occupied/envelope=0.23
[bio-occupancy]   bio.rice envelope=33 hearth=13 seeded_landmasses=1 primary_landmass=1 primary_envelope=33 occupied=13 occupied/envelope=0.39
[bio-occupancy]   bio.potato envelope=33 hearth=17 seeded_landmasses=1 primary_landmass=1 primary_envelope=33 occupied=17 occupied/envelope=0.52
[bio-occupancy]   bio.horse envelope=62 hearth=24 seeded_landmasses=1 primary_landmass=1 primary_envelope=62 occupied=24 occupied/envelope=0.39
[bio-occupancy]   bio.cotton envelope=66 hearth=7 seeded_landmasses=1 primary_landmass=1 primary_envelope=66 occupied=7 occupied/envelope=0.11
[bio-occupancy]   bio.flax envelope=52 hearth=14 seeded_landmasses=1 primary_landmass=1 primary_envelope=52 occupied=14 occupied/envelope=0.27
[bio-occupancy]   bio.spice envelope=48 hearth=6 seeded_landmasses=1 primary_landmass=1 primary_envelope=48 occupied=6 occupied/envelope=0.13
[bio-occupancy]   bio.rubber envelope=33 hearth=2 seeded_landmasses=1 primary_landmass=1 primary_envelope=33 occupied=2 occupied/envelope=0.06
[bio-occupancy]   bio.sheep envelope=34 hearth=3 seeded_landmasses=1 primary_landmass=1 primary_envelope=34 occupied=3 occupied/envelope=0.09
[bio-occupancy]   bio.goat envelope=117 hearth=40 seeded_landmasses=1 primary_landmass=1 primary_envelope=117 occupied=40 occupied/envelope=0.34
[bio-occupancy]   bio.cattle envelope=14 hearth=7 seeded_landmasses=1 primary_landmass=1 primary_envelope=14 occupied=7 occupied/envelope=0.50
[bio-occupancy]   bio.pig envelope=53 hearth=7 seeded_landmasses=1 primary_landmass=1 primary_envelope=53 occupied=7 occupied/envelope=0.13
[bio-occupancy]   bio.camel envelope=35 hearth=9 seeded_landmasses=1 primary_landmass=1 primary_envelope=35 occupied=9 occupied/envelope=0.26
[bio-occupancy]   bio.yak envelope=21 hearth=10 seeded_landmasses=1 primary_landmass=1 primary_envelope=21 occupied=10 occupied/envelope=0.48
[bio-occupancy]   bio.silkworm envelope=65 hearth=29 seeded_landmasses=1 primary_landmass=1 primary_envelope=65 occupied=29 occupied/envelope=0.45
[bio-occupancy]   bio.reed envelope=39 hearth=2 seeded_landmasses=1 primary_landmass=1 primary_envelope=39 occupied=2 occupied/envelope=0.05
[bio-occupancy]   bio.bast_fiber envelope=44 hearth=4 seeded_landmasses=1 primary_landmass=1 primary_envelope=44 occupied=4 occupied/envelope=0.09
[bio-occupancy]   bio.dye_plant envelope=74 hearth=34 seeded_landmasses=1 primary_landmass=1 primary_envelope=74 occupied=34 occupied/envelope=0.46
[bio-occupancy]   bio.medicinal_herb envelope=59 hearth=15 seeded_landmasses=1 primary_landmass=1 primary_envelope=59 occupied=15 occupied/envelope=0.25
[bio-occupancy]   landmass 1 classes=cold_grazer, dry_grazer, highland_food, fiber_forest, open_grazer, open_food, fiber_open, fiber_wet, tropical, forest_grazer, wetland_food foods=potato, wheat, maize, rice
[bio-occupancy]   landmass 2 classes=none foods=none
[weather] gdext acceleration ON (class=DCWorldExt)
[weather] gdext field commit ON
[weather] gdext distribute ON
[weather] gdext summary ON
[weather] hexcell facade ON (skip AoS double-write in hot loop)
[weather] gdext resident knobs ON (class=KnobsHandle)
ERROR: [economy] test bootstrap failed: bootstrap_construction_source_missing candidate_regions=2 skipped_regions=2 details=[{ "component_index": 0, "missing_timber": true, "missing_stone": true, "cell_count": 259, "first_cell": 49 }, { "component_index": 1, "missing_timber": true, "missing_stone": true, "cell_count": 1, "first_cell": 554 }] diagnostics={ "passable_cells": 260, "resource_positive_cells": { "fertile_soil": 257, "timber": 0, "stone": 0 }, "resource_peaks": { "fertile_soil": 350000.0, "timber": 0.0, "stone": 0.0 }, "root_buildings": { "timber_collector": 0, "stone_collector": 0 }, "fallback_roots": { "timber_collector": 0, "stone_collector": 0 } }
   at: push_error (core/variant/variant_utility.cpp:1024)
   GDScript backtrace (most recent call first):
       [0] _setup_economy_runtime (res://scripts/geography/map_generator.gd:1748)
       [1] _setup_sus (res://scripts/geography/map_generator.gd:3718)
       [2] generate (res://scripts/geography/map_generator.gd:1602)
       [3] generate_world (res://scripts/game/world_runtime_host.gd:498)
       [4] _run (res://tests/runtime_climate_save_roundtrip_test.gd:86)
       [5] _init (res://tests/runtime_climate_save_roundtrip_test.gd:46)
[weather/knobs] resident KnobsHandle path ACTIVE — first to_*_knobs_dict hit (field_rebuild_count=1 expected ≤1; stable Hz target ≤1 Hz)
[native_daily] ACTIVE: registered native_daily_sim + natural_resource_daily + bio_occupancy_daily; retained season_refresh + ocean_currents boundary jobs
[DCSystemScheduler] topology: ["season_refresh", "effect_runtime", "gameplay_effect", "natural_resource_daily", "bio_occupancy_daily", "enum_atlas_upload", "ocean_currents", "native_daily_sim", "dynamic_visual_atlas_upload"]
WARNING: [runtime-climate-round] no ClimateDailySystem; SHADOW capture carries no shared pass input
   at: push_warning (core/variant/variant_utility.cpp:1034)
   GDScript backtrace (most recent call first):
       [0] _build_runtime_climate_round_input (res://scripts/geography/map_generator.gd:4620)
       [1] capture_runtime_inputs_for_worker (res://scripts/geography/map_generator.gd:2351)
       [2] generate_world (res://scripts/game/world_runtime_host.gd:552)
       [3] _run (res://tests/runtime_climate_save_roundtrip_test.gd:86)
       [4] _init (res://tests/runtime_climate_save_roundtrip_test.gd:46)
[DCSystemScheduler][RT] ocean_skip#1 tick=1 reason=policy_gated slices=0 elapsed=0.000 progress=0.000 source=day_changed
[DCSystemScheduler][RT] ocean_skip#2 tick=2 reason=policy_gated slices=0 elapsed=0.000 progress=0.000 source=day_changed
[DCSystemScheduler][RT] ocean_skip#3 tick=3 reason=policy_gated slices=0 elapsed=0.000 progress=0.000 source=day_changed
[phys_solve][RT] start#1 phase=0.0438 pending=nan solve_ocean=true ext=true idx=true soa=true
[slp_field] path-decision call#1: prof=true pflag_attr=true pflag_val=true ext=true method=true idx=true -> cpp_gate=true
[slp_field] commit-diag call#1: rc=0.048 slp_out=600 n_cells=600 map_slp=600 slice=0:75 final=false published=false slot=19/600 reason=intermediate_slice
[slp_field][RT-DIAG] call#1 phase=0.0438 rc=0.048 slp_out=600 n=600 slice=0:75 final=false published=false slot=19/600 slot_reason=intermediate_slice -> intermediate_slice
[natural_resource/slow-dump] tick=5 day=5 wall=1.52 cpp=0.102 compute=0.084 loop=0.005 flush=0.049 wrapper=1.349 layout=cell_indices dispatches=0 resources=13/31 skipped_static=18 published=true total_delta=802998.82786
[DCSystemScheduler][RT] ocean_skip#4 tick=5 reason=policy_gated slices=0 elapsed=0.000 progress=0.000 source=day_changed
[DCSystemScheduler][RT] ocean_skip#5 tick=7 reason=policy_gated slices=0 elapsed=0.000 progress=0.000 source=day_changed
[climate][publish] day=0 round_ran=1 prod_stage=0xff scalar_mask=0x7f alb=0 veg=0 fb=0 weather=0 sr=0 ok=1
[climate][publish] day=1 round_ran=0 prod_stage=0x0 scalar_mask=0x0 alb=0 veg=0 fb=0 weather=0 sr=0 ok=1
[climate][publish] day=2 round_ran=0 prod_stage=0x0 scalar_mask=0x0 alb=0 veg=0 fb=0 weather=0 sr=0 ok=1
[climate][publish] day=3 round_ran=0 prod_stage=0x0 scalar_mask=0x0 alb=0 veg=0 fb=0 weather=0 sr=0 ok=1
[climate][publish] day=4 round_ran=0 prod_stage=0x0 scalar_mask=0x0 alb=0 veg=0 fb=0 weather=0 sr=0 ok=1
[climate][publish] day=5 round_ran=0 prod_stage=0x0 scalar_mask=0x0 alb=0 veg=0 fb=0 weather=0 sr=0 ok=1
[climate][publish] day=6 round_ran=0 prod_stage=0x0 scalar_mask=0x0 alb=0 veg=0 fb=0 weather=0 sr=0 ok=1
[climate][boundary] cold-start env_day=0 plan_day=1 ok=0 ref_hash=815918986327128472 adopted_parity=815918986327128472 round_ran=1
[slp_field] path-decision call#2: prof=true pflag_attr=true pflag_val=true ext=true method=true idx=true -> cpp_gate=true
[slp_field] commit-diag call#2: rc=0.095 slp_out=600 n_cells=600 map_slp=600 slice=75:150 final=false published=false slot=19/600 reason=intermediate_slice
[slp_field][RT-DIAG] call#2 phase=0.0438 rc=0.095 slp_out=600 n=600 slice=75:150 final=false published=false slot=19/600 slot_reason=intermediate_slice -> intermediate_slice
[climate/worker][b8] physics_knobs day=1 ready=0 missing=physics_knobs
[climate][boundary] day=1 planned=1 compared=1 matched=1 worker_parity=815918986327128472 ref=815918986327128472 stage_ran=0x0 prod_stage=0x0 round_ran=0 alb=0 veg=0 fb=0 err=
[country][parity] worker_day=1 uncompared reference_range=8..8 depth=1
[DCSystemScheduler][RT] ocean_skip#6 tick=9 reason=policy_gated slices=0 elapsed=0.000 progress=0.000 source=day_changed
[climate/worker][b8] physics_knobs day=2 ready=0 missing=physics_knobs
[climate][boundary] day=2 planned=1 compared=1 matched=1 worker_parity=815918986327128472 ref=815918986327128472 stage_ran=0x0 prod_stage=0x0 round_ran=0 alb=0 veg=0 fb=0 err=
[country][parity] worker_day=2 uncompared reference_range=8..8 depth=1
[DCSystemScheduler][RT] ocean_skip#7 tick=10 reason=policy_gated slices=0 elapsed=0.000 progress=0.000 source=day_changed
[climate/worker][b8] physics_knobs day=3 ready=0 missing=physics_knobs
[climate][boundary] day=3 planned=1 compared=1 matched=1 worker_parity=815918986327128472 ref=815918986327128472 stage_ran=0x0 prod_stage=0x0 round_ran=0 alb=0 veg=0 fb=0 err=
[country][parity] worker_day=3 uncompared reference_range=8..8 depth=1
FAIL: save bundle became ready (save_poll_timeout; report={ "runtime_domain_abi_version": 1, "pod_domain_abi_version": 3, "simulation_host_state": "PAUSED", "authority_ready": false, "graph_coverage_complete": false, "simulation_thread_mode": "SHADOW", "requested_simulation_thread_mode": "SHADOW", "simulation_worker_ready": false, "state": "PAUSED", "state_id": 3, "domain_abi_version": 1, "graph_coverage_state": "partial", "required_domain_mask": 4095, "implemented_domain_mask": 4095, "missing_domain_mask": 0, "completion_gate_missing_domain_mask": 0, "active_gate_blocked": false, "requested_authority_mask": 0, "authoritative_domain_mask": 0, "climate_worker_authoritative": false, "simulation_worker_blocker": "runtime_graph_not_ready", "simulation_committed_day": 3, "simulation_generation": 3, "generation": 3, "simulation_state_hash": -3746276397230081932, "state_hash": -3746276397230081932, "last_commit_produced_at_us": 473520275957, "last_visual_publish_at_us": 473520275957, "snapshot_staleness_ms": 4973.241, "ui_input_to_feedback_ms": 0.0, "visual_apply_ms": 0.0, "gpu_upload_ms": 0.0, "main_wait_on_sim_us": 0, "simulation_environment_generation": 10, "simulation_environment_day": 9, "simulation_environment_cell_count": 600, "simulation_environment_topology_validated": true, "simulation_invalid_environment_rejected": 0, "stale_environment_rejected": 0, "simulation_time_debt_days": 16.53424, "time_debt_days": 16.53424, "snapshot_publish_drop_count": 0, "snapshot_publish_throttled_count": 0, "command_queue_capacity_exceeded": 0, "receipt_queue_capacity_exceeded": 0, "worker_fault_count": 1, "day_stage_count": 12, "day_completed_stage_count": 1, "day_work_units": 5404, "completed_days": 3, "pod_completed_domain_mask": 4095, "pod_completed_stage_count": 12, "pod_work_units": 5404, "pod_intent_count": 0, "pod_fallback_count": 0, "economy_pod_ready": true, "economy_pod_committed": true, "economy_pod_authority_ready": false, "economy_pod_committed_day": 3, "economy_pod_epoch_sample_day": 3, "economy_pod_generation": 10, "economy_pod_state_hash": 7442701695389692865, "economy_pod_input_generation": 4, "economy_pod_country_generation": 1, "economy_pod_completed_stage_mask": 8191, "economy_pod_pending_outbox": 0, "economy_pod_pending_inbox": 0, "economy_pod_operation_gate_mask": 0, "economy_pod_parity_ready_mask": 0, "economy_pod_mirror_feature_mask": 0, "economy_pod_committed_ledger_abi": 3, "economy_pod_active_ready": false, "economy_authority_switch_count": 0, "economy_authority_switch_before_hash": 0, "economy_authority_switch_after_hash": 0, "economy_authority_switch_latency_us": 0, "economy_authority_switch_latency_p95_us": 0, "economy_authority_switch_latency_max_us": 0, "economy_authority_switch_command_latency_us": 0, "economy_authority_switch_command_latency_p95_us": 0, "economy_authority_switch_command_latency_max_us": 0, "economy_authority_switch_latency_sample_count": 0, "economy_authority_switch_rejected": 0, "economy_authority_switch_audit_sequence": 0, "economy_authority_switch_before_generation": 0, "economy_authority_switch_after_generation": 0, "economy_authority_fault_paused": true, "economy_authority_last_committed_generation": 0, "economy_authority_last_committed_hash": -5230962331274038445, "economy_inflight_mutations": 0, "worker_day_inflight": 0, "economy_pending_command_count": 8, "economy_authority_switch_reason": "", "economy_authority_switch_blocker": "", "economy_authority_switch_audit_before": "", "economy_authority_switch_audit_after": "", "economy_execution_mode": 0, "economy_execution_mode_name": "ACTIVE_ONLY", "economy_shadow_probe_enabled": false, "economy_shadow_stage_invocations": 0, "economy_shadow_stage_cache_hits": 0, "economy_stage_ops_mutate": true, "economy_auto_pod_active": false, "economy_pod_command_recapture_count": 0, "economy_pod_command_verify_count": 0, "economy_formula_backing": "ner_local", "economy_production_writer": "stage_ops", "economy_production_writer_requested": "stage_ops", "economy_production_writer_effective": "stage_ops", "economy_stage_ops_readiness_mask": 15, "economy_stage_ops_prelude_ready": false, "economy_stage_ops_soak_experiment": false, "economy_stage_ops_soak_parity_ok": true, "economy_replay_completed_stage_mask": 0, "economy_replay_stage_cursor": 0, "economy_replay_input_hash": 0, "economy_replay_base_hash": 0, "economy_replay_next_hash": 0, "economy_replay_input_captured": false, "economy_replay_committed": false, "economy_replay_parity_ready": false, "economy_replay_fallback_reason": "", "economy_replay_stage_hash": [0, 0, 0, 0, 0, 0, 0, 0, 0, 0, 0, 0, 0], "economy_replay_stage_work": [0, 0, 0, 0, 0, 0, 0, 0, 0, 0, 0, 0, 0], "economy_replay_stage_ms": [0.0, 0.0, 0.0, 0.0, 0.0, 0.0, 0.0, 0.0, 0.0, 0.0, 0.0, 0.0, 0.0], "domain_authority_planned_mask": 0, "domain_authority_committed_mask": 0, "domain_authority_ack_count": 0, "domain_authority_input_hash": 0, "domain_authority_state_hash": 0, "domain_authority_plan_ms": 5.5615, "domain_authority_replay_ms": 0.0, "domain_authority_fallback_reason": "country_snapshot_technology_words_unsupported", "domain_stage_fallback_count": 11, "domain_stage_fallback_reason": "domain_handler_not_migrated", "climate_pod_ready": true, "climate_pod_plan_ms": 2.6551, "climate_pod_replay_ms": 0.0042, "climate_pod_work_units": 0, "climate_pod_changed_cells": 0, "climate_stage_ms": [0.0, 0.0, 0.0, 0.0, 0.0, 0.0, 0.0, 0.0, 0.0, 0.0, 0.0, 0.0, 0.0, 0.0], "climate_stage_work": [0, 0, 0, 0, 0, 0, 0, 0, 0, 0, 0, 0, 0, 0], "climate_stage_names": ["PASS_A", "PASS_B", "OCEAN_WATER", "OCEAN_LAND", "WIND_AIR", "WIND_SURFACE", "SEA_ICE", "TRANSPIRATION", "ALBEDO", "VEGETATION_DYNAMICS", "CLIMATE_FEEDBACK", "WEATHER", "RUNTIME_HYDROLOGY", "STAGE_B_AFTER_HYDROLOGY"], "climate_pod_state_hash": -2499912309688571410, "climate_pod_reference_hash": 815918986327128472, "climate_pod_parity_compared": true, "climate_pod_parity_matched": true, "climate_pod_parity_mismatch_count": 0, "climate_pod_parity_reason": "ok", "climate_pod_fallback_reason": "", "climate_parity_day": 3, "climate_parity_stage": 0, "climate_parity_cell": 0, "climate_parity_input_generation": 4, "climate_parity_base_generation": 4, "climate_parity_trace_hash": -5871916043366846278, "climate_parity_field": "", "climate_parity_reference_bits": "", "climate_parity_worker_bits": "", "climate_production_stage_mask": 0, "climate_worker_stage_mask": 0, "climate_cyclone_alive": 0, "climate_cyclone_injected": 0, "climate_cyclone_replaced": 0, "climate_cyclone_decayed": 0, "climate_cyclone_touched": 0, "climate_committed_day": 3, "climate_consumed_generation": 0, "environment_published_days": 10, "environment_consumed_days": 0, "environment_superseded_days": 6, "environment_dropped_days": 6, "environment_ring_pending": 4, "climate_wait_total_ms": 0, "climate_wait_last_ms": 0, "climate_wait_max_ms": 0, "climate_trace_depth": 6, "climate_trace_front_day": 4, "climate_trace_lag_days": 0, "climate_trace_latest_hash": -5871916043366846278, "climate_trace_consumed": 4, "climate_trace_missing": 6, "climate_trace_captured": 3, "climate_trace_reference_ready": 0, "climate_trace_consumable": 3, "climate_trace_reference_rejected": 0, "climate_trace_reference_pending": 6, "climate_trace_capacity_exceeded": 0, "coverage_blocker": "runtime_graph_not_ready", "fault_code": "economy_not_bootstrapped", "country_pod_snapshot_generation": 0, "country_pod_state_hash": 0, "country_pod_work_units": 0, "country_pod_active_country_count": 0, "country_pod_active_index_count": 0, "country_pod_pending_checks": 0, "country_pod_ack_pending": false, "country_pod_blocker": "", "country_worker_configured": true, "country_worker_plan_active": false, "country_worker_waiting_for_peer": false, "country_worker_pending_intents": 0, "country_worker_queued_intents": 0, "country_worker_result_count": 0, "country_worker_rejected_results": 0, "country_worker_session_epoch": 2, "country_worker_country_generation": 1, "country_worker_day": 3, "country_worker_continuation_index": 0, "country_worker_boundary_id": 3, "country_worker_last_admitted_submit_order": 0, "country_worker_expected_base_generation": 0, "country_worker_catalog_hash": 0, "country_worker_last_reason": "", "country_worker_authoritative": false, "modifier_worker_authoritative": false, "effect_worker_authoritative": false, "ideology_worker_authoritative": false, "trigger_worker_authoritative": false, "events_worker_authoritative": false, "country_parity_compared": false, "country_parity_matched": false, "country_parity_compared_count": 0, "country_parity_matched_count": 0, "country_parity_status": "uncompared", "country_parity_first_mismatch_day": -1, "country_parity_reference_hash": 0, "country_parity_worker_hash": -1503999678651257347, "country_parity_field": "", "country_parity_index": -1, "trigger_parity_day": 3, "trigger_reference_day": 8, "trigger_input_hash": 4, "trigger_reference_input_hash": 9, "trigger_reference_state_hash": 54632272224994643, "trigger_worker_state_hash": 6283742711021035366, "trigger_reference_effect_hash": 5187598658539770339, "trigger_worker_effect_hash": 5187598658539770339, "trigger_required_ack_count": 0, "trigger_received_ack_count": 0, "trigger_pending_ack_count": 0, "trigger_generation": 3, "trigger_committed_day": 3, "trigger_acked_effect_id": 0, "trigger_pending_command_count": 7, "trigger_parity_compared": false, "trigger_parity_matched": false, "trigger_first_divergence_index": -1, "trigger_first_divergence_kind": "", "trigger_blocker": "trigger_reference_pending", "trigger_pod_ready": false, "trigger_pod_plan_ms": 0.0, "trigger_pod_replay_ms": 0.0, "trigger_pod_state_hash": 0, "trigger_pod_snapshot_generation": 0, "trigger_pod_intent_count": 0, "trigger_pod_ack_count": 0, "trigger_pod_fallback_reason": "", "modifier_pod_ready": true, "modifier_pod_plan_ms": 0.0, "modifier_pod_replay_ms": 0.0, "modifier_pod_work_units": 0, "modifier_pod_state_hash": 4086609180920079675, "modifier_pod_snapshot_generation": 0, "modifier_pod_ack_count": 0, "modifier_pod_fallback_reason": "", "effect_pod_ready": true, "effect_pod_plan_ms": 0.1307, "effect_pod_replay_ms": 0.001, "effect_pod_state_hash": 1374788532844872163, "effect_pod_snapshot_generation": 3, "effect_pod_ack_count": 0, "effect_pod_intent_count": 0, "effect_pod_fallback_reason": "", "ideology_pod_ready": false, "ideology_pod_plan_ms": 0.0, "ideology_pod_replay_ms": 0.0, "ideology_pod_state_hash": 0, "ideology_pod_snapshot_generation": 0, "ideology_pod_pending_transition_count": 0, "ideology_pod_intent_count": 0, "ideology_pod_fallback_reason": "ideology_opinion_snapshot_missing", "events_probe_enabled": false, "events_pod_ready": false, "events_pod_plan_ms": 0.0, "events_pod_replay_ms": 0.0, "events_pod_state_hash": 0, "events_pod_snapshot_generation": 0, "events_pod_event_count": 0, "events_pod_ack_count": 0, "events_pod_drop_count": 0, "events_pod_fallback_reason": "", "command_queue_depth": 0, "receipt_queue_depth": 3, "executor_backend": "native_fixed_pool", "hardware_threads": 32, "worker_threads": 16, "active_worker_limit": 16, "interactive": false, "dispatch_count": 6, "serial_dispatch_count": 0, "task_count": 96, "fault_count": 0, "thread_priority": "below_normal_windows" })
checks: 7, failures: 1
ERROR: 24 RID allocations of type 'PN13RendererDummy14TextureStorage12DummyTextureE' were leaked at exit.
WARNING: ObjectDB instances leaked at exit (run with --verbose for details).
   at: cleanup (core/object/object.cpp:2641)
ERROR: 310 resources still in use at exit (run with --verbose for details).
   at: clear (core/io/resource.cpp:810)
