Godot Engine v4.6.2.stable.official.71f334935 - https://godotengine.org

[native_generation/base] path=gdext algorithm=post_base_priority_flood_hydrology_v3 n=6400 native_ms=23.507 water=2363 land=4037
[native_generation/post_base] path=gdext algorithm=post_base_priority_flood_hydrology_v3 n=6400 native_ms=2.754 lakes=162 rivers=325 volcanoes=8
[native_generation/qa] single_water=0 tiny<=3=0 small<=5=0 bodies=6 largest=2258 | land_below_sea=0.2% | terr_distinct=26 entropy=3.833bit | river_ratio=5.078%
MapGenerator v7: per-cell 183ms (6400 cells, path=gdext_base)
MapBaker v6: hm=(1024, 578) seed=20260718
    [fused] terrain=909.2ms erosion=3.4ms(ok=true) river=19.0ms(ok=true) latitude=0.1ms coast_sdf=8.3ms(ok=true)
  geometry fields (fused C++): 1023ms
  physical circulation hex solve: deferred until DCWorldExt bind (ext=true idx=true soa=false)
  wind/ocean pixel buffers: skipped (ocean_current_visual off)
  encode: 2680ms
MapBaker v6: total 3706ms
MapGenerator v7: bake 3802ms
MapGenerator: skip _compute_ocean_currents (physical-hex path writes per-cell directly)
MapGenerator: skip _compute_terrain_perturbed_wind (physical-hex solver writes per-cell)
[SUS] sim budget strict=false frame=8.00ms warn=2.00ms slice=0.75ms upload=1.50ms scheduler=DCSystemScheduler native_sus=auto
[DCWorldExt] bind_map_data: 142 components bound (auto-registered=142; snapshot model; see world_ext.cpp comment & charter Â§11)
[DataCore] _data_core_world_ext bound=true (climate co-processor; class=DCWorldExt)
[native_world] configure rc=0 reason=configured cells=6400
[native_generation] path=gdext n=6400 published=9 native_ms=0.612 compute_ms=0.538 flush_ms=0.073
[hex_cell] facade ENABLED (6400 cells bound; ext=true)
[DataCore] _baker climate_profile injected=true (fixes WorldData.config==null sea_ice prepare path)
[phys_solve][oneshot] OK slp=1.93ms wind=0.95ms psi=0.72ms(ran=true) upwelling=0.11ms total=4.67ms
PhysicalCirculation solve@phase=1.50 total=5ms (C++ one-shot run_physical_solve_pass)
  wind/ocean pixel buffers: skipped (ocean_current_visual off)
[physical_init] deferred native refresh complete: 7ms
[weather] gdext acceleration ON (class=DCWorldExt)
[weather] gdext field commit ON
[weather] gdext distribute ON
[weather] gdext summary ON
[weather] hexcell facade ON (skip AoS double-write in hot loop)
[weather] gdext resident knobs ON (class=KnobsHandle)
[economy] ACTIVE native graph cells=6400 goods=120 cohorts=12566 epoch_days=5 trade=ACTIVE topology_ready=true topology_generation=1
[country] ACTIVE native authority countries=1 cells=6400 generation=1
[economy/test-bootstrap] scale_mode=resource_tiered populated_cells=2602 population=6937767 cohorts=12566 professions=7/33 building_groups=23489 building_types=14/261 capacity_buildings=109709->32412 trimmed=77297 population_range=0..11343 cap=150000 goods=120 tiers={ "tens": 651, "hundreds": 650, "thousands": 651, "ten_thousands": 650 } construction_regions=4/5 skipped=1
[weather/knobs] resident KnobsHandle path ACTIVE — first to_*_knobs_dict hit (field_rebuild_count=1 expected ≤1; stable Hz target ≤1 Hz)
[native_daily] ACTIVE: registered native_daily_sim + natural_resource_daily; retained season_refresh + ocean_currents boundary jobs
[DCSystemScheduler] topology: ["season_refresh", "natural_resource_daily", "enum_atlas_upload", "ocean_currents", "native_daily_sim", "dynamic_visual_atlas_upload", "country_daily", "economy_daily"]
[perf-record] start (start_tick=0)
[season_refresh] b_plus_start path=gdext handle=1 season=0 n_cells=6400
[ocean_currents][RT] skip#1 tick=1 reason=physical_policy_gated phys_round=false visual_round=false phys_done=false pending_commit=false cursor=0/0 tps=4 streak=0 tick_mod=1
[DCSystemScheduler][RT] ocean_skip#1 tick=1 reason=policy_gated slices=0 elapsed=0.000 progress=0.000 source=day_changed
[dc/terrain_mirror_sync] reason=sus_tick_pre terrain_mis=1160 isw_mis=0 terrain_written=true isw_written=false
[ocean_currents][RT] skip#2 tick=2 reason=physical_policy_gated phys_round=false visual_round=false phys_done=false pending_commit=false cursor=0/0 tps=4 streak=0 tick_mod=2
[DCSystemScheduler][RT] ocean_skip#2 tick=2 reason=policy_gated slices=0 elapsed=0.000 progress=0.000 source=day_changed
[ocean_currents][RT] skip#3 tick=3 reason=physical_policy_gated phys_round=false visual_round=false phys_done=false pending_commit=false cursor=0/0 tps=4 streak=0 tick_mod=3
[DCSystemScheduler][RT] ocean_skip#3 tick=3 reason=policy_gated slices=0 elapsed=0.000 progress=0.000 source=day_changed
[ocean_currents][RT] phys_round_start#1 tick=4 phase=0.0438 physical=true wind_period=6 ocean_period=60 slice_count=16 tps=4 max_slices=1 run_ocean=true need_visual=false phase_int=0 phase_seen=0 total_pixels=591872 visual_active=false
[phys_solve][RT] start#1 phase=0.0438 pending=nan solve_ocean=true ext=true idx=true soa=true
[slp_field] path-decision call#1: prof=true pflag_attr=true pflag_val=true ext=true method=true idx=true -> cpp_gate=true
[slp_field] commit-diag call#1: rc=0.095 slp_out=6400 n_cells=6400 map_slp=6400 published=false
[slp_field][RT-DIAG] call#1 phase=0.0438 rc=0.095 slp_out=6400 n=6400 published=false -> commit_ok
[ocean_currents][RT] phys_slice#1 tick=4 round=1 stage=phys_none->phys_slp done=false run_ocean=true need_visual=false elapsed=2.350 ocean_delta_p95=0.000000 wind_delta_p95=0.000000 slp_delta_p95=0.000000 psi_path=gdscript
[natural_resource/slow-dump] tick=5 day=5 wall=1.89 cpp=1.000 compute=0.985 loop=0.635 flush=0.125 wrapper=0.871 layout=cell_range_fused_seq_dt dispatches=0 resources=13/31 skipped_static=18 published=true total_delta=-129567254.64041
[ocean_currents][RT] skip#4 tick=5 reason=physical_policy_gated phys_round=true visual_round=false phys_done=false pending_commit=false cursor=0/591872 tps=4 streak=0 tick_mod=1
[sea_ice/dt] call#1 dt_days=1.000 (last_pass_day=5.000, k x1.00)
[DCSystemScheduler][RT] ocean_skip#4 tick=5 reason=policy_gated slices=0 elapsed=0.000 progress=0.000 source=day_changed
[ocean_currents][daily_wind] #1 tick=6 stage=both ran=true path=gdext_daily_wind elapsed=2.174 slp=0.508 wind=0.884 passA=0.193 passB=0.057 norm=0.231 marshall=0.027 dominant=daily_wind_wind/0.884 delta=0.559140 reason=
[ocean_currents][RT] skip#5 tick=7 reason=physical_policy_gated phys_round=true visual_round=false phys_done=false pending_commit=false cursor=0/591872 tps=4 streak=0 tick_mod=3
[DCSystemScheduler][RT] ocean_skip#5 tick=7 reason=policy_gated slices=0 elapsed=0.000 progress=0.000 source=day_changed
[slp_field] path-decision call#2: prof=true pflag_attr=true pflag_val=true ext=true method=true idx=true -> cpp_gate=true
[slp_field] commit-diag call#2: rc=0.083 slp_out=6400 n_cells=6400 map_slp=6400 published=false
[slp_field][RT-DIAG] call#2 phase=0.0438 rc=0.083 slp_out=6400 n=6400 published=false -> commit_ok
[ocean_currents/STAGE-DIAG] init tick=8 round=1 stage=1/phys_slp path=gdext next=phys_slp elapsed_ms=1.72 slp_native=0.51 psi_native=-1.00 wind_dp95=0.559140 ocean_dp95=0.000000 slp_dp95=0.000000 phys_done=false need_visual=false
[ocean_currents][RT] phys_slice#2 tick=8 round=1 stage=phys_slp->phys_slp done=false run_ocean=true need_visual=false elapsed=1.723 ocean_delta_p95=0.000000 wind_delta_p95=0.559140 slp_delta_p95=0.000000 psi_path=gdscript
[ocean_currents][RT] skip#6 tick=9 reason=physical_policy_gated phys_round=true visual_round=false phys_done=false pending_commit=false cursor=0/591872 tps=4 streak=0 tick_mod=1
[DCSystemScheduler][RT] ocean_skip#6 tick=9 reason=policy_gated slices=0 elapsed=0.000 progress=0.000 source=day_changed
[ocean_currents][RT] skip#7 tick=10 reason=physical_policy_gated phys_round=true visual_round=false phys_done=false pending_commit=false cursor=0/591872 tps=4 streak=0 tick_mod=2
[DCSystemScheduler][RT] ocean_skip#7 tick=10 reason=policy_gated slices=0 elapsed=0.000 progress=0.000 source=day_changed
[perf-record] exported rows=10 cols=1082 → D:/Godot/ProjectKeynes/Project.Keynes/tmp/perf_record_20260727_193455.csv
[headless-perf/result] label=mx_100x64 days=10 speed=20.000 seed=20260718 map=100x64 population_scale=0 saved_setup=false generation_ms=17314.5 run_ms=723.4 barrier_pulses=60 ledger_failures=0 fatal=false rows=10 expected_rows=10 path=D:/Godot/ProjectKeynes/Project.Keynes/tmp/perf_record_20260727_193455.csv
