Godot Engine v4.6.2.stable.official.71f334935 - https://godotengine.org

[native_generation/base] path=gdext algorithm=post_base_priority_flood_hydrology_v3 n=6400 native_ms=28.644 water=4142 land=2258
[native_generation/post_base] path=gdext algorithm=post_base_priority_flood_hydrology_v3 n=6400 native_ms=6.208 lakes=30 rivers=300 volcanoes=0
[native_generation/vegetation] native_ms=2.556 candidates=2137 none=3654 score=[0.000,1.064,1.147] plant_water_land=2255 river_adjacent_desert=0 coastal_highland_desert=0 terrain_weight=[0.180,1.200]
[native_generation/qa] single_water=0 tiny<=3=0 small<=5=0 bodies=2 largest=4105 | land_below_sea=0.2% | terr_distinct=24 entropy=3.024bit | river_ratio=4.688%
MapGenerator v7: per-cell 241ms (6400 cells, path=gdext)
MapBaker v6: hm=(1024, 578) seed=19991123
    [fused] terrain=79.4ms erosion=3.0ms(ok=true) river=15.5ms(ok=true) latitude=0.2ms coast_sdf=7.4ms(ok=true)
  geometry fields (fused C++): 222ms
  physical circulation hex solve: deferred until DCWorldExt bind (ext=true idx=true soa=false)
  wind/ocean pixel buffers: skipped (ocean_current_visual off)
  visual tiles: {"degradation_reason":"","effective_budget_px":3455040,"effective_texels_per_hex":14.0884494350151,"effective_world_units_per_texel":"(1.561685, 1.561441)","estimated_peak_bytes":137002320,"estimated_resident_bytes":80796240,"fallback_reason":"","generation_id":1,"grid_size":"(5, 3)","gutter_px":2,"hex_size":22.0,"horizon_path":"neutral_pending","interior_size":"(488, 472)","layer_size":"(492, 476)","layers":[{"bake_ms":216.9773,"coast_sdf_max_dist_px":19.5983294073761,"distance_scale":2.44979117592201,"edge_distance_saturate_hex":0.9,"edge_distance_units":"normalized_hex_center_gap","hashes":{"edge_distance":1498611210313382120,"edge_neighbor":1005562523882514657,"height":-2424503288646188737,"map_index":-2209097234314404674,"terrain_detail":6186431328292761184,"terrain_normal":-5427035521262458429,"water_depth":-4522784341937516354},"layer":0,"normal_radius_px":"(19, 19)","raster_scale":"(2.449755, 2.449827)","river_sdf_max_dist_px":8.57426911572705,"shore_carve_band_px":15,"upload_ms":0.089,"wall_ms":217.712},{"bake_ms":248.8733,"coast_sdf_max_dist_px":19.5983294073761,"distance_scale":2.44979117592201,"edge_distance_saturate_hex":0.9,"edge_distance_units":"normalized_hex_center_gap","hashes":{"edge_distance":-4950402997942453765,"edge_neighbor":-1817094073867092319,"height":-3555554020582645628,"map_index":-9200248246820509699,"terrain_detail":-7935255503121449438,"terrain_normal":8804733152022247106,"water_depth":384316541750636621},"layer":1,"normal_radius_px":"(19, 19)","raster_scale":"(2.449755, 2.449827)","river_sdf_max_dist_px":8.57426911572705,"shore_carve_band_px":15,"upload_ms":0.096,"wall_ms":249.595},{"bake_ms":132.5073,"coast_sdf_max_dist_px":19.5983294073761,"distance_scale":2.44979117592201,"edge_distance_saturate_hex":0.9,"edge_distance_units":"normalized_hex_center_gap","hashes":{"edge_distance":4243370179097460355,"edge_neighbor":-2473085161927184100,"height":6360186857840231496,"map_index":4979698449248676053,"terrain_detail":-5571335100742566399,"terrain_normal":-8328016798841089138,"water_depth":6025458680155794931},"layer":2,"normal_radius_px":"(19, 19)","raster_scale":"(2.449755, 2.449827)","river_sdf_max_dist_px":8.57426911572705,"shore_carve_band_px":15,"upload_ms":0.107,"wall_ms":133.291},{"bake_ms":104.6395,"coast_sdf_max_dist_px":19.5983294073761,"distance_scale":2.44979117592201,"edge_distance_saturate_hex":0.9,"edge_distance_units":"normalized_hex_center_gap","hashes":{"edge_distance":-4016242880810002576,"edge_neighbor":-683629665796388668,"height":8702107350557401802,"map_index":-2579555535752543796,"terrain_detail":4139408718546223794,"terrain_normal":470149099365916607,"water_depth":-6163108567949967460},"layer":3,"normal_radius_px":"(19, 19)","raster_scale":"(2.449755, 2.449827)","river_sdf_max_dist_px":8.57426911572705,"shore_carve_band_px":15,"upload_ms":0.076,"wall_ms":105.302},{"bake_ms":76.8373,"coast_sdf_max_dist_px":19.5983294073761,"distance_scale":2.44979117592201,"edge_distance_saturate_hex":0.9,"edge_distance_units":"normalized_hex_center_gap","hashes":{"edge_distance":-7704383429176326032,"edge_neighbor":-6877892940147537227,"height":-6656137775536266090,"map_index":2769139849576292525,"terrain_detail":-894614703239167692,"terrain_normal":-4017785901385395807,"water_depth":-5948097811057815944},"layer":4,"normal_radius_px":"(19, 19)","raster_scale":"(2.449755, 2.449827)","river_sdf_max_dist_px":8.57426911572705,"shore_carve_band_px":15,"upload_ms":0.091,"wall_ms":77.638},{"bake_ms":123.324,"coast_sdf_max_dist_px":19.5983294073761,"distance_scale":2.44979117592201,"edge_distance_saturate_hex":0.9,"edge_distance_units":"normalized_hex_center_gap","hashes":{"edge_distance":-7598640109446582885,"edge_neighbor":-1764245753992674974,"height":3085136291057531677,"map_index":-1430739236132223530,"terrain_detail":-1993308945813862946,"terrain_normal":-9014540121255119130,"water_depth":8310277919674605016},"layer":5,"normal_radius_px":"(19, 19)","raster_scale":"(2.449755, 2.449827)","river_sdf_max_dist_px":8.57426911572705,"shore_carve_band_px":15,"upload_ms":0.087,"wall_ms":124.06},{"bake_ms":170.3424,"coast_sdf_max_dist_px":19.5983294073761,"distance_scale":2.44979117592201,"edge_distance_saturate_hex":0.9,"edge_distance_units":"normalized_hex_center_gap","hashes":{"edge_distance":-1858353696028595544,"edge_neighbor":1108555598599322303,"height":5279460512384090023,"map_index":1868103588138778292,"terrain_detail":3443491598543143355,"terrain_normal":4101906281015449847,"water_depth":7731748450657180257},"layer":6,"normal_radius_px":"(19, 19)","raster_scale":"(2.449755, 2.449827)","river_sdf_max_dist_px":8.57426911572705,"shore_carve_band_px":15,"upload_ms":0.075,"wall_ms":170.902},{"bake_ms":165.2741,"coast_sdf_max_dist_px":19.5983294073761,"distance_scale":2.44979117592201,"edge_distance_saturate_hex":0.9,"edge_distance_units":"normalized_hex_center_gap","hashes":{"edge_distance":-5893058516336187516,"edge_neighbor":1442208126432080017,"height":6291317383759158604,"map_index":5153962804807059,"terrain_detail":-5278840651366733002,"terrain_normal":-485352952569404501,"water_depth":-4406563554687146176},"layer":7,"normal_radius_px":"(19, 19)","raster_scale":"(2.449755, 2.449827)","river_sdf_max_dist_px":8.57426911572705,"shore_carve_band_px":15,"upload_ms":0.077,"wall_ms":165.942},{"bake_ms":180.9123,"coast_sdf_max_dist_px":19.5983294073761,"distance_scale":2.44979117592201,"edge_distance_saturate_hex":0.9,"edge_distance_units":"normalized_hex_center_gap","hashes":{"edge_distance":-6318680840453701181,"edge_neighbor":6193403274120941793,"height":-1629093439846149104,"map_index":2338482008404816925,"terrain_detail":2347542797967897600,"terrain_normal":-7125435382722985188,"water_depth":-4418189563112331189},"layer":8,"normal_radius_px":"(19, 19)","raster_scale":"(2.449755, 2.449827)","river_sdf_max_dist_px":8.57426911572705,"shore_carve_band_px":15,"upload_ms":0.083,"wall_ms":181.458},{"bake_ms":184.3414,"coast_sdf_max_dist_px":19.5983294073761,"distance_scale":2.44979117592201,"edge_distance_saturate_hex":0.9,"edge_distance_units":"normalized_hex_center_gap","hashes":{"edge_distance":-1946363005395327418,"edge_neighbor":-6514032908187300227,"height":-3445649236888722378,"map_index":-3268205189313169653,"terrain_detail":3828129195704303385,"terrain_normal":-1366350488377847078,"water_depth":3292299298755204709},"layer":9,"normal_radius_px":"(19, 19)","raster_scale":"(2.449755, 2.449827)","river_sdf_max_dist_px":8.57426911572705,"shore_carve_band_px":15,"upload_ms":0.087,"wall_ms":185.047},{"bake_ms":59.4317,"coast_sdf_max_dist_px":19.5983294073761,"distance_scale":2.44979117592201,"edge_distance_saturate_hex":0.9,"edge_distance_units":"normalized_hex_center_gap","hashes":{"edge_distance":1678950708696106614,"edge_neighbor":1015721758964441636,"height":1914904177287321408,"map_index":-7078068996917816074,"terrain_detail":2959282876299837370,"terrain_normal":-7463143449815072581,"water_depth":-8579187032207655515},"layer":10,"normal_radius_px":"(19, 19)","raster_scale":"(2.449755, 2.449827)","river_sdf_max_dist_px":8.57426911572705,"shore_carve_band_px":15,"upload_ms":0.087,"wall_ms":60.167},{"bake_ms":107.326,"coast_sdf_max_dist_px":19.5983294073761,"distance_scale":2.44979117592201,"edge_distance_saturate_hex":0.9,"edge_distance_units":"normalized_hex_center_gap","hashes":{"edge_distance":810413171848159772,"edge_neighbor":5432655005942197615,"height":-2318953336515410300,"map_index":2356076352100002774,"terrain_detail":2852440910945261490,"terrain_normal":-7440979577096678345,"water_depth":5980043779242868296},"layer":11,"normal_radius_px":"(19, 19)","raster_scale":"(2.449755, 2.449827)","river_sdf_max_dist_px":8.57426911572705,"shore_carve_band_px":15,"upload_ms":0.072,"wall_ms":107.981},{"bake_ms":188.689,"coast_sdf_max_dist_px":19.5983294073761,"distance_scale":2.44979117592201,"edge_distance_saturate_hex":0.9,"edge_distance_units":"normalized_hex_center_gap","hashes":{"edge_distance":-3575228656758023210,"edge_neighbor":8551960486932143823,"height":-1137804919954186494,"map_index":4777840610901166573,"terrain_detail":1534918056969626317,"terrain_normal":-3231166642791118078,"water_depth":-4340499892174644134},"layer":12,"normal_radius_px":"(19, 19)","raster_scale":"(2.449755, 2.449827)","river_sdf_max_dist_px":8.57426911572705,"shore_carve_band_px":15,"upload_ms":0.167,"wall_ms":189.464},{"bake_ms":185.0261,"coast_sdf_max_dist_px":19.5983294073761,"distance_scale":2.44979117592201,"edge_distance_saturate_hex":0.9,"edge_distance_units":"normalized_hex_center_gap","hashes":{"edge_distance":-2794556244063640672,"edge_neighbor":-8840180479178680574,"height":738816896668637415,"map_index":-8345180581306644336,"terrain_detail":983150219155691097,"terrain_normal":6836204105224269564,"water_depth":-144633945769765355},"layer":13,"normal_radius_px":"(19, 19)","raster_scale":"(2.449755, 2.449827)","river_sdf_max_dist_px":8.57426911572705,"shore_carve_band_px":15,"upload_ms":0.079,"wall_ms":185.691},{"bake_ms":115.0284,"coast_sdf_max_dist_px":19.5983294073761,"distance_scale":2.44979117592201,"edge_distance_saturate_hex":0.9,"edge_distance_units":"normalized_hex_center_gap","hashes":{"edge_distance":3047036292607849804,"edge_neighbor":6185407933387684373,"height":-4135027997826964150,"map_index":2400843991318020671,"terrain_detail":-9051776929821328223,"terrain_normal":-9200788836641303759,"water_depth":-2678030446713504269},"layer":14,"normal_radius_px":"(19, 19)","raster_scale":"(2.449755, 2.449827)","river_sdf_max_dist_px":8.57426911572705,"shore_carve_band_px":15,"upload_ms":0.074,"wall_ms":115.67}],"logical_size":"(2440, 1416)","mode":"tiled","path":"visual_tiled_static","profile":"desktop_auto","renderer":"mobile","requested_budget_px":3411975,"requested_texels_per_hex":14.0,"requested_tile_world_span":"(804.5714, 804.5714)","requested_world_units_per_texel":1.57142857142857,"tile_world_area":561669.436340332,"tile_world_span":"(762.1024, 737.0)","total_ms":2270.6,"visual_domain":"[P: (0.0, -44.0), S: (3810.512, 2211.0)]","wrap_period_x":3810.51177665153,"wrap_x":true}
WARNING: Loaded resource as image file, this will not work on export: 'res://assets/textures/terrain_materials/organic.png'. Instead, import the image file as an Image resource and load it normally as a resource.
   at: load (core/io/image.cpp:2756)
   GDScript backtrace (most recent call first):
       [0] _build_terrain_material_tex (res://scripts/rendering/map_baker.gd:360)
       [1] get_or_build_shared_terrain_material_tex (res://scripts/rendering/map_baker.gd:343)
       [2] bake_world (res://scripts/rendering/map_baker.gd:1187)
       [3] generate (res://scripts/geography/map_generator.gd:1474)
       [4] generate_world (res://scripts/game/world_runtime_host.gd:670)
       [5] _run (res://tests/headless_perf_record.gd:226)
       [6] _init (res://tests/headless_perf_record.gd:28)
WARNING: Loaded resource as image file, this will not work on export: 'res://assets/textures/terrain_materials/dry_sand.png'. Instead, import the image file as an Image resource and load it normally as a resource.
   at: load (core/io/image.cpp:2756)
   GDScript backtrace (most recent call first):
       [0] _build_terrain_material_tex (res://scripts/rendering/map_baker.gd:360)
       [1] get_or_build_shared_terrain_material_tex (res://scripts/rendering/map_baker.gd:343)
       [2] bake_world (res://scripts/rendering/map_baker.gd:1187)
       [3] generate (res://scripts/geography/map_generator.gd:1474)
       [4] generate_world (res://scripts/game/world_runtime_host.gd:670)
       [5] _run (res://tests/headless_perf_record.gd:226)
       [6] _init (res://tests/headless_perf_record.gd:28)
WARNING: Loaded resource as image file, this will not work on export: 'res://assets/textures/terrain_materials/rock.png'. Instead, import the image file as an Image resource and load it normally as a resource.
   at: load (core/io/image.cpp:2756)
   GDScript backtrace (most recent call first):
       [0] _build_terrain_material_tex (res://scripts/rendering/map_baker.gd:360)
       [1] get_or_build_shared_terrain_material_tex (res://scripts/rendering/map_baker.gd:343)
       [2] bake_world (res://scripts/rendering/map_baker.gd:1187)
       [3] generate (res://scripts/geography/map_generator.gd:1474)
       [4] generate_world (res://scripts/game/world_runtime_host.gd:670)
       [5] _run (res://tests/headless_perf_record.gd:226)
       [6] _init (res://tests/headless_perf_record.gd:28)
WARNING: Loaded resource as image file, this will not work on export: 'res://assets/textures/terrain_materials/snow_wet.png'. Instead, import the image file as an Image resource and load it normally as a resource.
   at: load (core/io/image.cpp:2756)
   GDScript backtrace (most recent call first):
       [0] _build_terrain_material_tex (res://scripts/rendering/map_baker.gd:360)
       [1] get_or_build_shared_terrain_material_tex (res://scripts/rendering/map_baker.gd:343)
       [2] bake_world (res://scripts/rendering/map_baker.gd:1187)
       [3] generate (res://scripts/geography/map_generator.gd:1474)
       [4] generate_world (res://scripts/game/world_runtime_host.gd:670)
       [5] _run (res://tests/headless_perf_record.gd:226)
       [6] _init (res://tests/headless_perf_record.gd:28)
  cell LUT encode: deferred until DCWorldExt bind
  encode: 6314ms
MapBaker v6: total 6536ms
MapGenerator v7: bake 6667ms
MapGenerator: skip _compute_ocean_currents (physical-hex path writes per-cell directly)
MapGenerator: skip _compute_terrain_perturbed_wind (physical-hex solver writes per-cell)
[SUS] sim budget strict=false frame=8.00ms warn=2.00ms slice=0.75ms upload=1.50ms scheduler=DCSystemScheduler native_sus=auto
[DCWorldExt] bind_map_data: 148 components bound (auto-registered=148; snapshot model; see world_ext.cpp comment & charter Â§11)
[DataCore] _data_core_world_ext bound=true (climate co-processor; class=DCWorldExt)
[native_world] configure rc=0 reason=configured cells=6400 wrap_period_x=173.205
[native_generation] path=gdext n=6400 published=9 native_ms=0.301 compute_ms=0.220 flush_ms=0.081
[hex_cell] facade ENABLED (6400 cells bound; ext=true)
[DataCore] _baker climate_profile injected=true (fixes WorldData.config==null sea_ice prepare path)
[phys_solve][oneshot] OK slp=1.43ms wind=1.05ms psi=1.31ms(ran=true) upwelling=0.10ms total=5.42ms
PhysicalCirculation solve@phase=1.50 total=6ms (C++ one-shot run_physical_solve_pass)
  wind/ocean pixel buffers: skipped (ocean_current_visual off)
[physical_init] deferred native refresh complete: 6ms
[cell_lut] deferred encode: 5ms path=gdext
[bio-occupancy] seed landmasses=8 provinces=8 species=20 secondary_hearths=5
[bio-occupancy]   bio.maize envelope=141 hearth=35 seeded_landmasses=1 primary_landmass=1 primary_envelope=61 occupied=35 occupied/envelope=0.57
[bio-occupancy]   bio.wheat envelope=543 hearth=76 seeded_landmasses=1 primary_landmass=4 primary_envelope=343 occupied=76 occupied/envelope=0.22
[bio-occupancy]   bio.rice envelope=138 hearth=24 seeded_landmasses=2 primary_landmass=1 primary_envelope=62 occupied=24 occupied/envelope=0.39
[bio-occupancy]   bio.potato envelope=521 hearth=247 seeded_landmasses=2 primary_landmass=4 primary_envelope=343 occupied=247 occupied/envelope=0.72
[bio-occupancy]   bio.horse envelope=622 hearth=193 seeded_landmasses=1 primary_landmass=4 primary_envelope=391 occupied=193 occupied/envelope=0.49
[bio-occupancy]   bio.cotton envelope=272 hearth=47 seeded_landmasses=1 primary_landmass=4 primary_envelope=159 occupied=47 occupied/envelope=0.30
[bio-occupancy]   bio.flax envelope=514 hearth=109 seeded_landmasses=1 primary_landmass=4 primary_envelope=328 occupied=109 occupied/envelope=0.33
[bio-occupancy]   bio.spice envelope=257 hearth=21 seeded_landmasses=1 primary_landmass=4 primary_envelope=147 occupied=21 occupied/envelope=0.14
[bio-occupancy]   bio.rubber envelope=129 hearth=7 seeded_landmasses=1 primary_landmass=1 primary_envelope=14 occupied=7 occupied/envelope=0.50
[bio-occupancy]   bio.sheep envelope=196 hearth=42 seeded_landmasses=1 primary_landmass=1 primary_envelope=76 occupied=42 occupied/envelope=0.55
[bio-occupancy]   bio.goat envelope=1044 hearth=241 seeded_landmasses=2 primary_landmass=4 primary_envelope=635 occupied=241 occupied/envelope=0.38
[bio-occupancy]   bio.cattle envelope=57 hearth=1 seeded_landmasses=1 primary_landmass=4 primary_envelope=23 occupied=1 occupied/envelope=0.04
[bio-occupancy]   bio.pig envelope=644 hearth=178 seeded_landmasses=2 primary_landmass=4 primary_envelope=417 occupied=178 occupied/envelope=0.43
[bio-occupancy]   bio.camel envelope=109 hearth=6 seeded_landmasses=1 primary_landmass=4 primary_envelope=59 occupied=6 occupied/envelope=0.10
[bio-occupancy]   bio.yak envelope=481 hearth=193 seeded_landmasses=2 primary_landmass=1 primary_envelope=306 occupied=193 occupied/envelope=0.63
[bio-occupancy]   bio.silkworm envelope=315 hearth=86 seeded_landmasses=1 primary_landmass=4 primary_envelope=190 occupied=86 occupied/envelope=0.45
[bio-occupancy]   bio.reed envelope=325 hearth=64 seeded_landmasses=2 primary_landmass=4 primary_envelope=185 occupied=64 occupied/envelope=0.35
[bio-occupancy]   bio.bast_fiber envelope=517 hearth=131 seeded_landmasses=1 primary_landmass=4 primary_envelope=344 occupied=131 occupied/envelope=0.38
[bio-occupancy]   bio.dye_plant envelope=294 hearth=44 seeded_landmasses=1 primary_landmass=1 primary_envelope=87 occupied=44 occupied/envelope=0.51
[bio-occupancy]   bio.medicinal_herb envelope=884 hearth=239 seeded_landmasses=2 primary_landmass=4 primary_envelope=567 occupied=239 occupied/envelope=0.42
[bio-occupancy]   landmass 1 classes=cold_grazer, dry_grazer, fiber_forest, fiber_wet, highland_food, forest_grazer, open_grazer, open_food, fiber_open, wetland_food, tropical foods=potato, maize, rice
[bio-occupancy]   landmass 2 classes=none foods=none
[bio-occupancy]   landmass 3 classes=none foods=none
[bio-occupancy]   landmass 4 classes=fiber_wet, forest_grazer, tropical, fiber_forest, dry_grazer, fiber_open, open_food, open_grazer, highland_food, wetland_food, cold_grazer foods=wheat, potato, rice
[bio-occupancy]   landmass 5 classes=none foods=none
[bio-occupancy]   landmass 6 classes=none foods=none
[bio-occupancy]   landmass 7 classes=none foods=none
[bio-occupancy]   landmass 8 classes=none foods=none
[weather] gdext acceleration ON (class=DCWorldExt)
[weather] gdext field commit ON
[weather] gdext distribute ON
[weather] gdext summary ON
[weather] hexcell facade ON (skip AoS double-write in hot loop)
[weather] gdext resident knobs ON (class=KnobsHandle)
[economy] ACTIVE native graph cells=6400 goods=134 cohorts=16 epoch_days=1 trade=ACTIVE topology_ready=true topology_generation=1 bootstrap=starter_settlement_bootstrap_v9 founder_families=4 founder_people=4
[country] ACTIVE native authority countries=4 cells=6400 generation=1
[weather/knobs] resident KnobsHandle path ACTIVE — first to_*_knobs_dict hit (field_rebuild_count=1 expected ≤1; stable Hz target ≤1 Hz)
[native_daily] ACTIVE: registered native_daily_sim + natural_resource_daily + bio_occupancy_daily; retained season_refresh + ocean_currents boundary jobs
[DCSystemScheduler] topology: ["season_refresh", "trigger_runtime", "ideology_runtime", "effect_runtime", "modifier_daily", "gameplay_effect", "natural_resource_daily", "bio_occupancy_daily", "enum_atlas_upload", "ocean_currents", "native_daily_sim", "dynamic_visual_atlas_upload", "country_daily", "economy_daily"]
WARNING: [building-visual] disabled: building_visual_renderer_unavailable
   at: push_warning (core/variant/variant_utility.cpp:1034)
   GDScript backtrace (most recent call first):
       [0] generate_world (res://scripts/game/world_runtime_host.gd:705)
       [1] _run (res://tests/headless_perf_record.gd:226)
       [2] _init (res://tests/headless_perf_record.gd:28)
WARNING: [runtime-climate-round] no ClimateDailySystem; SHADOW capture carries no shared pass input
   at: push_warning (core/variant/variant_utility.cpp:1034)
   GDScript backtrace (most recent call first):
       [0] _build_runtime_climate_round_input (res://scripts/geography/map_generator.gd:4673)
       [1] capture_runtime_inputs_for_worker (res://scripts/geography/map_generator.gd:2356)
       [2] generate_world (res://scripts/game/world_runtime_host.gd:724)
       [3] _run (res://tests/headless_perf_record.gd:226)
       [4] _init (res://tests/headless_perf_record.gd:28)
WARNING: [runtime-worker] Ideology opinion publish deferred: ideology_opinion_snapshot_invalid
   at: push_warning (core/variant/variant_utility.cpp:1034)
   GDScript backtrace (most recent call first):
       [0] _start_production_shadow_worker (res://scripts/game/world_runtime_host.gd:815)
       [1] generate_world (res://scripts/game/world_runtime_host.gd:733)
       [2] _run (res://tests/headless_perf_record.gd:226)
       [3] _init (res://tests/headless_perf_record.gd:28)
[runtime-worker] production ACTIVE started mask=4095 auto_pod=false
[economy-climate-gate] day=1 climate_ok=0 stall=0x10 ring=0
[runtime-day-wait] day=1 env_day=0 missing=0x3ff stall=0x10 economy_input=-1
[runtime-day-wait] day=1 env_day=0 missing=0x3ff stall=0x10 economy_input=-1 ring=0 country=
[tech-ui-diag/query] apply ok gen=1 day=-1 view_gen=1 progress_total=0 pending_words=24
[perf-record] start (start_tick=0 mode=CORE detail_period=1)
[native_daily/slow-dump] tick=1 day=1 sample=1 commit=-1 age=0/10 over=false state=active stage=climate_pass_a/climate_pass_a_struct node=climate_pass_a/climate_pass_a_struct cursor=0-1 cells=0-6400/6400 done=false progress=0.05 wall=8.56 shell=8.75 shell_gap=0.18 bundle=0.28 jit=0.00 keys=[] native_call=8.06 cpp=7.93 compute=0.00 refresh=0.02 flush=0.00 apply=0.22 round=7.93 weather=0.00 prebuilt=false path=gdext_native_daily_slice
[DCSystemScheduler][RT] ocean_skip#1 tick=1 reason=policy_gated slices=0 elapsed=0.000 progress=0.000 source=day_changed
[climate/worker][b8] physics_knobs day=1 ready=0 missing=physics_knobs
[DCSystemScheduler][RT] ocean_skip#2 tick=2 reason=policy_gated slices=0 elapsed=0.000 progress=0.000 source=day_changed
[climate-kernel][round] shared=1 ok=1 n_cells=6400 mask=0x1FF ran=0x1FF starved=0x0 knobs_cells=6400
[country][parity] worker_day=1 uncompared reference_range=-1..-1 depth=0
[tech-ui-diag/query] apply ok gen=1 day=1 view_gen=1 progress_total=0 pending_words=24
[research-procure-diag] day=1 phase=0 done=0 cands=4 cursor=0 enabled=0 remain=0 budget=0 gate_mask=0x1e research_gate=1 orders=0 rej=0 procured=0 last_err=
[DCSystemScheduler][RT] ocean_skip#3 tick=2 reason=policy_gated slices=0 elapsed=0.000 progress=0.000 source=day_changed
[economy-mirror-cost] day=1 capture_ms=6.902 import_ms=15.474
[climate/writeback][b8] day=1 vapor store0=0 map0=0 dirty_fields=42 applied=42
[phys/knobs] projection ready: slp=31 wind=33 psi=26 up=10
[climate/worker][b8] physics_knobs day=2 ready=1 missing=
[DCSystemScheduler][RT] ocean_skip#4 tick=3 reason=policy_gated slices=0 elapsed=0.000 progress=0.000 source=day_changed
[climate/worker][b8] paw day=2 cell=218 moisture=0.959802 wb30=0 soil=0 paw=0.959802 zeros(water=4135 land=27) nonzero=2238 weights(wb=0.35 soil=0.25 dry=0.65) round=1 distribute=1 hydrology=0
[climate/worker][b8] cyclone_gate day=2 input_enabled=0 force_env=0 effective=0
[climate/worker][b8] weather_solve day=2 cells=6400 psi=1 vapor0=0.113304 precip0=0 cloud0=0.0312627 type0=0 field_init0=1
[country][parity] worker_day=2 uncompared reference_range=-1..-1 depth=0
[tech-ui-diag/query] apply ok gen=1 day=2 view_gen=1 progress_total=0 pending_words=24
[research-procure-diag] day=2 phase=0 done=0 cands=3 cursor=0 enabled=0 remain=0 budget=0 gate_mask=0x1e research_gate=1 orders=0 rej=0 procured=0 last_err=
[economy-mirror-cost] day=2 capture_ms=7.159 import_ms=25.364
[climate/writeback][b8] day=2 vapor store0=0.113304 map0=0.113304 dirty_fields=54 applied=54
[climate/worker][b8] physics_knobs day=3 ready=1 missing=
[climate/worker][b8] paw day=3 cell=218 moisture=0.950704 wb30=-0.00127894 soil=-0.00306946 paw=0.949872 zeros(water=4135 land=28) nonzero=2237 weights(wb=0.35 soil=0.25 dry=0.65) round=1 distribute=1 hydrology=0
[climate/worker][b8] cyclone_gate day=3 input_enabled=0 force_env=0 effective=0
[climate/worker][b8] weather_solve day=3 cells=6400 psi=1 vapor0=0.0494932 precip0=0.0334095 cloud0=0.0411655 type0=0 field_init0=1
[country][parity] worker_day=3 uncompared reference_range=-1..-1 depth=0
[tech-ui-diag/query] apply ok gen=1 day=3 view_gen=1 progress_total=0 pending_words=24
[climate][publish] day=0 round_ran=1 prod_stage=0xf scalar_mask=0xf alb=0 veg=0 fb=0 weather=0 sr=0 ok=1
[climate][publish] day=1 round_ran=0 prod_stage=0x0 scalar_mask=0x0 alb=0 veg=0 fb=0 weather=0 sr=0 ok=0
[economy-mirror-cost] day=3 capture_ms=6.940 import_ms=22.632
[climate/writeback][b8] day=3 vapor store0=0.0494932 map0=0.0494932 dirty_fields=54 applied=54
[climate][publish] day=1 round_ran=0 prod_stage=0x0 scalar_mask=0x0 alb=0 veg=0 fb=0 weather=0 sr=0 ok=0
[climate/worker][b8] physics_knobs day=4 ready=1 missing=
[climate/worker][b8] paw day=4 cell=218 moisture=0.948024 wb30=-0.00249231 soil=-0.00599178 paw=0.946404 zeros(water=4135 land=30) nonzero=2235 weights(wb=0.35 soil=0.25 dry=0.65) round=1 distribute=1 hydrology=0
[DCSystemScheduler][RT] ocean_skip#5 tick=5 reason=policy_gated slices=0 elapsed=0.000 progress=0.000 source=day_changed
[climate/worker][b8] weather_solve day=4 cells=6400 psi=1 vapor0=0.0400315 precip0=0.0407048 cloud0=0.0369708 type0=0 field_init0=1
[country][parity] worker_day=4 uncompared reference_range=-1..-1 depth=0
[tech-ui-diag/query] apply ok gen=1 day=4 view_gen=1 progress_total=0 pending_words=24
[research-procure-diag] day=4 phase=0 done=0 cands=1 cursor=0 enabled=0 remain=0 budget=0 gate_mask=0x3fe research_gate=1 orders=0 rej=0 procured=0 last_err=
[economy-mirror-cost] day=4 capture_ms=7.010 import_ms=23.238
[climate/writeback][b8] day=4 vapor store0=0.0400315 map0=0.0400315 dirty_fields=54 applied=54
[perf-record] start (start_tick=10 mode=CORE detail_period=1)
[climate/worker][b8] physics_knobs day=5 ready=1 missing=
[climate/worker][b8] paw day=5 cell=218 moisture=0.943145 wb30=-0.00362346 soil=-0.00872618 paw=0.94079 zeros(water=4135 land=31) nonzero=2234 weights(wb=0.35 soil=0.25 dry=0.65) round=1 distribute=1 hydrology=0
[climate/worker][b8] weather_solve day=5 cells=6400 psi=1 vapor0=0.0433505 precip0=0.0365274 cloud0=0.0338531 type0=3 field_init0=1
[country][parity] worker_day=5 uncompared reference_range=-1..-1 depth=0
[tech-ui-diag/query] apply ok gen=1 day=5 view_gen=1 progress_total=0 pending_words=24
[research-procure-diag] day=5 phase=0 done=0 cands=2 cursor=0 enabled=0 remain=0 budget=0 gate_mask=0x3fe research_gate=1 orders=0 rej=0 procured=0 last_err=
[climate][publish] day=1 round_ran=0 prod_stage=0x0 scalar_mask=0x0 alb=0 veg=0 fb=0 weather=0 sr=0 ok=0
[economy-mirror-cost] day=5 capture_ms=5.607 import_ms=17.958
[climate][publish] day=1 round_ran=0 prod_stage=0x0 scalar_mask=0x0 alb=0 veg=0 fb=0 weather=0 sr=0 ok=0
[climate/worker][b8] physics_knobs day=6 ready=1 missing=
[DCSystemScheduler][RT] ocean_skip#6 tick=7 reason=policy_gated slices=0 elapsed=0.000 progress=0.000 source=day_changed
[climate/worker][b8] paw day=6 cell=218 moisture=0.936702 wb30=-0.00466175 soil=-0.0112462 paw=0.933671 zeros(water=4135 land=31) nonzero=2234 weights(wb=0.35 soil=0.25 dry=0.65) round=1 distribute=1 hydrology=0
[country][parity] worker_day=6 uncompared reference_range=-1..-1 depth=0
[tech-ui-diag/query] apply ok gen=1 day=6 view_gen=1 progress_total=0 pending_words=24
[economy-mirror-cost] day=6 capture_ms=6.670 import_ms=19.709
[climate/worker][b8] paw day=7 cell=218 moisture=0.929889 wb30=-0.00560711 soil=-0.0135506 paw=0.926244 zeros(water=4135 land=32) nonzero=2233 weights(wb=0.35 soil=0.25 dry=0.65) round=1 distribute=1 hydrology=0
[country][parity] worker_day=7 uncompared reference_range=-1..-1 depth=0
[tech-ui-diag/query] apply ok gen=1 day=7 view_gen=1 progress_total=0 pending_words=24
[climate][publish] day=1 round_ran=0 prod_stage=0x0 scalar_mask=0x0 alb=0 veg=0 fb=0 weather=0 sr=0 ok=0
[economy-mirror-cost] day=7 capture_ms=7.218 import_ms=19.636
[climate][publish] day=1 round_ran=0 prod_stage=0x0 scalar_mask=0x0 alb=0 veg=0 fb=0 weather=0 sr=0 ok=0
[DCSystemScheduler][RT] ocean_skip#7 tick=9 reason=policy_gated slices=0 elapsed=0.000 progress=0.000 source=day_changed
[climate/worker][b8] paw day=8 cell=218 moisture=0.923138 wb30=-0.00646316 soil=-0.0156472 paw=0.918937 zeros(water=4135 land=30) nonzero=2235 weights(wb=0.35 soil=0.25 dry=0.65) round=1 distribute=1 hydrology=0
[country][parity] worker_day=8 uncompared reference_range=-1..-1 depth=0
[research-procure-diag] day=8 phase=0 done=0 cands=2 cursor=0 enabled=0 remain=0 budget=0 gate_mask=0x3fe research_gate=1 orders=0 rej=0 procured=0 last_err=
[economy-mirror-cost] day=8 capture_ms=6.451 import_ms=18.029
[climate/worker][b8] paw day=9 cell=218 moisture=0.916138 wb30=-0.00723075 soil=-0.017537 paw=0.911438 zeros(water=4135 land=28) nonzero=2237 weights(wb=0.35 soil=0.25 dry=0.65) round=1 distribute=1 hydrology=0
[DCSystemScheduler][RT] ocean_skip#8 tick=10 reason=policy_gated slices=0 elapsed=0.000 progress=0.000 source=day_changed
[climate][publish] day=1 round_ran=0 prod_stage=0x0 scalar_mask=0x0 alb=0 veg=0 fb=0 weather=0 sr=0 ok=0
[climate][publish] day=1 round_ran=0 prod_stage=0x0 scalar_mask=0x0 alb=0 veg=0 fb=0 weather=0 sr=0 ok=0
[DCSystemScheduler][RT] ocean_skip#9 tick=11 reason=policy_gated slices=0 elapsed=0.000 progress=0.000 source=day_changed
[climate/worker][b8] paw day=10 cell=218 moisture=0.909381 wb30=-0.00791491 soil=-0.0192313 paw=0.904236 zeros(water=4135 land=27) nonzero=2238 weights(wb=0.35 soil=0.25 dry=0.65) round=1 distribute=1 hydrology=0
[research-procure-diag] day=10 phase=0 done=0 cands=2 cursor=0 enabled=0 remain=0 budget=0 gate_mask=0x3fe research_gate=1 orders=0 rej=0 procured=0 last_err=
[climate/worker][b8] paw day=11 cell=218 moisture=0.903048 wb30=-0.00852205 soil=-0.0207447 paw=0.897508 zeros(water=4135 land=27) nonzero=2238 weights(wb=0.35 soil=0.25 dry=0.65) round=1 distribute=1 hydrology=0
[climate][publish] day=1 round_ran=0 prod_stage=0x0 scalar_mask=0x0 alb=0 veg=0 fb=0 weather=0 sr=0 ok=0
[climate][publish] day=1 round_ran=0 prod_stage=0x0 scalar_mask=0x0 alb=0 veg=0 fb=0 weather=0 sr=0 ok=0
[DCSystemScheduler][RT] ocean_skip#10 tick=13 reason=policy_gated slices=0 elapsed=0.000 progress=0.000 source=day_changed
[climate/worker][b8] paw day=12 cell=218 moisture=0.897193 wb30=-0.00905883 soil=-0.0220924 paw=0.891305 zeros(water=4135 land=27) nonzero=2238 weights(wb=0.35 soil=0.25 dry=0.65) round=1 distribute=1 hydrology=0
[DCSystemScheduler][RT] ocean_skip#11 tick=14 reason=policy_gated slices=0 elapsed=0.000 progress=0.000 source=day_changed
[climate/worker][b8] paw day=13 cell=218 moisture=0.891818 wb30=-0.00953169 soil=-0.0232892 paw=0.885622 zeros(water=4135 land=27) nonzero=2238 weights(wb=0.35 soil=0.25 dry=0.65) round=1 distribute=1 hydrology=0
[research-procure-diag] day=13 phase=0 done=0 cands=2 cursor=0 enabled=0 remain=0 budget=0 gate_mask=0x3fe research_gate=1 orders=0 rej=0 procured=0 last_err=
[climate][publish] day=1 round_ran=0 prod_stage=0x0 scalar_mask=0x0 alb=0 veg=0 fb=0 weather=0 sr=0 ok=0
[climate][publish] day=1 round_ran=0 prod_stage=0x0 scalar_mask=0x0 alb=0 veg=0 fb=0 weather=0 sr=0 ok=0
[DCSystemScheduler][RT] ocean_skip#12 tick=15 reason=policy_gated slices=0 elapsed=0.000 progress=0.000 source=day_changed
[research-procure-diag] day=15 phase=0 done=0 cands=2 cursor=0 enabled=0 remain=0 budget=0 gate_mask=0x3fe research_gate=1 orders=0 rej=0 procured=0 last_err=
[climate][publish] day=1 round_ran=0 prod_stage=0x0 scalar_mask=0x0 alb=0 veg=0 fb=0 weather=0 sr=0 ok=0
[climate][publish] day=1 round_ran=0 prod_stage=0x0 scalar_mask=0x0 alb=0 veg=0 fb=0 weather=0 sr=0 ok=0
[DCSystemScheduler][RT] ocean_skip#13 tick=17 reason=policy_gated slices=0 elapsed=0.000 progress=0.000 source=day_changed
[climate][publish] day=1 round_ran=0 prod_stage=0x0 scalar_mask=0x0 alb=0 veg=0 fb=0 weather=0 sr=0 ok=0
[climate][publish] day=1 round_ran=0 prod_stage=0x0 scalar_mask=0x0 alb=0 veg=0 fb=0 weather=0 sr=0 ok=0
[DCSystemScheduler][RT] ocean_skip#14 tick=19 reason=policy_gated slices=0 elapsed=0.000 progress=0.000 source=day_changed
[research-procure-diag] day=18 phase=0 done=0 cands=2 cursor=0 enabled=0 remain=0 budget=0 gate_mask=0x3fe research_gate=1 orders=0 rej=0 procured=0 last_err=
[climate][publish] day=1 round_ran=0 prod_stage=0x0 scalar_mask=0x0 alb=0 veg=0 fb=0 weather=0 sr=0 ok=0
[climate][publish] day=1 round_ran=0 prod_stage=0x0 scalar_mask=0x0 alb=0 veg=0 fb=0 weather=0 sr=0 ok=0
[DCSystemScheduler][RT] ocean_skip#15 tick=21 reason=policy_gated slices=0 elapsed=0.000 progress=0.000 source=day_changed
[research-procure-diag] day=20 phase=0 done=0 cands=2 cursor=0 enabled=0 remain=0 budget=0 gate_mask=0x3fe research_gate=1 orders=0 rej=0 procured=0 last_err=
[DCSystemScheduler][RT] ocean_skip#16 tick=22 reason=policy_gated slices=0 elapsed=0.000 progress=0.000 source=day_changed
[climate][publish] day=1 round_ran=0 prod_stage=0x0 scalar_mask=0x0 alb=0 veg=0 fb=0 weather=0 sr=0 ok=0
[climate][publish] day=1 round_ran=0 prod_stage=0x0 scalar_mask=0x0 alb=0 veg=0 fb=0 weather=0 sr=0 ok=0
[DCSystemScheduler][RT] ocean_skip#17 tick=23 reason=policy_gated slices=0 elapsed=0.000 progress=0.000 source=day_changed
[research-procure-diag] day=23 phase=0 done=0 cands=2 cursor=0 enabled=0 remain=0 budget=0 gate_mask=0x3fe research_gate=1 orders=0 rej=0 procured=0 last_err=
[climate][publish] day=1 round_ran=0 prod_stage=0x0 scalar_mask=0x0 alb=0 veg=0 fb=0 weather=0 sr=0 ok=0
[climate][publish] day=1 round_ran=0 prod_stage=0x0 scalar_mask=0x0 alb=0 veg=0 fb=0 weather=0 sr=0 ok=0
[DCSystemScheduler][RT] ocean_skip#18 tick=25 reason=policy_gated slices=0 elapsed=0.000 progress=0.000 source=day_changed
[DCSystemScheduler][RT] ocean_skip#19 tick=26 reason=policy_gated slices=0 elapsed=0.000 progress=0.000 source=day_changed
[climate][publish] day=1 round_ran=0 prod_stage=0x0 scalar_mask=0x0 alb=0 veg=0 fb=0 weather=0 sr=0 ok=0
[research-procure-diag] day=25 phase=0 done=0 cands=2 cursor=0 enabled=0 remain=0 budget=0 gate_mask=0x3fe research_gate=1 orders=0 rej=0 procured=0 last_err=
[climate][publish] day=1 round_ran=0 prod_stage=0x0 scalar_mask=0x0 alb=0 veg=0 fb=0 weather=0 sr=0 ok=0
[DCSystemScheduler][RT] ocean_skip#20 tick=27 reason=policy_gated slices=0 elapsed=0.000 progress=0.000 source=day_changed
[climate][publish] day=1 round_ran=0 prod_stage=0x0 scalar_mask=0x0 alb=0 veg=0 fb=0 weather=0 sr=0 ok=0
[climate][publish] day=1 round_ran=0 prod_stage=0x0 scalar_mask=0x0 alb=0 veg=0 fb=0 weather=0 sr=0 ok=0
[season_refresh] b_plus_start path=gdext handle=1 season=0 n_cells=6400
[DCSystemScheduler][RT] ocean_skip#21 tick=29 reason=policy_gated slices=0 elapsed=0.000 progress=0.000 source=day_changed
[research-procure-diag] day=28 phase=0 done=0 cands=2 cursor=0 enabled=0 remain=0 budget=0 gate_mask=0x3fe research_gate=1 orders=0 rej=0 procured=0 last_err=
[season_refresh] b_plus_finish path=gdext native_ms=2.071 slices=2 stages_done=12
[climate][publish] day=1 round_ran=0 prod_stage=0x0 scalar_mask=0x0 alb=0 veg=0 fb=0 weather=0 sr=1 ok=0
[climate][publish] day=1 round_ran=0 prod_stage=0x0 scalar_mask=0x0 alb=0 veg=0 fb=0 weather=0 sr=0 ok=0
[DCSystemScheduler][RT] ocean_skip#22 tick=31 reason=policy_gated slices=0 elapsed=0.000 progress=0.000 source=day_changed
[research-procure-diag] day=30 phase=0 done=0 cands=2 cursor=0 enabled=0 remain=0 budget=0 gate_mask=0x3fe research_gate=1 orders=0 rej=0 procured=0 last_err=
[climate][publish] day=1 round_ran=0 prod_stage=0x0 scalar_mask=0x0 alb=0 veg=0 fb=0 weather=0 sr=0 ok=0
[climate][publish] day=1 round_ran=0 prod_stage=0x0 scalar_mask=0x0 alb=0 veg=0 fb=0 weather=0 sr=0 ok=0
[DCSystemScheduler][RT] ocean_skip#23 tick=33 reason=policy_gated slices=0 elapsed=0.000 progress=0.000 source=day_changed
[DCSystemScheduler][RT] ocean_skip#24 tick=34 reason=policy_gated slices=0 elapsed=0.000 progress=0.000 source=day_changed
[climate][publish] day=1 round_ran=0 prod_stage=0x0 scalar_mask=0x0 alb=0 veg=0 fb=0 weather=0 sr=0 ok=0
[research-procure-diag] day=33 phase=0 done=0 cands=2 cursor=0 enabled=0 remain=0 budget=0 gate_mask=0x3fe research_gate=1 orders=0 rej=0 procured=0 last_err=
[climate][publish] day=1 round_ran=0 prod_stage=0x0 scalar_mask=0x0 alb=0 veg=0 fb=0 weather=0 sr=0 ok=0
[DCSystemScheduler][RT] ocean_skip#25 tick=35 reason=policy_gated slices=0 elapsed=0.000 progress=0.000 source=day_changed
[research-procure-diag] day=35 phase=0 done=0 cands=2 cursor=0 enabled=0 remain=0 budget=0 gate_mask=0x3fe research_gate=1 orders=0 rej=0 procured=0 last_err=
[climate][publish] day=1 round_ran=0 prod_stage=0x0 scalar_mask=0x0 alb=0 veg=0 fb=0 weather=0 sr=0 ok=0
[DCSystemScheduler][RT] ocean_skip#26 tick=37 reason=policy_gated slices=0 elapsed=0.000 progress=0.000 source=day_changed
[DCSystemScheduler][RT] ocean_skip#27 tick=38 reason=policy_gated slices=0 elapsed=0.000 progress=0.000 source=day_changed
[DCSystemScheduler][RT] ocean_skip#28 tick=39 reason=policy_gated slices=0 elapsed=0.000 progress=0.000 source=day_changed
[research-procure-diag] day=38 phase=0 done=0 cands=2 cursor=0 enabled=0 remain=0 budget=0 gate_mask=0x3fe research_gate=1 orders=0 rej=0 procured=0 last_err=
[DCSystemScheduler][RT] ocean_skip#29 tick=41 reason=policy_gated slices=0 elapsed=0.000 progress=0.000 source=day_changed
[research-procure-diag] day=40 phase=0 done=0 cands=2 cursor=0 enabled=0 remain=0 budget=0 gate_mask=0x3fe research_gate=1 orders=0 rej=0 procured=0 last_err=
[DCSystemScheduler][RT] ocean_skip#30 tick=43 reason=policy_gated slices=0 elapsed=0.000 progress=0.000 source=day_changed
[research-procure-diag] day=43 phase=0 done=0 cands=2 cursor=0 enabled=0 remain=0 budget=0 gate_mask=0x3fe research_gate=1 orders=0 rej=0 procured=0 last_err=
[DCSystemScheduler][RT] ocean_skip#31 tick=45 reason=policy_gated slices=0 elapsed=0.000 progress=0.000 source=day_changed
[DCSystemScheduler][RT] ocean_skip#32 tick=46 reason=policy_gated slices=0 elapsed=0.000 progress=0.000 source=day_changed
[research-procure-diag] day=45 phase=0 done=0 cands=2 cursor=0 enabled=0 remain=0 budget=0 gate_mask=0x3fe research_gate=1 orders=0 rej=0 procured=0 last_err=
[DCSystemScheduler][RT] ocean_skip#33 tick=47 reason=policy_gated slices=0 elapsed=0.000 progress=0.000 source=day_changed
[DCSystemScheduler][RT] ocean_skip#34 tick=49 reason=policy_gated slices=0 elapsed=0.000 progress=0.000 source=day_changed
[research-procure-diag] day=48 phase=0 done=0 cands=2 cursor=0 enabled=0 remain=0 budget=0 gate_mask=0x3fe research_gate=1 orders=0 rej=0 procured=0 last_err=
[DCSystemScheduler][RT] ocean_skip#35 tick=50 reason=policy_gated slices=0 elapsed=0.000 progress=0.000 source=day_changed
[DCSystemScheduler][RT] ocean_skip#36 tick=51 reason=policy_gated slices=0 elapsed=0.000 progress=0.000 source=day_changed
[research-procure-diag] day=50 phase=0 done=0 cands=2 cursor=0 enabled=0 remain=0 budget=0 gate_mask=0x3fe research_gate=1 orders=0 rej=0 procured=0 last_err=
[DCSystemScheduler][RT] ocean_skip#37 tick=53 reason=policy_gated slices=0 elapsed=0.000 progress=0.000 source=day_changed
[research-procure-diag] day=53 phase=0 done=0 cands=2 cursor=0 enabled=0 remain=0 budget=0 gate_mask=0x3fe research_gate=1 orders=0 rej=0 procured=0 last_err=
[DCSystemScheduler][RT] ocean_skip#38 tick=55 reason=policy_gated slices=0 elapsed=0.000 progress=0.000 source=day_changed
[perf-record] exported rows=50 cols=296 → F:/Developent/Godot/Project.Keynes/tmp/perf_record_20261009_000808.csv
[headless-perf/auth] warmup_days=5 measured_days=50 observed=55 commit_us=31768370713..31777448112 authoritative_days_per_second=5.508186 main_wait_on_sim_us=0 checkpoint_ok=false
[headless-perf/result] label=verified_100x64_50 days=50 speed=50.000 seed=19991123 map=100x64 formal_start=true trade_scenario=false foreign_count=3 import_tariff_rate=0 export_tariff_rate=0 population_scale=0 saved_setup=false economy_configured=true country_count=4 population=80 generation_ms=19460.0 run_ms=10162.0 barrier_pulses=0 ledger_failures=0 fatal=false population_error=0 money_error=0 goods_error=0 family_count=4 family_branch_count=4 family_trait_roll_count=11 effect_instances=8 family_effect_stack_groups=4 family_effect_group_members=4 effect_metric_slab_bytes=3357 effect_instance_storage_bytes=1872 city_good_output_shared_count=134 city_good_output_non_neutral_shared_count=0 city_good_output_override_count=0 city_good_output_override_cell_count=0 city_good_output_cache_bytes=26140 trade_orders_dispatched=0 trade_orders_arrived=0 trade_orders_cumulative=0 trade_base_cumulative=0 trade_route_expansions=0 trade_tariff_lanes=0 trade_country_goods=0 trade_country_partners=0 tariff_collected=0 tariff_subsidy_paid=0 economy_memory_bytes=184253603 rows=50 expected_rows=50 path=F:/Developent/Godot/Project.Keynes/tmp/perf_record_20261009_000808.csv
[headless-perf/climate] enabled=true worker_authoritative=true writeback_days=54 writeback_last_day=54 mask=0xFFF
[headless-perf/harness] writeback_window_ms=7919.439 consume_ms=623.984 idle_wait_ms=0.000 adjusted_run_ms=10161.991 lower_bound_run_ms=2242.552 raw_days_per_second=4.920296 adjusted_days_per_second=5.508186 lower_bound_days_per_second=22.296027 polls=1032
ERROR: [headless-perf] authoritative throughput checkpoint failed: measured=50 need>=50 days/s=5.508 threshold=50.000 main_wait_on_sim_us=0
   at: push_error (core/variant/variant_utility.cpp:1024)
   GDScript backtrace (most recent call first):
       [0] _run (res://tests/headless_perf_record.gd:648)
ERROR: 24 RID allocations of type 'PN13RendererDummy14TextureStorage12DummyTextureE' were leaked at exit.
WARNING: ObjectDB instances leaked at exit (run with --verbose for details).
   at: cleanup (core/object/object.cpp:2641)
ERROR: 312 resources still in use at exit (run with --verbose for details).
   at: clear (core/io/resource.cpp:810)
