Godot Engine v4.6.2.stable.official.71f334935 - https://godotengine.org

[save-repository] slot directory overridden to F:\Developent\Godot\Project.Keynes\tmp
[save-replay] slot=autosave days=3000 speed=50.0 day_timeout=60000ms
[ui-layout-diag/bind_ui] is_web=false viewport_visible_rect=[P: (0.0, 0.0), S: (64.0, 64.0)] window_size=(64, 64) content_scale_factor=1.000 content_scale_mode=0 device_pixel_ratio=-1.000 top_bar_rect=[P: (0.0, 0.0), S: (543.0, 56.0)] right_panel_rect=[P: (-396.0, 68.0), S: (460.0, 366.0)] country_action_bar_rect=[P: (8.0, -18.0), S: (336.0, 74.0)]
[building-visual] queue_probe ticks=1 queued=0 chunk=-1 camera_rect=[P: (-32.0, -32.0), S: (64.0, 64.0)] prefetch=false zoom=1.000
[building-visual] queue_probe ticks=2 queued=0 chunk=-1 camera_rect=[P: (-32.0, -32.0), S: (64.0, 64.0)] prefetch=false zoom=1.000
[native_generation/base] path=gdext algorithm=post_base_priority_flood_hydrology_v3 n=2400 native_ms=8.492 water=1546 land=854
[native_generation/post_base] path=gdext algorithm=post_base_priority_flood_hydrology_v3 n=2400 native_ms=1.714 lakes=0 rivers=134 volcanoes=0
[native_generation/vegetation] native_ms=0.663 candidates=850 none=1166 score=[0.000,1.201,1.145] plant_water_land=854 river_adjacent_desert=0 coastal_highland_desert=0 terrain_weight=[0.180,1.200]
[native_generation/qa] single_water=0 tiny<=3=0 small<=5=0 bodies=1 largest=1546 | land_below_sea=0.0% | terr_distinct=22 entropy=3.070bit | river_ratio=5.583%
MapGenerator v7: per-cell 92ms (2400 cells, path=gdext)
[building-visual] queue_probe ticks=3 queued=0 chunk=-1 camera_rect=[P: (-32.0, -32.0), S: (64.0, 64.0)] prefetch=false zoom=1.000
MapBaker v6: hm=(1024, 606) seed=1891498759
    [fused] terrain=89.6ms erosion=3.0ms(ok=true) river=11.1ms(ok=true) latitude=0.1ms coast_sdf=4.6ms(ok=true)
  geometry fields (fused C++): 189ms
  physical circulation hex solve: deferred until DCWorldExt bind (ext=true idx=true soa=false)
  wind/ocean pixel buffers: skipped (ocean_current_visual off)
  visual tiles: {"degradation_reason":"","effective_budget_px":1717248,"effective_texels_per_hex":16.0059221751742,"effective_world_units_per_texel":"(1.373983, 1.375)","estimated_peak_bytes":68402880,"estimated_resident_bytes":40340160,"fallback_reason":"","generation_id":1,"grid_size":"(4, 3)","gutter_px":2,"hex_size":22.0,"horizon_path":"neutral_pending","interior_size":"(416, 344)","layer_size":"(420, 348)","layers":[{"bake_ms":86.9233,"coast_sdf_max_dist_px":13.6162309214075,"distance_scale":1.70202886517594,"edge_distance_saturate_hex":0.9,"edge_distance_units":"normalized_hex_center_gap","hashes":{"edge_distance":5745253967012291076,"edge_neighbor":6412154147337874011,"height":2318469220320144360,"map_index":7219032183909733551,"terrain_detail":8091301763434683572,"terrain_normal":-3162160102363937747,"water_depth":2693318737079070002},"layer":0,"normal_radius_px":"(22, 22)","raster_scale":"(1.701088, 1.70297)","river_sdf_max_dist_px":5.9571010281158,"shore_carve_band_px":10,"upload_ms":0.065,"wall_ms":87.08},{"bake_ms":96.4147,"coast_sdf_max_dist_px":13.6162309214075,"distance_scale":1.70202886517594,"edge_distance_saturate_hex":0.9,"edge_distance_units":"normalized_hex_center_gap","hashes":{"edge_distance":5237508796394535974,"edge_neighbor":3595860925958786347,"height":489786577393212457,"map_index":-4105252952704072786,"terrain_detail":-3901680320202547919,"terrain_normal":7949331139393904778,"water_depth":-3592915096569862065},"layer":1,"normal_radius_px":"(22, 22)","raster_scale":"(1.701088, 1.70297)","river_sdf_max_dist_px":5.9571010281158,"shore_carve_band_px":10,"upload_ms":0.066,"wall_ms":96.555},{"bake_ms":47.9096,"coast_sdf_max_dist_px":13.6162309214075,"distance_scale":1.70202886517594,"edge_distance_saturate_hex":0.9,"edge_distance_units":"normalized_hex_center_gap","hashes":{"edge_distance":4891812844590573926,"edge_neighbor":-7564419581944174240,"height":-3958687591481308071,"map_index":-5929201786061615847,"terrain_detail":725835612093744862,"terrain_normal":-7701213585738823337,"water_depth":-8474200007067608143},"layer":2,"normal_radius_px":"(22, 22)","raster_scale":"(1.701088, 1.70297)","river_sdf_max_dist_px":5.9571010281158,"shore_carve_band_px":10,"upload_ms":0.065,"wall_ms":48.078},{"bake_ms":86.6041,"coast_sdf_max_dist_px":13.6162309214075,"distance_scale":1.70202886517594,"edge_distance_saturate_hex":0.9,"edge_distance_units":"normalized_hex_center_gap","hashes":{"edge_distance":-5405245657099180711,"edge_neighbor":1573303900353848012,"height":5160435325546673823,"map_index":4676039179867095464,"terrain_detail":2228511107875273693,"terrain_normal":-8646141357524128198,"water_depth":292623747737675498},"layer":3,"normal_radius_px":"(22, 22)","raster_scale":"(1.701088, 1.70297)","river_sdf_max_dist_px":5.9571010281158,"shore_carve_band_px":10,"upload_ms":0.063,"wall_ms":86.751},{"bake_ms":101.0815,"coast_sdf_max_dist_px":13.6162309214075,"distance_scale":1.70202886517594,"edge_distance_saturate_hex":0.9,"edge_distance_units":"normalized_hex_center_gap","hashes":{"edge_distance":-5880001966868430279,"edge_neighbor":-6991940041368957198,"height":8405338912169807986,"map_index":-3593026477873491176,"terrain_detail":-6736256310592379057,"terrain_normal":3157512816380590684,"water_depth":504053943833845997},"layer":4,"normal_radius_px":"(22, 22)","raster_scale":"(1.701088, 1.70297)","river_sdf_max_dist_px":5.9571010281158,"shore_carve_band_px":10,"upload_ms":0.067,"wall_ms":101.231},{"bake_ms":85.3742,"coast_sdf_max_dist_px":13.6162309214075,"distance_scale":1.70202886517594,"edge_distance_saturate_hex":0.9,"edge_distance_units":"normalized_hex_center_gap","hashes":{"edge_distance":3451836777673321450,"edge_neighbor":-6036116376872691173,"height":4553439657430674734,"map_index":4114404909309975984,"terrain_detail":-5951347343499123772,"terrain_normal":-2696372255763671643,"water_depth":-8473834029813691826},"layer":5,"normal_radius_px":"(22, 22)","raster_scale":"(1.701088, 1.70297)","river_sdf_max_dist_px":5.9571010281158,"shore_carve_band_px":10,"upload_ms":0.069,"wall_ms":85.593},{"bake_ms":95.8638,"coast_sdf_max_dist_px":13.6162309214075,"distance_scale":1.70202886517594,"edge_distance_saturate_hex":0.9,"edge_distance_units":"normalized_hex_center_gap","hashes":{"edge_distance":868921888386744733,"edge_neighbor":-7839011092070193786,"height":5061071498075663821,"map_index":-8826434092770706617,"terrain_detail":-2478286504208785615,"terrain_normal":628975544942790000,"water_depth":-2640347462536598777},"layer":6,"normal_radius_px":"(22, 22)","raster_scale":"(1.701088, 1.70297)","river_sdf_max_dist_px":5.9571010281158,"shore_carve_band_px":10,"upload_ms":0.066,"wall_ms":96.018},{"bake_ms":125.3192,"coast_sdf_max_dist_px":13.6162309214075,"distance_scale":1.70202886517594,"edge_distance_saturate_hex":0.9,"edge_distance_units":"normalized_hex_center_gap","hashes":{"edge_distance":-447074389059662088,"edge_neighbor":8393152564030122017,"height":8990104062243063095,"map_index":-1983203191509699105,"terrain_detail":-6174401346806903445,"terrain_normal":-3754083214617930173,"water_depth":6793751952512525824},"layer":7,"normal_radius_px":"(22, 22)","raster_scale":"(1.701088, 1.70297)","river_sdf_max_dist_px":5.9571010281158,"shore_carve_band_px":10,"upload_ms":0.069,"wall_ms":125.486},{"bake_ms":60.7337,"coast_sdf_max_dist_px":13.6162309214075,"distance_scale":1.70202886517594,"edge_distance_saturate_hex":0.9,"edge_distance_units":"normalized_hex_center_gap","hashes":{"edge_distance":6638825977103425445,"edge_neighbor":-345893988731248375,"height":3903511475945756751,"map_index":-6062754633971378620,"terrain_detail":8027941741214590696,"terrain_normal":-3530699052548844968,"water_depth":-5145287784035445562},"layer":8,"normal_radius_px":"(22, 22)","raster_scale":"(1.701088, 1.70297)","river_sdf_max_dist_px":5.9571010281158,"shore_carve_band_px":10,"upload_ms":0.065,"wall_ms":60.888},{"bake_ms":73.8891,"coast_sdf_max_dist_px":13.6162309214075,"distance_scale":1.70202886517594,"edge_distance_saturate_hex":0.9,"edge_distance_units":"normalized_hex_center_gap","hashes":{"edge_distance":292078081965774362,"edge_neighbor":-6044753451696528625,"height":-8178934274740215736,"map_index":-5438575460675119603,"terrain_detail":-4794927741009206671,"terrain_normal":-8696738528788300543,"water_depth":-7060495574503565351},"layer":9,"normal_radius_px":"(22, 22)","raster_scale":"(1.701088, 1.70297)","river_sdf_max_dist_px":5.9571010281158,"shore_carve_band_px":10,"upload_ms":0.067,"wall_ms":74.052},{"bake_ms":47.0972,"coast_sdf_max_dist_px":13.6162309214075,"distance_scale":1.70202886517594,"edge_distance_saturate_hex":0.9,"edge_distance_units":"normalized_hex_center_gap","hashes":{"edge_distance":-2925537607541645508,"edge_neighbor":4825390688322471762,"height":-5522328361270598569,"map_index":-5143740485358757431,"terrain_detail":1723035865584601831,"terrain_normal":9028379417581768753,"water_depth":6711647395166139482},"layer":10,"normal_radius_px":"(22, 22)","raster_scale":"(1.701088, 1.70297)","river_sdf_max_dist_px":5.9571010281158,"shore_carve_band_px":10,"upload_ms":0.065,"wall_ms":47.253},{"bake_ms":35.4195,"coast_sdf_max_dist_px":13.6162309214075,"distance_scale":1.70202886517594,"edge_distance_saturate_hex":0.9,"edge_distance_units":"normalized_hex_center_gap","hashes":{"edge_distance":9175920131718456734,"edge_neighbor":-8950625300502208486,"height":7318768704488063531,"map_index":-115941363284451596,"terrain_detail":6808164806304314874,"terrain_normal":6364195478582078144,"water_depth":-5504939335319927866},"layer":11,"normal_radius_px":"(22, 22)","raster_scale":"(1.701088, 1.70297)","river_sdf_max_dist_px":5.9571010281158,"shore_carve_band_px":10,"upload_ms":0.076,"wall_ms":35.605}],"logical_size":"(1664, 1032)","mode":"tiled","path":"visual_tiled_static","profile":"desktop_high","renderer":"mobile","requested_budget_px":1716216,"requested_texels_per_hex":16.0,"requested_tile_world_span":"(704.0, 704.0)","requested_world_units_per_texel":1.375,"tile_world_area":270355.817993164,"tile_world_span":"(571.5768, 473.0)","total_ms":948.278,"visual_domain":"[P: (0.0, -44.0), S: (2286.307, 1419.0)]","wrap_period_x":2286.30706599092,"wrap_x":true}
WARNING: Loaded resource as image file, this will not work on export: 'res://assets/textures/terrain_materials/organic.png'. Instead, import the image file as an Image resource and load it normally as a resource.
   at: load (core/io/image.cpp:2756)
   GDScript backtrace (most recent call first):
       [0] _build_terrain_material_tex (res://scripts/rendering/map_baker.gd:360)
       [1] get_or_build_shared_terrain_material_tex (res://scripts/rendering/map_baker.gd:343)
       [2] bake_world (res://scripts/rendering/map_baker.gd:1187)
       [3] _yield_generation_frame (res://scripts/rendering/map_baker.gd:1225)
WARNING: Loaded resource as image file, this will not work on export: 'res://assets/textures/terrain_materials/dry_sand.png'. Instead, import the image file as an Image resource and load it normally as a resource.
   at: load (core/io/image.cpp:2756)
   GDScript backtrace (most recent call first):
       [0] _build_terrain_material_tex (res://scripts/rendering/map_baker.gd:360)
       [1] get_or_build_shared_terrain_material_tex (res://scripts/rendering/map_baker.gd:343)
       [2] bake_world (res://scripts/rendering/map_baker.gd:1187)
       [3] _yield_generation_frame (res://scripts/rendering/map_baker.gd:1225)
WARNING: Loaded resource as image file, this will not work on export: 'res://assets/textures/terrain_materials/rock.png'. Instead, import the image file as an Image resource and load it normally as a resource.
   at: load (core/io/image.cpp:2756)
   GDScript backtrace (most recent call first):
       [0] _build_terrain_material_tex (res://scripts/rendering/map_baker.gd:360)
       [1] get_or_build_shared_terrain_material_tex (res://scripts/rendering/map_baker.gd:343)
       [2] bake_world (res://scripts/rendering/map_baker.gd:1187)
       [3] _yield_generation_frame (res://scripts/rendering/map_baker.gd:1225)
WARNING: Loaded resource as image file, this will not work on export: 'res://assets/textures/terrain_materials/snow_wet.png'. Instead, import the image file as an Image resource and load it normally as a resource.
   at: load (core/io/image.cpp:2756)
   GDScript backtrace (most recent call first):
       [0] _build_terrain_material_tex (res://scripts/rendering/map_baker.gd:360)
       [1] get_or_build_shared_terrain_material_tex (res://scripts/rendering/map_baker.gd:343)
       [2] bake_world (res://scripts/rendering/map_baker.gd:1187)
       [3] _yield_generation_frame (res://scripts/rendering/map_baker.gd:1225)
  cell LUT encode: deferred until DCWorldExt bind
  encode: 3949ms
MapBaker v6: total 4147ms
MapGenerator v7: bake 4182ms
MapGenerator: skip _compute_ocean_currents (physical-hex path writes per-cell directly)
MapGenerator: skip _compute_terrain_perturbed_wind (physical-hex solver writes per-cell)
[SUS] sim budget strict=false frame=8.00ms warn=2.00ms slice=0.75ms upload=1.50ms scheduler=DCSystemScheduler native_sus=auto
[DCWorldExt] bind_map_data: 148 components bound (auto-registered=148; snapshot model; see world_ext.cpp comment & charter Â§11)
[DataCore] _data_core_world_ext bound=true (climate co-processor; class=DCWorldExt)
[native_world] configure rc=0 reason=configured cells=2400 wrap_period_x=103.923
[native_generation] path=gdext n=2400 published=9 native_ms=0.169 compute_ms=0.091 flush_ms=0.077
[hex_cell] facade ENABLED (2400 cells bound; ext=true)
[DataCore] _baker climate_profile injected=true (fixes WorldData.config==null sea_ice prepare path)
[phys_solve][oneshot] OK slp=1.38ms wind=0.64ms psi=0.49ms(ran=true) upwelling=0.09ms total=3.26ms
PhysicalCirculation solve@phase=1.50 total=4ms (C++ one-shot run_physical_solve_pass)
  wind/ocean pixel buffers: skipped (ocean_current_visual off)
[physical_init] deferred native refresh complete: 4ms
[cell_lut] deferred encode: 2ms path=gdext
[bio-occupancy] seed landmasses=7 provinces=7 species=20 secondary_hearths=10
[bio-occupancy]   bio.maize envelope=83 hearth=2 seeded_landmasses=1 primary_landmass=2 primary_envelope=43 occupied=2 occupied/envelope=0.05
[bio-occupancy]   bio.wheat envelope=195 hearth=48 seeded_landmasses=2 primary_landmass=1 primary_envelope=68 occupied=48 occupied/envelope=0.71
[bio-occupancy]   bio.rice envelope=79 hearth=26 seeded_landmasses=3 primary_landmass=2 primary_envelope=34 occupied=26 occupied/envelope=0.76
[bio-occupancy]   bio.potato envelope=152 hearth=55 seeded_landmasses=3 primary_landmass=3 primary_envelope=58 occupied=55 occupied/envelope=0.95
[bio-occupancy]   bio.horse envelope=223 hearth=41 seeded_landmasses=1 primary_landmass=3 primary_envelope=82 occupied=41 occupied/envelope=0.50
[bio-occupancy]   bio.cotton envelope=150 hearth=56 seeded_landmasses=1 primary_landmass=2 primary_envelope=102 occupied=56 occupied/envelope=0.55
[bio-occupancy]   bio.flax envelope=188 hearth=40 seeded_landmasses=1 primary_landmass=3 primary_envelope=72 occupied=40 occupied/envelope=0.56
[bio-occupancy]   bio.spice envelope=129 hearth=7 seeded_landmasses=1 primary_landmass=1 primary_envelope=23 occupied=7 occupied/envelope=0.30
[bio-occupancy]   bio.rubber envelope=91 hearth=4 seeded_landmasses=1 primary_landmass=3 primary_envelope=17 occupied=4 occupied/envelope=0.24
[bio-occupancy]   bio.sheep envelope=44 hearth=1 seeded_landmasses=1 primary_landmass=1 primary_envelope=9 occupied=1 occupied/envelope=0.11
[bio-occupancy]   bio.goat envelope=396 hearth=73 seeded_landmasses=2 primary_landmass=1 primary_envelope=133 occupied=73 occupied/envelope=0.55
[bio-occupancy]   bio.cattle envelope=35 hearth=7 seeded_landmasses=1 primary_landmass=2 primary_envelope=13 occupied=7 occupied/envelope=0.54
[bio-occupancy]   bio.pig envelope=356 hearth=135 seeded_landmasses=3 primary_landmass=2 primary_envelope=179 occupied=135 occupied/envelope=0.75
[bio-occupancy]   bio.camel envelope=66 hearth=8 seeded_landmasses=1 primary_landmass=3 primary_envelope=17 occupied=8 occupied/envelope=0.47
[bio-occupancy]   bio.yak envelope=82 hearth=41 seeded_landmasses=3 primary_landmass=1 primary_envelope=59 occupied=41 occupied/envelope=0.69
[bio-occupancy]   bio.silkworm envelope=182 hearth=54 seeded_landmasses=1 primary_landmass=2 primary_envelope=119 occupied=54 occupied/envelope=0.45
[bio-occupancy]   bio.reed envelope=171 hearth=38 seeded_landmasses=3 primary_landmass=2 primary_envelope=67 occupied=38 occupied/envelope=0.57
[bio-occupancy]   bio.bast_fiber envelope=255 hearth=28 seeded_landmasses=1 primary_landmass=3 primary_envelope=90 occupied=28 occupied/envelope=0.31
[bio-occupancy]   bio.dye_plant envelope=157 hearth=17 seeded_landmasses=1 primary_landmass=1 primary_envelope=33 occupied=17 occupied/envelope=0.52
[bio-occupancy]   bio.medicinal_herb envelope=404 hearth=174 seeded_landmasses=3 primary_landmass=2 primary_envelope=193 occupied=174 occupied/envelope=0.90
[bio-occupancy]   landmass 1 classes=cold_grazer, dry_grazer, fiber_forest, fiber_wet, highland_food, open_food, open_grazer, forest_grazer, fiber_open, wetland_food, tropical foods=potato, wheat, rice
[bio-occupancy]   landmass 2 classes=fiber_forest, cold_grazer, forest_grazer, highland_food, fiber_wet, dry_grazer, open_food, fiber_open, open_grazer, wetland_food, tropical foods=potato, maize, rice
[bio-occupancy]   landmass 3 classes=fiber_wet, fiber_forest, forest_grazer, dry_grazer, tropical, wetland_food, open_food, open_grazer, fiber_open, highland_food, cold_grazer foods=rice, wheat, potato
[bio-occupancy]   landmass 4 classes=none foods=none
[bio-occupancy]   landmass 5 classes=none foods=none
[bio-occupancy]   landmass 6 classes=none foods=none
[bio-occupancy]   landmass 7 classes=none foods=none
[weather] gdext acceleration ON (class=DCWorldExt)
[weather] gdext field commit ON
[weather] gdext distribute ON
[weather] gdext summary ON
[weather] hexcell facade ON (skip AoS double-write in hot loop)
[weather] gdext resident knobs ON (class=KnobsHandle)
[save/restore] country configured without bootstrap; awaiting PKCN
[weather/knobs] resident KnobsHandle path ACTIVE — first to_*_knobs_dict hit (field_rebuild_count=1 expected ≤1; stable Hz target ≤1 Hz)
[native_daily] ACTIVE: registered native_daily_sim + natural_resource_daily + bio_occupancy_daily; retained season_refresh + ocean_currents boundary jobs
[DCSystemScheduler] topology: ["season_refresh", "effect_runtime", "gameplay_effect", "natural_resource_daily", "bio_occupancy_daily", "enum_atlas_upload", "ocean_currents", "native_daily_sim", "dynamic_visual_atlas_upload"]
[save/restore] PKCN restored; economy configured and awaiting PKEC
[DCSystemScheduler] topology: ["trigger_runtime", "ideology_runtime", "modifier_daily", "season_refresh", "effect_runtime", "gameplay_effect", "natural_resource_daily", "bio_occupancy_daily", "enum_atlas_upload", "ocean_currents", "native_daily_sim", "dynamic_visual_atlas_upload", "country_daily", "economy_daily"]
[save/restore] PKCN and PKEC restored; country/economy systems registered
[building-visual] intel_refresh requested=50 changed=0 known=3 catalog=400 resident=0 body=0 queued=0 zoom=1.000
WARNING: [runtime-climate-round] no ClimateDailySystem; SHADOW capture carries no shared pass input
   at: push_warning (core/variant/variant_utility.cpp:1034)
   GDScript backtrace (most recent call first):
       [0] _build_runtime_climate_round_input (res://scripts/geography/map_generator.gd:4673)
       [1] capture_runtime_inputs_for_worker (res://scripts/geography/map_generator.gd:2356)
       [2] generate_world (res://scripts/game/world_runtime_host.gd:724)
       [3] generate (res://scripts/geography/map_generator.gd:1606)
       [4] _yield_generation_frame (res://scripts/geography/map_generator.gd:19920)
WARNING: [runtime-worker] Ideology opinion publish deferred: ideology_opinion_snapshot_invalid
   at: push_warning (core/variant/variant_utility.cpp:1034)
   GDScript backtrace (most recent call first):
       [0] _start_production_shadow_worker (res://scripts/game/world_runtime_host.gd:815)
       [1] generate_world (res://scripts/game/world_runtime_host.gd:733)
       [2] generate (res://scripts/geography/map_generator.gd:1606)
       [3] _yield_generation_frame (res://scripts/geography/map_generator.gd:19920)
[economy-climate-gate] day=26281 climate_ok=0 stall=0x10 ring=0
[runtime-day-wait] day=26281 env_day=26280 missing=0x3ff stall=0x10 economy_input=-1
[runtime-day-wait] day=26281 env_day=26280 missing=0x3ff stall=0x10 economy_input=-1 ring=0 country=
[runtime-worker] production ACTIVE started mask=4095 auto_pod=true
[tech-ui-diag/query] apply ok gen=13594 day=26280 view_gen=13594 progress_total=259860002 pending_words=36
[tech-ui-diag/research] handle=4294967296 gen=13594 day=26280 owned=62 pending=0 queued=0 progress_nonzero=57 stock=33081 deferred=33081 consumed=259860002 cash=2461770546063 budget=10000000 auto=1
[save-replay] loaded day=26280 country=0 economy=""
[DCSystemScheduler][RT] ocean_skip#1 tick=26281 reason=policy_gated slices=0 elapsed=0.000 progress=0.000 source=day_changed
[climate][publish] day=26280 round_ran=0 prod_stage=0x0 scalar_mask=0x0 alb=0 veg=0 fb=0 weather=0 sr=0 ok=1
[phys/knobs] projection ready: slp=31 wind=33 psi=26 up=10
[climate/worker][b8] physics_knobs day=26281 ready=1 missing=
[DCSystemScheduler][RT] ocean_skip#2 tick=26282 reason=policy_gated slices=0 elapsed=0.000 progress=0.000 source=day_changed
[climate/worker][b8] paw day=26281 cell=73 moisture=0.867248 wb30=-0.00473684 soil=0 paw=0.864169 zeros(water=1546 land=0) nonzero=854 weights(wb=0.35 soil=0.25 dry=0.65) round=1 distribute=1 hydrology=0
[climate-kernel][round] shared=1 ok=1 n_cells=2400 mask=0x1FF ran=0x1FF starved=0x0 knobs_cells=2400
[climate/worker][b8] cyclone_gate day=26281 input_enabled=0 force_env=0 effective=0
[climate/worker][b8] weather_solve day=26281 cells=2400 psi=1 vapor0=0.104005 precip0=0 cloud0=0.0467184 type0=0 field_init0=1
[country][parity] worker_day=26281 uncompared reference_range=-1..-1 depth=0
[tech-ui-diag/query] apply ok gen=13594 day=26281 view_gen=13594 progress_total=259860002 pending_words=36
[research-procure-diag] day=26281 phase=0 done=0 cands=8 cursor=0 enabled=0 remain=0 budget=0 gate_mask=0x3fe research_gate=1 orders=0 rej=0 procured=0 last_err=
[economy-mirror-cost] day=26281 capture_ms=2.455 import_ms=3.481
[hex-renderer] set_weather_fronts(n=0) layer=WeatherLayer
[climate/writeback][b8] day=26281 vapor store0=0.104005 map0=0.104005 dirty_fields=54 applied=54
[climate/worker][b8] physics_knobs day=26282 ready=1 missing=
[climate/worker][b8] paw day=26282 cell=73 moisture=0.852313 wb30=-0.00501559 soil=-0.00104793 paw=0.849053 zeros(water=1546 land=0) nonzero=854 weights(wb=0.35 soil=0.25 dry=0.65) round=1 distribute=1 hydrology=0
[climate/worker][b8] cyclone_gate day=26282 input_enabled=0 force_env=0 effective=0
[climate/worker][b8] weather_solve day=26282 cells=2400 psi=1 vapor0=0.0968085 precip0=0 cloud0=0.0488683 type0=0 field_init0=1
[country][parity] worker_day=26282 uncompared reference_range=-1..-1 depth=0
[research-procure-diag] day=26282 phase=0 done=0 cands=8 cursor=0 enabled=0 remain=0 budget=0 gate_mask=0x3fe research_gate=1 orders=0 rej=0 procured=0 last_err=
[climate/worker][b8] physics_knobs day=26283 ready=1 missing=
[climate/worker][b8] paw day=26283 cell=73 moisture=0.852188 wb30=-0.00528397 soil=-0.00104793 paw=0.848754 zeros(water=1546 land=0) nonzero=854 weights(wb=0.35 soil=0.25 dry=0.65) round=1 distribute=1 hydrology=0
[climate/worker][b8] weather_solve day=26283 cells=2400 psi=1 vapor0=0.0936691 precip0=0 cloud0=0.0463486 type0=0 field_init0=1
[climate/writeback][b8] day=26282 vapor store0=0.0968085 map0=0.0968085 dirty_fields=54 applied=54
[country][parity] worker_day=26283 uncompared reference_range=-1..-1 depth=0
[research-procure-diag] day=26283 phase=0 done=0 cands=8 cursor=0 enabled=0 remain=0 budget=0 gate_mask=0x3fe research_gate=1 orders=0 rej=0 procured=0 last_err=
[climate/worker][b8] physics_knobs day=26284 ready=1 missing=
[climate/worker][b8] paw day=26284 cell=73 moisture=0.852399 wb30=-0.0055452 soil=-0.00206185 paw=0.848794 zeros(water=1546 land=0) nonzero=854 weights(wb=0.35 soil=0.25 dry=0.65) round=1 distribute=1 hydrology=0
[climate/worker][b8] weather_solve day=26284 cells=2400 psi=1 vapor0=0.0914147 precip0=0 cloud0=0.0433097 type0=0 field_init0=1
[country][parity] worker_day=26284 uncompared reference_range=-1..-1 depth=0
[climate/writeback][b8] day=26283 vapor store0=0.0936691 map0=0.0936691 dirty_fields=54 applied=54
[tech-ui-diag/query] apply ok gen=13594 day=26284 view_gen=13594 progress_total=259860002 pending_words=36
[research-procure-diag] day=26284 phase=0 done=0 cands=8 cursor=0 enabled=0 remain=0 budget=0 gate_mask=0x3fe research_gate=1 orders=0 rej=0 procured=0 last_err=
[climate/worker][b8] physics_knobs day=26285 ready=1 missing=
[climate/worker][b8] paw day=26285 cell=73 moisture=0.850982 wb30=-0.00578561 soil=-0.00206185 paw=0.847222 zeros(water=1546 land=0) nonzero=854 weights(wb=0.35 soil=0.25 dry=0.65) round=1 distribute=1 hydrology=0
[country][parity] worker_day=26285 uncompared reference_range=-1..-1 depth=0
[climate/writeback][b8] day=26284 vapor store0=0.0914147 map0=0.0914147 dirty_fields=54 applied=54
[research-procure-diag] day=26285 phase=0 done=0 cands=8 cursor=0 enabled=0 remain=0 budget=0 gate_mask=0x3fe research_gate=1 orders=0 rej=0 procured=0 last_err=
[climate/worker][b8] physics_knobs day=26286 ready=1 missing=
[climate/worker][b8] paw day=26286 cell=73 moisture=0.851191 wb30=-0.00601978 soil=-0.00206185 paw=0.847278 zeros(water=1546 land=0) nonzero=854 weights(wb=0.35 soil=0.25 dry=0.65) round=1 distribute=1 hydrology=0
[country][parity] worker_day=26286 uncompared reference_range=-1..-1 depth=0
[research-procure-diag] day=26286 phase=0 done=0 cands=8 cursor=0 enabled=0 remain=0 budget=0 gate_mask=0x3fe research_gate=1 orders=0 rej=0 procured=0 last_err=
[climate/worker][b8] paw day=26287 cell=73 moisture=0.851191 wb30=-0.00624616 soil=-0.00206617 paw=0.847131 zeros(water=1546 land=0) nonzero=854 weights(wb=0.35 soil=0.25 dry=0.65) round=1 distribute=1 hydrology=0
[country][parity] worker_day=26287 uncompared reference_range=-1..-1 depth=0
[tech-ui-diag/query] apply ok gen=13594 day=26287 view_gen=13594 progress_total=259860002 pending_words=36
[research-procure-diag] day=26287 phase=0 done=0 cands=8 cursor=0 enabled=0 remain=0 budget=0 gate_mask=0x3fe research_gate=1 orders=0 rej=0 procured=0 last_err=
[climate/worker][b8] paw day=26288 cell=73 moisture=0.849925 wb30=-0.00645414 soil=-0.00206617 paw=0.84573 zeros(water=1546 land=0) nonzero=854 weights(wb=0.35 soil=0.25 dry=0.65) round=1 distribute=1 hydrology=0
[country][parity] worker_day=26288 uncompared reference_range=-1..-1 depth=0
[research-procure-diag] day=26288 phase=0 done=0 cands=8 cursor=0 enabled=0 remain=0 budget=0 gate_mask=0x3fe research_gate=1 orders=0 rej=0 procured=0 last_err=
[climate/worker][b8] paw day=26289 cell=73 moisture=0.85075 wb30=-0.00666226 soil=-0.00302058 paw=0.84642 zeros(water=1546 land=0) nonzero=854 weights(wb=0.35 soil=0.25 dry=0.65) round=1 distribute=1 hydrology=0
[research-procure-diag] day=26289 phase=0 done=0 cands=8 cursor=0 enabled=0 remain=0 budget=0 gate_mask=0x3fe research_gate=1 orders=0 rej=0 procured=0 last_err=
[climate/worker][b8] paw day=26290 cell=73 moisture=0.847767 wb30=-0.0068379 soil=-0.00302487 paw=0.843322 zeros(water=1546 land=0) nonzero=854 weights(wb=0.35 soil=0.25 dry=0.65) round=1 distribute=1 hydrology=0
[tech-ui-diag/query] apply ok gen=13594 day=26290 view_gen=13594 progress_total=259860002 pending_words=36
[research-procure-diag] day=26290 phase=0 done=0 cands=8 cursor=0 enabled=0 remain=0 budget=0 gate_mask=0x3fe research_gate=1 orders=0 rej=0 procured=0 last_err=
[climate/worker][b8] paw day=26291 cell=73 moisture=0.848893 wb30=-0.00701732 soil=-0.00302487 paw=0.844332 zeros(water=1546 land=0) nonzero=854 weights(wb=0.35 soil=0.25 dry=0.65) round=1 distribute=1 hydrology=0
[research-procure-diag] day=26291 phase=0 done=0 cands=8 cursor=0 enabled=0 remain=0 budget=0 gate_mask=0x3fe research_gate=1 orders=0 rej=0 procured=0 last_err=
[climate/worker][b8] paw day=26292 cell=73 moisture=0.844968 wb30=-0.00715717 soil=-0.00300304 paw=0.840316 zeros(water=1546 land=0) nonzero=854 weights(wb=0.35 soil=0.25 dry=0.65) round=1 distribute=1 hydrology=0
[research-procure-diag] day=26292 phase=0 done=0 cands=8 cursor=0 enabled=0 remain=0 budget=0 gate_mask=0x3fe research_gate=1 orders=0 rej=0 procured=0 last_err=
[research-procure-diag] day=26293 phase=0 done=0 cands=8 cursor=0 enabled=0 remain=0 budget=0 gate_mask=0x3fe research_gate=1 orders=0 rej=0 procured=0 last_err=
[tech-ui-diag/query] apply ok gen=13594 day=26293 view_gen=13594 progress_total=259860002 pending_words=36
[research-procure-diag] day=26294 phase=0 done=0 cands=8 cursor=0 enabled=0 remain=0 budget=0 gate_mask=0x3fe research_gate=1 orders=0 rej=0 procured=0 last_err=
[tech-ui-diag/query] apply ok gen=13594 day=26295 view_gen=13594 progress_total=259860002 pending_words=36
[research-procure-diag] day=26295 phase=0 done=0 cands=8 cursor=0 enabled=0 remain=0 budget=0 gate_mask=0x3fe research_gate=1 orders=0 rej=0 procured=0 last_err=
[tech-ui-diag/query] apply ok gen=13594 day=26296 view_gen=13594 progress_total=259860002 pending_words=36
[research-procure-diag] day=26296 phase=0 done=0 cands=8 cursor=0 enabled=0 remain=0 budget=0 gate_mask=0x3fe research_gate=1 orders=0 rej=0 procured=0 last_err=
[research-procure-diag] day=26297 phase=0 done=0 cands=8 cursor=0 enabled=0 remain=0 budget=0 gate_mask=0x3fe research_gate=1 orders=0 rej=0 procured=0 last_err=
[clock/step] delta=8.3ms speed=50x target=0.42d cap=6.73d/f cost=1.02ms ran=1 pulse=0.00ms loop=0.36ms full=0.53ms carry=0.20 barrier=climate_input_capacity_day_barrier
[research-procure-diag] day=26298 phase=0 done=0 cands=8 cursor=0 enabled=0 remain=0 budget=0 gate_mask=0x3fe research_gate=1 orders=0 rej=0 procured=0 last_err=
[research-procure-diag] day=26299 phase=0 done=0 cands=8 cursor=0 enabled=0 remain=0 budget=0 gate_mask=0x3fe research_gate=1 orders=0 rej=0 procured=0 last_err=
[economy-open-finish] day=26300 country=0.328 workset=0.043 fiscal=0.028 csr=0.002 recovery=0.002 vectors=1.287 audit=0.624 commands=0.001
[economy-prelude-cost] day=26300 ms=2.470 pending=0
[research-procure-diag] day=26300 phase=0 done=0 cands=8 cursor=0 enabled=0 remain=0 budget=0 gate_mask=0x3fe research_gate=1 orders=0 rej=0 procured=0 last_err=
[economy-aggregate-cost] day=26300 publish_ms=3.145 native_hash_ms=1.554
[economy-ledger-cost] day=26300 copy_ms=0.438 validate_ms=0.224 hash_ms=0.735 cohorts=512 markets=321600
[economy-boundary-cost] day=26300 formulas_ms=24.985 stages_ms=22.155 mirror_ms=2.533
[runtime-day-cost] day=26300 ok=1 ms=32.674
[research-procure-diag] day=26301 phase=0 done=0 cands=8 cursor=0 enabled=0 remain=0 budget=0 gate_mask=0x3fe research_gate=1 orders=0 rej=0 procured=0 last_err=
[research-procure-diag] day=26302 phase=0 done=0 cands=8 cursor=0 enabled=0 remain=0 budget=0 gate_mask=0x3fe research_gate=1 orders=0 rej=0 procured=0 last_err=
[research-procure-diag] day=26303 phase=0 done=0 cands=8 cursor=0 enabled=0 remain=0 budget=0 gate_mask=0x3fe research_gate=1 orders=0 rej=0 procured=0 last_err=
[research-procure-diag] day=26304 phase=0 done=0 cands=8 cursor=0 enabled=0 remain=0 budget=0 gate_mask=0x3fe research_gate=1 orders=0 rej=0 procured=0 last_err=
[clock/step] delta=7.9ms speed=50x target=0.40d cap=7.08d/f cost=1.13ms ran=0 pulse=0.00ms loop=0.00ms full=0.35ms carry=0.36 barrier=climate_input_capacity_day_barrier
[clock/step] delta=7.6ms speed=50x target=0.38d cap=8.00d/f cost=0.75ms ran=0 pulse=0.00ms loop=0.00ms full=0.29ms carry=0.04 barrier=climate_input_capacity_day_barrier
[clock/step] delta=7.6ms speed=50x target=0.38d cap=8.00d/f cost=0.56ms ran=0 pulse=0.00ms loop=0.00ms full=0.23ms carry=0.13 barrier=climate_input_capacity_day_barrier
[clock/step] delta=8.3ms speed=50x target=0.42d cap=8.00d/f cost=0.50ms ran=0 pulse=0.00ms loop=0.00ms full=0.30ms carry=0.09 barrier=climate_input_capacity_day_barrier
[economy-open-finish] day=26400 country=0.342 workset=0.026 fiscal=0.030 csr=0.003 recovery=0.002 vectors=1.357 audit=0.630 commands=0.001
[economy-prelude-cost] day=26400 ms=2.553 pending=0
[economy-aggregate-cost] day=26400 publish_ms=2.556 native_hash_ms=1.133
[economy-ledger-cost] day=26400 copy_ms=0.341 validate_ms=0.219 hash_ms=0.660 cohorts=512 markets=321600
[economy-boundary-cost] day=26400 formulas_ms=22.012 stages_ms=19.115 mirror_ms=2.054
[runtime-day-cost] day=26400 ok=1 ms=30.349
[clock/step] delta=7.6ms speed=50x target=0.38d cap=8.00d/f cost=0.51ms ran=1 pulse=0.00ms loop=0.47ms full=0.69ms carry=0.21 barrier=climate_input_capacity_day_barrier
[clock/step] delta=7.6ms speed=50x target=0.38d cap=8.00d/f cost=0.54ms ran=0 pulse=0.00ms loop=0.00ms full=0.17ms carry=0.52 barrier=
[clock/step] delta=6.2ms speed=50x target=0.31d cap=4.01d/f cost=2.00ms ran=0 pulse=0.00ms loop=0.00ms full=0.20ms carry=0.03 barrier=climate_input_capacity_day_barrier
[clock/step] delta=8.3ms speed=50x target=0.42d cap=8.00d/f cost=0.57ms ran=0 pulse=0.00ms loop=0.00ms full=0.40ms carry=0.30 barrier=climate_input_capacity_day_barrier
[economy-open-finish] day=26500 country=0.314 workset=0.024 fiscal=0.027 csr=0.003 recovery=0.002 vectors=1.612 audit=0.494 commands=0.000
[economy-prelude-cost] day=26500 ms=2.630 pending=0
[economy-aggregate-cost] day=26500 publish_ms=2.465 native_hash_ms=1.088
[economy-ledger-cost] day=26500 copy_ms=0.361 validate_ms=0.211 hash_ms=0.769 cohorts=512 markets=321600
[economy-boundary-cost] day=26500 formulas_ms=24.246 stages_ms=21.263 mirror_ms=2.475
[runtime-day-cost] day=26500 ok=1 ms=32.509
[clock/step] delta=7.6ms speed=50x target=0.38d cap=8.00d/f cost=0.53ms ran=1 pulse=0.00ms loop=0.56ms full=0.78ms carry=0.36 barrier=climate_input_capacity_day_barrier
[clock/step] delta=7.4ms speed=50x target=0.37d cap=8.00d/f cost=0.57ms ran=0 pulse=0.00ms loop=0.00ms full=0.29ms carry=0.16 barrier=climate_input_capacity_day_barrier
[clock/step] delta=8.3ms speed=50x target=0.42d cap=4.64d/f cost=1.72ms ran=0 pulse=0.00ms loop=0.00ms full=0.56ms carry=0.16 barrier=climate_input_capacity_day_barrier
[clock/step] delta=7.6ms speed=50x target=0.38d cap=8.00d/f cost=0.53ms ran=0 pulse=0.00ms loop=0.00ms full=0.22ms carry=0.78 barrier=
[clock/step] delta=8.3ms speed=50x target=0.42d cap=8.00d/f cost=0.64ms ran=0 pulse=0.00ms loop=0.00ms full=0.42ms carry=0.32 barrier=climate_input_capacity_day_barrier
[economy-open-finish] day=26600 country=0.354 workset=0.025 fiscal=0.028 csr=0.003 recovery=0.002 vectors=1.362 audit=0.551 commands=0.001
[economy-prelude-cost] day=26600 ms=2.543 pending=0
[economy-aggregate-cost] day=26600 publish_ms=2.649 native_hash_ms=1.098
[economy-ledger-cost] day=26600 copy_ms=0.673 validate_ms=0.230 hash_ms=1.015 cohorts=512 markets=321600
[economy-boundary-cost] day=26600 formulas_ms=24.929 stages_ms=21.929 mirror_ms=3.110
[runtime-day-cost] day=26600 ok=1 ms=32.812
[clock/step] delta=7.9ms speed=50x target=0.39d cap=8.00d/f cost=0.63ms ran=0 pulse=0.00ms loop=0.00ms full=0.22ms carry=0.66 barrier=
WARNING: [save] runtime bundle failed: {"code":"runtime_save_failed","ok":false,"pending":false,"reason":"save_country_checkpoint_day_mismatch","request_id":1}
   at: push_warning (core/variant/variant_utility.cpp:1034)
   GDScript backtrace (most recent call first):
       [0] _capture_native_runtime_bundle (res://scripts/game/game_save_coordinator.gd:626)
[clock/step] delta=7.6ms speed=50x target=0.38d cap=8.00d/f cost=0.68ms ran=0 pulse=0.01ms loop=0.00ms full=0.17ms carry=0.08 barrier=climate_input_capacity_day_barrier
[clock/step] delta=7.6ms speed=50x target=0.38d cap=8.00d/f cost=0.58ms ran=1 pulse=0.00ms loop=0.56ms full=0.78ms carry=0.26 barrier=climate_input_capacity_day_barrier
[economy-open-finish] day=26700 country=0.318 workset=0.024 fiscal=0.026 csr=0.002 recovery=0.002 vectors=1.292 audit=0.483 commands=0.001
[economy-prelude-cost] day=26700 ms=2.305 pending=0
[economy-aggregate-cost] day=26700 publish_ms=2.201 native_hash_ms=1.159
[economy-ledger-cost] day=26700 copy_ms=0.337 validate_ms=0.226 hash_ms=0.691 cohorts=512 markets=321600
[economy-boundary-cost] day=26700 formulas_ms=21.608 stages_ms=18.959 mirror_ms=2.247
[runtime-day-cost] day=26700 ok=1 ms=30.042
[clock/step] delta=7.6ms speed=50x target=0.38d cap=8.00d/f cost=0.56ms ran=0 pulse=0.00ms loop=0.00ms full=0.36ms carry=0.31 barrier=climate_input_capacity_day_barrier
[clock/step] delta=7.6ms speed=50x target=0.38d cap=4.90d/f cost=1.63ms ran=0 pulse=0.00ms loop=0.00ms full=0.23ms carry=0.38 barrier=climate_input_capacity_day_barrier
[clock/step] delta=7.6ms speed=50x target=0.38d cap=8.00d/f cost=0.58ms ran=0 pulse=0.00ms loop=0.00ms full=0.46ms carry=0.07 barrier=climate_input_capacity_day_barrier
[clock/step] delta=7.6ms speed=50x target=0.38d cap=8.00d/f cost=0.53ms ran=0 pulse=0.00ms loop=0.00ms full=0.23ms carry=0.35 barrier=climate_input_capacity_day_barrier
[economy-open-finish] day=26800 country=0.311 workset=0.024 fiscal=0.034 csr=0.002 recovery=0.002 vectors=1.324 audit=0.466 commands=0.001
[economy-prelude-cost] day=26800 ms=2.360 pending=0
[economy-aggregate-cost] day=26800 publish_ms=2.903 native_hash_ms=1.480
[economy-ledger-cost] day=26800 copy_ms=0.466 validate_ms=0.243 hash_ms=0.730 cohorts=512 markets=321600
[economy-boundary-cost] day=26800 formulas_ms=25.197 stages_ms=22.497 mirror_ms=2.480
[runtime-day-cost] day=26800 ok=1 ms=32.609
[clock/step] delta=7.6ms speed=50x target=0.38d cap=8.00d/f cost=0.64ms ran=0 pulse=0.00ms loop=0.00ms full=0.25ms carry=0.04 barrier=climate_input_capacity_day_barrier
[clock/step] delta=7.6ms speed=50x target=0.38d cap=5.35d/f cost=1.50ms ran=0 pulse=0.00ms loop=0.00ms full=0.28ms carry=0.38 barrier=
[clock/step] delta=7.6ms speed=50x target=0.38d cap=8.00d/f cost=0.50ms ran=0 pulse=0.00ms loop=0.00ms full=0.27ms carry=0.49 barrier=
[clock/step] delta=7.6ms speed=50x target=0.38d cap=8.00d/f cost=0.54ms ran=0 pulse=0.00ms loop=0.00ms full=0.25ms carry=0.38 barrier=
[clock/step] delta=7.6ms speed=50x target=0.38d cap=8.00d/f cost=0.57ms ran=0 pulse=0.00ms loop=0.00ms full=0.29ms carry=0.07 barrier=climate_input_capacity_day_barrier
[economy-open-finish] day=26900 country=0.388 workset=0.025 fiscal=0.029 csr=0.002 recovery=0.002 vectors=1.547 audit=0.558 commands=0.001
[economy-prelude-cost] day=26900 ms=2.761 pending=0
[economy-aggregate-cost] day=26900 publish_ms=2.696 native_hash_ms=1.045
[economy-ledger-cost] day=26900 copy_ms=0.452 validate_ms=0.229 hash_ms=0.681 cohorts=512 markets=321600
[economy-boundary-cost] day=26900 formulas_ms=26.777 stages_ms=23.548 mirror_ms=2.321
[runtime-day-cost] day=26900 ok=1 ms=33.942
[clock/step] delta=7.6ms speed=50x target=0.38d cap=3.98d/f cost=2.01ms ran=0 pulse=0.00ms loop=0.00ms full=0.21ms carry=0.97 barrier=
[clock/step] delta=7.6ms speed=50x target=0.38d cap=8.00d/f cost=0.53ms ran=0 pulse=0.00ms loop=0.00ms full=0.43ms carry=0.26 barrier=climate_input_capacity_day_barrier
[clock/step] delta=7.6ms speed=50x target=0.38d cap=8.00d/f cost=0.82ms ran=0 pulse=0.00ms loop=0.00ms full=0.32ms carry=0.53 barrier=
[clock/step] delta=7.6ms speed=50x target=0.38d cap=8.00d/f cost=0.59ms ran=0 pulse=0.00ms loop=0.00ms full=0.34ms carry=0.39 barrier=
[economy-open-finish] day=27000 country=0.365 workset=0.024 fiscal=0.026 csr=0.002 recovery=0.002 vectors=1.421 audit=0.497 commands=0.000
[economy-prelude-cost] day=27000 ms=2.492 pending=0
[economy-aggregate-cost] day=27000 publish_ms=3.020 native_hash_ms=1.340
[economy-ledger-cost] day=27000 copy_ms=0.322 validate_ms=0.222 hash_ms=0.678 cohorts=512 markets=321600
[economy-boundary-cost] day=27000 formulas_ms=25.666 stages_ms=22.737 mirror_ms=2.081
[runtime-day-cost] day=27000 ok=1 ms=33.534
[clock/step] delta=7.4ms speed=50x target=0.37d cap=8.00d/f cost=0.61ms ran=0 pulse=0.00ms loop=0.00ms full=0.29ms carry=0.78 barrier=
WARNING: [save] runtime bundle failed: {"code":"runtime_save_failed","ok":false,"pending":false,"reason":"save_country_checkpoint_day_mismatch","request_id":2}
   at: push_warning (core/variant/variant_utility.cpp:1034)
   GDScript backtrace (most recent call first):
       [0] _capture_native_runtime_bundle (res://scripts/game/game_save_coordinator.gd:626)
[clock/step] delta=7.6ms speed=50x target=0.38d cap=8.00d/f cost=0.76ms ran=1 pulse=0.00ms loop=0.40ms full=0.64ms carry=0.11 barrier=climate_input_capacity_day_barrier
[clock/step] delta=7.6ms speed=50x target=0.38d cap=8.00d/f cost=0.57ms ran=0 pulse=0.00ms loop=0.00ms full=0.18ms carry=0.04 barrier=climate_input_capacity_day_barrier
[clock/step] delta=5.8ms speed=50x target=0.29d cap=8.00d/f cost=0.54ms ran=0 pulse=0.00ms loop=0.00ms full=0.28ms carry=0.70 barrier=
[clock/step] delta=8.3ms speed=50x target=0.42d cap=8.00d/f cost=0.57ms ran=0 pulse=0.00ms loop=0.00ms full=0.31ms carry=0.15 barrier=climate_input_capacity_day_barrier
[economy-open-finish] day=27100 country=0.317 workset=0.025 fiscal=0.031 csr=0.002 recovery=0.008 vectors=1.537 audit=0.630 commands=0.001
[economy-prelude-cost] day=27100 ms=2.717 pending=0
[economy-aggregate-cost] day=27100 publish_ms=3.201 native_hash_ms=0.961
[economy-ledger-cost] day=27100 copy_ms=0.390 validate_ms=0.267 hash_ms=0.625 cohorts=512 markets=321600
[economy-boundary-cost] day=27100 formulas_ms=27.807 stages_ms=24.748 mirror_ms=2.302
[runtime-day-cost] day=27100 ok=1 ms=35.258
[clock/step] delta=7.6ms speed=50x target=0.38d cap=8.00d/f cost=0.68ms ran=0 pulse=0.00ms loop=0.00ms full=0.22ms carry=0.04 barrier=climate_input_capacity_day_barrier
[clock/step] delta=7.6ms speed=50x target=0.38d cap=8.00d/f cost=0.53ms ran=0 pulse=0.00ms loop=0.00ms full=0.23ms carry=0.23 barrier=climate_input_capacity_day_barrier
[clock/step] delta=7.6ms speed=50x target=0.38d cap=8.00d/f cost=0.61ms ran=0 pulse=0.00ms loop=0.00ms full=0.20ms carry=0.31 barrier=climate_input_capacity_day_barrier
[clock/step] delta=7.6ms speed=50x target=0.38d cap=8.00d/f cost=0.55ms ran=1 pulse=0.00ms loop=0.49ms full=0.70ms carry=0.31 barrier=climate_input_capacity_day_barrier
[clock/step] delta=7.6ms speed=50x target=0.38d cap=8.00d/f cost=0.96ms ran=0 pulse=0.00ms loop=0.00ms full=0.18ms carry=0.36 barrier=climate_input_capacity_day_barrier
[economy-open-finish] day=27200 country=0.318 workset=0.023 fiscal=0.028 csr=0.002 recovery=0.002 vectors=1.520 audit=0.483 commands=0.001
[economy-prelude-cost] day=27200 ms=2.546 pending=0
[economy-aggregate-cost] day=27200 publish_ms=2.728 native_hash_ms=1.046
[economy-ledger-cost] day=27200 copy_ms=0.314 validate_ms=0.221 hash_ms=0.642 cohorts=512 markets=321600
[economy-boundary-cost] day=27200 formulas_ms=30.540 stages_ms=27.639 mirror_ms=2.064
[runtime-day-cost] day=27200 ok=1 ms=37.455
[clock/step] delta=7.0ms speed=50x target=0.35d cap=8.00d/f cost=0.51ms ran=1 pulse=0.00ms loop=0.54ms full=0.78ms carry=0.14 barrier=climate_input_capacity_day_barrier
[clock/step] delta=7.6ms speed=50x target=0.38d cap=8.00d/f cost=0.59ms ran=0 pulse=0.00ms loop=0.00ms full=0.26ms carry=0.07 barrier=climate_input_capacity_day_barrier
[clock/step] delta=8.3ms speed=50x target=0.41d cap=8.00d/f cost=0.57ms ran=0 pulse=0.00ms loop=0.00ms full=0.34ms carry=0.78 barrier=
[clock/step] delta=8.8ms speed=50x target=0.44d cap=4.41d/f cost=1.59ms ran=1 pulse=0.00ms loop=0.71ms full=0.95ms carry=0.27 barrier=climate_input_capacity_day_barrier
[economy-open-finish] day=27300 country=0.325 workset=0.025 fiscal=0.027 csr=0.003 recovery=0.002 vectors=1.408 audit=0.596 commands=0.001
[economy-prelude-cost] day=27300 ms=2.567 pending=0
[clock/step] delta=7.6ms speed=50x target=0.38d cap=7.93d/f cost=1.01ms ran=0 pulse=0.00ms loop=0.00ms full=0.22ms carry=0.20 barrier=climate_input_capacity_day_barrier
[economy-aggregate-cost] day=27300 publish_ms=2.917 native_hash_ms=1.546
[economy-ledger-cost] day=27300 copy_ms=0.745 validate_ms=0.243 hash_ms=1.078 cohorts=512 markets=321600
[economy-boundary-cost] day=27300 formulas_ms=36.517 stages_ms=33.565 mirror_ms=3.483
[runtime-day-cost] day=27300 ok=1 ms=46.203
[clock/step] delta=8.0ms speed=50x target=0.40d cap=8.00d/f cost=0.57ms ran=0 pulse=0.00ms loop=0.00ms full=0.27ms carry=0.03 barrier=climate_input_capacity_day_barrier
[clock/step] delta=8.3ms speed=50x target=0.42d cap=8.00d/f cost=0.64ms ran=0 pulse=0.00ms loop=0.00ms full=0.46ms carry=0.25 barrier=climate_input_capacity_day_barrier
[clock/step] delta=7.6ms speed=50x target=0.38d cap=8.00d/f cost=0.57ms ran=0 pulse=0.00ms loop=0.00ms full=0.24ms carry=0.98 barrier=
WARNING: [save] runtime bundle failed: {"code":"runtime_save_failed","ok":false,"pending":false,"reason":"save_country_checkpoint_day_mismatch","request_id":3}
   at: push_warning (core/variant/variant_utility.cpp:1034)
   GDScript backtrace (most recent call first):
       [0] _capture_native_runtime_bundle (res://scripts/game/game_save_coordinator.gd:626)
[clock/step] delta=7.6ms speed=50x target=0.38d cap=3.66d/f cost=2.18ms ran=0 pulse=0.00ms loop=0.00ms full=0.22ms carry=0.91 barrier=
[economy-open-finish] day=27400 country=0.549 workset=0.038 fiscal=0.026 csr=0.003 recovery=0.003 vectors=2.993 audit=0.935 commands=0.001
[economy-prelude-cost] day=27400 ms=4.791 pending=0
[economy-aggregate-cost] day=27400 publish_ms=2.563 native_hash_ms=1.098
[economy-ledger-cost] day=27400 copy_ms=0.397 validate_ms=0.223 hash_ms=0.658 cohorts=512 markets=321600
[economy-boundary-cost] day=27400 formulas_ms=34.920 stages_ms=29.532 mirror_ms=2.203
[runtime-day-cost] day=27400 ok=1 ms=42.214
[clock/step] delta=7.6ms speed=50x target=0.38d cap=3.58d/f cost=1.90ms ran=1 pulse=0.00ms loop=0.55ms full=0.80ms carry=0.11 barrier=climate_input_capacity_day_barrier
[clock/step] delta=7.6ms speed=50x target=0.38d cap=8.00d/f cost=0.54ms ran=0 pulse=0.00ms loop=0.00ms full=0.28ms carry=0.09 barrier=climate_input_capacity_day_barrier
[clock/step] delta=7.6ms speed=50x target=0.38d cap=8.00d/f cost=0.55ms ran=0 pulse=0.00ms loop=0.00ms full=0.19ms carry=0.14 barrier=climate_input_capacity_day_barrier
[clock/step] delta=8.3ms speed=50x target=0.42d cap=6.65d/f cost=1.20ms ran=0 pulse=0.00ms loop=0.00ms full=0.37ms carry=0.10 barrier=climate_input_capacity_day_barrier
[clock/step] delta=6.7ms speed=50x target=0.33d cap=8.00d/f cost=0.57ms ran=0 pulse=0.00ms loop=0.00ms full=0.26ms carry=0.12 barrier=climate_input_capacity_day_barrier
[economy-open-finish] day=27500 country=0.540 workset=0.037 fiscal=0.026 csr=0.004 recovery=0.003 vectors=2.657 audit=0.892 commands=0.001
[economy-prelude-cost] day=27500 ms=4.396 pending=0
[economy-aggregate-cost] day=27500 publish_ms=2.804 native_hash_ms=1.154
[economy-ledger-cost] day=27500 copy_ms=0.339 validate_ms=0.223 hash_ms=0.693 cohorts=512 markets=321600
[economy-boundary-cost] day=27500 formulas_ms=33.021 stages_ms=28.048 mirror_ms=2.148
[runtime-day-cost] day=27500 ok=1 ms=40.635
[clock/step] delta=7.4ms speed=50x target=0.37d cap=8.00d/f cost=0.59ms ran=0 pulse=0.00ms loop=0.00ms full=0.33ms carry=0.22 barrier=climate_input_capacity_day_barrier
[clock/step] delta=8.2ms speed=50x target=0.41d cap=8.00d/f cost=0.58ms ran=0 pulse=0.00ms loop=0.00ms full=0.44ms carry=0.23 barrier=climate_input_capacity_day_barrier
[clock/step] delta=7.6ms speed=50x target=0.38d cap=8.00d/f cost=0.62ms ran=0 pulse=0.00ms loop=0.00ms full=0.34ms carry=0.18 barrier=climate_input_capacity_day_barrier
[clock/step] delta=8.2ms speed=50x target=0.41d cap=8.00d/f cost=0.64ms ran=0 pulse=0.00ms loop=0.00ms full=0.34ms carry=0.10 barrier=climate_input_capacity_day_barrier
[clock/step] delta=7.6ms speed=50x target=0.38d cap=8.00d/f cost=0.55ms ran=0 pulse=0.00ms loop=0.00ms full=0.21ms carry=0.51 barrier=
[economy-open-finish] day=27600 country=0.334 workset=0.024 fiscal=0.026 csr=0.003 recovery=0.002 vectors=1.617 audit=0.504 commands=0.001
[economy-prelude-cost] day=27600 ms=2.667 pending=0
[economy-aggregate-cost] day=27600 publish_ms=2.694 native_hash_ms=1.154
[economy-ledger-cost] day=27600 copy_ms=0.327 validate_ms=0.231 hash_ms=0.664 cohorts=512 markets=321600
[economy-boundary-cost] day=27600 formulas_ms=29.086 stages_ms=26.066 mirror_ms=2.400
[runtime-day-cost] day=27600 ok=1 ms=37.518
[clock/step] delta=7.6ms speed=50x target=0.38d cap=8.00d/f cost=0.63ms ran=0 pulse=0.00ms loop=0.00ms full=0.31ms carry=0.50 barrier=
[clock/step] delta=7.6ms speed=50x target=0.38d cap=8.00d/f cost=0.56ms ran=0 pulse=0.00ms loop=0.00ms full=0.24ms carry=0.11 barrier=climate_input_capacity_day_barrier
[clock/step] delta=7.6ms speed=50x target=0.38d cap=8.00d/f cost=0.90ms ran=0 pulse=0.00ms loop=0.00ms full=0.46ms carry=0.34 barrier=climate_input_capacity_day_barrier
[clock/step] delta=7.6ms speed=50x target=0.38d cap=8.00d/f cost=0.54ms ran=0 pulse=0.00ms loop=0.00ms full=0.45ms carry=0.18 barrier=climate_input_capacity_day_barrier
[clock/step] delta=7.6ms speed=50x target=0.38d cap=8.00d/f cost=0.57ms ran=1 pulse=0.00ms loop=0.57ms full=0.83ms carry=0.35 barrier=climate_input_capacity_day_barrier
[economy-open-finish] day=27700 country=0.495 workset=0.038 fiscal=0.036 csr=0.003 recovery=0.002 vectors=1.848 audit=0.523 commands=0.001
[economy-prelude-cost] day=27700 ms=3.184 pending=0
[economy-aggregate-cost] day=27700 publish_ms=2.862 native_hash_ms=1.355
[economy-ledger-cost] day=27700 copy_ms=0.485 validate_ms=0.247 hash_ms=0.702 cohorts=512 markets=321600
[economy-boundary-cost] day=27700 formulas_ms=35.347 stages_ms=31.658 mirror_ms=2.440
[runtime-day-cost] day=27700 ok=1 ms=43.396
[clock/step] delta=8.3ms speed=50x target=0.42d cap=8.00d/f cost=0.52ms ran=0 pulse=0.00ms loop=0.00ms full=0.39ms carry=0.06 barrier=climate_input_capacity_day_barrier
[clock/step] delta=7.6ms speed=50x target=0.38d cap=8.00d/f cost=0.58ms ran=0 pulse=0.00ms loop=0.00ms full=0.18ms carry=0.77 barrier=
WARNING: [save] runtime bundle failed: {"code":"runtime_save_failed","ok":false,"pending":false,"reason":"save_country_checkpoint_day_mismatch","request_id":4}
   at: push_warning (core/variant/variant_utility.cpp:1034)
   GDScript backtrace (most recent call first):
       [0] _capture_native_runtime_bundle (res://scripts/game/game_save_coordinator.gd:626)
[clock/step] delta=7.6ms speed=50x target=0.38d cap=5.58d/f cost=1.43ms ran=0 pulse=0.00ms loop=0.00ms full=0.31ms carry=0.07 barrier=climate_input_capacity_day_barrier
[clock/step] delta=7.6ms speed=50x target=0.38d cap=8.00d/f cost=0.71ms ran=0 pulse=0.00ms loop=0.00ms full=0.38ms carry=0.64 barrier=
[clock/step] delta=7.6ms speed=50x target=0.38d cap=8.00d/f cost=0.59ms ran=0 pulse=0.00ms loop=0.00ms full=0.27ms carry=0.10 barrier=climate_input_capacity_day_barrier
[economy-open-finish] day=27800 country=0.335 workset=0.024 fiscal=0.027 csr=0.002 recovery=0.002 vectors=1.791 audit=0.488 commands=0.001
[economy-prelude-cost] day=27800 ms=2.842 pending=0
[economy-aggregate-cost] day=27800 publish_ms=2.664 native_hash_ms=1.116
[economy-ledger-cost] day=27800 copy_ms=0.338 validate_ms=0.234 hash_ms=0.850 cohorts=512 markets=321600
[economy-boundary-cost] day=27800 formulas_ms=46.020 stages_ms=42.752 mirror_ms=2.433
[runtime-day-cost] day=27800 ok=1 ms=53.540
[clock/step] delta=7.6ms speed=50x target=0.38d cap=8.00d/f cost=0.57ms ran=0 pulse=0.00ms loop=0.00ms full=0.45ms carry=0.36 barrier=climate_input_capacity_day_barrier
[clock/step] delta=7.6ms speed=50x target=0.38d cap=7.84d/f cost=1.02ms ran=0 pulse=0.00ms loop=0.00ms full=0.40ms carry=0.34 barrier=climate_input_capacity_day_barrier
[clock/step] delta=7.6ms speed=50x target=0.38d cap=8.00d/f cost=0.54ms ran=0 pulse=0.00ms loop=0.00ms full=0.20ms carry=0.60 barrier=
[clock/step] delta=7.6ms speed=50x target=0.38d cap=8.00d/f cost=0.52ms ran=0 pulse=0.00ms loop=0.00ms full=0.34ms carry=0.03 barrier=climate_input_capacity_day_barrier
[clock/step] delta=7.6ms speed=50x target=0.38d cap=8.00d/f cost=0.54ms ran=0 pulse=0.00ms loop=0.00ms full=0.52ms carry=0.05 barrier=climate_input_capacity_day_barrier
[economy-open-finish] day=27900 country=0.357 workset=0.032 fiscal=0.032 csr=0.002 recovery=0.002 vectors=1.549 audit=0.502 commands=0.001
[economy-prelude-cost] day=27900 ms=2.635 pending=0
[economy-aggregate-cost] day=27900 publish_ms=2.493 native_hash_ms=1.162
[economy-ledger-cost] day=27900 copy_ms=0.403 validate_ms=0.222 hash_ms=0.779 cohorts=512 markets=321600
[economy-boundary-cost] day=27900 formulas_ms=28.808 stages_ms=25.825 mirror_ms=2.566
[runtime-day-cost] day=27900 ok=1 ms=37.451
[clock/step] delta=7.6ms speed=50x target=0.38d cap=4.93d/f cost=1.62ms ran=0 pulse=0.00ms loop=0.00ms full=0.28ms carry=0.62 barrier=
[clock/step] delta=7.6ms speed=50x target=0.38d cap=8.00d/f cost=0.58ms ran=0 pulse=0.00ms loop=0.00ms full=0.28ms carry=0.77 barrier=
[clock/step] delta=8.3ms speed=50x target=0.42d cap=8.00d/f cost=0.49ms ran=0 pulse=0.00ms loop=0.00ms full=0.25ms carry=0.24 barrier=climate_input_capacity_day_barrier
[clock/step] delta=7.6ms speed=50x target=0.38d cap=8.00d/f cost=0.56ms ran=0 pulse=0.00ms loop=0.00ms full=0.17ms carry=0.19 barrier=climate_input_capacity_day_barrier
[clock/step] delta=7.6ms speed=50x target=0.38d cap=4.98d/f cost=1.46ms ran=1 pulse=0.00ms loop=0.88ms full=1.30ms carry=0.26 barrier=climate_input_capacity_day_barrier
[economy-open-finish] day=28000 country=0.322 workset=0.035 fiscal=0.039 csr=0.003 recovery=0.002 vectors=1.575 audit=0.531 commands=0.000
[economy-prelude-cost] day=28000 ms=2.668 pending=0
[economy-aggregate-cost] day=28000 publish_ms=2.672 native_hash_ms=1.082
[economy-ledger-cost] day=28000 copy_ms=0.323 validate_ms=0.214 hash_ms=0.685 cohorts=512 markets=321600
[economy-boundary-cost] day=28000 formulas_ms=32.512 stages_ms=29.494 mirror_ms=2.319
[runtime-day-cost] day=28000 ok=1 ms=39.753
[clock/step] delta=7.6ms speed=50x target=0.38d cap=8.00d/f cost=0.87ms ran=0 pulse=0.00ms loop=0.00ms full=0.44ms carry=0.11 barrier=climate_input_capacity_day_barrier
[clock/step] delta=7.6ms speed=50x target=0.38d cap=8.00d/f cost=0.53ms ran=0 pulse=0.00ms loop=0.00ms full=0.34ms carry=0.19 barrier=climate_input_capacity_day_barrier
[clock/step] delta=7.6ms speed=50x target=0.38d cap=8.00d/f cost=0.45ms ran=1 pulse=0.00ms loop=0.40ms full=0.61ms carry=0.03 barrier=climate_input_capacity_day_barrier
[clock/step] delta=7.6ms speed=50x target=0.38d cap=8.00d/f cost=0.51ms ran=0 pulse=0.00ms loop=0.00ms full=0.23ms carry=0.50 barrier=
[clock/step] delta=7.6ms speed=50x target=0.38d cap=8.00d/f cost=0.50ms ran=0 pulse=0.00ms loop=0.00ms full=0.19ms carry=0.90 barrier=
[economy-open-finish] day=28100 country=0.572 workset=0.042 fiscal=0.031 csr=0.004 recovery=0.004 vectors=2.233 audit=0.489 commands=0.001
[economy-prelude-cost] day=28100 ms=3.607 pending=0
[economy-aggregate-cost] day=28100 publish_ms=2.865 native_hash_ms=1.432
[economy-ledger-cost] day=28100 copy_ms=0.354 validate_ms=0.229 hash_ms=0.651 cohorts=512 markets=321600
[economy-boundary-cost] day=28100 formulas_ms=32.127 stages_ms=27.981 mirror_ms=2.141
[runtime-day-cost] day=28100 ok=1 ms=39.985
WARNING: [save] runtime bundle failed: {"code":"runtime_save_failed","ok":false,"pending":false,"reason":"save_country_checkpoint_day_mismatch","request_id":5}
   at: push_warning (core/variant/variant_utility.cpp:1034)
   GDScript backtrace (most recent call first):
       [0] _capture_native_runtime_bundle (res://scripts/game/game_save_coordinator.gd:626)
[clock/step] delta=7.6ms speed=50x target=0.38d cap=4.58d/f cost=1.75ms ran=0 pulse=0.01ms loop=0.00ms full=0.57ms carry=0.26 barrier=climate_input_capacity_day_barrier
[clock/step] delta=7.6ms speed=50x target=0.38d cap=8.00d/f cost=0.63ms ran=0 pulse=0.00ms loop=0.00ms full=0.18ms carry=0.75 barrier=
[clock/step] delta=7.6ms speed=50x target=0.38d cap=8.00d/f cost=0.51ms ran=0 pulse=0.00ms loop=0.00ms full=0.20ms carry=0.01 barrier=climate_input_capacity_day_barrier
[clock/step] delta=7.6ms speed=50x target=0.38d cap=8.00d/f cost=0.49ms ran=0 pulse=0.00ms loop=0.00ms full=0.31ms carry=0.06 barrier=climate_input_capacity_day_barrier
[clock/step] delta=7.6ms speed=50x target=0.38d cap=3.95d/f cost=2.03ms ran=0 pulse=0.00ms loop=0.00ms full=0.49ms carry=0.13 barrier=climate_input_capacity_day_barrier
[economy-open-finish] day=28200 country=0.332 workset=0.027 fiscal=0.029 csr=0.003 recovery=0.003 vectors=2.617 audit=0.917 commands=0.001
[economy-prelude-cost] day=28200 ms=4.122 pending=0
[economy-aggregate-cost] day=28200 publish_ms=3.852 native_hash_ms=1.348
[economy-ledger-cost] day=28200 copy_ms=0.417 validate_ms=0.260 hash_ms=0.752 cohorts=512 markets=321600
[economy-boundary-cost] day=28200 formulas_ms=41.288 stages_ms=36.763 mirror_ms=2.596
[runtime-day-cost] day=28200 ok=1 ms=50.928
[clock/step] delta=7.6ms speed=50x target=0.38d cap=5.46d/f cost=1.47ms ran=0 pulse=0.00ms loop=0.00ms full=0.20ms carry=0.62 barrier=
[clock/step] delta=7.6ms speed=50x target=0.38d cap=6.25d/f cost=1.28ms ran=0 pulse=0.00ms loop=0.00ms full=0.26ms carry=0.57 barrier=
[clock/step] delta=7.6ms speed=50x target=0.38d cap=6.48d/f cost=1.23ms ran=0 pulse=0.00ms loop=0.00ms full=0.17ms carry=0.91 barrier=
[clock/step] delta=7.6ms speed=50x target=0.38d cap=5.11d/f cost=1.57ms ran=0 pulse=0.00ms loop=0.00ms full=0.46ms carry=0.24 barrier=climate_input_capacity_day_barrier
[economy-open-finish] day=28300 country=0.426 workset=0.034 fiscal=0.026 csr=0.003 recovery=0.002 vectors=1.728 audit=0.462 commands=0.001
[economy-prelude-cost] day=28300 ms=2.894 pending=0
[economy-aggregate-cost] day=28300 publish_ms=2.355 native_hash_ms=1.254
[economy-ledger-cost] day=28300 copy_ms=0.482 validate_ms=0.226 hash_ms=0.721 cohorts=512 markets=321600
[economy-boundary-cost] day=28300 formulas_ms=27.973 stages_ms=24.660 mirror_ms=2.540
[runtime-day-cost] day=28300 ok=1 ms=35.222
[clock/step] delta=7.6ms speed=50x target=0.38d cap=5.55d/f cost=1.44ms ran=0 pulse=0.00ms loop=0.00ms full=0.40ms carry=0.10 barrier=climate_input_capacity_day_barrier
[clock/step] delta=7.6ms speed=50x target=0.38d cap=8.00d/f cost=0.94ms ran=0 pulse=0.00ms loop=0.00ms full=0.17ms carry=0.06 barrier=climate_input_capacity_day_barrier
[clock/step] delta=7.6ms speed=50x target=0.38d cap=8.00d/f cost=0.58ms ran=0 pulse=0.00ms loop=0.00ms full=0.27ms carry=0.81 barrier=
[clock/step] delta=7.6ms speed=50x target=0.38d cap=8.00d/f cost=0.66ms ran=0 pulse=0.00ms loop=0.00ms full=0.22ms carry=0.94 barrier=
[economy-open-finish] day=28400 country=0.317 workset=0.025 fiscal=0.028 csr=0.003 recovery=0.002 vectors=1.514 audit=0.469 commands=0.001
[economy-prelude-cost] day=28400 ms=2.524 pending=0
[economy-aggregate-cost] day=28400 publish_ms=2.958 native_hash_ms=1.318
[economy-ledger-cost] day=28400 copy_ms=0.359 validate_ms=0.245 hash_ms=0.675 cohorts=512 markets=321600
[economy-boundary-cost] day=28400 formulas_ms=29.757 stages_ms=26.887 mirror_ms=2.481
[runtime-day-cost] day=28400 ok=1 ms=37.347
[clock/step] delta=8.3ms speed=50x target=0.42d cap=8.00d/f cost=0.56ms ran=0 pulse=0.00ms loop=0.00ms full=0.32ms carry=0.75 barrier=
[clock/step] delta=7.6ms speed=50x target=0.38d cap=8.00d/f cost=0.59ms ran=0 pulse=0.00ms loop=0.00ms full=0.25ms carry=0.84 barrier=
[clock/step] delta=8.3ms speed=50x target=0.42d cap=8.00d/f cost=0.52ms ran=0 pulse=0.00ms loop=0.00ms full=0.21ms carry=0.24 barrier=climate_input_capacity_day_barrier
WARNING: [save] runtime bundle failed: {"code":"runtime_save_failed","ok":false,"pending":false,"reason":"save_country_checkpoint_day_mismatch","request_id":6}
   at: push_warning (core/variant/variant_utility.cpp:1034)
   GDScript backtrace (most recent call first):
       [0] _capture_native_runtime_bundle (res://scripts/game/game_save_coordinator.gd:626)
[clock/step] delta=7.6ms speed=50x target=0.38d cap=8.00d/f cost=0.73ms ran=0 pulse=0.00ms loop=0.00ms full=0.21ms carry=0.65 barrier=
[economy-open-finish] day=28500 country=0.319 workset=0.024 fiscal=0.027 csr=0.002 recovery=0.003 vectors=1.641 audit=0.480 commands=0.002
[economy-prelude-cost] day=28500 ms=2.700 pending=0
[economy-aggregate-cost] day=28500 publish_ms=2.386 native_hash_ms=1.371
[economy-ledger-cost] day=28500 copy_ms=0.657 validate_ms=0.250 hash_ms=0.915 cohorts=512 markets=321600
[economy-boundary-cost] day=28500 formulas_ms=33.748 stages_ms=30.688 mirror_ms=3.342
[runtime-day-cost] day=28500 ok=1 ms=43.086
[clock/step] delta=7.6ms speed=50x target=0.38d cap=8.00d/f cost=0.63ms ran=0 pulse=0.00ms loop=0.00ms full=0.24ms carry=0.50 barrier=
[clock/step] delta=7.6ms speed=50x target=0.38d cap=8.00d/f cost=0.57ms ran=0 pulse=0.00ms loop=0.00ms full=0.30ms carry=0.89 barrier=
[clock/step] delta=7.6ms speed=50x target=0.38d cap=8.00d/f cost=0.54ms ran=1 pulse=0.00ms loop=0.53ms full=0.77ms carry=0.26 barrier=climate_input_capacity_day_barrier
[clock/step] delta=7.6ms speed=50x target=0.38d cap=8.00d/f cost=0.70ms ran=0 pulse=0.00ms loop=0.00ms full=0.40ms carry=0.34 barrier=climate_input_capacity_day_barrier
[clock/step] delta=7.6ms speed=50x target=0.38d cap=8.00d/f cost=0.51ms ran=0 pulse=0.00ms loop=0.00ms full=0.22ms carry=0.19 barrier=climate_input_capacity_day_barrier
[economy-open-finish] day=28600 country=0.364 workset=0.023 fiscal=0.026 csr=0.002 recovery=0.002 vectors=1.699 audit=0.471 commands=0.001
[economy-prelude-cost] day=28600 ms=2.741 pending=0
[economy-aggregate-cost] day=28600 publish_ms=2.302 native_hash_ms=1.093
[economy-ledger-cost] day=28600 copy_ms=0.557 validate_ms=0.230 hash_ms=0.872 cohorts=512 markets=321600
[economy-boundary-cost] day=28600 formulas_ms=35.334 stages_ms=32.247 mirror_ms=2.939
[runtime-day-cost] day=28600 ok=1 ms=43.086
[clock/step] delta=7.6ms speed=50x target=0.38d cap=8.00d/f cost=0.51ms ran=0 pulse=0.00ms loop=0.00ms full=0.23ms carry=0.04 barrier=climate_input_capacity_day_barrier
[clock/step] delta=7.6ms speed=50x target=0.38d cap=5.98d/f cost=1.34ms ran=0 pulse=0.00ms loop=0.00ms full=0.19ms carry=0.88 barrier=
[clock/step] delta=7.6ms speed=50x target=0.38d cap=8.00d/f cost=0.51ms ran=0 pulse=0.00ms loop=0.00ms full=0.43ms carry=0.35 barrier=climate_input_capacity_day_barrier
[clock/step] delta=7.6ms speed=50x target=0.38d cap=8.00d/f cost=0.56ms ran=0 pulse=0.00ms loop=0.00ms full=0.33ms carry=0.43 barrier=
[clock/step] delta=8.3ms speed=50x target=0.42d cap=8.00d/f cost=0.58ms ran=0 pulse=0.00ms loop=0.00ms full=0.29ms carry=0.21 barrier=climate_input_capacity_day_barrier
[economy-open-finish] day=28700 country=0.319 workset=0.010 fiscal=0.024 csr=0.002 recovery=0.001 vectors=1.557 audit=0.457 commands=0.001
[economy-prelude-cost] day=28700 ms=2.534 pending=0
[economy-aggregate-cost] day=28700 publish_ms=3.809 native_hash_ms=1.273
[economy-ledger-cost] day=28700 copy_ms=0.391 validate_ms=0.246 hash_ms=0.856 cohorts=512 markets=321600
[economy-boundary-cost] day=28700 formulas_ms=13.281 stages_ms=10.394 mirror_ms=2.605
[runtime-day-cost] day=28700 ok=1 ms=21.043
[clock/step] delta=7.6ms speed=50x target=0.38d cap=8.00d/f cost=0.76ms ran=0 pulse=0.00ms loop=0.00ms full=0.39ms carry=0.23 barrier=climate_input_capacity_day_barrier
[clock/step] delta=7.6ms speed=50x target=0.38d cap=8.00d/f cost=0.80ms ran=0 pulse=0.00ms loop=0.00ms full=0.25ms carry=0.80 barrier=
[clock/step] delta=7.6ms speed=50x target=0.38d cap=8.00d/f cost=0.69ms ran=0 pulse=0.00ms loop=0.00ms full=0.38ms carry=0.37 barrier=climate_input_capacity_day_barrier
[economy-fatal] day=28779 stage=4 substage=structural_sort reason=country_economy_asset_peer_journal_identity_mismatch
[economy-worker-fatal] day=28779 phase=2 stage=8 reason=country_economy_asset_peer_journal_identity_mismatch
[runtime-worker-fault] code=country_economy_asset_peer_journal_identity_mismatch day=28778 ring=4
[runtime-worker-fault] code=country_economy_asset_peer_journal_identity_mismatch day=28778 ring=4
[runtime-forensics/save_replay_fatal] {"captured_at":"2026-10-09T00:13:14","clock":{"day_index":28785,"paused":false,"speed_multiplier":0.0},"context":{"slot":"autosave","start_day":26280},"country":{"bootstrapped":true,"generation":13594,"last_committed_day":28779,"state_hash":0},"economy":{"country_research_procurement_continuation_phase":0,"country_research_procurement_last_error":"","current_day":28779,"epoch_active":false,"epoch_begin_pending_day":-1,"epoch_begin_post_fiscal_pending":false,"epoch_id":28778,"executed_stage":"household_market","executed_substage":"structural_sort","fatal":true,"fatal_context":{"amount":0,"command_cursor":0,"command_opcode":0,"country_sync_writes_forbidden":true,"country_worker_authoritative":true,"d7_operation_gate_mask":1022,"day":28779,"epoch_id":28778,"executed_stage":"household_market","executed_substage":"structural_sort","reason":"country_economy_asset_peer_journal_identity_mismatch","stage":"structural_commit","structural_cursor":0,"subject_handle":447,"target_handle":3,"valid":true},"fatal_reason":"country_economy_asset_peer_journal_identity_mismatch","fiscal_reservation_continuation_active":false,"fiscal_reservation_continuation_phase":2,"fiscal_reservation_last_error":"","last_completed_sample_day":28778,"newest_state_day":28778,"sample_day":28779,"stage":"fatal"},"economy_conservation":{"audit_incomplete":true,"audit_incomplete_reason":"epoch_aborted_before_closing_audit","bullion_money_issued":0,"bullion_stock_consumed":0,"closing_audit_fast_paths":0,"closing_audit_full_verifications":0,"closing_audit_incremental_this_epoch":false,"closing_audit_mismatch_lane":-1,"closing_audit_mismatch_ledger":"none","closing_audit_mismatches":0,"closing_audit_mode":"INCREMENTAL","closing_audit_runtime_disabled":false,"closing_cohort_funds":8680032607058,"closing_country_cash":14963107488387,"closing_country_goods":15033081,"closing_escrow_cash":0,"closing_expedition_funds":0,"closing_expedition_goods":0,"closing_goods_stock":44473491869,"closing_transit_goods":0,"construction_goods_consumed":0,"consumed_goods":240094411,"country_research_goods_consumed":0,"cycle_flow_discarded":0,"explicit_money_burn":0,"explicit_money_mint":1495084628,"explicit_stock_delta":0,"goods_audit_candidate_lanes":[],"goods_error":0,"goods_expected":44657748891,"incremental_closing_cohort_funds":0,"incremental_closing_country_cash":0,"incremental_closing_country_goods":0,"incremental_closing_escrow_cash":0,"incremental_closing_expedition_goods":0,"incremental_closing_goods_stock":0,"incremental_closing_population":0,"incremental_closing_transit_goods":0,"maintenance_goods_consumed":582164,"money_audit_candidate_accounts":[],"money_close":23643140095445,"money_error":0,"money_expected":23644635180073,"money_open":23643140095445,"opening_audit_fast_paths":1,"opening_audit_full_verifications":0,"opening_cohort_funds":8680032607058,"opening_country_cash":14963107488387,"opening_country_goods":15033081,"opening_escrow_cash":0,"opening_expedition_funds":0,"opening_expedition_goods":0,"opening_goods_stock":44473491869,"opening_transit_goods":0,"owner_output_consumed":224228298,"population_error":0,"producer_support_money_issued":1495084628,"production_inputs_consumed":411575,"production_output_discarded":0,"production_output_retained":224228298,"production_output_stock":425345172,"saturation_count":0},"engine":{"debug_build":true,"headless":true,"process_frames":14004},"reason":"unknown","runtime_thread":{"active_gate_blocked":false,"authoritative_domain_mask":0,"climate_committed_day":28779,"climate_worker_authoritative":false,"completion_gate_missing_domain_mask":0,"country_worker_authoritative":false,"country_worker_plan_active":false,"country_worker_waiting_for_peer":false,"coverage_blocker":"","day_stall_day":-1,"day_stall_peer_ms":0,"day_stall_reason_mask":1,"economy_authority_fault_paused":true,"economy_authority_last_committed_generation":28779,"economy_input_requested_day":-1,"economy_pod_active_ready":true,"economy_stage_name":"fatal","economy_stage_ops_prelude_ready":false,"economy_substage_name":"structural_sort","economy_yield_reason":"country_economy_asset_peer_journal_identity_mis","environment_ring_pending":4,"fault_code":"country_economy_asset_peer_journal_identity_mismatch","generation":28778,"missing_domain_mask":0,"requested_authority_mask":4095,"simulation_committed_day":28778,"simulation_host_state":"FAULTED","simulation_worker_blocker":"country_economy_asset_peer_journal_identity_mismatch","simulation_worker_ready":true,"state":"FAULTED","state_hash":-2652840259605570134,"worker_fault_count":1}}
[runtime-forensics/save_replay_fatal] wrote F:/Developent/Godot/Project.Keynes/tmp/runtime_forensics_save_replay_fatal.json
ERROR: [save-replay] economy_fatal:country_economy_asset_peer_journal_identity_mismatch
   at: push_error (core/variant/variant_utility.cpp:1024)
   GDScript backtrace (most recent call first):
       [0] _fail (res://tests/headless_save_replay.gd:301)
       [1] _advance (res://tests/headless_save_replay.gd:164)
[save-replay/result] {"day_timeout_msec":60000,"failures":["economy_fatal:country_economy_asset_peer_journal_identity_mismatch"],"fatal_day":28785,"forensics":"F:/Developent/Godot/Project.Keynes/tmp/runtime_forensics_save_replay_fatal.json","ok":false,"requested_days":3000,"restore":{"country_bootstrapped":true,"economy_bootstrapped":true,"host_state":"PAUSED","settlement_source":"save_restore"},"slot":"autosave","speed":50.0,"start_day":26280,"target_day":29280,"warmup_days":200,"warmup_start_authoritative_day":26280}
[save-replay/result] {"day_timeout_msec":60000,"failures":["economy_fatal:country_economy_asset_peer_journal_identity_mismatch"],"fatal_day":28785,"forensics":"F:/Developent/Godot/Project.Keynes/tmp/runtime_forensics_save_replay_fatal.json","ok":false,"requested_days":3000,"restore":{"country_bootstrapped":true,"economy_bootstrapped":true,"host_state":"PAUSED","settlement_source":"save_restore"},"slot":"autosave","speed":50.0,"start_day":26280,"target_day":29280,"warmup_days":200,"warmup_start_authoritative_day":26280}
WARNING: [runtime-worker] FAULTED code=country_economy_asset_peer_journal_identity_mismatch committed_day=28778 generation=28778 faults=1 - world_clock.pause(true)
   at: push_warning (core/variant/variant_utility.cpp:1034)
   GDScript backtrace (most recent call first):
       [0] _observe_runtime_worker_fault (res://scripts/game/world_runtime_host.gd:1130)
       [1] _process (res://scripts/game/world_runtime_host.gd:992)
ERROR: 46 RID allocations of type 'PN13RendererDummy14TextureStorage12DummyTextureE' were leaked at exit.
ERROR: 23 RID allocations of type 'PN18TextServerAdvanced22ShapedTextDataAdvancedE' were leaked at exit.
ERROR: 1 RID allocations of type 'PN18TextServerAdvanced12FontAdvancedE' were leaked at exit.
WARNING: ObjectDB instances leaked at exit (run with --verbose for details).
   at: cleanup (core/object/object.cpp:2641)
ERROR: 986 resources still in use at exit (run with --verbose for details).
   at: clear (core/io/resource.cpp:810)
