Godot Engine v4.6.2.stable.official.71f334935 - https://godotengine.org

[save-repository] slot directory overridden to F:\Developent\Godot\Project.Keynes\tmp
[save-replay] slot=autosave days=3000 speed=50.0 day_timeout=60000ms
[ui-layout-diag/bind_ui] is_web=false viewport_visible_rect=[P: (0.0, 0.0), S: (64.0, 64.0)] window_size=(64, 64) content_scale_factor=1.000 content_scale_mode=0 device_pixel_ratio=-1.000 top_bar_rect=[P: (0.0, 0.0), S: (543.0, 56.0)] right_panel_rect=[P: (-396.0, 68.0), S: (460.0, 366.0)] country_action_bar_rect=[P: (8.0, -18.0), S: (336.0, 74.0)]
[building-visual] queue_probe ticks=1 queued=0 chunk=-1 camera_rect=[P: (-32.0, -32.0), S: (64.0, 64.0)] prefetch=false zoom=1.000
[building-visual] queue_probe ticks=2 queued=0 chunk=-1 camera_rect=[P: (-32.0, -32.0), S: (64.0, 64.0)] prefetch=false zoom=1.000
[native_generation/base] path=gdext algorithm=post_base_priority_flood_hydrology_v3 n=2400 native_ms=9.370 water=1546 land=854
[native_generation/post_base] path=gdext algorithm=post_base_priority_flood_hydrology_v3 n=2400 native_ms=2.035 lakes=0 rivers=134 volcanoes=0
[native_generation/vegetation] native_ms=0.729 candidates=850 none=1166 score=[0.000,1.201,1.145] plant_water_land=854 river_adjacent_desert=0 coastal_highland_desert=0 terrain_weight=[0.180,1.200]
[native_generation/qa] single_water=0 tiny<=3=0 small<=5=0 bodies=1 largest=1546 | land_below_sea=0.0% | terr_distinct=22 entropy=3.070bit | river_ratio=5.583%
MapGenerator v7: per-cell 119ms (2400 cells, path=gdext)
[building-visual] queue_probe ticks=3 queued=0 chunk=-1 camera_rect=[P: (-32.0, -32.0), S: (64.0, 64.0)] prefetch=false zoom=1.000
MapBaker v6: hm=(1024, 606) seed=1891498759
    [fused] terrain=94.8ms erosion=2.9ms(ok=true) river=11.5ms(ok=true) latitude=0.1ms coast_sdf=5.2ms(ok=true)
  geometry fields (fused C++): 204ms
  physical circulation hex solve: deferred until DCWorldExt bind (ext=true idx=true soa=false)
  wind/ocean pixel buffers: skipped (ocean_current_visual off)
  visual tiles: {"degradation_reason":"","effective_budget_px":1717248,"effective_texels_per_hex":16.0059221751742,"effective_world_units_per_texel":"(1.373983, 1.375)","estimated_peak_bytes":68402880,"estimated_resident_bytes":40340160,"fallback_reason":"","generation_id":1,"grid_size":"(4, 3)","gutter_px":2,"hex_size":22.0,"horizon_path":"neutral_pending","interior_size":"(416, 344)","layer_size":"(420, 348)","layers":[{"bake_ms":89.5917,"coast_sdf_max_dist_px":13.6162309214075,"distance_scale":1.70202886517594,"edge_distance_saturate_hex":0.9,"edge_distance_units":"normalized_hex_center_gap","hashes":{"edge_distance":5745253967012291076,"edge_neighbor":6412154147337874011,"height":2318469220320144360,"map_index":7219032183909733551,"terrain_detail":8091301763434683572,"terrain_normal":-3162160102363937747,"water_depth":2693318737079070002},"layer":0,"normal_radius_px":"(22, 22)","raster_scale":"(1.701088, 1.70297)","river_sdf_max_dist_px":5.9571010281158,"shore_carve_band_px":10,"upload_ms":0.067,"wall_ms":89.805},{"bake_ms":99.9307,"coast_sdf_max_dist_px":13.6162309214075,"distance_scale":1.70202886517594,"edge_distance_saturate_hex":0.9,"edge_distance_units":"normalized_hex_center_gap","hashes":{"edge_distance":5237508796394535974,"edge_neighbor":3595860925958786347,"height":489786577393212457,"map_index":-4105252952704072786,"terrain_detail":-3901680320202547919,"terrain_normal":7949331139393904778,"water_depth":-3592915096569862065},"layer":1,"normal_radius_px":"(22, 22)","raster_scale":"(1.701088, 1.70297)","river_sdf_max_dist_px":5.9571010281158,"shore_carve_band_px":10,"upload_ms":0.069,"wall_ms":100.096},{"bake_ms":48.6369,"coast_sdf_max_dist_px":13.6162309214075,"distance_scale":1.70202886517594,"edge_distance_saturate_hex":0.9,"edge_distance_units":"normalized_hex_center_gap","hashes":{"edge_distance":4891812844590573926,"edge_neighbor":-7564419581944174240,"height":-3958687591481308071,"map_index":-5929201786061615847,"terrain_detail":725835612093744862,"terrain_normal":-7701213585738823337,"water_depth":-8474200007067608143},"layer":2,"normal_radius_px":"(22, 22)","raster_scale":"(1.701088, 1.70297)","river_sdf_max_dist_px":5.9571010281158,"shore_carve_band_px":10,"upload_ms":0.067,"wall_ms":48.786},{"bake_ms":89.2795,"coast_sdf_max_dist_px":13.6162309214075,"distance_scale":1.70202886517594,"edge_distance_saturate_hex":0.9,"edge_distance_units":"normalized_hex_center_gap","hashes":{"edge_distance":-5405245657099180711,"edge_neighbor":1573303900353848012,"height":5160435325546673823,"map_index":4676039179867095464,"terrain_detail":2228511107875273693,"terrain_normal":-8646141357524128198,"water_depth":292623747737675498},"layer":3,"normal_radius_px":"(22, 22)","raster_scale":"(1.701088, 1.70297)","river_sdf_max_dist_px":5.9571010281158,"shore_carve_band_px":10,"upload_ms":0.083,"wall_ms":89.457},{"bake_ms":102.1499,"coast_sdf_max_dist_px":13.6162309214075,"distance_scale":1.70202886517594,"edge_distance_saturate_hex":0.9,"edge_distance_units":"normalized_hex_center_gap","hashes":{"edge_distance":-5880001966868430279,"edge_neighbor":-6991940041368957198,"height":8405338912169807986,"map_index":-3593026477873491176,"terrain_detail":-6736256310592379057,"terrain_normal":3157512816380590684,"water_depth":504053943833845997},"layer":4,"normal_radius_px":"(22, 22)","raster_scale":"(1.701088, 1.70297)","river_sdf_max_dist_px":5.9571010281158,"shore_carve_band_px":10,"upload_ms":0.093,"wall_ms":102.343},{"bake_ms":87.5074,"coast_sdf_max_dist_px":13.6162309214075,"distance_scale":1.70202886517594,"edge_distance_saturate_hex":0.9,"edge_distance_units":"normalized_hex_center_gap","hashes":{"edge_distance":3451836777673321450,"edge_neighbor":-6036116376872691173,"height":4553439657430674734,"map_index":4114404909309975984,"terrain_detail":-5951347343499123772,"terrain_normal":-2696372255763671643,"water_depth":-8473834029813691826},"layer":5,"normal_radius_px":"(22, 22)","raster_scale":"(1.701088, 1.70297)","river_sdf_max_dist_px":5.9571010281158,"shore_carve_band_px":10,"upload_ms":0.066,"wall_ms":87.677},{"bake_ms":97.0657,"coast_sdf_max_dist_px":13.6162309214075,"distance_scale":1.70202886517594,"edge_distance_saturate_hex":0.9,"edge_distance_units":"normalized_hex_center_gap","hashes":{"edge_distance":868921888386744733,"edge_neighbor":-7839011092070193786,"height":5061071498075663821,"map_index":-8826434092770706617,"terrain_detail":-2478286504208785615,"terrain_normal":628975544942790000,"water_depth":-2640347462536598777},"layer":6,"normal_radius_px":"(22, 22)","raster_scale":"(1.701088, 1.70297)","river_sdf_max_dist_px":5.9571010281158,"shore_carve_band_px":10,"upload_ms":0.069,"wall_ms":97.23},{"bake_ms":129.3227,"coast_sdf_max_dist_px":13.6162309214075,"distance_scale":1.70202886517594,"edge_distance_saturate_hex":0.9,"edge_distance_units":"normalized_hex_center_gap","hashes":{"edge_distance":-447074389059662088,"edge_neighbor":8393152564030122017,"height":8990104062243063095,"map_index":-1983203191509699105,"terrain_detail":-6174401346806903445,"terrain_normal":-3754083214617930173,"water_depth":6793751952512525824},"layer":7,"normal_radius_px":"(22, 22)","raster_scale":"(1.701088, 1.70297)","river_sdf_max_dist_px":5.9571010281158,"shore_carve_band_px":10,"upload_ms":0.069,"wall_ms":129.49},{"bake_ms":64.8097,"coast_sdf_max_dist_px":13.6162309214075,"distance_scale":1.70202886517594,"edge_distance_saturate_hex":0.9,"edge_distance_units":"normalized_hex_center_gap","hashes":{"edge_distance":6638825977103425445,"edge_neighbor":-345893988731248375,"height":3903511475945756751,"map_index":-6062754633971378620,"terrain_detail":8027941741214590696,"terrain_normal":-3530699052548844968,"water_depth":-5145287784035445562},"layer":8,"normal_radius_px":"(22, 22)","raster_scale":"(1.701088, 1.70297)","river_sdf_max_dist_px":5.9571010281158,"shore_carve_band_px":10,"upload_ms":0.069,"wall_ms":64.967},{"bake_ms":74.2366,"coast_sdf_max_dist_px":13.6162309214075,"distance_scale":1.70202886517594,"edge_distance_saturate_hex":0.9,"edge_distance_units":"normalized_hex_center_gap","hashes":{"edge_distance":292078081965774362,"edge_neighbor":-6044753451696528625,"height":-8178934274740215736,"map_index":-5438575460675119603,"terrain_detail":-4794927741009206671,"terrain_normal":-8696738528788300543,"water_depth":-7060495574503565351},"layer":9,"normal_radius_px":"(22, 22)","raster_scale":"(1.701088, 1.70297)","river_sdf_max_dist_px":5.9571010281158,"shore_carve_band_px":10,"upload_ms":0.065,"wall_ms":74.397},{"bake_ms":46.3148,"coast_sdf_max_dist_px":13.6162309214075,"distance_scale":1.70202886517594,"edge_distance_saturate_hex":0.9,"edge_distance_units":"normalized_hex_center_gap","hashes":{"edge_distance":-2925537607541645508,"edge_neighbor":4825390688322471762,"height":-5522328361270598569,"map_index":-5143740485358757431,"terrain_detail":1723035865584601831,"terrain_normal":9028379417581768753,"water_depth":6711647395166139482},"layer":10,"normal_radius_px":"(22, 22)","raster_scale":"(1.701088, 1.70297)","river_sdf_max_dist_px":5.9571010281158,"shore_carve_band_px":10,"upload_ms":0.082,"wall_ms":46.498},{"bake_ms":36.1773,"coast_sdf_max_dist_px":13.6162309214075,"distance_scale":1.70202886517594,"edge_distance_saturate_hex":0.9,"edge_distance_units":"normalized_hex_center_gap","hashes":{"edge_distance":9175920131718456734,"edge_neighbor":-8950625300502208486,"height":7318768704488063531,"map_index":-115941363284451596,"terrain_detail":6808164806304314874,"terrain_normal":6364195478582078144,"water_depth":-5504939335319927866},"layer":11,"normal_radius_px":"(22, 22)","raster_scale":"(1.701088, 1.70297)","river_sdf_max_dist_px":5.9571010281158,"shore_carve_band_px":10,"upload_ms":0.075,"wall_ms":36.363}],"logical_size":"(1664, 1032)","mode":"tiled","path":"visual_tiled_static","profile":"desktop_high","renderer":"mobile","requested_budget_px":1716216,"requested_texels_per_hex":16.0,"requested_tile_world_span":"(704.0, 704.0)","requested_world_units_per_texel":1.375,"tile_world_area":270355.817993164,"tile_world_span":"(571.5768, 473.0)","total_ms":971.038,"visual_domain":"[P: (0.0, -44.0), S: (2286.307, 1419.0)]","wrap_period_x":2286.30706599092,"wrap_x":true}
WARNING: Loaded resource as image file, this will not work on export: 'res://assets/textures/terrain_materials/organic.png'. Instead, import the image file as an Image resource and load it normally as a resource.
   at: load (core/io/image.cpp:2756)
   GDScript backtrace (most recent call first):
       [0] _build_terrain_material_tex (res://scripts/rendering/map_baker.gd:360)
       [1] get_or_build_shared_terrain_material_tex (res://scripts/rendering/map_baker.gd:343)
       [2] bake_world (res://scripts/rendering/map_baker.gd:1187)
       [3] _yield_generation_frame (res://scripts/rendering/map_baker.gd:1225)
WARNING: Loaded resource as image file, this will not work on export: 'res://assets/textures/terrain_materials/dry_sand.png'. Instead, import the image file as an Image resource and load it normally as a resource.
   at: load (core/io/image.cpp:2756)
   GDScript backtrace (most recent call first):
       [0] _build_terrain_material_tex (res://scripts/rendering/map_baker.gd:360)
       [1] get_or_build_shared_terrain_material_tex (res://scripts/rendering/map_baker.gd:343)
       [2] bake_world (res://scripts/rendering/map_baker.gd:1187)
       [3] _yield_generation_frame (res://scripts/rendering/map_baker.gd:1225)
WARNING: Loaded resource as image file, this will not work on export: 'res://assets/textures/terrain_materials/rock.png'. Instead, import the image file as an Image resource and load it normally as a resource.
   at: load (core/io/image.cpp:2756)
   GDScript backtrace (most recent call first):
       [0] _build_terrain_material_tex (res://scripts/rendering/map_baker.gd:360)
       [1] get_or_build_shared_terrain_material_tex (res://scripts/rendering/map_baker.gd:343)
       [2] bake_world (res://scripts/rendering/map_baker.gd:1187)
       [3] _yield_generation_frame (res://scripts/rendering/map_baker.gd:1225)
WARNING: Loaded resource as image file, this will not work on export: 'res://assets/textures/terrain_materials/snow_wet.png'. Instead, import the image file as an Image resource and load it normally as a resource.
   at: load (core/io/image.cpp:2756)
   GDScript backtrace (most recent call first):
       [0] _build_terrain_material_tex (res://scripts/rendering/map_baker.gd:360)
       [1] get_or_build_shared_terrain_material_tex (res://scripts/rendering/map_baker.gd:343)
       [2] bake_world (res://scripts/rendering/map_baker.gd:1187)
       [3] _yield_generation_frame (res://scripts/rendering/map_baker.gd:1225)
  cell LUT encode: deferred until DCWorldExt bind
  encode: 4212ms
MapBaker v6: total 4437ms
MapGenerator v7: bake 4476ms
MapGenerator: skip _compute_ocean_currents (physical-hex path writes per-cell directly)
MapGenerator: skip _compute_terrain_perturbed_wind (physical-hex solver writes per-cell)
[SUS] sim budget strict=false frame=8.00ms warn=2.00ms slice=0.75ms upload=1.50ms scheduler=DCSystemScheduler native_sus=auto
[DCWorldExt] bind_map_data: 148 components bound (auto-registered=148; snapshot model; see world_ext.cpp comment & charter Â§11)
[DataCore] _data_core_world_ext bound=true (climate co-processor; class=DCWorldExt)
[native_world] configure rc=0 reason=configured cells=2400 wrap_period_x=103.923
[native_generation] path=gdext n=2400 published=9 native_ms=0.195 compute_ms=0.112 flush_ms=0.083
[hex_cell] facade ENABLED (2400 cells bound; ext=true)
[DataCore] _baker climate_profile injected=true (fixes WorldData.config==null sea_ice prepare path)
[phys_solve][oneshot] OK slp=1.00ms wind=0.68ms psi=0.55ms(ran=true) upwelling=0.06ms total=2.96ms
PhysicalCirculation solve@phase=1.50 total=3ms (C++ one-shot run_physical_solve_pass)
  wind/ocean pixel buffers: skipped (ocean_current_visual off)
[physical_init] deferred native refresh complete: 3ms
[cell_lut] deferred encode: 3ms path=gdext
[bio-occupancy] seed landmasses=7 provinces=7 species=20 secondary_hearths=10
[bio-occupancy]   bio.maize envelope=83 hearth=2 seeded_landmasses=1 primary_landmass=2 primary_envelope=43 occupied=2 occupied/envelope=0.05
[bio-occupancy]   bio.wheat envelope=195 hearth=48 seeded_landmasses=2 primary_landmass=1 primary_envelope=68 occupied=48 occupied/envelope=0.71
[bio-occupancy]   bio.rice envelope=79 hearth=26 seeded_landmasses=3 primary_landmass=2 primary_envelope=34 occupied=26 occupied/envelope=0.76
[bio-occupancy]   bio.potato envelope=152 hearth=55 seeded_landmasses=3 primary_landmass=3 primary_envelope=58 occupied=55 occupied/envelope=0.95
[bio-occupancy]   bio.horse envelope=223 hearth=41 seeded_landmasses=1 primary_landmass=3 primary_envelope=82 occupied=41 occupied/envelope=0.50
[bio-occupancy]   bio.cotton envelope=150 hearth=56 seeded_landmasses=1 primary_landmass=2 primary_envelope=102 occupied=56 occupied/envelope=0.55
[bio-occupancy]   bio.flax envelope=188 hearth=40 seeded_landmasses=1 primary_landmass=3 primary_envelope=72 occupied=40 occupied/envelope=0.56
[bio-occupancy]   bio.spice envelope=129 hearth=7 seeded_landmasses=1 primary_landmass=1 primary_envelope=23 occupied=7 occupied/envelope=0.30
[bio-occupancy]   bio.rubber envelope=91 hearth=4 seeded_landmasses=1 primary_landmass=3 primary_envelope=17 occupied=4 occupied/envelope=0.24
[bio-occupancy]   bio.sheep envelope=44 hearth=1 seeded_landmasses=1 primary_landmass=1 primary_envelope=9 occupied=1 occupied/envelope=0.11
[bio-occupancy]   bio.goat envelope=396 hearth=73 seeded_landmasses=2 primary_landmass=1 primary_envelope=133 occupied=73 occupied/envelope=0.55
[bio-occupancy]   bio.cattle envelope=35 hearth=7 seeded_landmasses=1 primary_landmass=2 primary_envelope=13 occupied=7 occupied/envelope=0.54
[bio-occupancy]   bio.pig envelope=356 hearth=135 seeded_landmasses=3 primary_landmass=2 primary_envelope=179 occupied=135 occupied/envelope=0.75
[bio-occupancy]   bio.camel envelope=66 hearth=8 seeded_landmasses=1 primary_landmass=3 primary_envelope=17 occupied=8 occupied/envelope=0.47
[bio-occupancy]   bio.yak envelope=82 hearth=41 seeded_landmasses=3 primary_landmass=1 primary_envelope=59 occupied=41 occupied/envelope=0.69
[bio-occupancy]   bio.silkworm envelope=182 hearth=54 seeded_landmasses=1 primary_landmass=2 primary_envelope=119 occupied=54 occupied/envelope=0.45
[bio-occupancy]   bio.reed envelope=171 hearth=38 seeded_landmasses=3 primary_landmass=2 primary_envelope=67 occupied=38 occupied/envelope=0.57
[bio-occupancy]   bio.bast_fiber envelope=255 hearth=28 seeded_landmasses=1 primary_landmass=3 primary_envelope=90 occupied=28 occupied/envelope=0.31
[bio-occupancy]   bio.dye_plant envelope=157 hearth=17 seeded_landmasses=1 primary_landmass=1 primary_envelope=33 occupied=17 occupied/envelope=0.52
[bio-occupancy]   bio.medicinal_herb envelope=404 hearth=174 seeded_landmasses=3 primary_landmass=2 primary_envelope=193 occupied=174 occupied/envelope=0.90
[bio-occupancy]   landmass 1 classes=cold_grazer, dry_grazer, fiber_forest, fiber_wet, highland_food, open_food, open_grazer, forest_grazer, fiber_open, wetland_food, tropical foods=potato, wheat, rice
[bio-occupancy]   landmass 2 classes=fiber_forest, cold_grazer, forest_grazer, highland_food, fiber_wet, dry_grazer, open_food, fiber_open, open_grazer, wetland_food, tropical foods=potato, maize, rice
[bio-occupancy]   landmass 3 classes=fiber_wet, fiber_forest, forest_grazer, dry_grazer, tropical, wetland_food, open_food, open_grazer, fiber_open, highland_food, cold_grazer foods=rice, wheat, potato
[bio-occupancy]   landmass 4 classes=none foods=none
[bio-occupancy]   landmass 5 classes=none foods=none
[bio-occupancy]   landmass 6 classes=none foods=none
[bio-occupancy]   landmass 7 classes=none foods=none
[weather] gdext acceleration ON (class=DCWorldExt)
[weather] gdext field commit ON
[weather] gdext distribute ON
[weather] gdext summary ON
[weather] hexcell facade ON (skip AoS double-write in hot loop)
[weather] gdext resident knobs ON (class=KnobsHandle)
[save/restore] country configured without bootstrap; awaiting PKCN
[weather/knobs] resident KnobsHandle path ACTIVE — first to_*_knobs_dict hit (field_rebuild_count=1 expected ≤1; stable Hz target ≤1 Hz)
[native_daily] ACTIVE: registered native_daily_sim + natural_resource_daily + bio_occupancy_daily; retained season_refresh + ocean_currents boundary jobs
[DCSystemScheduler] topology: ["season_refresh", "effect_runtime", "gameplay_effect", "natural_resource_daily", "bio_occupancy_daily", "enum_atlas_upload", "ocean_currents", "native_daily_sim", "dynamic_visual_atlas_upload"]
[save/restore] PKCN restored; economy configured and awaiting PKEC
[DCSystemScheduler] topology: ["trigger_runtime", "ideology_runtime", "modifier_daily", "season_refresh", "effect_runtime", "gameplay_effect", "natural_resource_daily", "bio_occupancy_daily", "enum_atlas_upload", "ocean_currents", "native_daily_sim", "dynamic_visual_atlas_upload", "country_daily", "economy_daily"]
[save/restore] PKCN and PKEC restored; country/economy systems registered
[building-visual] intel_refresh requested=50 changed=0 known=3 catalog=400 resident=0 body=0 queued=0 zoom=1.000
WARNING: [runtime-climate-round] no ClimateDailySystem; SHADOW capture carries no shared pass input
   at: push_warning (core/variant/variant_utility.cpp:1034)
   GDScript backtrace (most recent call first):
       [0] _build_runtime_climate_round_input (res://scripts/geography/map_generator.gd:4673)
       [1] capture_runtime_inputs_for_worker (res://scripts/geography/map_generator.gd:2356)
       [2] generate_world (res://scripts/game/world_runtime_host.gd:724)
       [3] generate (res://scripts/geography/map_generator.gd:1606)
       [4] _yield_generation_frame (res://scripts/geography/map_generator.gd:19920)
WARNING: [runtime-worker] Ideology opinion publish deferred: ideology_opinion_snapshot_invalid
   at: push_warning (core/variant/variant_utility.cpp:1034)
   GDScript backtrace (most recent call first):
       [0] _start_production_shadow_worker (res://scripts/game/world_runtime_host.gd:815)
       [1] generate_world (res://scripts/game/world_runtime_host.gd:733)
       [2] generate (res://scripts/geography/map_generator.gd:1606)
       [3] _yield_generation_frame (res://scripts/geography/map_generator.gd:19920)
[economy-climate-gate] day=26281 climate_ok=0 stall=0x10 ring=0
[runtime-day-wait] day=26281 env_day=26280 missing=0x3ff stall=0x10 economy_input=-1
[runtime-day-wait] day=26281 env_day=26280 missing=0x3ff stall=0x10 economy_input=-1 ring=0 country=
[runtime-worker] production ACTIVE started mask=4095 auto_pod=true
[tech-ui-diag/query] apply ok gen=13594 day=26280 view_gen=13594 progress_total=259860002 pending_words=36
[tech-ui-diag/research] handle=4294967296 gen=13594 day=26280 owned=62 pending=0 queued=0 progress_nonzero=57 stock=33081 deferred=33081 consumed=259860002 cash=2461770546063 budget=10000000 auto=1
[save-replay] loaded day=26280 country=0 economy=""
[DCSystemScheduler][RT] ocean_skip#1 tick=26281 reason=policy_gated slices=0 elapsed=0.000 progress=0.000 source=day_changed
[climate][publish] day=26280 round_ran=0 prod_stage=0x0 scalar_mask=0x0 alb=0 veg=0 fb=0 weather=0 sr=0 ok=1
[phys/knobs] projection ready: slp=31 wind=33 psi=26 up=10
[climate/worker][b8] physics_knobs day=26281 ready=1 missing=
[DCSystemScheduler][RT] ocean_skip#2 tick=26282 reason=policy_gated slices=0 elapsed=0.000 progress=0.000 source=day_changed
[climate/worker][b8] paw day=26281 cell=73 moisture=0.867248 wb30=-0.00473684 soil=0 paw=0.864169 zeros(water=1546 land=0) nonzero=854 weights(wb=0.35 soil=0.25 dry=0.65) round=1 distribute=1 hydrology=0
[climate-kernel][round] shared=1 ok=1 n_cells=2400 mask=0x1FF ran=0x1FF starved=0x0 knobs_cells=2400
[climate/worker][b8] cyclone_gate day=26281 input_enabled=0 force_env=0 effective=0
[climate/worker][b8] weather_solve day=26281 cells=2400 psi=1 vapor0=0.104005 precip0=0 cloud0=0.0467184 type0=0 field_init0=1
[country][parity] worker_day=26281 uncompared reference_range=-1..-1 depth=0
[tech-ui-diag/query] apply ok gen=13594 day=26281 view_gen=13594 progress_total=259860002 pending_words=36
[research-procure-diag] day=26281 phase=0 done=0 cands=8 cursor=0 enabled=0 remain=0 budget=0 gate_mask=0x3fe research_gate=1 orders=0 rej=0 procured=0 last_err=
[economy-mirror-cost] day=26281 capture_ms=2.170 import_ms=3.439
[hex-renderer] set_weather_fronts(n=0) layer=WeatherLayer
[climate/writeback][b8] day=26281 vapor store0=0.104005 map0=0.104005 dirty_fields=54 applied=54
[climate/worker][b8] physics_knobs day=26282 ready=1 missing=
[climate/worker][b8] paw day=26282 cell=73 moisture=0.852313 wb30=-0.00501559 soil=-0.00104793 paw=0.849053 zeros(water=1546 land=0) nonzero=854 weights(wb=0.35 soil=0.25 dry=0.65) round=1 distribute=1 hydrology=0
[climate/worker][b8] cyclone_gate day=26282 input_enabled=0 force_env=0 effective=0
[climate/worker][b8] weather_solve day=26282 cells=2400 psi=1 vapor0=0.0967985 precip0=0 cloud0=0.0488557 type0=0 field_init0=1
[country][parity] worker_day=26282 uncompared reference_range=-1..-1 depth=0
[research-procure-diag] day=26282 phase=0 done=0 cands=1 cursor=0 enabled=0 remain=0 budget=0 gate_mask=0x3fe research_gate=1 orders=0 rej=0 procured=0 last_err=
[climate/writeback][b8] day=26282 vapor store0=0.0967985 map0=0.0967985 dirty_fields=54 applied=54
[climate/worker][b8] physics_knobs day=26283 ready=1 missing=
[climate/worker][b8] paw day=26283 cell=73 moisture=0.851761 wb30=-0.00528031 soil=-0.00205307 paw=0.848329 zeros(water=1546 land=0) nonzero=854 weights(wb=0.35 soil=0.25 dry=0.65) round=1 distribute=1 hydrology=0
[climate/worker][b8] weather_solve day=26283 cells=2400 psi=1 vapor0=0.093655 precip0=0 cloud0=0.046224 type0=0 field_init0=1
[country][parity] worker_day=26283 uncompared reference_range=-1..-1 depth=0
[research-procure-diag] day=26283 phase=0 done=0 cands=7 cursor=0 enabled=0 remain=0 budget=0 gate_mask=0x3fe research_gate=1 orders=0 rej=0 procured=0 last_err=
[climate/worker][b8] physics_knobs day=26284 ready=1 missing=
[climate/worker][b8] paw day=26284 cell=73 moisture=0.85088 wb30=-0.00552867 soil=-0.00205307 paw=0.847287 zeros(water=1546 land=0) nonzero=854 weights(wb=0.35 soil=0.25 dry=0.65) round=1 distribute=1 hydrology=0
[climate/worker][b8] weather_solve day=26284 cells=2400 psi=1 vapor0=0.0914904 precip0=0 cloud0=0.0434196 type0=0 field_init0=1
[climate/writeback][b8] day=26283 vapor store0=0.093655 map0=0.093655 dirty_fields=54 applied=54
[country][parity] worker_day=26284 uncompared reference_range=-1..-1 depth=0
[tech-ui-diag/query] apply ok gen=13594 day=26284 view_gen=13594 progress_total=259860002 pending_words=36
[research-procure-diag] day=26284 phase=0 done=0 cands=1 cursor=0 enabled=0 remain=0 budget=0 gate_mask=0x3fe research_gate=1 orders=0 rej=0 procured=0 last_err=
[climate/worker][b8] physics_knobs day=26285 ready=1 missing=
[climate/worker][b8] paw day=26285 cell=73 moisture=0.85088 wb30=-0.00576875 soil=-0.00205307 paw=0.847131 zeros(water=1546 land=0) nonzero=854 weights(wb=0.35 soil=0.25 dry=0.65) round=1 distribute=1 hydrology=0
[country][parity] worker_day=26285 uncompared reference_range=-1..-1 depth=0
[climate/writeback][b8] day=26284 vapor store0=0.0914904 map0=0.0914904 dirty_fields=54 applied=54
[research-procure-diag] day=26285 phase=0 done=0 cands=7 cursor=0 enabled=0 remain=0 budget=0 gate_mask=0x3fe research_gate=1 orders=0 rej=0 procured=0 last_err=
[climate/worker][b8] physics_knobs day=26286 ready=1 missing=
[climate/worker][b8] paw day=26286 cell=73 moisture=0.85088 wb30=-0.00600083 soil=-0.00300996 paw=0.84698 zeros(water=1546 land=0) nonzero=854 weights(wb=0.35 soil=0.25 dry=0.65) round=1 distribute=1 hydrology=0
[country][parity] worker_day=26286 uncompared reference_range=-1..-1 depth=0
[research-procure-diag] day=26286 phase=0 done=0 cands=8 cursor=0 enabled=0 remain=0 budget=0 gate_mask=0x3fe research_gate=1 orders=0 rej=0 procured=0 last_err=
[climate/worker][b8] paw day=26287 cell=73 moisture=0.849079 wb30=-0.00620974 soil=-0.00300996 paw=0.845042 zeros(water=1546 land=0) nonzero=854 weights(wb=0.35 soil=0.25 dry=0.65) round=1 distribute=1 hydrology=0
[country][parity] worker_day=26287 uncompared reference_range=-1..-1 depth=0
[tech-ui-diag/query] apply ok gen=13594 day=26287 view_gen=13594 progress_total=259860002 pending_words=36
[research-procure-diag] day=26287 phase=0 done=0 cands=8 cursor=0 enabled=0 remain=0 budget=0 gate_mask=0x3fe research_gate=1 orders=0 rej=0 procured=0 last_err=
[climate/worker][b8] paw day=26288 cell=73 moisture=0.847968 wb30=-0.00640219 soil=-0.00300996 paw=0.843806 zeros(water=1546 land=0) nonzero=854 weights(wb=0.35 soil=0.25 dry=0.65) round=1 distribute=1 hydrology=0
[country][parity] worker_day=26288 uncompared reference_range=-1..-1 depth=0
[research-procure-diag] day=26288 phase=0 done=0 cands=8 cursor=0 enabled=0 remain=0 budget=0 gate_mask=0x3fe research_gate=1 orders=0 rej=0 procured=0 last_err=
[climate/worker][b8] paw day=26289 cell=73 moisture=0.848878 wb30=-0.00659601 soil=-0.00300996 paw=0.844591 zeros(water=1546 land=0) nonzero=854 weights(wb=0.35 soil=0.25 dry=0.65) round=1 distribute=1 hydrology=0
[research-procure-diag] day=26289 phase=0 done=0 cands=8 cursor=0 enabled=0 remain=0 budget=0 gate_mask=0x3fe research_gate=1 orders=0 rej=0 procured=0 last_err=
[tech-ui-diag/query] apply ok gen=13594 day=26289 view_gen=13594 progress_total=259860002 pending_words=36
[climate/worker][b8] paw day=26290 cell=73 moisture=0.847809 wb30=-0.00677422 soil=-0.00300996 paw=0.843406 zeros(water=1546 land=0) nonzero=854 weights(wb=0.35 soil=0.25 dry=0.65) round=1 distribute=1 hydrology=0
[research-procure-diag] day=26290 phase=0 done=0 cands=8 cursor=0 enabled=0 remain=0 budget=0 gate_mask=0x3fe research_gate=1 orders=0 rej=0 procured=0 last_err=
[climate/worker][b8] paw day=26291 cell=73 moisture=0.848747 wb30=-0.00695452 soil=-0.00390114 paw=0.844226 zeros(water=1546 land=0) nonzero=854 weights(wb=0.35 soil=0.25 dry=0.65) round=1 distribute=1 hydrology=0
[research-procure-diag] day=26291 phase=0 done=0 cands=8 cursor=0 enabled=0 remain=0 budget=0 gate_mask=0x3fe research_gate=1 orders=0 rej=0 procured=0 last_err=
[climate/worker][b8] paw day=26292 cell=73 moisture=0.845248 wb30=-0.00709886 soil=-0.00387831 paw=0.840634 zeros(water=1546 land=0) nonzero=854 weights(wb=0.35 soil=0.25 dry=0.65) round=1 distribute=1 hydrology=0
[research-procure-diag] day=26292 phase=0 done=0 cands=8 cursor=0 enabled=0 remain=0 budget=0 gate_mask=0x3fe research_gate=1 orders=0 rej=0 procured=0 last_err=
[tech-ui-diag/query] apply ok gen=13594 day=26292 view_gen=13594 progress_total=259860002 pending_words=36
[research-procure-diag] day=26293 phase=0 done=0 cands=8 cursor=0 enabled=0 remain=0 budget=0 gate_mask=0x3fe research_gate=1 orders=0 rej=0 procured=0 last_err=
[research-procure-diag] day=26294 phase=0 done=0 cands=8 cursor=0 enabled=0 remain=0 budget=0 gate_mask=0x3fe research_gate=1 orders=0 rej=0 procured=0 last_err=
[research-procure-diag] day=26295 phase=0 done=0 cands=8 cursor=0 enabled=0 remain=0 budget=0 gate_mask=0x3fe research_gate=1 orders=0 rej=0 procured=0 last_err=
[tech-ui-diag/query] apply ok gen=13594 day=26295 view_gen=13594 progress_total=259860002 pending_words=36
[research-procure-diag] day=26296 phase=0 done=0 cands=8 cursor=0 enabled=0 remain=0 budget=0 gate_mask=0x3fe research_gate=1 orders=0 rej=0 procured=0 last_err=
[research-procure-diag] day=26297 phase=0 done=0 cands=8 cursor=0 enabled=0 remain=0 budget=0 gate_mask=0x3fe research_gate=1 orders=0 rej=0 procured=0 last_err=
[clock/step] delta=7.6ms speed=50x target=0.38d cap=7.20d/f cost=1.11ms ran=0 pulse=0.00ms loop=0.00ms full=0.20ms carry=0.26 barrier=climate_input_capacity_day_barrier
[research-procure-diag] day=26298 phase=0 done=0 cands=8 cursor=0 enabled=0 remain=0 budget=0 gate_mask=0x3fe research_gate=1 orders=0 rej=0 procured=0 last_err=
[tech-ui-diag/query] apply ok gen=13594 day=26298 view_gen=13594 progress_total=259860002 pending_words=36
[research-procure-diag] day=26299 phase=0 done=0 cands=8 cursor=0 enabled=0 remain=0 budget=0 gate_mask=0x3fe research_gate=1 orders=0 rej=0 procured=0 last_err=
[economy-open-finish] day=26300 country=0.337 workset=0.025 fiscal=0.028 csr=0.002 recovery=0.002 vectors=1.272 audit=0.470 commands=0.001
[economy-prelude-cost] day=26300 ms=2.303 pending=0
[research-procure-diag] day=26300 phase=0 done=0 cands=8 cursor=0 enabled=0 remain=0 budget=0 gate_mask=0x3fe research_gate=1 orders=0 rej=0 procured=0 last_err=
[economy-aggregate-cost] day=26300 publish_ms=3.890 native_hash_ms=1.210
[economy-ledger-cost] day=26300 copy_ms=0.469 validate_ms=0.226 hash_ms=0.701 cohorts=512 markets=321600
[economy-boundary-cost] day=26300 formulas_ms=23.420 stages_ms=20.672 mirror_ms=2.533
[runtime-day-cost] day=26300 ok=1 ms=30.951
[research-procure-diag] day=26301 phase=0 done=0 cands=8 cursor=0 enabled=0 remain=0 budget=0 gate_mask=0x3fe research_gate=1 orders=0 rej=0 procured=0 last_err=
[research-procure-diag] day=26302 phase=0 done=0 cands=8 cursor=0 enabled=0 remain=0 budget=0 gate_mask=0x3fe research_gate=1 orders=0 rej=0 procured=0 last_err=
[research-procure-diag] day=26303 phase=0 done=0 cands=8 cursor=0 enabled=0 remain=0 budget=0 gate_mask=0x3fe research_gate=1 orders=0 rej=0 procured=0 last_err=
[research-procure-diag] day=26304 phase=0 done=0 cands=8 cursor=0 enabled=0 remain=0 budget=0 gate_mask=0x3fe research_gate=1 orders=0 rej=0 procured=0 last_err=
[clock/step] delta=7.8ms speed=50x target=0.39d cap=8.00d/f cost=0.60ms ran=0 pulse=0.00ms loop=0.00ms full=0.28ms carry=0.80 barrier=
[clock/step] delta=7.6ms speed=50x target=0.38d cap=8.00d/f cost=0.55ms ran=0 pulse=0.00ms loop=0.00ms full=0.23ms carry=0.48 barrier=
[clock/step] delta=7.6ms speed=50x target=0.38d cap=4.98d/f cost=1.39ms ran=1 pulse=0.00ms loop=0.54ms full=0.79ms carry=0.16 barrier=climate_input_capacity_day_barrier
[clock/step] delta=7.7ms speed=50x target=0.38d cap=8.00d/f cost=0.52ms ran=0 pulse=0.00ms loop=0.00ms full=0.40ms carry=0.24 barrier=climate_input_capacity_day_barrier
[economy-open-finish] day=26400 country=0.573 workset=0.040 fiscal=0.027 csr=0.003 recovery=0.003 vectors=2.112 audit=0.896 commands=0.001
[economy-prelude-cost] day=26400 ms=3.888 pending=0
[economy-aggregate-cost] day=26400 publish_ms=2.314 native_hash_ms=1.006
[economy-ledger-cost] day=26400 copy_ms=0.406 validate_ms=0.219 hash_ms=0.673 cohorts=512 markets=321600
[economy-boundary-cost] day=26400 formulas_ms=24.802 stages_ms=20.336 mirror_ms=2.443
[runtime-day-cost] day=26400 ok=1 ms=33.378
[clock/step] delta=7.7ms speed=50x target=0.38d cap=8.00d/f cost=0.57ms ran=0 pulse=0.00ms loop=0.00ms full=0.26ms carry=0.69 barrier=
[clock/step] delta=7.7ms speed=50x target=0.38d cap=8.00d/f cost=0.56ms ran=1 pulse=0.00ms loop=0.54ms full=0.81ms carry=0.11 barrier=climate_input_capacity_day_barrier
[clock/step] delta=7.7ms speed=50x target=0.38d cap=7.87d/f cost=1.02ms ran=0 pulse=0.00ms loop=0.00ms full=0.26ms carry=0.80 barrier=
[clock/step] delta=7.7ms speed=50x target=0.38d cap=8.00d/f cost=0.49ms ran=0 pulse=0.00ms loop=0.00ms full=0.45ms carry=0.27 barrier=climate_input_capacity_day_barrier
[economy-open-finish] day=26500 country=0.572 workset=0.064 fiscal=0.048 csr=0.004 recovery=0.004 vectors=2.314 audit=0.983 commands=0.001
[economy-prelude-cost] day=26500 ms=4.238 pending=0
[economy-aggregate-cost] day=26500 publish_ms=2.217 native_hash_ms=1.058
[economy-ledger-cost] day=26500 copy_ms=0.447 validate_ms=0.236 hash_ms=0.729 cohorts=512 markets=321600
[economy-boundary-cost] day=26500 formulas_ms=25.400 stages_ms=20.560 mirror_ms=2.615
[runtime-day-cost] day=26500 ok=1 ms=33.067
[clock/step] delta=7.7ms speed=50x target=0.38d cap=8.00d/f cost=0.63ms ran=0 pulse=0.00ms loop=0.00ms full=0.18ms carry=0.16 barrier=climate_input_capacity_day_barrier
[clock/step] delta=7.7ms speed=50x target=0.38d cap=8.00d/f cost=0.56ms ran=0 pulse=0.00ms loop=0.00ms full=0.41ms carry=0.23 barrier=climate_input_capacity_day_barrier
[clock/step] delta=7.7ms speed=50x target=0.38d cap=8.00d/f cost=0.98ms ran=0 pulse=0.00ms loop=0.00ms full=0.15ms carry=0.11 barrier=climate_input_capacity_day_barrier
[clock/step] delta=7.7ms speed=50x target=0.38d cap=8.00d/f cost=0.69ms ran=0 pulse=0.00ms loop=0.00ms full=0.27ms carry=0.58 barrier=
[economy-open-finish] day=26600 country=0.342 workset=0.025 fiscal=0.026 csr=0.003 recovery=0.003 vectors=1.971 audit=0.923 commands=0.001
[economy-prelude-cost] day=26600 ms=3.463 pending=0
[economy-aggregate-cost] day=26600 publish_ms=2.129 native_hash_ms=1.056
[economy-ledger-cost] day=26600 copy_ms=0.510 validate_ms=0.239 hash_ms=0.810 cohorts=512 markets=321600
[economy-boundary-cost] day=26600 formulas_ms=30.239 stages_ms=26.429 mirror_ms=2.870
[runtime-day-cost] day=26600 ok=1 ms=38.035
[clock/step] delta=7.7ms speed=50x target=0.38d cap=8.00d/f cost=0.54ms ran=0 pulse=0.00ms loop=0.00ms full=0.39ms carry=0.27 barrier=climate_input_capacity_day_barrier
[clock/step] delta=7.7ms speed=50x target=0.38d cap=8.00d/f cost=0.63ms ran=0 pulse=0.00ms loop=0.00ms full=0.33ms carry=0.34 barrier=climate_input_capacity_day_barrier
WARNING: [save] runtime bundle failed: {"code":"runtime_save_failed","ok":false,"pending":false,"reason":"save_country_checkpoint_day_mismatch","request_id":1}
   at: push_warning (core/variant/variant_utility.cpp:1034)
   GDScript backtrace (most recent call first):
       [0] _capture_native_runtime_bundle (res://scripts/game/game_save_coordinator.gd:626)
[clock/step] delta=7.7ms speed=50x target=0.38d cap=1.66d/f cost=4.82ms ran=0 pulse=0.00ms loop=0.00ms full=0.32ms carry=0.73 barrier=
[clock/step] delta=7.7ms speed=50x target=0.38d cap=8.00d/f cost=0.55ms ran=1 pulse=0.00ms loop=0.36ms full=0.52ms carry=0.11 barrier=climate_input_capacity_day_barrier
[clock/step] delta=7.7ms speed=50x target=0.38d cap=8.00d/f cost=0.53ms ran=0 pulse=0.00ms loop=0.00ms full=0.33ms carry=0.19 barrier=climate_input_capacity_day_barrier
[economy-open-finish] day=26700 country=0.389 workset=0.025 fiscal=0.025 csr=0.003 recovery=0.002 vectors=1.245 audit=0.653 commands=0.001
[economy-prelude-cost] day=26700 ms=2.504 pending=0
[economy-aggregate-cost] day=26700 publish_ms=2.754 native_hash_ms=1.020
[economy-ledger-cost] day=26700 copy_ms=0.416 validate_ms=0.222 hash_ms=0.673 cohorts=512 markets=321600
[economy-boundary-cost] day=26700 formulas_ms=26.084 stages_ms=23.240 mirror_ms=2.321
[runtime-day-cost] day=26700 ok=1 ms=34.721
[clock/step] delta=7.7ms speed=50x target=0.38d cap=4.47d/f cost=1.79ms ran=0 pulse=0.00ms loop=0.00ms full=0.23ms carry=0.88 barrier=
[clock/step] delta=7.7ms speed=50x target=0.38d cap=7.19d/f cost=1.06ms ran=1 pulse=0.00ms loop=0.85ms full=1.19ms carry=0.18 barrier=climate_input_capacity_day_barrier
[clock/step] delta=7.7ms speed=50x target=0.38d cap=8.00d/f cost=0.61ms ran=0 pulse=0.00ms loop=0.00ms full=0.17ms carry=0.11 barrier=climate_input_capacity_day_barrier
[clock/step] delta=7.7ms speed=50x target=0.38d cap=8.00d/f cost=0.60ms ran=0 pulse=0.00ms loop=0.00ms full=0.24ms carry=0.03 barrier=climate_input_capacity_day_barrier
[economy-open-finish] day=26800 country=0.487 workset=0.034 fiscal=0.029 csr=0.003 recovery=0.002 vectors=1.475 audit=0.572 commands=0.001
[economy-prelude-cost] day=26800 ms=2.796 pending=0
[economy-aggregate-cost] day=26800 publish_ms=2.251 native_hash_ms=1.152
[economy-ledger-cost] day=26800 copy_ms=0.362 validate_ms=0.226 hash_ms=0.671 cohorts=512 markets=321600
[economy-boundary-cost] day=26800 formulas_ms=29.542 stages_ms=26.319 mirror_ms=2.150
[runtime-day-cost] day=26800 ok=1 ms=37.066
[clock/step] delta=7.7ms speed=50x target=0.38d cap=8.00d/f cost=0.54ms ran=0 pulse=0.00ms loop=0.00ms full=0.17ms carry=0.34 barrier=climate_input_capacity_day_barrier
[clock/step] delta=7.7ms speed=50x target=0.38d cap=7.05d/f cost=1.13ms ran=0 pulse=0.00ms loop=0.00ms full=0.22ms carry=0.41 barrier=
[clock/step] delta=7.7ms speed=50x target=0.38d cap=8.00d/f cost=0.81ms ran=0 pulse=0.00ms loop=0.00ms full=0.22ms carry=0.33 barrier=climate_input_capacity_day_barrier
[clock/step] delta=7.7ms speed=50x target=0.38d cap=8.00d/f cost=0.61ms ran=1 pulse=0.00ms loop=0.52ms full=0.96ms carry=0.03 barrier=climate_input_capacity_day_barrier
[clock/step] delta=7.7ms speed=50x target=0.38d cap=8.00d/f cost=0.56ms ran=1 pulse=0.00ms loop=0.59ms full=0.86ms carry=0.10 barrier=climate_input_capacity_day_barrier
[economy-open-finish] day=26900 country=0.332 workset=0.026 fiscal=0.026 csr=0.003 recovery=0.002 vectors=1.564 audit=0.507 commands=0.000
[economy-prelude-cost] day=26900 ms=2.620 pending=0
[economy-aggregate-cost] day=26900 publish_ms=2.655 native_hash_ms=1.060
[economy-ledger-cost] day=26900 copy_ms=0.320 validate_ms=0.212 hash_ms=0.644 cohorts=512 markets=321600
[economy-boundary-cost] day=26900 formulas_ms=24.276 stages_ms=21.307 mirror_ms=2.038
[runtime-day-cost] day=26900 ok=1 ms=31.533
[clock/step] delta=7.7ms speed=50x target=0.38d cap=5.25d/f cost=1.52ms ran=0 pulse=0.00ms loop=0.00ms full=0.19ms carry=0.02 barrier=climate_input_capacity_day_barrier
[clock/step] delta=7.7ms speed=50x target=0.38d cap=8.00d/f cost=0.60ms ran=0 pulse=0.00ms loop=0.00ms full=0.21ms carry=0.10 barrier=climate_input_capacity_day_barrier
[clock/step] delta=7.4ms speed=50x target=0.37d cap=8.00d/f cost=0.54ms ran=0 pulse=0.00ms loop=0.00ms full=0.25ms carry=0.07 barrier=climate_input_capacity_day_barrier
[clock/step] delta=7.4ms speed=50x target=0.37d cap=8.00d/f cost=0.56ms ran=1 pulse=0.00ms loop=0.49ms full=0.65ms carry=0.27 barrier=climate_input_capacity_day_barrier
[economy-open-finish] day=27000 country=0.584 workset=0.048 fiscal=0.054 csr=0.003 recovery=0.003 vectors=1.548 audit=0.486 commands=0.000
[economy-prelude-cost] day=27000 ms=2.960 pending=0
[economy-aggregate-cost] day=27000 publish_ms=2.361 native_hash_ms=1.017
[economy-ledger-cost] day=27000 copy_ms=0.402 validate_ms=0.231 hash_ms=0.647 cohorts=512 markets=321600
[economy-boundary-cost] day=27000 formulas_ms=23.756 stages_ms=20.218 mirror_ms=2.232
[runtime-day-cost] day=27000 ok=1 ms=32.711
WARNING: [save] runtime bundle failed: {"code":"runtime_save_failed","ok":false,"pending":false,"reason":"save_country_checkpoint_day_mismatch","request_id":2}
   at: push_warning (core/variant/variant_utility.cpp:1034)
   GDScript backtrace (most recent call first):
       [0] _capture_native_runtime_bundle (res://scripts/game/game_save_coordinator.gd:626)
[clock/step] delta=7.1ms speed=50x target=0.36d cap=8.00d/f cost=0.75ms ran=0 pulse=0.00ms loop=0.00ms full=0.41ms carry=0.17 barrier=climate_input_capacity_day_barrier
[clock/step] delta=7.6ms speed=50x target=0.38d cap=8.00d/f cost=0.60ms ran=0 pulse=0.00ms loop=0.00ms full=0.40ms carry=0.07 barrier=climate_input_capacity_day_barrier
[clock/step] delta=4.7ms speed=50x target=0.24d cap=8.00d/f cost=0.63ms ran=1 pulse=0.00ms loop=0.69ms full=1.02ms carry=0.12 barrier=climate_input_capacity_day_barrier
[clock/step] delta=7.6ms speed=50x target=0.38d cap=8.00d/f cost=0.67ms ran=0 pulse=0.00ms loop=0.00ms full=0.24ms carry=0.68 barrier=
[economy-open-finish] day=27100 country=0.325 workset=0.027 fiscal=0.030 csr=0.002 recovery=0.002 vectors=1.279 audit=0.457 commands=0.000
[economy-prelude-cost] day=27100 ms=2.307 pending=0
[economy-aggregate-cost] day=27100 publish_ms=2.504 native_hash_ms=0.985
[economy-ledger-cost] day=27100 copy_ms=0.401 validate_ms=0.221 hash_ms=0.638 cohorts=512 markets=321600
[economy-boundary-cost] day=27100 formulas_ms=26.365 stages_ms=23.711 mirror_ms=2.225
[runtime-day-cost] day=27100 ok=1 ms=33.528
[clock/step] delta=7.8ms speed=50x target=0.39d cap=8.00d/f cost=0.48ms ran=0 pulse=0.00ms loop=0.00ms full=0.23ms carry=0.51 barrier=
[clock/step] delta=7.4ms speed=50x target=0.37d cap=8.00d/f cost=0.61ms ran=0 pulse=0.00ms loop=0.00ms full=0.20ms carry=0.80 barrier=
[clock/step] delta=8.3ms speed=50x target=0.42d cap=8.00d/f cost=0.55ms ran=0 pulse=0.00ms loop=0.00ms full=0.30ms carry=0.22 barrier=climate_input_capacity_day_barrier
[clock/step] delta=7.6ms speed=50x target=0.38d cap=8.00d/f cost=0.60ms ran=0 pulse=0.00ms loop=0.00ms full=0.25ms carry=0.37 barrier=climate_input_capacity_day_barrier
[economy-open-finish] day=27200 country=0.335 workset=0.025 fiscal=0.029 csr=0.002 recovery=0.002 vectors=1.300 audit=0.455 commands=0.000
[economy-prelude-cost] day=27200 ms=2.324 pending=0
[economy-aggregate-cost] day=27200 publish_ms=2.513 native_hash_ms=1.025
[economy-ledger-cost] day=27200 copy_ms=0.533 validate_ms=0.239 hash_ms=0.909 cohorts=512 markets=321600
[economy-boundary-cost] day=27200 formulas_ms=23.803 stages_ms=21.127 mirror_ms=2.819
[runtime-day-cost] day=27200 ok=1 ms=31.456
[clock/step] delta=7.6ms speed=50x target=0.38d cap=5.64d/f cost=1.42ms ran=0 pulse=0.00ms loop=0.00ms full=0.26ms carry=0.16 barrier=climate_input_capacity_day_barrier
[clock/step] delta=7.6ms speed=50x target=0.38d cap=8.00d/f cost=0.65ms ran=0 pulse=0.00ms loop=0.00ms full=0.59ms carry=0.07 barrier=climate_input_capacity_day_barrier
[clock/step] delta=7.4ms speed=50x target=0.37d cap=8.00d/f cost=0.56ms ran=0 pulse=0.00ms loop=0.00ms full=0.20ms carry=0.46 barrier=
[clock/step] delta=7.4ms speed=50x target=0.37d cap=8.00d/f cost=0.65ms ran=1 pulse=0.00ms loop=0.56ms full=0.76ms carry=0.29 barrier=climate_input_capacity_day_barrier
[clock/step] delta=7.6ms speed=50x target=0.38d cap=8.00d/f cost=0.61ms ran=1 pulse=0.00ms loop=0.83ms full=1.10ms carry=0.23 barrier=climate_input_capacity_day_barrier
[economy-open-finish] day=27300 country=0.329 workset=0.024 fiscal=0.027 csr=0.002 recovery=0.002 vectors=1.289 audit=0.504 commands=0.001
[economy-prelude-cost] day=27300 ms=2.341 pending=0
[economy-aggregate-cost] day=27300 publish_ms=2.695 native_hash_ms=1.130
[economy-ledger-cost] day=27300 copy_ms=0.352 validate_ms=0.211 hash_ms=0.670 cohorts=512 markets=321600
[economy-boundary-cost] day=27300 formulas_ms=26.711 stages_ms=24.030 mirror_ms=2.229
[runtime-day-cost] day=27300 ok=1 ms=34.626
[clock/step] delta=8.3ms speed=50x target=0.42d cap=8.00d/f cost=0.61ms ran=0 pulse=0.00ms loop=0.00ms full=0.58ms carry=0.37 barrier=climate_input_capacity_day_barrier
[clock/step] delta=7.6ms speed=50x target=0.38d cap=8.00d/f cost=0.50ms ran=1 pulse=0.00ms loop=0.48ms full=0.67ms carry=0.29 barrier=climate_input_capacity_day_barrier
[clock/step] delta=7.4ms speed=50x target=0.37d cap=8.00d/f cost=0.52ms ran=0 pulse=0.00ms loop=0.00ms full=0.25ms carry=0.98 barrier=
WARNING: [save] runtime bundle failed: {"code":"runtime_save_failed","ok":false,"pending":false,"reason":"save_country_checkpoint_day_mismatch","request_id":3}
   at: push_warning (core/variant/variant_utility.cpp:1034)
   GDScript backtrace (most recent call first):
       [0] _capture_native_runtime_bundle (res://scripts/game/game_save_coordinator.gd:626)
[clock/step] delta=8.3ms speed=50x target=0.42d cap=3.14d/f cost=2.55ms ran=0 pulse=0.00ms loop=0.00ms full=0.29ms carry=0.30 barrier=climate_input_capacity_day_barrier
[economy-open-finish] day=27400 country=0.347 workset=0.036 fiscal=0.038 csr=0.004 recovery=0.002 vectors=1.613 audit=0.497 commands=0.000
[economy-prelude-cost] day=27400 ms=2.725 pending=0
[economy-aggregate-cost] day=27400 publish_ms=2.625 native_hash_ms=1.379
[economy-ledger-cost] day=27400 copy_ms=0.419 validate_ms=0.220 hash_ms=0.651 cohorts=512 markets=321600
[economy-boundary-cost] day=27400 formulas_ms=26.849 stages_ms=23.647 mirror_ms=2.274
[runtime-day-cost] day=27400 ok=1 ms=33.979
[clock/step] delta=3.8ms speed=50x target=0.19d cap=8.00d/f cost=0.60ms ran=1 pulse=0.00ms loop=0.47ms full=0.70ms carry=0.17 barrier=climate_input_capacity_day_barrier
[clock/step] delta=7.6ms speed=50x target=0.38d cap=8.00d/f cost=0.59ms ran=0 pulse=0.00ms loop=0.00ms full=0.26ms carry=0.45 barrier=
[clock/step] delta=7.6ms speed=50x target=0.38d cap=8.00d/f cost=0.59ms ran=1 pulse=0.00ms loop=0.56ms full=0.84ms carry=0.15 barrier=climate_input_capacity_day_barrier
[clock/step] delta=7.6ms speed=50x target=0.38d cap=8.00d/f cost=0.86ms ran=0 pulse=0.00ms loop=0.00ms full=0.35ms carry=0.01 barrier=climate_input_capacity_day_barrier
[clock/step] delta=7.6ms speed=50x target=0.38d cap=8.00d/f cost=0.54ms ran=0 pulse=0.00ms loop=0.00ms full=0.33ms carry=0.49 barrier=
[economy-open-finish] day=27500 country=0.338 workset=0.024 fiscal=0.026 csr=0.002 recovery=0.002 vectors=1.305 audit=0.475 commands=0.000
[economy-prelude-cost] day=27500 ms=2.336 pending=0
[economy-aggregate-cost] day=27500 publish_ms=3.069 native_hash_ms=1.501
[economy-ledger-cost] day=27500 copy_ms=0.445 validate_ms=0.331 hash_ms=0.702 cohorts=512 markets=321600
[economy-boundary-cost] day=27500 formulas_ms=30.116 stages_ms=27.424 mirror_ms=2.445
[runtime-day-cost] day=27500 ok=1 ms=37.510
[clock/step] delta=7.6ms speed=50x target=0.38d cap=8.00d/f cost=0.52ms ran=0 pulse=0.00ms loop=0.00ms full=0.39ms carry=0.17 barrier=climate_input_capacity_day_barrier
[clock/step] delta=7.6ms speed=50x target=0.38d cap=8.00d/f cost=0.65ms ran=0 pulse=0.00ms loop=0.00ms full=0.22ms carry=0.36 barrier=climate_input_capacity_day_barrier
[clock/step] delta=7.4ms speed=50x target=0.37d cap=5.26d/f cost=1.32ms ran=1 pulse=0.00ms loop=0.53ms full=0.77ms carry=0.28 barrier=climate_input_capacity_day_barrier
[clock/step] delta=7.4ms speed=50x target=0.37d cap=8.00d/f cost=0.64ms ran=0 pulse=0.00ms loop=0.00ms full=0.41ms carry=0.27 barrier=climate_input_capacity_day_barrier
[clock/step] delta=7.6ms speed=50x target=0.38d cap=8.00d/f cost=0.71ms ran=1 pulse=0.00ms loop=0.58ms full=0.85ms carry=0.34 barrier=climate_input_capacity_day_barrier
[economy-open-finish] day=27600 country=0.331 workset=0.025 fiscal=0.028 csr=0.004 recovery=0.002 vectors=1.237 audit=0.478 commands=0.001
[economy-prelude-cost] day=27600 ms=2.272 pending=0
[economy-aggregate-cost] day=27600 publish_ms=2.320 native_hash_ms=1.044
[economy-ledger-cost] day=27600 copy_ms=0.470 validate_ms=0.228 hash_ms=0.696 cohorts=512 markets=321600
[economy-boundary-cost] day=27600 formulas_ms=26.128 stages_ms=23.507 mirror_ms=2.483
[runtime-day-cost] day=27600 ok=1 ms=34.521
[clock/step] delta=7.6ms speed=50x target=0.38d cap=8.00d/f cost=0.52ms ran=0 pulse=0.00ms loop=0.00ms full=0.36ms carry=0.71 barrier=
[clock/step] delta=7.8ms speed=50x target=0.39d cap=8.00d/f cost=0.59ms ran=0 pulse=0.00ms loop=0.00ms full=0.49ms carry=0.28 barrier=climate_input_capacity_day_barrier
[clock/step] delta=7.6ms speed=50x target=0.38d cap=8.00d/f cost=0.59ms ran=1 pulse=0.00ms loop=0.53ms full=0.77ms carry=0.10 barrier=climate_input_capacity_day_barrier
[clock/step] delta=8.3ms speed=50x target=0.41d cap=7.06d/f cost=1.13ms ran=0 pulse=0.00ms loop=0.00ms full=0.40ms carry=0.15 barrier=climate_input_capacity_day_barrier
[economy-open-finish] day=27700 country=0.331 workset=0.027 fiscal=0.030 csr=0.002 recovery=0.002 vectors=1.673 audit=0.681 commands=0.001
[economy-prelude-cost] day=27700 ms=2.923 pending=0
[economy-aggregate-cost] day=27700 publish_ms=3.167 native_hash_ms=1.383
[economy-ledger-cost] day=27700 copy_ms=0.440 validate_ms=0.273 hash_ms=0.792 cohorts=512 markets=321600
[economy-boundary-cost] day=27700 formulas_ms=33.473 stages_ms=30.198 mirror_ms=2.969
[runtime-day-cost] day=27700 ok=1 ms=41.219
[clock/step] delta=7.6ms speed=50x target=0.38d cap=8.00d/f cost=0.61ms ran=0 pulse=0.00ms loop=0.00ms full=0.31ms carry=0.14 barrier=climate_input_capacity_day_barrier
[clock/step] delta=7.6ms speed=50x target=0.38d cap=8.00d/f cost=0.57ms ran=1 pulse=0.00ms loop=0.53ms full=0.77ms carry=0.32 barrier=climate_input_capacity_day_barrier
[clock/step] delta=7.4ms speed=50x target=0.37d cap=8.00d/f cost=0.85ms ran=0 pulse=0.00ms loop=0.00ms full=0.23ms carry=0.08 barrier=climate_input_capacity_day_barrier
[clock/step] delta=7.6ms speed=50x target=0.38d cap=8.00d/f cost=0.58ms ran=0 pulse=0.01ms loop=0.00ms full=0.80ms carry=0.05 barrier=climate_input_capacity_day_barrier
[clock/step] delta=7.6ms speed=50x target=0.38d cap=8.00d/f cost=1.82ms ran=1 pulse=0.00ms loop=6.97ms full=7.20ms carry=0.18 barrier=climate_input_capacity_day_barrier
[economy-open-finish] day=27800 country=0.564 workset=0.040 fiscal=0.026 csr=0.003 recovery=0.003 vectors=2.920 audit=0.887 commands=0.001
[economy-prelude-cost] day=27800 ms=4.680 pending=0
[economy-aggregate-cost] day=27800 publish_ms=3.945 native_hash_ms=1.438
[economy-ledger-cost] day=27800 copy_ms=0.373 validate_ms=0.220 hash_ms=0.809 cohorts=512 markets=321600
[economy-boundary-cost] day=27800 formulas_ms=33.827 stages_ms=28.546 mirror_ms=2.715
[runtime-day-cost] day=27800 ok=1 ms=42.252
[clock/step] delta=7.6ms speed=50x target=0.38d cap=8.00d/f cost=0.53ms ran=0 pulse=0.00ms loop=0.00ms full=0.42ms carry=0.08 barrier=climate_input_capacity_day_barrier
[clock/step] delta=7.6ms speed=50x target=0.38d cap=8.00d/f cost=1.96ms ran=1 pulse=0.00ms loop=7.69ms full=7.89ms carry=0.18 barrier=climate_input_capacity_day_barrier
[clock/step] delta=7.6ms speed=50x target=0.38d cap=5.63d/f cost=1.42ms ran=0 pulse=0.00ms loop=0.00ms full=0.34ms carry=0.31 barrier=climate_input_capacity_day_barrier
[clock/step] delta=7.6ms speed=50x target=0.38d cap=8.00d/f cost=0.68ms ran=0 pulse=0.00ms loop=0.00ms full=0.53ms carry=0.12 barrier=climate_input_capacity_day_barrier
[clock/step] delta=7.6ms speed=50x target=0.38d cap=8.00d/f cost=0.57ms ran=1 pulse=0.00ms loop=0.58ms full=0.85ms carry=0.25 barrier=climate_input_capacity_day_barrier
[economy-open-finish] day=27900 country=0.366 workset=0.030 fiscal=0.032 csr=0.003 recovery=0.002 vectors=1.418 audit=0.468 commands=0.001
[economy-prelude-cost] day=27900 ms=2.491 pending=0
[economy-aggregate-cost] day=27900 publish_ms=2.620 native_hash_ms=1.213
[economy-ledger-cost] day=27900 copy_ms=0.369 validate_ms=0.211 hash_ms=0.670 cohorts=512 markets=321600
[economy-boundary-cost] day=27900 formulas_ms=30.663 stages_ms=27.751 mirror_ms=2.152
[runtime-day-cost] day=27900 ok=1 ms=39.045
[clock/step] delta=7.6ms speed=50x target=0.38d cap=8.00d/f cost=0.53ms ran=0 pulse=0.00ms loop=0.00ms full=0.19ms carry=0.06 barrier=climate_input_capacity_day_barrier
[clock/step] delta=8.3ms speed=50x target=0.42d cap=8.00d/f cost=0.67ms ran=0 pulse=0.00ms loop=0.00ms full=0.33ms carry=0.09 barrier=climate_input_capacity_day_barrier
[clock/step] delta=7.6ms speed=50x target=0.38d cap=8.00d/f cost=0.52ms ran=0 pulse=0.00ms loop=0.00ms full=0.22ms carry=0.42 barrier=
[clock/step] delta=7.4ms speed=50x target=0.37d cap=8.00d/f cost=0.57ms ran=0 pulse=0.00ms loop=0.00ms full=0.56ms carry=0.14 barrier=climate_input_capacity_day_barrier
[clock/step] delta=8.3ms speed=50x target=0.42d cap=8.00d/f cost=0.59ms ran=0 pulse=0.00ms loop=0.00ms full=0.36ms carry=0.33 barrier=climate_input_capacity_day_barrier
[economy-open-finish] day=28000 country=0.406 workset=0.043 fiscal=0.029 csr=0.004 recovery=0.003 vectors=1.420 audit=0.723 commands=0.001
[economy-prelude-cost] day=28000 ms=2.808 pending=0
[economy-aggregate-cost] day=28000 publish_ms=3.652 native_hash_ms=1.324
[economy-ledger-cost] day=28000 copy_ms=0.380 validate_ms=0.254 hash_ms=0.765 cohorts=512 markets=321600
[economy-boundary-cost] day=28000 formulas_ms=35.765 stages_ms=32.594 mirror_ms=2.440
[runtime-day-cost] day=28000 ok=1 ms=43.169
[clock/step] delta=7.6ms speed=50x target=0.38d cap=8.00d/f cost=0.56ms ran=0 pulse=0.00ms loop=0.00ms full=0.22ms carry=0.24 barrier=climate_input_capacity_day_barrier
[clock/step] delta=7.6ms speed=50x target=0.38d cap=8.00d/f cost=0.59ms ran=0 pulse=0.00ms loop=0.00ms full=0.22ms carry=0.09 barrier=climate_input_capacity_day_barrier
[clock/step] delta=8.3ms speed=50x target=0.42d cap=8.00d/f cost=0.54ms ran=0 pulse=0.00ms loop=0.00ms full=0.30ms carry=0.97 barrier=
[clock/step] delta=8.3ms speed=50x target=0.42d cap=8.00d/f cost=0.75ms ran=0 pulse=0.00ms loop=0.00ms full=0.35ms carry=0.16 barrier=climate_input_capacity_day_barrier
[clock/step] delta=7.4ms speed=50x target=0.37d cap=8.00d/f cost=0.91ms ran=0 pulse=0.00ms loop=0.00ms full=0.23ms carry=0.89 barrier=
[economy-open-finish] day=28100 country=0.551 workset=0.051 fiscal=0.038 csr=0.004 recovery=0.004 vectors=2.395 audit=0.785 commands=0.001
[economy-prelude-cost] day=28100 ms=4.057 pending=0
[economy-aggregate-cost] day=28100 publish_ms=2.608 native_hash_ms=1.034
[economy-ledger-cost] day=28100 copy_ms=0.416 validate_ms=0.230 hash_ms=0.657 cohorts=512 markets=321600
[economy-boundary-cost] day=28100 formulas_ms=33.663 stages_ms=29.025 mirror_ms=2.263
[runtime-day-cost] day=28100 ok=1 ms=41.524
WARNING: [save] runtime bundle failed: {"code":"runtime_save_failed","ok":false,"pending":false,"reason":"save_country_checkpoint_day_mismatch","request_id":5}
   at: push_warning (core/variant/variant_utility.cpp:1034)
   GDScript backtrace (most recent call first):
       [0] _capture_native_runtime_bundle (res://scripts/game/game_save_coordinator.gd:626)
[clock/step] delta=7.6ms speed=50x target=0.38d cap=1.40d/f cost=5.73ms ran=0 pulse=0.00ms loop=0.00ms full=0.27ms carry=0.91 barrier=
[clock/step] delta=7.6ms speed=50x target=0.38d cap=8.00d/f cost=0.60ms ran=0 pulse=0.00ms loop=0.00ms full=0.35ms carry=0.65 barrier=
[clock/step] delta=7.6ms speed=50x target=0.38d cap=8.00d/f cost=0.53ms ran=0 pulse=0.00ms loop=0.00ms full=0.28ms carry=0.80 barrier=
[clock/step] delta=7.6ms speed=50x target=0.38d cap=8.00d/f cost=0.59ms ran=0 pulse=0.00ms loop=0.00ms full=0.36ms carry=0.02 barrier=climate_input_capacity_day_barrier
[clock/step] delta=7.6ms speed=50x target=0.38d cap=8.00d/f cost=0.54ms ran=0 pulse=0.00ms loop=0.00ms full=0.36ms carry=0.38 barrier=climate_input_capacity_day_barrier
[economy-open-finish] day=28200 country=0.333 workset=0.024 fiscal=0.027 csr=0.002 recovery=0.002 vectors=1.334 audit=0.546 commands=0.000
[economy-prelude-cost] day=28200 ms=2.427 pending=0
[economy-aggregate-cost] day=28200 publish_ms=2.472 native_hash_ms=1.043
[economy-ledger-cost] day=28200 copy_ms=0.314 validate_ms=0.225 hash_ms=0.663 cohorts=512 markets=321600
[economy-boundary-cost] day=28200 formulas_ms=32.823 stages_ms=30.047 mirror_ms=2.059
[runtime-day-cost] day=28200 ok=1 ms=41.300
[clock/step] delta=7.6ms speed=50x target=0.38d cap=8.00d/f cost=0.69ms ran=0 pulse=0.00ms loop=0.00ms full=0.24ms carry=0.23 barrier=climate_input_capacity_day_barrier
[clock/step] delta=8.3ms speed=50x target=0.42d cap=8.00d/f cost=0.55ms ran=1 pulse=0.00ms loop=0.69ms full=0.98ms carry=0.04 barrier=climate_input_capacity_day_barrier
[clock/step] delta=7.6ms speed=50x target=0.38d cap=8.00d/f cost=0.56ms ran=0 pulse=0.00ms loop=0.00ms full=0.19ms carry=0.16 barrier=climate_input_capacity_day_barrier
[clock/step] delta=7.6ms speed=50x target=0.38d cap=6.34d/f cost=1.26ms ran=0 pulse=0.00ms loop=0.00ms full=0.23ms carry=0.56 barrier=
[clock/step] delta=7.6ms speed=50x target=0.38d cap=7.64d/f cost=1.05ms ran=0 pulse=0.00ms loop=0.00ms full=0.33ms carry=0.36 barrier=climate_input_capacity_day_barrier
[economy-open-finish] day=28300 country=0.612 workset=0.040 fiscal=0.028 csr=0.003 recovery=0.003 vectors=2.412 audit=0.940 commands=0.001
[economy-prelude-cost] day=28300 ms=4.280 pending=0
[economy-aggregate-cost] day=28300 publish_ms=3.261 native_hash_ms=1.342
[economy-ledger-cost] day=28300 copy_ms=0.389 validate_ms=0.266 hash_ms=0.762 cohorts=512 markets=321600
[economy-boundary-cost] day=28300 formulas_ms=43.036 stages_ms=38.152 mirror_ms=2.441
[runtime-day-cost] day=28300 ok=1 ms=51.511
[clock/step] delta=7.6ms speed=50x target=0.38d cap=8.00d/f cost=0.63ms ran=0 pulse=0.00ms loop=0.00ms full=0.28ms carry=0.30 barrier=climate_input_capacity_day_barrier
[clock/step] delta=7.6ms speed=50x target=0.38d cap=8.00d/f cost=0.54ms ran=0 pulse=0.00ms loop=0.00ms full=0.20ms carry=0.79 barrier=
[clock/step] delta=7.6ms speed=50x target=0.38d cap=8.00d/f cost=0.54ms ran=0 pulse=0.00ms loop=0.00ms full=0.26ms carry=0.17 barrier=climate_input_capacity_day_barrier
[clock/step] delta=7.6ms speed=50x target=0.38d cap=8.00d/f cost=0.54ms ran=0 pulse=0.00ms loop=0.00ms full=0.19ms carry=0.91 barrier=
[clock/step] delta=7.6ms speed=50x target=0.38d cap=8.00d/f cost=0.65ms ran=1 pulse=0.00ms loop=0.56ms full=0.80ms carry=0.38 barrier=climate_input_capacity_day_barrier
[economy-open-finish] day=28400 country=0.343 workset=0.024 fiscal=0.027 csr=0.002 recovery=0.003 vectors=1.295 audit=0.472 commands=0.001
[economy-prelude-cost] day=28400 ms=2.349 pending=0
[economy-aggregate-cost] day=28400 publish_ms=2.192 native_hash_ms=1.159
[economy-ledger-cost] day=28400 copy_ms=0.322 validate_ms=0.231 hash_ms=0.663 cohorts=512 markets=321600
[economy-boundary-cost] day=28400 formulas_ms=30.017 stages_ms=27.138 mirror_ms=2.122
[runtime-day-cost] day=28400 ok=1 ms=37.299
[clock/step] delta=7.6ms speed=50x target=0.38d cap=8.00d/f cost=0.73ms ran=0 pulse=0.00ms loop=0.00ms full=0.38ms carry=0.22 barrier=climate_input_capacity_day_barrier
[clock/step] delta=7.6ms speed=50x target=0.38d cap=8.00d/f cost=0.63ms ran=0 pulse=0.00ms loop=0.00ms full=0.42ms carry=0.07 barrier=climate_input_capacity_day_barrier
[clock/step] delta=8.3ms speed=50x target=0.42d cap=8.00d/f cost=0.63ms ran=0 pulse=0.00ms loop=0.00ms full=0.30ms carry=0.71 barrier=
WARNING: [save] runtime bundle failed: {"code":"runtime_save_failed","ok":false,"pending":false,"reason":"save_country_checkpoint_day_mismatch","request_id":6}
   at: push_warning (core/variant/variant_utility.cpp:1034)
   GDScript backtrace (most recent call first):
       [0] _capture_native_runtime_bundle (res://scripts/game/game_save_coordinator.gd:626)
[clock/step] delta=7.6ms speed=50x target=0.38d cap=8.00d/f cost=0.82ms ran=1 pulse=0.00ms loop=0.62ms full=0.85ms carry=0.33 barrier=climate_input_capacity_day_barrier
[economy-open-finish] day=28500 country=0.330 workset=0.024 fiscal=0.026 csr=0.002 recovery=0.003 vectors=1.328 audit=0.478 commands=0.000
[economy-prelude-cost] day=28500 ms=2.351 pending=0
[economy-aggregate-cost] day=28500 publish_ms=3.821 native_hash_ms=1.326
[economy-ledger-cost] day=28500 copy_ms=0.432 validate_ms=0.244 hash_ms=0.875 cohorts=512 markets=321600
[economy-boundary-cost] day=28500 formulas_ms=31.723 stages_ms=29.023 mirror_ms=2.751
[runtime-day-cost] day=28500 ok=1 ms=40.322
[clock/step] delta=7.6ms speed=50x target=0.38d cap=8.00d/f cost=0.66ms ran=1 pulse=0.00ms loop=0.66ms full=0.93ms carry=0.35 barrier=climate_input_capacity_day_barrier
[clock/step] delta=7.6ms speed=50x target=0.38d cap=8.00d/f cost=0.51ms ran=0 pulse=0.00ms loop=0.00ms full=0.16ms carry=0.99 barrier=
[clock/step] delta=8.3ms speed=50x target=0.42d cap=8.00d/f cost=0.60ms ran=0 pulse=0.00ms loop=0.00ms full=0.19ms carry=0.07 barrier=climate_input_capacity_day_barrier
[clock/step] delta=7.6ms speed=50x target=0.38d cap=8.00d/f cost=0.89ms ran=0 pulse=0.00ms loop=0.00ms full=0.41ms carry=0.02 barrier=climate_input_capacity_day_barrier
[clock/step] delta=7.6ms speed=50x target=0.38d cap=8.00d/f cost=0.56ms ran=0 pulse=0.00ms loop=0.00ms full=0.38ms carry=0.48 barrier=
[economy-open-finish] day=28600 country=0.333 workset=0.024 fiscal=0.026 csr=0.003 recovery=0.002 vectors=1.330 audit=0.456 commands=0.001
[economy-prelude-cost] day=28600 ms=2.344 pending=0
[economy-aggregate-cost] day=28600 publish_ms=2.298 native_hash_ms=1.055
[economy-ledger-cost] day=28600 copy_ms=0.331 validate_ms=0.222 hash_ms=0.635 cohorts=512 markets=321600
[economy-boundary-cost] day=28600 formulas_ms=32.327 stages_ms=29.638 mirror_ms=2.086
[runtime-day-cost] day=28600 ok=1 ms=40.442
[clock/step] delta=7.6ms speed=50x target=0.38d cap=8.00d/f cost=0.56ms ran=0 pulse=0.00ms loop=0.00ms full=0.32ms carry=0.32 barrier=climate_input_capacity_day_barrier
[clock/step] delta=7.6ms speed=50x target=0.38d cap=8.00d/f cost=0.55ms ran=0 pulse=0.00ms loop=0.00ms full=0.19ms carry=0.79 barrier=
[clock/step] delta=7.6ms speed=50x target=0.38d cap=8.00d/f cost=0.58ms ran=0 pulse=0.00ms loop=0.00ms full=0.45ms carry=0.01 barrier=climate_input_capacity_day_barrier
[clock/step] delta=7.6ms speed=50x target=0.38d cap=8.00d/f cost=0.61ms ran=0 pulse=0.00ms loop=0.00ms full=0.22ms carry=0.85 barrier=
[clock/step] delta=8.3ms speed=50x target=0.41d cap=8.00d/f cost=0.48ms ran=0 pulse=0.00ms loop=0.00ms full=0.24ms carry=0.60 barrier=
[economy-open-finish] day=28700 country=0.343 workset=0.023 fiscal=0.026 csr=0.002 recovery=0.004 vectors=1.416 audit=0.716 commands=0.001
[economy-prelude-cost] day=28700 ms=2.698 pending=0
[clock/step] delta=7.6ms speed=50x target=0.38d cap=8.00d/f cost=0.65ms ran=0 pulse=0.00ms loop=0.00ms full=0.31ms carry=0.06 barrier=climate_input_capacity_day_barrier
[economy-aggregate-cost] day=28700 publish_ms=2.561 native_hash_ms=1.163
[economy-ledger-cost] day=28700 copy_ms=0.376 validate_ms=0.262 hash_ms=0.793 cohorts=512 markets=321600
[economy-boundary-cost] day=28700 formulas_ms=33.367 stages_ms=30.310 mirror_ms=2.525
[runtime-day-cost] day=28700 ok=1 ms=41.290
[clock/step] delta=7.6ms speed=50x target=0.38d cap=8.00d/f cost=0.61ms ran=0 pulse=0.00ms loop=0.00ms full=0.37ms carry=0.07 barrier=climate_input_capacity_day_barrier
[clock/step] delta=6.1ms speed=50x target=0.30d cap=5.19d/f cost=1.54ms ran=0 pulse=0.00ms loop=0.00ms full=0.19ms carry=0.06 barrier=climate_input_capacity_day_barrier
[clock/step] delta=7.6ms speed=50x target=0.38d cap=7.45d/f cost=1.07ms ran=0 pulse=0.00ms loop=0.00ms full=0.34ms carry=0.74 barrier=
[clock/step] delta=7.6ms speed=50x target=0.38d cap=8.00d/f cost=0.59ms ran=1 pulse=0.00ms loop=0.54ms full=0.79ms carry=0.07 barrier=climate_input_capacity_day_barrier
[clock/step] delta=7.6ms speed=50x target=0.38d cap=8.00d/f cost=0.59ms ran=1 pulse=0.00ms loop=0.84ms full=1.12ms carry=0.21 barrier=climate_input_capacity_day_barrier
[economy-open-finish] day=28800 country=0.601 workset=0.037 fiscal=0.025 csr=0.003 recovery=0.003 vectors=2.529 audit=1.002 commands=0.001
[economy-prelude-cost] day=28800 ms=4.436 pending=0
[economy-aggregate-cost] day=28800 publish_ms=2.921 native_hash_ms=1.109
[economy-ledger-cost] day=28800 copy_ms=0.656 validate_ms=0.228 hash_ms=0.763 cohorts=512 markets=321600
[economy-boundary-cost] day=28800 formulas_ms=33.909 stages_ms=28.854 mirror_ms=2.828
[runtime-day-cost] day=28800 ok=1 ms=42.479
[clock/step] delta=7.6ms speed=50x target=0.38d cap=8.00d/f cost=0.64ms ran=0 pulse=0.00ms loop=0.00ms full=0.21ms carry=0.21 barrier=climate_input_capacity_day_barrier
WARNING: [save] runtime bundle failed: {"code":"runtime_save_failed","ok":false,"pending":false,"reason":"save_country_checkpoint_day_mismatch","request_id":7}
   at: push_warning (core/variant/variant_utility.cpp:1034)
   GDScript backtrace (most recent call first):
       [0] _capture_native_runtime_bundle (res://scripts/game/game_save_coordinator.gd:626)
[clock/step] delta=8.3ms speed=50x target=0.42d cap=1.62d/f cost=4.87ms ran=1 pulse=0.00ms loop=4.52ms full=4.78ms carry=0.29 barrier=
[clock/step] delta=8.3ms speed=50x target=0.42d cap=8.00d/f cost=0.63ms ran=0 pulse=0.00ms loop=0.00ms full=0.25ms carry=0.29 barrier=climate_input_capacity_day_barrier
[clock/step] delta=8.0ms speed=50x target=0.40d cap=8.00d/f cost=0.56ms ran=0 pulse=0.00ms loop=0.00ms full=0.32ms carry=0.49 barrier=
[clock/step] delta=6.3ms speed=50x target=0.32d cap=8.00d/f cost=0.61ms ran=0 pulse=0.00ms loop=0.00ms full=0.21ms carry=0.80 barrier=
[economy-open-finish] day=28900 country=0.364 workset=0.023 fiscal=0.025 csr=0.002 recovery=0.002 vectors=1.792 audit=0.462 commands=0.001
[economy-prelude-cost] day=28900 ms=2.826 pending=0
[economy-aggregate-cost] day=28900 publish_ms=2.349 native_hash_ms=1.171
[economy-ledger-cost] day=28900 copy_ms=0.335 validate_ms=0.224 hash_ms=0.677 cohorts=512 markets=321600
[economy-boundary-cost] day=28900 formulas_ms=34.376 stages_ms=31.207 mirror_ms=2.141
[runtime-day-cost] day=28900 ok=1 ms=41.867
[clock/step] delta=8.3ms speed=50x target=0.42d cap=8.00d/f cost=0.51ms ran=0 pulse=0.00ms loop=0.00ms full=0.27ms carry=0.50 barrier=
[clock/step] delta=7.6ms speed=50x target=0.38d cap=8.00d/f cost=0.75ms ran=0 pulse=0.00ms loop=0.00ms full=0.28ms carry=0.99 barrier=
[clock/step] delta=7.4ms speed=50x target=0.37d cap=8.00d/f cost=0.57ms ran=0 pulse=0.00ms loop=0.00ms full=0.23ms carry=0.04 barrier=climate_input_capacity_day_barrier
[clock/step] delta=7.6ms speed=50x target=0.38d cap=8.00d/f cost=0.64ms ran=0 pulse=0.00ms loop=0.00ms full=0.36ms carry=0.31 barrier=climate_input_capacity_day_barrier
[clock/step] delta=7.6ms speed=50x target=0.38d cap=6.36d/f cost=1.26ms ran=0 pulse=0.00ms loop=0.00ms full=0.52ms carry=0.07 barrier=climate_input_capacity_day_barrier
[economy-open-finish] day=29000 country=0.335 workset=0.010 fiscal=0.025 csr=0.002 recovery=0.001 vectors=1.675 audit=0.641 commands=0.001
[economy-prelude-cost] day=29000 ms=2.858 pending=0
[economy-aggregate-cost] day=29000 publish_ms=2.921 native_hash_ms=1.276
[economy-ledger-cost] day=29000 copy_ms=0.441 validate_ms=0.247 hash_ms=0.811 cohorts=512 markets=321600
[economy-boundary-cost] day=29000 formulas_ms=13.276 stages_ms=10.077 mirror_ms=2.583
[runtime-day-cost] day=29000 ok=1 ms=21.064
[clock/step] delta=8.2ms speed=50x target=0.41d cap=4.25d/f cost=1.88ms ran=0 pulse=0.00ms loop=0.00ms full=0.31ms carry=0.51 barrier=
[clock/step] delta=7.4ms speed=50x target=0.37d cap=6.80d/f cost=1.18ms ran=0 pulse=0.00ms loop=0.00ms full=0.31ms carry=0.62 barrier=
[clock/step] delta=7.6ms speed=50x target=0.38d cap=8.00d/f cost=0.55ms ran=1 pulse=0.00ms loop=0.38ms full=0.54ms carry=0.08 barrier=climate_input_capacity_day_barrier
[clock/step] delta=7.6ms speed=50x target=0.38d cap=4.68d/f cost=1.71ms ran=0 pulse=0.00ms loop=0.00ms full=0.21ms carry=0.01 barrier=climate_input_capacity_day_barrier
[economy-open-finish] day=29100 country=0.332 workset=0.009 fiscal=0.025 csr=0.002 recovery=0.001 vectors=1.341 audit=0.466 commands=0.000
[economy-prelude-cost] day=29100 ms=2.323 pending=0
[economy-aggregate-cost] day=29100 publish_ms=2.793 native_hash_ms=1.049
[economy-ledger-cost] day=29100 copy_ms=0.431 validate_ms=0.211 hash_ms=0.717 cohorts=512 markets=321600
[economy-boundary-cost] day=29100 formulas_ms=11.924 stages_ms=9.240 mirror_ms=2.360
[runtime-day-cost] day=29100 ok=1 ms=20.204
[clock/step] delta=7.6ms speed=50x target=0.38d cap=5.01d/f cost=1.60ms ran=0 pulse=0.00ms loop=0.00ms full=0.39ms carry=0.25 barrier=climate_input_capacity_day_barrier
[clock/step] delta=8.3ms speed=50x target=0.42d cap=7.76d/f cost=1.03ms ran=0 pulse=0.00ms loop=0.00ms full=0.29ms carry=0.34 barrier=climate_input_capacity_day_barrier
[clock/step] delta=7.7ms speed=50x target=0.39d cap=5.24d/f cost=1.53ms ran=0 pulse=0.00ms loop=0.00ms full=0.40ms carry=0.16 barrier=climate_input_capacity_day_barrier
WARNING: [save] runtime bundle failed: {"code":"runtime_save_failed","ok":false,"pending":false,"reason":"save_country_checkpoint_day_mismatch","request_id":8}
   at: push_warning (core/variant/variant_utility.cpp:1034)
   GDScript backtrace (most recent call first):
       [0] _capture_native_runtime_bundle (res://scripts/game/game_save_coordinator.gd:626)
[clock/step] delta=7.6ms speed=50x target=0.38d cap=1.80d/f cost=4.59ms ran=1 pulse=0.00ms loop=5.16ms full=5.40ms carry=0.28 barrier=
[economy-open-finish] day=29200 country=0.626 workset=0.026 fiscal=0.057 csr=0.004 recovery=0.001 vectors=2.290 audit=0.596 commands=0.001
[economy-prelude-cost] day=29200 ms=3.951 pending=0
[economy-aggregate-cost] day=29200 publish_ms=2.388 native_hash_ms=1.258
[economy-ledger-cost] day=29200 copy_ms=0.584 validate_ms=0.249 hash_ms=0.884 cohorts=512 markets=321600
[economy-boundary-cost] day=29200 formulas_ms=16.861 stages_ms=12.018 mirror_ms=2.898
[runtime-day-cost] day=29200 ok=1 ms=25.765
[clock/step] delta=7.1ms speed=50x target=0.35d cap=6.59d/f cost=1.21ms ran=0 pulse=0.00ms loop=0.00ms full=0.22ms carry=0.52 barrier=
[clock/step] delta=6.6ms speed=50x target=0.33d cap=7.67d/f cost=1.04ms ran=0 pulse=0.00ms loop=0.00ms full=0.25ms carry=0.09 barrier=climate_input_capacity_day_barrier
[clock/step] delta=7.4ms speed=50x target=0.37d cap=8.00d/f cost=0.62ms ran=0 pulse=0.00ms loop=0.00ms full=0.21ms carry=0.61 barrier=
[economy-open-finish] day=29300 country=0.334 workset=0.010 fiscal=0.027 csr=0.002 recovery=0.001 vectors=1.418 audit=0.478 commands=0.001
[economy-prelude-cost] day=29300 ms=2.438 pending=0
[economy-aggregate-cost] day=29300 publish_ms=2.700 native_hash_ms=1.206
[economy-ledger-cost] day=29300 copy_ms=0.390 validate_ms=0.227 hash_ms=0.660 cohorts=512 markets=321600
[economy-boundary-cost] day=29300 formulas_ms=13.635 stages_ms=10.852 mirror_ms=2.194
[runtime-day-cost] day=29300 ok=1 ms=20.864
[clock/step] delta=7.6ms speed=50x target=0.38d cap=5.16d/f cost=1.55ms ran=0 pulse=0.00ms loop=0.00ms full=0.20ms carry=0.21 barrier=climate_input_capacity_day_barrier
[clock/step] delta=8.2ms speed=50x target=0.41d cap=8.00d/f cost=0.66ms ran=0 pulse=0.00ms loop=0.00ms full=0.32ms carry=0.65 barrier=
[clock/step] delta=7.6ms speed=50x target=0.38d cap=8.00d/f cost=0.94ms ran=0 pulse=0.00ms loop=0.00ms full=0.26ms carry=0.86 barrier=
[clock/step] delta=7.6ms speed=50x target=0.38d cap=2.73d/f cost=2.93ms ran=0 pulse=0.00ms loop=0.00ms full=0.30ms carry=0.68 barrier=
[economy-open-finish] day=29400 country=0.329 workset=0.010 fiscal=0.027 csr=0.003 recovery=0.001 vectors=1.734 audit=0.477 commands=0.000
[economy-prelude-cost] day=29400 ms=2.742 pending=0
[economy-aggregate-cost] day=29400 publish_ms=2.654 native_hash_ms=0.937
[economy-ledger-cost] day=29400 copy_ms=0.412 validate_ms=0.224 hash_ms=0.698 cohorts=512 markets=321600
[economy-boundary-cost] day=29400 formulas_ms=13.946 stages_ms=10.867 mirror_ms=2.410
[runtime-day-cost] day=29400 ok=1 ms=22.276
[clock/step] delta=7.4ms speed=50x target=0.37d cap=7.77d/f cost=1.03ms ran=0 pulse=0.00ms loop=0.00ms full=0.18ms carry=0.00 barrier=climate_input_capacity_day_barrier
[clock/step] delta=7.6ms speed=50x target=0.38d cap=6.86d/f cost=1.03ms ran=1 pulse=0.00ms loop=0.47ms full=0.69ms carry=0.06 barrier=climate_input_capacity_day_barrier
[clock/step] delta=7.6ms speed=50x target=0.38d cap=8.00d/f cost=0.75ms ran=0 pulse=0.00ms loop=0.00ms full=0.37ms carry=0.14 barrier=climate_input_capacity_day_barrier
[runtime-forensics/save_replay_ok] {"captured_at":"2026-10-09T00:21:08","clock":{"day_index":29486,"paused":false,"speed_multiplier":0.0},"context":{"days":3000,"slot":"autosave"},"country":{"bootstrapped":true,"generation":13595,"last_committed_day":29481,"state_hash":0},"economy":{"country_research_procurement_continuation_phase":0,"country_research_procurement_last_error":"","current_day":29481,"epoch_active":true,"epoch_begin_pending_day":-1,"epoch_begin_post_fiscal_pending":false,"epoch_id":29480,"executed_stage":"epoch_begin","executed_substage":"fiscal_reserve","fatal":false,"fatal_context":{"valid":false},"fatal_reason":"","fiscal_reservation_continuation_active":false,"fiscal_reservation_continuation_phase":2,"fiscal_reservation_last_error":"","last_completed_sample_day":29480,"newest_state_day":29480,"sample_day":29481,"stage":"building_plan"},"economy_conservation":{"audit_incomplete":false,"audit_incomplete_reason":"","bullion_money_issued":0,"bullion_stock_consumed":0,"closing_audit_fast_paths":0,"closing_audit_full_verifications":0,"closing_audit_incremental_this_epoch":false,"closing_audit_mismatch_lane":-1,"closing_audit_mismatch_ledger":"none","closing_audit_mismatches":0,"closing_audit_mode":"INCREMENTAL","closing_audit_runtime_disabled":false,"closing_cohort_funds":9029051072888,"closing_country_cash":14973006174296,"closing_country_goods":15033081,"closing_escrow_cash":0,"closing_expedition_funds":0,"closing_expedition_goods":0,"closing_goods_stock":48859213605,"closing_transit_goods":0,"construction_goods_consumed":0,"consumed_goods":0,"country_research_goods_consumed":0,"cycle_flow_discarded":0,"explicit_money_burn":0,"explicit_money_mint":0,"explicit_stock_delta":0,"goods_audit_candidate_lanes":[],"goods_error":0,"goods_expected":48859213605,"incremental_closing_cohort_funds":0,"incremental_closing_country_cash":0,"incremental_closing_country_goods":0,"incremental_closing_escrow_cash":0,"incremental_closing_expedition_goods":0,"incremental_closing_goods_stock":0,"incremental_closing_population":0,"incremental_closing_transit_goods":0,"maintenance_goods_consumed":0,"money_audit_candidate_accounts":[],"money_close":24002057247184,"money_error":0,"money_expected":24002057247184,"money_open":24002057247184,"opening_audit_fast_paths":1,"opening_audit_full_verifications":0,"opening_cohort_funds":9029051072888,"opening_country_cash":14973006174296,"opening_country_goods":15033081,"opening_escrow_cash":0,"opening_expedition_funds":0,"opening_expedition_goods":0,"opening_goods_stock":48859213605,"opening_transit_goods":0,"owner_output_consumed":0,"population_error":0,"producer_support_money_issued":0,"production_inputs_consumed":0,"production_output_discarded":0,"production_output_retained":0,"production_output_stock":0,"saturation_count":0},"engine":{"debug_build":true,"headless":true,"process_frames":17760},"reason":"save_replay_completed","runtime_thread":{"active_gate_blocked":false,"authoritative_domain_mask":4095,"climate_committed_day":29481,"climate_worker_authoritative":true,"completion_gate_missing_domain_mask":0,"country_worker_authoritative":true,"country_worker_plan_active":false,"country_worker_waiting_for_peer":false,"coverage_blocker":"","day_stall_day":-1,"day_stall_peer_ms":0,"day_stall_reason_mask":0,"economy_authority_fault_paused":false,"economy_authority_last_committed_generation":26282,"economy_input_requested_day":-1,"economy_pod_active_ready":true,"economy_stage_name":"aggregate_publish","economy_stage_ops_prelude_ready":true,"economy_substage_name":"commit","economy_yield_reason":"","environment_ring_pending":3,"fault_code":"","generation":29480,"missing_domain_mask":0,"requested_authority_mask":4095,"simulation_committed_day":29480,"simulation_host_state":"RUNNING","simulation_worker_blocker":"","simulation_worker_ready":true,"state":"RUNNING","state_hash":-2589053546215343818,"worker_fault_count":0}}
[runtime-forensics/save_replay_ok] wrote F:/Developent/Godot/Project.Keynes/tmp/runtime_forensics_save_replay_ok.json
[save-replay/result] {"audit_incomplete":false,"day_timeout_msec":60000,"days_per_sec":23.334318560117,"elapsed_msec":128566,"end_authoritative_day":29480,"end_day":29486,"end_host_state":"RUNNING","end_newest_state_day":29480,"failures":["money_error=155934679","goods_error=149387"],"forensics":"F:/Developent/Godot/Project.Keynes/tmp/runtime_forensics_save_replay_ok.json","goods_error":149387,"measurement_worker_time_us":{"boundary_wait":72,"clock_wait":0,"execute":128116987,"input_wait":96943,"overhead":177958,"paused":0,"save_build":140052,"save_pause":28565},"money_error":155934679,"ok":false,"population_error":0,"requested_days":3000,"restore":{"country_bootstrapped":true,"economy_bootstrapped":true,"host_state":"PAUSED","settlement_source":"save_restore"},"slot":"autosave","speed":50.0,"start_authoritative_day":26480,"start_day":26280,"start_newest_state_day":26280,"target_day":29280,"thread_report":"F:/Developent/Godot/Project.Keynes/tmp/save_replay_thread_report.json","warmup_days":200,"warmup_start_authoritative_day":26280}
ERROR: 46 RID allocations of type 'PN13RendererDummy14TextureStorage12DummyTextureE' were leaked at exit.
ERROR: 23 RID allocations of type 'PN18TextServerAdvanced22ShapedTextDataAdvancedE' were leaked at exit.
ERROR: 1 RID allocations of type 'PN18TextServerAdvanced12FontAdvancedE' were leaked at exit.
WARNING: ObjectDB instances leaked at exit (run with --verbose for details).
   at: cleanup (core/object/object.cpp:2641)
ERROR: 986 resources still in use at exit (run with --verbose for details).
   at: clear (core/io/resource.cpp:810)
