Godot Engine v4.6.2.stable.official.71f334935 - https://godotengine.org
D3D12 12_0 - Forward Mobile - Using Device #0: NVIDIA - NVIDIA GeForce RTX 4080

[ui-layout-diag/bind_ui] is_web=false viewport_visible_rect=[P: (0.0, 0.0), S: (1382.4, 806.4)] window_size=(1728, 1008) content_scale_factor=1.250 content_scale_mode=0 device_pixel_ratio=-1.000 top_bar_rect=[P: (0.0, 0.0), S: (1382.4, 56.0)] right_panel_rect=[P: (922.4, 68.0), S: (460.0, 726.4)] country_action_bar_rect=[P: (525.2, 724.4), S: (400.0, 74.0)]
[building-visual] queue_probe ticks=1 queued=0 chunk=-1 camera_rect=[P: (-691.2, -403.2), S: (1382.4, 806.4)] prefetch=false zoom=1.000
[building-visual] queue_probe ticks=2 queued=0 chunk=-1 camera_rect=[P: (-691.2, -403.2), S: (1382.4, 806.4)] prefetch=false zoom=1.000
[native_generation/base] path=gdext algorithm=post_base_priority_flood_hydrology_v3 n=2400 native_ms=6.906 water=1536 land=864
[native_generation/post_base] path=gdext algorithm=post_base_priority_flood_hydrology_v3 n=2400 native_ms=1.530 lakes=0 rivers=117 volcanoes=0
[native_generation/vegetation] native_ms=0.565 candidates=859 none=1115 score=[0.000,1.234,1.140] plant_water_land=864 river_adjacent_desert=0 coastal_highland_desert=0 terrain_weight=[0.180,1.200]
[native_generation/qa] single_water=0 tiny<=3=0 small<=5=0 bodies=1 largest=1536 | land_below_sea=0.0% | terr_distinct=22 entropy=3.166bit | river_ratio=4.875%
MapGenerator v7: per-cell 70ms (2400 cells, path=gdext)
[building-visual] queue_probe ticks=3 queued=0 chunk=-1 camera_rect=[P: (-691.2, -403.2), S: (1382.4, 806.4)] prefetch=false zoom=1.000
MapBaker v6: hm=(1024, 606) seed=759805424
    [fused] terrain=73.6ms erosion=2.3ms(ok=true) river=12.4ms(ok=true) latitude=0.1ms coast_sdf=3.8ms(ok=true)
  geometry fields (fused C++): 160ms
  physical circulation hex solve: deferred until DCWorldExt bind (ext=true idx=true soa=false)
  wind/ocean pixel buffers: skipped (ocean_current_visual off)
  visual tiles: {"degradation_reason":"","effective_budget_px":1717248,"effective_texels_per_hex":16.0059221751742,"effective_world_units_per_texel":"(1.373983, 1.375)","estimated_peak_bytes":68402880,"estimated_resident_bytes":40340160,"fallback_reason":"","generation_id":1,"grid_size":"(4, 3)","gutter_px":2,"hex_size":22.0,"horizon_path":"neutral_pending","interior_size":"(416, 344)","layer_size":"(420, 348)","layers":[{"bake_ms":38.8082,"coast_sdf_max_dist_px":13.6162309214075,"distance_scale":1.70202886517594,"edge_distance_saturate_hex":0.9,"edge_distance_units":"normalized_hex_center_gap","hashes":{"edge_distance":-8057825205291659455,"edge_neighbor":-2616613282815884641,"height":6823625695395462371,"map_index":-1682533505467345382,"terrain_detail":8110634212975951748,"terrain_normal":998263687431351496,"water_depth":-1908077938922151686},"layer":0,"normal_radius_px":"(22, 22)","raster_scale":"(1.701088, 1.70297)","river_sdf_max_dist_px":5.9571010281158,"shore_carve_band_px":10,"upload_ms":0.179,"wall_ms":39.084},{"bake_ms":51.5516,"coast_sdf_max_dist_px":13.6162309214075,"distance_scale":1.70202886517594,"edge_distance_saturate_hex":0.9,"edge_distance_units":"normalized_hex_center_gap","hashes":{"edge_distance":4795304768334789433,"edge_neighbor":-8070186618093250574,"height":1662134307574630874,"map_index":6229480805090282700,"terrain_detail":-33153500127151499,"terrain_normal":-6568612290633529676,"water_depth":1639754649927389946},"layer":1,"normal_radius_px":"(22, 22)","raster_scale":"(1.701088, 1.70297)","river_sdf_max_dist_px":5.9571010281158,"shore_carve_band_px":10,"upload_ms":0.232,"wall_ms":51.873},{"bake_ms":53.9456,"coast_sdf_max_dist_px":13.6162309214075,"distance_scale":1.70202886517594,"edge_distance_saturate_hex":0.9,"edge_distance_units":"normalized_hex_center_gap","hashes":{"edge_distance":-2301087364392357523,"edge_neighbor":2933476543093820685,"height":7386999662584088218,"map_index":-7380673133776987138,"terrain_detail":8348341111978402556,"terrain_normal":2531645034065630001,"water_depth":-2530695551734053042},"layer":2,"normal_radius_px":"(22, 22)","raster_scale":"(1.701088, 1.70297)","river_sdf_max_dist_px":5.9571010281158,"shore_carve_band_px":10,"upload_ms":0.194,"wall_ms":54.223},{"bake_ms":60.6008,"coast_sdf_max_dist_px":13.6162309214075,"distance_scale":1.70202886517594,"edge_distance_saturate_hex":0.9,"edge_distance_units":"normalized_hex_center_gap","hashes":{"edge_distance":-3743393480774520287,"edge_neighbor":5755806183648146553,"height":2031420813926024066,"map_index":-973310409747277167,"terrain_detail":2820276482484263776,"terrain_normal":-50929999509904424,"water_depth":8691061081449622174},"layer":3,"normal_radius_px":"(22, 22)","raster_scale":"(1.701088, 1.70297)","river_sdf_max_dist_px":5.9571010281158,"shore_carve_band_px":10,"upload_ms":0.22,"wall_ms":60.913},{"bake_ms":90.4219,"coast_sdf_max_dist_px":13.6162309214075,"distance_scale":1.70202886517594,"edge_distance_saturate_hex":0.9,"edge_distance_units":"normalized_hex_center_gap","hashes":{"edge_distance":-7385864600664649218,"edge_neighbor":7970119359354376937,"height":-8615788571158500411,"map_index":6412218257030578242,"terrain_detail":4138235214635326898,"terrain_normal":-6097464693975319890,"water_depth":3657656335661155874},"layer":4,"normal_radius_px":"(22, 22)","raster_scale":"(1.701088, 1.70297)","river_sdf_max_dist_px":5.9571010281158,"shore_carve_band_px":10,"upload_ms":0.202,"wall_ms":90.71},{"bake_ms":91.723,"coast_sdf_max_dist_px":13.6162309214075,"distance_scale":1.70202886517594,"edge_distance_saturate_hex":0.9,"edge_distance_units":"normalized_hex_center_gap","hashes":{"edge_distance":858077164705066532,"edge_neighbor":7972920331723184501,"height":-3888544292324089124,"map_index":-6254461059924476832,"terrain_detail":8625719986295704241,"terrain_normal":3416413393135479142,"water_depth":7676965552731056518},"layer":5,"normal_radius_px":"(22, 22)","raster_scale":"(1.701088, 1.70297)","river_sdf_max_dist_px":5.9571010281158,"shore_carve_band_px":10,"upload_ms":0.174,"wall_ms":91.974},{"bake_ms":70.1921,"coast_sdf_max_dist_px":13.6162309214075,"distance_scale":1.70202886517594,"edge_distance_saturate_hex":0.9,"edge_distance_units":"normalized_hex_center_gap","hashes":{"edge_distance":-126933491620206353,"edge_neighbor":-950124389768696141,"height":-4070533041216673816,"map_index":7392868030459292461,"terrain_detail":-3551886437091225740,"terrain_normal":-5432254563303410862,"water_depth":-8598241735493706964},"layer":6,"normal_radius_px":"(22, 22)","raster_scale":"(1.701088, 1.70297)","river_sdf_max_dist_px":5.9571010281158,"shore_carve_band_px":10,"upload_ms":0.17,"wall_ms":70.441},{"bake_ms":85.4529,"coast_sdf_max_dist_px":13.6162309214075,"distance_scale":1.70202886517594,"edge_distance_saturate_hex":0.9,"edge_distance_units":"normalized_hex_center_gap","hashes":{"edge_distance":-4556954816989622053,"edge_neighbor":-2003787755746229798,"height":4165266775997535769,"map_index":3116386974769384262,"terrain_detail":-8856374336022951992,"terrain_normal":-2872143253751965164,"water_depth":8151981902841611770},"layer":7,"normal_radius_px":"(22, 22)","raster_scale":"(1.701088, 1.70297)","river_sdf_max_dist_px":5.9571010281158,"shore_carve_band_px":10,"upload_ms":0.211,"wall_ms":85.751},{"bake_ms":62.7989,"coast_sdf_max_dist_px":13.6162309214075,"distance_scale":1.70202886517594,"edge_distance_saturate_hex":0.9,"edge_distance_units":"normalized_hex_center_gap","hashes":{"edge_distance":-50601005901589065,"edge_neighbor":-377837657584885973,"height":-4614771425779729828,"map_index":-6800994795358796953,"terrain_detail":8107731504074728795,"terrain_normal":61909304412342064,"water_depth":-3416500183723819164},"layer":8,"normal_radius_px":"(22, 22)","raster_scale":"(1.701088, 1.70297)","river_sdf_max_dist_px":5.9571010281158,"shore_carve_band_px":10,"upload_ms":0.2,"wall_ms":63.098},{"bake_ms":56.4077,"coast_sdf_max_dist_px":13.6162309214075,"distance_scale":1.70202886517594,"edge_distance_saturate_hex":0.9,"edge_distance_units":"normalized_hex_center_gap","hashes":{"edge_distance":2843964817761039612,"edge_neighbor":-151810560627915342,"height":1249452613866149218,"map_index":3490927832994052775,"terrain_detail":4768829253049154733,"terrain_normal":-962681281938593051,"water_depth":-575909178427782301},"layer":9,"normal_radius_px":"(22, 22)","raster_scale":"(1.701088, 1.70297)","river_sdf_max_dist_px":5.9571010281158,"shore_carve_band_px":10,"upload_ms":0.208,"wall_ms":56.704},{"bake_ms":55.4964,"coast_sdf_max_dist_px":13.6162309214075,"distance_scale":1.70202886517594,"edge_distance_saturate_hex":0.9,"edge_distance_units":"normalized_hex_center_gap","hashes":{"edge_distance":-1088617394584526362,"edge_neighbor":2307453254189868598,"height":-8064376776424061595,"map_index":3422536982537534463,"terrain_detail":2598991074459342231,"terrain_normal":6369338750151115812,"water_depth":1268941187522539853},"layer":10,"normal_radius_px":"(22, 22)","raster_scale":"(1.701088, 1.70297)","river_sdf_max_dist_px":5.9571010281158,"shore_carve_band_px":10,"upload_ms":0.221,"wall_ms":55.808},{"bake_ms":52.103,"coast_sdf_max_dist_px":13.6162309214075,"distance_scale":1.70202886517594,"edge_distance_saturate_hex":0.9,"edge_distance_units":"normalized_hex_center_gap","hashes":{"edge_distance":639870021838579051,"edge_neighbor":350031023585481147,"height":-1918705077020205381,"map_index":284917041618216492,"terrain_detail":5118931943165636024,"terrain_normal":7714939347856327148,"water_depth":-5139538160530303990},"layer":11,"normal_radius_px":"(22, 22)","raster_scale":"(1.701088, 1.70297)","river_sdf_max_dist_px":5.9571010281158,"shore_carve_band_px":10,"upload_ms":0.176,"wall_ms":52.362}],"logical_size":"(1664, 1032)","mode":"tiled","path":"visual_tiled_static","profile":"desktop_high","renderer":"mobile","requested_budget_px":1716216,"requested_texels_per_hex":16.0,"requested_tile_world_span":"(704.0, 704.0)","requested_world_units_per_texel":1.375,"tile_world_area":270355.817993164,"tile_world_span":"(571.5768, 473.0)","total_ms":793.139,"visual_domain":"[P: (0.0, -44.0), S: (2286.307, 1419.0)]","wrap_period_x":2286.30706599092,"wrap_x":true}
WARNING: Loaded resource as image file, this will not work on export: 'res://assets/textures/terrain_materials/organic.png'. Instead, import the image file as an Image resource and load it normally as a resource.
   at: load (core/io/image.cpp:2756)
   GDScript backtrace (most recent call first):
       [0] _build_terrain_material_tex (res://scripts/rendering/map_baker.gd:360)
       [1] get_or_build_shared_terrain_material_tex (res://scripts/rendering/map_baker.gd:343)
       [2] bake_world (res://scripts/rendering/map_baker.gd:1187)
       [3] _yield_generation_frame (res://scripts/rendering/map_baker.gd:1225)
WARNING: Loaded resource as image file, this will not work on export: 'res://assets/textures/terrain_materials/dry_sand.png'. Instead, import the image file as an Image resource and load it normally as a resource.
   at: load (core/io/image.cpp:2756)
   GDScript backtrace (most recent call first):
       [0] _build_terrain_material_tex (res://scripts/rendering/map_baker.gd:360)
       [1] get_or_build_shared_terrain_material_tex (res://scripts/rendering/map_baker.gd:343)
       [2] bake_world (res://scripts/rendering/map_baker.gd:1187)
       [3] _yield_generation_frame (res://scripts/rendering/map_baker.gd:1225)
WARNING: Loaded resource as image file, this will not work on export: 'res://assets/textures/terrain_materials/rock.png'. Instead, import the image file as an Image resource and load it normally as a resource.
   at: load (core/io/image.cpp:2756)
   GDScript backtrace (most recent call first):
       [0] _build_terrain_material_tex (res://scripts/rendering/map_baker.gd:360)
       [1] get_or_build_shared_terrain_material_tex (res://scripts/rendering/map_baker.gd:343)
       [2] bake_world (res://scripts/rendering/map_baker.gd:1187)
       [3] _yield_generation_frame (res://scripts/rendering/map_baker.gd:1225)
WARNING: Loaded resource as image file, this will not work on export: 'res://assets/textures/terrain_materials/snow_wet.png'. Instead, import the image file as an Image resource and load it normally as a resource.
   at: load (core/io/image.cpp:2756)
   GDScript backtrace (most recent call first):
       [0] _build_terrain_material_tex (res://scripts/rendering/map_baker.gd:360)
       [1] get_or_build_shared_terrain_material_tex (res://scripts/rendering/map_baker.gd:343)
       [2] bake_world (res://scripts/rendering/map_baker.gd:1187)
       [3] _yield_generation_frame (res://scripts/rendering/map_baker.gd:1225)
  cell LUT encode: deferred until DCWorldExt bind
  encode: 3586ms
MapBaker v6: total 3760ms
MapGenerator v7: bake 3798ms
MapGenerator: skip _compute_ocean_currents (physical-hex path writes per-cell directly)
MapGenerator: skip _compute_terrain_perturbed_wind (physical-hex solver writes per-cell)
[SUS] sim budget strict=false frame=8.00ms warn=2.00ms slice=0.75ms upload=1.50ms scheduler=DCSystemScheduler native_sus=auto
[DCWorldExt] bind_map_data: 148 components bound (auto-registered=148; snapshot model; see world_ext.cpp comment & charter Â§11)
[DataCore] _data_core_world_ext bound=true (climate co-processor; class=DCWorldExt)
[native_world] configure rc=0 reason=configured cells=2400 wrap_period_x=103.923
[native_generation] path=gdext n=2400 published=9 native_ms=0.093 compute_ms=0.054 flush_ms=0.038
[hex_cell] facade ENABLED (2400 cells bound; ext=true)
[DataCore] _baker climate_profile injected=true (fixes WorldData.config==null sea_ice prepare path)
[phys_solve][oneshot] OK slp=0.80ms wind=0.32ms psi=0.28ms(ran=true) upwelling=0.05ms total=1.90ms
PhysicalCirculation solve@phase=1.50 total=3ms (C++ one-shot run_physical_solve_pass)
  wind/ocean pixel buffers: skipped (ocean_current_visual off)
[physical_init] deferred native refresh complete: 3ms
[cell_lut] deferred encode: 2ms path=gdext
[bio-occupancy] seed landmasses=9 provinces=9 species=20 secondary_hearths=4
[bio-occupancy]   bio.maize envelope=90 hearth=21 seeded_landmasses=1 primary_landmass=3 primary_envelope=37 occupied=21 occupied/envelope=0.57
[bio-occupancy]   bio.wheat envelope=207 hearth=70 seeded_landmasses=1 primary_landmass=6 primary_envelope=123 occupied=70 occupied/envelope=0.57
[bio-occupancy]   bio.rice envelope=76 hearth=17 seeded_landmasses=2 primary_landmass=6 primary_envelope=36 occupied=17 occupied/envelope=0.47
[bio-occupancy]   bio.potato envelope=131 hearth=34 seeded_landmasses=2 primary_landmass=3 primary_envelope=45 occupied=34 occupied/envelope=0.76
[bio-occupancy]   bio.horse envelope=215 hearth=66 seeded_landmasses=1 primary_landmass=6 primary_envelope=129 occupied=66 occupied/envelope=0.51
[bio-occupancy]   bio.cotton envelope=169 hearth=55 seeded_landmasses=1 primary_landmass=6 primary_envelope=100 occupied=55 occupied/envelope=0.55
[bio-occupancy]   bio.flax envelope=195 hearth=62 seeded_landmasses=1 primary_landmass=6 primary_envelope=114 occupied=62 occupied/envelope=0.54
[bio-occupancy]   bio.spice envelope=121 hearth=17 seeded_landmasses=1 primary_landmass=6 primary_envelope=67 occupied=17 occupied/envelope=0.25
[bio-occupancy]   bio.rubber envelope=85 hearth=18 seeded_landmasses=1 primary_landmass=3 primary_envelope=37 occupied=18 occupied/envelope=0.49
[bio-occupancy]   bio.sheep envelope=36 hearth=1 seeded_landmasses=1 primary_landmass=6 primary_envelope=22 occupied=1 occupied/envelope=0.05
[bio-occupancy]   bio.goat envelope=390 hearth=52 seeded_landmasses=2 primary_landmass=6 primary_envelope=236 occupied=52 occupied/envelope=0.22
[bio-occupancy]   bio.cattle envelope=25 hearth=6 seeded_landmasses=1 primary_landmass=3 primary_envelope=12 occupied=6 occupied/envelope=0.50
[bio-occupancy]   bio.pig envelope=298 hearth=108 seeded_landmasses=2 primary_landmass=6 primary_envelope=181 occupied=108 occupied/envelope=0.60
[bio-occupancy]   bio.camel envelope=74 hearth=15 seeded_landmasses=1 primary_landmass=6 primary_envelope=45 occupied=15 occupied/envelope=0.33
[bio-occupancy]   bio.yak envelope=96 hearth=27 seeded_landmasses=1 primary_landmass=6 primary_envelope=53 occupied=27 occupied/envelope=0.51
[bio-occupancy]   bio.silkworm envelope=158 hearth=41 seeded_landmasses=1 primary_landmass=6 primary_envelope=92 occupied=41 occupied/envelope=0.45
[bio-occupancy]   bio.reed envelope=154 hearth=24 seeded_landmasses=2 primary_landmass=6 primary_envelope=80 occupied=24 occupied/envelope=0.30
[bio-occupancy]   bio.bast_fiber envelope=247 hearth=47 seeded_landmasses=1 primary_landmass=6 primary_envelope=149 occupied=47 occupied/envelope=0.32
[bio-occupancy]   bio.dye_plant envelope=171 hearth=35 seeded_landmasses=1 primary_landmass=3 primary_envelope=69 occupied=35 occupied/envelope=0.51
[bio-occupancy]   bio.medicinal_herb envelope=348 hearth=82 seeded_landmasses=2 primary_landmass=6 primary_envelope=207 occupied=82 occupied/envelope=0.40
[bio-occupancy]   landmass 1 classes=none foods=none
[bio-occupancy]   landmass 2 classes=none foods=none
[bio-occupancy]   landmass 3 classes=dry_grazer, fiber_forest, highland_food, forest_grazer, fiber_wet, wetland_food, fiber_open, open_food, open_grazer, tropical foods=potato, rice, maize
[bio-occupancy]   landmass 4 classes=none foods=none
[bio-occupancy]   landmass 5 classes=none foods=none
[bio-occupancy]   landmass 6 classes=forest_grazer, fiber_forest, fiber_wet, fiber_open, dry_grazer, tropical, wetland_food, open_grazer, open_food, highland_food, cold_grazer foods=rice, wheat, potato
[bio-occupancy]   landmass 7 classes=none foods=none
[bio-occupancy]   landmass 8 classes=none foods=none
[bio-occupancy]   landmass 9 classes=none foods=none
[weather] gdext acceleration ON (class=DCWorldExt)
[weather] gdext field commit ON
[weather] gdext distribute ON
[weather] gdext summary ON
[weather] hexcell facade ON (skip AoS double-write in hot loop)
[weather] gdext resident knobs ON (class=KnobsHandle)
[economy] ACTIVE native graph cells=2400 goods=134 cohorts=24 epoch_days=1 trade=ACTIVE topology_ready=true topology_generation=1 bootstrap=starter_settlement_bootstrap_v9 founder_families=6 founder_people=6
[country] ACTIVE native authority countries=6 cells=2400 generation=1
[weather/knobs] resident KnobsHandle path ACTIVE — first to_*_knobs_dict hit (field_rebuild_count=1 expected ≤1; stable Hz target ≤1 Hz)
[native_daily] ACTIVE: registered native_daily_sim + natural_resource_daily + bio_occupancy_daily; retained season_refresh + ocean_currents boundary jobs
[DCSystemScheduler] topology: ["season_refresh", "trigger_runtime", "ideology_runtime", "effect_runtime", "modifier_daily", "gameplay_effect", "natural_resource_daily", "bio_occupancy_daily", "enum_atlas_upload", "ocean_currents", "native_daily_sim", "dynamic_visual_atlas_upload", "country_daily", "economy_daily"]
[hex_renderer/variant] tiled=true quality= web_texture_budget=false shader=res://shaders/world_map.gdshader
[visual-tiles/horizon] compute start generation=1 layers=12
[hex-renderer] set_weather_fronts(n=0) layer=WeatherLayer
[building-visual] intel_refresh requested=31 changed=1 known=1 catalog=400 resident=0 body=0 queued=1 zoom=1.000
[vision] fog=ON player_slot=0 early_out=OFF visible=31 explored=31/2400 solve_ms=0.086 border_edges=36
[DIAG pass_a_entry] day=0 phase=0.001 gdext_pass_a=true use_data_core_climate=true use_soa_pipeline=true use_sparse_climate=true ext_bound=true
[DIAG pass_a_cpp] day=0 rc=0.0000 cpp_taken_over=true dirty_count_after_cpp=2400
[climate_b/F.3] precondition probe (one-time):
  active ClimateProfile = <in-memory ClimateProfile>
  cp.use_gdext_climate_pass_b = true (flag removed; constant true)
  cp.use_sparse_climate = true（C++ 会跑 full path 等价结果，不阻止）
  _data_core_world_ext != null = true
  ext.has_method('run_climate_pass_b') = true
  fast_indexed = true (need n_cells*6=14400, got nb_size=14400)
  rs_lookback = 3, t_freeze = 0.0800, coupling_gain = 1.5000
  verdict = OK → will try C++
[gdext sig] run_climate_pass_b match[0]: args.size()=1 names=[knobs] flags=1 id=15361
[gdext sig] run_climate_pass_b: probe PASS (found match with 1 args)
[climate_b/F.3] sig probe result = true（仅作诊断）
[climate_b/F.3] DEBUG call#1: path=simd rc=0.0825 n_cells=2400 rs_lookback=3
[climate_b/F.3] gdext path ACTIVE (dispatch=simd) — first run elapsed=0.08ms (legacy GDScript baseline ≈ 5.2ms; charter §7 target < 0.5ms)
[ocean_water/F.2a] precondition probe (one-time):
  active ClimateProfile = <in-memory>
  cp.use_gdext_ocean_water = true (flag removed; constant true)
  _data_core_world_ext != null = true
  ext.has_method('run_ocean_water_pass') = true
  fast_indexed = true (n=2400 nb=14400)
  advect_steps=3 heat_mix=0.5500
  verdict = OK → will try C++
[gdext sig] run_ocean_water_pass match[0]: args.size()=1 names=[knobs] flags=1 id=15352
[gdext sig] run_ocean_water_pass: probe PASS (found match with 1 args)
[ocean_water/F.2a] sig probe result = true（仅作诊断）
[ocean_water/F.2a] DEBUG call#1: path=scalar rc=0.1779 n=2400 advect=3
[ocean_water/F.2a] gdext path ACTIVE — first run elapsed=0.18ms (legacy GDScript baseline ≈ 3.4ms; charter §7 target < 0.5ms)
[ocean_land/F.2b] precondition probe (one-time):
  active ClimateProfile = <in-memory>
  cp.use_gdext_ocean_land = true (flag removed; constant true)
  _data_core_world_ext != null = true
  ext.has_method('run_ocean_land_pass') = true
  fast_indexed = true (n=2400 nb=14400)
  effective_leak=0.5500 (coast_leak=0.5500 winter_boost=1.0000)
  verdict = OK → will try C++
[gdext sig] run_ocean_land_pass match[0]: args.size()=1 names=[knobs] flags=1 id=15353
[gdext sig] run_ocean_land_pass: probe PASS (found match with 1 args)
[ocean_land/F.2b] sig probe result = true（仅作诊断）
[ocean_land/F.2b] DEBUG call#1: path=scalar rc=0.0248 n=2400 effective_leak=0.5500
[ocean_land/F.2b] gdext path ACTIVE — first run elapsed=0.02ms (legacy GDScript baseline ≈ 3.4ms; charter §7 target < 0.5ms)
[sea_ice/F.4] precondition probe (one-time):
  active ClimateProfile = <in-memory ClimateProfile>
  cp.use_gdext_sea_ice = true (flag removed; constant true)
  _data_core_world_ext != null = true
  ext.has_method('run_sea_ice_daily_pass') = true
  fast_indexed = true (need n_cells*6=14400, got neighbor_indices.size()=14400)
  verdict = OK → will try C++
[gdext sig] run_sea_ice_daily_pass match[0]: args.size()=2 names=[knobs, season_phase] flags=1 id=15364
[gdext sig] run_sea_ice_daily_pass: probe PASS (found match with 2 args)
[sea_ice/F.4] sig probe result = true（仅作诊断，不阻止下方 C++ 调用）
[sea_ice/F.4] DEBUG call#1: path=scalar rc=0.0789 n_cells=2400 enable_oht=true
[sea_ice/F.4] gdext path ACTIVE (dispatch=scalar) — first run elapsed=0.08ms (legacy GDScript baseline ≈ 5.1ms; charter §7 target < 0.5ms)
_apply_sea_ice_daily_pass[F.4]: 0.08ms (water=1536, flipped=0, phase=0.001)
[sea_ice/DIAG] thr_eff t_form=0.080 t_melt=0.130 flip_thr=0.720 | temp all min=0.000 max=0.973 avg=0.506 | water n=1536 t_min_w=0.000 below_form=332 (21.6%) | SIF pos=327 max=0.399 avg_w=0.0534 near_thr=118 | climate_anom=0.000
[transp/F.5] precondition probe (one-time):
  active ClimateProfile = <in-memory ClimateProfile>
  cp.use_gdext_transpiration = true (flag removed; constant true)
  _data_core_world_ext != null = true
  ext.has_method('run_transpiration_pass') = true
  fast_indexed = true (need n_cells*6=14400, got neighbor_indices.size()=14400)
  verdict = OK → will try C++
[gdext sig] run_transpiration_pass match[0]: args.size()=1 names=[knobs] flags=1 id=15366
[gdext sig] run_transpiration_pass: probe PASS (found match with 1 args)
[transp/F.5] sig probe result = true（仅作诊断，不阻止下方 C++ 调用）
[transp/F.5] DEBUG call#1: rc=0.0390 donor_table.size()=28 n_cells=2400 outflow=0.0250 self=0.0150
[transp/F.5] gdext path ACTIVE — first run elapsed=0.04ms (legacy GDScript baseline ≈ 3.2ms; charter §7 target < 0.3ms)
refresh_climate_daily #1: 116ms (cells=2400, phase=0.001) | A=1.9 B=3.6 ocean=5.8 wind=98.3 sea_ice=4.5 ice_bake=0.0 transp=2.5 path=data_core_cells_only
WARNING: [runtime-climate-round] no ClimateDailySystem; SHADOW capture carries no shared pass input
   at: push_warning (core/variant/variant_utility.cpp:1034)
   GDScript backtrace (most recent call first):
       [0] _build_runtime_climate_round_input (res://scripts/geography/map_generator.gd:4627)
       [1] capture_runtime_inputs_for_worker (res://scripts/geography/map_generator.gd:2351)
       [2] generate_world (res://scripts/game/world_runtime_host.gd:595)
       [3] generate (res://scripts/geography/map_generator.gd:1606)
       [4] _yield_generation_frame (res://scripts/geography/map_generator.gd:19841)
WARNING: [runtime-worker] Ideology opinion publish deferred: ideology_opinion_snapshot_invalid
   at: push_warning (core/variant/variant_utility.cpp:1034)
   GDScript backtrace (most recent call first):
       [0] _start_production_shadow_worker (res://scripts/game/world_runtime_host.gd:686)
       [1] generate_world (res://scripts/game/world_runtime_host.gd:604)
       [2] generate (res://scripts/geography/map_generator.gd:1606)
       [3] _yield_generation_frame (res://scripts/geography/map_generator.gd:19841)
[runtime-worker] production ACTIVE started mask=4095 auto_pod=false
[building-visual] native_probe chunk=4 ok=true instances=5 body=5 nodes=3
[weather-layer][lut] #1 update_usec=20977251 last_usec=20977251 lerp=0.000 prev_tex=true curr_tex=true dims=(2048, 2) visible=true
[weather-layer][lut] #2 update_usec=20977251 last_usec=20977251 lerp=0.813 prev_tex=true curr_tex=true dims=(2048, 2) visible=true
[weather-layer][lut] #3 update_usec=20977251 last_usec=20977251 lerp=0.826 prev_tex=true curr_tex=true dims=(2048, 2) visible=true
[hex-renderer] set_weather_fronts(n=0) layer=WeatherLayer
[visual-tiles/horizon] published {"command_record_ms":0.056,"compile_ms":173.38,"conservative_tail_ratio":0.0,"conservative_tail_rays":0,"gi_occluder_ok":true,"global_fallback_rays":0,"gpu_wait_ms":47.926,"hash":46022653,"height_pyramid_bytes":9159292,"height_world_scale":352.0,"max_horizon_angle":1.309,"mip_levels":12,"non_converged_rays":0,"occluder_hash":599907101,"occluder_output_bytes":7015680,"occluder_sentinel_ratio":0.00782874931581828,"occluder_sentinel_texels":13731,"ok":true,"path":"gpu_compute_hierarchical","physical_output_bytes":7015680,"readback_ms":5.641,"resource_setup_ms":148.087,"sea_level":0.5,"submit_ms":1.816,"total_ms":588.62,"total_rays":14031360,"upload_ms":2.984}
[weather-layer][lut] #4 update_usec=20977251 last_usec=20977251 lerp=1.000 prev_tex=true curr_tex=true dims=(2048, 2) visible=true
[weather-layer][lut] #5 update_usec=20977251 last_usec=20977251 lerp=1.000 prev_tex=true curr_tex=true dims=(2048, 2) visible=true
[weather-layer][lut] #6 update_usec=20977251 last_usec=20977251 lerp=1.000 prev_tex=true curr_tex=true dims=(2048, 2) visible=true
[weather-layer][lut] #7 update_usec=20977251 last_usec=20977251 lerp=1.000 prev_tex=true curr_tex=true dims=(2048, 2) visible=true
[weather-layer][lut] #8 update_usec=20977251 last_usec=20977251 lerp=1.000 prev_tex=true curr_tex=true dims=(2048, 2) visible=true
[weather-layer][lut] #9 update_usec=20977251 last_usec=20977251 lerp=1.000 prev_tex=true curr_tex=true dims=(2048, 2) visible=true
[weather-layer][lut] #10 update_usec=20977251 last_usec=20977251 lerp=1.000 prev_tex=true curr_tex=true dims=(2048, 2) visible=true
[weather-layer][lut] #11 update_usec=20977251 last_usec=20977251 lerp=1.000 prev_tex=true curr_tex=true dims=(2048, 2) visible=true
[weather-layer][lut] #12 update_usec=20977251 last_usec=20977251 lerp=1.000 prev_tex=true curr_tex=true dims=(2048, 2) visible=true
[clock/step] delta=3.3ms speed=1x target=0.00d cap=8.00d/f cost=0.00ms ran=0 pulse=0.00ms loop=0.00ms full=0.19ms carry=0.84 barrier=
[DCSystemScheduler][RT] ocean_skip#1 tick=1 reason=policy_gated slices=0 elapsed=0.000 progress=0.000 source=day_changed
[clock/step] delta=2.7ms speed=1x target=0.00d cap=0.67d/f cost=11.90ms ran=0 pulse=0.00ms loop=0.00ms full=0.18ms carry=0.21 barrier=
[clock/step] delta=2.8ms speed=1x target=0.00d cap=0.67d/f cost=11.90ms ran=0 pulse=0.00ms loop=0.00ms full=0.21ms carry=0.52 barrier=
[clock/step] delta=3.0ms speed=1x target=0.00d cap=0.67d/f cost=11.90ms ran=0 pulse=0.00ms loop=0.00ms full=0.33ms carry=0.88 barrier=
[climate][publish] day=0 round_ran=1 prod_stage=0xff scalar_mask=0x7f alb=0 veg=0 fb=0 weather=0 sr=0 ok=1
[DCSystemScheduler][RT] ocean_skip#2 tick=2 reason=policy_gated slices=0 elapsed=0.000 progress=0.000 source=day_changed
WARNING: [runtime-worker] FAULTED - world_clock.pause(true); last committed diagnostics retained
   at: push_warning (core/variant/variant_utility.cpp:1034)
   GDScript backtrace (most recent call first):
       [0] _observe_runtime_worker_fault (res://scripts/game/world_runtime_host.gd:893)
       [1] _consume_runtime_commit_if_ready (res://scripts/game/world_runtime_host.gd:1215)
       [2] _process (res://scripts/game/world_runtime_host.gd:849)
[weather-layer][lut] #13 update_usec=20977251 last_usec=20977251 lerp=1.000 prev_tex=true curr_tex=true dims=(2048, 2) visible=true
[weather-layer][lut] #14 update_usec=20977251 last_usec=20977251 lerp=1.000 prev_tex=true curr_tex=true dims=(2048, 2) visible=true
[weather-layer][lut] #15 update_usec=20977251 last_usec=20977251 lerp=1.000 prev_tex=true curr_tex=true dims=(2048, 2) visible=true
[weather-layer][lut] #16 update_usec=20977251 last_usec=20977251 lerp=1.000 prev_tex=true curr_tex=true dims=(2048, 2) visible=true
[weather-layer][lut] #17 update_usec=20977251 last_usec=20977251 lerp=1.000 prev_tex=true curr_tex=true dims=(2048, 2) visible=true
[weather-layer][lut] #18 update_usec=20977251 last_usec=20977251 lerp=1.000 prev_tex=true curr_tex=true dims=(2048, 2) visible=true
[weather-layer][lut] #19 update_usec=20977251 last_usec=20977251 lerp=1.000 prev_tex=true curr_tex=true dims=(2048, 2) visible=true
[weather-layer][lut] #20 update_usec=20977251 last_usec=20977251 lerp=1.000 prev_tex=true curr_tex=true dims=(2048, 2) visible=true
[weather-layer][lut] #21 update_usec=20977251 last_usec=20977251 lerp=1.000 prev_tex=true curr_tex=true dims=(2048, 2) visible=true
[weather-layer][lut] #22 update_usec=20977251 last_usec=20977251 lerp=1.000 prev_tex=true curr_tex=true dims=(2048, 2) visible=true
[DCSystemScheduler][RT] ocean_skip#3 tick=3 reason=policy_gated slices=0 elapsed=0.000 progress=0.000 source=day_changed
[sim/barrier] day=3 pulse=1 economy_inflight=false hard_ack=effect extra=
[climate][publish] day=1 round_ran=1 prod_stage=0xff scalar_mask=0x7f alb=0 veg=0 fb=0 weather=0 sr=0 ok=0
[phys_solve][RT] start#1 phase=0.0402 pending=nan solve_ocean=true ext=true idx=true soa=true
[slp_field] path-decision call#1: prof=true pflag_attr=true pflag_val=true ext=true method=true idx=true -> cpp_gate=true
[slp_field] commit-diag call#1: rc=0.062 slp_out=2400 n_cells=2400 map_slp=2400 slice=0:300 final=false published=false slot=19/2400 reason=intermediate_slice
[slp_field][RT-DIAG] call#1 phase=0.0402 rc=0.062 slp_out=2400 n=2400 slice=0:300 final=false published=false slot=19/2400 slot_reason=intermediate_slice -> intermediate_slice
[climate][publish] day=1 round_ran=0 prod_stage=0x0 scalar_mask=0x0 alb=0 veg=0 fb=0 weather=0 sr=0 ok=0
[climate][publish] day=1 round_ran=0 prod_stage=0x0 scalar_mask=0x0 alb=0 veg=0 fb=0 weather=0 sr=0 ok=0
[natural_resource/slow-dump] tick=5 day=5 wall=2.11 cpp=0.174 compute=0.150 loop=0.010 flush=0.067 wrapper=1.699 layout=cell_indices dispatches=0 resources=14/31 skipped_static=17 published=true total_delta=2028444.32264
[DCSystemScheduler][RT] ocean_skip#4 tick=5 reason=policy_gated slices=0 elapsed=0.000 progress=0.000 source=day_changed
[climate][publish] day=1 round_ran=1 prod_stage=0x1fff scalar_mask=0x7f alb=1 veg=1 fb=1 weather=1 sr=0 ok=0
[climate][publish] day=1 round_ran=0 prod_stage=0x0 scalar_mask=0x0 alb=0 veg=0 fb=0 weather=0 sr=0 ok=0
[hex-renderer] set_weather_fronts(n=0) layer=WeatherLayer
[climate][publish] day=1 round_ran=0 prod_stage=0x0 scalar_mask=0x0 alb=0 veg=0 fb=0 weather=0 sr=0 ok=0
[DCSystemScheduler][RT] ocean_skip#5 tick=7 reason=policy_gated slices=0 elapsed=0.000 progress=0.000 source=day_changed
[climate][publish] day=1 round_ran=1 prod_stage=0xff scalar_mask=0x7f alb=0 veg=0 fb=0 weather=0 sr=0 ok=0
[slp_field] path-decision call#2: prof=true pflag_attr=true pflag_val=true ext=true method=true idx=true -> cpp_gate=true
[slp_field] commit-diag call#2: rc=0.062 slp_out=2400 n_cells=2400 map_slp=2400 slice=300:600 final=false published=false slot=19/2400 reason=intermediate_slice
[slp_field][RT-DIAG] call#2 phase=0.0402 rc=0.062 slp_out=2400 n=2400 slice=300:600 final=false published=false slot=19/2400 slot_reason=intermediate_slice -> intermediate_slice
[climate][publish] day=1 round_ran=0 prod_stage=0x0 scalar_mask=0x0 alb=0 veg=0 fb=0 weather=0 sr=0 ok=0
[climate][publish] day=1 round_ran=0 prod_stage=0x0 scalar_mask=0x0 alb=0 veg=0 fb=0 weather=0 sr=0 ok=0
[DCSystemScheduler][RT] ocean_skip#6 tick=9 reason=policy_gated slices=0 elapsed=0.000 progress=0.000 source=day_changed
[climate][publish] day=1 round_ran=1 prod_stage=0xff scalar_mask=0x7f alb=0 veg=0 fb=0 weather=0 sr=0 ok=0
[DCSystemScheduler][RT] ocean_skip#7 tick=10 reason=policy_gated slices=0 elapsed=0.000 progress=0.000 source=day_changed
[climate][publish] day=1 round_ran=0 prod_stage=0x0 scalar_mask=0x0 alb=0 veg=0 fb=0 weather=0 sr=0 ok=0
[clock/step] delta=13.3ms speed=50x target=0.67d cap=0.35d/f cost=22.80ms ran=0 pulse=10.10ms loop=0.00ms full=10.63ms carry=0.09 barrier=country_day_barrier,economy_day_barrier
[climate][publish] day=1 round_ran=0 prod_stage=0x0 scalar_mask=0x0 alb=0 veg=0 fb=0 weather=0 sr=0 ok=0
[DCSystemScheduler][RT] ocean_skip#8 tick=11 reason=policy_gated slices=0 elapsed=0.000 progress=0.000 source=day_changed
[weather-layer][lut] #23 update_usec=55417430 last_usec=55417430 lerp=1.000 prev_tex=true curr_tex=true dims=(2048, 2) visible=true
[climate][publish] day=1 round_ran=1 prod_stage=0xff scalar_mask=0x7f alb=0 veg=0 fb=0 weather=0 sr=0 ok=0
[slp_field] path-decision call#3: prof=true pflag_attr=true pflag_val=true ext=true method=true idx=true -> cpp_gate=true
[slp_field] commit-diag call#3: rc=0.061 slp_out=2400 n_cells=2400 map_slp=2400 slice=600:900 final=false published=false slot=19/2400 reason=intermediate_slice
[slp_field][RT-DIAG] call#3 phase=0.0402 rc=0.061 slp_out=2400 n=2400 slice=600:900 final=false published=false slot=19/2400 slot_reason=intermediate_slice -> intermediate_slice
[climate][publish] day=1 round_ran=0 prod_stage=0x0 scalar_mask=0x0 alb=0 veg=0 fb=0 weather=0 sr=0 ok=0
[climate][publish] day=1 round_ran=0 prod_stage=0x0 scalar_mask=0x0 alb=0 veg=0 fb=0 weather=0 sr=0 ok=0
[DCSystemScheduler][RT] ocean_skip#9 tick=13 reason=policy_gated slices=0 elapsed=0.000 progress=0.000 source=day_changed
[climate][publish] day=1 round_ran=1 prod_stage=0x18ff scalar_mask=0x7f alb=0 veg=0 fb=0 weather=1 sr=0 ok=0
[DCSystemScheduler][RT] ocean_skip#10 tick=14 reason=policy_gated slices=0 elapsed=0.000 progress=0.000 source=day_changed
[climate][publish] day=1 round_ran=0 prod_stage=0x0 scalar_mask=0x0 alb=0 veg=0 fb=0 weather=0 sr=0 ok=0
[hex-renderer] set_weather_fronts(n=12) layer=WeatherLayer
[climate][publish] day=1 round_ran=0 prod_stage=0x0 scalar_mask=0x0 alb=0 veg=0 fb=0 weather=0 sr=0 ok=0
[DCSystemScheduler][RT] ocean_skip#11 tick=15 reason=policy_gated slices=0 elapsed=0.000 progress=0.000 source=day_changed
[climate][publish] day=1 round_ran=1 prod_stage=0xff scalar_mask=0x7f alb=0 veg=0 fb=0 weather=0 sr=0 ok=0
[slp_field][RT-DIAG] call#4 phase=0.0402 rc=0.063 slp_out=2400 n=2400 slice=900:1200 final=false published=false slot=19/2400 slot_reason=intermediate_slice -> intermediate_slice
[climate][publish] day=1 round_ran=0 prod_stage=0x0 scalar_mask=0x0 alb=0 veg=0 fb=0 weather=0 sr=0 ok=0
[climate][publish] day=1 round_ran=0 prod_stage=0x0 scalar_mask=0x0 alb=0 veg=0 fb=0 weather=0 sr=0 ok=0
[DCSystemScheduler][RT] ocean_skip#12 tick=17 reason=policy_gated slices=0 elapsed=0.000 progress=0.000 source=day_changed
[clock/step] delta=19.7ms speed=50x target=0.98d cap=0.37d/f cost=21.71ms ran=0 pulse=9.44ms loop=0.00ms full=9.96ms carry=0.03 barrier=country_day_barrier,economy_day_barrier
[climate][publish] day=1 round_ran=1 prod_stage=0xff scalar_mask=0x7f alb=0 veg=0 fb=0 weather=0 sr=0 ok=0
[climate][publish] day=1 round_ran=0 prod_stage=0x0 scalar_mask=0x0 alb=0 veg=0 fb=0 weather=0 sr=0 ok=0
[climate][publish] day=1 round_ran=0 prod_stage=0x0 scalar_mask=0x0 alb=0 veg=0 fb=0 weather=0 sr=0 ok=0
[DCSystemScheduler][RT] ocean_skip#13 tick=19 reason=policy_gated slices=0 elapsed=0.000 progress=0.000 source=day_changed
[weather-layer][lut] #24 update_usec=57246573 last_usec=57246573 lerp=1.000 prev_tex=true curr_tex=true dims=(2048, 2) visible=true
[climate][publish] day=1 round_ran=1 prod_stage=0xff scalar_mask=0x7f alb=0 veg=0 fb=0 weather=0 sr=0 ok=0
[slp_field][RT-DIAG] call#5 phase=0.0402 rc=0.066 slp_out=2400 n=2400 slice=1200:1500 final=false published=false slot=19/2400 slot_reason=intermediate_slice -> intermediate_slice
[climate][publish] day=1 round_ran=0 prod_stage=0x0 scalar_mask=0x0 alb=0 veg=0 fb=0 weather=0 sr=0 ok=0
[climate][publish] day=1 round_ran=0 prod_stage=0x0 scalar_mask=0x0 alb=0 veg=0 fb=0 weather=0 sr=0 ok=0
[DCSystemScheduler][RT] ocean_skip#14 tick=21 reason=policy_gated slices=0 elapsed=0.000 progress=0.000 source=day_changed
[climate][publish] day=1 round_ran=1 prod_stage=0x18ff scalar_mask=0x7f alb=0 veg=0 fb=0 weather=1 sr=0 ok=0
[DCSystemScheduler][RT] ocean_skip#15 tick=22 reason=policy_gated slices=0 elapsed=0.000 progress=0.000 source=day_changed
[climate][publish] day=1 round_ran=0 prod_stage=0x0 scalar_mask=0x0 alb=0 veg=0 fb=0 weather=0 sr=0 ok=0
[climate][publish] day=1 round_ran=0 prod_stage=0x0 scalar_mask=0x0 alb=0 veg=0 fb=0 weather=0 sr=0 ok=0
[DCSystemScheduler][RT] ocean_skip#16 tick=23 reason=policy_gated slices=0 elapsed=0.000 progress=0.000 source=day_changed
[climate][publish] day=1 round_ran=1 prod_stage=0xff scalar_mask=0x7f alb=0 veg=0 fb=0 weather=0 sr=0 ok=0
[climate][publish] day=1 round_ran=0 prod_stage=0x0 scalar_mask=0x0 alb=0 veg=0 fb=0 weather=0 sr=0 ok=0
[clock/step] delta=13.6ms speed=50x target=0.68d cap=0.31d/f cost=25.49ms ran=0 pulse=8.91ms loop=0.00ms full=9.31ms carry=0.16 barrier=country_day_barrier,economy_day_barrier
[climate][publish] day=1 round_ran=0 prod_stage=0x0 scalar_mask=0x0 alb=0 veg=0 fb=0 weather=0 sr=0 ok=0
[DCSystemScheduler][RT] ocean_skip#17 tick=25 reason=policy_gated slices=0 elapsed=0.000 progress=0.000 source=day_changed
[DCSystemScheduler][RT] ocean_skip#18 tick=26 reason=policy_gated slices=0 elapsed=0.000 progress=0.000 source=day_changed
[DCSystemScheduler][RT] ocean_skip#19 tick=27 reason=policy_gated slices=0 elapsed=0.000 progress=0.000 source=day_changed
[weather-layer][lut] #25 update_usec=59160727 last_usec=59160727 lerp=1.000 prev_tex=true curr_tex=true dims=(2048, 2) visible=true
[DCSystemScheduler][RT] ocean_skip#20 tick=29 reason=policy_gated slices=0 elapsed=0.000 progress=0.000 source=day_changed
[season_refresh] b_plus_start path=gdext handle=1 season=0 n_cells=2400
[season_refresh] b_plus_finish path=gdext native_ms=0.443 slices=1 stages_done=12
[DCSystemScheduler][RT] ocean_skip#21 tick=31 reason=policy_gated slices=0 elapsed=0.000 progress=0.000 source=day_changed
[slp_field] gdext path ACTIVE — first run elapsed=0.23ms (legacy GDScript baseline ~36ms; target < 3ms)
[clock/step] delta=41.7ms speed=50x target=2.08d cap=0.20d/f cost=39.24ms ran=0 pulse=10.15ms loop=0.00ms full=10.56ms carry=0.21 barrier=country_day_barrier,economy_day_barrier
[DCSystemScheduler][RT] ocean_skip#22 tick=33 reason=policy_gated slices=0 elapsed=0.000 progress=0.000 source=day_changed
[DCSystemScheduler][RT] ocean_skip#23 tick=34 reason=policy_gated slices=0 elapsed=0.000 progress=0.000 source=day_changed
[DCSystemScheduler][RT] ocean_skip#24 tick=35 reason=policy_gated slices=0 elapsed=0.000 progress=0.000 source=day_changed
[weather-layer][lut] #26 update_usec=61004999 last_usec=61004999 lerp=1.000 prev_tex=true curr_tex=true dims=(2048, 2) visible=true
[DCSystemScheduler][RT] ocean_skip#25 tick=37 reason=policy_gated slices=0 elapsed=0.000 progress=0.000 source=day_changed
[DCSystemScheduler][RT] ocean_skip#26 tick=38 reason=policy_gated slices=0 elapsed=0.000 progress=0.000 source=day_changed
[clock/step] delta=15.0ms speed=50x target=0.75d cap=0.27d/f cost=29.30ms ran=0 pulse=9.97ms loop=0.00ms full=10.33ms carry=0.18 barrier=country_day_barrier,economy_day_barrier
[DCSystemScheduler][RT] ocean_skip#27 tick=39 reason=policy_gated slices=0 elapsed=0.000 progress=0.000 source=day_changed
[psi_solver] path-decision call#1: prof=true pflag_attr=true pflag_val=true ext=true method=true idx=true heat=true -> cpp_gate=true
[psi_solver] gdext path ACTIVE — first run elapsed=0.25ms (legacy GDScript stage3+4+5 baseline ~32+ms; target < 5ms)
[psi_solver] commit-diag call#1: rc=0.250 n_water=1184 n_cells=2400 published=true
[DCSystemScheduler][RT] ocean_skip#28 tick=41 reason=policy_gated slices=0 elapsed=0.000 progress=0.000 source=day_changed
[DCSystemScheduler][RT] ocean_skip#29 tick=43 reason=policy_gated slices=0 elapsed=0.000 progress=0.000 source=day_changed
[upwelling/DIAG#1] gate: prof=true pflag_attr=true pflag_val=true ext=true method=true wind_cpp=true idx=true -> cpp_gate=true
[upwelling/DIAG#1] cpp-call: ret_type=27 fallback=false reason='' elapsed_native_ms=0.005
[upwelling/DIAG#1] BREAKDOWN: T1_nb_pack=0.00ms T2_knobs=0.01ms T3_refresh_slots=0.13ms T4_cpp_call=0.01ms (n=2400)
[weather-layer][lut] #27 update_usec=62949226 last_usec=62949226 lerp=1.000 prev_tex=true curr_tex=true dims=(2048, 2) visible=true
[DCSystemScheduler][RT] ocean_skip#30 tick=45 reason=policy_gated slices=0 elapsed=0.000 progress=0.000 source=day_changed
[clock/step] delta=14.6ms speed=50x target=0.73d cap=0.31d/f cost=26.00ms ran=0 pulse=8.80ms loop=0.00ms full=9.38ms carry=0.14 barrier=country_day_barrier,economy_day_barrier
[DCSystemScheduler][RT] ocean_skip#31 tick=46 reason=policy_gated slices=0 elapsed=0.000 progress=0.000 source=day_changed
[DCSystemScheduler][RT] ocean_skip#32 tick=47 reason=policy_gated slices=0 elapsed=0.000 progress=0.000 source=day_changed
[season_refresh] x2 slots: refresh=1 skip=0 (期望 refresh=1 skip=11 全 gdext 路径)
[DCSystemScheduler][RT] ocean_skip#33 tick=49 reason=policy_gated slices=0 elapsed=0.000 progress=0.000 source=day_changed
[DCSystemScheduler][RT] ocean_skip#34 tick=50 reason=policy_gated slices=0 elapsed=0.000 progress=0.000 source=day_changed
[weather-layer][lut] #28 update_usec=65134178 last_usec=65134178 lerp=1.000 prev_tex=true curr_tex=true dims=(2048, 2) visible=true
[DCSystemScheduler][RT] ocean_skip#35 tick=51 reason=policy_gated slices=0 elapsed=0.000 progress=0.000 source=day_changed
[clock/step] delta=16.7ms speed=50x target=0.83d cap=0.30d/f cost=26.73ms ran=0 pulse=10.28ms loop=0.00ms full=10.66ms carry=0.00 barrier=country_day_barrier,economy_day_barrier
[DCSystemScheduler][RT] ocean_skip#36 tick=53 reason=policy_gated slices=0 elapsed=0.000 progress=0.000 source=day_changed
[perf-record] start (start_tick=53 mode=CORE detail_period=30)
[DCSystemScheduler][RT] ocean_skip#37 tick=55 reason=policy_gated slices=0 elapsed=0.000 progress=0.000 source=day_changed
[DCSystemScheduler][RT] ocean_skip#38 tick=57 reason=policy_gated slices=0 elapsed=0.000 progress=0.000 source=day_changed
[DCSystemScheduler][RT] ocean_skip#39 tick=58 reason=policy_gated slices=0 elapsed=0.000 progress=0.000 source=day_changed
[weather-layer][lut] #29 update_usec=67578800 last_usec=67578800 lerp=0.685 prev_tex=true curr_tex=true dims=(2048, 2) visible=true
[DCSystemScheduler][RT] ocean_skip#40 tick=59 reason=policy_gated slices=0 elapsed=0.000 progress=0.000 source=day_changed
[clock/step] delta=13.6ms speed=50x target=0.68d cap=0.34d/f cost=23.69ms ran=0 pulse=9.22ms loop=0.00ms full=9.63ms carry=0.05 barrier=country_day_barrier,economy_day_barrier
[DCSystemScheduler][RT] ocean_skip#41 tick=61 reason=policy_gated slices=0 elapsed=0.000 progress=0.000 source=day_changed
[DCSystemScheduler][RT] ocean_skip#42 tick=62 reason=policy_gated slices=0 elapsed=0.000 progress=0.000 source=day_changed
[DCSystemScheduler][RT] ocean_skip#43 tick=63 reason=policy_gated slices=0 elapsed=0.000 progress=0.000 source=day_changed
[DCSystemScheduler][RT] ocean_skip#44 tick=65 reason=policy_gated slices=0 elapsed=0.000 progress=0.000 source=day_changed
[clock/step] delta=16.2ms speed=50x target=0.81d cap=0.31d/f cost=26.15ms ran=0 pulse=9.98ms loop=0.00ms full=10.48ms carry=0.14 barrier=country_day_barrier,economy_day_barrier
[weather-layer][lut] #30 update_usec=69499508 last_usec=69499508 lerp=0.729 prev_tex=true curr_tex=true dims=(2048, 2) visible=true
[DCSystemScheduler][RT] ocean_skip#45 tick=67 reason=policy_gated slices=0 elapsed=0.000 progress=0.000 source=day_changed
[DCSystemScheduler][RT] ocean_skip#46 tick=69 reason=policy_gated slices=0 elapsed=0.000 progress=0.000 source=day_changed
[DCSystemScheduler][RT] ocean_skip#47 tick=70 reason=policy_gated slices=0 elapsed=0.000 progress=0.000 source=day_changed
[DCSystemScheduler][RT] ocean_skip#48 tick=71 reason=policy_gated slices=0 elapsed=0.000 progress=0.000 source=day_changed
[DCSystemScheduler][RT] ocean_skip#49 tick=73 reason=policy_gated slices=0 elapsed=0.000 progress=0.000 source=day_changed
[clock/step] delta=14.8ms speed=50x target=0.74d cap=0.32d/f cost=24.87ms ran=0 pulse=9.53ms loop=0.00ms full=9.88ms carry=0.20 barrier=country_day_barrier,economy_day_barrier
[DCSystemScheduler][RT] ocean_skip#50 tick=74 reason=policy_gated slices=0 elapsed=0.000 progress=0.000 source=day_changed
[DCSystemScheduler][RT] ocean_skip#51 tick=75 reason=policy_gated slices=0 elapsed=0.000 progress=0.000 source=day_changed
[weather-layer][lut] #31 update_usec=71438848 last_usec=71438848 lerp=0.764 prev_tex=true curr_tex=true dims=(2048, 2) visible=true
[phys_solve][RT] start#2 phase=0.8317 pending=nan solve_ocean=false ext=true idx=true soa=true
[DCSystemScheduler][RT] ocean_skip#52 tick=77 reason=policy_gated slices=0 elapsed=0.000 progress=0.000 source=day_changed
[season_refresh] b_plus_finish path=gdext native_ms=0.445 slices=1 stages_done=12
[DCSystemScheduler][RT] ocean_skip#53 tick=79 reason=policy_gated slices=0 elapsed=0.000 progress=0.000 source=day_changed
[clock/step] delta=16.7ms speed=50x target=0.83d cap=0.27d/f cost=29.48ms ran=0 pulse=9.77ms loop=0.00ms full=10.20ms carry=0.25 barrier=country_day_barrier,economy_day_barrier
[DCSystemScheduler][RT] ocean_skip#54 tick=81 reason=policy_gated slices=0 elapsed=0.000 progress=0.000 source=day_changed
[DCSystemScheduler][RT] ocean_skip#55 tick=82 reason=policy_gated slices=0 elapsed=0.000 progress=0.000 source=day_changed
[DCSystemScheduler][RT] ocean_skip#56 tick=83 reason=policy_gated slices=0 elapsed=0.000 progress=0.000 source=day_changed
[weather-layer][lut] #32 update_usec=73429085 last_usec=73429085 lerp=0.770 prev_tex=true curr_tex=true dims=(2048, 2) visible=true
[DCSystemScheduler][RT] ocean_skip#57 tick=85 reason=policy_gated slices=0 elapsed=0.000 progress=0.000 source=day_changed
[DCSystemScheduler][RT] ocean_skip#58 tick=86 reason=policy_gated slices=0 elapsed=0.000 progress=0.000 source=day_changed
[DCSystemScheduler][RT] ocean_skip#59 tick=87 reason=policy_gated slices=0 elapsed=0.000 progress=0.000 source=day_changed
[clock/step] delta=4.9ms speed=50x target=0.25d cap=0.25d/f cost=32.48ms ran=1 pulse=0.00ms loop=33.46ms full=33.77ms carry=0.02 barrier=country_day_barrier,economy_day_barrier
[clock/fat-day] loop=33.46ms largest=0.00ms job= stage= over_budget=false native_stage=
[DCSystemScheduler][RT] ocean_skip#60 tick=89 reason=policy_gated slices=0 elapsed=0.000 progress=0.000 source=day_changed
[DCSystemScheduler][RT] ocean_skip#61 tick=91 reason=policy_gated slices=0 elapsed=0.000 progress=0.000 source=day_changed
[weather-layer][lut] #33 update_usec=75490056 last_usec=75490056 lerp=0.732 prev_tex=true curr_tex=true dims=(2048, 2) visible=true
[DCSystemScheduler][RT] ocean_skip#62 tick=93 reason=policy_gated slices=0 elapsed=0.000 progress=0.000 source=day_changed
[DCSystemScheduler][RT] ocean_skip#63 tick=94 reason=policy_gated slices=0 elapsed=0.000 progress=0.000 source=day_changed
[DCSystemScheduler][RT] ocean_skip#64 tick=95 reason=policy_gated slices=0 elapsed=0.000 progress=0.000 source=day_changed
[clock/step] delta=13.0ms speed=50x target=0.65d cap=0.31d/f cost=25.43ms ran=0 pulse=9.46ms loop=0.00ms full=9.87ms carry=0.07 barrier=country_day_barrier,economy_day_barrier
[weather-layer][lut] #34 update_usec=77333798 last_usec=77333798 lerp=0.830 prev_tex=true curr_tex=true dims=(2048, 2) visible=true
[clock/step] delta=13.1ms speed=50x target=0.66d cap=0.30d/f cost=26.97ms ran=0 pulse=9.26ms loop=0.00ms full=9.63ms carry=0.17 barrier=country_day_barrier,economy_day_barrier
[sim/barrier] day=107 pulse=2 economy_inflight=false hard_ack=effect extra=
[weather-layer][lut] #35 update_usec=79289005 last_usec=79289005 lerp=0.854 prev_tex=true curr_tex=true dims=(2048, 2) visible=true
[clock/step] delta=13.9ms speed=50x target=0.69d cap=0.23d/f cost=34.92ms ran=0 pulse=9.48ms loop=0.00ms full=9.88ms carry=0.21 barrier=country_day_barrier,economy_day_barrier
[psi_solver] path-decision call#2: prof=true pflag_attr=true pflag_val=true ext=true method=true idx=true heat=true -> cpp_gate=true
[psi_solver] commit-diag call#2: rc=0.197 n_water=1127 n_cells=2400 published=true
[clock/step] delta=9.3ms speed=50x target=0.47d cap=0.32d/f cost=24.78ms ran=1 pulse=0.00ms loop=25.36ms full=25.79ms carry=0.29 barrier=country_day_barrier,economy_day_barrier
[clock/fat-day] loop=25.36ms largest=0.00ms job= stage= over_budget=false native_stage=
[weather-layer][lut] #36 update_usec=82695820 last_usec=82695820 lerp=0.148 prev_tex=true curr_tex=true dims=(2048, 2) visible=true
[clock/step] delta=8.3ms speed=50x target=0.42d cap=0.36d/f cost=22.51ms ran=0 pulse=14.45ms loop=0.00ms full=14.88ms carry=0.11 barrier=economy_day_barrier
[weather-layer][lut] #37 update_usec=84601406 last_usec=84601406 lerp=0.199 prev_tex=true curr_tex=true dims=(2048, 2) visible=true
[season_refresh] b_plus_start path=gdext handle=1 season=1 n_cells=2400
[season_refresh] b_plus_finish path=gdext native_ms=0.418 slices=1 stages_done=12
[clock/step] delta=24.0ms speed=50x target=1.20d cap=0.25d/f cost=31.96ms ran=0 pulse=9.25ms loop=0.00ms full=9.78ms carry=0.04 barrier=country_day_barrier,economy_day_barrier
[weather-layer][lut] #38 update_usec=86848693 last_usec=86848693 lerp=0.068 prev_tex=true curr_tex=true dims=(2048, 2) visible=true
[perf-record] exported rows=85 cols=234 → D:/Godot/ProjectKeynes/Project.Keynes/tmp/perf_record_20260919_015151.csv
[clock/step] delta=12.9ms speed=50x target=0.64d cap=0.31d/f cost=25.63ms ran=0 pulse=16.18ms loop=0.00ms full=16.62ms carry=0.24 barrier=economy_day_barrier
[weather-layer][lut] #39 update_usec=86848693 last_usec=86848693 lerp=1.000 prev_tex=true curr_tex=true dims=(2048, 2) visible=true
[natural_resource/slow-dump] tick=145 day=145 wall=1.99 cpp=0.217 compute=0.189 loop=0.046 flush=0.025 wrapper=1.527 layout=cell_indices dispatches=0 resources=14/31 skipped_static=17 published=true total_delta=14981871.88748
[clock/step] delta=17.5ms speed=50x target=0.88d cap=0.32d/f cost=25.12ms ran=0 pulse=9.32ms loop=0.00ms full=9.77ms carry=0.30 barrier=country_day_barrier,economy_day_barrier
[economy-record] native v5 start cells=2400 sampled=1 resources=31 stride=1 max_rows=5000000 dims=summary,cohorts,buildings,resources,market
[phys_solve][RT] start#3 phase=1.6195 pending=nan solve_ocean=false ext=true idx=true soa=true
[weather-layer][lut] #40 update_usec=89017844 last_usec=89017844 lerp=0.970 prev_tex=true curr_tex=true dims=(2048, 2) visible=true
[clock/step] delta=16.0ms speed=50x target=0.80d cap=0.34d/f cost=23.77ms ran=0 pulse=9.28ms loop=0.00ms full=9.68ms carry=0.12 barrier=country_day_barrier,economy_day_barrier
[weather-layer][lut] #41 update_usec=91261615 last_usec=91261615 lerp=0.837 prev_tex=true curr_tex=true dims=(2048, 2) visible=true
[clock/step] delta=13.9ms speed=50x target=0.70d cap=0.33d/f cost=24.43ms ran=0 pulse=9.29ms loop=0.00ms full=9.69ms carry=0.14 barrier=country_day_barrier,economy_day_barrier
[weather-layer][lut] #42 update_usec=93262086 last_usec=93262086 lerp=0.852 prev_tex=true curr_tex=true dims=(2048, 2) visible=true
[clock/step] delta=15.7ms speed=50x target=0.79d cap=0.31d/f cost=26.11ms ran=0 pulse=8.64ms loop=0.00ms full=8.97ms carry=0.09 barrier=country_day_barrier,economy_day_barrier
[weather-layer][lut] #43 update_usec=95120331 last_usec=95120331 lerp=0.951 prev_tex=true curr_tex=true dims=(2048, 2) visible=true
[clock/step] delta=15.4ms speed=50x target=0.77d cap=0.23d/f cost=35.30ms ran=0 pulse=8.88ms loop=0.00ms full=9.26ms carry=0.15 barrier=country_day_barrier,economy_day_barrier
[season_refresh] b_plus_finish path=gdext native_ms=0.406 slices=1 stages_done=12
[weather-layer][lut] #44 update_usec=97231850 last_usec=97231850 lerp=0.883 prev_tex=true curr_tex=true dims=(2048, 2) visible=true
[clock/step] delta=14.6ms speed=50x target=0.73d cap=0.29d/f cost=27.98ms ran=0 pulse=8.93ms loop=0.00ms full=9.37ms carry=0.18 barrier=country_day_barrier,economy_day_barrier
[psi_solver] path-decision call#3: prof=true pflag_attr=true pflag_val=true ext=true method=true idx=true heat=true -> cpp_gate=true
[psi_solver] commit-diag call#3: rc=0.203 n_water=1135 n_cells=2400 published=true
[weather-layer][lut] #45 update_usec=99297306 last_usec=99297306 lerp=0.854 prev_tex=true curr_tex=true dims=(2048, 2) visible=true
[clock/step] delta=16.7ms speed=50x target=0.83d cap=0.31d/f cost=25.83ms ran=0 pulse=9.20ms loop=0.00ms full=9.62ms carry=0.21 barrier=country_day_barrier,economy_day_barrier
[economy-record] background export completed -> ["D:/Godot/ProjectKeynes/Project.Keynes/tmp/economy_record_20260919_015153_v25_cell1808_q-7_r30_summary.csv", "D:/Godot/ProjectKeynes/Project.Keynes/tmp/economy_record_20260919_015153_v25_cell1808_q-7_r30_cohorts.csv", "D:/Godot/ProjectKeynes/Project.Keynes/tmp/economy_record_20260919_015153_v25_cell1808_q-7_r30_buildings.csv", "D:/Godot/ProjectKeynes/Project.Keynes/tmp/economy_record_20260919_015153_v25_cell1808_q-7_r30_resources.csv", "D:/Godot/ProjectKeynes/Project.Keynes/tmp/economy_record_20260919_015153_v25_cell1808_q-7_r30_market.csv"]
[clock/step] delta=17.5ms speed=50x target=0.87d cap=0.34d/f cost=23.48ms ran=0 pulse=9.31ms loop=0.00ms full=9.72ms carry=0.07 barrier=country_day_barrier,economy_day_barrier
[weather-layer][lut] #46 update_usec=101394548 last_usec=101394548 lerp=0.805 prev_tex=true curr_tex=true dims=(2048, 2) visible=true
[clock/step] delta=14.9ms speed=50x target=0.74d cap=0.32d/f cost=25.16ms ran=0 pulse=9.69ms loop=0.00ms full=10.14ms carry=0.29 barrier=country_day_barrier,economy_day_barrier
[weather-layer][lut] #47 update_usec=103392231 last_usec=103392231 lerp=0.813 prev_tex=true curr_tex=true dims=(2048, 2) visible=true
[clock/step] delta=11.9ms speed=50x target=0.60d cap=0.35d/f cost=22.59ms ran=0 pulse=8.92ms loop=0.00ms full=9.30ms carry=0.18 barrier=country_day_barrier,economy_day_barrier
[weather-layer][lut] #48 update_usec=105411031 last_usec=105411031 lerp=0.813 prev_tex=true curr_tex=true dims=(2048, 2) visible=true
[clock/step] delta=14.5ms speed=50x target=0.72d cap=0.33d/f cost=24.04ms ran=0 pulse=8.84ms loop=0.00ms full=9.23ms carry=0.04 barrier=country_day_barrier,economy_day_barrier
[phys_solve][RT] start#4 phase=2.4109 pending=nan solve_ocean=false ext=true idx=true soa=true
[weather-layer][lut] #49 update_usec=108969556 last_usec=108969556 lerp=0.056 prev_tex=true curr_tex=true dims=(2048, 2) visible=true
[clock/step] delta=14.5ms speed=50x target=0.72d cap=0.37d/f cost=21.51ms ran=0 pulse=9.82ms loop=0.00ms full=10.28ms carry=0.30 barrier=country_day_barrier,economy_day_barrier
[season_refresh] b_plus_start path=gdext handle=1 season=2 n_cells=2400
[season_refresh] b_plus_finish path=gdext native_ms=0.452 slices=1 stages_done=12
[weather-layer][lut] #50 update_usec=110966437 last_usec=110966437 lerp=0.057 prev_tex=true curr_tex=true dims=(2048, 2) visible=true
[clock/step] delta=15.0ms speed=50x target=0.75d cap=0.26d/f cost=31.18ms ran=0 pulse=9.18ms loop=0.00ms full=9.56ms carry=0.11 barrier=country_day_barrier,economy_day_barrier
[weather-layer][lut] #51 update_usec=113016970 last_usec=113016970 lerp=0.036 prev_tex=true curr_tex=true dims=(2048, 2) visible=true
[clock/step] delta=14.6ms speed=50x target=0.73d cap=0.32d/f cost=24.96ms ran=0 pulse=9.55ms loop=0.00ms full=9.96ms carry=0.10 barrier=country_day_barrier,economy_day_barrier
[clock/step] delta=14.3ms speed=50x target=0.71d cap=0.33d/f cost=24.18ms ran=0 pulse=9.12ms loop=0.00ms full=9.56ms carry=0.18 barrier=country_day_barrier,economy_day_barrier
[weather-layer][lut] #52 update_usec=114858658 last_usec=114858658 lerp=0.125 prev_tex=true curr_tex=true dims=(2048, 2) visible=true
[clock/step] delta=12.6ms speed=50x target=0.63d cap=0.36d/f cost=22.11ms ran=0 pulse=9.83ms loop=0.00ms full=10.23ms carry=0.25 barrier=country_day_barrier,economy_day_barrier
[weather-layer][lut] #53 update_usec=116794904 last_usec=116794904 lerp=0.695 prev_tex=true curr_tex=true dims=(2048, 2) visible=true
[weather-layer][lut] #54 update_usec=116794904 last_usec=116794904 lerp=1.000 prev_tex=true curr_tex=true dims=(2048, 2) visible=true
[weather-layer][lut] #55 update_usec=116794904 last_usec=116794904 lerp=1.000 prev_tex=true curr_tex=true dims=(2048, 2) visible=true
[weather-layer][lut] #56 update_usec=116794904 last_usec=116794904 lerp=1.000 prev_tex=true curr_tex=true dims=(2048, 2) visible=true
[weather-layer][lut] #57 update_usec=116794904 last_usec=116794904 lerp=1.000 prev_tex=true curr_tex=true dims=(2048, 2) visible=true
[weather-layer][lut] #58 update_usec=116794904 last_usec=116794904 lerp=1.000 prev_tex=true curr_tex=true dims=(2048, 2) visible=true
[weather-layer][lut] #59 update_usec=116794904 last_usec=116794904 lerp=1.000 prev_tex=true curr_tex=true dims=(2048, 2) visible=true
[weather-layer][lut] #60 update_usec=116794904 last_usec=116794904 lerp=1.000 prev_tex=true curr_tex=true dims=(2048, 2) visible=true
[weather-layer][lut] #61 update_usec=116794904 last_usec=116794904 lerp=1.000 prev_tex=true curr_tex=true dims=(2048, 2) visible=true
[weather-layer][lut] #62 update_usec=116794904 last_usec=116794904 lerp=1.000 prev_tex=true curr_tex=true dims=(2048, 2) visible=true
[weather-layer][lut] #63 update_usec=116794904 last_usec=116794904 lerp=1.000 prev_tex=true curr_tex=true dims=(2048, 2) visible=true
[weather-layer][lut] #64 update_usec=116794904 last_usec=116794904 lerp=1.000 prev_tex=true curr_tex=true dims=(2048, 2) visible=true
[weather-layer][lut] #65 update_usec=116794904 last_usec=116794904 lerp=1.000 prev_tex=true curr_tex=true dims=(2048, 2) visible=true
[clock/step] delta=20.0ms speed=50x target=1.00d cap=0.33d/f cost=24.08ms ran=0 pulse=0.45ms loop=0.00ms full=0.83ms carry=0.64 barrier=
[weather-layer][lut] #66 update_usec=116794904 last_usec=116794904 lerp=1.000 prev_tex=true curr_tex=true dims=(2048, 2) visible=true
[weather-layer][lut] #67 update_usec=159138918 last_usec=159138918 lerp=0.633 prev_tex=true curr_tex=true dims=(2048, 2) visible=true
[clock/step] delta=28.8ms speed=50x target=1.44d cap=0.33d/f cost=24.09ms ran=0 pulse=9.71ms loop=0.00ms full=10.15ms carry=0.19 barrier=country_day_barrier,economy_day_barrier
[weather-layer][lut] #68 update_usec=161764583 last_usec=161764583 lerp=0.287 prev_tex=true curr_tex=true dims=(2048, 2) visible=true
[clock/step] delta=17.5ms speed=50x target=0.87d cap=0.35d/f cost=22.98ms ran=0 pulse=10.11ms loop=0.00ms full=10.53ms carry=0.18 barrier=country_day_barrier,economy_day_barrier
[season_refresh] b_plus_start path=gdext handle=1 season=3 n_cells=2400
[season_refresh] b_plus_finish path=gdext native_ms=0.453 slices=1 stages_done=12
[weather-layer][lut] #69 update_usec=164224961 last_usec=164224961 lerp=0.069 prev_tex=true curr_tex=true dims=(2048, 2) visible=true
[clock/step] delta=18.3ms speed=50x target=0.92d cap=0.31d/f cost=25.93ms ran=0 pulse=9.53ms loop=0.00ms full=9.95ms carry=0.18 barrier=country_day_barrier,economy_day_barrier
[weather-layer][lut] #70 update_usec=164224961 last_usec=164224961 lerp=0.967 prev_tex=true curr_tex=true dims=(2048, 2) visible=true
[clock/step] delta=16.7ms speed=50x target=0.83d cap=0.35d/f cost=22.56ms ran=0 pulse=9.31ms loop=0.00ms full=9.74ms carry=0.23 barrier=country_day_barrier,economy_day_barrier
[weather-layer][lut] #71 update_usec=166641110 last_usec=166641110 lerp=0.764 prev_tex=true curr_tex=true dims=(2048, 2) visible=true
[phys_solve][RT] start#5 phase=3.1964 pending=nan solve_ocean=false ext=true idx=true soa=true
[clock/step] delta=15.3ms speed=50x target=0.76d cap=0.32d/f cost=24.69ms ran=0 pulse=9.68ms loop=0.00ms full=10.08ms carry=0.26 barrier=country_day_barrier,economy_day_barrier
[weather-layer][lut] #72 update_usec=168816434 last_usec=168816434 lerp=0.702 prev_tex=true curr_tex=true dims=(2048, 2) visible=true
[clock/step] delta=14.3ms speed=50x target=0.71d cap=0.37d/f cost=23.30ms ran=1 pulse=0.00ms loop=30.68ms full=30.96ms carry=0.36 barrier=country_day_barrier,economy_day_barrier
[clock/fat-day] loop=30.68ms largest=0.00ms job= stage= over_budget=false native_stage=
[weather-layer][lut] #73 update_usec=170743107 last_usec=170743107 lerp=0.775 prev_tex=true curr_tex=true dims=(2048, 2) visible=true
[clock/step] delta=16.2ms speed=50x target=0.81d cap=0.33d/f cost=24.09ms ran=0 pulse=9.61ms loop=0.00ms full=10.01ms carry=0.18 barrier=country_day_barrier,economy_day_barrier
[weather-layer][lut] #74 update_usec=172730921 last_usec=172730921 lerp=0.801 prev_tex=true curr_tex=true dims=(2048, 2) visible=true
[clock/step] delta=14.9ms speed=50x target=0.74d cap=0.31d/f cost=26.03ms ran=0 pulse=9.60ms loop=0.00ms full=9.98ms carry=0.23 barrier=country_day_barrier,economy_day_barrier
[weather-layer][lut] #75 update_usec=174699598 last_usec=174699598 lerp=0.839 prev_tex=true curr_tex=true dims=(2048, 2) visible=true
[clock/step] delta=18.0ms speed=50x target=0.90d cap=0.33d/f cost=23.91ms ran=0 pulse=0.00ms loop=0.00ms full=0.67ms carry=0.92 barrier=
[season_refresh] b_plus_finish path=gdext native_ms=0.495 slices=1 stages_done=12
[weather-layer][lut] #76 update_usec=177020509 last_usec=177020509 lerp=0.685 prev_tex=true curr_tex=true dims=(2048, 2) visible=true
[weather-layer][lut] #77 update_usec=177020509 last_usec=177020509 lerp=1.000 prev_tex=true curr_tex=true dims=(2048, 2) visible=true
[clock/step] delta=24.8ms speed=50x target=1.24d cap=0.22d/f cost=35.61ms ran=0 pulse=10.49ms loop=0.00ms full=10.96ms carry=0.08 barrier=country_day_barrier,economy_day_barrier
[weather-layer][lut] #78 update_usec=182194687 last_usec=182194687 lerp=0.155 prev_tex=true curr_tex=true dims=(2048, 2) visible=true
[clock/step] delta=22.7ms speed=50x target=1.14d cap=0.30d/f cost=26.62ms ran=0 pulse=10.34ms loop=0.00ms full=10.78ms carry=0.02 barrier=country_day_barrier,economy_day_barrier
[weather-layer][lut] #79 update_usec=182194687 last_usec=182194687 lerp=1.000 prev_tex=true curr_tex=true dims=(2048, 2) visible=true
[weather-layer][lut] #80 update_usec=182194687 last_usec=182194687 lerp=1.000 prev_tex=true curr_tex=true dims=(2048, 2) visible=true
[weather-layer][lut] #81 update_usec=187957651 last_usec=187957651 lerp=0.518 prev_tex=true curr_tex=true dims=(2048, 2) visible=true
[weather-layer][lut] #82 update_usec=187957651 last_usec=187957651 lerp=1.000 prev_tex=true curr_tex=true dims=(2048, 2) visible=true
[clock/step] delta=18.5ms speed=50x target=0.92d cap=0.29d/f cost=27.90ms ran=0 pulse=0.00ms loop=0.00ms full=0.42ms carry=0.78 barrier=
[weather-layer][lut] #83 update_usec=187957651 last_usec=187957651 lerp=1.000 prev_tex=true curr_tex=true dims=(2048, 2) visible=true
[sim/barrier] day=351 pulse=3 economy_inflight=false hard_ack=effect extra=
[weather-layer][lut] #84 update_usec=193520312 last_usec=193520312 lerp=0.732 prev_tex=true curr_tex=true dims=(2048, 2) visible=true
[clock/step] delta=15.0ms speed=50x target=0.75d cap=0.22d/f cost=37.00ms ran=0 pulse=0.00ms loop=0.00ms full=0.33ms carry=0.72 barrier=
[sim/barrier] day=353 pulse=4 economy_inflight=false hard_ack=effect extra=
[weather-layer][lut] #85 update_usec=193520312 last_usec=193520312 lerp=1.000 prev_tex=true curr_tex=true dims=(2048, 2) visible=true
[clock/step] delta=147.2ms speed=50x target=7.36d cap=0.14d/f cost=56.38ms ran=0 pulse=8.88ms loop=0.00ms full=9.29ms carry=0.05 barrier=country_day_barrier,economy_day_barrier
ERROR: 49 RID allocations of type 'N10RendererRD14TextureStorage7TextureE' were leaked at exit.
WARNING: 78 RIDs of type "Texture" were leaked.
   at: finalize (servers/rendering/rendering_device.cpp:7505)
ERROR: 31 RID allocations of type 'PN18TextServerAdvanced22ShapedTextDataAdvancedE' were leaked at exit.
ERROR: 1 RID allocations of type 'PN18TextServerAdvanced12FontAdvancedE' were leaked at exit.
WARNING: ObjectDB instances leaked at exit (run with --verbose for details).
   at: cleanup (core/object/object.cpp:2641)
ERROR: 986 resources still in use at exit (run with --verbose for details).
   at: clear (core/io/resource.cpp:810)
