scons: Entering directory `D:\Godot\ProjectKeynes\Project.Keynes\gdext'
scons: Reading SConscript files ...
Building for architecture x86_64 on platform windows
scons: done reading SConscript files.
scons: Building targets ...
scons: `godot-cpp\bin\libgodot-cpp.windows.template_debug.x86_64.lib' is up to date.
Compiling shared src\country_runtime.cpp ...
Compiling shared src\economy_runtime.cpp ...
Compiling shared src\economy_runtime_building_construction.cpp ...
Compiling shared src\economy_runtime_building_employment.cpp ...
Compiling shared src\economy_runtime_building_investment.cpp ...
Compiling shared src\economy_runtime_building_production.cpp ...
Compiling shared src\economy_runtime_canal.cpp ...
Compiling shared src\economy_runtime_colonization.cpp ...
Compiling shared src\economy_runtime_colonization_kit.cpp ...
Compiling shared src\economy_runtime_configuration.cpp ...
Compiling shared src\economy_runtime_diagnostics.cpp ...
Compiling shared src\economy_runtime_epoch.cpp ...
Compiling shared src\economy_runtime_events.cpp ...
Compiling shared src\economy_runtime_family_buff.cpp ...
Compiling shared src\economy_runtime_fiscal.cpp ...
Compiling shared src\economy_runtime_market.cpp ...
Compiling shared src\economy_runtime_persistence.cpp ...
Compiling shared src\economy_runtime_persistence_read.cpp ...
Compiling shared src\economy_runtime_persistence_write.cpp ...
Compiling shared src\economy_runtime_publish.cpp ...
Compiling shared src\economy_runtime_queries_market_building.cpp ...
Compiling shared src\economy_runtime_trade.cpp ...
Compiling shared src\economy_runtime_water.cpp ...
Compiling shared src\effect_runtime.cpp ...
Compiling shared src\ideology_runtime.cpp ...
Compiling shared src\modifier_runtime.cpp ...
Compiling shared src\register_types.cpp ...
Compiling shared src\system_schedule.cpp ...
Compiling shared src\world_ext.cpp ...
Compiling shared src\world_ext_atlas.cpp ...
Compiling shared src\world_ext_bake.cpp ...
Compiling shared src\world_ext_bind_methods.cpp ...
Compiling shared src\world_ext_bio.cpp ...
Compiling shared src\world_ext_building_visual.cpp ...
Compiling shared src\world_ext_climate.cpp ...
Compiling shared src\world_ext_country.cpp ...
Compiling shared src\world_ext_daily_sim.cpp ...
Compiling shared src\world_ext_demo.cpp ...
Compiling shared src\world_ext_detail.cpp ...
Compiling shared src\world_ext_economy.cpp ...
Compiling shared src\world_ext_effect.cpp ...
Compiling shared src\world_ext_events.cpp ...
Compiling shared src\world_ext_generate.cpp ...
Compiling shared src\world_ext_ideology.cpp ...
Compiling shared src\world_ext_modifier.cpp ...
Compiling shared src\world_ext_physical.cpp ...
Compiling shared src\world_ext_resource.cpp ...
Compiling shared src\world_ext_runtime_graph.cpp ...
Compiling shared src\world_ext_simulation_host.cpp ...
Compiling shared src\world_ext_trigger.cpp ...
Compiling shared src\world_ext_vision.cpp ...
Compiling shared src\world_ext_weather.cpp ...
scons: *** [D:\Godot\ProjectKeynes\Project.Keynes\Project\project-keynes\addons\dots_ext\bin\windows\dots_ext.windows.template_debug.x86_64.dll] D:\Godot\ProjectKeynes\Project.Keynes\Project\project-keynes\addons\dots_ext\bin\windows\dots_ext.windows.template_debug.x86_64.dll: 拒绝访问。
scons: building terminated because of errors.
