WARNING: Loaded resource as image file, this will not work on export: 'res://assets/textures/terrain_materials/organic.png'. Instead, import the image file as an Image resource and load it normally as a resource.
   at: load (core/io/image.cpp:2756)
   GDScript backtrace (most recent call first):
       [0] _build_terrain_material_tex (res://scripts/rendering/map_baker.gd:362)
       [1] get_or_build_shared_terrain_material_tex (res://scripts/rendering/map_baker.gd:345)
       [2] bake_world (res://scripts/rendering/map_baker.gd:1190)
       [3] _yield_generation_frame (res://scripts/rendering/map_baker.gd:1228)
WARNING: Loaded resource as image file, this will not work on export: 'res://assets/textures/terrain_materials/dry_sand.png'. Instead, import the image file as an Image resource and load it normally as a resource.
   at: load (core/io/image.cpp:2756)
   GDScript backtrace (most recent call first):
       [0] _build_terrain_material_tex (res://scripts/rendering/map_baker.gd:362)
       [1] get_or_build_shared_terrain_material_tex (res://scripts/rendering/map_baker.gd:345)
       [2] bake_world (res://scripts/rendering/map_baker.gd:1190)
       [3] _yield_generation_frame (res://scripts/rendering/map_baker.gd:1228)
WARNING: Loaded resource as image file, this will not work on export: 'res://assets/textures/terrain_materials/rock.png'. Instead, import the image file as an Image resource and load it normally as a resource.
   at: load (core/io/image.cpp:2756)
   GDScript backtrace (most recent call first):
       [0] _build_terrain_material_tex (res://scripts/rendering/map_baker.gd:362)
       [1] get_or_build_shared_terrain_material_tex (res://scripts/rendering/map_baker.gd:345)
       [2] bake_world (res://scripts/rendering/map_baker.gd:1190)
       [3] _yield_generation_frame (res://scripts/rendering/map_baker.gd:1228)
WARNING: Loaded resource as image file, this will not work on export: 'res://assets/textures/terrain_materials/snow_wet.png'. Instead, import the image file as an Image resource and load it normally as a resource.
   at: load (core/io/image.cpp:2756)
   GDScript backtrace (most recent call first):
       [0] _build_terrain_material_tex (res://scripts/rendering/map_baker.gd:362)
       [1] get_or_build_shared_terrain_material_tex (res://scripts/rendering/map_baker.gd:345)
       [2] bake_world (res://scripts/rendering/map_baker.gd:1190)
       [3] _yield_generation_frame (res://scripts/rendering/map_baker.gd:1228)
WARNING: [runtime-climate-round] no ClimateDailySystem; SHADOW capture carries no shared pass input
   at: push_warning (core/variant/variant_utility.cpp:1034)
   GDScript backtrace (most recent call first):
       [0] _build_runtime_climate_round_input (res://scripts/geography/map_generator.gd:4675)
       [1] capture_runtime_inputs_for_worker (res://scripts/geography/map_generator.gd:2356)
       [2] generate_world (res://scripts/game/world_runtime_host.gd:724)
       [3] generate (res://scripts/geography/map_generator.gd:1606)
       [4] _yield_generation_frame (res://scripts/geography/map_generator.gd:19926)
WARNING: [runtime-worker] Ideology opinion publish deferred: ideology_opinion_snapshot_invalid
   at: push_warning (core/variant/variant_utility.cpp:1034)
   GDScript backtrace (most recent call first):
       [0] _start_production_shadow_worker (res://scripts/game/world_runtime_host.gd:815)
       [1] generate_world (res://scripts/game/world_runtime_host.gd:733)
       [2] generate (res://scripts/geography/map_generator.gd:1606)
       [3] _yield_generation_frame (res://scripts/geography/map_generator.gd:19926)
[runtime-day-wait] day=1 env_day=0 missing=0x3ff stall=0x10 economy_input=-1
[climate/worker][b8] physics_knobs day=1 ready=0 missing=physics_knobs
[climate-kernel][round] shared=1 ok=1 n_cells=2400 mask=0x1FF ran=0x1FF starved=0x0 knobs_cells=2400
[country][parity] worker_day=1 uncompared reference_range=-1..-1 depth=0
[research-procure-diag] day=1 phase=0 done=0 cands=6 cursor=0 enabled=0 remain=0 budget=0 gate_mask=0x1e research_gate=1 orders=0 rej=0 procured=0 last_err=
[economy-mirror-cost] day=1 capture_ms=2.428 import_ms=4.644
[climate/writeback][b8] day=1 vapor store0=0 map0=0 dirty_fields=42 applied=42
[climate/worker][b8] physics_knobs day=2 ready=1 missing=
[climate/worker][b8] paw day=2 cell=70 moisture=0.804633 wb30=0 soil=0 paw=0.804633 zeros(water=1619 land=2) nonzero=779 weights(wb=0.35 soil=0.25 dry=0.65) round=1 distribute=1 hydrology=0
[climate/worker][b8] cyclone_gate day=2 input_enabled=0 force_env=0 effective=0
[climate/worker][b8] weather_solve day=2 cells=2400 psi=1 vapor0=0.0994703 precip0=0 cloud0=0.0381462 type0=0 field_init0=1
[research-procure-diag] day=2 phase=0 done=0 cands=3 cursor=0 enabled=0 remain=0 budget=0 gate_mask=0x3fe research_gate=1 orders=0 rej=0 procured=0 last_err=
[climate/writeback][b8] day=2 vapor store0=0.0994703 map0=0.0994703 dirty_fields=54 applied=54
[climate/worker][b8] physics_knobs day=3 ready=1 missing=
[climate/worker][b8] paw day=3 cell=70 moisture=0.793448 wb30=-0.000153968 soil=-0.000369523 paw=0.793348 zeros(water=1619 land=2) nonzero=779 weights(wb=0.35 soil=0.25 dry=0.65) round=1 distribute=1 hydrology=0
[climate/worker][b8] cyclone_gate day=3 input_enabled=0 force_env=0 effective=0
[climate/worker][b8] weather_solve day=3 cells=2400 psi=1 vapor0=0.033388 precip0=0.0453697 cloud0=0.0415039 type0=0 field_init0=1
[country][parity] worker_day=3 uncompared reference_range=2..2 depth=1
[research-procure-diag] day=3 phase=0 done=0 cands=3 cursor=0 enabled=0 remain=0 budget=0 gate_mask=0x3fe research_gate=1 orders=0 rej=0 procured=0 last_err=
[climate/writeback][b8] day=3 vapor store0=0.033388 map0=0.033388 dirty_fields=54 applied=54
[climate/worker][b8] physics_knobs day=4 ready=1 missing=
[climate/worker][b8] paw day=4 cell=70 moisture=0.793562 wb30=-0.000302829 soil=-0.000728022 paw=0.793365 zeros(water=1619 land=2) nonzero=779 weights(wb=0.35 soil=0.25 dry=0.65) round=1 distribute=1 hydrology=0
[climate/worker][b8] weather_solve day=4 cells=2400 psi=1 vapor0=0.0115471 precip0=0.0632712 cloud0=0.122706 type0=0 field_init0=1
[country][parity] worker_day=4 uncompared reference_range=2..2 depth=1
[research-procure-diag] day=4 phase=0 done=0 cands=3 cursor=0 enabled=0 remain=0 budget=0 gate_mask=0x3fe research_gate=1 orders=0 rej=0 procured=0 last_err=
[climate/writeback][b8] day=4 vapor store0=0.0115471 map0=0.0115471 dirty_fields=54 applied=54
[climate/worker][b8] physics_knobs day=5 ready=1 missing=
[climate/worker][b8] paw day=5 cell=70 moisture=0.792545 wb30=-0.000446497 soil=-0.00107521 paw=0.792255 zeros(water=1619 land=2) nonzero=779 weights(wb=0.35 soil=0.25 dry=0.65) round=1 distribute=1 hydrology=0
[climate/worker][b8] weather_solve day=5 cells=2400 psi=1 vapor0=0 precip0=0.0663393 cloud0=0.163135 type0=3 field_init0=1
[country][parity] worker_day=5 uncompared reference_range=2..2 depth=1
[research-procure-diag] day=5 phase=0 done=0 cands=3 cursor=0 enabled=0 remain=0 budget=0 gate_mask=0x3fe research_gate=1 orders=0 rej=0 procured=0 last_err=
[climate/worker][b8] physics_knobs day=6 ready=1 missing=
[climate/worker][b8] paw day=6 cell=70 moisture=0.791138 wb30=-0.000585056 soil=-0.00107521 paw=0.790758 zeros(water=1619 land=3) nonzero=778 weights(wb=0.35 soil=0.25 dry=0.65) round=1 distribute=1 hydrology=0
[country][parity] worker_day=6 uncompared reference_range=2..2 depth=1
[research-procure-diag] day=6 phase=0 done=0 cands=6 cursor=0 enabled=0 remain=0 budget=0 gate_mask=0x3fe research_gate=1 orders=0 rej=0 procured=0 last_err=
[climate/worker][b8] paw day=7 cell=70 moisture=0.789838 wb30=-0.000718701 soil=-0.00141051 paw=0.789371 zeros(water=1619 land=3) nonzero=778 weights(wb=0.35 soil=0.25 dry=0.65) round=1 distribute=1 hydrology=0
[country][parity] worker_day=7 uncompared reference_range=2..2 depth=1
[research-procure-diag] day=7 phase=0 done=0 cands=6 cursor=0 enabled=0 remain=0 budget=0 gate_mask=0x3fe research_gate=1 orders=0 rej=0 procured=0 last_err=
[climate/worker][b8] paw day=8 cell=70 moisture=0.788619 wb30=-0.000847613 soil=-0.00173508 paw=0.788068 zeros(water=1619 land=3) nonzero=778 weights(wb=0.35 soil=0.25 dry=0.65) round=1 distribute=1 hydrology=0
[country][parity] worker_day=8 uncompared reference_range=2..2 depth=1
[research-procure-diag] day=8 phase=0 done=0 cands=6 cursor=0 enabled=0 remain=0 budget=0 gate_mask=0x3fe research_gate=1 orders=0 rej=0 procured=0 last_err=
[climate/worker][b8] paw day=9 cell=70 moisture=0.786613 wb30=-0.000971772 soil=-0.00204882 paw=0.785981 zeros(water=1619 land=3) nonzero=778 weights(wb=0.35 soil=0.25 dry=0.65) round=1 distribute=1 hydrology=0
[country][parity] worker_day=9 uncompared reference_range=2..2 depth=1
[research-procure-diag] day=9 phase=0 done=0 cands=6 cursor=0 enabled=0 remain=0 budget=0 gate_mask=0x3fe research_gate=1 orders=0 rej=0 procured=0 last_err=
[climate/worker][b8] paw day=10 cell=70 moisture=0.785535 wb30=-0.00109155 soil=-0.00235255 paw=0.784825 zeros(water=1619 land=4) nonzero=777 weights(wb=0.35 soil=0.25 dry=0.65) round=1 distribute=1 hydrology=0
[research-procure-diag] day=10 phase=0 done=0 cands=6 cursor=0 enabled=0 remain=0 budget=0 gate_mask=0x3fe research_gate=1 orders=0 rej=0 procured=0 last_err=
[climate/worker][b8] paw day=11 cell=70 moisture=0.784489 wb30=-0.00120709 soil=-0.00264661 paw=0.783704 zeros(water=1619 land=4) nonzero=777 weights(wb=0.35 soil=0.25 dry=0.65) round=1 distribute=1 hydrology=0
[research-procure-diag] day=11 phase=0 done=0 cands=6 cursor=0 enabled=0 remain=0 budget=0 gate_mask=0x3fe research_gate=1 orders=0 rej=0 procured=0 last_err=
[climate/worker][b8] paw day=12 cell=70 moisture=0.783348 wb30=-0.00131853 soil=-0.00293122 paw=0.782491 zeros(water=1619 land=4) nonzero=777 weights(wb=0.35 soil=0.25 dry=0.65) round=1 distribute=1 hydrology=0
[research-procure-diag] day=12 phase=0 done=0 cands=6 cursor=0 enabled=0 remain=0 budget=0 gate_mask=0x3fe research_gate=1 orders=0 rej=0 procured=0 last_err=
[climate/worker][b8] paw day=13 cell=70 moisture=0.782374 wb30=-0.00142602 soil=-0.00320676 paw=0.781447 zeros(water=1619 land=4) nonzero=777 weights(wb=0.35 soil=0.25 dry=0.65) round=1 distribute=1 hydrology=0
[research-procure-diag] day=13 phase=0 done=0 cands=6 cursor=0 enabled=0 remain=0 budget=0 gate_mask=0x3fe research_gate=1 orders=0 rej=0 procured=0 last_err=
[research-procure-diag] day=14 phase=0 done=0 cands=6 cursor=0 enabled=0 remain=0 budget=0 gate_mask=0x3fe research_gate=1 orders=0 rej=0 procured=0 last_err=
[research-procure-diag] day=15 phase=0 done=0 cands=6 cursor=0 enabled=0 remain=0 budget=0 gate_mask=0x3fe research_gate=1 orders=0 rej=0 procured=0 last_err=
[research-procure-diag] day=16 phase=0 done=0 cands=6 cursor=0 enabled=0 remain=0 budget=0 gate_mask=0x3fe research_gate=1 orders=0 rej=0 procured=0 last_err=
[research-procure-diag] day=17 phase=0 done=0 cands=6 cursor=0 enabled=0 remain=0 budget=0 gate_mask=0x3fe research_gate=1 orders=0 rej=0 procured=0 last_err=
[research-procure-diag] day=18 phase=0 done=0 cands=6 cursor=0 enabled=0 remain=0 budget=0 gate_mask=0x3fe research_gate=1 orders=0 rej=0 procured=0 last_err=
[research-procure-diag] day=19 phase=0 done=0 cands=6 cursor=0 enabled=0 remain=0 budget=0 gate_mask=0x3fe research_gate=1 orders=0 rej=0 procured=0 last_err=
[research-procure-diag] day=20 phase=0 done=0 cands=6 cursor=0 enabled=0 remain=0 budget=0 gate_mask=0x3fe research_gate=1 orders=0 rej=0 procured=0 last_err=
[research-procure-diag] day=21 phase=0 done=0 cands=6 cursor=0 enabled=0 remain=0 budget=0 gate_mask=0x3fe research_gate=1 orders=0 rej=0 procured=0 last_err=
[research-procure-diag] day=22 phase=0 done=0 cands=6 cursor=0 enabled=0 remain=0 budget=0 gate_mask=0x3fe research_gate=1 orders=0 rej=0 procured=0 last_err=
[research-procure-diag] day=23 phase=0 done=0 cands=6 cursor=0 enabled=0 remain=0 budget=0 gate_mask=0x3fe research_gate=1 orders=0 rej=0 procured=0 last_err=
[research-procure-diag] day=24 phase=0 done=0 cands=6 cursor=0 enabled=0 remain=0 budget=0 gate_mask=0x3fe research_gate=1 orders=0 rej=0 procured=0 last_err=
[economy-open-finish] day=100 country=0.332 workset=0.029 fiscal=0.033 csr=0.004 recovery=0.021 vectors=0.918 audit=0.729 commands=0.001
[economy-prelude-cost] day=100 ms=2.324 pending=0
[economy-aggregate-cost] day=100 publish_ms=2.507 native_hash_ms=0.323
[economy-ledger-cost] day=100 copy_ms=0.549 validate_ms=0.164 hash_ms=0.000 cohorts=384 markets=321600
[economy-boundary-cost] day=100 formulas_ms=8.598 stages_ms=5.658 mirror_ms=1.273
[runtime-day-cost] day=100 ok=1 ms=14.351
[economy-open-finish] day=200 country=0.281 workset=0.030 fiscal=0.034 csr=0.004 recovery=0.020 vectors=0.924 audit=0.742 commands=0.001
[economy-prelude-cost] day=200 ms=2.405 pending=0
[economy-aggregate-cost] day=200 publish_ms=3.090 native_hash_ms=0.618
[economy-ledger-cost] day=200 copy_ms=0.790 validate_ms=0.175 hash_ms=0.000 cohorts=384 markets=321600
[economy-boundary-cost] day=200 formulas_ms=10.161 stages_ms=7.085 mirror_ms=1.867
[runtime-day-cost] day=200 ok=1 ms=17.755
[economy-open-finish] day=300 country=0.478 workset=0.050 fiscal=0.079 csr=0.008 recovery=0.033 vectors=1.569 audit=1.418 commands=0.002
[economy-prelude-cost] day=300 ms=4.126 pending=0
[economy-aggregate-cost] day=300 publish_ms=2.887 native_hash_ms=0.333
[economy-ledger-cost] day=300 copy_ms=0.628 validate_ms=0.166 hash_ms=0.000 cohorts=384 markets=321600
[economy-boundary-cost] day=300 formulas_ms=13.505 stages_ms=8.285 mirror_ms=1.369
[runtime-day-cost] day=300 ok=1 ms=23.677
[economy-open-finish] day=400 country=0.385 workset=0.039 fiscal=0.038 csr=0.005 recovery=0.028 vectors=1.192 audit=0.854 commands=0.001
[economy-prelude-cost] day=400 ms=2.837 pending=0
[economy-aggregate-cost] day=400 publish_ms=2.622 native_hash_ms=0.321
[economy-ledger-cost] day=400 copy_ms=0.761 validate_ms=0.170 hash_ms=0.000 cohorts=384 markets=321600
[economy-boundary-cost] day=400 formulas_ms=9.743 stages_ms=6.054 mirror_ms=1.500
[runtime-day-cost] day=400 ok=1 ms=16.300
[economy-open-finish] day=500 country=0.251 workset=0.025 fiscal=0.034 csr=0.004 recovery=0.021 vectors=0.860 audit=0.690 commands=0.001
[economy-prelude-cost] day=500 ms=2.157 pending=0
[economy-aggregate-cost] day=500 publish_ms=2.288 native_hash_ms=0.307
[economy-ledger-cost] day=500 copy_ms=0.618 validate_ms=0.158 hash_ms=0.000 cohorts=384 markets=321600
[economy-boundary-cost] day=500 formulas_ms=8.376 stages_ms=5.622 mirror_ms=1.329
[runtime-day-cost] day=500 ok=1 ms=13.994
[economy-open-finish] day=600 country=0.273 workset=0.029 fiscal=0.035 csr=0.004 recovery=0.022 vectors=0.934 audit=0.719 commands=0.001
[economy-prelude-cost] day=600 ms=2.278 pending=0
[economy-aggregate-cost] day=600 publish_ms=2.522 native_hash_ms=0.368
[economy-ledger-cost] day=600 copy_ms=0.766 validate_ms=0.166 hash_ms=0.000 cohorts=384 markets=321600
[economy-boundary-cost] day=600 formulas_ms=8.905 stages_ms=6.014 mirror_ms=1.500
[runtime-day-cost] day=600 ok=1 ms=15.548
[economy-open-finish] day=700 country=0.269 workset=0.026 fiscal=0.032 csr=0.004 recovery=0.022 vectors=0.905 audit=0.717 commands=0.001
[economy-prelude-cost] day=700 ms=2.265 pending=0
[economy-aggregate-cost] day=700 publish_ms=2.319 native_hash_ms=0.329
[economy-ledger-cost] day=700 copy_ms=0.467 validate_ms=0.157 hash_ms=0.000 cohorts=384 markets=321600
[economy-boundary-cost] day=700 formulas_ms=9.283 stages_ms=6.402 mirror_ms=1.145
[runtime-day-cost] day=700 ok=1 ms=14.702
[economy-open-finish] day=800 country=0.261 workset=0.026 fiscal=0.034 csr=0.004 recovery=0.023 vectors=0.893 audit=0.720 commands=0.001
[economy-prelude-cost] day=800 ms=2.244 pending=0
[economy-aggregate-cost] day=800 publish_ms=2.276 native_hash_ms=0.317
[economy-ledger-cost] day=800 copy_ms=0.652 validate_ms=0.166 hash_ms=0.000 cohorts=384 markets=321600
[economy-boundary-cost] day=800 formulas_ms=8.642 stages_ms=5.715 mirror_ms=1.371
[runtime-day-cost] day=800 ok=1 ms=14.433
[economy-open-finish] day=900 country=0.278 workset=0.026 fiscal=0.033 csr=0.004 recovery=0.022 vectors=0.887 audit=0.758 commands=0.001
[economy-prelude-cost] day=900 ms=2.371 pending=0
[economy-aggregate-cost] day=900 publish_ms=2.485 native_hash_ms=0.334
[economy-ledger-cost] day=900 copy_ms=0.742 validate_ms=0.167 hash_ms=0.000 cohorts=384 markets=321600
[economy-boundary-cost] day=900 formulas_ms=9.245 stages_ms=6.154 mirror_ms=1.503
[runtime-day-cost] day=900 ok=1 ms=16.136
[economy-open-finish] day=1000 country=0.259 workset=0.027 fiscal=0.036 csr=0.004 recovery=0.022 vectors=0.888 audit=0.708 commands=0.001
[economy-prelude-cost] day=1000 ms=2.263 pending=0
[economy-aggregate-cost] day=1000 publish_ms=2.240 native_hash_ms=0.310
[economy-ledger-cost] day=1000 copy_ms=0.513 validate_ms=0.159 hash_ms=0.000 cohorts=384 markets=321600
[economy-boundary-cost] day=1000 formulas_ms=8.505 stages_ms=5.610 mirror_ms=1.238
[runtime-day-cost] day=1000 ok=1 ms=13.972
[economy-open-finish] day=1100 country=0.251 workset=0.026 fiscal=0.031 csr=0.004 recovery=0.022 vectors=0.855 audit=0.692 commands=0.001
[economy-prelude-cost] day=1100 ms=2.204 pending=0
[economy-aggregate-cost] day=1100 publish_ms=2.059 native_hash_ms=0.323
[economy-ledger-cost] day=1100 copy_ms=0.528 validate_ms=0.154 hash_ms=0.000 cohorts=384 markets=321600
[economy-boundary-cost] day=1100 formulas_ms=8.062 stages_ms=5.307 mirror_ms=1.179
[runtime-day-cost] day=1100 ok=1 ms=13.496
[economy-open-finish] day=1200 country=0.250 workset=0.027 fiscal=0.030 csr=0.004 recovery=0.022 vectors=0.854 audit=0.690 commands=0.001
[economy-prelude-cost] day=1200 ms=2.159 pending=0
[economy-aggregate-cost] day=1200 publish_ms=2.204 native_hash_ms=0.294
[economy-ledger-cost] day=1200 copy_ms=0.568 validate_ms=0.169 hash_ms=0.000 cohorts=384 markets=321600
[economy-boundary-cost] day=1200 formulas_ms=8.172 stages_ms=5.402 mirror_ms=1.269
[runtime-day-cost] day=1200 ok=1 ms=14.236
[economy-open-finish] day=1300 country=0.269 workset=0.029 fiscal=0.035 csr=0.004 recovery=0.023 vectors=1.068 audit=1.288 commands=0.002
[economy-prelude-cost] day=1300 ms=3.116 pending=0
[economy-aggregate-cost] day=1300 publish_ms=2.698 native_hash_ms=0.384
[economy-ledger-cost] day=1300 copy_ms=0.725 validate_ms=0.167 hash_ms=0.000 cohorts=384 markets=321600
[economy-boundary-cost] day=1300 formulas_ms=9.853 stages_ms=6.079 mirror_ms=1.458
[runtime-day-cost] day=1300 ok=1 ms=16.096
[economy-open-finish] day=1400 country=0.335 workset=0.046 fiscal=0.041 csr=0.006 recovery=0.032 vectors=1.317 audit=1.168 commands=0.001
[economy-prelude-cost] day=1400 ms=3.229 pending=0
[economy-aggregate-cost] day=1400 publish_ms=2.845 native_hash_ms=0.345
[economy-ledger-cost] day=1400 copy_ms=0.768 validate_ms=0.175 hash_ms=0.000 cohorts=384 markets=321600
[economy-boundary-cost] day=1400 formulas_ms=10.405 stages_ms=6.462 mirror_ms=1.519
[runtime-day-cost] day=1400 ok=1 ms=17.721
[economy-open-finish] day=1500 country=0.255 workset=0.029 fiscal=0.040 csr=0.004 recovery=0.022 vectors=0.977 audit=0.821 commands=0.002
[economy-prelude-cost] day=1500 ms=2.428 pending=0
[economy-aggregate-cost] day=1500 publish_ms=2.211 native_hash_ms=0.303
[economy-ledger-cost] day=1500 copy_ms=0.715 validate_ms=0.166 hash_ms=0.000 cohorts=384 markets=321600
[economy-boundary-cost] day=1500 formulas_ms=9.064 stages_ms=5.786 mirror_ms=1.444
[runtime-day-cost] day=1500 ok=1 ms=15.853
[economy-open-finish] day=1600 country=0.260 workset=0.035 fiscal=0.019 csr=0.004 recovery=0.026 vectors=0.957 audit=0.692 commands=0.002
[economy-prelude-cost] day=1600 ms=2.277 pending=0
[economy-aggregate-cost] day=1600 publish_ms=2.345 native_hash_ms=0.349
[economy-ledger-cost] day=1600 copy_ms=0.743 validate_ms=0.157 hash_ms=0.000 cohorts=384 markets=321600
[economy-boundary-cost] day=1600 formulas_ms=8.752 stages_ms=5.851 mirror_ms=1.480
[runtime-day-cost] day=1600 ok=1 ms=14.643
[economy-open-finish] day=1700 country=0.293 workset=0.029 fiscal=0.036 csr=0.004 recovery=0.024 vectors=0.899 audit=0.742 commands=0.001
[economy-prelude-cost] day=1700 ms=2.280 pending=0
[economy-aggregate-cost] day=1700 publish_ms=2.741 native_hash_ms=0.320
[economy-ledger-cost] day=1700 copy_ms=0.682 validate_ms=0.326 hash_ms=0.000 cohorts=384 markets=321600
[economy-boundary-cost] day=1700 formulas_ms=9.326 stages_ms=6.436 mirror_ms=1.675
[runtime-day-cost] day=1700 ok=1 ms=15.388
[economy-open-finish] day=1800 country=0.248 workset=0.024 fiscal=0.031 csr=0.004 recovery=0.023 vectors=0.875 audit=0.714 commands=0.001
[economy-prelude-cost] day=1800 ms=2.168 pending=0
[economy-aggregate-cost] day=1800 publish_ms=2.046 native_hash_ms=0.311
[economy-ledger-cost] day=1800 copy_ms=0.623 validate_ms=0.163 hash_ms=0.000 cohorts=384 markets=321600
[economy-boundary-cost] day=1800 formulas_ms=8.174 stages_ms=5.420 mirror_ms=1.338
[runtime-day-cost] day=1800 ok=1 ms=14.524
[economy-open-finish] day=1900 country=0.283 workset=0.031 fiscal=0.039 csr=0.004 recovery=0.024 vectors=0.902 audit=0.714 commands=0.001
[economy-prelude-cost] day=1900 ms=2.286 pending=0
[economy-aggregate-cost] day=1900 publish_ms=2.276 native_hash_ms=0.363
[economy-ledger-cost] day=1900 copy_ms=0.774 validate_ms=0.161 hash_ms=0.000 cohorts=384 markets=321600
[economy-boundary-cost] day=1900 formulas_ms=8.560 stages_ms=5.628 mirror_ms=1.510
[runtime-day-cost] day=1900 ok=1 ms=14.712
[economy-open-finish] day=2000 country=0.254 workset=0.026 fiscal=0.035 csr=0.004 recovery=0.023 vectors=0.838 audit=0.698 commands=0.001
[economy-prelude-cost] day=2000 ms=2.146 pending=0
[economy-aggregate-cost] day=2000 publish_ms=2.556 native_hash_ms=0.318
[economy-ledger-cost] day=2000 copy_ms=0.664 validate_ms=0.160 hash_ms=0.000 cohorts=384 markets=321600
[economy-boundary-cost] day=2000 formulas_ms=8.541 stages_ms=5.799 mirror_ms=1.420
[runtime-day-cost] day=2000 ok=1 ms=14.300
[economy-open-finish] day=2100 country=0.287 workset=0.029 fiscal=0.037 csr=0.005 recovery=0.026 vectors=1.080 audit=0.878 commands=0.001
[economy-prelude-cost] day=2100 ms=2.682 pending=0
[economy-aggregate-cost] day=2100 publish_ms=2.772 native_hash_ms=0.356
[economy-ledger-cost] day=2100 copy_ms=0.552 validate_ms=0.166 hash_ms=0.000 cohorts=384 markets=321600
[economy-boundary-cost] day=2100 formulas_ms=10.380 stages_ms=6.993 mirror_ms=1.270
[runtime-day-cost] day=2100 ok=1 ms=17.161
ERROR: 46 RID allocations of type 'N10RendererRD14TextureStorage7TextureE' were leaked at exit.
WARNING: 79 RIDs of type "Texture" were leaked.
   at: finalize (servers/rendering/rendering_device.cpp:7505)
ERROR: 19 RID allocations of type 'PN18TextServerAdvanced22ShapedTextDataAdvancedE' were leaked at exit.
ERROR: 1 RID allocations of type 'PN18TextServerAdvanced12FontAdvancedE' were leaked at exit.
WARNING: ObjectDB instances leaked at exit (run with --verbose for details).
   at: cleanup (core/object/object.cpp:2641)
ERROR: 986 resources still in use at exit (run with --verbose for details).
   at: clear (core/io/resource.cpp:810)
