Godot Engine v4.6.2.stable.official.71f334935 - https://godotengine.org

[ui-layout-diag/bind_ui] is_web=false viewport_visible_rect=[P: (0.0, 0.0), S: (51.2, 51.2)] window_size=(64, 64) content_scale_factor=1.250 content_scale_mode=0 device_pixel_ratio=-1.000 top_bar_rect=[P: (0.0, 0.0), S: (543.0, 56.0)] right_panel_rect=[P: (-408.8, 68.0), S: (460.0, 366.0)] country_action_bar_rect=[P: (8.0, -30.8), S: (336.0, 74.0)]
[stage-c] authority=ACTIVE worker=ACTIVE
[building-visual] queue_probe ticks=1 queued=0 chunk=-1 camera_rect=[P: (-25.6, -25.6), S: (51.2, 51.2)] prefetch=false zoom=1.000
[building-visual] queue_probe ticks=2 queued=0 chunk=-1 camera_rect=[P: (-25.6, -25.6), S: (51.2, 51.2)] prefetch=false zoom=1.000
[native_generation/base] path=gdext algorithm=post_base_priority_flood_hydrology_v3 n=2400 native_ms=6.700 water=1553 land=847
[native_generation/post_base] path=gdext algorithm=post_base_priority_flood_hydrology_v3 n=2400 native_ms=1.411 lakes=4 rivers=105 volcanoes=0
[native_generation/vegetation] native_ms=0.532 candidates=841 none=1169 score=[0.000,1.236,1.114] plant_water_land=856 river_adjacent_desert=0 coastal_highland_desert=0 terrain_weight=[0.180,1.200]
[native_generation/qa] single_water=0 tiny<=3=0 small<=5=0 bodies=1 largest=1544 | land_below_sea=0.7% | terr_distinct=21 entropy=3.183bit | river_ratio=4.375%
MapGenerator v7: per-cell 58ms (2400 cells, path=gdext)
[building-visual] queue_probe ticks=3 queued=0 chunk=-1 camera_rect=[P: (-25.6, -25.6), S: (51.2, 51.2)] prefetch=false zoom=1.000
MapBaker v6: hm=(1024, 606) seed=1735228708
    [fused] terrain=70.2ms erosion=2.0ms(ok=true) river=11.2ms(ok=true) latitude=0.1ms coast_sdf=3.5ms(ok=true)
  geometry fields (fused C++): 145ms
  physical circulation hex solve: deferred until DCWorldExt bind (ext=true idx=true soa=false)
  wind/ocean pixel buffers: skipped (ocean_current_visual off)
  visual tiles: {"degradation_reason":"","effective_budget_px":1717248,"effective_texels_per_hex":16.0059221751742,"effective_world_units_per_texel":"(1.373983, 1.375)","estimated_peak_bytes":68402880,"estimated_resident_bytes":40340160,"fallback_reason":"","generation_id":1,"grid_size":"(4, 3)","gutter_px":2,"hex_size":22.0,"horizon_path":"neutral_pending","interior_size":"(416, 344)","layer_size":"(420, 348)","layers":[{"bake_ms":45.7764,"coast_sdf_max_dist_px":13.6162309214075,"distance_scale":1.70202886517594,"edge_distance_saturate_hex":0.9,"edge_distance_units":"normalized_hex_center_gap","hashes":{"edge_distance":-4603098080143260562,"edge_neighbor":4057764273350575789,"height":-9124830669634210576,"map_index":1015450256520461008,"terrain_detail":1415298026641868910,"terrain_normal":4240255112308713771,"water_depth":2330624858830770480},"layer":0,"normal_radius_px":"(22, 22)","raster_scale":"(1.701088, 1.70297)","river_sdf_max_dist_px":5.9571010281158,"shore_carve_band_px":10,"upload_ms":0.062,"wall_ms":45.946},{"bake_ms":59.8916,"coast_sdf_max_dist_px":13.6162309214075,"distance_scale":1.70202886517594,"edge_distance_saturate_hex":0.9,"edge_distance_units":"normalized_hex_center_gap","hashes":{"edge_distance":4583573183968817086,"edge_neighbor":6466940111421570636,"height":5790856781181676511,"map_index":5990047724644026299,"terrain_detail":1806575389526097655,"terrain_normal":3908465376956190299,"water_depth":2547432928052609473},"layer":1,"normal_radius_px":"(22, 22)","raster_scale":"(1.701088, 1.70297)","river_sdf_max_dist_px":5.9571010281158,"shore_carve_band_px":10,"upload_ms":0.065,"wall_ms":60.053},{"bake_ms":59.7937,"coast_sdf_max_dist_px":13.6162309214075,"distance_scale":1.70202886517594,"edge_distance_saturate_hex":0.9,"edge_distance_units":"normalized_hex_center_gap","hashes":{"edge_distance":-2526323355750389439,"edge_neighbor":7015029410290978361,"height":-8150332218754556700,"map_index":329090656303652193,"terrain_detail":-392433696576850044,"terrain_normal":-4965863177888236808,"water_depth":-7217348512352819415},"layer":2,"normal_radius_px":"(22, 22)","raster_scale":"(1.701088, 1.70297)","river_sdf_max_dist_px":5.9571010281158,"shore_carve_band_px":10,"upload_ms":0.065,"wall_ms":59.956},{"bake_ms":88.4372,"coast_sdf_max_dist_px":13.6162309214075,"distance_scale":1.70202886517594,"edge_distance_saturate_hex":0.9,"edge_distance_units":"normalized_hex_center_gap","hashes":{"edge_distance":-4179826732684646787,"edge_neighbor":-5337848294581530626,"height":-7426228563537643593,"map_index":1239439826928151201,"terrain_detail":-8513326582372265254,"terrain_normal":8092780547537771097,"water_depth":-6092640318278072007},"layer":3,"normal_radius_px":"(22, 22)","raster_scale":"(1.701088, 1.70297)","river_sdf_max_dist_px":5.9571010281158,"shore_carve_band_px":10,"upload_ms":0.056,"wall_ms":88.573},{"bake_ms":51.6373,"coast_sdf_max_dist_px":13.6162309214075,"distance_scale":1.70202886517594,"edge_distance_saturate_hex":0.9,"edge_distance_units":"normalized_hex_center_gap","hashes":{"edge_distance":2136869506241081992,"edge_neighbor":-8797880867138963685,"height":-4924567352001132959,"map_index":-4231209514887179977,"terrain_detail":8772909128008927660,"terrain_normal":-6784207502925496102,"water_depth":-7492134226470272506},"layer":4,"normal_radius_px":"(22, 22)","raster_scale":"(1.701088, 1.70297)","river_sdf_max_dist_px":5.9571010281158,"shore_carve_band_px":10,"upload_ms":0.058,"wall_ms":51.786},{"bake_ms":89.1469,"coast_sdf_max_dist_px":13.6162309214075,"distance_scale":1.70202886517594,"edge_distance_saturate_hex":0.9,"edge_distance_units":"normalized_hex_center_gap","hashes":{"edge_distance":6673149775916606392,"edge_neighbor":-8413630352766524385,"height":-6889378239635599087,"map_index":-3551392040916973266,"terrain_detail":1687709548716503895,"terrain_normal":3946453442722986154,"water_depth":6600269933117438995},"layer":5,"normal_radius_px":"(22, 22)","raster_scale":"(1.701088, 1.70297)","river_sdf_max_dist_px":5.9571010281158,"shore_carve_band_px":10,"upload_ms":0.062,"wall_ms":89.3},{"bake_ms":58.9066,"coast_sdf_max_dist_px":13.6162309214075,"distance_scale":1.70202886517594,"edge_distance_saturate_hex":0.9,"edge_distance_units":"normalized_hex_center_gap","hashes":{"edge_distance":361706081270387103,"edge_neighbor":-8688139845739281855,"height":699499231114171702,"map_index":-2682228531129457940,"terrain_detail":-8811551234231146331,"terrain_normal":-265631937775218288,"water_depth":6856409090380917935},"layer":6,"normal_radius_px":"(22, 22)","raster_scale":"(1.701088, 1.70297)","river_sdf_max_dist_px":5.9571010281158,"shore_carve_band_px":10,"upload_ms":0.07,"wall_ms":59.079},{"bake_ms":62.9761,"coast_sdf_max_dist_px":13.6162309214075,"distance_scale":1.70202886517594,"edge_distance_saturate_hex":0.9,"edge_distance_units":"normalized_hex_center_gap","hashes":{"edge_distance":-6250500223095183093,"edge_neighbor":5418444607076768559,"height":1419229568066409352,"map_index":4380956599171502337,"terrain_detail":-894743883384344824,"terrain_normal":4459428523621274975,"water_depth":-6366031586637808975},"layer":7,"normal_radius_px":"(22, 22)","raster_scale":"(1.701088, 1.70297)","river_sdf_max_dist_px":5.9571010281158,"shore_carve_band_px":10,"upload_ms":0.058,"wall_ms":63.12},{"bake_ms":60.8834,"coast_sdf_max_dist_px":13.6162309214075,"distance_scale":1.70202886517594,"edge_distance_saturate_hex":0.9,"edge_distance_units":"normalized_hex_center_gap","hashes":{"edge_distance":8492285698888321900,"edge_neighbor":3199635046979891388,"height":4828838600007938123,"map_index":-7514139010467297966,"terrain_detail":-8950604297692130837,"terrain_normal":-3593785506946687824,"water_depth":5761060537573716235},"layer":8,"normal_radius_px":"(22, 22)","raster_scale":"(1.701088, 1.70297)","river_sdf_max_dist_px":5.9571010281158,"shore_carve_band_px":10,"upload_ms":0.057,"wall_ms":61.029},{"bake_ms":80.3706,"coast_sdf_max_dist_px":13.6162309214075,"distance_scale":1.70202886517594,"edge_distance_saturate_hex":0.9,"edge_distance_units":"normalized_hex_center_gap","hashes":{"edge_distance":9117926548072241235,"edge_neighbor":-7557104988675294500,"height":618468365387938347,"map_index":-5885543932102826664,"terrain_detail":3877245088374033799,"terrain_normal":-6778421208245397131,"water_depth":2200779154463963187},"layer":9,"normal_radius_px":"(22, 22)","raster_scale":"(1.701088, 1.70297)","river_sdf_max_dist_px":5.9571010281158,"shore_carve_band_px":10,"upload_ms":0.059,"wall_ms":80.514},{"bake_ms":38.9194,"coast_sdf_max_dist_px":13.6162309214075,"distance_scale":1.70202886517594,"edge_distance_saturate_hex":0.9,"edge_distance_units":"normalized_hex_center_gap","hashes":{"edge_distance":-3745585455065177449,"edge_neighbor":2404961067888014635,"height":-3115442796632843800,"map_index":-6211809985430628861,"terrain_detail":1161812488860344551,"terrain_normal":6456972146840247766,"water_depth":1987210436922770546},"layer":10,"normal_radius_px":"(22, 22)","raster_scale":"(1.701088, 1.70297)","river_sdf_max_dist_px":5.9571010281158,"shore_carve_band_px":10,"upload_ms":0.061,"wall_ms":39.075},{"bake_ms":37.8869,"coast_sdf_max_dist_px":13.6162309214075,"distance_scale":1.70202886517594,"edge_distance_saturate_hex":0.9,"edge_distance_units":"normalized_hex_center_gap","hashes":{"edge_distance":-1470570636688572573,"edge_neighbor":-6057560351645416949,"height":-5827593206795043862,"map_index":-2248414732901839783,"terrain_detail":7630543887994105174,"terrain_normal":8582387156502791927,"water_depth":-6103088449435849452},"layer":11,"normal_radius_px":"(22, 22)","raster_scale":"(1.701088, 1.70297)","river_sdf_max_dist_px":5.9571010281158,"shore_carve_band_px":10,"upload_ms":0.062,"wall_ms":38.037}],"logical_size":"(1664, 1032)","mode":"tiled","path":"visual_tiled_static","profile":"desktop_high","renderer":"mobile","requested_budget_px":1716216,"requested_texels_per_hex":16.0,"requested_tile_world_span":"(704.0, 704.0)","requested_world_units_per_texel":1.375,"tile_world_area":270355.817993164,"tile_world_span":"(571.5768, 473.0)","total_ms":739.651,"visual_domain":"[P: (0.0, -44.0), S: (2286.307, 1419.0)]","wrap_period_x":2286.30706599092,"wrap_x":true}
WARNING: Loaded resource as image file, this will not work on export: 'res://assets/textures/terrain_materials/organic.png'. Instead, import the image file as an Image resource and load it normally as a resource.
   at: load (core/io/image.cpp:2756)
   GDScript backtrace (most recent call first):
       [0] _build_terrain_material_tex (res://scripts/rendering/map_baker.gd:360)
       [1] get_or_build_shared_terrain_material_tex (res://scripts/rendering/map_baker.gd:343)
       [2] bake_world (res://scripts/rendering/map_baker.gd:1187)
       [3] _yield_generation_frame (res://scripts/rendering/map_baker.gd:1225)
WARNING: Loaded resource as image file, this will not work on export: 'res://assets/textures/terrain_materials/dry_sand.png'. Instead, import the image file as an Image resource and load it normally as a resource.
   at: load (core/io/image.cpp:2756)
   GDScript backtrace (most recent call first):
       [0] _build_terrain_material_tex (res://scripts/rendering/map_baker.gd:360)
       [1] get_or_build_shared_terrain_material_tex (res://scripts/rendering/map_baker.gd:343)
       [2] bake_world (res://scripts/rendering/map_baker.gd:1187)
       [3] _yield_generation_frame (res://scripts/rendering/map_baker.gd:1225)
WARNING: Loaded resource as image file, this will not work on export: 'res://assets/textures/terrain_materials/rock.png'. Instead, import the image file as an Image resource and load it normally as a resource.
   at: load (core/io/image.cpp:2756)
   GDScript backtrace (most recent call first):
       [0] _build_terrain_material_tex (res://scripts/rendering/map_baker.gd:360)
       [1] get_or_build_shared_terrain_material_tex (res://scripts/rendering/map_baker.gd:343)
       [2] bake_world (res://scripts/rendering/map_baker.gd:1187)
       [3] _yield_generation_frame (res://scripts/rendering/map_baker.gd:1225)
WARNING: Loaded resource as image file, this will not work on export: 'res://assets/textures/terrain_materials/snow_wet.png'. Instead, import the image file as an Image resource and load it normally as a resource.
   at: load (core/io/image.cpp:2756)
   GDScript backtrace (most recent call first):
       [0] _build_terrain_material_tex (res://scripts/rendering/map_baker.gd:360)
       [1] get_or_build_shared_terrain_material_tex (res://scripts/rendering/map_baker.gd:343)
       [2] bake_world (res://scripts/rendering/map_baker.gd:1187)
       [3] _yield_generation_frame (res://scripts/rendering/map_baker.gd:1225)
  cell LUT encode: deferred until DCWorldExt bind
  encode: 2788ms
MapBaker v6: total 2941ms
MapGenerator v7: bake 2963ms
MapGenerator: skip _compute_ocean_currents (physical-hex path writes per-cell directly)
MapGenerator: skip _compute_terrain_perturbed_wind (physical-hex solver writes per-cell)
[SUS] sim budget strict=false frame=8.00ms warn=2.00ms slice=0.75ms upload=1.50ms scheduler=DCSystemScheduler native_sus=auto
[DCWorldExt] bind_map_data: 148 components bound (auto-registered=148; snapshot model; see world_ext.cpp comment & charter Â§11)
[DataCore] _data_core_world_ext bound=true (climate co-processor; class=DCWorldExt)
[native_world] configure rc=0 reason=configured cells=2400 wrap_period_x=103.923
[native_generation] path=gdext n=2400 published=9 native_ms=0.105 compute_ms=0.061 flush_ms=0.044
[hex_cell] facade ENABLED (2400 cells bound; ext=true)
[DataCore] _baker climate_profile injected=true (fixes WorldData.config==null sea_ice prepare path)
[phys_solve][oneshot] OK slp=0.97ms wind=0.38ms psi=0.30ms(ran=true) upwelling=0.03ms total=2.11ms
PhysicalCirculation solve@phase=1.50 total=3ms (C++ one-shot run_physical_solve_pass)
  wind/ocean pixel buffers: skipped (ocean_current_visual off)
[physical_init] deferred native refresh complete: 3ms
[cell_lut] deferred encode: 1ms path=gdext
[bio-occupancy] seed landmasses=10 provinces=10 species=20 secondary_hearths=22
[bio-occupancy]   bio.maize envelope=56 hearth=17 seeded_landmasses=1 primary_landmass=8 primary_envelope=31 occupied=17 occupied/envelope=0.55
[bio-occupancy]   bio.wheat envelope=225 hearth=58 seeded_landmasses=3 primary_landmass=1 primary_envelope=21 occupied=58 occupied/envelope=2.76
[bio-occupancy]   bio.rice envelope=71 hearth=19 seeded_landmasses=4 primary_landmass=2 primary_envelope=23 occupied=19 occupied/envelope=0.83
[bio-occupancy]   bio.potato envelope=163 hearth=55 seeded_landmasses=3 primary_landmass=8 primary_envelope=86 occupied=55 occupied/envelope=0.64
[bio-occupancy]   bio.horse envelope=242 hearth=48 seeded_landmasses=4 primary_landmass=2 primary_envelope=70 occupied=48 occupied/envelope=0.69
[bio-occupancy]   bio.cotton envelope=119 hearth=12 seeded_landmasses=1 primary_landmass=7 primary_envelope=22 occupied=12 occupied/envelope=0.55
[bio-occupancy]   bio.flax envelope=212 hearth=17 seeded_landmasses=2 primary_landmass=1 primary_envelope=21 occupied=17 occupied/envelope=0.81
[bio-occupancy]   bio.spice envelope=100 hearth=8 seeded_landmasses=2 primary_landmass=2 primary_envelope=26 occupied=8 occupied/envelope=0.31
[bio-occupancy]   bio.rubber envelope=56 hearth=7 seeded_landmasses=1 primary_landmass=7 primary_envelope=15 occupied=7 occupied/envelope=0.47
[bio-occupancy]   bio.sheep envelope=34 hearth=8 seeded_landmasses=1 primary_landmass=8 primary_envelope=17 occupied=8 occupied/envelope=0.47
[bio-occupancy]   bio.goat envelope=405 hearth=98 seeded_landmasses=4 primary_landmass=8 primary_envelope=187 occupied=98 occupied/envelope=0.52
[bio-occupancy]   bio.cattle envelope=13 hearth=5 seeded_landmasses=1 primary_landmass=8 primary_envelope=11 occupied=5 occupied/envelope=0.45
[bio-occupancy]   bio.pig envelope=287 hearth=89 seeded_landmasses=5 primary_landmass=8 primary_envelope=129 occupied=89 occupied/envelope=0.69
[bio-occupancy]   bio.camel envelope=45 hearth=6 seeded_landmasses=1 primary_landmass=6 primary_envelope=13 occupied=6 occupied/envelope=0.46
[bio-occupancy]   bio.yak envelope=192 hearth=68 seeded_landmasses=3 primary_landmass=2 primary_envelope=83 occupied=68 occupied/envelope=0.82
[bio-occupancy]   bio.silkworm envelope=144 hearth=23 seeded_landmasses=1 primary_landmass=8 primary_envelope=57 occupied=23 occupied/envelope=0.40
[bio-occupancy]   bio.reed envelope=148 hearth=31 seeded_landmasses=4 primary_landmass=8 primary_envelope=60 occupied=31 occupied/envelope=0.52
[bio-occupancy]   bio.bast_fiber envelope=279 hearth=65 seeded_landmasses=1 primary_landmass=8 primary_envelope=136 occupied=65 occupied/envelope=0.48
[bio-occupancy]   bio.dye_plant envelope=122 hearth=38 seeded_landmasses=2 primary_landmass=8 primary_envelope=53 occupied=38 occupied/envelope=0.72
[bio-occupancy]   bio.medicinal_herb envelope=371 hearth=151 seeded_landmasses=5 primary_landmass=8 primary_envelope=168 occupied=151 occupied/envelope=0.90
[bio-occupancy]   landmass 1 classes=cold_grazer, fiber_forest, dry_grazer, highland_food, open_food, open_grazer, fiber_open, forest_grazer foods=potato, wheat
[bio-occupancy]   landmass 2 classes=cold_grazer, fiber_forest, dry_grazer, open_grazer, fiber_wet, forest_grazer, open_food, highland_food, fiber_open, wetland_food, tropical foods=wheat, potato, rice
[bio-occupancy]   landmass 3 classes=none foods=none
[bio-occupancy]   landmass 4 classes=none foods=none
[bio-occupancy]   landmass 5 classes=none foods=none
[bio-occupancy]   landmass 6 classes=wetland_food, forest_grazer, fiber_wet, fiber_forest, open_grazer, dry_grazer, fiber_open, tropical foods=rice
[bio-occupancy]   landmass 7 classes=fiber_open, tropical, dry_grazer, open_food, open_grazer, fiber_forest, wetland_food, forest_grazer, fiber_wet foods=wheat, rice
[bio-occupancy]   landmass 8 classes=tropical, fiber_open, forest_grazer, dry_grazer, open_food, fiber_forest, wetland_food, open_grazer, highland_food, fiber_wet, cold_grazer foods=maize, rice, potato
[bio-occupancy]   landmass 9 classes=none foods=none
[bio-occupancy]   landmass 10 classes=none foods=none
[weather] gdext acceleration ON (class=DCWorldExt)
[weather] gdext field commit ON
[weather] gdext distribute ON
[weather] gdext summary ON
[weather] hexcell facade ON (skip AoS double-write in hot loop)
[weather] gdext resident knobs ON (class=KnobsHandle)
[economy] ACTIVE native graph cells=2400 goods=134 cohorts=24 epoch_days=1 trade=ACTIVE topology_ready=true topology_generation=1 bootstrap=starter_settlement_bootstrap_v9 founder_families=6 founder_people=6
[country] ACTIVE native authority countries=6 cells=2400 generation=1
[weather/knobs] resident KnobsHandle path ACTIVE — first to_*_knobs_dict hit (field_rebuild_count=1 expected ≤1; stable Hz target ≤1 Hz)
[native_daily] ACTIVE: registered native_daily_sim + natural_resource_daily + bio_occupancy_daily; retained season_refresh + ocean_currents boundary jobs
[DCSystemScheduler] topology: ["season_refresh", "trigger_runtime", "ideology_runtime", "effect_runtime", "modifier_daily", "gameplay_effect", "natural_resource_daily", "bio_occupancy_daily", "enum_atlas_upload", "ocean_currents", "native_daily_sim", "dynamic_visual_atlas_upload", "country_daily", "economy_daily"]
WARNING: [runtime-climate-round] no ClimateDailySystem; SHADOW capture carries no shared pass input
   at: push_warning (core/variant/variant_utility.cpp:1034)
   GDScript backtrace (most recent call first):
       [0] _build_runtime_climate_round_input (res://scripts/geography/map_generator.gd:4651)
       [1] capture_runtime_inputs_for_worker (res://scripts/geography/map_generator.gd:2351)
       [2] generate_world (res://scripts/game/world_runtime_host.gd:609)
       [3] generate (res://scripts/geography/map_generator.gd:1606)
       [4] _yield_generation_frame (res://scripts/geography/map_generator.gd:19867)
WARNING: [runtime-worker] Ideology opinion publish deferred: ideology_opinion_snapshot_invalid
   at: push_warning (core/variant/variant_utility.cpp:1034)
   GDScript backtrace (most recent call first):
       [0] _start_production_shadow_worker (res://scripts/game/world_runtime_host.gd:700)
       [1] generate_world (res://scripts/game/world_runtime_host.gd:618)
       [2] generate (res://scripts/geography/map_generator.gd:1606)
       [3] _yield_generation_frame (res://scripts/geography/map_generator.gd:19867)
[runtime-worker] production ACTIVE started mask=4095 auto_pod=true
[runtime-day-wait] day=1 env_day=0 missing=0x3ff economy_input=-1
[building-visual] intel_refresh requested=32 changed=1 known=1 catalog=400 resident=0 body=0 queued=0 zoom=1.000
[DCSystemScheduler][RT] ocean_skip#1 tick=1 reason=policy_gated slices=0 elapsed=0.000 progress=0.000 source=day_changed
[climate][publish] day=0 round_ran=1 prod_stage=0xff scalar_mask=0x7f alb=0 veg=0 fb=0 weather=0 sr=0 ok=1
[climate/worker][b8] physics_knobs day=1 ready=0 missing=physics_knobs
[climate-kernel][round] shared=1 ok=1 n_cells=2400 mask=0x1FF ran=0x1FF starved=0x0 knobs_cells=2400
[DCSystemScheduler][RT] ocean_skip#2 tick=2 reason=policy_gated slices=0 elapsed=0.000 progress=0.000 source=day_changed
[country][parity] worker_day=1 uncompared reference_range=-1..-1 depth=0
[economy-mirror-cost] day=1 capture_ms=2.609 import_ms=4.145
[phys/knobs] projection ready: slp=31 wind=33 psi=26 up=10
[climate/writeback][b8] day=1 vapor store0=0 map0=0 dirty_fields=42 applied=42
[climate/worker][b8] physics_knobs day=2 ready=1 missing=
[climate/worker][b8] paw day=2 cell=68 moisture=0.717273 wb30=0 soil=0 paw=0.717273 zeros(water=1544 land=5) nonzero=851 weights(wb=0.35 soil=0.25 dry=0.65) round=1 distribute=0 hydrology=0
[climate/worker][b8] physics_knobs day=3 ready=1 missing=
[climate/worker][b8] paw day=3 cell=68 moisture=0.714422 wb30=0 soil=0 paw=0.714422 zeros(water=1544 land=7) nonzero=849 weights(wb=0.35 soil=0.25 dry=0.65) round=1 distribute=0 hydrology=0
[country][parity] worker_day=3 uncompared reference_range=2..2 depth=1
[climate/writeback][b8] day=2 vapor store0=0 map0=0 dirty_fields=52 applied=52
[climate/worker][b8] physics_knobs day=4 ready=1 missing=
[climate/worker][b8] paw day=4 cell=68 moisture=0.715451 wb30=0 soil=0 paw=0.715451 zeros(water=1544 land=7) nonzero=849 weights(wb=0.35 soil=0.25 dry=0.65) round=1 distribute=1 hydrology=0
[climate/writeback][b8] day=3 vapor store0=0 map0=0 dirty_fields=52 applied=52
[climate/worker][b8] cyclone_gate day=4 input_enabled=0 force_env=0 effective=0
[climate/worker][b8] weather_solve day=4 cells=2400 psi=1 vapor0=0.11513 precip0=0 cloud0=0.0531476 type0=0 field_init0=1
[country][parity] worker_day=4 uncompared reference_range=2..2 depth=1
[climate/worker][b8] physics_knobs day=5 ready=1 missing=
[climate/worker][b8] paw day=5 cell=68 moisture=0.713608 wb30=-0.000135804 soil=0 paw=0.71352 zeros(water=1544 land=7) nonzero=849 weights(wb=0.35 soil=0.25 dry=0.65) round=1 distribute=0 hydrology=0
[climate/writeback][b8] day=4 vapor store0=0.11513 map0=0.11513 dirty_fields=54 applied=54
[country][parity] worker_day=5 uncompared reference_range=2..2 depth=1
[climate/worker][b8] physics_knobs day=6 ready=1 missing=
[climate/worker][b8] paw day=6 cell=68 moisture=0.714311 wb30=-0.000135804 soil=-0.00032593 paw=0.714223 zeros(water=1544 land=7) nonzero=849 weights(wb=0.35 soil=0.25 dry=0.65) round=1 distribute=0 hydrology=0
[country][parity] worker_day=6 uncompared reference_range=2..2 depth=1
[climate/worker][b8] paw day=7 cell=68 moisture=0.715687 wb30=-0.000135804 soil=-0.00032593 paw=0.715599 zeros(water=1544 land=7) nonzero=849 weights(wb=0.35 soil=0.25 dry=0.65) round=1 distribute=0 hydrology=0
[country][parity] worker_day=7 uncompared reference_range=2..2 depth=1
[climate/worker][b8] paw day=8 cell=68 moisture=0.71622 wb30=-0.000135804 soil=-0.00032593 paw=0.716131 zeros(water=1544 land=7) nonzero=849 weights(wb=0.35 soil=0.25 dry=0.65) round=1 distribute=0 hydrology=0
[country][parity] worker_day=8 uncompared reference_range=2..2 depth=1
[climate/worker][b8] paw day=9 cell=68 moisture=0.717257 wb30=-0.000135804 soil=-0.00032593 paw=0.717168 zeros(water=1544 land=7) nonzero=849 weights(wb=0.35 soil=0.25 dry=0.65) round=1 distribute=0 hydrology=0
[country][parity] worker_day=9 uncompared reference_range=2..2 depth=1
[climate/worker][b8] paw day=10 cell=68 moisture=0.717659 wb30=-0.000135804 soil=-0.00032593 paw=0.717571 zeros(water=1544 land=7) nonzero=849 weights(wb=0.35 soil=0.25 dry=0.65) round=1 distribute=0 hydrology=0
[climate/worker][b8] paw day=11 cell=68 moisture=0.718422 wb30=-0.000135804 soil=-0.00032593 paw=0.718334 zeros(water=1544 land=7) nonzero=849 weights(wb=0.35 soil=0.25 dry=0.65) round=1 distribute=0 hydrology=0
[climate/worker][b8] paw day=12 cell=68 moisture=0.718746 wb30=-0.000135804 soil=-0.00032593 paw=0.718657 zeros(water=1544 land=7) nonzero=849 weights(wb=0.35 soil=0.25 dry=0.65) round=1 distribute=1 hydrology=0
[climate/worker][b8] cyclone_gate day=12 input_enabled=0 force_env=0 effective=0
[climate/worker][b8] weather_solve day=12 cells=2400 psi=1 vapor0=0.104654 precip0=0 cloud0=0.082928 type0=0 field_init0=1
[climate/worker][b8] paw day=13 cell=68 moisture=0.719317 wb30=-0.00026838 soil=-0.00032593 paw=0.719142 zeros(water=1544 land=7) nonzero=849 weights(wb=0.35 soil=0.25 dry=0.65) round=1 distribute=0 hydrology=0
[climate/worker][b8] weather_solve day=20 cells=2400 psi=1 vapor0=0.0968364 precip0=0 cloud0=0.110361 type0=0 field_init0=1
[climate/worker][b8] weather_solve day=28 cells=2400 psi=1 vapor0=0.0779862 precip0=0 cloud0=0.0873465 type0=0 field_init0=1
[clock/step] delta=6.9ms speed=50x target=0.34d cap=2.28d/f cost=3.51ms ran=0 pulse=0.00ms loop=0.00ms full=0.26ms carry=0.35 barrier=
[clock/step] delta=6.9ms speed=50x target=0.35d cap=2.19d/f cost=3.66ms ran=0 pulse=0.00ms loop=0.00ms full=0.25ms carry=0.75 barrier=
[economy-open-finish] day=100 country=0.297 workset=0.019 fiscal=0.031 csr=0.004 recovery=0.001 vectors=0.657 audit=0.414 commands=0.001
[economy-prelude-cost] day=100 ms=1.694 pending=0
[economy-aggregate-cost] day=100 publish_ms=1.666 native_hash_ms=1.380
[economy-ledger-cost] day=100 copy_ms=1.134 validate_ms=0.147 hash_ms=1.155 cohorts=384 markets=321600
[economy-boundary-cost] day=100 formulas_ms=7.669 stages_ms=5.730 mirror_ms=3.998
[runtime-day-cost] day=100 ok=1 ms=15.447
[clock/step] delta=6.9ms speed=50x target=0.35d cap=2.22d/f cost=3.61ms ran=0 pulse=0.00ms loop=0.00ms full=0.17ms carry=0.35 barrier=
[clock/step] delta=6.9ms speed=50x target=0.34d cap=2.44d/f cost=3.28ms ran=0 pulse=0.00ms loop=0.00ms full=0.23ms carry=0.85 barrier=
[clock/step] delta=6.9ms speed=50x target=0.34d cap=2.35d/f cost=3.37ms ran=1 pulse=0.00ms loop=3.20ms full=3.38ms carry=0.23 barrier=
[economy-open-finish] day=200 country=0.286 workset=0.018 fiscal=0.029 csr=0.004 recovery=0.001 vectors=0.600 audit=0.394 commands=0.000
[economy-prelude-cost] day=200 ms=1.595 pending=0
[economy-aggregate-cost] day=200 publish_ms=1.750 native_hash_ms=2.096
[economy-ledger-cost] day=200 copy_ms=1.184 validate_ms=0.136 hash_ms=1.250 cohorts=384 markets=321600
[economy-boundary-cost] day=200 formulas_ms=8.012 stages_ms=6.182 mirror_ms=4.030
[runtime-day-cost] day=200 ok=1 ms=15.182
[perf-record] start (start_tick=238 mode=CORE detail_period=1)
[stage-c/client] recording mode=ACTIVE worker=ACTIVE seconds=120.00 output=D:/Godot/ProjectKeynes/Project.Keynes/tmp/publish_optimized120
[clock/step] delta=6.9ms speed=50x target=0.34d cap=2.47d/f cost=3.24ms ran=0 pulse=0.00ms loop=0.00ms full=0.16ms carry=0.60 barrier=
[clock/step] delta=6.9ms speed=50x target=0.34d cap=2.39d/f cost=3.35ms ran=0 pulse=0.00ms loop=0.00ms full=0.29ms carry=0.98 barrier=
[economy-open-finish] day=300 country=0.309 workset=0.019 fiscal=0.033 csr=0.005 recovery=0.001 vectors=0.576 audit=0.435 commands=0.000
[economy-prelude-cost] day=300 ms=1.647 pending=0
[economy-aggregate-cost] day=300 publish_ms=1.901 native_hash_ms=1.359
[economy-ledger-cost] day=300 copy_ms=1.073 validate_ms=0.167 hash_ms=1.391 cohorts=384 markets=321600
[economy-boundary-cost] day=300 formulas_ms=7.061 stages_ms=5.168 mirror_ms=4.224
[runtime-day-cost] day=300 ok=1 ms=16.084
[clock/step] delta=6.9ms speed=50x target=0.34d cap=2.15d/f cost=3.72ms ran=0 pulse=0.00ms loop=0.00ms full=0.21ms carry=0.35 barrier=
[clock/step] delta=6.9ms speed=50x target=0.34d cap=2.44d/f cost=3.28ms ran=0 pulse=0.00ms loop=0.00ms full=0.28ms carry=0.73 barrier=
[clock/step] delta=6.9ms speed=50x target=0.34d cap=2.40d/f cost=3.33ms ran=0 pulse=0.00ms loop=0.00ms full=0.17ms carry=0.35 barrier=
[economy-open-finish] day=400 country=0.286 workset=0.019 fiscal=0.029 csr=0.004 recovery=0.001 vectors=0.542 audit=0.393 commands=0.001
[economy-prelude-cost] day=400 ms=1.512 pending=0
[economy-aggregate-cost] day=400 publish_ms=1.688 native_hash_ms=1.244
[economy-ledger-cost] day=400 copy_ms=0.984 validate_ms=0.137 hash_ms=1.079 cohorts=384 markets=321600
[economy-boundary-cost] day=400 formulas_ms=6.596 stages_ms=4.850 mirror_ms=3.631
[runtime-day-cost] day=400 ok=1 ms=13.278
[clock/step] delta=6.9ms speed=50x target=0.34d cap=2.44d/f cost=3.28ms ran=0 pulse=0.00ms loop=0.00ms full=0.22ms carry=0.73 barrier=
[clock/step] delta=6.9ms speed=50x target=0.35d cap=2.59d/f cost=3.06ms ran=1 pulse=0.00ms loop=2.92ms full=3.13ms carry=0.26 barrier=
[economy-open-finish] day=500 country=0.303 workset=0.018 fiscal=0.029 csr=0.004 recovery=0.001 vectors=0.547 audit=0.485 commands=0.000
[economy-prelude-cost] day=500 ms=1.660 pending=0
[economy-aggregate-cost] day=500 publish_ms=1.578 native_hash_ms=1.268
[economy-ledger-cost] day=500 copy_ms=0.944 validate_ms=0.134 hash_ms=1.054 cohorts=384 markets=321600
[economy-boundary-cost] day=500 formulas_ms=6.964 stages_ms=5.045 mirror_ms=3.748
[runtime-day-cost] day=500 ok=1 ms=14.487
[clock/step] delta=6.9ms speed=50x target=0.34d cap=2.49d/f cost=3.21ms ran=0 pulse=0.00ms loop=0.00ms full=0.22ms carry=0.83 barrier=
[clock/step] delta=6.9ms speed=50x target=0.34d cap=2.49d/f cost=3.38ms ran=1 pulse=0.00ms loop=4.04ms full=4.22ms carry=0.21 barrier=
[economy-open-finish] day=600 country=0.299 workset=0.018 fiscal=0.030 csr=0.004 recovery=0.001 vectors=0.556 audit=0.416 commands=0.000
[economy-prelude-cost] day=600 ms=1.591 pending=0
[economy-aggregate-cost] day=600 publish_ms=1.643 native_hash_ms=1.288
[economy-ledger-cost] day=600 copy_ms=0.961 validate_ms=0.153 hash_ms=1.079 cohorts=384 markets=321600
[economy-boundary-cost] day=600 formulas_ms=7.002 stages_ms=5.168 mirror_ms=3.604
[runtime-day-cost] day=600 ok=1 ms=14.646
[clock/step] delta=6.9ms speed=50x target=0.34d cap=2.48d/f cost=3.23ms ran=0 pulse=0.00ms loop=0.00ms full=0.17ms carry=0.58 barrier=
[clock/step] delta=6.9ms speed=50x target=0.34d cap=2.39d/f cost=3.34ms ran=0 pulse=0.00ms loop=0.00ms full=0.17ms carry=0.96 barrier=
[clock/step] delta=6.9ms speed=50x target=0.34d cap=2.38d/f cost=3.36ms ran=1 pulse=0.00ms loop=3.32ms full=3.48ms carry=0.33 barrier=
[economy-open-finish] day=700 country=0.300 workset=0.022 fiscal=0.032 csr=0.004 recovery=0.001 vectors=0.540 audit=0.403 commands=0.000
[economy-prelude-cost] day=700 ms=1.566 pending=0
[economy-aggregate-cost] day=700 publish_ms=1.543 native_hash_ms=1.268
[economy-ledger-cost] day=700 copy_ms=1.208 validate_ms=0.151 hash_ms=1.071 cohorts=384 markets=321600
[economy-boundary-cost] day=700 formulas_ms=6.601 stages_ms=4.790 mirror_ms=3.919
[runtime-day-cost] day=700 ok=1 ms=15.246
[clock/step] delta=6.9ms speed=50x target=0.34d cap=2.49d/f cost=3.22ms ran=0 pulse=0.00ms loop=0.00ms full=0.22ms carry=0.71 barrier=
[clock/step] delta=6.9ms speed=50x target=0.35d cap=2.41d/f cost=3.31ms ran=0 pulse=0.00ms loop=0.00ms full=0.22ms carry=0.91 barrier=
[economy-open-finish] day=800 country=0.292 workset=0.020 fiscal=0.029 csr=0.004 recovery=0.001 vectors=0.495 audit=0.389 commands=0.001
[economy-prelude-cost] day=800 ms=1.464 pending=0
[economy-aggregate-cost] day=800 publish_ms=1.651 native_hash_ms=1.311
[economy-ledger-cost] day=800 copy_ms=1.183 validate_ms=0.143 hash_ms=1.100 cohorts=384 markets=321600
[economy-boundary-cost] day=800 formulas_ms=6.590 stages_ms=4.887 mirror_ms=3.892
[runtime-day-cost] day=800 ok=1 ms=13.508
[clock/step] delta=6.9ms speed=50x target=0.34d cap=2.55d/f cost=3.14ms ran=0 pulse=0.00ms loop=0.00ms full=0.21ms carry=0.57 barrier=
[clock/step] delta=6.9ms speed=50x target=0.34d cap=2.62d/f cost=3.05ms ran=0 pulse=0.00ms loop=0.00ms full=0.23ms carry=0.94 barrier=
[clock/step] delta=6.9ms speed=50x target=0.35d cap=2.51d/f cost=3.19ms ran=0 pulse=0.00ms loop=0.00ms full=0.19ms carry=0.50 barrier=
[economy-open-finish] day=900 country=0.339 workset=0.033 fiscal=0.030 csr=0.004 recovery=0.001 vectors=0.534 audit=0.414 commands=0.000
[economy-prelude-cost] day=900 ms=1.617 pending=0
[economy-aggregate-cost] day=900 publish_ms=1.676 native_hash_ms=1.291
[economy-ledger-cost] day=900 copy_ms=0.981 validate_ms=0.148 hash_ms=1.094 cohorts=384 markets=321600
[economy-boundary-cost] day=900 formulas_ms=6.761 stages_ms=4.902 mirror_ms=3.721
[runtime-day-cost] day=900 ok=1 ms=15.129
[clock/step] delta=6.8ms speed=50x target=0.34d cap=2.60d/f cost=3.08ms ran=0 pulse=0.00ms loop=0.00ms full=0.25ms carry=0.91 barrier=
[clock/step] delta=6.9ms speed=50x target=0.35d cap=2.47d/f cost=3.24ms ran=0 pulse=0.00ms loop=0.00ms full=0.32ms carry=0.55 barrier=
[economy-open-finish] day=1000 country=0.300 workset=0.018 fiscal=0.029 csr=0.004 recovery=0.000 vectors=0.424 audit=0.393 commands=0.000
[economy-prelude-cost] day=1000 ms=1.430 pending=0
[economy-aggregate-cost] day=1000 publish_ms=1.682 native_hash_ms=1.305
[economy-ledger-cost] day=1000 copy_ms=0.956 validate_ms=0.132 hash_ms=1.071 cohorts=384 markets=321600
[economy-boundary-cost] day=1000 formulas_ms=6.511 stages_ms=4.845 mirror_ms=3.839
[runtime-day-cost] day=1000 ok=1 ms=13.584
[clock/step] delta=6.7ms speed=50x target=0.33d cap=2.31d/f cost=3.47ms ran=0 pulse=0.00ms loop=0.00ms full=0.33ms carry=0.80 barrier=
[clock/step] delta=6.9ms speed=50x target=0.35d cap=2.52d/f cost=3.18ms ran=0 pulse=0.00ms loop=0.00ms full=0.25ms carry=0.83 barrier=
[economy-open-finish] day=1100 country=0.293 workset=0.024 fiscal=0.033 csr=0.004 recovery=0.001 vectors=0.373 audit=0.407 commands=0.000
[economy-prelude-cost] day=1100 ms=1.417 pending=0
[economy-aggregate-cost] day=1100 publish_ms=2.237 native_hash_ms=1.282
[economy-ledger-cost] day=1100 copy_ms=0.955 validate_ms=0.136 hash_ms=1.142 cohorts=384 markets=321600
[economy-boundary-cost] day=1100 formulas_ms=7.208 stages_ms=5.553 mirror_ms=3.730
[runtime-day-cost] day=1100 ok=1 ms=14.645
[clock/step] delta=6.7ms speed=50x target=0.33d cap=2.39d/f cost=3.34ms ran=0 pulse=0.00ms loop=0.00ms full=0.18ms carry=0.90 barrier=
[clock/step] delta=6.9ms speed=50x target=0.35d cap=2.47d/f cost=3.22ms ran=1 pulse=0.00ms loop=3.19ms full=3.35ms carry=0.05 barrier=
[economy-open-finish] day=1200 country=0.298 workset=0.022 fiscal=0.031 csr=0.004 recovery=0.001 vectors=0.345 audit=0.398 commands=0.000
[economy-prelude-cost] day=1200 ms=1.346 pending=0
[economy-aggregate-cost] day=1200 publish_ms=1.563 native_hash_ms=1.370
[economy-ledger-cost] day=1200 copy_ms=1.039 validate_ms=0.142 hash_ms=1.171 cohorts=384 markets=321600
[economy-boundary-cost] day=1200 formulas_ms=6.338 stages_ms=4.753 mirror_ms=3.844
[runtime-day-cost] day=1200 ok=1 ms=14.075
[clock/step] delta=6.9ms speed=50x target=0.34d cap=2.73d/f cost=2.93ms ran=0 pulse=0.00ms loop=0.00ms full=0.20ms carry=0.88 barrier=
[clock/step] delta=6.7ms speed=50x target=0.33d cap=2.52d/f cost=3.18ms ran=1 pulse=0.00ms loop=3.20ms full=3.34ms carry=0.18 barrier=
[economy-open-finish] day=1300 country=0.297 workset=0.018 fiscal=0.028 csr=0.004 recovery=0.001 vectors=0.348 audit=0.408 commands=0.000
[economy-prelude-cost] day=1300 ms=1.361 pending=0
[economy-aggregate-cost] day=1300 publish_ms=1.583 native_hash_ms=1.276
[economy-ledger-cost] day=1300 copy_ms=0.975 validate_ms=0.132 hash_ms=1.056 cohorts=384 markets=321600
[economy-boundary-cost] day=1300 formulas_ms=6.252 stages_ms=4.651 mirror_ms=3.650
[runtime-day-cost] day=1300 ok=1 ms=13.821
[clock/step] delta=6.9ms speed=50x target=0.34d cap=2.53d/f cost=3.16ms ran=1 pulse=0.00ms loop=3.16ms full=3.34ms carry=0.30 barrier=
[clock/step] delta=6.9ms speed=50x target=0.34d cap=2.36d/f cost=3.39ms ran=0 pulse=0.00ms loop=0.00ms full=0.21ms carry=0.44 barrier=
[clock/step] delta=6.9ms speed=50x target=0.34d cap=2.54d/f cost=3.15ms ran=0 pulse=0.00ms loop=0.00ms full=0.17ms carry=0.82 barrier=
[economy-open-finish] day=1400 country=0.289 workset=0.020 fiscal=0.029 csr=0.004 recovery=0.001 vectors=0.335 audit=0.394 commands=0.000
[economy-prelude-cost] day=1400 ms=1.319 pending=0
[economy-aggregate-cost] day=1400 publish_ms=1.649 native_hash_ms=1.238
[economy-ledger-cost] day=1400 copy_ms=0.923 validate_ms=0.131 hash_ms=1.069 cohorts=384 markets=321600
[economy-boundary-cost] day=1400 formulas_ms=6.277 stages_ms=4.723 mirror_ms=3.588
[runtime-day-cost] day=1400 ok=1 ms=12.957
[clock/step] delta=6.9ms speed=50x target=0.34d cap=2.64d/f cost=3.03ms ran=0 pulse=0.00ms loop=0.00ms full=0.15ms carry=0.60 barrier=
[clock/step] delta=6.9ms speed=50x target=0.34d cap=0.80d/f cost=8.63ms ran=1 pulse=0.00ms loop=3.05ms full=3.23ms carry=0.03 barrier=
[economy-open-finish] day=1500 country=0.287 workset=0.019 fiscal=0.028 csr=0.004 recovery=0.001 vectors=0.333 audit=0.432 commands=0.000
[economy-prelude-cost] day=1500 ms=1.405 pending=0
[economy-aggregate-cost] day=1500 publish_ms=1.536 native_hash_ms=1.244
[economy-ledger-cost] day=1500 copy_ms=1.177 validate_ms=0.163 hash_ms=1.167 cohorts=384 markets=321600
[economy-boundary-cost] day=1500 formulas_ms=6.382 stages_ms=4.743 mirror_ms=4.006
[runtime-day-cost] day=1500 ok=1 ms=14.943
[clock/step] delta=6.7ms speed=50x target=0.33d cap=2.50d/f cost=3.21ms ran=1 pulse=0.00ms loop=3.23ms full=3.41ms carry=0.27 barrier=
[clock/step] delta=6.9ms speed=50x target=0.34d cap=2.33d/f cost=3.35ms ran=1 pulse=0.00ms loop=3.06ms full=3.23ms carry=0.27 barrier=
[clock/step] delta=6.9ms speed=50x target=0.34d cap=2.50d/f cost=3.20ms ran=0 pulse=0.00ms loop=0.00ms full=0.17ms carry=0.64 barrier=
[economy-open-finish] day=1600 country=0.291 workset=0.018 fiscal=0.028 csr=0.004 recovery=0.001 vectors=0.340 audit=0.400 commands=0.000
[economy-prelude-cost] day=1600 ms=1.323 pending=0
[economy-aggregate-cost] day=1600 publish_ms=1.555 native_hash_ms=1.238
[economy-ledger-cost] day=1600 copy_ms=1.087 validate_ms=0.141 hash_ms=1.120 cohorts=384 markets=321600
[economy-boundary-cost] day=1600 formulas_ms=6.253 stages_ms=4.692 mirror_ms=3.803
[runtime-day-cost] day=1600 ok=1 ms=13.314
[clock/step] delta=6.0ms speed=50x target=0.30d cap=2.52d/f cost=3.18ms ran=0 pulse=0.00ms loop=0.00ms full=0.20ms carry=0.40 barrier=
[clock/step] delta=6.9ms speed=50x target=0.34d cap=2.42d/f cost=3.31ms ran=0 pulse=0.00ms loop=0.00ms full=0.14ms carry=0.61 barrier=
[economy-open-finish] day=1700 country=0.303 workset=0.020 fiscal=0.028 csr=0.004 recovery=0.001 vectors=0.336 audit=0.422 commands=0.000
[economy-prelude-cost] day=1700 ms=1.370 pending=0
[economy-aggregate-cost] day=1700 publish_ms=1.608 native_hash_ms=1.239
[economy-ledger-cost] day=1700 copy_ms=0.956 validate_ms=0.131 hash_ms=1.059 cohorts=384 markets=321600
[economy-boundary-cost] day=1700 formulas_ms=6.269 stages_ms=4.652 mirror_ms=3.557
[runtime-day-cost] day=1700 ok=1 ms=13.668
[clock/step] delta=6.7ms speed=50x target=0.33d cap=2.45d/f cost=3.27ms ran=0 pulse=0.00ms loop=0.00ms full=0.19ms carry=0.66 barrier=
[clock/step] delta=6.9ms speed=50x target=0.34d cap=2.40d/f cost=3.33ms ran=0 pulse=0.00ms loop=0.00ms full=0.19ms carry=0.93 barrier=
[economy-open-finish] day=1800 country=0.290 workset=0.019 fiscal=0.028 csr=0.004 recovery=0.001 vectors=0.313 audit=0.391 commands=0.000
[economy-prelude-cost] day=1800 ms=1.291 pending=0
[economy-aggregate-cost] day=1800 publish_ms=1.602 native_hash_ms=1.339
[economy-ledger-cost] day=1800 copy_ms=0.975 validate_ms=0.140 hash_ms=1.066 cohorts=384 markets=321600
[economy-boundary-cost] day=1800 formulas_ms=6.317 stages_ms=4.793 mirror_ms=3.607
[runtime-day-cost] day=1800 ok=1 ms=13.796
[clock/step] delta=6.7ms speed=50x target=0.33d cap=2.60d/f cost=3.08ms ran=0 pulse=0.00ms loop=0.00ms full=0.14ms carry=0.82 barrier=
[clock/step] delta=6.9ms speed=50x target=0.35d cap=2.19d/f cost=3.65ms ran=0 pulse=0.00ms loop=0.00ms full=0.28ms carry=0.78 barrier=
[clock/step] delta=7.4ms speed=50x target=0.37d cap=2.02d/f cost=3.96ms ran=0 pulse=0.00ms loop=0.00ms full=0.16ms carry=0.67 barrier=
[economy-open-finish] day=1900 country=0.309 workset=0.025 fiscal=0.028 csr=0.005 recovery=0.001 vectors=0.308 audit=0.411 commands=0.000
[economy-prelude-cost] day=1900 ms=1.385 pending=0
[economy-aggregate-cost] day=1900 publish_ms=1.888 native_hash_ms=1.298
[economy-ledger-cost] day=1900 copy_ms=1.028 validate_ms=0.150 hash_ms=1.091 cohorts=384 markets=321600
[economy-boundary-cost] day=1900 formulas_ms=6.907 stages_ms=5.268 mirror_ms=3.764
[runtime-day-cost] day=1900 ok=1 ms=14.665
[clock/step] delta=6.9ms speed=50x target=0.34d cap=2.07d/f cost=3.86ms ran=0 pulse=0.00ms loop=0.00ms full=0.21ms carry=0.99 barrier=
[clock/step] delta=6.9ms speed=50x target=0.34d cap=2.38d/f cost=3.36ms ran=0 pulse=0.00ms loop=0.00ms full=0.23ms carry=0.36 barrier=
[economy-open-finish] day=2000 country=0.305 workset=0.021 fiscal=0.031 csr=0.004 recovery=0.001 vectors=0.291 audit=0.426 commands=0.000
[economy-prelude-cost] day=2000 ms=1.376 pending=0
[economy-aggregate-cost] day=2000 publish_ms=1.598 native_hash_ms=1.332
[economy-ledger-cost] day=2000 copy_ms=1.244 validate_ms=0.137 hash_ms=1.101 cohorts=384 markets=321600
[economy-boundary-cost] day=2000 formulas_ms=6.402 stages_ms=4.776 mirror_ms=3.942
[runtime-day-cost] day=2000 ok=1 ms=13.680
[clock/step] delta=6.7ms speed=50x target=0.33d cap=2.52d/f cost=3.18ms ran=0 pulse=0.00ms loop=0.00ms full=0.17ms carry=0.49 barrier=
[clock/step] delta=6.9ms speed=50x target=0.34d cap=2.52d/f cost=3.17ms ran=0 pulse=0.00ms loop=0.00ms full=0.16ms carry=0.56 barrier=
[economy-open-finish] day=2100 country=0.299 workset=0.020 fiscal=0.030 csr=0.004 recovery=0.001 vectors=0.262 audit=0.399 commands=0.000
[economy-prelude-cost] day=2100 ms=1.252 pending=0
[economy-aggregate-cost] day=2100 publish_ms=1.996 native_hash_ms=1.283
[economy-ledger-cost] day=2100 copy_ms=0.985 validate_ms=0.156 hash_ms=1.096 cohorts=384 markets=321600
[clock/step] delta=5.6ms speed=50x target=0.28d cap=2.37d/f cost=3.33ms ran=1 pulse=0.00ms loop=3.11ms full=3.29ms carry=0.16 barrier=
[economy-boundary-cost] day=2100 formulas_ms=6.578 stages_ms=5.083 mirror_ms=3.692
[runtime-day-cost] day=2100 ok=1 ms=14.818
[clock/step] delta=6.9ms speed=50x target=0.35d cap=2.55d/f cost=3.14ms ran=0 pulse=0.00ms loop=0.00ms full=0.15ms carry=0.65 barrier=
[clock/step] delta=6.9ms speed=50x target=0.34d cap=2.41d/f cost=3.27ms ran=1 pulse=0.00ms loop=3.04ms full=3.20ms carry=0.19 barrier=
[economy-open-finish] day=2200 country=0.308 workset=0.020 fiscal=0.029 csr=0.005 recovery=0.001 vectors=0.267 audit=0.417 commands=0.000
[economy-prelude-cost] day=2200 ms=1.310 pending=0
[economy-aggregate-cost] day=2200 publish_ms=1.518 native_hash_ms=1.258
[economy-ledger-cost] day=2200 copy_ms=0.926 validate_ms=0.142 hash_ms=1.206 cohorts=384 markets=321600
[economy-boundary-cost] day=2200 formulas_ms=6.205 stages_ms=4.646 mirror_ms=3.701
[runtime-day-cost] day=2200 ok=1 ms=13.336
[clock/step] delta=6.7ms speed=50x target=0.33d cap=2.35d/f cost=3.40ms ran=0 pulse=0.00ms loop=0.00ms full=0.21ms carry=1.00 barrier=
[clock/step] delta=6.9ms speed=50x target=0.34d cap=2.50d/f cost=3.21ms ran=0 pulse=0.00ms loop=0.00ms full=0.19ms carry=0.35 barrier=
[economy-open-finish] day=2300 country=0.305 workset=0.018 fiscal=0.029 csr=0.004 recovery=0.001 vectors=0.243 audit=0.483 commands=0.000
[economy-prelude-cost] day=2300 ms=1.334 pending=0
[economy-aggregate-cost] day=2300 publish_ms=1.424 native_hash_ms=1.256
[economy-ledger-cost] day=2300 copy_ms=1.053 validate_ms=0.160 hash_ms=1.193 cohorts=384 markets=321600
[economy-boundary-cost] day=2300 formulas_ms=6.130 stages_ms=4.533 mirror_ms=3.842
[runtime-day-cost] day=2300 ok=1 ms=13.855
[clock/step] delta=6.9ms speed=50x target=0.34d cap=2.68d/f cost=2.99ms ran=0 pulse=0.00ms loop=0.00ms full=0.37ms carry=0.86 barrier=
[clock/step] delta=6.9ms speed=50x target=0.34d cap=2.43d/f cost=3.29ms ran=0 pulse=0.00ms loop=0.00ms full=0.29ms carry=0.83 barrier=
[clock/step] delta=6.9ms speed=50x target=0.34d cap=2.45d/f cost=3.22ms ran=1 pulse=0.00ms loop=3.01ms full=3.19ms carry=0.20 barrier=
[economy-open-finish] day=2400 country=0.292 workset=0.018 fiscal=0.029 csr=0.004 recovery=0.001 vectors=0.233 audit=0.392 commands=0.000
[economy-prelude-cost] day=2400 ms=1.213 pending=0
[economy-aggregate-cost] day=2400 publish_ms=1.945 native_hash_ms=1.315
[economy-ledger-cost] day=2400 copy_ms=0.981 validate_ms=0.131 hash_ms=1.162 cohorts=384 markets=321600
[economy-boundary-cost] day=2400 formulas_ms=6.798 stages_ms=5.351 mirror_ms=3.706
[runtime-day-cost] day=2400 ok=1 ms=14.403
[clock/step] delta=6.9ms speed=50x target=0.34d cap=2.24d/f cost=3.57ms ran=0 pulse=0.00ms loop=0.00ms full=0.25ms carry=0.87 barrier=
[clock/step] delta=6.9ms speed=50x target=0.34d cap=2.42d/f cost=3.27ms ran=1 pulse=0.00ms loop=3.08ms full=3.24ms carry=0.25 barrier=
[economy-open-finish] day=2500 country=0.306 workset=0.022 fiscal=0.031 csr=0.005 recovery=0.001 vectors=0.216 audit=0.405 commands=0.000
[economy-prelude-cost] day=2500 ms=1.245 pending=0
[economy-aggregate-cost] day=2500 publish_ms=1.590 native_hash_ms=1.314
[economy-ledger-cost] day=2500 copy_ms=1.052 validate_ms=0.133 hash_ms=1.110 cohorts=384 markets=321600
[economy-boundary-cost] day=2500 formulas_ms=6.308 stages_ms=4.819 mirror_ms=3.757
[runtime-day-cost] day=2500 ok=1 ms=13.811
[clock/step] delta=6.9ms speed=50x target=0.34d cap=2.43d/f cost=3.29ms ran=0 pulse=0.00ms loop=0.00ms full=0.18ms carry=0.63 barrier=
[clock/step] delta=6.9ms speed=50x target=0.35d cap=2.44d/f cost=3.28ms ran=0 pulse=0.00ms loop=0.00ms full=0.21ms carry=0.42 barrier=
[economy-open-finish] day=2600 country=0.293 workset=0.020 fiscal=0.029 csr=0.004 recovery=0.001 vectors=0.200 audit=0.488 commands=0.000
[economy-prelude-cost] day=2600 ms=1.324 pending=0
[economy-aggregate-cost] day=2600 publish_ms=1.645 native_hash_ms=1.361
[economy-ledger-cost] day=2600 copy_ms=1.023 validate_ms=0.151 hash_ms=1.112 cohorts=384 markets=321600
[economy-boundary-cost] day=2600 formulas_ms=6.477 stages_ms=4.908 mirror_ms=3.757
[runtime-day-cost] day=2600 ok=1 ms=13.438
[clock/step] delta=6.9ms speed=50x target=0.34d cap=2.14d/f cost=3.64ms ran=1 pulse=0.00ms loop=3.27ms full=3.54ms carry=0.03 barrier=
[clock/step] delta=6.9ms speed=50x target=0.34d cap=2.62d/f cost=3.06ms ran=0 pulse=0.00ms loop=0.00ms full=0.18ms carry=0.41 barrier=
[economy-open-finish] day=2700 country=0.299 workset=0.021 fiscal=0.030 csr=0.004 recovery=0.001 vectors=0.204 audit=0.410 commands=0.001
[economy-prelude-cost] day=2700 ms=1.218 pending=0
[economy-aggregate-cost] day=2700 publish_ms=1.700 native_hash_ms=1.281
[economy-ledger-cost] day=2700 copy_ms=0.943 validate_ms=0.130 hash_ms=1.064 cohorts=384 markets=321600
[economy-boundary-cost] day=2700 formulas_ms=6.420 stages_ms=4.961 mirror_ms=3.587
[runtime-day-cost] day=2700 ok=1 ms=14.883
[clock/step] delta=6.9ms speed=50x target=0.34d cap=2.51d/f cost=3.19ms ran=0 pulse=0.00ms loop=0.00ms full=0.24ms carry=0.78 barrier=
[clock/step] delta=6.9ms speed=50x target=0.34d cap=2.53d/f cost=3.15ms ran=1 pulse=0.00ms loop=3.11ms full=3.28ms carry=0.16 barrier=
[clock/step] delta=6.9ms speed=50x target=0.34d cap=2.52d/f cost=3.18ms ran=0 pulse=0.00ms loop=0.00ms full=0.19ms carry=0.53 barrier=
[economy-open-finish] day=2800 country=0.291 workset=0.020 fiscal=0.030 csr=0.004 recovery=0.001 vectors=0.203 audit=0.404 commands=0.000
[economy-prelude-cost] day=2800 ms=1.213 pending=0
[economy-aggregate-cost] day=2800 publish_ms=1.568 native_hash_ms=1.303
[economy-ledger-cost] day=2800 copy_ms=0.977 validate_ms=0.131 hash_ms=1.055 cohorts=384 markets=321600
[economy-boundary-cost] day=2800 formulas_ms=6.293 stages_ms=4.843 mirror_ms=3.605
[runtime-day-cost] day=2800 ok=1 ms=13.255
[clock/step] delta=6.9ms speed=50x target=0.34d cap=2.41d/f cost=3.32ms ran=0 pulse=0.00ms loop=0.00ms full=0.27ms carry=0.91 barrier=
[clock/step] delta=6.9ms speed=50x target=0.34d cap=2.49d/f cost=3.21ms ran=1 pulse=0.00ms loop=3.16ms full=3.41ms carry=0.29 barrier=
[economy-open-finish] day=2900 country=0.294 workset=0.020 fiscal=0.028 csr=0.005 recovery=0.001 vectors=0.199 audit=0.404 commands=0.000
[economy-prelude-cost] day=2900 ms=1.195 pending=0
[economy-aggregate-cost] day=2900 publish_ms=1.510 native_hash_ms=1.244
[economy-ledger-cost] day=2900 copy_ms=0.934 validate_ms=0.139 hash_ms=1.054 cohorts=384 markets=321600
[economy-boundary-cost] day=2900 formulas_ms=6.314 stages_ms=4.880 mirror_ms=3.543
[runtime-day-cost] day=2900 ok=1 ms=13.846
[clock/step] delta=6.9ms speed=50x target=0.34d cap=2.32d/f cost=3.44ms ran=0 pulse=0.00ms loop=0.00ms full=0.26ms carry=0.71 barrier=
[clock/step] delta=6.9ms speed=50x target=0.34d cap=2.39d/f cost=3.32ms ran=1 pulse=0.00ms loop=3.19ms full=3.38ms carry=0.09 barrier=
[economy-open-finish] day=3000 country=0.302 workset=0.022 fiscal=0.032 csr=0.004 recovery=0.001 vectors=0.240 audit=0.430 commands=0.000
[economy-prelude-cost] day=3000 ms=1.300 pending=0
[economy-aggregate-cost] day=3000 publish_ms=2.170 native_hash_ms=1.306
[economy-ledger-cost] day=3000 copy_ms=1.101 validate_ms=0.158 hash_ms=1.093 cohorts=384 markets=321600
[economy-boundary-cost] day=3000 formulas_ms=7.258 stages_ms=5.710 mirror_ms=3.804
[runtime-day-cost] day=3000 ok=1 ms=15.251
[clock/step] delta=6.9ms speed=50x target=0.34d cap=2.53d/f cost=3.16ms ran=0 pulse=0.00ms loop=0.00ms full=0.20ms carry=0.47 barrier=
[clock/step] delta=6.9ms speed=50x target=0.34d cap=2.16d/f cost=3.70ms ran=0 pulse=0.00ms loop=0.00ms full=0.20ms carry=0.85 barrier=
[economy-open-finish] day=3100 country=0.302 workset=0.020 fiscal=0.029 csr=0.004 recovery=0.001 vectors=0.206 audit=0.411 commands=0.000
[economy-prelude-cost] day=3100 ms=1.230 pending=0
[economy-aggregate-cost] day=3100 publish_ms=1.739 native_hash_ms=1.294
[economy-ledger-cost] day=3100 copy_ms=1.012 validate_ms=0.134 hash_ms=1.209 cohorts=384 markets=321600
[economy-boundary-cost] day=3100 formulas_ms=6.597 stages_ms=5.107 mirror_ms=3.902
[runtime-day-cost] day=3100 ok=1 ms=14.204
[clock/step] delta=6.9ms speed=50x target=0.34d cap=2.35d/f cost=3.51ms ran=1 pulse=0.00ms loop=3.93ms full=4.11ms carry=0.22 barrier=
[clock/step] delta=6.9ms speed=50x target=0.34d cap=2.28d/f cost=3.50ms ran=0 pulse=0.00ms loop=0.00ms full=0.21ms carry=0.60 barrier=
[economy-open-finish] day=3200 country=0.301 workset=0.020 fiscal=0.034 csr=0.004 recovery=0.001 vectors=0.205 audit=0.411 commands=0.000
[economy-prelude-cost] day=3200 ms=1.248 pending=0
[economy-aggregate-cost] day=3200 publish_ms=1.699 native_hash_ms=1.309
[economy-ledger-cost] day=3200 copy_ms=1.302 validate_ms=0.148 hash_ms=1.123 cohorts=384 markets=321600
[economy-boundary-cost] day=3200 formulas_ms=6.707 stages_ms=5.214 mirror_ms=4.160
[runtime-day-cost] day=3200 ok=1 ms=14.196
[clock/step] delta=6.9ms speed=50x target=0.35d cap=2.32d/f cost=3.84ms ran=1 pulse=0.00ms loop=5.36ms full=5.55ms carry=0.16 barrier=
[clock/step] delta=6.9ms speed=50x target=0.34d cap=2.55d/f cost=3.14ms ran=0 pulse=0.00ms loop=0.00ms full=0.24ms carry=0.69 barrier=
[economy-open-finish] day=3300 country=0.290 workset=0.019 fiscal=0.028 csr=0.004 recovery=0.000 vectors=0.200 audit=0.456 commands=0.000
[economy-prelude-cost] day=3300 ms=1.248 pending=0
[economy-aggregate-cost] day=3300 publish_ms=1.796 native_hash_ms=1.422
[economy-ledger-cost] day=3300 copy_ms=1.210 validate_ms=0.153 hash_ms=1.136 cohorts=384 markets=321600
[economy-boundary-cost] day=3300 formulas_ms=6.958 stages_ms=5.471 mirror_ms=4.011
[runtime-day-cost] day=3300 ok=1 ms=15.517
[clock/step] delta=6.9ms speed=50x target=0.35d cap=2.47d/f cost=3.24ms ran=0 pulse=0.00ms loop=0.00ms full=0.29ms carry=0.93 barrier=
[clock/step] delta=6.9ms speed=50x target=0.34d cap=1.97d/f cost=3.88ms ran=1 pulse=0.00ms loop=3.16ms full=3.34ms carry=0.31 barrier=
[clock/step] delta=6.9ms speed=50x target=0.35d cap=2.38d/f cost=3.36ms ran=0 pulse=0.00ms loop=0.00ms full=0.22ms carry=0.86 barrier=
[economy-open-finish] day=3400 country=0.298 workset=0.019 fiscal=0.030 csr=0.004 recovery=0.001 vectors=0.202 audit=0.414 commands=0.000
[economy-prelude-cost] day=3400 ms=1.236 pending=0
[economy-aggregate-cost] day=3400 publish_ms=1.609 native_hash_ms=1.308
[economy-ledger-cost] day=3400 copy_ms=1.382 validate_ms=0.148 hash_ms=1.091 cohorts=384 markets=321600
[economy-boundary-cost] day=3400 formulas_ms=6.767 stages_ms=5.288 mirror_ms=4.295
[runtime-day-cost] day=3400 ok=1 ms=14.471
[clock/step] delta=6.9ms speed=50x target=0.34d cap=2.45d/f cost=3.27ms ran=0 pulse=0.00ms loop=0.00ms full=0.20ms carry=0.41 barrier=
[clock/step] delta=6.9ms speed=50x target=0.34d cap=2.34d/f cost=3.42ms ran=0 pulse=0.00ms loop=0.00ms full=0.33ms carry=0.78 barrier=
[economy-open-finish] day=3500 country=0.305 workset=0.019 fiscal=0.029 csr=0.004 recovery=0.001 vectors=0.198 audit=0.405 commands=0.000
[economy-prelude-cost] day=3500 ms=1.215 pending=0
[economy-aggregate-cost] day=3500 publish_ms=1.656 native_hash_ms=1.294
[economy-ledger-cost] day=3500 copy_ms=1.034 validate_ms=0.156 hash_ms=1.091 cohorts=384 markets=321600
[economy-boundary-cost] day=3500 formulas_ms=6.611 stages_ms=5.151 mirror_ms=3.743
[runtime-day-cost] day=3500 ok=1 ms=14.280
[clock/step] delta=6.9ms speed=50x target=0.34d cap=2.46d/f cost=2.72ms ran=1 pulse=0.00ms loop=0.62ms full=0.88ms carry=0.12 barrier=climate_input_capacity_day_barrier
[clock/step] delta=6.9ms speed=50x target=0.34d cap=2.38d/f cost=3.80ms ran=1 pulse=0.00ms loop=5.60ms full=5.88ms carry=0.12 barrier=
[clock/step] delta=6.9ms speed=50x target=0.34d cap=2.35d/f cost=3.40ms ran=0 pulse=0.00ms loop=0.00ms full=0.41ms carry=0.43 barrier=
[economy-open-finish] day=3600 country=0.299 workset=0.022 fiscal=0.030 csr=0.004 recovery=0.001 vectors=0.207 audit=0.413 commands=0.000
[economy-prelude-cost] day=3600 ms=1.246 pending=0
[economy-aggregate-cost] day=3600 publish_ms=1.822 native_hash_ms=1.286
[economy-ledger-cost] day=3600 copy_ms=1.023 validate_ms=0.132 hash_ms=1.079 cohorts=384 markets=321600
[economy-boundary-cost] day=3600 formulas_ms=7.206 stages_ms=5.713 mirror_ms=3.776
[runtime-day-cost] day=3600 ok=1 ms=15.126
[clock/step] delta=6.9ms speed=50x target=0.34d cap=3.63d/f cost=2.20ms ran=0 pulse=0.00ms loop=0.00ms full=0.20ms carry=0.73 barrier=
[clock/step] delta=6.7ms speed=50x target=0.33d cap=2.44d/f cost=3.25ms ran=1 pulse=0.00ms loop=3.14ms full=3.40ms carry=0.25 barrier=
[economy-open-finish] day=3700 country=0.328 workset=0.019 fiscal=0.033 csr=0.005 recovery=0.001 vectors=0.315 audit=0.918 commands=0.000
[economy-prelude-cost] day=3700 ms=1.996 pending=0
[economy-aggregate-cost] day=3700 publish_ms=2.483 native_hash_ms=2.135
[economy-ledger-cost] day=3700 copy_ms=2.268 validate_ms=0.176 hash_ms=1.727 cohorts=384 markets=321600
[economy-boundary-cost] day=3700 formulas_ms=9.713 stages_ms=7.457 mirror_ms=6.156
[runtime-day-cost] day=3700 ok=1 ms=19.884
[clock/step] delta=6.9ms speed=50x target=0.34d cap=2.30d/f cost=3.48ms ran=0 pulse=0.00ms loop=0.00ms full=0.22ms carry=0.59 barrier=
[clock/step] delta=6.9ms speed=50x target=0.34d cap=3.23d/f cost=2.48ms ran=0 pulse=0.00ms loop=0.00ms full=0.27ms carry=0.96 barrier=
[clock/step] delta=6.9ms speed=50x target=0.34d cap=2.41d/f cost=3.32ms ran=0 pulse=0.00ms loop=0.00ms full=0.25ms carry=1.00 barrier=
[economy-open-finish] day=3800 country=0.294 workset=0.020 fiscal=0.030 csr=0.004 recovery=0.001 vectors=0.199 audit=0.397 commands=0.001
[economy-prelude-cost] day=3800 ms=1.202 pending=0
[economy-aggregate-cost] day=3800 publish_ms=1.802 native_hash_ms=1.306
[economy-ledger-cost] day=3800 copy_ms=1.292 validate_ms=0.131 hash_ms=1.059 cohorts=384 markets=321600
[economy-boundary-cost] day=3800 formulas_ms=6.818 stages_ms=5.370 mirror_ms=3.999
[runtime-day-cost] day=3800 ok=1 ms=14.040
[clock/step] delta=6.9ms speed=50x target=0.34d cap=2.70d/f cost=2.96ms ran=0 pulse=0.09ms loop=0.00ms full=0.37ms carry=0.03 barrier=climate_input_capacity_day_barrier
[clock/step] delta=6.9ms speed=50x target=0.34d cap=3.01d/f cost=2.66ms ran=0 pulse=0.00ms loop=0.00ms full=0.27ms carry=0.99 barrier=
[economy-open-finish] day=3900 country=0.303 workset=0.019 fiscal=0.029 csr=0.005 recovery=0.001 vectors=0.197 audit=0.399 commands=0.000
[economy-prelude-cost] day=3900 ms=1.216 pending=0
[economy-aggregate-cost] day=3900 publish_ms=2.042 native_hash_ms=1.270
[economy-ledger-cost] day=3900 copy_ms=0.865 validate_ms=0.131 hash_ms=1.060 cohorts=384 markets=321600
[economy-boundary-cost] day=3900 formulas_ms=7.076 stages_ms=5.619 mirror_ms=3.533
[runtime-day-cost] day=3900 ok=1 ms=15.148
[clock/step] delta=6.9ms speed=50x target=0.34d cap=2.57d/f cost=3.12ms ran=0 pulse=0.00ms loop=0.00ms full=0.19ms carry=0.68 barrier=
[clock/step] delta=6.9ms speed=50x target=0.34d cap=2.41d/f cost=3.50ms ran=1 pulse=0.00ms loop=4.23ms full=4.45ms carry=0.05 barrier=
[clock/step] delta=6.9ms speed=50x target=0.35d cap=6.46d/f cost=1.06ms ran=1 pulse=0.00ms loop=0.34ms full=0.49ms carry=0.30 barrier=climate_input_capacity_day_barrier
[economy-open-finish] day=4000 country=0.295 workset=0.020 fiscal=0.029 csr=0.004 recovery=0.001 vectors=0.199 audit=0.406 commands=0.000
[economy-prelude-cost] day=4000 ms=1.222 pending=0
[economy-aggregate-cost] day=4000 publish_ms=2.044 native_hash_ms=1.334
[economy-ledger-cost] day=4000 copy_ms=1.193 validate_ms=0.145 hash_ms=1.092 cohorts=384 markets=321600
[economy-boundary-cost] day=4000 formulas_ms=7.201 stages_ms=5.734 mirror_ms=3.945
[runtime-day-cost] day=4000 ok=1 ms=14.683
[clock/step] delta=6.9ms speed=50x target=0.34d cap=2.46d/f cost=3.25ms ran=0 pulse=0.00ms loop=0.00ms full=0.26ms carry=0.39 barrier=
[clock/step] delta=6.9ms speed=50x target=0.34d cap=3.54d/f cost=2.26ms ran=0 pulse=0.00ms loop=0.00ms full=0.24ms carry=0.68 barrier=
[economy-open-finish] day=4100 country=0.295 workset=0.019 fiscal=0.029 csr=0.004 recovery=0.001 vectors=0.197 audit=0.392 commands=0.000
[economy-prelude-cost] day=4100 ms=1.189 pending=0
[economy-aggregate-cost] day=4100 publish_ms=1.924 native_hash_ms=1.350
[economy-ledger-cost] day=4100 copy_ms=1.210 validate_ms=0.137 hash_ms=1.102 cohorts=384 markets=321600
[economy-boundary-cost] day=4100 formulas_ms=7.027 stages_ms=5.597 mirror_ms=4.088
[runtime-day-cost] day=4100 ok=1 ms=14.780
[clock/step] delta=6.9ms speed=50x target=0.34d cap=2.18d/f cost=3.00ms ran=1 pulse=0.00ms loop=0.32ms full=0.47ms carry=0.02 barrier=climate_input_capacity_day_barrier
[clock/step] delta=6.9ms speed=50x target=0.34d cap=2.43d/f cost=3.30ms ran=0 pulse=0.00ms loop=0.00ms full=0.17ms carry=0.70 barrier=
[clock/step] delta=6.9ms speed=50x target=0.34d cap=2.66d/f cost=2.47ms ran=1 pulse=0.00ms loop=0.32ms full=0.48ms carry=0.01 barrier=climate_input_capacity_day_barrier
[economy-open-finish] day=4200 country=0.552 workset=0.026 fiscal=0.062 csr=0.003 recovery=0.001 vectors=0.408 audit=0.482 commands=0.000
[economy-prelude-cost] day=4200 ms=1.898 pending=0
[economy-aggregate-cost] day=4200 publish_ms=1.746 native_hash_ms=1.443
[economy-ledger-cost] day=4200 copy_ms=1.190 validate_ms=0.165 hash_ms=1.175 cohorts=384 markets=321600
[economy-boundary-cost] day=4200 formulas_ms=8.161 stages_ms=5.781 mirror_ms=4.224
[runtime-day-cost] day=4200 ok=1 ms=16.528
[clock/step] delta=6.9ms speed=50x target=0.34d cap=7.67d/f cost=0.89ms ran=1 pulse=0.00ms loop=0.26ms full=0.39ms carry=0.01 barrier=climate_input_capacity_day_barrier
[clock/step] delta=6.9ms speed=50x target=0.34d cap=2.46d/f cost=3.25ms ran=0 pulse=0.00ms loop=0.00ms full=0.20ms carry=0.35 barrier=
[economy-open-finish] day=4300 country=0.317 workset=0.021 fiscal=0.032 csr=0.005 recovery=0.001 vectors=0.215 audit=0.434 commands=0.001
[economy-prelude-cost] day=4300 ms=1.315 pending=0
[economy-aggregate-cost] day=4300 publish_ms=2.404 native_hash_ms=1.332
[economy-ledger-cost] day=4300 copy_ms=1.258 validate_ms=0.136 hash_ms=1.076 cohorts=384 markets=321600
[economy-boundary-cost] day=4300 formulas_ms=8.008 stages_ms=6.435 mirror_ms=4.034
[runtime-day-cost] day=4300 ok=1 ms=16.030
[clock/step] delta=6.9ms speed=50x target=0.34d cap=3.27d/f cost=2.01ms ran=1 pulse=0.00ms loop=0.29ms full=0.44ms carry=0.00 barrier=climate_input_capacity_day_barrier
[clock/step] delta=6.9ms speed=50x target=0.34d cap=4.03d/f cost=1.99ms ran=0 pulse=0.00ms loop=0.00ms full=0.27ms carry=1.00 barrier=
[economy-open-finish] day=4400 country=0.324 workset=0.020 fiscal=0.029 csr=0.004 recovery=0.001 vectors=0.215 audit=0.427 commands=0.000
[economy-prelude-cost] day=4400 ms=1.280 pending=0
[economy-aggregate-cost] day=4400 publish_ms=2.109 native_hash_ms=1.339
[economy-ledger-cost] day=4400 copy_ms=1.147 validate_ms=0.144 hash_ms=1.307 cohorts=384 markets=321600
[economy-boundary-cost] day=4400 formulas_ms=7.469 stages_ms=5.946 mirror_ms=4.202
[runtime-day-cost] day=4400 ok=1 ms=14.803
[clock/step] delta=6.9ms speed=50x target=0.34d cap=7.63d/f cost=0.91ms ran=1 pulse=0.00ms loop=0.35ms full=0.51ms carry=0.15 barrier=climate_input_capacity_day_barrier
[clock/step] delta=6.9ms speed=50x target=0.34d cap=4.19d/f cost=1.59ms ran=1 pulse=0.00ms loop=0.31ms full=0.46ms carry=0.15 barrier=climate_input_capacity_day_barrier
[clock/step] delta=6.9ms speed=50x target=0.34d cap=5.50d/f cost=1.23ms ran=1 pulse=0.00ms loop=0.34ms full=0.50ms carry=0.18 barrier=climate_input_capacity_day_barrier
[economy-open-finish] day=4500 country=0.305 workset=0.019 fiscal=0.030 csr=0.004 recovery=0.001 vectors=0.197 audit=0.412 commands=0.000
[economy-prelude-cost] day=4500 ms=1.217 pending=0
[economy-aggregate-cost] day=4500 publish_ms=1.663 native_hash_ms=1.318
[economy-ledger-cost] day=4500 copy_ms=1.211 validate_ms=0.136 hash_ms=1.083 cohorts=384 markets=321600
[economy-boundary-cost] day=4500 formulas_ms=6.944 stages_ms=5.493 mirror_ms=4.033
[runtime-day-cost] day=4500 ok=1 ms=15.630
[clock/step] delta=6.9ms speed=50x target=0.34d cap=3.79d/f cost=2.11ms ran=0 pulse=0.00ms loop=0.00ms full=0.37ms carry=0.73 barrier=
[clock/step] delta=6.9ms speed=50x target=0.34d cap=6.09d/f cost=1.13ms ran=1 pulse=0.00ms loop=0.40ms full=0.58ms carry=0.31 barrier=climate_input_capacity_day_barrier
[economy-open-finish] day=4600 country=0.300 workset=0.019 fiscal=0.028 csr=0.004 recovery=0.000 vectors=0.196 audit=0.395 commands=0.000
[economy-prelude-cost] day=4600 ms=1.184 pending=0
[economy-aggregate-cost] day=4600 publish_ms=1.545 native_hash_ms=1.239
[economy-ledger-cost] day=4600 copy_ms=0.918 validate_ms=0.147 hash_ms=1.049 cohorts=384 markets=321600
[economy-boundary-cost] day=4600 formulas_ms=6.694 stages_ms=5.272 mirror_ms=3.574
[runtime-day-cost] day=4600 ok=1 ms=13.337
[clock/step] delta=6.9ms speed=50x target=0.34d cap=2.59d/f cost=3.02ms ran=1 pulse=0.00ms loop=2.75ms full=2.88ms carry=0.31 barrier=
[clock/step] delta=6.9ms speed=50x target=0.34d cap=3.84d/f cost=1.77ms ran=1 pulse=0.00ms loop=0.50ms full=0.79ms carry=0.31 barrier=climate_input_capacity_day_barrier
[clock/step] delta=6.9ms speed=50x target=0.34d cap=2.40d/f cost=3.33ms ran=0 pulse=0.00ms loop=0.00ms full=0.30ms carry=0.96 barrier=
[economy-open-finish] day=4700 country=0.298 workset=0.018 fiscal=0.030 csr=0.004 recovery=0.001 vectors=0.211 audit=0.443 commands=0.000
[economy-prelude-cost] day=4700 ms=1.270 pending=0
[economy-aggregate-cost] day=4700 publish_ms=1.617 native_hash_ms=1.283
[economy-ledger-cost] day=4700 copy_ms=1.000 validate_ms=0.134 hash_ms=1.077 cohorts=384 markets=321600
[economy-boundary-cost] day=4700 formulas_ms=6.916 stages_ms=5.406 mirror_ms=3.686
[runtime-day-cost] day=4700 ok=1 ms=14.441
[clock/step] delta=6.9ms speed=50x target=0.34d cap=2.44d/f cost=3.21ms ran=1 pulse=0.00ms loop=2.96ms full=3.14ms carry=0.33 barrier=
[clock/step] delta=6.9ms speed=50x target=0.34d cap=2.34d/f cost=3.42ms ran=0 pulse=0.00ms loop=0.00ms full=0.21ms carry=0.35 barrier=
[economy-open-finish] day=4800 country=0.292 workset=0.017 fiscal=0.028 csr=0.004 recovery=0.001 vectors=0.190 audit=0.391 commands=0.000
[economy-prelude-cost] day=4800 ms=1.173 pending=0
[economy-aggregate-cost] day=4800 publish_ms=1.516 native_hash_ms=1.292
[economy-ledger-cost] day=4800 copy_ms=0.999 validate_ms=0.138 hash_ms=1.072 cohorts=384 markets=321600
[economy-boundary-cost] day=4800 formulas_ms=6.809 stages_ms=5.381 mirror_ms=3.706
[runtime-day-cost] day=4800 ok=1 ms=14.332
[clock/step] delta=6.9ms speed=50x target=0.35d cap=1.99d/f cost=4.02ms ran=0 pulse=0.00ms loop=0.00ms full=0.20ms carry=0.90 barrier=
[clock/step] delta=6.9ms speed=50x target=0.34d cap=2.46d/f cost=3.21ms ran=1 pulse=0.00ms loop=3.07ms full=3.24ms carry=0.29 barrier=
[clock/step] delta=6.9ms speed=50x target=0.34d cap=1.95d/f cost=4.09ms ran=0 pulse=0.00ms loop=0.00ms full=0.17ms carry=0.67 barrier=
[economy-open-finish] day=4900 country=0.311 workset=0.021 fiscal=0.033 csr=0.004 recovery=0.001 vectors=0.205 audit=0.412 commands=0.000
[economy-prelude-cost] day=4900 ms=1.268 pending=0
[economy-aggregate-cost] day=4900 publish_ms=2.077 native_hash_ms=1.320
[economy-ledger-cost] day=4900 copy_ms=1.018 validate_ms=0.134 hash_ms=1.177 cohorts=384 markets=321600
[economy-boundary-cost] day=4900 formulas_ms=7.642 stages_ms=6.127 mirror_ms=3.818
[runtime-day-cost] day=4900 ok=1 ms=15.264
[clock/step] delta=6.9ms speed=50x target=0.34d cap=2.37d/f cost=2.77ms ran=1 pulse=0.00ms loop=0.32ms full=0.47ms carry=0.01 barrier=climate_input_capacity_day_barrier
[clock/step] delta=6.9ms speed=50x target=0.34d cap=2.18d/f cost=3.66ms ran=0 pulse=0.00ms loop=0.00ms full=0.19ms carry=0.38 barrier=
[economy-open-finish] day=5000 country=0.291 workset=0.018 fiscal=0.029 csr=0.004 recovery=0.001 vectors=0.199 audit=0.398 commands=0.000
[economy-prelude-cost] day=5000 ms=1.183 pending=0
[economy-aggregate-cost] day=5000 publish_ms=1.629 native_hash_ms=1.284
[economy-ledger-cost] day=5000 copy_ms=1.092 validate_ms=0.130 hash_ms=1.076 cohorts=384 markets=321600
[economy-boundary-cost] day=5000 formulas_ms=7.153 stages_ms=5.736 mirror_ms=3.844
[runtime-day-cost] day=5000 ok=1 ms=14.092
[clock/step] delta=6.9ms speed=50x target=0.34d cap=2.91d/f cost=2.75ms ran=0 pulse=0.00ms loop=0.00ms full=0.22ms carry=0.35 barrier=
[clock/step] delta=6.9ms speed=50x target=0.34d cap=8.00d/f cost=0.59ms ran=1 pulse=0.00ms loop=0.37ms full=0.53ms carry=0.31 barrier=climate_input_capacity_day_barrier
[clock/step] delta=6.9ms speed=50x target=0.34d cap=8.00d/f cost=0.73ms ran=0 pulse=0.00ms loop=0.00ms full=0.23ms carry=0.96 barrier=
[economy-open-finish] day=5100 country=0.313 workset=0.022 fiscal=0.032 csr=0.004 recovery=0.001 vectors=0.240 audit=0.448 commands=0.000
[economy-prelude-cost] day=5100 ms=1.357 pending=0
[economy-aggregate-cost] day=5100 publish_ms=1.919 native_hash_ms=1.403
[economy-ledger-cost] day=5100 copy_ms=1.520 validate_ms=0.151 hash_ms=1.173 cohorts=384 markets=321600
[economy-boundary-cost] day=5100 formulas_ms=8.406 stages_ms=6.794 mirror_ms=4.621
[runtime-day-cost] day=5100 ok=1 ms=17.758
[clock/step] delta=6.7ms speed=50x target=0.33d cap=2.31d/f cost=3.47ms ran=0 pulse=0.00ms loop=0.00ms full=0.28ms carry=0.48 barrier=
[clock/step] delta=6.9ms speed=50x target=0.35d cap=2.38d/f cost=3.37ms ran=0 pulse=0.00ms loop=0.00ms full=0.26ms carry=0.85 barrier=
[clock/step] delta=6.9ms speed=50x target=0.34d cap=1.69d/f cost=4.74ms ran=0 pulse=0.00ms loop=0.00ms full=0.20ms carry=0.43 barrier=
[economy-open-finish] day=5200 country=0.417 workset=0.022 fiscal=0.032 csr=0.004 recovery=0.001 vectors=0.214 audit=0.436 commands=0.000
[economy-prelude-cost] day=5200 ms=1.477 pending=0
[economy-aggregate-cost] day=5200 publish_ms=2.781 native_hash_ms=3.530
[economy-ledger-cost] day=5200 copy_ms=2.401 validate_ms=0.282 hash_ms=2.098 cohorts=384 markets=321600
[economy-boundary-cost] day=5200 formulas_ms=12.070 stages_ms=10.328 mirror_ms=6.616
[runtime-day-cost] day=5200 ok=1 ms=22.077
[clock/step] delta=6.9ms speed=50x target=0.34d cap=2.43d/f cost=3.29ms ran=0 pulse=0.00ms loop=0.00ms full=0.37ms carry=0.42 barrier=
[clock/step] delta=6.9ms speed=50x target=0.34d cap=2.58d/f cost=3.10ms ran=0 pulse=0.00ms loop=0.00ms full=0.16ms carry=0.76 barrier=
[economy-open-finish] day=5300 country=0.289 workset=0.018 fiscal=0.030 csr=0.004 recovery=0.001 vectors=0.197 audit=0.394 commands=0.001
[economy-prelude-cost] day=5300 ms=1.193 pending=0
[economy-aggregate-cost] day=5300 publish_ms=1.965 native_hash_ms=1.485
[economy-ledger-cost] day=5300 copy_ms=1.030 validate_ms=0.197 hash_ms=1.136 cohorts=384 markets=321600
[economy-boundary-cost] day=5300 formulas_ms=8.123 stages_ms=6.693 mirror_ms=4.204
[runtime-day-cost] day=5300 ok=1 ms=16.082
[clock/step] delta=6.9ms speed=50x target=0.34d cap=2.81d/f cost=2.84ms ran=0 pulse=0.00ms loop=0.00ms full=0.21ms carry=0.45 barrier=
[clock/step] delta=6.9ms speed=50x target=0.34d cap=5.46d/f cost=1.47ms ran=0 pulse=0.00ms loop=0.00ms full=0.18ms carry=0.72 barrier=
[clock/step] delta=6.9ms speed=50x target=0.34d cap=4.91d/f cost=1.63ms ran=0 pulse=0.00ms loop=0.00ms full=0.25ms carry=0.72 barrier=
[economy-open-finish] day=5400 country=0.302 workset=0.022 fiscal=0.031 csr=0.004 recovery=0.001 vectors=0.207 audit=0.494 commands=0.000
[economy-prelude-cost] day=5400 ms=1.333 pending=0
[economy-aggregate-cost] day=5400 publish_ms=1.734 native_hash_ms=1.431
[economy-ledger-cost] day=5400 copy_ms=1.126 validate_ms=0.156 hash_ms=1.092 cohorts=384 markets=321600
[economy-boundary-cost] day=5400 formulas_ms=8.215 stages_ms=6.632 mirror_ms=3.877
[runtime-day-cost] day=5400 ok=1 ms=15.949
[clock/step] delta=6.9ms speed=50x target=0.34d cap=8.00d/f cost=0.65ms ran=0 pulse=0.00ms loop=0.00ms full=0.26ms carry=0.72 barrier=
[economy-open-finish] day=5500 country=0.326 workset=0.019 fiscal=0.029 csr=0.004 recovery=0.001 vectors=0.194 audit=0.435 commands=0.001
[economy-prelude-cost] day=5500 ms=1.293 pending=0
[economy-aggregate-cost] day=5500 publish_ms=1.552 native_hash_ms=1.259
[economy-ledger-cost] day=5500 copy_ms=1.092 validate_ms=0.143 hash_ms=1.077 cohorts=384 markets=321600
[economy-boundary-cost] day=5500 formulas_ms=6.967 stages_ms=5.439 mirror_ms=3.847
[runtime-day-cost] day=5500 ok=1 ms=14.449
[clock/step] delta=6.9ms speed=50x target=0.35d cap=2.41d/f cost=3.33ms ran=0 pulse=0.00ms loop=0.00ms full=0.22ms carry=0.81 barrier=
[clock/step] delta=6.9ms speed=50x target=0.34d cap=3.35d/f cost=2.39ms ran=0 pulse=0.00ms loop=0.00ms full=0.29ms carry=0.76 barrier=
[clock/step] delta=6.9ms speed=50x target=0.34d cap=5.43d/f cost=1.47ms ran=0 pulse=0.00ms loop=0.00ms full=0.25ms carry=0.72 barrier=
[economy-open-finish] day=5600 country=0.303 workset=0.020 fiscal=0.034 csr=0.004 recovery=0.001 vectors=0.226 audit=0.421 commands=0.000
[economy-prelude-cost] day=5600 ms=1.307 pending=0
[economy-aggregate-cost] day=5600 publish_ms=1.714 native_hash_ms=1.443
[economy-ledger-cost] day=5600 copy_ms=1.295 validate_ms=0.156 hash_ms=1.092 cohorts=384 markets=321600
[economy-boundary-cost] day=5600 formulas_ms=7.724 stages_ms=6.173 mirror_ms=4.119
[runtime-day-cost] day=5600 ok=1 ms=15.199
[perf-record] exported rows=5340 cols=234 → D:/Godot/ProjectKeynes/Project.Keynes/tmp/publish_optimized120/perf.csv
[stage-c/client] complete mode=ACTIVE frames=16029 fast_ticks=5340 perf=D:/Godot/ProjectKeynes/Project.Keynes/tmp/publish_optimized120/perf.csv
ERROR: [stage-c/client] health failed: native rate 44.792 < 49.000
   at: push_error (core/variant/variant_utility.cpp:1024)
   GDScript backtrace (most recent call first):
       [0] _finish_recording (res://tests/authority_stage_c_client_runner.gd:414)
       [1] _process (res://tests/authority_stage_c_client_runner.gd:326)
ERROR: 44 RID allocations of type 'PN13RendererDummy14TextureStorage12DummyTextureE' were leaked at exit.
ERROR: 16 RID allocations of type 'PN18TextServerAdvanced22ShapedTextDataAdvancedE' were leaked at exit.
ERROR: 1 RID allocations of type 'PN18TextServerAdvanced12FontAdvancedE' were leaked at exit.
WARNING: ObjectDB instances leaked at exit (run with --verbose for details).
   at: cleanup (core/object/object.cpp:2641)
ERROR: 986 resources still in use at exit (run with --verbose for details).
   at: clear (core/io/resource.cpp:810)
