Godot Engine v4.6.2.stable.official.71f334935 - https://godotengine.org

[ui-layout-diag/bind_ui] is_web=false viewport_visible_rect=[P: (0.0, 0.0), S: (51.2, 51.2)] window_size=(64, 64) content_scale_factor=1.250 content_scale_mode=0 device_pixel_ratio=-1.000 top_bar_rect=[P: (0.0, 0.0), S: (543.0, 56.0)] right_panel_rect=[P: (-408.8, 68.0), S: (460.0, 366.0)] country_action_bar_rect=[P: (8.0, -30.8), S: (336.0, 74.0)]
[stage-c] authority=ACTIVE worker=ACTIVE
[building-visual] queue_probe ticks=1 queued=0 chunk=-1 camera_rect=[P: (-25.6, -25.6), S: (51.2, 51.2)] prefetch=false zoom=1.000
[building-visual] queue_probe ticks=2 queued=0 chunk=-1 camera_rect=[P: (-25.6, -25.6), S: (51.2, 51.2)] prefetch=false zoom=1.000
[native_generation/base] path=gdext algorithm=post_base_priority_flood_hydrology_v3 n=2400 native_ms=6.300 water=1553 land=847
[native_generation/post_base] path=gdext algorithm=post_base_priority_flood_hydrology_v3 n=2400 native_ms=1.324 lakes=4 rivers=105 volcanoes=0
[native_generation/vegetation] native_ms=0.486 candidates=841 none=1169 score=[0.000,1.236,1.114] plant_water_land=856 river_adjacent_desert=0 coastal_highland_desert=0 terrain_weight=[0.180,1.200]
[native_generation/qa] single_water=0 tiny<=3=0 small<=5=0 bodies=1 largest=1544 | land_below_sea=0.7% | terr_distinct=21 entropy=3.183bit | river_ratio=4.375%
MapGenerator v7: per-cell 57ms (2400 cells, path=gdext)
[building-visual] queue_probe ticks=3 queued=0 chunk=-1 camera_rect=[P: (-25.6, -25.6), S: (51.2, 51.2)] prefetch=false zoom=1.000
MapBaker v6: hm=(1024, 606) seed=1735228708
    [fused] terrain=62.5ms erosion=2.5ms(ok=true) river=11.0ms(ok=true) latitude=0.1ms coast_sdf=4.2ms(ok=true)
  geometry fields (fused C++): 132ms
  physical circulation hex solve: deferred until DCWorldExt bind (ext=true idx=true soa=false)
  wind/ocean pixel buffers: skipped (ocean_current_visual off)
  visual tiles: {"degradation_reason":"","effective_budget_px":1717248,"effective_texels_per_hex":16.0059221751742,"effective_world_units_per_texel":"(1.373983, 1.375)","estimated_peak_bytes":68402880,"estimated_resident_bytes":40340160,"fallback_reason":"","generation_id":1,"grid_size":"(4, 3)","gutter_px":2,"hex_size":22.0,"horizon_path":"neutral_pending","interior_size":"(416, 344)","layer_size":"(420, 348)","layers":[{"bake_ms":42.3949,"coast_sdf_max_dist_px":13.6162309214075,"distance_scale":1.70202886517594,"edge_distance_saturate_hex":0.9,"edge_distance_units":"normalized_hex_center_gap","hashes":{"edge_distance":-4603098080143260562,"edge_neighbor":4057764273350575789,"height":-9124830669634210576,"map_index":1015450256520461008,"terrain_detail":1415298026641868910,"terrain_normal":4240255112308713771,"water_depth":2330624858830770480},"layer":0,"normal_radius_px":"(22, 22)","raster_scale":"(1.701088, 1.70297)","river_sdf_max_dist_px":5.9571010281158,"shore_carve_band_px":10,"upload_ms":0.069,"wall_ms":42.547},{"bake_ms":54.6399,"coast_sdf_max_dist_px":13.6162309214075,"distance_scale":1.70202886517594,"edge_distance_saturate_hex":0.9,"edge_distance_units":"normalized_hex_center_gap","hashes":{"edge_distance":4583573183968817086,"edge_neighbor":6466940111421570636,"height":5790856781181676511,"map_index":5990047724644026299,"terrain_detail":1806575389526097655,"terrain_normal":3908465376956190299,"water_depth":2547432928052609473},"layer":1,"normal_radius_px":"(22, 22)","raster_scale":"(1.701088, 1.70297)","river_sdf_max_dist_px":5.9571010281158,"shore_carve_band_px":10,"upload_ms":0.056,"wall_ms":54.775},{"bake_ms":56.8357,"coast_sdf_max_dist_px":13.6162309214075,"distance_scale":1.70202886517594,"edge_distance_saturate_hex":0.9,"edge_distance_units":"normalized_hex_center_gap","hashes":{"edge_distance":-2526323355750389439,"edge_neighbor":7015029410290978361,"height":-8150332218754556700,"map_index":329090656303652193,"terrain_detail":-392433696576850044,"terrain_normal":-4965863177888236808,"water_depth":-7217348512352819415},"layer":2,"normal_radius_px":"(22, 22)","raster_scale":"(1.701088, 1.70297)","river_sdf_max_dist_px":5.9571010281158,"shore_carve_band_px":10,"upload_ms":0.057,"wall_ms":56.996},{"bake_ms":83.8536,"coast_sdf_max_dist_px":13.6162309214075,"distance_scale":1.70202886517594,"edge_distance_saturate_hex":0.9,"edge_distance_units":"normalized_hex_center_gap","hashes":{"edge_distance":-4179826732684646787,"edge_neighbor":-5337848294581530626,"height":-7426228563537643593,"map_index":1239439826928151201,"terrain_detail":-8513326582372265254,"terrain_normal":8092780547537771097,"water_depth":-6092640318278072007},"layer":3,"normal_radius_px":"(22, 22)","raster_scale":"(1.701088, 1.70297)","river_sdf_max_dist_px":5.9571010281158,"shore_carve_band_px":10,"upload_ms":0.056,"wall_ms":83.985},{"bake_ms":50.6483,"coast_sdf_max_dist_px":13.6162309214075,"distance_scale":1.70202886517594,"edge_distance_saturate_hex":0.9,"edge_distance_units":"normalized_hex_center_gap","hashes":{"edge_distance":2136869506241081992,"edge_neighbor":-8797880867138963685,"height":-4924567352001132959,"map_index":-4231209514887179977,"terrain_detail":8772909128008927660,"terrain_normal":-6784207502925496102,"water_depth":-7492134226470272506},"layer":4,"normal_radius_px":"(22, 22)","raster_scale":"(1.701088, 1.70297)","river_sdf_max_dist_px":5.9571010281158,"shore_carve_band_px":10,"upload_ms":0.059,"wall_ms":50.78},{"bake_ms":85.8516,"coast_sdf_max_dist_px":13.6162309214075,"distance_scale":1.70202886517594,"edge_distance_saturate_hex":0.9,"edge_distance_units":"normalized_hex_center_gap","hashes":{"edge_distance":6673149775916606392,"edge_neighbor":-8413630352766524385,"height":-6889378239635599087,"map_index":-3551392040916973266,"terrain_detail":1687709548716503895,"terrain_normal":3946453442722986154,"water_depth":6600269933117438995},"layer":5,"normal_radius_px":"(22, 22)","raster_scale":"(1.701088, 1.70297)","river_sdf_max_dist_px":5.9571010281158,"shore_carve_band_px":10,"upload_ms":0.055,"wall_ms":85.978},{"bake_ms":56.0381,"coast_sdf_max_dist_px":13.6162309214075,"distance_scale":1.70202886517594,"edge_distance_saturate_hex":0.9,"edge_distance_units":"normalized_hex_center_gap","hashes":{"edge_distance":361706081270387103,"edge_neighbor":-8688139845739281855,"height":699499231114171702,"map_index":-2682228531129457940,"terrain_detail":-8811551234231146331,"terrain_normal":-265631937775218288,"water_depth":6856409090380917935},"layer":6,"normal_radius_px":"(22, 22)","raster_scale":"(1.701088, 1.70297)","river_sdf_max_dist_px":5.9571010281158,"shore_carve_band_px":10,"upload_ms":0.059,"wall_ms":56.172},{"bake_ms":60.246,"coast_sdf_max_dist_px":13.6162309214075,"distance_scale":1.70202886517594,"edge_distance_saturate_hex":0.9,"edge_distance_units":"normalized_hex_center_gap","hashes":{"edge_distance":-6250500223095183093,"edge_neighbor":5418444607076768559,"height":1419229568066409352,"map_index":4380956599171502337,"terrain_detail":-894743883384344824,"terrain_normal":4459428523621274975,"water_depth":-6366031586637808975},"layer":7,"normal_radius_px":"(22, 22)","raster_scale":"(1.701088, 1.70297)","river_sdf_max_dist_px":5.9571010281158,"shore_carve_band_px":10,"upload_ms":0.067,"wall_ms":60.412},{"bake_ms":60.0015,"coast_sdf_max_dist_px":13.6162309214075,"distance_scale":1.70202886517594,"edge_distance_saturate_hex":0.9,"edge_distance_units":"normalized_hex_center_gap","hashes":{"edge_distance":8492285698888321900,"edge_neighbor":3199635046979891388,"height":4828838600007938123,"map_index":-7514139010467297966,"terrain_detail":-8950604297692130837,"terrain_normal":-3593785506946687824,"water_depth":5761060537573716235},"layer":8,"normal_radius_px":"(22, 22)","raster_scale":"(1.701088, 1.70297)","river_sdf_max_dist_px":5.9571010281158,"shore_carve_band_px":10,"upload_ms":0.059,"wall_ms":60.135},{"bake_ms":83.9867,"coast_sdf_max_dist_px":13.6162309214075,"distance_scale":1.70202886517594,"edge_distance_saturate_hex":0.9,"edge_distance_units":"normalized_hex_center_gap","hashes":{"edge_distance":9117926548072241235,"edge_neighbor":-7557104988675294500,"height":618468365387938347,"map_index":-5885543932102826664,"terrain_detail":3877245088374033799,"terrain_normal":-6778421208245397131,"water_depth":2200779154463963187},"layer":9,"normal_radius_px":"(22, 22)","raster_scale":"(1.701088, 1.70297)","river_sdf_max_dist_px":5.9571010281158,"shore_carve_band_px":10,"upload_ms":0.06,"wall_ms":84.126},{"bake_ms":38.9079,"coast_sdf_max_dist_px":13.6162309214075,"distance_scale":1.70202886517594,"edge_distance_saturate_hex":0.9,"edge_distance_units":"normalized_hex_center_gap","hashes":{"edge_distance":-3745585455065177449,"edge_neighbor":2404961067888014635,"height":-3115442796632843800,"map_index":-6211809985430628861,"terrain_detail":1161812488860344551,"terrain_normal":6456972146840247766,"water_depth":1987210436922770546},"layer":10,"normal_radius_px":"(22, 22)","raster_scale":"(1.701088, 1.70297)","river_sdf_max_dist_px":5.9571010281158,"shore_carve_band_px":10,"upload_ms":0.064,"wall_ms":39.05},{"bake_ms":36.9458,"coast_sdf_max_dist_px":13.6162309214075,"distance_scale":1.70202886517594,"edge_distance_saturate_hex":0.9,"edge_distance_units":"normalized_hex_center_gap","hashes":{"edge_distance":-1470570636688572573,"edge_neighbor":-6057560351645416949,"height":-5827593206795043862,"map_index":-2248414732901839783,"terrain_detail":7630543887994105174,"terrain_normal":8582387156502791927,"water_depth":-6103088449435849452},"layer":11,"normal_radius_px":"(22, 22)","raster_scale":"(1.701088, 1.70297)","river_sdf_max_dist_px":5.9571010281158,"shore_carve_band_px":10,"upload_ms":0.06,"wall_ms":37.094}],"logical_size":"(1664, 1032)","mode":"tiled","path":"visual_tiled_static","profile":"desktop_high","renderer":"mobile","requested_budget_px":1716216,"requested_texels_per_hex":16.0,"requested_tile_world_span":"(704.0, 704.0)","requested_world_units_per_texel":1.375,"tile_world_area":270355.817993164,"tile_world_span":"(571.5768, 473.0)","total_ms":715.164,"visual_domain":"[P: (0.0, -44.0), S: (2286.307, 1419.0)]","wrap_period_x":2286.30706599092,"wrap_x":true}
WARNING: Loaded resource as image file, this will not work on export: 'res://assets/textures/terrain_materials/organic.png'. Instead, import the image file as an Image resource and load it normally as a resource.
   at: load (core/io/image.cpp:2756)
   GDScript backtrace (most recent call first):
       [0] _build_terrain_material_tex (res://scripts/rendering/map_baker.gd:360)
       [1] get_or_build_shared_terrain_material_tex (res://scripts/rendering/map_baker.gd:343)
       [2] bake_world (res://scripts/rendering/map_baker.gd:1187)
       [3] _yield_generation_frame (res://scripts/rendering/map_baker.gd:1225)
WARNING: Loaded resource as image file, this will not work on export: 'res://assets/textures/terrain_materials/dry_sand.png'. Instead, import the image file as an Image resource and load it normally as a resource.
   at: load (core/io/image.cpp:2756)
   GDScript backtrace (most recent call first):
       [0] _build_terrain_material_tex (res://scripts/rendering/map_baker.gd:360)
       [1] get_or_build_shared_terrain_material_tex (res://scripts/rendering/map_baker.gd:343)
       [2] bake_world (res://scripts/rendering/map_baker.gd:1187)
       [3] _yield_generation_frame (res://scripts/rendering/map_baker.gd:1225)
WARNING: Loaded resource as image file, this will not work on export: 'res://assets/textures/terrain_materials/rock.png'. Instead, import the image file as an Image resource and load it normally as a resource.
   at: load (core/io/image.cpp:2756)
   GDScript backtrace (most recent call first):
       [0] _build_terrain_material_tex (res://scripts/rendering/map_baker.gd:360)
       [1] get_or_build_shared_terrain_material_tex (res://scripts/rendering/map_baker.gd:343)
       [2] bake_world (res://scripts/rendering/map_baker.gd:1187)
       [3] _yield_generation_frame (res://scripts/rendering/map_baker.gd:1225)
WARNING: Loaded resource as image file, this will not work on export: 'res://assets/textures/terrain_materials/snow_wet.png'. Instead, import the image file as an Image resource and load it normally as a resource.
   at: load (core/io/image.cpp:2756)
   GDScript backtrace (most recent call first):
       [0] _build_terrain_material_tex (res://scripts/rendering/map_baker.gd:360)
       [1] get_or_build_shared_terrain_material_tex (res://scripts/rendering/map_baker.gd:343)
       [2] bake_world (res://scripts/rendering/map_baker.gd:1187)
       [3] _yield_generation_frame (res://scripts/rendering/map_baker.gd:1225)
  cell LUT encode: deferred until DCWorldExt bind
  encode: 2702ms
MapBaker v6: total 2842ms
MapGenerator v7: bake 2864ms
MapGenerator: skip _compute_ocean_currents (physical-hex path writes per-cell directly)
MapGenerator: skip _compute_terrain_perturbed_wind (physical-hex solver writes per-cell)
[SUS] sim budget strict=false frame=8.00ms warn=2.00ms slice=0.75ms upload=1.50ms scheduler=DCSystemScheduler native_sus=auto
[DCWorldExt] bind_map_data: 148 components bound (auto-registered=148; snapshot model; see world_ext.cpp comment & charter Â§11)
[DataCore] _data_core_world_ext bound=true (climate co-processor; class=DCWorldExt)
[native_world] configure rc=0 reason=configured cells=2400 wrap_period_x=103.923
[native_generation] path=gdext n=2400 published=9 native_ms=0.087 compute_ms=0.051 flush_ms=0.036
[hex_cell] facade ENABLED (2400 cells bound; ext=true)
[DataCore] _baker climate_profile injected=true (fixes WorldData.config==null sea_ice prepare path)
[phys_solve][oneshot] OK slp=0.77ms wind=0.33ms psi=0.28ms(ran=true) upwelling=0.03ms total=1.83ms
PhysicalCirculation solve@phase=1.50 total=2ms (C++ one-shot run_physical_solve_pass)
  wind/ocean pixel buffers: skipped (ocean_current_visual off)
[physical_init] deferred native refresh complete: 2ms
[cell_lut] deferred encode: 2ms path=gdext
[bio-occupancy] seed landmasses=10 provinces=10 species=20 secondary_hearths=22
[bio-occupancy]   bio.maize envelope=56 hearth=17 seeded_landmasses=1 primary_landmass=8 primary_envelope=31 occupied=17 occupied/envelope=0.55
[bio-occupancy]   bio.wheat envelope=225 hearth=58 seeded_landmasses=3 primary_landmass=1 primary_envelope=21 occupied=58 occupied/envelope=2.76
[bio-occupancy]   bio.rice envelope=71 hearth=19 seeded_landmasses=4 primary_landmass=2 primary_envelope=23 occupied=19 occupied/envelope=0.83
[bio-occupancy]   bio.potato envelope=163 hearth=55 seeded_landmasses=3 primary_landmass=8 primary_envelope=86 occupied=55 occupied/envelope=0.64
[bio-occupancy]   bio.horse envelope=242 hearth=48 seeded_landmasses=4 primary_landmass=2 primary_envelope=70 occupied=48 occupied/envelope=0.69
[bio-occupancy]   bio.cotton envelope=119 hearth=12 seeded_landmasses=1 primary_landmass=7 primary_envelope=22 occupied=12 occupied/envelope=0.55
[bio-occupancy]   bio.flax envelope=212 hearth=17 seeded_landmasses=2 primary_landmass=1 primary_envelope=21 occupied=17 occupied/envelope=0.81
[bio-occupancy]   bio.spice envelope=100 hearth=8 seeded_landmasses=2 primary_landmass=2 primary_envelope=26 occupied=8 occupied/envelope=0.31
[bio-occupancy]   bio.rubber envelope=56 hearth=7 seeded_landmasses=1 primary_landmass=7 primary_envelope=15 occupied=7 occupied/envelope=0.47
[bio-occupancy]   bio.sheep envelope=34 hearth=8 seeded_landmasses=1 primary_landmass=8 primary_envelope=17 occupied=8 occupied/envelope=0.47
[bio-occupancy]   bio.goat envelope=405 hearth=98 seeded_landmasses=4 primary_landmass=8 primary_envelope=187 occupied=98 occupied/envelope=0.52
[bio-occupancy]   bio.cattle envelope=13 hearth=5 seeded_landmasses=1 primary_landmass=8 primary_envelope=11 occupied=5 occupied/envelope=0.45
[bio-occupancy]   bio.pig envelope=287 hearth=89 seeded_landmasses=5 primary_landmass=8 primary_envelope=129 occupied=89 occupied/envelope=0.69
[bio-occupancy]   bio.camel envelope=45 hearth=6 seeded_landmasses=1 primary_landmass=6 primary_envelope=13 occupied=6 occupied/envelope=0.46
[bio-occupancy]   bio.yak envelope=192 hearth=68 seeded_landmasses=3 primary_landmass=2 primary_envelope=83 occupied=68 occupied/envelope=0.82
[bio-occupancy]   bio.silkworm envelope=144 hearth=23 seeded_landmasses=1 primary_landmass=8 primary_envelope=57 occupied=23 occupied/envelope=0.40
[bio-occupancy]   bio.reed envelope=148 hearth=31 seeded_landmasses=4 primary_landmass=8 primary_envelope=60 occupied=31 occupied/envelope=0.52
[bio-occupancy]   bio.bast_fiber envelope=279 hearth=65 seeded_landmasses=1 primary_landmass=8 primary_envelope=136 occupied=65 occupied/envelope=0.48
[bio-occupancy]   bio.dye_plant envelope=122 hearth=38 seeded_landmasses=2 primary_landmass=8 primary_envelope=53 occupied=38 occupied/envelope=0.72
[bio-occupancy]   bio.medicinal_herb envelope=371 hearth=151 seeded_landmasses=5 primary_landmass=8 primary_envelope=168 occupied=151 occupied/envelope=0.90
[bio-occupancy]   landmass 1 classes=cold_grazer, fiber_forest, dry_grazer, highland_food, open_food, open_grazer, fiber_open, forest_grazer foods=potato, wheat
[bio-occupancy]   landmass 2 classes=cold_grazer, fiber_forest, dry_grazer, open_grazer, fiber_wet, forest_grazer, open_food, highland_food, fiber_open, wetland_food, tropical foods=wheat, potato, rice
[bio-occupancy]   landmass 3 classes=none foods=none
[bio-occupancy]   landmass 4 classes=none foods=none
[bio-occupancy]   landmass 5 classes=none foods=none
[bio-occupancy]   landmass 6 classes=wetland_food, forest_grazer, fiber_wet, fiber_forest, open_grazer, dry_grazer, fiber_open, tropical foods=rice
[bio-occupancy]   landmass 7 classes=fiber_open, tropical, dry_grazer, open_food, open_grazer, fiber_forest, wetland_food, forest_grazer, fiber_wet foods=wheat, rice
[bio-occupancy]   landmass 8 classes=tropical, fiber_open, forest_grazer, dry_grazer, open_food, fiber_forest, wetland_food, open_grazer, highland_food, fiber_wet, cold_grazer foods=maize, rice, potato
[bio-occupancy]   landmass 9 classes=none foods=none
[bio-occupancy]   landmass 10 classes=none foods=none
[weather] gdext acceleration ON (class=DCWorldExt)
[weather] gdext field commit ON
[weather] gdext distribute ON
[weather] gdext summary ON
[weather] hexcell facade ON (skip AoS double-write in hot loop)
[weather] gdext resident knobs ON (class=KnobsHandle)
[economy] ACTIVE native graph cells=2400 goods=134 cohorts=24 epoch_days=1 trade=ACTIVE topology_ready=true topology_generation=1 bootstrap=starter_settlement_bootstrap_v9 founder_families=6 founder_people=6
[country] ACTIVE native authority countries=6 cells=2400 generation=1
[weather/knobs] resident KnobsHandle path ACTIVE — first to_*_knobs_dict hit (field_rebuild_count=1 expected ≤1; stable Hz target ≤1 Hz)
[native_daily] ACTIVE: registered native_daily_sim + natural_resource_daily + bio_occupancy_daily; retained season_refresh + ocean_currents boundary jobs
[DCSystemScheduler] topology: ["season_refresh", "trigger_runtime", "ideology_runtime", "effect_runtime", "modifier_daily", "gameplay_effect", "natural_resource_daily", "bio_occupancy_daily", "enum_atlas_upload", "ocean_currents", "native_daily_sim", "dynamic_visual_atlas_upload", "country_daily", "economy_daily"]
WARNING: [runtime-climate-round] no ClimateDailySystem; SHADOW capture carries no shared pass input
   at: push_warning (core/variant/variant_utility.cpp:1034)
   GDScript backtrace (most recent call first):
       [0] _build_runtime_climate_round_input (res://scripts/geography/map_generator.gd:4651)
       [1] capture_runtime_inputs_for_worker (res://scripts/geography/map_generator.gd:2351)
       [2] generate_world (res://scripts/game/world_runtime_host.gd:609)
       [3] generate (res://scripts/geography/map_generator.gd:1606)
       [4] _yield_generation_frame (res://scripts/geography/map_generator.gd:19867)
WARNING: [runtime-worker] Ideology opinion publish deferred: ideology_opinion_snapshot_invalid
   at: push_warning (core/variant/variant_utility.cpp:1034)
   GDScript backtrace (most recent call first):
       [0] _start_production_shadow_worker (res://scripts/game/world_runtime_host.gd:700)
       [1] generate_world (res://scripts/game/world_runtime_host.gd:618)
       [2] generate (res://scripts/geography/map_generator.gd:1606)
       [3] _yield_generation_frame (res://scripts/geography/map_generator.gd:19867)
[runtime-day-wait] day=1 env_day=0 missing=0x3ff economy_input=-1
[runtime-worker] production ACTIVE started mask=4095 auto_pod=true
[building-visual] intel_refresh requested=32 changed=1 known=1 catalog=400 resident=0 body=0 queued=0 zoom=1.000
[DCSystemScheduler][RT] ocean_skip#1 tick=1 reason=policy_gated slices=0 elapsed=0.000 progress=0.000 source=day_changed
[climate][publish] day=0 round_ran=1 prod_stage=0xff scalar_mask=0x7f alb=0 veg=0 fb=0 weather=0 sr=0 ok=1
[climate/worker][b8] physics_knobs day=1 ready=0 missing=physics_knobs
[climate-kernel][round] shared=1 ok=1 n_cells=2400 mask=0x1FF ran=0x1FF starved=0x0 knobs_cells=2400
[DCSystemScheduler][RT] ocean_skip#2 tick=2 reason=policy_gated slices=0 elapsed=0.000 progress=0.000 source=day_changed
[country][parity] worker_day=1 uncompared reference_range=-1..-1 depth=0
[economy-mirror-cost] day=1 capture_ms=2.847 import_ms=4.814
[phys/knobs] projection ready: slp=31 wind=33 psi=26 up=10
[climate/writeback][b8] day=1 vapor store0=0 map0=0 dirty_fields=42 applied=42
[climate/worker][b8] physics_knobs day=2 ready=1 missing=
[climate/worker][b8] paw day=2 cell=68 moisture=0.717273 wb30=0 soil=0 paw=0.717273 zeros(water=1544 land=5) nonzero=851 weights(wb=0.35 soil=0.25 dry=0.65) round=1 distribute=0 hydrology=0
[climate/worker][b8] physics_knobs day=3 ready=1 missing=
[climate/worker][b8] paw day=3 cell=68 moisture=0.714318 wb30=0 soil=0 paw=0.714318 zeros(water=1544 land=7) nonzero=849 weights(wb=0.35 soil=0.25 dry=0.65) round=1 distribute=0 hydrology=0
[climate/writeback][b8] day=2 vapor store0=0 map0=0 dirty_fields=52 applied=52
[country][parity] worker_day=3 uncompared reference_range=2..2 depth=1
[climate/writeback][b8] day=3 vapor store0=0 map0=0 dirty_fields=52 applied=52
[climate/worker][b8] physics_knobs day=4 ready=1 missing=
[climate/worker][b8] paw day=4 cell=68 moisture=0.715778 wb30=0 soil=0 paw=0.715778 zeros(water=1544 land=7) nonzero=849 weights(wb=0.35 soil=0.25 dry=0.65) round=1 distribute=1 hydrology=0
[climate/worker][b8] cyclone_gate day=4 input_enabled=0 force_env=0 effective=0
[climate/worker][b8] weather_solve day=4 cells=2400 psi=1 vapor0=0.112068 precip0=0 cloud0=0.0422656 type0=0 field_init0=1
[country][parity] worker_day=4 uncompared reference_range=2..2 depth=1
[climate/worker][b8] physics_knobs day=5 ready=1 missing=
[climate/worker][b8] paw day=5 cell=68 moisture=0.714592 wb30=-0.000136028 soil=0 paw=0.714504 zeros(water=1544 land=7) nonzero=849 weights(wb=0.35 soil=0.25 dry=0.65) round=1 distribute=0 hydrology=0
[climate/writeback][b8] day=4 vapor store0=0.112068 map0=0.112068 dirty_fields=54 applied=54
[country][parity] worker_day=5 uncompared reference_range=2..2 depth=1
[climate/worker][b8] physics_knobs day=6 ready=1 missing=
[climate/worker][b8] paw day=6 cell=68 moisture=0.714399 wb30=-0.000136028 soil=-0.000326467 paw=0.71431 zeros(water=1544 land=7) nonzero=849 weights(wb=0.35 soil=0.25 dry=0.65) round=1 distribute=0 hydrology=0
[country][parity] worker_day=6 uncompared reference_range=2..2 depth=1
[climate/worker][b8] paw day=7 cell=68 moisture=0.7164 wb30=-0.000136028 soil=-0.000326467 paw=0.716312 zeros(water=1544 land=7) nonzero=849 weights(wb=0.35 soil=0.25 dry=0.65) round=1 distribute=0 hydrology=0
[country][parity] worker_day=7 uncompared reference_range=2..2 depth=1
[climate/worker][b8] paw day=8 cell=68 moisture=0.716252 wb30=-0.000136028 soil=-0.000326467 paw=0.716164 zeros(water=1544 land=7) nonzero=849 weights(wb=0.35 soil=0.25 dry=0.65) round=1 distribute=0 hydrology=0
[country][parity] worker_day=8 uncompared reference_range=2..2 depth=1
[climate/worker][b8] paw day=9 cell=68 moisture=0.717777 wb30=-0.000136028 soil=-0.000326467 paw=0.717689 zeros(water=1544 land=7) nonzero=849 weights(wb=0.35 soil=0.25 dry=0.65) round=1 distribute=0 hydrology=0
[country][parity] worker_day=9 uncompared reference_range=2..2 depth=1
[climate/worker][b8] paw day=10 cell=68 moisture=0.717696 wb30=-0.000136028 soil=-0.000326467 paw=0.717608 zeros(water=1544 land=7) nonzero=849 weights(wb=0.35 soil=0.25 dry=0.65) round=1 distribute=0 hydrology=0
[climate/worker][b8] paw day=11 cell=68 moisture=0.718845 wb30=-0.000136028 soil=-0.000326467 paw=0.718756 zeros(water=1544 land=7) nonzero=849 weights(wb=0.35 soil=0.25 dry=0.65) round=1 distribute=0 hydrology=0
[climate/worker][b8] paw day=12 cell=68 moisture=0.718783 wb30=-0.000136028 soil=-0.000326467 paw=0.718695 zeros(water=1544 land=7) nonzero=849 weights(wb=0.35 soil=0.25 dry=0.65) round=1 distribute=1 hydrology=0
[climate/worker][b8] cyclone_gate day=12 input_enabled=0 force_env=0 effective=0
[climate/worker][b8] weather_solve day=12 cells=2400 psi=1 vapor0=0.102416 precip0=0 cloud0=0.0524838 type0=0 field_init0=1
[climate/worker][b8] paw day=13 cell=68 moisture=0.719602 wb30=-0.000268662 soil=-0.000326467 paw=0.719428 zeros(water=1544 land=7) nonzero=849 weights(wb=0.35 soil=0.25 dry=0.65) round=1 distribute=0 hydrology=0
[climate/worker][b8] weather_solve day=20 cells=2400 psi=1 vapor0=0.0755789 precip0=0 cloud0=0.0382855 type0=0 field_init0=1
[climate/worker][b8] weather_solve day=28 cells=2400 psi=1 vapor0=0.0762243 precip0=0 cloud0=0.0671054 type0=0 field_init0=1
[clock/step] delta=6.9ms speed=50x target=0.35d cap=2.22d/f cost=3.57ms ran=1 pulse=0.00ms loop=3.38ms full=3.57ms carry=0.27 barrier=
[clock/step] delta=6.9ms speed=50x target=0.35d cap=2.17d/f cost=3.69ms ran=0 pulse=0.00ms loop=0.00ms full=0.26ms carry=0.90 barrier=
[economy-open-finish] day=100 country=0.331 workset=0.021 fiscal=0.030 csr=0.005 recovery=0.001 vectors=0.659 audit=0.429 commands=0.000
[economy-prelude-cost] day=100 ms=1.730 pending=0
[economy-aggregate-cost] day=100 publish_ms=1.638 native_hash_ms=1.389
[economy-ledger-cost] day=100 copy_ms=0.533 validate_ms=0.144 hash_ms=1.109 cohorts=384 markets=321600
[economy-boundary-cost] day=100 formulas_ms=6.832 stages_ms=4.852 mirror_ms=3.046
[runtime-day-cost] day=100 ok=1 ms=13.827
[clock/step] delta=6.9ms speed=50x target=0.34d cap=2.28d/f cost=3.50ms ran=1 pulse=0.00ms loop=3.48ms full=3.68ms carry=0.28 barrier=
[clock/step] delta=6.9ms speed=50x target=0.34d cap=2.23d/f cost=3.59ms ran=0 pulse=0.00ms loop=0.00ms full=0.25ms carry=0.66 barrier=
[clock/step] delta=6.9ms speed=50x target=0.34d cap=2.15d/f cost=3.61ms ran=1 pulse=0.00ms loop=3.18ms full=3.36ms carry=0.03 barrier=
[economy-open-finish] day=200 country=0.311 workset=0.019 fiscal=0.028 csr=0.004 recovery=0.000 vectors=0.595 audit=0.393 commands=0.000
[economy-prelude-cost] day=200 ms=1.587 pending=0
[economy-aggregate-cost] day=200 publish_ms=1.906 native_hash_ms=1.252
[economy-ledger-cost] day=200 copy_ms=0.357 validate_ms=0.146 hash_ms=1.063 cohorts=384 markets=321600
[economy-boundary-cost] day=200 formulas_ms=6.995 stages_ms=5.168 mirror_ms=2.675
[runtime-day-cost] day=200 ok=1 ms=12.691
[perf-record] start (start_tick=237 mode=CORE detail_period=1)
[stage-c/client] recording mode=ACTIVE worker=ACTIVE seconds=60.00 output=D:/Godot/ProjectKeynes/Project.Keynes/tmp/publish_final60_2
[clock/step] delta=6.9ms speed=50x target=0.34d cap=1.97d/f cost=4.05ms ran=0 pulse=0.00ms loop=0.00ms full=0.22ms carry=0.41 barrier=
[clock/step] delta=6.9ms speed=50x target=0.35d cap=2.24d/f cost=3.56ms ran=0 pulse=0.00ms loop=0.00ms full=0.29ms carry=0.95 barrier=
[economy-open-finish] day=300 country=0.324 workset=0.021 fiscal=0.029 csr=0.004 recovery=0.000 vectors=0.675 audit=0.445 commands=0.000
[economy-prelude-cost] day=300 ms=1.784 pending=0
[economy-aggregate-cost] day=300 publish_ms=1.626 native_hash_ms=1.351
[economy-ledger-cost] day=300 copy_ms=0.459 validate_ms=0.143 hash_ms=1.139 cohorts=384 markets=321600
[economy-boundary-cost] day=300 formulas_ms=6.966 stages_ms=4.921 mirror_ms=2.953
[runtime-day-cost] day=300 ok=1 ms=15.846
[clock/step] delta=6.9ms speed=50x target=0.34d cap=2.44d/f cost=3.28ms ran=0 pulse=0.00ms loop=0.00ms full=0.17ms carry=0.51 barrier=
[clock/step] delta=6.9ms speed=50x target=0.34d cap=2.34d/f cost=3.42ms ran=0 pulse=0.00ms loop=0.00ms full=0.39ms carry=0.88 barrier=
[clock/step] delta=6.9ms speed=50x target=0.35d cap=2.44d/f cost=3.45ms ran=1 pulse=0.00ms loop=4.15ms full=4.33ms carry=0.15 barrier=
[economy-open-finish] day=400 country=0.313 workset=0.021 fiscal=0.033 csr=0.004 recovery=0.000 vectors=0.539 audit=0.398 commands=0.001
[economy-prelude-cost] day=400 ms=1.571 pending=0
[economy-aggregate-cost] day=400 publish_ms=1.669 native_hash_ms=1.310
[economy-ledger-cost] day=400 copy_ms=0.482 validate_ms=0.138 hash_ms=1.147 cohorts=384 markets=321600
[economy-boundary-cost] day=400 formulas_ms=7.025 stages_ms=5.211 mirror_ms=3.085
[runtime-day-cost] day=400 ok=1 ms=13.166
[clock/step] delta=6.9ms speed=50x target=0.34d cap=2.41d/f cost=3.33ms ran=0 pulse=0.00ms loop=0.00ms full=0.14ms carry=0.53 barrier=
[clock/step] delta=6.9ms speed=50x target=0.34d cap=2.49d/f cost=3.21ms ran=0 pulse=0.00ms loop=0.00ms full=0.23ms carry=0.90 barrier=
[economy-open-finish] day=500 country=0.316 workset=0.022 fiscal=0.033 csr=0.004 recovery=0.001 vectors=0.562 audit=0.399 commands=0.000
[economy-prelude-cost] day=500 ms=1.644 pending=0
[economy-aggregate-cost] day=500 publish_ms=1.602 native_hash_ms=1.415
[economy-ledger-cost] day=500 copy_ms=0.539 validate_ms=0.148 hash_ms=1.111 cohorts=384 markets=321600
[economy-boundary-cost] day=500 formulas_ms=7.142 stages_ms=5.250 mirror_ms=3.294
[runtime-day-cost] day=500 ok=1 ms=14.207
[clock/step] delta=6.9ms speed=50x target=0.34d cap=2.42d/f cost=3.34ms ran=1 pulse=0.00ms loop=3.49ms full=3.65ms carry=0.28 barrier=
[clock/step] delta=6.9ms speed=50x target=0.34d cap=2.42d/f cost=3.31ms ran=0 pulse=0.00ms loop=0.00ms full=0.15ms carry=0.66 barrier=
[economy-open-finish] day=600 country=0.304 workset=0.019 fiscal=0.029 csr=0.004 recovery=0.001 vectors=0.574 audit=0.385 commands=0.000
[economy-prelude-cost] day=600 ms=1.553 pending=0
[economy-aggregate-cost] day=600 publish_ms=1.643 native_hash_ms=1.515
[economy-ledger-cost] day=600 copy_ms=0.545 validate_ms=0.138 hash_ms=1.216 cohorts=384 markets=321600
[economy-boundary-cost] day=600 formulas_ms=7.002 stages_ms=5.214 mirror_ms=3.060
[runtime-day-cost] day=600 ok=1 ms=13.822
[clock/step] delta=6.9ms speed=50x target=0.34d cap=2.37d/f cost=3.29ms ran=1 pulse=0.00ms loop=2.97ms full=3.12ms carry=0.03 barrier=
[clock/step] delta=6.9ms speed=50x target=0.34d cap=2.18d/f cost=3.67ms ran=0 pulse=0.00ms loop=0.00ms full=0.27ms carry=0.41 barrier=
[clock/step] delta=6.9ms speed=50x target=0.34d cap=2.38d/f cost=3.36ms ran=0 pulse=0.00ms loop=0.00ms full=0.26ms carry=0.78 barrier=
[economy-open-finish] day=700 country=0.322 workset=0.022 fiscal=0.035 csr=0.005 recovery=0.001 vectors=0.510 audit=0.408 commands=0.001
[economy-prelude-cost] day=700 ms=1.592 pending=0
[economy-aggregate-cost] day=700 publish_ms=2.245 native_hash_ms=1.460
[economy-ledger-cost] day=700 copy_ms=0.506 validate_ms=0.137 hash_ms=1.108 cohorts=384 markets=321600
[economy-boundary-cost] day=700 formulas_ms=7.732 stages_ms=5.890 mirror_ms=3.039
[runtime-day-cost] day=700 ok=1 ms=14.667
[clock/step] delta=6.9ms speed=50x target=0.34d cap=2.43d/f cost=3.36ms ran=1 pulse=0.00ms loop=3.59ms full=3.86ms carry=0.16 barrier=
[clock/step] delta=6.9ms speed=50x target=0.34d cap=2.42d/f cost=3.31ms ran=0 pulse=0.00ms loop=0.00ms full=0.15ms carry=0.59 barrier=
[economy-open-finish] day=800 country=0.311 workset=0.021 fiscal=0.029 csr=0.004 recovery=0.001 vectors=0.564 audit=0.419 commands=0.000
[economy-prelude-cost] day=800 ms=1.607 pending=0
[economy-aggregate-cost] day=800 publish_ms=1.687 native_hash_ms=1.265
[economy-ledger-cost] day=800 copy_ms=0.389 validate_ms=0.135 hash_ms=1.081 cohorts=384 markets=321600
[economy-boundary-cost] day=800 formulas_ms=6.712 stages_ms=4.864 mirror_ms=2.730
[runtime-day-cost] day=800 ok=1 ms=12.470
[clock/step] delta=6.9ms speed=50x target=0.34d cap=2.32d/f cost=3.44ms ran=0 pulse=0.00ms loop=0.00ms full=0.28ms carry=0.99 barrier=
[clock/step] delta=6.9ms speed=50x target=0.34d cap=2.40d/f cost=3.33ms ran=0 pulse=0.00ms loop=0.00ms full=0.16ms carry=0.37 barrier=
[clock/step] delta=6.9ms speed=50x target=0.34d cap=2.50d/f cost=3.20ms ran=0 pulse=0.00ms loop=0.00ms full=0.23ms carry=0.74 barrier=
[economy-open-finish] day=900 country=0.314 workset=0.019 fiscal=0.029 csr=0.004 recovery=0.001 vectors=0.463 audit=0.403 commands=0.000
[economy-prelude-cost] day=900 ms=1.476 pending=0
[economy-aggregate-cost] day=900 publish_ms=1.571 native_hash_ms=1.251
[economy-ledger-cost] day=900 copy_ms=0.366 validate_ms=0.132 hash_ms=1.060 cohorts=384 markets=321600
[economy-boundary-cost] day=900 formulas_ms=6.393 stages_ms=4.672 mirror_ms=2.698
[runtime-day-cost] day=900 ok=1 ms=13.900
[clock/step] delta=6.9ms speed=50x target=0.34d cap=2.52d/f cost=3.12ms ran=1 pulse=0.00ms loop=2.92ms full=3.07ms carry=0.23 barrier=
[clock/step] delta=6.9ms speed=50x target=0.35d cap=2.34d/f cost=3.41ms ran=0 pulse=0.00ms loop=0.00ms full=0.18ms carry=0.89 barrier=
[economy-open-finish] day=1000 country=0.471 workset=0.022 fiscal=0.030 csr=0.005 recovery=0.001 vectors=0.626 audit=0.731 commands=0.000
[economy-prelude-cost] day=1000 ms=2.219 pending=0
[economy-aggregate-cost] day=1000 publish_ms=1.760 native_hash_ms=1.411
[economy-ledger-cost] day=1000 copy_ms=0.460 validate_ms=0.135 hash_ms=1.076 cohorts=384 markets=321600
[economy-boundary-cost] day=1000 formulas_ms=7.668 stages_ms=5.072 mirror_ms=2.906
[runtime-day-cost] day=1000 ok=1 ms=14.140
[clock/step] delta=6.9ms speed=50x target=0.35d cap=2.43d/f cost=3.30ms ran=1 pulse=0.00ms loop=3.34ms full=3.53ms carry=0.01 barrier=
[clock/step] delta=6.9ms speed=50x target=0.35d cap=2.46d/f cost=3.26ms ran=0 pulse=0.00ms loop=0.00ms full=0.16ms carry=0.67 barrier=
[economy-open-finish] day=1100 country=0.305 workset=0.020 fiscal=0.029 csr=0.004 recovery=0.000 vectors=0.352 audit=0.486 commands=0.000
[economy-prelude-cost] day=1100 ms=1.524 pending=0
[economy-aggregate-cost] day=1100 publish_ms=1.670 native_hash_ms=1.289
[economy-ledger-cost] day=1100 copy_ms=0.355 validate_ms=0.146 hash_ms=1.079 cohorts=384 markets=321600
[economy-boundary-cost] day=1100 formulas_ms=6.417 stages_ms=4.658 mirror_ms=2.696
[runtime-day-cost] day=1100 ok=1 ms=12.922
[clock/step] delta=6.9ms speed=50x target=0.35d cap=2.50d/f cost=3.20ms ran=0 pulse=0.00ms loop=0.00ms full=0.25ms carry=0.94 barrier=
[clock/step] delta=6.9ms speed=50x target=0.34d cap=2.35d/f cost=3.34ms ran=1 pulse=0.00ms loop=3.09ms full=3.26ms carry=0.19 barrier=
[economy-open-finish] day=1200 country=0.315 workset=0.019 fiscal=0.029 csr=0.004 recovery=0.001 vectors=0.347 audit=0.399 commands=0.000
[economy-prelude-cost] day=1200 ms=1.357 pending=0
[economy-aggregate-cost] day=1200 publish_ms=1.763 native_hash_ms=1.280
[economy-ledger-cost] day=1200 copy_ms=0.431 validate_ms=0.133 hash_ms=1.098 cohorts=384 markets=321600
[economy-boundary-cost] day=1200 formulas_ms=6.631 stages_ms=5.031 mirror_ms=2.804
[runtime-day-cost] day=1200 ok=1 ms=13.379
[clock/step] delta=6.9ms speed=50x target=0.34d cap=2.44d/f cost=3.28ms ran=0 pulse=0.00ms loop=0.00ms full=0.18ms carry=0.39 barrier=
[clock/step] delta=6.9ms speed=50x target=0.35d cap=2.51d/f cost=3.14ms ran=1 pulse=0.00ms loop=2.97ms full=3.14ms carry=0.08 barrier=
[economy-open-finish] day=1300 country=0.319 workset=0.019 fiscal=0.029 csr=0.004 recovery=0.001 vectors=0.341 audit=0.401 commands=0.000
[economy-prelude-cost] day=1300 ms=1.383 pending=0
[economy-aggregate-cost] day=1300 publish_ms=1.767 native_hash_ms=1.256
[economy-ledger-cost] day=1300 copy_ms=0.368 validate_ms=0.142 hash_ms=1.052 cohorts=384 markets=321600
[economy-boundary-cost] day=1300 formulas_ms=6.440 stages_ms=4.797 mirror_ms=2.689
[runtime-day-cost] day=1300 ok=1 ms=13.122
[clock/step] delta=6.9ms speed=50x target=0.35d cap=2.46d/f cost=3.26ms ran=0 pulse=0.00ms loop=0.00ms full=0.17ms carry=0.77 barrier=
[clock/step] delta=6.9ms speed=50x target=0.34d cap=2.37d/f cost=3.98ms ran=1 pulse=0.00ms loop=6.38ms full=6.55ms carry=0.04 barrier=
[clock/step] delta=6.9ms speed=50x target=0.34d cap=2.49d/f cost=3.21ms ran=0 pulse=0.00ms loop=0.00ms full=0.23ms carry=0.42 barrier=
[economy-open-finish] day=1400 country=0.330 workset=0.022 fiscal=0.033 csr=0.004 recovery=0.001 vectors=0.367 audit=0.425 commands=0.000
[economy-prelude-cost] day=1400 ms=1.439 pending=0
[economy-aggregate-cost] day=1400 publish_ms=1.666 native_hash_ms=1.350
[economy-ledger-cost] day=1400 copy_ms=0.470 validate_ms=0.143 hash_ms=1.135 cohorts=384 markets=321600
[economy-boundary-cost] day=1400 formulas_ms=6.697 stages_ms=5.001 mirror_ms=2.973
[runtime-day-cost] day=1400 ok=1 ms=13.032
[clock/step] delta=6.9ms speed=50x target=0.35d cap=2.19d/f cost=3.66ms ran=0 pulse=0.00ms loop=0.00ms full=0.25ms carry=0.85 barrier=
[clock/step] delta=6.9ms speed=50x target=0.35d cap=2.03d/f cost=3.95ms ran=0 pulse=0.00ms loop=0.00ms full=0.27ms carry=0.74 barrier=
[economy-open-finish] day=1500 country=0.322 workset=0.025 fiscal=0.037 csr=0.004 recovery=0.001 vectors=0.344 audit=0.438 commands=0.001
[economy-prelude-cost] day=1500 ms=1.490 pending=0
[economy-aggregate-cost] day=1500 publish_ms=1.681 native_hash_ms=1.372
[economy-ledger-cost] day=1500 copy_ms=0.642 validate_ms=0.138 hash_ms=1.151 cohorts=384 markets=321600
[economy-boundary-cost] day=1500 formulas_ms=7.332 stages_ms=5.585 mirror_ms=3.155
[runtime-day-cost] day=1500 ok=1 ms=15.348
[clock/step] delta=14.8ms speed=50x target=0.74d cap=0.55d/f cost=14.56ms ran=0 pulse=0.00ms loop=0.00ms full=0.29ms carry=0.96 barrier=
[clock/step] delta=6.9ms speed=50x target=0.34d cap=1.87d/f cost=4.29ms ran=0 pulse=0.00ms loop=0.00ms full=0.43ms carry=0.99 barrier=
[clock/step] delta=6.9ms speed=50x target=0.34d cap=2.05d/f cost=3.90ms ran=0 pulse=0.00ms loop=0.00ms full=0.29ms carry=0.36 barrier=
[economy-open-finish] day=1600 country=0.320 workset=0.023 fiscal=0.036 csr=0.004 recovery=0.001 vectors=0.337 audit=0.409 commands=0.000
[economy-prelude-cost] day=1600 ms=1.438 pending=0
[economy-aggregate-cost] day=1600 publish_ms=1.700 native_hash_ms=1.292
[economy-ledger-cost] day=1600 copy_ms=0.504 validate_ms=0.131 hash_ms=1.094 cohorts=384 markets=321600
[economy-boundary-cost] day=1600 formulas_ms=6.797 stages_ms=5.102 mirror_ms=2.907
[runtime-day-cost] day=1600 ok=1 ms=12.969
[clock/step] delta=6.7ms speed=50x target=0.33d cap=2.40d/f cost=3.36ms ran=1 pulse=0.00ms loop=3.46ms full=3.62ms carry=0.16 barrier=
[clock/step] delta=6.9ms speed=50x target=0.35d cap=2.25d/f cost=3.55ms ran=0 pulse=0.00ms loop=0.00ms full=0.23ms carry=0.69 barrier=
[economy-open-finish] day=1700 country=0.306 workset=0.019 fiscal=0.030 csr=0.004 recovery=0.001 vectors=0.308 audit=0.400 commands=0.000
[economy-prelude-cost] day=1700 ms=1.329 pending=0
[economy-aggregate-cost] day=1700 publish_ms=1.721 native_hash_ms=1.285
[economy-ledger-cost] day=1700 copy_ms=0.397 validate_ms=0.134 hash_ms=1.068 cohorts=384 markets=321600
[economy-boundary-cost] day=1700 formulas_ms=6.396 stages_ms=4.829 mirror_ms=2.754
[runtime-day-cost] day=1700 ok=1 ms=12.844
[clock/step] delta=6.9ms speed=50x target=0.35d cap=2.39d/f cost=3.35ms ran=0 pulse=0.00ms loop=0.00ms full=0.16ms carry=0.65 barrier=
[clock/step] delta=6.9ms speed=50x target=0.35d cap=2.40d/f cost=3.37ms ran=1 pulse=0.00ms loop=3.50ms full=3.68ms carry=0.34 barrier=
[economy-open-finish] day=1800 country=0.338 workset=0.019 fiscal=0.029 csr=0.005 recovery=0.001 vectors=0.324 audit=0.435 commands=0.000
[economy-prelude-cost] day=1800 ms=1.405 pending=0
[economy-aggregate-cost] day=1800 publish_ms=1.538 native_hash_ms=1.310
[economy-ledger-cost] day=1800 copy_ms=0.378 validate_ms=0.134 hash_ms=1.081 cohorts=384 markets=321600
[economy-boundary-cost] day=1800 formulas_ms=6.385 stages_ms=4.722 mirror_ms=2.737
[runtime-day-cost] day=1800 ok=1 ms=13.419
[clock/step] delta=6.9ms speed=50x target=0.34d cap=2.36d/f cost=3.39ms ran=0 pulse=0.00ms loop=0.00ms full=0.27ms carry=0.83 barrier=
[clock/step] delta=6.9ms speed=50x target=0.35d cap=2.44d/f cost=3.30ms ran=1 pulse=0.00ms loop=3.42ms full=3.58ms carry=0.12 barrier=
[clock/step] delta=6.9ms speed=50x target=0.35d cap=2.43d/f cost=3.29ms ran=0 pulse=0.00ms loop=0.00ms full=0.26ms carry=0.79 barrier=
[economy-open-finish] day=1900 country=0.305 workset=0.019 fiscal=0.029 csr=0.004 recovery=0.001 vectors=0.270 audit=0.384 commands=0.001
[economy-prelude-cost] day=1900 ms=1.249 pending=0
[economy-aggregate-cost] day=1900 publish_ms=1.800 native_hash_ms=1.255
[economy-ledger-cost] day=1900 copy_ms=0.454 validate_ms=0.134 hash_ms=1.087 cohorts=384 markets=321600
[economy-boundary-cost] day=1900 formulas_ms=6.742 stages_ms=5.260 mirror_ms=2.931
[runtime-day-cost] day=1900 ok=1 ms=13.340
[clock/step] delta=6.9ms speed=50x target=0.35d cap=2.34d/f cost=3.31ms ran=1 pulse=0.00ms loop=2.89ms full=3.04ms carry=0.29 barrier=
[clock/step] delta=6.9ms speed=50x target=0.35d cap=2.43d/f cost=3.29ms ran=0 pulse=0.00ms loop=0.00ms full=0.27ms carry=0.95 barrier=
[economy-open-finish] day=2000 country=0.348 workset=0.018 fiscal=0.029 csr=0.004 recovery=0.001 vectors=0.307 audit=0.475 commands=0.000
[economy-prelude-cost] day=2000 ms=1.507 pending=0
[economy-aggregate-cost] day=2000 publish_ms=1.820 native_hash_ms=1.258
[economy-ledger-cost] day=2000 copy_ms=0.405 validate_ms=0.151 hash_ms=1.050 cohorts=384 markets=321600
[economy-boundary-cost] day=2000 formulas_ms=6.840 stages_ms=5.068 mirror_ms=2.708
[runtime-day-cost] day=2000 ok=1 ms=13.620
[clock/step] delta=6.9ms speed=50x target=0.34d cap=0.80d/f cost=10.05ms ran=0 pulse=0.00ms loop=0.00ms full=0.20ms carry=0.81 barrier=
[clock/step] delta=6.9ms speed=50x target=0.34d cap=2.42d/f cost=3.30ms ran=0 pulse=0.00ms loop=0.00ms full=0.26ms carry=0.79 barrier=
[clock/step] delta=6.9ms speed=50x target=0.34d cap=2.37d/f cost=3.46ms ran=1 pulse=0.00ms loop=3.81ms full=3.97ms carry=0.16 barrier=
[economy-open-finish] day=2100 country=0.309 workset=0.018 fiscal=0.029 csr=0.004 recovery=0.001 vectors=0.251 audit=0.399 commands=0.000
[economy-prelude-cost] day=2100 ms=1.252 pending=0
[economy-aggregate-cost] day=2100 publish_ms=1.540 native_hash_ms=1.282
[economy-ledger-cost] day=2100 copy_ms=0.398 validate_ms=0.133 hash_ms=1.068 cohorts=384 markets=321600
[economy-boundary-cost] day=2100 formulas_ms=6.159 stages_ms=4.663 mirror_ms=2.739
[runtime-day-cost] day=2100 ok=1 ms=13.393
[clock/step] delta=6.9ms speed=50x target=0.34d cap=2.35d/f cost=3.40ms ran=0 pulse=0.00ms loop=0.00ms full=0.17ms carry=0.63 barrier=
[clock/step] delta=6.9ms speed=50x target=0.34d cap=2.18d/f cost=3.57ms ran=1 pulse=0.00ms loop=3.19ms full=3.38ms carry=0.01 barrier=
[economy-open-finish] day=2200 country=0.311 workset=0.019 fiscal=0.029 csr=0.004 recovery=0.001 vectors=0.250 audit=0.397 commands=0.001
[economy-prelude-cost] day=2200 ms=1.666 pending=0
[economy-aggregate-cost] day=2200 publish_ms=1.678 native_hash_ms=1.313
[economy-ledger-cost] day=2200 copy_ms=0.424 validate_ms=0.133 hash_ms=1.080 cohorts=384 markets=321600
[economy-boundary-cost] day=2200 formulas_ms=6.821 stages_ms=4.881 mirror_ms=2.748
[runtime-day-cost] day=2200 ok=1 ms=12.829
[clock/step] delta=6.9ms speed=50x target=0.35d cap=1.36d/f cost=5.49ms ran=1 pulse=0.00ms loop=3.86ms full=4.05ms carry=0.10 barrier=
[clock/step] delta=6.9ms speed=50x target=0.34d cap=2.27d/f cost=3.45ms ran=1 pulse=0.00ms loop=3.13ms full=3.31ms carry=0.07 barrier=
[clock/step] delta=6.9ms speed=50x target=0.34d cap=2.36d/f cost=3.40ms ran=0 pulse=0.00ms loop=0.00ms full=0.17ms carry=0.45 barrier=
[economy-open-finish] day=2300 country=0.310 workset=0.020 fiscal=0.029 csr=0.004 recovery=0.001 vectors=0.234 audit=0.393 commands=0.000
[economy-prelude-cost] day=2300 ms=1.238 pending=0
[economy-aggregate-cost] day=2300 publish_ms=1.758 native_hash_ms=1.261
[economy-ledger-cost] day=2300 copy_ms=0.372 validate_ms=0.130 hash_ms=1.053 cohorts=384 markets=321600
[economy-boundary-cost] day=2300 formulas_ms=6.345 stages_ms=4.867 mirror_ms=2.663
[runtime-day-cost] day=2300 ok=1 ms=12.809
[clock/step] delta=6.9ms speed=50x target=0.35d cap=2.28d/f cost=3.50ms ran=0 pulse=0.00ms loop=0.00ms full=0.28ms carry=0.81 barrier=
[clock/step] delta=6.9ms speed=50x target=0.34d cap=2.25d/f cost=3.45ms ran=1 pulse=0.00ms loop=2.99ms full=3.15ms carry=0.19 barrier=
[economy-open-finish] day=2400 country=0.314 workset=0.021 fiscal=0.031 csr=0.004 recovery=0.001 vectors=0.239 audit=0.399 commands=0.000
[economy-prelude-cost] day=2400 ms=1.266 pending=0
[economy-aggregate-cost] day=2400 publish_ms=1.691 native_hash_ms=1.270
[economy-ledger-cost] day=2400 copy_ms=0.403 validate_ms=0.134 hash_ms=1.102 cohorts=384 markets=321600
[economy-boundary-cost] day=2400 formulas_ms=6.394 stages_ms=4.885 mirror_ms=2.758
[runtime-day-cost] day=2400 ok=1 ms=13.122
[clock/step] delta=6.9ms speed=50x target=0.35d cap=2.52d/f cost=3.18ms ran=0 pulse=0.00ms loop=0.00ms full=0.21ms carry=0.80 barrier=
[clock/step] delta=6.9ms speed=50x target=0.35d cap=2.06d/f cost=3.88ms ran=0 pulse=0.00ms loop=0.00ms full=0.28ms carry=0.46 barrier=
[economy-open-finish] day=2500 country=0.349 workset=0.021 fiscal=0.040 csr=0.005 recovery=0.001 vectors=0.221 audit=0.415 commands=0.000
[economy-prelude-cost] day=2500 ms=1.337 pending=0
[economy-aggregate-cost] day=2500 publish_ms=2.047 native_hash_ms=1.585
[economy-ledger-cost] day=2500 copy_ms=0.386 validate_ms=0.135 hash_ms=1.130 cohorts=384 markets=321600
[economy-boundary-cost] day=2500 formulas_ms=7.587 stages_ms=5.997 mirror_ms=2.860
[runtime-day-cost] day=2500 ok=1 ms=15.328
[clock/step] delta=6.9ms speed=50x target=0.34d cap=2.30d/f cost=3.47ms ran=0 pulse=0.00ms loop=0.00ms full=0.17ms carry=0.44 barrier=
[clock/step] delta=6.9ms speed=50x target=0.34d cap=2.16d/f cost=3.71ms ran=0 pulse=0.00ms loop=0.00ms full=0.23ms carry=0.75 barrier=
[clock/step] delta=6.9ms speed=50x target=0.34d cap=2.09d/f cost=3.73ms ran=1 pulse=0.00ms loop=3.32ms full=3.51ms carry=0.33 barrier=
[economy-open-finish] day=2600 country=0.307 workset=0.019 fiscal=0.029 csr=0.004 recovery=0.001 vectors=0.197 audit=0.388 commands=0.000
[economy-prelude-cost] day=2600 ms=1.189 pending=0
[economy-aggregate-cost] day=2600 publish_ms=1.692 native_hash_ms=1.251
[economy-ledger-cost] day=2600 copy_ms=0.371 validate_ms=0.130 hash_ms=1.065 cohorts=384 markets=321600
[economy-boundary-cost] day=2600 formulas_ms=6.217 stages_ms=4.794 mirror_ms=2.744
[runtime-day-cost] day=2600 ok=1 ms=11.999
[clock/step] delta=6.9ms speed=50x target=0.34d cap=2.26d/f cost=3.53ms ran=0 pulse=0.00ms loop=0.00ms full=0.25ms carry=0.70 barrier=
[clock/step] delta=6.9ms speed=50x target=0.34d cap=2.49d/f cost=3.28ms ran=1 pulse=0.00ms loop=3.52ms full=3.68ms carry=0.08 barrier=
[economy-open-finish] day=2700 country=0.349 workset=0.020 fiscal=0.031 csr=0.004 recovery=0.001 vectors=0.208 audit=0.420 commands=0.000
[economy-prelude-cost] day=2700 ms=1.330 pending=0
[economy-aggregate-cost] day=2700 publish_ms=2.241 native_hash_ms=1.733
[economy-ledger-cost] day=2700 copy_ms=1.732 validate_ms=0.283 hash_ms=1.459 cohorts=384 markets=321600
[economy-boundary-cost] day=2700 formulas_ms=7.815 stages_ms=6.228 mirror_ms=4.978
[runtime-day-cost] day=2700 ok=1 ms=17.657
[clock/step] delta=6.9ms speed=50x target=0.34d cap=1.94d/f cost=4.11ms ran=0 pulse=0.00ms loop=0.00ms full=0.25ms carry=0.46 barrier=
[clock/step] delta=6.9ms speed=50x target=0.34d cap=2.17d/f cost=3.69ms ran=0 pulse=0.00ms loop=0.00ms full=0.38ms carry=0.83 barrier=
[clock/step] delta=6.9ms speed=50x target=0.34d cap=1.97d/f cost=4.09ms ran=1 pulse=0.00ms loop=4.20ms full=4.41ms carry=0.21 barrier=
[economy-open-finish] day=2800 country=0.322 workset=0.022 fiscal=0.030 csr=0.004 recovery=0.001 vectors=0.201 audit=0.409 commands=0.000
[economy-prelude-cost] day=2800 ms=1.275 pending=0
[economy-aggregate-cost] day=2800 publish_ms=2.179 native_hash_ms=1.320
[economy-ledger-cost] day=2800 copy_ms=0.449 validate_ms=0.136 hash_ms=1.142 cohorts=384 markets=321600
[economy-boundary-cost] day=2800 formulas_ms=7.224 stages_ms=5.704 mirror_ms=2.926
[runtime-day-cost] day=2800 ok=1 ms=13.427
[clock/step] delta=8.3ms speed=50x target=0.42d cap=1.25d/f cost=6.39ms ran=1 pulse=0.00ms loop=6.31ms full=6.69ms carry=0.07 barrier=
[clock/step] delta=6.9ms speed=50x target=0.34d cap=2.41d/f cost=3.33ms ran=1 pulse=0.00ms loop=3.36ms full=3.56ms carry=0.28 barrier=
[economy-open-finish] day=2900 country=0.340 workset=0.021 fiscal=0.035 csr=0.005 recovery=0.001 vectors=0.215 audit=0.436 commands=0.000
[economy-prelude-cost] day=2900 ms=1.383 pending=0
[economy-aggregate-cost] day=2900 publish_ms=1.750 native_hash_ms=1.448
[economy-ledger-cost] day=2900 copy_ms=0.613 validate_ms=0.145 hash_ms=1.321 cohorts=384 markets=321600
[economy-boundary-cost] day=2900 formulas_ms=7.261 stages_ms=5.614 mirror_ms=3.346
[runtime-day-cost] day=2900 ok=1 ms=14.970
[clock/step] delta=6.9ms speed=50x target=0.34d cap=4.08d/f cost=1.96ms ran=0 pulse=0.00ms loop=0.00ms full=0.24ms carry=0.97 barrier=
[perf-record] exported rows=2666 cols=234 → D:/Godot/ProjectKeynes/Project.Keynes/tmp/publish_final60_2/perf.csv
[stage-c/client] complete mode=ACTIVE frames=7867 fast_ticks=2666 perf=D:/Godot/ProjectKeynes/Project.Keynes/tmp/publish_final60_2/perf.csv
ERROR: [stage-c/client] health failed: native rate 44.727 < 49.000
   at: push_error (core/variant/variant_utility.cpp:1024)
   GDScript backtrace (most recent call first):
       [0] _finish_recording (res://tests/authority_stage_c_client_runner.gd:414)
       [1] _process (res://tests/authority_stage_c_client_runner.gd:326)
ERROR: 44 RID allocations of type 'PN13RendererDummy14TextureStorage12DummyTextureE' were leaked at exit.
ERROR: 16 RID allocations of type 'PN18TextServerAdvanced22ShapedTextDataAdvancedE' were leaked at exit.
ERROR: 1 RID allocations of type 'PN18TextServerAdvanced12FontAdvancedE' were leaked at exit.
WARNING: ObjectDB instances leaked at exit (run with --verbose for details).
   at: cleanup (core/object/object.cpp:2641)
ERROR: 986 resources still in use at exit (run with --verbose for details).
   at: clear (core/io/resource.cpp:810)
