Godot Engine v4.6.2.stable.official.71f334935 - https://godotengine.org

[research-soak] building ids gathering=103 hunting=359 flint=94 knapping=134
[research-soak] day=0 queued=tech.seasonal_foraging
[research-soak] day=0 activated=tech.seasonal_foraging
[tech-ack-diag/entry] tech=2 instance=281474976710659 eff_gen=1 host=1 effect_worker_auth=0 effect_enabled=1 effect_runtime=1 branch=sync
[tech-ack-diag/sync] tech=2 instance=281474976710659 gen=1 existed=0 day=0 committed_gen=6
[research-soak] day=1 activated=tech.clay_identification
[tech-ack-diag/entry] tech=2 instance=281474976710659 eff_gen=1 host=1 effect_worker_auth=0 effect_enabled=1 effect_runtime=1 branch=sync
[tech-ack-diag/sync] tech=2 instance=281474976710659 gen=1 existed=1 day=1 committed_gen=8
[research-soak] day=1 queued=tech.animal_husbandry
[research-soak] day=2 activated=tech.animal_husbandry
[research-soak] day=2 queued=tech.earth_building
[research-soak] day=3 activated=tech.earth_building
[tech-ack-diag/entry] tech=2 instance=281474976710659 eff_gen=1 host=1 effect_worker_auth=0 effect_enabled=1 effect_runtime=1 branch=sync
[tech-ack-diag/sync] tech=2 instance=281474976710659 gen=1 existed=1 day=3 committed_gen=11
[research-soak] day=3 queued=tech.spice_identification
[research-soak] day=4 activated=tech.spice_identification
[research-soak] day=4 queued=tech.rubber_identification
[research-soak] day=5 activated=tech.rubber_identification
[research-soak] day=5 queued=tech.gold_placer_identification
[research-soak] day=6 activated=tech.gold_placer_identification
[research-soak] day=6 queued=tech.silver_vein_identification
[research-soak] day=7 activated=tech.silver_vein_identification
[research-soak] day=7 queued=tech.fire_control
[research-soak] day=8 activated=tech.fire_control
[research-soak] day=8 queued=tech.natural_observation
[research-soak] day=9 activated=tech.natural_observation
[tech-ack-diag/entry] tech=2 instance=281474976710659 eff_gen=1 host=1 effect_worker_auth=0 effect_enabled=1 effect_runtime=1 branch=sync
[tech-ack-diag/sync] tech=2 instance=281474976710659 gen=1 existed=1 day=9 committed_gen=18
[tech-ack-diag/entry] tech=22 instance=281474976710679 eff_gen=1 host=1 effect_worker_auth=0 effect_enabled=1 effect_runtime=1 branch=sync
[tech-ack-diag/sync] tech=22 instance=281474976710679 gen=1 existed=0 day=9 committed_gen=20
[research-soak] day=9 queued=tech.reed_identification
[research-soak] day=10 activated=tech.reed_identification
[research-soak] day=10 queued=tech.hide_scraping
[research-soak] day=11 activated=tech.hide_scraping
[research-soak] day=11 queued=tech.phenology_observation
[research-soak] day=12 activated=tech.phenology_observation
[tech-ack-diag/entry] tech=2 instance=281474976710659 eff_gen=1 host=1 effect_worker_auth=0 effect_enabled=1 effect_runtime=1 branch=sync
[tech-ack-diag/sync] tech=2 instance=281474976710659 gen=1 existed=1 day=12 committed_gen=24
[tech-ack-diag/entry] tech=22 instance=281474976710679 eff_gen=1 host=1 effect_worker_auth=0 effect_enabled=1 effect_runtime=1 branch=sync
[tech-ack-diag/sync] tech=22 instance=281474976710679 gen=1 existed=1 day=12 committed_gen=25
[tech-ack-diag/entry] tech=57 instance=281474976710714 eff_gen=1 host=1 effect_worker_auth=0 effect_enabled=1 effect_runtime=1 branch=sync
[tech-ack-diag/sync] tech=57 instance=281474976710714 gen=1 existed=0 day=12 committed_gen=27
[research-soak] day=12 queued=tech.flood_calendar_practice
[research-soak] day=13 activated=tech.flood_calendar_practice
[tech-ack-diag/entry] tech=2 instance=281474976710659 eff_gen=1 host=1 effect_worker_auth=0 effect_enabled=1 effect_runtime=1 branch=sync
[tech-ack-diag/sync] tech=2 instance=281474976710659 gen=1 existed=1 day=13 committed_gen=29
[tech-ack-diag/entry] tech=22 instance=281474976710679 eff_gen=1 host=1 effect_worker_auth=0 effect_enabled=1 effect_runtime=1 branch=sync
[tech-ack-diag/sync] tech=22 instance=281474976710679 gen=1 existed=1 day=13 committed_gen=30
[tech-ack-diag/entry] tech=57 instance=281474976710714 eff_gen=1 host=1 effect_worker_auth=0 effect_enabled=1 effect_runtime=1 branch=sync
[tech-ack-diag/sync] tech=57 instance=281474976710714 gen=1 existed=1 day=13 committed_gen=31
[tech-ack-diag/entry] tech=58 instance=281474976710715 eff_gen=1 host=1 effect_worker_auth=0 effect_enabled=1 effect_runtime=1 branch=sync
[tech-ack-diag/sync] tech=58 instance=281474976710715 gen=1 existed=0 day=13 committed_gen=33
[research-soak] day=13 queued=tech.pastoral_route_memory
[research-soak] day=14 activated=tech.pastoral_route_memory
[tech-ack-diag/entry] tech=2 instance=281474976710659 eff_gen=1 host=1 effect_worker_auth=0 effect_enabled=1 effect_runtime=1 branch=sync
[tech-ack-diag/sync] tech=2 instance=281474976710659 gen=1 existed=1 day=14 committed_gen=35
[tech-ack-diag/entry] tech=22 instance=281474976710679 eff_gen=1 host=1 effect_worker_auth=0 effect_enabled=1 effect_runtime=1 branch=sync
[tech-ack-diag/sync] tech=22 instance=281474976710679 gen=1 existed=1 day=14 committed_gen=36
[tech-ack-diag/entry] tech=57 instance=281474976710714 eff_gen=1 host=1 effect_worker_auth=0 effect_enabled=1 effect_runtime=1 branch=sync
[tech-ack-diag/sync] tech=57 instance=281474976710714 gen=1 existed=1 day=14 committed_gen=37
[tech-ack-diag/entry] tech=58 instance=281474976710715 eff_gen=1 host=1 effect_worker_auth=0 effect_enabled=1 effect_runtime=1 branch=sync
[tech-ack-diag/sync] tech=58 instance=281474976710715 gen=1 existed=1 day=14 committed_gen=38
[tech-ack-diag/entry] tech=59 instance=281474976710716 eff_gen=1 host=1 effect_worker_auth=0 effect_enabled=1 effect_runtime=1 branch=sync
[tech-ack-diag/sync] tech=59 instance=281474976710716 gen=1 existed=0 day=14 committed_gen=40
[research-soak] day=14 queued=tech.tide_observation
[research-soak] day=15 activated=tech.tide_observation
[tech-ack-diag/entry] tech=2 instance=281474976710659 eff_gen=1 host=1 effect_worker_auth=0 effect_enabled=1 effect_runtime=1 branch=sync
[tech-ack-diag/sync] tech=2 instance=281474976710659 gen=1 existed=1 day=15 committed_gen=42
[tech-ack-diag/entry] tech=22 instance=281474976710679 eff_gen=1 host=1 effect_worker_auth=0 effect_enabled=1 effect_runtime=1 branch=sync
[tech-ack-diag/sync] tech=22 instance=281474976710679 gen=1 existed=1 day=15 committed_gen=43
[tech-ack-diag/entry] tech=57 instance=281474976710714 eff_gen=1 host=1 effect_worker_auth=0 effect_enabled=1 effect_runtime=1 branch=sync
[tech-ack-diag/sync] tech=57 instance=281474976710714 gen=1 existed=1 day=15 committed_gen=44
[tech-ack-diag/entry] tech=58 instance=281474976710715 eff_gen=1 host=1 effect_worker_auth=0 effect_enabled=1 effect_runtime=1 branch=sync
[tech-ack-diag/sync] tech=58 instance=281474976710715 gen=1 existed=1 day=15 committed_gen=45
[tech-ack-diag/entry] tech=59 instance=281474976710716 eff_gen=1 host=1 effect_worker_auth=0 effect_enabled=1 effect_runtime=1 branch=sync
[tech-ack-diag/sync] tech=59 instance=281474976710716 gen=1 existed=1 day=15 committed_gen=46
[tech-ack-diag/entry] tech=60 instance=281474976710717 eff_gen=1 host=1 effect_worker_auth=0 effect_enabled=1 effect_runtime=1 branch=sync
[tech-ack-diag/sync] tech=60 instance=281474976710717 gen=1 existed=0 day=15 committed_gen=48
[research-soak] day=15 queued=tech.brine_collection
[research-soak] day=16 activated=tech.brine_collection
[research-soak] day=16 queued=tech.flint_identification
[research-soak] day=17 activated=tech.flint_identification
[research-soak] day=17 queued=tech.clay_preparation
[research-soak] day=18 activated=tech.clay_preparation
[tech-ack-diag/entry] tech=2 instance=281474976710659 eff_gen=1 host=1 effect_worker_auth=0 effect_enabled=1 effect_runtime=1 branch=sync
[tech-ack-diag/sync] tech=2 instance=281474976710659 gen=1 existed=1 day=18 committed_gen=52
[tech-ack-diag/entry] tech=22 instance=281474976710679 eff_gen=1 host=1 effect_worker_auth=0 effect_enabled=1 effect_runtime=1 branch=sync
[tech-ack-diag/sync] tech=22 instance=281474976710679 gen=1 existed=1 day=18 committed_gen=53
[tech-ack-diag/entry] tech=57 instance=281474976710714 eff_gen=1 host=1 effect_worker_auth=0 effect_enabled=1 effect_runtime=1 branch=sync
[tech-ack-diag/sync] tech=57 instance=281474976710714 gen=1 existed=1 day=18 committed_gen=54
[tech-ack-diag/entry] tech=58 instance=281474976710715 eff_gen=1 host=1 effect_worker_auth=0 effect_enabled=1 effect_runtime=1 branch=sync
[tech-ack-diag/sync] tech=58 instance=281474976710715 gen=1 existed=1 day=18 committed_gen=55
[tech-ack-diag/entry] tech=59 instance=281474976710716 eff_gen=1 host=1 effect_worker_auth=0 effect_enabled=1 effect_runtime=1 branch=sync
[tech-ack-diag/sync] tech=59 instance=281474976710716 gen=1 existed=1 day=18 committed_gen=56
[tech-ack-diag/entry] tech=60 instance=281474976710717 eff_gen=1 host=1 effect_worker_auth=0 effect_enabled=1 effect_runtime=1 branch=sync
[tech-ack-diag/sync] tech=60 instance=281474976710717 gen=1 existed=1 day=18 committed_gen=57
[tech-ack-diag/entry] tech=70 instance=281474976710727 eff_gen=1 host=1 effect_worker_auth=0 effect_enabled=1 effect_runtime=1 branch=sync
[tech-ack-diag/sync] tech=70 instance=281474976710727 gen=1 existed=0 day=18 committed_gen=59
[research-soak] day=18 queued=tech.settled_knowledge
[research-soak] day=19 activated=tech.settled_knowledge
[research-soak] day=19 queued=tech.fishing_boats
[research-soak] day=20 activated=tech.fishing_boats
[research-soak] day=20 queued=tech.natural_copper_identification
[research-soak] day=21 activated=tech.natural_copper_identification
[research-soak] day=21 queued=tech.adobe_making
[research-soak] day=22 activated=tech.adobe_making
[research-soak] day=22 queued=tech.agrarian_society
[research-soak] day=23 activated=tech.agrarian_society
[research-soak] day=23 queued=tech.market_institutions
[research-soak] day=24 activated=tech.market_institutions
[research-soak] day=24 queued=tech.iron_ore_identification
[research-soak] day=25 activated=tech.iron_ore_identification
[research-soak] day=25 queued=tech.coal_outcrop_identification
[research-soak] day=26 activated=tech.coal_outcrop_identification
[research-soak] day=26 queued=tech.kingdom_administration
[research-soak] day=27 activated=tech.kingdom_administration
[research-soak] day=27 queued=tech.imperial_integration
[research-soak] day=28 activated=tech.imperial_integration
[research-soak] day=28 queued=tech.global_exchange
[research-soak] day=29 activated=tech.global_exchange
[research-soak] day=29 queued=tech.enlightenment_institutions
[research-soak] day=30 activated=tech.enlightenment_institutions
[research-soak] day=30 queued=tech.industrialization
[research-soak] day=31 activated=tech.industrialization
[research-soak] day=31 queued=tech.electrical_society
[research-soak] day=32 activated=tech.electrical_society
[research-soak] day=32 queued=tech.atomic_modernity
[research-soak] day=33 activated=tech.atomic_modernity
[research-soak] day=33 queued=tech.information_society
[research-soak] day=34 activated=tech.information_society
[research-soak] day=500
[tech-ui-diag/research] handle=4294967296 gen=12 day=600 owned=8 pending=7 queued=0 progress_nonzero=0 stock=0 deferred=0 consumed=0 cash=1000000000 budget=1000000000 auto=1
research technologies: queued=34 completed=8 completed_total=0 progress_total=0
research 20y soak: day=600 rows=600 fatal=false
ERROR: 11 RID allocations of type 'PN13RendererDummy14TextureStorage12DummyTextureE' were leaked at exit.
ERROR: 1 RID allocations of type 'PN18TextServerAdvanced12FontAdvancedE' were leaked at exit.
WARNING: ObjectDB instances leaked at exit (run with --verbose for details).
   at: cleanup (core/object/object.cpp:2641)
ERROR: 276 resources still in use at exit (run with --verbose for details).
   at: clear (core/io/resource.cpp:810)
