Godot Engine v4.6.2.stable.official.71f334935 - https://godotengine.org

[research-soak] building ids gathering=103 hunting=359 flint=94 knapping=134
[research-soak] day=0 queued=tech.seasonal_foraging
[research-soak] day=0 activated=tech.seasonal_foraging
[research-soak] day=1 activated=tech.clay_identification
[research-soak] day=1 queued=tech.animal_husbandry
[research-soak] day=2 activated=tech.animal_husbandry
[research-soak] day=2 queued=tech.earth_building
[research-soak] day=3 activated=tech.earth_building
[research-soak] day=3 queued=tech.spice_identification
[research-soak] day=4 activated=tech.spice_identification
[research-soak] day=4 queued=tech.rubber_identification
[research-soak] day=5 activated=tech.rubber_identification
[research-soak] day=5 queued=tech.gold_placer_identification
[research-soak] day=6 activated=tech.gold_placer_identification
[research-soak] day=6 queued=tech.silver_vein_identification
[research-soak] day=7 activated=tech.silver_vein_identification
[research-soak] day=7 queued=tech.fire_control
[research-soak] day=8 activated=tech.fire_control
[research-soak] day=8 queued=tech.natural_observation
[research-soak] day=9 activated=tech.natural_observation
[research-soak] day=9 queued=tech.reed_identification
[research-soak] day=10 activated=tech.reed_identification
[research-soak] day=10 queued=tech.hide_scraping
[research-soak] day=11 activated=tech.hide_scraping
[research-soak] day=11 queued=tech.phenology_observation
[research-soak] day=12 activated=tech.phenology_observation
[research-soak] day=12 queued=tech.flood_calendar_practice
[research-soak] day=13 activated=tech.flood_calendar_practice
[research-soak] day=13 queued=tech.pastoral_route_memory
[research-soak] day=14 activated=tech.pastoral_route_memory
[research-soak] day=14 queued=tech.tide_observation
[research-soak] day=15 activated=tech.tide_observation
[research-soak] day=15 queued=tech.brine_collection
[research-soak] day=16 activated=tech.brine_collection
[research-soak] day=16 queued=tech.flint_identification
[research-soak] day=17 activated=tech.flint_identification
[research-soak] day=17 queued=tech.clay_preparation
[research-soak] day=18 activated=tech.clay_preparation
[research-soak] day=18 queued=tech.settled_knowledge
[research-soak] day=19 activated=tech.settled_knowledge
[research-soak] day=19 queued=tech.fishing_boats
[research-soak] day=20 activated=tech.fishing_boats
[research-soak] day=20 queued=tech.natural_copper_identification
[research-soak] day=21 activated=tech.natural_copper_identification
[research-soak] day=21 queued=tech.adobe_making
[research-soak] day=22 activated=tech.adobe_making
[research-soak] day=22 queued=tech.agrarian_society
[research-soak] day=23 activated=tech.agrarian_society
[research-soak] day=23 queued=tech.market_institutions
[research-soak] day=24 activated=tech.market_institutions
[research-soak] day=24 queued=tech.iron_ore_identification
[research-soak] day=25 activated=tech.iron_ore_identification
[research-soak] day=25 queued=tech.coal_outcrop_identification
[research-soak] day=26 activated=tech.coal_outcrop_identification
[research-soak] day=26 queued=tech.kingdom_administration
[research-soak] day=27 activated=tech.kingdom_administration
[research-soak] day=27 queued=tech.imperial_integration
[research-soak] day=28 activated=tech.imperial_integration
[research-soak] day=28 queued=tech.global_exchange
[research-soak] day=29 activated=tech.global_exchange
[research-soak] day=29 queued=tech.enlightenment_institutions
[research-soak] day=30 activated=tech.enlightenment_institutions
[research-soak] day=30 queued=tech.industrialization
[research-soak] day=31 activated=tech.industrialization
[research-soak] day=31 queued=tech.electrical_society
[research-soak] day=32 activated=tech.electrical_society
[research-soak] day=32 queued=tech.atomic_modernity
[research-soak] day=33 activated=tech.atomic_modernity
[research-soak] day=33 queued=tech.information_society
[research-soak] day=34 activated=tech.information_society
[research-soak] day=500
[tech-ui-diag/research] handle=4294967296 gen=12 day=600 owned=8 pending=7 queued=0 progress_nonzero=0 stock=0 deferred=0 consumed=0 cash=1000000000 budget=1000000000 auto=1
research technologies: queued=34 completed=8 completed_total=0 progress_total=0
research 20y soak: day=600 rows=600 fatal=false
ERROR: 11 RID allocations of type 'PN13RendererDummy14TextureStorage12DummyTextureE' were leaked at exit.
ERROR: 1 RID allocations of type 'PN18TextServerAdvanced12FontAdvancedE' were leaked at exit.
WARNING: ObjectDB instances leaked at exit (run with --verbose for details).
   at: cleanup (core/object/object.cpp:2641)
ERROR: 276 resources still in use at exit (run with --verbose for details).
   at: clear (core/io/resource.cpp:810)
