Godot Engine v4.6.2.stable.official.71f334935 - https://godotengine.org

[ui-layout-diag/bind_ui] is_web=false viewport_visible_rect=[P: (0.0, 0.0), S: (51.2, 51.2)] window_size=(64, 64) content_scale_factor=1.250 content_scale_mode=0 device_pixel_ratio=-1.000 top_bar_rect=[P: (0.0, 0.0), S: (543.0, 56.0)] right_panel_rect=[P: (-408.8, 68.0), S: (460.0, 366.0)] country_action_bar_rect=[P: (8.0, -30.8), S: (336.0, 74.0)]
[stage-c] authority=ACTIVE worker=ACTIVE
[building-visual] queue_probe ticks=1 queued=0 chunk=-1 camera_rect=[P: (-25.6, -25.6), S: (51.2, 51.2)] prefetch=false zoom=1.000
[building-visual] queue_probe ticks=2 queued=0 chunk=-1 camera_rect=[P: (-25.6, -25.6), S: (51.2, 51.2)] prefetch=false zoom=1.000
[native_generation/base] path=gdext algorithm=post_base_priority_flood_hydrology_v3 n=2400 native_ms=6.838 water=1553 land=847
[native_generation/post_base] path=gdext algorithm=post_base_priority_flood_hydrology_v3 n=2400 native_ms=1.392 lakes=4 rivers=105 volcanoes=0
[native_generation/vegetation] native_ms=0.499 candidates=841 none=1169 score=[0.000,1.236,1.114] plant_water_land=856 river_adjacent_desert=0 coastal_highland_desert=0 terrain_weight=[0.180,1.200]
[native_generation/qa] single_water=0 tiny<=3=0 small<=5=0 bodies=1 largest=1544 | land_below_sea=0.7% | terr_distinct=21 entropy=3.183bit | river_ratio=4.375%
MapGenerator v7: per-cell 66ms (2400 cells, path=gdext)
[building-visual] queue_probe ticks=3 queued=0 chunk=-1 camera_rect=[P: (-25.6, -25.6), S: (51.2, 51.2)] prefetch=false zoom=1.000
MapBaker v6: hm=(1024, 606) seed=1735228708
    [fused] terrain=72.8ms erosion=2.1ms(ok=true) river=12.2ms(ok=true) latitude=0.1ms coast_sdf=3.9ms(ok=true)
  geometry fields (fused C++): 150ms
  physical circulation hex solve: deferred until DCWorldExt bind (ext=true idx=true soa=false)
  wind/ocean pixel buffers: skipped (ocean_current_visual off)
  visual tiles: {"degradation_reason":"","effective_budget_px":1717248,"effective_texels_per_hex":16.0059221751742,"effective_world_units_per_texel":"(1.373983, 1.375)","estimated_peak_bytes":68402880,"estimated_resident_bytes":40340160,"fallback_reason":"","generation_id":1,"grid_size":"(4, 3)","gutter_px":2,"hex_size":22.0,"horizon_path":"neutral_pending","interior_size":"(416, 344)","layer_size":"(420, 348)","layers":[{"bake_ms":47.845,"coast_sdf_max_dist_px":13.6162309214075,"distance_scale":1.70202886517594,"edge_distance_saturate_hex":0.9,"edge_distance_units":"normalized_hex_center_gap","hashes":{"edge_distance":-4603098080143260562,"edge_neighbor":4057764273350575789,"height":-9124830669634210576,"map_index":1015450256520461008,"terrain_detail":1415298026641868910,"terrain_normal":4240255112308713771,"water_depth":2330624858830770480},"layer":0,"normal_radius_px":"(22, 22)","raster_scale":"(1.701088, 1.70297)","river_sdf_max_dist_px":5.9571010281158,"shore_carve_band_px":10,"upload_ms":0.067,"wall_ms":48.026},{"bake_ms":60.9862,"coast_sdf_max_dist_px":13.6162309214075,"distance_scale":1.70202886517594,"edge_distance_saturate_hex":0.9,"edge_distance_units":"normalized_hex_center_gap","hashes":{"edge_distance":4583573183968817086,"edge_neighbor":6466940111421570636,"height":5790856781181676511,"map_index":5990047724644026299,"terrain_detail":1806575389526097655,"terrain_normal":3908465376956190299,"water_depth":2547432928052609473},"layer":1,"normal_radius_px":"(22, 22)","raster_scale":"(1.701088, 1.70297)","river_sdf_max_dist_px":5.9571010281158,"shore_carve_band_px":10,"upload_ms":0.061,"wall_ms":61.146},{"bake_ms":58.5514,"coast_sdf_max_dist_px":13.6162309214075,"distance_scale":1.70202886517594,"edge_distance_saturate_hex":0.9,"edge_distance_units":"normalized_hex_center_gap","hashes":{"edge_distance":-2526323355750389439,"edge_neighbor":7015029410290978361,"height":-8150332218754556700,"map_index":329090656303652193,"terrain_detail":-392433696576850044,"terrain_normal":-4965863177888236808,"water_depth":-7217348512352819415},"layer":2,"normal_radius_px":"(22, 22)","raster_scale":"(1.701088, 1.70297)","river_sdf_max_dist_px":5.9571010281158,"shore_carve_band_px":10,"upload_ms":0.107,"wall_ms":58.828},{"bake_ms":91.0703,"coast_sdf_max_dist_px":13.6162309214075,"distance_scale":1.70202886517594,"edge_distance_saturate_hex":0.9,"edge_distance_units":"normalized_hex_center_gap","hashes":{"edge_distance":-4179826732684646787,"edge_neighbor":-5337848294581530626,"height":-7426228563537643593,"map_index":1239439826928151201,"terrain_detail":-8513326582372265254,"terrain_normal":8092780547537771097,"water_depth":-6092640318278072007},"layer":3,"normal_radius_px":"(22, 22)","raster_scale":"(1.701088, 1.70297)","river_sdf_max_dist_px":5.9571010281158,"shore_carve_band_px":10,"upload_ms":0.068,"wall_ms":91.248},{"bake_ms":55.0533,"coast_sdf_max_dist_px":13.6162309214075,"distance_scale":1.70202886517594,"edge_distance_saturate_hex":0.9,"edge_distance_units":"normalized_hex_center_gap","hashes":{"edge_distance":2136869506241081992,"edge_neighbor":-8797880867138963685,"height":-4924567352001132959,"map_index":-4231209514887179977,"terrain_detail":8772909128008927660,"terrain_normal":-6784207502925496102,"water_depth":-7492134226470272506},"layer":4,"normal_radius_px":"(22, 22)","raster_scale":"(1.701088, 1.70297)","river_sdf_max_dist_px":5.9571010281158,"shore_carve_band_px":10,"upload_ms":0.061,"wall_ms":55.212},{"bake_ms":92.9995,"coast_sdf_max_dist_px":13.6162309214075,"distance_scale":1.70202886517594,"edge_distance_saturate_hex":0.9,"edge_distance_units":"normalized_hex_center_gap","hashes":{"edge_distance":6673149775916606392,"edge_neighbor":-8413630352766524385,"height":-6889378239635599087,"map_index":-3551392040916973266,"terrain_detail":1687709548716503895,"terrain_normal":3946453442722986154,"water_depth":6600269933117438995},"layer":5,"normal_radius_px":"(22, 22)","raster_scale":"(1.701088, 1.70297)","river_sdf_max_dist_px":5.9571010281158,"shore_carve_band_px":10,"upload_ms":0.068,"wall_ms":93.168},{"bake_ms":62.4505,"coast_sdf_max_dist_px":13.6162309214075,"distance_scale":1.70202886517594,"edge_distance_saturate_hex":0.9,"edge_distance_units":"normalized_hex_center_gap","hashes":{"edge_distance":361706081270387103,"edge_neighbor":-8688139845739281855,"height":699499231114171702,"map_index":-2682228531129457940,"terrain_detail":-8811551234231146331,"terrain_normal":-265631937775218288,"water_depth":6856409090380917935},"layer":6,"normal_radius_px":"(22, 22)","raster_scale":"(1.701088, 1.70297)","river_sdf_max_dist_px":5.9571010281158,"shore_carve_band_px":10,"upload_ms":0.065,"wall_ms":62.623},{"bake_ms":66.7272,"coast_sdf_max_dist_px":13.6162309214075,"distance_scale":1.70202886517594,"edge_distance_saturate_hex":0.9,"edge_distance_units":"normalized_hex_center_gap","hashes":{"edge_distance":-6250500223095183093,"edge_neighbor":5418444607076768559,"height":1419229568066409352,"map_index":4380956599171502337,"terrain_detail":-894743883384344824,"terrain_normal":4459428523621274975,"water_depth":-6366031586637808975},"layer":7,"normal_radius_px":"(22, 22)","raster_scale":"(1.701088, 1.70297)","river_sdf_max_dist_px":5.9571010281158,"shore_carve_band_px":10,"upload_ms":0.06,"wall_ms":66.871},{"bake_ms":64.1683,"coast_sdf_max_dist_px":13.6162309214075,"distance_scale":1.70202886517594,"edge_distance_saturate_hex":0.9,"edge_distance_units":"normalized_hex_center_gap","hashes":{"edge_distance":8492285698888321900,"edge_neighbor":3199635046979891388,"height":4828838600007938123,"map_index":-7514139010467297966,"terrain_detail":-8950604297692130837,"terrain_normal":-3593785506946687824,"water_depth":5761060537573716235},"layer":8,"normal_radius_px":"(22, 22)","raster_scale":"(1.701088, 1.70297)","river_sdf_max_dist_px":5.9571010281158,"shore_carve_band_px":10,"upload_ms":0.057,"wall_ms":64.31},{"bake_ms":86.6796,"coast_sdf_max_dist_px":13.6162309214075,"distance_scale":1.70202886517594,"edge_distance_saturate_hex":0.9,"edge_distance_units":"normalized_hex_center_gap","hashes":{"edge_distance":9117926548072241235,"edge_neighbor":-7557104988675294500,"height":618468365387938347,"map_index":-5885543932102826664,"terrain_detail":3877245088374033799,"terrain_normal":-6778421208245397131,"water_depth":2200779154463963187},"layer":9,"normal_radius_px":"(22, 22)","raster_scale":"(1.701088, 1.70297)","river_sdf_max_dist_px":5.9571010281158,"shore_carve_band_px":10,"upload_ms":0.06,"wall_ms":86.822},{"bake_ms":43.446,"coast_sdf_max_dist_px":13.6162309214075,"distance_scale":1.70202886517594,"edge_distance_saturate_hex":0.9,"edge_distance_units":"normalized_hex_center_gap","hashes":{"edge_distance":-3745585455065177449,"edge_neighbor":2404961067888014635,"height":-3115442796632843800,"map_index":-6211809985430628861,"terrain_detail":1161812488860344551,"terrain_normal":6456972146840247766,"water_depth":1987210436922770546},"layer":10,"normal_radius_px":"(22, 22)","raster_scale":"(1.701088, 1.70297)","river_sdf_max_dist_px":5.9571010281158,"shore_carve_band_px":10,"upload_ms":0.062,"wall_ms":43.592},{"bake_ms":40.5825,"coast_sdf_max_dist_px":13.6162309214075,"distance_scale":1.70202886517594,"edge_distance_saturate_hex":0.9,"edge_distance_units":"normalized_hex_center_gap","hashes":{"edge_distance":-1470570636688572573,"edge_neighbor":-6057560351645416949,"height":-5827593206795043862,"map_index":-2248414732901839783,"terrain_detail":7630543887994105174,"terrain_normal":8582387156502791927,"water_depth":-6103088449435849452},"layer":11,"normal_radius_px":"(22, 22)","raster_scale":"(1.701088, 1.70297)","river_sdf_max_dist_px":5.9571010281158,"shore_carve_band_px":10,"upload_ms":0.061,"wall_ms":40.733}],"logical_size":"(1664, 1032)","mode":"tiled","path":"visual_tiled_static","profile":"desktop_high","renderer":"mobile","requested_budget_px":1716216,"requested_texels_per_hex":16.0,"requested_tile_world_span":"(704.0, 704.0)","requested_world_units_per_texel":1.375,"tile_world_area":270355.817993164,"tile_world_span":"(571.5768, 473.0)","total_ms":776.061,"visual_domain":"[P: (0.0, -44.0), S: (2286.307, 1419.0)]","wrap_period_x":2286.30706599092,"wrap_x":true}
WARNING: Loaded resource as image file, this will not work on export: 'res://assets/textures/terrain_materials/organic.png'. Instead, import the image file as an Image resource and load it normally as a resource.
   at: load (core/io/image.cpp:2756)
   GDScript backtrace (most recent call first):
       [0] _build_terrain_material_tex (res://scripts/rendering/map_baker.gd:360)
       [1] get_or_build_shared_terrain_material_tex (res://scripts/rendering/map_baker.gd:343)
       [2] bake_world (res://scripts/rendering/map_baker.gd:1187)
       [3] _yield_generation_frame (res://scripts/rendering/map_baker.gd:1225)
WARNING: Loaded resource as image file, this will not work on export: 'res://assets/textures/terrain_materials/dry_sand.png'. Instead, import the image file as an Image resource and load it normally as a resource.
   at: load (core/io/image.cpp:2756)
   GDScript backtrace (most recent call first):
       [0] _build_terrain_material_tex (res://scripts/rendering/map_baker.gd:360)
       [1] get_or_build_shared_terrain_material_tex (res://scripts/rendering/map_baker.gd:343)
       [2] bake_world (res://scripts/rendering/map_baker.gd:1187)
       [3] _yield_generation_frame (res://scripts/rendering/map_baker.gd:1225)
WARNING: Loaded resource as image file, this will not work on export: 'res://assets/textures/terrain_materials/rock.png'. Instead, import the image file as an Image resource and load it normally as a resource.
   at: load (core/io/image.cpp:2756)
   GDScript backtrace (most recent call first):
       [0] _build_terrain_material_tex (res://scripts/rendering/map_baker.gd:360)
       [1] get_or_build_shared_terrain_material_tex (res://scripts/rendering/map_baker.gd:343)
       [2] bake_world (res://scripts/rendering/map_baker.gd:1187)
       [3] _yield_generation_frame (res://scripts/rendering/map_baker.gd:1225)
WARNING: Loaded resource as image file, this will not work on export: 'res://assets/textures/terrain_materials/snow_wet.png'. Instead, import the image file as an Image resource and load it normally as a resource.
   at: load (core/io/image.cpp:2756)
   GDScript backtrace (most recent call first):
       [0] _build_terrain_material_tex (res://scripts/rendering/map_baker.gd:360)
       [1] get_or_build_shared_terrain_material_tex (res://scripts/rendering/map_baker.gd:343)
       [2] bake_world (res://scripts/rendering/map_baker.gd:1187)
       [3] _yield_generation_frame (res://scripts/rendering/map_baker.gd:1225)
  cell LUT encode: deferred until DCWorldExt bind
  encode: 3010ms
MapBaker v6: total 3169ms
MapGenerator v7: bake 3194ms
MapGenerator: skip _compute_ocean_currents (physical-hex path writes per-cell directly)
MapGenerator: skip _compute_terrain_perturbed_wind (physical-hex solver writes per-cell)
[SUS] sim budget strict=false frame=8.00ms warn=2.00ms slice=0.75ms upload=1.50ms scheduler=DCSystemScheduler native_sus=auto
[DCWorldExt] bind_map_data: 148 components bound (auto-registered=148; snapshot model; see world_ext.cpp comment & charter Â§11)
[DataCore] _data_core_world_ext bound=true (climate co-processor; class=DCWorldExt)
[native_world] configure rc=0 reason=configured cells=2400 wrap_period_x=103.923
[native_generation] path=gdext n=2400 published=9 native_ms=0.111 compute_ms=0.053 flush_ms=0.058
[hex_cell] facade ENABLED (2400 cells bound; ext=true)
[DataCore] _baker climate_profile injected=true (fixes WorldData.config==null sea_ice prepare path)
[phys_solve][oneshot] OK slp=0.76ms wind=0.34ms psi=0.28ms(ran=true) upwelling=0.05ms total=1.83ms
PhysicalCirculation solve@phase=1.50 total=2ms (C++ one-shot run_physical_solve_pass)
  wind/ocean pixel buffers: skipped (ocean_current_visual off)
[physical_init] deferred native refresh complete: 2ms
[cell_lut] deferred encode: 2ms path=gdext
[bio-occupancy] seed landmasses=10 provinces=10 species=20 secondary_hearths=22
[bio-occupancy]   bio.maize envelope=56 hearth=17 seeded_landmasses=1 primary_landmass=8 primary_envelope=31 occupied=17 occupied/envelope=0.55
[bio-occupancy]   bio.wheat envelope=225 hearth=58 seeded_landmasses=3 primary_landmass=1 primary_envelope=21 occupied=58 occupied/envelope=2.76
[bio-occupancy]   bio.rice envelope=71 hearth=19 seeded_landmasses=4 primary_landmass=2 primary_envelope=23 occupied=19 occupied/envelope=0.83
[bio-occupancy]   bio.potato envelope=163 hearth=55 seeded_landmasses=3 primary_landmass=8 primary_envelope=86 occupied=55 occupied/envelope=0.64
[bio-occupancy]   bio.horse envelope=242 hearth=48 seeded_landmasses=4 primary_landmass=2 primary_envelope=70 occupied=48 occupied/envelope=0.69
[bio-occupancy]   bio.cotton envelope=119 hearth=12 seeded_landmasses=1 primary_landmass=7 primary_envelope=22 occupied=12 occupied/envelope=0.55
[bio-occupancy]   bio.flax envelope=212 hearth=17 seeded_landmasses=2 primary_landmass=1 primary_envelope=21 occupied=17 occupied/envelope=0.81
[bio-occupancy]   bio.spice envelope=100 hearth=8 seeded_landmasses=2 primary_landmass=2 primary_envelope=26 occupied=8 occupied/envelope=0.31
[bio-occupancy]   bio.rubber envelope=56 hearth=7 seeded_landmasses=1 primary_landmass=7 primary_envelope=15 occupied=7 occupied/envelope=0.47
[bio-occupancy]   bio.sheep envelope=34 hearth=8 seeded_landmasses=1 primary_landmass=8 primary_envelope=17 occupied=8 occupied/envelope=0.47
[bio-occupancy]   bio.goat envelope=405 hearth=98 seeded_landmasses=4 primary_landmass=8 primary_envelope=187 occupied=98 occupied/envelope=0.52
[bio-occupancy]   bio.cattle envelope=13 hearth=5 seeded_landmasses=1 primary_landmass=8 primary_envelope=11 occupied=5 occupied/envelope=0.45
[bio-occupancy]   bio.pig envelope=287 hearth=89 seeded_landmasses=5 primary_landmass=8 primary_envelope=129 occupied=89 occupied/envelope=0.69
[bio-occupancy]   bio.camel envelope=45 hearth=6 seeded_landmasses=1 primary_landmass=6 primary_envelope=13 occupied=6 occupied/envelope=0.46
[bio-occupancy]   bio.yak envelope=192 hearth=68 seeded_landmasses=3 primary_landmass=2 primary_envelope=83 occupied=68 occupied/envelope=0.82
[bio-occupancy]   bio.silkworm envelope=144 hearth=23 seeded_landmasses=1 primary_landmass=8 primary_envelope=57 occupied=23 occupied/envelope=0.40
[bio-occupancy]   bio.reed envelope=148 hearth=31 seeded_landmasses=4 primary_landmass=8 primary_envelope=60 occupied=31 occupied/envelope=0.52
[bio-occupancy]   bio.bast_fiber envelope=279 hearth=65 seeded_landmasses=1 primary_landmass=8 primary_envelope=136 occupied=65 occupied/envelope=0.48
[bio-occupancy]   bio.dye_plant envelope=122 hearth=38 seeded_landmasses=2 primary_landmass=8 primary_envelope=53 occupied=38 occupied/envelope=0.72
[bio-occupancy]   bio.medicinal_herb envelope=371 hearth=151 seeded_landmasses=5 primary_landmass=8 primary_envelope=168 occupied=151 occupied/envelope=0.90
[bio-occupancy]   landmass 1 classes=cold_grazer, fiber_forest, dry_grazer, highland_food, open_food, open_grazer, fiber_open, forest_grazer foods=potato, wheat
[bio-occupancy]   landmass 2 classes=cold_grazer, fiber_forest, dry_grazer, open_grazer, fiber_wet, forest_grazer, open_food, highland_food, fiber_open, wetland_food, tropical foods=wheat, potato, rice
[bio-occupancy]   landmass 3 classes=none foods=none
[bio-occupancy]   landmass 4 classes=none foods=none
[bio-occupancy]   landmass 5 classes=none foods=none
[bio-occupancy]   landmass 6 classes=wetland_food, forest_grazer, fiber_wet, fiber_forest, open_grazer, dry_grazer, fiber_open, tropical foods=rice
[bio-occupancy]   landmass 7 classes=fiber_open, tropical, dry_grazer, open_food, open_grazer, fiber_forest, wetland_food, forest_grazer, fiber_wet foods=wheat, rice
[bio-occupancy]   landmass 8 classes=tropical, fiber_open, forest_grazer, dry_grazer, open_food, fiber_forest, wetland_food, open_grazer, highland_food, fiber_wet, cold_grazer foods=maize, rice, potato
[bio-occupancy]   landmass 9 classes=none foods=none
[bio-occupancy]   landmass 10 classes=none foods=none
[weather] gdext acceleration ON (class=DCWorldExt)
[weather] gdext field commit ON
[weather] gdext distribute ON
[weather] gdext summary ON
[weather] hexcell facade ON (skip AoS double-write in hot loop)
[weather] gdext resident knobs ON (class=KnobsHandle)
[economy] ACTIVE native graph cells=2400 goods=134 cohorts=24 epoch_days=1 trade=ACTIVE topology_ready=true topology_generation=1 bootstrap=starter_settlement_bootstrap_v9 founder_families=6 founder_people=6
[country] ACTIVE native authority countries=6 cells=2400 generation=1
[weather/knobs] resident KnobsHandle path ACTIVE — first to_*_knobs_dict hit (field_rebuild_count=1 expected ≤1; stable Hz target ≤1 Hz)
[native_daily] ACTIVE: registered native_daily_sim + natural_resource_daily + bio_occupancy_daily; retained season_refresh + ocean_currents boundary jobs
[DCSystemScheduler] topology: ["season_refresh", "trigger_runtime", "ideology_runtime", "effect_runtime", "modifier_daily", "gameplay_effect", "natural_resource_daily", "bio_occupancy_daily", "enum_atlas_upload", "ocean_currents", "native_daily_sim", "dynamic_visual_atlas_upload", "country_daily", "economy_daily"]
WARNING: [runtime-climate-round] no ClimateDailySystem; SHADOW capture carries no shared pass input
   at: push_warning (core/variant/variant_utility.cpp:1034)
   GDScript backtrace (most recent call first):
       [0] _build_runtime_climate_round_input (res://scripts/geography/map_generator.gd:4627)
       [1] capture_runtime_inputs_for_worker (res://scripts/geography/map_generator.gd:2351)
       [2] generate_world (res://scripts/game/world_runtime_host.gd:609)
       [3] generate (res://scripts/geography/map_generator.gd:1606)
       [4] _yield_generation_frame (res://scripts/geography/map_generator.gd:19841)
WARNING: [runtime-worker] Ideology opinion publish deferred: ideology_opinion_snapshot_invalid
   at: push_warning (core/variant/variant_utility.cpp:1034)
   GDScript backtrace (most recent call first):
       [0] _start_production_shadow_worker (res://scripts/game/world_runtime_host.gd:700)
       [1] generate_world (res://scripts/game/world_runtime_host.gd:618)
       [2] generate (res://scripts/geography/map_generator.gd:1606)
       [3] _yield_generation_frame (res://scripts/geography/map_generator.gd:19841)
[runtime-day-wait] day=1 env_day=0 missing=0x3ff economy_input=-1
[runtime-worker] production ACTIVE started mask=4095 auto_pod=true
[building-visual] intel_refresh requested=32 changed=1 known=1 catalog=400 resident=0 body=0 queued=0 zoom=1.000
[DCSystemScheduler][RT] ocean_skip#1 tick=1 reason=policy_gated slices=0 elapsed=0.000 progress=0.000 source=day_changed
[climate][publish] day=0 round_ran=1 prod_stage=0xff scalar_mask=0x7f alb=0 veg=0 fb=0 weather=0 sr=0 ok=1
[climate/worker][b8] physics_knobs day=1 ready=0 missing=physics_knobs
[climate-kernel][round] shared=1 ok=1 n_cells=2400 mask=0x1FF ran=0x1FF starved=0x0 knobs_cells=2400
[DCSystemScheduler][RT] ocean_skip#2 tick=2 reason=policy_gated slices=0 elapsed=0.000 progress=0.000 source=day_changed
[country][parity] worker_day=1 uncompared reference_range=-1..-1 depth=0
[economy-mirror-cost] day=1 capture_ms=2.828 import_ms=5.130
[climate/writeback][b8] day=1 vapor store0=0 map0=0 dirty_fields=42 applied=42
[climate/worker][b8] physics_knobs day=2 ready=0 missing=physics_knobs
[climate/worker][b8] paw day=2 cell=68 moisture=0.717273 wb30=0 soil=0 paw=0.717273 zeros(water=1544 land=5) nonzero=851 weights(wb=0.35 soil=0.25 dry=0.65) round=1 distribute=0 hydrology=0
[climate/worker][b8] physics_knobs day=3 ready=0 missing=physics_knobs
[climate/worker][b8] paw day=3 cell=68 moisture=0.713477 wb30=0 soil=0 paw=0.713477 zeros(water=1544 land=7) nonzero=849 weights(wb=0.35 soil=0.25 dry=0.65) round=1 distribute=0 hydrology=0
[climate/writeback][b8] day=2 vapor store0=0 map0=0 dirty_fields=42 applied=42
[country][parity] worker_day=3 uncompared reference_range=2..2 depth=1
[climate/worker][b8] physics_knobs day=4 ready=0 missing=physics_knobs
[climate/worker][b8] paw day=4 cell=68 moisture=0.715716 wb30=0 soil=0 paw=0.715716 zeros(water=1544 land=7) nonzero=849 weights(wb=0.35 soil=0.25 dry=0.65) round=1 distribute=1 hydrology=0
[climate/worker][b8] cyclone_gate day=4 input_enabled=0 force_env=0 effective=0
[climate/writeback][b8] day=3 vapor store0=0 map0=0 dirty_fields=42 applied=42
[climate/worker][b8] weather_solve day=4 cells=2400 psi=1 vapor0=0.110977 precip0=0 cloud0=0.0436987 type0=0 field_init0=1
[country][parity] worker_day=4 uncompared reference_range=2..2 depth=1
[climate/worker][b8] physics_knobs day=5 ready=0 missing=physics_knobs
[climate/worker][b8] paw day=5 cell=68 moisture=0.712857 wb30=-0.000135633 soil=0 paw=0.712769 zeros(water=1544 land=7) nonzero=849 weights(wb=0.35 soil=0.25 dry=0.65) round=1 distribute=0 hydrology=0
[climate/writeback][b8] day=4 vapor store0=0.110977 map0=0.110977 dirty_fields=44 applied=44
[country][parity] worker_day=5 uncompared reference_range=2..2 depth=1
[climate/worker][b8] physics_knobs day=6 ready=0 missing=physics_knobs
[climate/worker][b8] paw day=6 cell=68 moisture=0.714467 wb30=-0.000135633 soil=-0.00032552 paw=0.714379 zeros(water=1544 land=7) nonzero=849 weights(wb=0.35 soil=0.25 dry=0.65) round=1 distribute=0 hydrology=0
[country][parity] worker_day=6 uncompared reference_range=2..2 depth=1
[climate/worker][b8] paw day=7 cell=68 moisture=0.715097 wb30=-0.000135633 soil=-0.00032552 paw=0.715009 zeros(water=1544 land=7) nonzero=849 weights(wb=0.35 soil=0.25 dry=0.65) round=1 distribute=0 hydrology=0
[country][parity] worker_day=7 uncompared reference_range=2..2 depth=1
[climate/worker][b8] paw day=8 cell=68 moisture=0.716329 wb30=-0.000135633 soil=-0.00032552 paw=0.716241 zeros(water=1544 land=7) nonzero=849 weights(wb=0.35 soil=0.25 dry=0.65) round=1 distribute=0 hydrology=0
[country][parity] worker_day=8 uncompared reference_range=2..2 depth=1
[climate/worker][b8] paw day=9 cell=68 moisture=0.716763 wb30=-0.000135633 soil=-0.00032552 paw=0.716675 zeros(water=1544 land=7) nonzero=849 weights(wb=0.35 soil=0.25 dry=0.65) round=1 distribute=0 hydrology=0
[country][parity] worker_day=9 uncompared reference_range=2..2 depth=1
[climate/worker][b8] paw day=10 cell=68 moisture=0.717725 wb30=-0.000135633 soil=-0.00032552 paw=0.717637 zeros(water=1544 land=7) nonzero=849 weights(wb=0.35 soil=0.25 dry=0.65) round=1 distribute=0 hydrology=0
[climate/worker][b8] paw day=11 cell=68 moisture=0.718059 wb30=-0.000135633 soil=-0.00032552 paw=0.71797 zeros(water=1544 land=7) nonzero=849 weights(wb=0.35 soil=0.25 dry=0.65) round=1 distribute=0 hydrology=0
[climate/worker][b8] paw day=12 cell=68 moisture=0.718782 wb30=-0.000135633 soil=-0.00032552 paw=0.718694 zeros(water=1544 land=7) nonzero=849 weights(wb=0.35 soil=0.25 dry=0.65) round=1 distribute=1 hydrology=0
[climate/worker][b8] cyclone_gate day=12 input_enabled=0 force_env=0 effective=0
[climate/worker][b8] weather_solve day=12 cells=2400 psi=1 vapor0=0.0517589 precip0=0.0368362 cloud0=0.0513718 type0=0 field_init0=1
[climate/worker][b8] paw day=13 cell=68 moisture=0.719034 wb30=-0.000268151 soil=-0.00032552 paw=0.71886 zeros(water=1544 land=7) nonzero=849 weights(wb=0.35 soil=0.25 dry=0.65) round=1 distribute=0 hydrology=0
[climate/worker][b8] weather_solve day=20 cells=2400 psi=1 vapor0=0.0390531 precip0=0.0506637 cloud0=0.0600347 type0=0 field_init0=1
[clock/step] delta=6.9ms speed=50x target=0.35d cap=2.74d/f cost=2.92ms ran=0 pulse=0.17ms loop=0.00ms full=0.71ms carry=0.15 barrier=climate_input_capacity_day_barrier
[climate/worker][b8] weather_solve day=28 cells=2400 psi=1 vapor0=0.0342825 precip0=0.0548014 cloud0=0.0806413 type0=3 field_init0=1
[clock/step] delta=6.9ms speed=50x target=0.34d cap=4.92d/f cost=1.40ms ran=1 pulse=0.00ms loop=0.47ms full=0.64ms carry=0.27 barrier=climate_input_capacity_day_barrier
[perf-record] start (start_tick=2 mode=CORE detail_period=1)
[stage-c/client] recording mode=ACTIVE worker=ACTIVE seconds=90.00 output=D:/Godot/ProjectKeynes/Project.Keynes/tmp/soak_default_owned90
[economy-open-finish] day=100 country=0.318 workset=0.020 fiscal=0.029 csr=0.004 recovery=0.001 vectors=0.921 audit=0.721 commands=0.001
[economy-prelude-cost] day=100 ms=2.305 pending=0
[clock/step] delta=6.9ms speed=50x target=0.34d cap=3.41d/f cost=2.35ms ran=0 pulse=0.00ms loop=0.00ms full=0.22ms carry=0.60 barrier=
[economy-boundary-cost] day=100 formulas_ms=7.957 stages_ms=5.392 mirror_ms=3.655
[runtime-day-cost] day=100 ok=1 ms=15.140
[clock/step] delta=6.9ms speed=50x target=0.34d cap=2.28d/f cost=3.59ms ran=1 pulse=0.00ms loop=3.91ms full=4.11ms carry=0.23 barrier=
[clock/step] delta=6.9ms speed=50x target=0.34d cap=2.62d/f cost=3.05ms ran=0 pulse=0.00ms loop=0.00ms full=0.31ms carry=0.84 barrier=
[economy-open-finish] day=200 country=0.483 workset=0.026 fiscal=0.038 csr=0.005 recovery=0.001 vectors=1.008 audit=0.438 commands=0.000
[economy-prelude-cost] day=200 ms=2.333 pending=0
[economy-boundary-cost] day=200 formulas_ms=8.393 stages_ms=5.801 mirror_ms=4.102
[runtime-day-cost] day=200 ok=1 ms=15.285
[clock/step] delta=6.9ms speed=50x target=0.35d cap=2.88d/f cost=2.77ms ran=0 pulse=0.00ms loop=0.00ms full=0.38ms carry=0.51 barrier=
[clock/step] delta=6.9ms speed=50x target=0.35d cap=8.00d/f cost=0.87ms ran=0 pulse=0.12ms loop=0.00ms full=0.59ms carry=0.19 barrier=climate_input_capacity_day_barrier
[clock/step] delta=6.9ms speed=50x target=0.35d cap=4.71d/f cost=1.47ms ran=1 pulse=0.00ms loop=0.55ms full=0.73ms carry=0.18 barrier=climate_input_capacity_day_barrier
[economy-open-finish] day=300 country=0.645 workset=0.030 fiscal=0.098 csr=0.004 recovery=0.001 vectors=0.761 audit=0.698 commands=0.001
[economy-prelude-cost] day=300 ms=2.591 pending=0
[economy-boundary-cost] day=300 formulas_ms=9.309 stages_ms=6.096 mirror_ms=5.284
[runtime-day-cost] day=300 ok=1 ms=19.607
[clock/step] delta=6.9ms speed=50x target=0.34d cap=4.42d/f cost=1.81ms ran=0 pulse=0.00ms loop=0.00ms full=0.24ms carry=0.51 barrier=
[clock/step] delta=6.9ms speed=50x target=0.34d cap=5.06d/f cost=1.93ms ran=1 pulse=0.00ms loop=3.31ms full=3.51ms carry=0.09 barrier=
[clock/step] delta=6.9ms speed=50x target=0.35d cap=3.44d/f cost=2.33ms ran=0 pulse=0.00ms loop=0.00ms full=0.40ms carry=0.53 barrier=
[economy-open-finish] day=400 country=0.332 workset=0.026 fiscal=0.038 csr=0.004 recovery=0.001 vectors=0.540 audit=0.438 commands=0.000
[economy-prelude-cost] day=400 ms=1.709 pending=0
[economy-boundary-cost] day=400 formulas_ms=8.157 stages_ms=6.175 mirror_ms=4.437
[runtime-day-cost] day=400 ok=1 ms=16.670
[clock/step] delta=6.9ms speed=50x target=0.35d cap=5.86d/f cost=1.22ms ran=1 pulse=0.00ms loop=0.65ms full=1.01ms carry=0.03 barrier=climate_input_capacity_day_barrier
[clock/step] delta=6.9ms speed=50x target=0.34d cap=4.45d/f cost=1.55ms ran=1 pulse=0.00ms loop=0.57ms full=1.26ms carry=0.28 barrier=climate_input_capacity_day_barrier
[clock/step] delta=6.9ms speed=50x target=0.35d cap=4.82d/f cost=1.66ms ran=0 pulse=0.15ms loop=0.00ms full=0.65ms carry=0.05 barrier=climate_input_capacity_day_barrier
[economy-open-finish] day=500 country=0.358 workset=0.048 fiscal=0.025 csr=0.005 recovery=0.001 vectors=0.676 audit=0.590 commands=0.001
[economy-prelude-cost] day=500 ms=2.285 pending=0
[economy-boundary-cost] day=500 formulas_ms=10.110 stages_ms=7.514 mirror_ms=4.578
[runtime-day-cost] day=500 ok=1 ms=19.848
[clock/step] delta=6.9ms speed=50x target=0.34d cap=8.00d/f cost=0.83ms ran=0 pulse=0.00ms loop=0.00ms full=0.30ms carry=0.95 barrier=
[clock/step] delta=6.9ms speed=50x target=0.35d cap=7.59d/f cost=1.05ms ran=0 pulse=0.00ms loop=0.00ms full=0.28ms carry=0.68 barrier=
[clock/step] delta=6.9ms speed=50x target=0.34d cap=8.00d/f cost=0.91ms ran=0 pulse=0.12ms loop=0.00ms full=0.49ms carry=0.23 barrier=climate_input_capacity_day_barrier
[economy-open-finish] day=600 country=0.580 workset=0.026 fiscal=0.071 csr=0.004 recovery=0.001 vectors=1.033 audit=0.975 commands=0.001
[economy-prelude-cost] day=600 ms=3.176 pending=0
[economy-boundary-cost] day=600 formulas_ms=13.081 stages_ms=9.369 mirror_ms=6.945
[runtime-day-cost] day=600 ok=1 ms=24.240
[clock/step] delta=6.9ms speed=50x target=0.34d cap=8.00d/f cost=0.77ms ran=0 pulse=0.00ms loop=0.00ms full=0.55ms carry=0.57 barrier=
[clock/step] delta=6.9ms speed=50x target=0.34d cap=5.45d/f cost=1.27ms ran=1 pulse=0.00ms loop=0.46ms full=0.66ms carry=0.05 barrier=climate_input_capacity_day_barrier
[clock/step] delta=6.9ms speed=50x target=0.34d cap=3.60d/f cost=1.88ms ran=1 pulse=0.00ms loop=0.48ms full=0.78ms carry=0.26 barrier=climate_input_capacity_day_barrier
[economy-open-finish] day=700 country=0.344 workset=0.031 fiscal=0.023 csr=0.004 recovery=0.001 vectors=0.428 audit=0.452 commands=0.000
[economy-prelude-cost] day=700 ms=1.631 pending=0
[economy-boundary-cost] day=700 formulas_ms=8.766 stages_ms=6.864 mirror_ms=5.592
[runtime-day-cost] day=700 ok=1 ms=18.731
[clock/step] delta=6.9ms speed=50x target=0.35d cap=3.63d/f cost=2.20ms ran=0 pulse=0.00ms loop=0.00ms full=0.33ms carry=0.74 barrier=
[clock/step] delta=6.7ms speed=50x target=0.33d cap=1.95d/f cost=4.11ms ran=0 pulse=0.00ms loop=0.00ms full=0.25ms carry=0.54 barrier=
[clock/step] delta=6.9ms speed=50x target=0.34d cap=4.81d/f cost=1.66ms ran=0 pulse=0.00ms loop=0.00ms full=0.26ms carry=0.92 barrier=
[economy-open-finish] day=800 country=0.353 workset=0.032 fiscal=0.073 csr=0.005 recovery=0.001 vectors=0.563 audit=0.616 commands=0.000
[economy-prelude-cost] day=800 ms=1.957 pending=0
[economy-boundary-cost] day=800 formulas_ms=8.051 stages_ms=5.619 mirror_ms=4.364
[runtime-day-cost] day=800 ok=1 ms=16.326
[clock/step] delta=6.9ms speed=50x target=0.35d cap=5.21d/f cost=1.53ms ran=0 pulse=0.00ms loop=0.00ms full=0.31ms carry=0.74 barrier=
[clock/step] delta=20.4ms speed=50x target=1.02d cap=3.83d/f cost=2.44ms ran=1 pulse=0.00ms loop=3.83ms full=4.05ms carry=0.43 barrier=
[clock/step] delta=6.9ms speed=50x target=0.35d cap=0.76d/f cost=10.48ms ran=0 pulse=0.00ms loop=0.00ms full=0.38ms carry=0.98 barrier=
[economy-open-finish] day=900 country=0.384 workset=0.022 fiscal=0.035 csr=0.004 recovery=0.001 vectors=0.357 audit=0.421 commands=0.000
[economy-prelude-cost] day=900 ms=1.531 pending=0
[economy-boundary-cost] day=900 formulas_ms=8.652 stages_ms=6.777 mirror_ms=4.663
[runtime-day-cost] day=900 ok=1 ms=17.854
[clock/step] delta=6.9ms speed=50x target=0.35d cap=2.92d/f cost=2.74ms ran=0 pulse=0.00ms loop=0.00ms full=0.29ms carry=0.90 barrier=
[clock/step] delta=6.9ms speed=50x target=0.35d cap=6.28d/f cost=1.14ms ran=1 pulse=0.00ms loop=0.62ms full=0.81ms carry=0.27 barrier=climate_input_capacity_day_barrier
[economy-open-finish] day=1000 country=0.338 workset=0.024 fiscal=0.026 csr=0.004 recovery=0.001 vectors=0.482 audit=0.658 commands=0.001
[economy-prelude-cost] day=1000 ms=1.901 pending=0
[economy-boundary-cost] day=1000 formulas_ms=8.234 stages_ms=5.992 mirror_ms=4.901
[runtime-day-cost] day=1000 ok=1 ms=15.948
[clock/step] delta=6.9ms speed=50x target=0.35d cap=5.14d/f cost=1.37ms ran=1 pulse=0.00ms loop=0.63ms full=1.05ms carry=0.05 barrier=climate_input_capacity_day_barrier
[clock/step] delta=6.9ms speed=50x target=0.34d cap=8.00d/f cost=0.61ms ran=0 pulse=0.10ms loop=0.00ms full=0.51ms carry=0.03 barrier=climate_input_capacity_day_barrier
[clock/step] delta=7.5ms speed=50x target=0.37d cap=5.74d/f cost=1.39ms ran=0 pulse=0.00ms loop=0.00ms full=0.40ms carry=0.61 barrier=
[economy-open-finish] day=1100 country=0.381 workset=0.024 fiscal=0.031 csr=0.005 recovery=0.001 vectors=0.445 audit=0.558 commands=0.001
[economy-prelude-cost] day=1100 ms=1.822 pending=0
[economy-boundary-cost] day=1100 formulas_ms=8.399 stages_ms=6.159 mirror_ms=4.646
[runtime-day-cost] day=1100 ok=1 ms=18.405
[clock/step] delta=6.7ms speed=50x target=0.33d cap=1.89d/f cost=4.23ms ran=0 pulse=0.00ms loop=0.00ms full=0.20ms carry=0.54 barrier=
[clock/step] delta=6.9ms speed=50x target=0.34d cap=4.72d/f cost=1.69ms ran=0 pulse=0.00ms loop=0.00ms full=0.34ms carry=0.62 barrier=
[clock/step] delta=6.9ms speed=50x target=0.34d cap=8.00d/f cost=0.84ms ran=0 pulse=0.00ms loop=0.00ms full=0.55ms carry=0.35 barrier=
[economy-open-finish] day=1200 country=0.423 workset=0.024 fiscal=0.032 csr=0.005 recovery=0.001 vectors=0.234 audit=0.430 commands=0.000
[economy-prelude-cost] day=1200 ms=1.512 pending=0
[economy-boundary-cost] day=1200 formulas_ms=7.817 stages_ms=5.917 mirror_ms=5.128
[runtime-day-cost] day=1200 ok=1 ms=16.097
[clock/step] delta=6.9ms speed=50x target=0.35d cap=3.88d/f cost=2.55ms ran=1 pulse=0.00ms loop=4.51ms full=4.75ms carry=0.33 barrier=
[clock/step] delta=6.9ms speed=50x target=0.35d cap=7.36d/f cost=1.09ms ran=0 pulse=0.00ms loop=0.00ms full=0.34ms carry=0.85 barrier=
[clock/step] delta=6.9ms speed=50x target=0.35d cap=8.00d/f cost=0.75ms ran=0 pulse=0.13ms loop=0.00ms full=0.62ms carry=0.10 barrier=climate_input_capacity_day_barrier
[economy-open-finish] day=1300 country=1.919 workset=0.063 fiscal=0.045 csr=0.006 recovery=0.001 vectors=0.752 audit=1.582 commands=0.001
[economy-prelude-cost] day=1300 ms=5.572 pending=0
[economy-boundary-cost] day=1300 formulas_ms=15.736 stages_ms=9.430 mirror_ms=5.763
[runtime-day-cost] day=1300 ok=1 ms=30.677
[clock/step] delta=6.9ms speed=50x target=0.35d cap=5.11d/f cost=1.56ms ran=0 pulse=0.11ms loop=0.00ms full=0.53ms carry=0.30 barrier=climate_input_capacity_day_barrier
[clock/step] delta=6.9ms speed=50x target=0.34d cap=5.00d/f cost=1.60ms ran=0 pulse=0.00ms loop=0.00ms full=0.47ms carry=0.77 barrier=
[clock/step] delta=6.9ms speed=50x target=0.35d cap=3.94d/f cost=1.71ms ran=1 pulse=0.00ms loop=0.42ms full=0.60ms carry=0.35 barrier=climate_input_capacity_day_barrier
[economy-open-finish] day=1400 country=0.318 workset=0.021 fiscal=0.031 csr=0.004 recovery=0.001 vectors=0.233 audit=0.430 commands=0.000
[economy-prelude-cost] day=1400 ms=1.331 pending=0
[economy-boundary-cost] day=1400 formulas_ms=8.425 stages_ms=6.829 mirror_ms=6.265
[runtime-day-cost] day=1400 ok=1 ms=18.045
[clock/step] delta=6.9ms speed=50x target=0.35d cap=8.00d/f cost=0.56ms ran=0 pulse=0.00ms loop=0.00ms full=0.30ms carry=0.90 barrier=
[clock/step] delta=6.9ms speed=50x target=0.34d cap=8.00d/f cost=0.72ms ran=0 pulse=0.09ms loop=0.00ms full=0.36ms carry=0.08 barrier=climate_input_capacity_day_barrier
[clock/step] delta=6.9ms speed=50x target=0.35d cap=1.21d/f cost=6.29ms ran=1 pulse=0.00ms loop=4.97ms full=5.26ms carry=0.15 barrier=
[economy-open-finish] day=1500 country=0.349 workset=0.051 fiscal=0.035 csr=0.005 recovery=0.001 vectors=0.406 audit=0.714 commands=0.001
[economy-prelude-cost] day=1500 ms=2.017 pending=0
[economy-boundary-cost] day=1500 formulas_ms=10.319 stages_ms=8.033 mirror_ms=4.469
[runtime-day-cost] day=1500 ok=1 ms=19.025
[clock/step] delta=6.9ms speed=50x target=0.34d cap=7.11d/f cost=1.13ms ran=0 pulse=0.00ms loop=0.00ms full=0.37ms carry=0.79 barrier=
[clock/step] delta=6.9ms speed=50x target=0.34d cap=5.05d/f cost=1.58ms ran=0 pulse=0.00ms loop=0.00ms full=0.40ms carry=0.57 barrier=
[clock/step] delta=6.9ms speed=50x target=0.34d cap=4.91d/f cost=1.63ms ran=0 pulse=0.00ms loop=0.00ms full=0.33ms carry=0.92 barrier=
[clock/step] delta=6.9ms speed=50x target=0.34d cap=8.00d/f cost=0.65ms ran=0 pulse=0.00ms loop=0.00ms full=0.26ms carry=0.64 barrier=
[economy-open-finish] day=1600 country=0.362 workset=0.022 fiscal=0.032 csr=0.004 recovery=0.001 vectors=0.305 audit=0.455 commands=0.000
[economy-prelude-cost] day=1600 ms=1.512 pending=0
[economy-boundary-cost] day=1600 formulas_ms=10.605 stages_ms=8.809 mirror_ms=4.766
[runtime-day-cost] day=1600 ok=1 ms=18.689
[clock/step] delta=6.9ms speed=50x target=0.34d cap=6.57d/f cost=1.22ms ran=0 pulse=0.00ms loop=0.00ms full=0.32ms carry=0.81 barrier=
[clock/step] delta=6.9ms speed=50x target=0.35d cap=5.49d/f cost=1.46ms ran=0 pulse=0.00ms loop=0.00ms full=0.36ms carry=0.84 barrier=
[economy-open-finish] day=1700 country=0.427 workset=0.027 fiscal=0.034 csr=0.005 recovery=0.001 vectors=0.311 audit=0.769 commands=0.001
[economy-prelude-cost] day=1700 ms=2.035 pending=0
[economy-boundary-cost] day=1700 formulas_ms=9.544 stages_ms=7.136 mirror_ms=5.066
[runtime-day-cost] day=1700 ok=1 ms=19.742
[clock/step] delta=6.9ms speed=50x target=0.35d cap=6.82d/f cost=1.08ms ran=1 pulse=0.00ms loop=0.72ms full=0.92ms carry=0.26 barrier=climate_input_capacity_day_barrier
[clock/step] delta=6.9ms speed=50x target=0.34d cap=7.96d/f cost=1.01ms ran=0 pulse=0.00ms loop=0.00ms full=0.39ms carry=0.96 barrier=
[clock/step] delta=6.9ms speed=50x target=0.35d cap=8.00d/f cost=0.67ms ran=0 pulse=0.00ms loop=0.00ms full=0.44ms carry=0.76 barrier=
[clock/step] delta=6.9ms speed=50x target=0.34d cap=8.00d/f cost=0.51ms ran=1 pulse=0.00ms loop=0.53ms full=0.85ms carry=0.28 barrier=climate_input_capacity_day_barrier
[economy-open-finish] day=1800 country=0.302 workset=0.019 fiscal=0.029 csr=0.004 recovery=0.001 vectors=0.199 audit=0.403 commands=0.000
[economy-prelude-cost] day=1800 ms=1.215 pending=0
[economy-boundary-cost] day=1800 formulas_ms=10.107 stages_ms=8.641 mirror_ms=7.229
[runtime-day-cost] day=1800 ok=1 ms=21.490
[clock/step] delta=6.9ms speed=50x target=0.35d cap=4.59d/f cost=2.69ms ran=1 pulse=0.00ms loop=6.46ms full=6.71ms carry=0.07 barrier=climate_input_capacity_day_barrier
[clock/step] delta=6.9ms speed=50x target=0.34d cap=4.92d/f cost=1.42ms ran=1 pulse=0.00ms loop=0.61ms full=1.13ms carry=0.00 barrier=climate_input_capacity_day_barrier
[economy-open-finish] day=1900 country=0.304 workset=0.019 fiscal=0.029 csr=0.004 recovery=0.001 vectors=0.202 audit=0.419 commands=0.000
[economy-prelude-cost] day=1900 ms=1.239 pending=0
[economy-boundary-cost] day=1900 formulas_ms=9.143 stages_ms=7.657 mirror_ms=4.573
[runtime-day-cost] day=1900 ok=1 ms=18.734
[clock/step] delta=6.9ms speed=50x target=0.34d cap=8.00d/f cost=0.81ms ran=0 pulse=0.00ms loop=0.00ms full=0.42ms carry=0.73 barrier=
[clock/step] delta=6.9ms speed=50x target=0.34d cap=5.04d/f cost=1.59ms ran=0 pulse=0.00ms loop=0.00ms full=0.42ms carry=0.52 barrier=
[clock/step] delta=6.9ms speed=50x target=0.34d cap=8.00d/f cost=0.68ms ran=0 pulse=0.09ms loop=0.00ms full=0.61ms carry=0.31 barrier=climate_input_capacity_day_barrier
[economy-open-finish] day=2000 country=0.345 workset=0.020 fiscal=0.033 csr=0.004 recovery=0.001 vectors=0.354 audit=0.926 commands=0.001
[economy-prelude-cost] day=2000 ms=2.101 pending=0
[economy-boundary-cost] day=2000 formulas_ms=9.428 stages_ms=6.777 mirror_ms=5.304
[runtime-day-cost] day=2000 ok=1 ms=18.539
[clock/step] delta=6.9ms speed=50x target=0.35d cap=8.00d/f cost=0.79ms ran=0 pulse=0.08ms loop=0.00ms full=0.59ms carry=0.19 barrier=climate_input_capacity_day_barrier
[clock/step] delta=6.9ms speed=50x target=0.34d cap=7.54d/f cost=1.06ms ran=0 pulse=0.00ms loop=0.00ms full=0.40ms carry=0.63 barrier=
[clock/step] delta=6.9ms speed=50x target=0.34d cap=8.00d/f cost=0.55ms ran=0 pulse=0.11ms loop=0.00ms full=0.52ms carry=0.32 barrier=climate_input_capacity_day_barrier
[economy-open-finish] day=2100 country=0.326 workset=0.022 fiscal=0.032 csr=0.005 recovery=0.001 vectors=0.364 audit=0.649 commands=0.001
[economy-prelude-cost] day=2100 ms=1.765 pending=0
[economy-boundary-cost] day=2100 formulas_ms=8.803 stages_ms=6.770 mirror_ms=4.484
[runtime-day-cost] day=2100 ok=1 ms=17.195
[clock/step] delta=6.9ms speed=50x target=0.34d cap=8.00d/f cost=0.97ms ran=0 pulse=0.00ms loop=0.00ms full=0.64ms carry=0.76 barrier=
[clock/step] delta=6.9ms speed=50x target=0.34d cap=8.00d/f cost=0.86ms ran=1 pulse=0.00ms loop=0.38ms full=0.57ms carry=0.21 barrier=climate_input_capacity_day_barrier
[economy-open-finish] day=2200 country=0.491 workset=0.035 fiscal=0.036 csr=0.005 recovery=0.001 vectors=0.346 audit=0.745 commands=0.000
[economy-prelude-cost] day=2200 ms=1.982 pending=0
[economy-boundary-cost] day=2200 formulas_ms=8.588 stages_ms=6.344 mirror_ms=4.641
[runtime-day-cost] day=2200 ok=1 ms=16.754
[clock/step] delta=6.9ms speed=50x target=0.35d cap=5.29d/f cost=1.51ms ran=0 pulse=0.00ms loop=0.00ms full=0.44ms carry=0.48 barrier=
[clock/step] delta=6.9ms speed=50x target=0.34d cap=4.37d/f cost=1.57ms ran=1 pulse=0.00ms loop=0.52ms full=0.68ms carry=0.30 barrier=climate_input_capacity_day_barrier
[clock/step] delta=6.9ms speed=50x target=0.34d cap=5.41d/f cost=1.48ms ran=0 pulse=0.00ms loop=0.00ms full=0.47ms carry=0.82 barrier=
[economy-open-finish] day=2300 country=0.623 workset=0.030 fiscal=0.061 csr=0.004 recovery=0.001 vectors=0.443 audit=0.827 commands=0.001
[economy-prelude-cost] day=2300 ms=2.445 pending=0
[economy-boundary-cost] day=2300 formulas_ms=10.491 stages_ms=7.463 mirror_ms=6.246
[runtime-day-cost] day=2300 ok=1 ms=22.127
[clock/step] delta=6.9ms speed=50x target=0.34d cap=8.00d/f cost=0.77ms ran=1 pulse=0.00ms loop=0.64ms full=0.97ms carry=0.23 barrier=climate_input_capacity_day_barrier
[clock/step] delta=6.9ms speed=50x target=0.34d cap=3.50d/f cost=2.28ms ran=0 pulse=0.00ms loop=0.00ms full=0.34ms carry=0.99 barrier=
[clock/step] delta=6.9ms speed=50x target=0.34d cap=7.45d/f cost=0.94ms ran=1 pulse=0.00ms loop=0.39ms full=0.57ms carry=0.12 barrier=climate_input_capacity_day_barrier
[economy-open-finish] day=2400 country=0.591 workset=0.032 fiscal=0.033 csr=0.005 recovery=0.001 vectors=0.377 audit=0.773 commands=0.001
[economy-prelude-cost] day=2400 ms=2.347 pending=0
[economy-boundary-cost] day=2400 formulas_ms=11.650 stages_ms=8.897 mirror_ms=6.950
[runtime-day-cost] day=2400 ok=1 ms=23.751
[clock/step] delta=6.9ms speed=50x target=0.34d cap=8.00d/f cost=0.79ms ran=1 pulse=0.00ms loop=0.68ms full=1.03ms carry=0.12 barrier=climate_input_capacity_day_barrier
[clock/step] delta=6.9ms speed=50x target=0.34d cap=3.71d/f cost=2.16ms ran=0 pulse=0.00ms loop=0.00ms full=0.47ms carry=0.53 barrier=
[clock/step] delta=6.9ms speed=50x target=0.34d cap=5.17d/f cost=1.55ms ran=0 pulse=0.00ms loop=0.00ms full=0.23ms carry=0.98 barrier=
[economy-open-finish] day=2500 country=0.487 workset=0.025 fiscal=0.032 csr=0.005 recovery=0.001 vectors=0.326 audit=0.773 commands=0.001
[economy-prelude-cost] day=2500 ms=1.953 pending=0
[economy-boundary-cost] day=2500 formulas_ms=11.767 stages_ms=9.390 mirror_ms=8.094
[runtime-day-cost] day=2500 ok=1 ms=25.198
[clock/step] delta=6.9ms speed=50x target=0.35d cap=4.21d/f cost=1.90ms ran=0 pulse=0.00ms loop=0.00ms full=0.38ms carry=0.46 barrier=
[clock/step] delta=6.9ms speed=50x target=0.34d cap=8.00d/f cost=0.94ms ran=0 pulse=0.00ms loop=0.00ms full=0.44ms carry=0.98 barrier=
[clock/step] delta=6.7ms speed=50x target=0.33d cap=3.06d/f cost=2.61ms ran=0 pulse=0.00ms loop=0.00ms full=0.27ms carry=0.48 barrier=
[clock/step] delta=6.9ms speed=50x target=0.34d cap=3.82d/f cost=1.78ms ran=1 pulse=0.00ms loop=0.53ms full=0.82ms carry=0.29 barrier=climate_input_capacity_day_barrier
[economy-open-finish] day=2600 country=0.416 workset=0.043 fiscal=0.039 csr=0.005 recovery=0.001 vectors=0.222 audit=0.463 commands=0.001
[economy-prelude-cost] day=2600 ms=1.527 pending=0
[economy-boundary-cost] day=2600 formulas_ms=8.697 stages_ms=6.896 mirror_ms=7.961
[runtime-day-cost] day=2600 ok=1 ms=20.385
[clock/step] delta=6.9ms speed=50x target=0.34d cap=3.46d/f cost=2.31ms ran=0 pulse=0.00ms loop=0.00ms full=0.17ms carry=0.46 barrier=
[clock/step] delta=6.9ms speed=50x target=0.34d cap=5.31d/f cost=1.35ms ran=1 pulse=0.00ms loop=0.71ms full=1.25ms carry=0.32 barrier=climate_input_capacity_day_barrier
[clock/step] delta=6.9ms speed=50x target=0.34d cap=3.28d/f cost=2.04ms ran=1 pulse=0.00ms loop=0.46ms full=0.66ms carry=0.00 barrier=climate_input_capacity_day_barrier
[economy-open-finish] day=2700 country=0.311 workset=0.021 fiscal=0.031 csr=0.004 recovery=0.001 vectors=0.208 audit=0.414 commands=0.000
[economy-prelude-cost] day=2700 ms=1.256 pending=0
[economy-boundary-cost] day=2700 formulas_ms=7.326 stages_ms=5.808 mirror_ms=4.482
[runtime-day-cost] day=2700 ok=1 ms=16.052
[clock/step] delta=6.9ms speed=50x target=0.34d cap=4.35d/f cost=1.84ms ran=0 pulse=0.00ms loop=0.00ms full=0.26ms carry=0.52 barrier=
[clock/step] delta=6.9ms speed=50x target=0.34d cap=4.50d/f cost=1.78ms ran=0 pulse=0.00ms loop=0.00ms full=0.31ms carry=0.62 barrier=
[clock/step] delta=6.9ms speed=50x target=0.35d cap=4.76d/f cost=1.68ms ran=0 pulse=0.00ms loop=0.00ms full=0.30ms carry=0.69 barrier=
[economy-open-finish] day=2800 country=0.690 workset=0.036 fiscal=0.085 csr=0.004 recovery=0.006 vectors=0.454 audit=0.690 commands=0.001
[economy-prelude-cost] day=2800 ms=2.452 pending=0
[economy-boundary-cost] day=2800 formulas_ms=9.950 stages_ms=7.101 mirror_ms=5.814
[runtime-day-cost] day=2800 ok=1 ms=20.451
[clock/step] delta=6.9ms speed=50x target=0.35d cap=5.89d/f cost=1.36ms ran=0 pulse=0.09ms loop=0.00ms full=0.35ms carry=0.29 barrier=climate_input_capacity_day_barrier
[clock/step] delta=6.9ms speed=50x target=0.34d cap=8.00d/f cost=1.69ms ran=1 pulse=0.00ms loop=4.51ms full=4.87ms carry=0.05 barrier=
[clock/step] delta=6.9ms speed=50x target=0.34d cap=8.00d/f cost=0.62ms ran=0 pulse=0.00ms loop=0.00ms full=0.28ms carry=0.46 barrier=
[economy-open-finish] day=2900 country=0.451 workset=0.027 fiscal=0.034 csr=0.004 recovery=0.001 vectors=0.337 audit=0.693 commands=0.000
[economy-prelude-cost] day=2900 ms=1.854 pending=0
[economy-boundary-cost] day=2900 formulas_ms=8.545 stages_ms=6.380 mirror_ms=5.310
[runtime-day-cost] day=2900 ok=1 ms=18.871
[clock/step] delta=6.9ms speed=50x target=0.35d cap=2.90d/f cost=3.18ms ran=1 pulse=0.00ms loop=4.86ms full=5.07ms carry=0.29 barrier=climate_input_capacity_day_barrier
[clock/step] delta=6.9ms speed=50x target=0.34d cap=7.33d/f cost=1.09ms ran=0 pulse=0.00ms loop=0.00ms full=0.37ms carry=0.65 barrier=
[economy-open-finish] day=3000 country=0.437 workset=0.026 fiscal=0.031 csr=0.005 recovery=0.001 vectors=0.326 audit=0.826 commands=0.001
[economy-prelude-cost] day=3000 ms=2.157 pending=0
[economy-boundary-cost] day=3000 formulas_ms=10.132 stages_ms=7.575 mirror_ms=5.097
[runtime-day-cost] day=3000 ok=1 ms=19.092
[clock/step] delta=6.9ms speed=50x target=0.34d cap=5.60d/f cost=1.43ms ran=0 pulse=0.00ms loop=0.00ms full=0.31ms carry=0.47 barrier=
[clock/step] delta=6.9ms speed=50x target=0.34d cap=6.66d/f cost=1.20ms ran=0 pulse=0.13ms loop=0.00ms full=0.61ms carry=0.33 barrier=climate_input_capacity_day_barrier
[clock/step] delta=6.9ms speed=50x target=0.34d cap=3.20d/f cost=2.50ms ran=0 pulse=0.00ms loop=0.00ms full=0.37ms carry=0.78 barrier=
[economy-open-finish] day=3100 country=0.407 workset=0.027 fiscal=0.035 csr=0.005 recovery=0.001 vectors=0.291 audit=0.636 commands=0.001
[economy-prelude-cost] day=3100 ms=1.739 pending=0
[economy-boundary-cost] day=3100 formulas_ms=10.491 stages_ms=8.272 mirror_ms=4.546
[runtime-day-cost] day=3100 ok=1 ms=20.192
[clock/step] delta=6.9ms speed=50x target=0.34d cap=8.00d/f cost=1.77ms ran=1 pulse=0.00ms loop=5.44ms full=5.86ms carry=0.23 barrier=
[clock/step] delta=6.9ms speed=50x target=0.34d cap=6.59d/f cost=1.21ms ran=0 pulse=0.00ms loop=0.00ms full=0.52ms carry=0.71 barrier=
[clock/step] delta=6.9ms speed=50x target=0.35d cap=3.54d/f cost=2.26ms ran=0 pulse=0.00ms loop=0.00ms full=0.34ms carry=0.65 barrier=
[economy-open-finish] day=3200 country=0.324 workset=0.019 fiscal=0.030 csr=0.004 recovery=0.001 vectors=0.301 audit=0.970 commands=0.001
[economy-prelude-cost] day=3200 ms=2.291 pending=0
[economy-boundary-cost] day=3200 formulas_ms=10.101 stages_ms=7.545 mirror_ms=5.477
[runtime-day-cost] day=3200 ok=1 ms=19.919
[clock/step] delta=6.9ms speed=50x target=0.35d cap=3.22d/f cost=2.09ms ran=1 pulse=0.00ms loop=0.47ms full=0.88ms carry=0.03 barrier=climate_input_capacity_day_barrier
[clock/step] delta=6.9ms speed=50x target=0.34d cap=6.56d/f cost=1.05ms ran=1 pulse=0.00ms loop=0.38ms full=0.56ms carry=0.29 barrier=climate_input_capacity_day_barrier
[economy-open-finish] day=3300 country=0.449 workset=0.025 fiscal=0.036 csr=0.005 recovery=0.001 vectors=0.296 audit=0.635 commands=0.001
[economy-prelude-cost] day=3300 ms=1.809 pending=0
[economy-boundary-cost] day=3300 formulas_ms=9.116 stages_ms=6.657 mirror_ms=5.677
[runtime-day-cost] day=3300 ok=1 ms=18.922
[clock/step] delta=6.9ms speed=50x target=0.34d cap=5.26d/f cost=1.52ms ran=0 pulse=0.00ms loop=0.00ms full=0.36ms carry=0.75 barrier=
[perf-record] stop: no rows captured, skip export
[stage-c/client] complete mode=ACTIVE frames=11792 fast_ticks=0 perf=
ERROR: [stage-c/client] health failed: native rate 36.253 < 49.000; commit gap 1073.629 > 1000.000 ms
   at: push_error (core/variant/variant_utility.cpp:1024)
   GDScript backtrace (most recent call first):
       [0] _finish_recording (res://tests/authority_stage_c_client_runner.gd:361)
       [1] _process (res://tests/authority_stage_c_client_runner.gd:297)
ERROR: 44 RID allocations of type 'PN13RendererDummy14TextureStorage12DummyTextureE' were leaked at exit.
ERROR: 16 RID allocations of type 'PN18TextServerAdvanced22ShapedTextDataAdvancedE' were leaked at exit.
ERROR: 1 RID allocations of type 'PN18TextServerAdvanced12FontAdvancedE' were leaked at exit.
WARNING: ObjectDB instances leaked at exit (run with --verbose for details).
   at: cleanup (core/object/object.cpp:2641)
ERROR: 986 resources still in use at exit (run with --verbose for details).
   at: clear (core/io/resource.cpp:810)
