Godot Engine v4.6.2.stable.official.71f334935 - https://godotengine.org

[ui-layout-diag/bind_ui] is_web=false viewport_visible_rect=[P: (0.0, 0.0), S: (51.2, 51.2)] window_size=(64, 64) content_scale_factor=1.250 content_scale_mode=0 device_pixel_ratio=-1.000 top_bar_rect=[P: (0.0, 0.0), S: (543.0, 56.0)] right_panel_rect=[P: (-408.8, 68.0), S: (460.0, 366.0)] country_action_bar_rect=[P: (8.0, -30.8), S: (336.0, 74.0)]
[stage-c] authority=ACTIVE worker=ACTIVE
[building-visual] queue_probe ticks=1 queued=0 chunk=-1 camera_rect=[P: (-25.6, -25.6), S: (51.2, 51.2)] prefetch=false zoom=1.000
[building-visual] queue_probe ticks=2 queued=0 chunk=-1 camera_rect=[P: (-25.6, -25.6), S: (51.2, 51.2)] prefetch=false zoom=1.000
[native_generation/base] path=gdext algorithm=post_base_priority_flood_hydrology_v3 n=2400 native_ms=6.992 water=1553 land=847
[native_generation/post_base] path=gdext algorithm=post_base_priority_flood_hydrology_v3 n=2400 native_ms=1.391 lakes=4 rivers=105 volcanoes=0
[native_generation/vegetation] native_ms=0.499 candidates=841 none=1169 score=[0.000,1.236,1.114] plant_water_land=856 river_adjacent_desert=0 coastal_highland_desert=0 terrain_weight=[0.180,1.200]
[native_generation/qa] single_water=0 tiny<=3=0 small<=5=0 bodies=1 largest=1544 | land_below_sea=0.7% | terr_distinct=21 entropy=3.183bit | river_ratio=4.375%
MapGenerator v7: per-cell 61ms (2400 cells, path=gdext)
[building-visual] queue_probe ticks=3 queued=0 chunk=-1 camera_rect=[P: (-25.6, -25.6), S: (51.2, 51.2)] prefetch=false zoom=1.000
MapBaker v6: hm=(1024, 606) seed=1735228708
    [fused] terrain=63.7ms erosion=2.2ms(ok=true) river=12.0ms(ok=true) latitude=0.1ms coast_sdf=3.7ms(ok=true)
  geometry fields (fused C++): 138ms
  physical circulation hex solve: deferred until DCWorldExt bind (ext=true idx=true soa=false)
  wind/ocean pixel buffers: skipped (ocean_current_visual off)
  visual tiles: {"degradation_reason":"","effective_budget_px":1717248,"effective_texels_per_hex":16.0059221751742,"effective_world_units_per_texel":"(1.373983, 1.375)","estimated_peak_bytes":68402880,"estimated_resident_bytes":40340160,"fallback_reason":"","generation_id":1,"grid_size":"(4, 3)","gutter_px":2,"hex_size":22.0,"horizon_path":"neutral_pending","interior_size":"(416, 344)","layer_size":"(420, 348)","layers":[{"bake_ms":49.0403,"coast_sdf_max_dist_px":13.6162309214075,"distance_scale":1.70202886517594,"edge_distance_saturate_hex":0.9,"edge_distance_units":"normalized_hex_center_gap","hashes":{"edge_distance":-4603098080143260562,"edge_neighbor":4057764273350575789,"height":-9124830669634210576,"map_index":1015450256520461008,"terrain_detail":1415298026641868910,"terrain_normal":4240255112308713771,"water_depth":2330624858830770480},"layer":0,"normal_radius_px":"(22, 22)","raster_scale":"(1.701088, 1.70297)","river_sdf_max_dist_px":5.9571010281158,"shore_carve_band_px":10,"upload_ms":0.07,"wall_ms":49.24},{"bake_ms":61.5761,"coast_sdf_max_dist_px":13.6162309214075,"distance_scale":1.70202886517594,"edge_distance_saturate_hex":0.9,"edge_distance_units":"normalized_hex_center_gap","hashes":{"edge_distance":4583573183968817086,"edge_neighbor":6466940111421570636,"height":5790856781181676511,"map_index":5990047724644026299,"terrain_detail":1806575389526097655,"terrain_normal":3908465376956190299,"water_depth":2547432928052609473},"layer":1,"normal_radius_px":"(22, 22)","raster_scale":"(1.701088, 1.70297)","river_sdf_max_dist_px":5.9571010281158,"shore_carve_band_px":10,"upload_ms":0.065,"wall_ms":61.739},{"bake_ms":62.9308,"coast_sdf_max_dist_px":13.6162309214075,"distance_scale":1.70202886517594,"edge_distance_saturate_hex":0.9,"edge_distance_units":"normalized_hex_center_gap","hashes":{"edge_distance":-2526323355750389439,"edge_neighbor":7015029410290978361,"height":-8150332218754556700,"map_index":329090656303652193,"terrain_detail":-392433696576850044,"terrain_normal":-4965863177888236808,"water_depth":-7217348512352819415},"layer":2,"normal_radius_px":"(22, 22)","raster_scale":"(1.701088, 1.70297)","river_sdf_max_dist_px":5.9571010281158,"shore_carve_band_px":10,"upload_ms":0.065,"wall_ms":63.089},{"bake_ms":96.3265,"coast_sdf_max_dist_px":13.6162309214075,"distance_scale":1.70202886517594,"edge_distance_saturate_hex":0.9,"edge_distance_units":"normalized_hex_center_gap","hashes":{"edge_distance":-4179826732684646787,"edge_neighbor":-5337848294581530626,"height":-7426228563537643593,"map_index":1239439826928151201,"terrain_detail":-8513326582372265254,"terrain_normal":8092780547537771097,"water_depth":-6092640318278072007},"layer":3,"normal_radius_px":"(22, 22)","raster_scale":"(1.701088, 1.70297)","river_sdf_max_dist_px":5.9571010281158,"shore_carve_band_px":10,"upload_ms":0.06,"wall_ms":96.486},{"bake_ms":55.1764,"coast_sdf_max_dist_px":13.6162309214075,"distance_scale":1.70202886517594,"edge_distance_saturate_hex":0.9,"edge_distance_units":"normalized_hex_center_gap","hashes":{"edge_distance":2136869506241081992,"edge_neighbor":-8797880867138963685,"height":-4924567352001132959,"map_index":-4231209514887179977,"terrain_detail":8772909128008927660,"terrain_normal":-6784207502925496102,"water_depth":-7492134226470272506},"layer":4,"normal_radius_px":"(22, 22)","raster_scale":"(1.701088, 1.70297)","river_sdf_max_dist_px":5.9571010281158,"shore_carve_band_px":10,"upload_ms":0.06,"wall_ms":55.326},{"bake_ms":95.4269,"coast_sdf_max_dist_px":13.6162309214075,"distance_scale":1.70202886517594,"edge_distance_saturate_hex":0.9,"edge_distance_units":"normalized_hex_center_gap","hashes":{"edge_distance":6673149775916606392,"edge_neighbor":-8413630352766524385,"height":-6889378239635599087,"map_index":-3551392040916973266,"terrain_detail":1687709548716503895,"terrain_normal":3946453442722986154,"water_depth":6600269933117438995},"layer":5,"normal_radius_px":"(22, 22)","raster_scale":"(1.701088, 1.70297)","river_sdf_max_dist_px":5.9571010281158,"shore_carve_band_px":10,"upload_ms":0.067,"wall_ms":95.599},{"bake_ms":62.7159,"coast_sdf_max_dist_px":13.6162309214075,"distance_scale":1.70202886517594,"edge_distance_saturate_hex":0.9,"edge_distance_units":"normalized_hex_center_gap","hashes":{"edge_distance":361706081270387103,"edge_neighbor":-8688139845739281855,"height":699499231114171702,"map_index":-2682228531129457940,"terrain_detail":-8811551234231146331,"terrain_normal":-265631937775218288,"water_depth":6856409090380917935},"layer":6,"normal_radius_px":"(22, 22)","raster_scale":"(1.701088, 1.70297)","river_sdf_max_dist_px":5.9571010281158,"shore_carve_band_px":10,"upload_ms":0.064,"wall_ms":62.879},{"bake_ms":70.4385,"coast_sdf_max_dist_px":13.6162309214075,"distance_scale":1.70202886517594,"edge_distance_saturate_hex":0.9,"edge_distance_units":"normalized_hex_center_gap","hashes":{"edge_distance":-6250500223095183093,"edge_neighbor":5418444607076768559,"height":1419229568066409352,"map_index":4380956599171502337,"terrain_detail":-894743883384344824,"terrain_normal":4459428523621274975,"water_depth":-6366031586637808975},"layer":7,"normal_radius_px":"(22, 22)","raster_scale":"(1.701088, 1.70297)","river_sdf_max_dist_px":5.9571010281158,"shore_carve_band_px":10,"upload_ms":0.061,"wall_ms":70.594},{"bake_ms":66.6248,"coast_sdf_max_dist_px":13.6162309214075,"distance_scale":1.70202886517594,"edge_distance_saturate_hex":0.9,"edge_distance_units":"normalized_hex_center_gap","hashes":{"edge_distance":8492285698888321900,"edge_neighbor":3199635046979891388,"height":4828838600007938123,"map_index":-7514139010467297966,"terrain_detail":-8950604297692130837,"terrain_normal":-3593785506946687824,"water_depth":5761060537573716235},"layer":8,"normal_radius_px":"(22, 22)","raster_scale":"(1.701088, 1.70297)","river_sdf_max_dist_px":5.9571010281158,"shore_carve_band_px":10,"upload_ms":0.063,"wall_ms":66.79},{"bake_ms":90.8218,"coast_sdf_max_dist_px":13.6162309214075,"distance_scale":1.70202886517594,"edge_distance_saturate_hex":0.9,"edge_distance_units":"normalized_hex_center_gap","hashes":{"edge_distance":9117926548072241235,"edge_neighbor":-7557104988675294500,"height":618468365387938347,"map_index":-5885543932102826664,"terrain_detail":3877245088374033799,"terrain_normal":-6778421208245397131,"water_depth":2200779154463963187},"layer":9,"normal_radius_px":"(22, 22)","raster_scale":"(1.701088, 1.70297)","river_sdf_max_dist_px":5.9571010281158,"shore_carve_band_px":10,"upload_ms":0.073,"wall_ms":91.013},{"bake_ms":47.9065,"coast_sdf_max_dist_px":13.6162309214075,"distance_scale":1.70202886517594,"edge_distance_saturate_hex":0.9,"edge_distance_units":"normalized_hex_center_gap","hashes":{"edge_distance":-3745585455065177449,"edge_neighbor":2404961067888014635,"height":-3115442796632843800,"map_index":-6211809985430628861,"terrain_detail":1161812488860344551,"terrain_normal":6456972146840247766,"water_depth":1987210436922770546},"layer":10,"normal_radius_px":"(22, 22)","raster_scale":"(1.701088, 1.70297)","river_sdf_max_dist_px":5.9571010281158,"shore_carve_band_px":10,"upload_ms":0.06,"wall_ms":48.062},{"bake_ms":41.786,"coast_sdf_max_dist_px":13.6162309214075,"distance_scale":1.70202886517594,"edge_distance_saturate_hex":0.9,"edge_distance_units":"normalized_hex_center_gap","hashes":{"edge_distance":-1470570636688572573,"edge_neighbor":-6057560351645416949,"height":-5827593206795043862,"map_index":-2248414732901839783,"terrain_detail":7630543887994105174,"terrain_normal":8582387156502791927,"water_depth":-6103088449435849452},"layer":11,"normal_radius_px":"(22, 22)","raster_scale":"(1.701088, 1.70297)","river_sdf_max_dist_px":5.9571010281158,"shore_carve_band_px":10,"upload_ms":0.076,"wall_ms":41.976}],"logical_size":"(1664, 1032)","mode":"tiled","path":"visual_tiled_static","profile":"desktop_high","renderer":"mobile","requested_budget_px":1716216,"requested_texels_per_hex":16.0,"requested_tile_world_span":"(704.0, 704.0)","requested_world_units_per_texel":1.375,"tile_world_area":270355.817993164,"tile_world_span":"(571.5768, 473.0)","total_ms":806.288,"visual_domain":"[P: (0.0, -44.0), S: (2286.307, 1419.0)]","wrap_period_x":2286.30706599092,"wrap_x":true}
WARNING: Loaded resource as image file, this will not work on export: 'res://assets/textures/terrain_materials/organic.png'. Instead, import the image file as an Image resource and load it normally as a resource.
   at: load (core/io/image.cpp:2756)
   GDScript backtrace (most recent call first):
       [0] _build_terrain_material_tex (res://scripts/rendering/map_baker.gd:360)
       [1] get_or_build_shared_terrain_material_tex (res://scripts/rendering/map_baker.gd:343)
       [2] bake_world (res://scripts/rendering/map_baker.gd:1187)
       [3] _yield_generation_frame (res://scripts/rendering/map_baker.gd:1225)
WARNING: Loaded resource as image file, this will not work on export: 'res://assets/textures/terrain_materials/dry_sand.png'. Instead, import the image file as an Image resource and load it normally as a resource.
   at: load (core/io/image.cpp:2756)
   GDScript backtrace (most recent call first):
       [0] _build_terrain_material_tex (res://scripts/rendering/map_baker.gd:360)
       [1] get_or_build_shared_terrain_material_tex (res://scripts/rendering/map_baker.gd:343)
       [2] bake_world (res://scripts/rendering/map_baker.gd:1187)
       [3] _yield_generation_frame (res://scripts/rendering/map_baker.gd:1225)
WARNING: Loaded resource as image file, this will not work on export: 'res://assets/textures/terrain_materials/rock.png'. Instead, import the image file as an Image resource and load it normally as a resource.
   at: load (core/io/image.cpp:2756)
   GDScript backtrace (most recent call first):
       [0] _build_terrain_material_tex (res://scripts/rendering/map_baker.gd:360)
       [1] get_or_build_shared_terrain_material_tex (res://scripts/rendering/map_baker.gd:343)
       [2] bake_world (res://scripts/rendering/map_baker.gd:1187)
       [3] _yield_generation_frame (res://scripts/rendering/map_baker.gd:1225)
WARNING: Loaded resource as image file, this will not work on export: 'res://assets/textures/terrain_materials/snow_wet.png'. Instead, import the image file as an Image resource and load it normally as a resource.
   at: load (core/io/image.cpp:2756)
   GDScript backtrace (most recent call first):
       [0] _build_terrain_material_tex (res://scripts/rendering/map_baker.gd:360)
       [1] get_or_build_shared_terrain_material_tex (res://scripts/rendering/map_baker.gd:343)
       [2] bake_world (res://scripts/rendering/map_baker.gd:1187)
       [3] _yield_generation_frame (res://scripts/rendering/map_baker.gd:1225)
  cell LUT encode: deferred until DCWorldExt bind
  encode: 3139ms
MapBaker v6: total 3286ms
MapGenerator v7: bake 3309ms
MapGenerator: skip _compute_ocean_currents (physical-hex path writes per-cell directly)
MapGenerator: skip _compute_terrain_perturbed_wind (physical-hex solver writes per-cell)
[SUS] sim budget strict=false frame=8.00ms warn=2.00ms slice=0.75ms upload=1.50ms scheduler=DCSystemScheduler native_sus=auto
[DCWorldExt] bind_map_data: 148 components bound (auto-registered=148; snapshot model; see world_ext.cpp comment & charter Â§11)
[DataCore] _data_core_world_ext bound=true (climate co-processor; class=DCWorldExt)
[native_world] configure rc=0 reason=configured cells=2400 wrap_period_x=103.923
[native_generation] path=gdext n=2400 published=9 native_ms=0.220 compute_ms=0.123 flush_ms=0.096
[hex_cell] facade ENABLED (2400 cells bound; ext=true)
[DataCore] _baker climate_profile injected=true (fixes WorldData.config==null sea_ice prepare path)
[phys_solve][oneshot] OK slp=0.81ms wind=0.47ms psi=0.30ms(ran=true) upwelling=0.05ms total=2.04ms
PhysicalCirculation solve@phase=1.50 total=2ms (C++ one-shot run_physical_solve_pass)
  wind/ocean pixel buffers: skipped (ocean_current_visual off)
[physical_init] deferred native refresh complete: 2ms
[cell_lut] deferred encode: 2ms path=gdext
[bio-occupancy] seed landmasses=10 provinces=10 species=20 secondary_hearths=22
[bio-occupancy]   bio.maize envelope=56 hearth=17 seeded_landmasses=1 primary_landmass=8 primary_envelope=31 occupied=17 occupied/envelope=0.55
[bio-occupancy]   bio.wheat envelope=225 hearth=58 seeded_landmasses=3 primary_landmass=1 primary_envelope=21 occupied=58 occupied/envelope=2.76
[bio-occupancy]   bio.rice envelope=71 hearth=19 seeded_landmasses=4 primary_landmass=2 primary_envelope=23 occupied=19 occupied/envelope=0.83
[bio-occupancy]   bio.potato envelope=163 hearth=55 seeded_landmasses=3 primary_landmass=8 primary_envelope=86 occupied=55 occupied/envelope=0.64
[bio-occupancy]   bio.horse envelope=242 hearth=48 seeded_landmasses=4 primary_landmass=2 primary_envelope=70 occupied=48 occupied/envelope=0.69
[bio-occupancy]   bio.cotton envelope=119 hearth=12 seeded_landmasses=1 primary_landmass=7 primary_envelope=22 occupied=12 occupied/envelope=0.55
[bio-occupancy]   bio.flax envelope=212 hearth=17 seeded_landmasses=2 primary_landmass=1 primary_envelope=21 occupied=17 occupied/envelope=0.81
[bio-occupancy]   bio.spice envelope=100 hearth=8 seeded_landmasses=2 primary_landmass=2 primary_envelope=26 occupied=8 occupied/envelope=0.31
[bio-occupancy]   bio.rubber envelope=56 hearth=7 seeded_landmasses=1 primary_landmass=7 primary_envelope=15 occupied=7 occupied/envelope=0.47
[bio-occupancy]   bio.sheep envelope=34 hearth=8 seeded_landmasses=1 primary_landmass=8 primary_envelope=17 occupied=8 occupied/envelope=0.47
[bio-occupancy]   bio.goat envelope=405 hearth=98 seeded_landmasses=4 primary_landmass=8 primary_envelope=187 occupied=98 occupied/envelope=0.52
[bio-occupancy]   bio.cattle envelope=13 hearth=5 seeded_landmasses=1 primary_landmass=8 primary_envelope=11 occupied=5 occupied/envelope=0.45
[bio-occupancy]   bio.pig envelope=287 hearth=89 seeded_landmasses=5 primary_landmass=8 primary_envelope=129 occupied=89 occupied/envelope=0.69
[bio-occupancy]   bio.camel envelope=45 hearth=6 seeded_landmasses=1 primary_landmass=6 primary_envelope=13 occupied=6 occupied/envelope=0.46
[bio-occupancy]   bio.yak envelope=192 hearth=68 seeded_landmasses=3 primary_landmass=2 primary_envelope=83 occupied=68 occupied/envelope=0.82
[bio-occupancy]   bio.silkworm envelope=144 hearth=23 seeded_landmasses=1 primary_landmass=8 primary_envelope=57 occupied=23 occupied/envelope=0.40
[bio-occupancy]   bio.reed envelope=148 hearth=31 seeded_landmasses=4 primary_landmass=8 primary_envelope=60 occupied=31 occupied/envelope=0.52
[bio-occupancy]   bio.bast_fiber envelope=279 hearth=65 seeded_landmasses=1 primary_landmass=8 primary_envelope=136 occupied=65 occupied/envelope=0.48
[bio-occupancy]   bio.dye_plant envelope=122 hearth=38 seeded_landmasses=2 primary_landmass=8 primary_envelope=53 occupied=38 occupied/envelope=0.72
[bio-occupancy]   bio.medicinal_herb envelope=371 hearth=151 seeded_landmasses=5 primary_landmass=8 primary_envelope=168 occupied=151 occupied/envelope=0.90
[bio-occupancy]   landmass 1 classes=cold_grazer, fiber_forest, dry_grazer, highland_food, open_food, open_grazer, fiber_open, forest_grazer foods=potato, wheat
[bio-occupancy]   landmass 2 classes=cold_grazer, fiber_forest, dry_grazer, open_grazer, fiber_wet, forest_grazer, open_food, highland_food, fiber_open, wetland_food, tropical foods=wheat, potato, rice
[bio-occupancy]   landmass 3 classes=none foods=none
[bio-occupancy]   landmass 4 classes=none foods=none
[bio-occupancy]   landmass 5 classes=none foods=none
[bio-occupancy]   landmass 6 classes=wetland_food, forest_grazer, fiber_wet, fiber_forest, open_grazer, dry_grazer, fiber_open, tropical foods=rice
[bio-occupancy]   landmass 7 classes=fiber_open, tropical, dry_grazer, open_food, open_grazer, fiber_forest, wetland_food, forest_grazer, fiber_wet foods=wheat, rice
[bio-occupancy]   landmass 8 classes=tropical, fiber_open, forest_grazer, dry_grazer, open_food, fiber_forest, wetland_food, open_grazer, highland_food, fiber_wet, cold_grazer foods=maize, rice, potato
[bio-occupancy]   landmass 9 classes=none foods=none
[bio-occupancy]   landmass 10 classes=none foods=none
[weather] gdext acceleration ON (class=DCWorldExt)
[weather] gdext field commit ON
[weather] gdext distribute ON
[weather] gdext summary ON
[weather] hexcell facade ON (skip AoS double-write in hot loop)
[weather] gdext resident knobs ON (class=KnobsHandle)
[economy] ACTIVE native graph cells=2400 goods=134 cohorts=24 epoch_days=1 trade=ACTIVE topology_ready=true topology_generation=1 bootstrap=starter_settlement_bootstrap_v9 founder_families=6 founder_people=6
[country] ACTIVE native authority countries=6 cells=2400 generation=1
[weather/knobs] resident KnobsHandle path ACTIVE — first to_*_knobs_dict hit (field_rebuild_count=1 expected ≤1; stable Hz target ≤1 Hz)
[native_daily] ACTIVE: registered native_daily_sim + natural_resource_daily + bio_occupancy_daily; retained season_refresh + ocean_currents boundary jobs
[DCSystemScheduler] topology: ["season_refresh", "trigger_runtime", "ideology_runtime", "effect_runtime", "modifier_daily", "gameplay_effect", "natural_resource_daily", "bio_occupancy_daily", "enum_atlas_upload", "ocean_currents", "native_daily_sim", "dynamic_visual_atlas_upload", "country_daily", "economy_daily"]
WARNING: [runtime-climate-round] no ClimateDailySystem; SHADOW capture carries no shared pass input
   at: push_warning (core/variant/variant_utility.cpp:1034)
   GDScript backtrace (most recent call first):
       [0] _build_runtime_climate_round_input (res://scripts/geography/map_generator.gd:4627)
       [1] capture_runtime_inputs_for_worker (res://scripts/geography/map_generator.gd:2351)
       [2] generate_world (res://scripts/game/world_runtime_host.gd:609)
       [3] generate (res://scripts/geography/map_generator.gd:1606)
       [4] _yield_generation_frame (res://scripts/geography/map_generator.gd:19841)
WARNING: [runtime-worker] Ideology opinion publish deferred: ideology_opinion_snapshot_invalid
   at: push_warning (core/variant/variant_utility.cpp:1034)
   GDScript backtrace (most recent call first):
       [0] _start_production_shadow_worker (res://scripts/game/world_runtime_host.gd:700)
       [1] generate_world (res://scripts/game/world_runtime_host.gd:618)
       [2] generate (res://scripts/geography/map_generator.gd:1606)
       [3] _yield_generation_frame (res://scripts/geography/map_generator.gd:19841)
[runtime-worker] production ACTIVE started mask=4095 auto_pod=true
[runtime-day-wait] day=1 env_day=0 missing=0x3ff economy_input=-1
[building-visual] intel_refresh requested=32 changed=1 known=1 catalog=400 resident=0 body=0 queued=0 zoom=1.000
[DCSystemScheduler][RT] ocean_skip#1 tick=1 reason=policy_gated slices=0 elapsed=0.000 progress=0.000 source=day_changed
[climate][publish] day=0 round_ran=1 prod_stage=0xff scalar_mask=0x7f alb=0 veg=0 fb=0 weather=0 sr=0 ok=1
[climate/worker][b8] physics_knobs day=1 ready=0 missing=physics_knobs
[climate-kernel][round] shared=1 ok=1 n_cells=2400 mask=0x1FF ran=0x1FF starved=0x0 knobs_cells=2400
[DCSystemScheduler][RT] ocean_skip#2 tick=2 reason=policy_gated slices=0 elapsed=0.000 progress=0.000 source=day_changed
[country][parity] worker_day=1 uncompared reference_range=-1..-1 depth=0
[economy-mirror-cost] day=1 capture_ms=3.023 import_ms=4.789
[climate/writeback][b8] day=1 vapor store0=0 map0=0 dirty_fields=42 applied=42
[climate/worker][b8] physics_knobs day=2 ready=0 missing=physics_knobs
[climate/worker][b8] paw day=2 cell=68 moisture=0.717273 wb30=0 soil=0 paw=0.717273 zeros(water=1544 land=5) nonzero=851 weights(wb=0.35 soil=0.25 dry=0.65) round=1 distribute=0 hydrology=0
[climate/worker][b8] physics_knobs day=3 ready=0 missing=physics_knobs
[climate/worker][b8] paw day=3 cell=68 moisture=0.714358 wb30=0 soil=0 paw=0.714358 zeros(water=1544 land=7) nonzero=849 weights(wb=0.35 soil=0.25 dry=0.65) round=1 distribute=0 hydrology=0
[country][parity] worker_day=3 uncompared reference_range=2..2 depth=1
[climate/writeback][b8] day=2 vapor store0=0 map0=0 dirty_fields=42 applied=42
[climate/worker][b8] physics_knobs day=4 ready=0 missing=physics_knobs
[climate/worker][b8] paw day=4 cell=68 moisture=0.715608 wb30=0 soil=0 paw=0.715608 zeros(water=1544 land=7) nonzero=849 weights(wb=0.35 soil=0.25 dry=0.65) round=1 distribute=1 hydrology=0
[climate/worker][b8] cyclone_gate day=4 input_enabled=0 force_env=0 effective=0
[climate/worker][b8] weather_solve day=4 cells=2400 psi=1 vapor0=0.110977 precip0=0 cloud0=0.0436987 type0=0 field_init0=1
[country][parity] worker_day=4 uncompared reference_range=2..2 depth=1
[climate/writeback][b8] day=3 vapor store0=0 map0=0 dirty_fields=42 applied=42
[climate/worker][b8] physics_knobs day=5 ready=0 missing=physics_knobs
[climate/worker][b8] paw day=5 cell=68 moisture=0.713519 wb30=-0.000135784 soil=0 paw=0.713431 zeros(water=1544 land=7) nonzero=849 weights(wb=0.35 soil=0.25 dry=0.65) round=1 distribute=0 hydrology=0
[country][parity] worker_day=5 uncompared reference_range=2..2 depth=1
[climate/writeback][b8] day=4 vapor store0=0.110977 map0=0.110977 dirty_fields=44 applied=44
[climate/worker][b8] physics_knobs day=6 ready=0 missing=physics_knobs
[climate/worker][b8] paw day=6 cell=68 moisture=0.714464 wb30=-0.000135784 soil=-0.000325881 paw=0.714376 zeros(water=1544 land=7) nonzero=849 weights(wb=0.35 soil=0.25 dry=0.65) round=1 distribute=0 hydrology=0
[country][parity] worker_day=6 uncompared reference_range=2..2 depth=1
[climate/worker][b8] paw day=7 cell=68 moisture=0.715559 wb30=-0.000135784 soil=-0.000325881 paw=0.715471 zeros(water=1544 land=7) nonzero=849 weights(wb=0.35 soil=0.25 dry=0.65) round=1 distribute=0 hydrology=0
[country][parity] worker_day=7 uncompared reference_range=2..2 depth=1
[climate/worker][b8] paw day=8 cell=68 moisture=0.71632 wb30=-0.000135784 soil=-0.000325881 paw=0.716232 zeros(water=1544 land=7) nonzero=849 weights(wb=0.35 soil=0.25 dry=0.65) round=1 distribute=0 hydrology=0
[country][parity] worker_day=8 uncompared reference_range=2..2 depth=1
[climate/worker][b8] paw day=9 cell=68 moisture=0.717144 wb30=-0.000135784 soil=-0.000325881 paw=0.717056 zeros(water=1544 land=7) nonzero=849 weights(wb=0.35 soil=0.25 dry=0.65) round=1 distribute=0 hydrology=0
[country][parity] worker_day=9 uncompared reference_range=2..2 depth=1
[climate/worker][b8] paw day=10 cell=68 moisture=0.717719 wb30=-0.000135784 soil=-0.000325881 paw=0.717631 zeros(water=1544 land=7) nonzero=849 weights(wb=0.35 soil=0.25 dry=0.65) round=1 distribute=0 hydrology=0
[climate/worker][b8] paw day=11 cell=68 moisture=0.718341 wb30=-0.000135784 soil=-0.000325881 paw=0.718252 zeros(water=1544 land=7) nonzero=849 weights(wb=0.35 soil=0.25 dry=0.65) round=1 distribute=0 hydrology=0
[climate/worker][b8] paw day=12 cell=68 moisture=0.718775 wb30=-0.000135784 soil=-0.000325881 paw=0.718687 zeros(water=1544 land=7) nonzero=849 weights(wb=0.35 soil=0.25 dry=0.65) round=1 distribute=1 hydrology=0
[climate/worker][b8] cyclone_gate day=12 input_enabled=0 force_env=0 effective=0
[climate/worker][b8] weather_solve day=12 cells=2400 psi=1 vapor0=0.0517589 precip0=0.0368362 cloud0=0.0513718 type0=0 field_init0=1
[climate/worker][b8] paw day=13 cell=68 moisture=0.719243 wb30=-0.000268344 soil=-0.000325881 paw=0.719069 zeros(water=1544 land=7) nonzero=849 weights(wb=0.35 soil=0.25 dry=0.65) round=1 distribute=0 hydrology=0
[climate/worker][b8] weather_solve day=20 cells=2400 psi=1 vapor0=0.0390531 precip0=0.0506637 cloud0=0.0600347 type0=0 field_init0=1
[climate/worker][b8] weather_solve day=28 cells=2400 psi=1 vapor0=0.0342825 precip0=0.0548014 cloud0=0.0806413 type0=3 field_init0=1
[clock/step] delta=6.9ms speed=50x target=0.34d cap=2.16d/f cost=3.86ms ran=1 pulse=0.00ms loop=4.49ms full=4.83ms carry=0.12 barrier=
[clock/step] delta=6.9ms speed=50x target=0.34d cap=2.35d/f cost=3.41ms ran=0 pulse=0.00ms loop=0.00ms full=0.30ms carry=0.52 barrier=
[perf-record] start (start_tick=2 mode=CORE detail_period=1)
[stage-c/client] recording mode=ACTIVE worker=ACTIVE seconds=90.00 output=D:/Godot/ProjectKeynes/Project.Keynes/tmp/soak_owned_inputpacket
[economy-open-finish] day=100 country=0.300 workset=0.018 fiscal=0.029 csr=0.004 recovery=0.001 vectors=0.677 audit=0.406 commands=0.000
[economy-prelude-cost] day=100 ms=1.696 pending=0
[economy-boundary-cost] day=100 formulas_ms=7.450 stages_ms=5.505 mirror_ms=4.514
[runtime-day-cost] day=100 ok=1 ms=15.526
[clock/step] delta=6.9ms speed=50x target=0.34d cap=2.33d/f cost=3.44ms ran=0 pulse=0.00ms loop=0.00ms full=0.28ms carry=0.90 barrier=
[clock/step] delta=6.9ms speed=50x target=0.34d cap=2.62d/f cost=3.05ms ran=0 pulse=0.00ms loop=0.00ms full=0.24ms carry=0.93 barrier=
[clock/step] delta=6.9ms speed=50x target=0.34d cap=3.67d/f cost=2.39ms ran=1 pulse=0.00ms loop=3.21ms full=3.39ms carry=0.20 barrier=
[economy-open-finish] day=200 country=0.328 workset=0.019 fiscal=0.030 csr=0.004 recovery=0.001 vectors=0.694 audit=0.629 commands=0.001
[economy-prelude-cost] day=200 ms=2.181 pending=0
[economy-boundary-cost] day=200 formulas_ms=7.095 stages_ms=4.657 mirror_ms=5.060
[runtime-day-cost] day=200 ok=1 ms=14.994
[clock/step] delta=6.9ms speed=50x target=0.34d cap=2.52d/f cost=3.17ms ran=0 pulse=0.00ms loop=0.00ms full=0.25ms carry=0.89 barrier=
[clock/step] delta=6.9ms speed=50x target=0.34d cap=3.60d/f cost=2.45ms ran=1 pulse=0.00ms loop=3.38ms full=3.58ms carry=0.13 barrier=
[economy-open-finish] day=300 country=0.293 workset=0.018 fiscal=0.028 csr=0.004 recovery=0.001 vectors=0.600 audit=0.395 commands=0.000
[economy-prelude-cost] day=300 ms=1.588 pending=0
[economy-boundary-cost] day=300 formulas_ms=7.403 stages_ms=5.575 mirror_ms=4.502
[runtime-day-cost] day=300 ok=1 ms=15.394
[clock/step] delta=6.9ms speed=50x target=0.34d cap=1.98d/f cost=4.05ms ran=0 pulse=0.00ms loop=0.00ms full=0.34ms carry=0.78 barrier=
[clock/step] delta=6.9ms speed=50x target=0.34d cap=2.44d/f cost=3.29ms ran=1 pulse=0.00ms loop=3.34ms full=3.54ms carry=0.12 barrier=
[clock/step] delta=6.7ms speed=50x target=0.33d cap=2.40d/f cost=3.34ms ran=0 pulse=0.00ms loop=0.00ms full=0.26ms carry=0.99 barrier=
[economy-open-finish] day=400 country=0.314 workset=0.021 fiscal=0.033 csr=0.004 recovery=0.001 vectors=0.524 audit=0.408 commands=0.000
[economy-prelude-cost] day=400 ms=1.670 pending=0
[economy-boundary-cost] day=400 formulas_ms=6.389 stages_ms=4.466 mirror_ms=4.122
[runtime-day-cost] day=400 ok=1 ms=13.267
[clock/step] delta=6.9ms speed=50x target=0.34d cap=2.45d/f cost=3.22ms ran=1 pulse=0.00ms loop=3.07ms full=3.25ms carry=0.03 barrier=
[clock/step] delta=6.9ms speed=50x target=0.34d cap=2.24d/f cost=2.93ms ran=1 pulse=0.00ms loop=0.37ms full=0.53ms carry=0.06 barrier=climate_input_capacity_day_barrier
[economy-open-finish] day=500 country=0.322 workset=0.022 fiscal=0.035 csr=0.004 recovery=0.001 vectors=0.482 audit=0.433 commands=0.001
[economy-prelude-cost] day=500 ms=1.630 pending=0
[clock/step] delta=6.9ms speed=50x target=0.34d cap=2.30d/f cost=3.48ms ran=0 pulse=0.00ms loop=0.00ms full=0.20ms carry=0.41 barrier=
[economy-boundary-cost] day=500 formulas_ms=7.196 stages_ms=5.304 mirror_ms=5.152
[runtime-day-cost] day=500 ok=1 ms=16.111
[clock/step] delta=6.9ms speed=50x target=0.34d cap=2.54d/f cost=3.15ms ran=0 pulse=0.00ms loop=0.00ms full=0.30ms carry=0.78 barrier=
[clock/step] delta=6.9ms speed=50x target=0.34d cap=2.76d/f cost=2.89ms ran=0 pulse=0.00ms loop=0.00ms full=0.21ms carry=0.81 barrier=
[economy-open-finish] day=600 country=0.309 workset=0.022 fiscal=0.035 csr=0.004 recovery=0.001 vectors=0.457 audit=0.412 commands=0.000
[economy-prelude-cost] day=600 ms=1.528 pending=0
[economy-boundary-cost] day=600 formulas_ms=6.471 stages_ms=4.684 mirror_ms=5.176
[runtime-day-cost] day=600 ok=1 ms=14.469
[clock/step] delta=6.9ms speed=50x target=0.34d cap=2.37d/f cost=3.38ms ran=0 pulse=0.00ms loop=0.00ms full=0.35ms carry=0.50 barrier=
[clock/step] delta=6.9ms speed=50x target=0.34d cap=2.53d/f cost=3.16ms ran=0 pulse=0.00ms loop=0.00ms full=0.29ms carry=0.88 barrier=
[economy-open-finish] day=700 country=0.301 workset=0.021 fiscal=0.032 csr=0.004 recovery=0.001 vectors=0.383 audit=0.406 commands=0.000
[economy-prelude-cost] day=700 ms=1.427 pending=0
[economy-boundary-cost] day=700 formulas_ms=7.131 stages_ms=5.453 mirror_ms=4.519
[runtime-day-cost] day=700 ok=1 ms=15.232
[clock/step] delta=6.9ms speed=50x target=0.34d cap=2.08d/f cost=3.85ms ran=0 pulse=0.00ms loop=0.00ms full=0.32ms carry=0.91 barrier=
[clock/step] delta=6.7ms speed=50x target=0.33d cap=2.18d/f cost=3.61ms ran=1 pulse=0.00ms loop=3.38ms full=3.56ms carry=0.16 barrier=
[clock/step] delta=6.9ms speed=50x target=0.34d cap=2.18d/f cost=3.58ms ran=1 pulse=0.00ms loop=3.23ms full=3.44ms carry=0.19 barrier=
[economy-open-finish] day=800 country=0.421 workset=0.061 fiscal=0.032 csr=0.039 recovery=0.001 vectors=0.569 audit=0.757 commands=0.001
[economy-prelude-cost] day=800 ms=2.206 pending=0
[economy-boundary-cost] day=800 formulas_ms=7.758 stages_ms=5.299 mirror_ms=5.001
[runtime-day-cost] day=800 ok=1 ms=15.635
[clock/step] delta=6.9ms speed=50x target=0.35d cap=2.09d/f cost=3.76ms ran=1 pulse=0.00ms loop=3.49ms full=3.68ms carry=0.23 barrier=
[clock/step] delta=6.9ms speed=50x target=0.34d cap=0.71d/f cost=11.21ms ran=0 pulse=0.00ms loop=0.00ms full=0.24ms carry=0.42 barrier=
[economy-open-finish] day=900 country=0.314 workset=0.020 fiscal=0.031 csr=0.004 recovery=0.001 vectors=0.373 audit=0.429 commands=0.000
[economy-prelude-cost] day=900 ms=1.439 pending=0
[economy-boundary-cost] day=900 formulas_ms=6.091 stages_ms=4.399 mirror_ms=4.391
[runtime-day-cost] day=900 ok=1 ms=14.540
[clock/step] delta=6.7ms speed=50x target=0.33d cap=1.68d/f cost=4.77ms ran=0 pulse=0.00ms loop=0.00ms full=0.18ms carry=0.48 barrier=
[clock/step] delta=6.9ms speed=50x target=0.35d cap=2.44d/f cost=3.21ms ran=1 pulse=0.00ms loop=2.93ms full=3.10ms carry=0.26 barrier=
[clock/step] delta=6.9ms speed=50x target=0.35d cap=1.95d/f cost=3.98ms ran=1 pulse=0.00ms loop=3.51ms full=3.75ms carry=0.12 barrier=
[economy-open-finish] day=1000 country=0.550 workset=0.028 fiscal=0.062 csr=0.003 recovery=0.001 vectors=0.577 audit=0.822 commands=0.001
[economy-prelude-cost] day=1000 ms=2.499 pending=0
[economy-boundary-cost] day=1000 formulas_ms=7.662 stages_ms=4.667 mirror_ms=6.480
[runtime-day-cost] day=1000 ok=1 ms=18.397
[clock/step] delta=6.9ms speed=50x target=0.34d cap=2.97d/f cost=2.69ms ran=0 pulse=0.00ms loop=0.00ms full=0.27ms carry=0.69 barrier=
[clock/step] delta=6.9ms speed=50x target=0.35d cap=1.71d/f cost=4.69ms ran=0 pulse=0.00ms loop=0.00ms full=0.21ms carry=0.49 barrier=
[economy-open-finish] day=1100 country=0.317 workset=0.019 fiscal=0.030 csr=0.004 recovery=0.001 vectors=0.264 audit=0.482 commands=0.000
[economy-prelude-cost] day=1100 ms=1.374 pending=0
[economy-boundary-cost] day=1100 formulas_ms=5.914 stages_ms=4.269 mirror_ms=4.343
[runtime-day-cost] day=1100 ok=1 ms=14.025
[clock/step] delta=6.7ms speed=50x target=0.33d cap=1.48d/f cost=5.42ms ran=0 pulse=0.00ms loop=0.00ms full=0.31ms carry=0.83 barrier=
[clock/step] delta=6.7ms speed=50x target=0.33d cap=2.48d/f cost=3.23ms ran=0 pulse=0.00ms loop=0.00ms full=0.21ms carry=0.76 barrier=
[clock/step] delta=6.9ms speed=50x target=0.35d cap=2.99d/f cost=2.67ms ran=0 pulse=0.00ms loop=0.00ms full=0.23ms carry=0.60 barrier=
[economy-open-finish] day=1200 country=0.313 workset=0.024 fiscal=0.033 csr=0.004 recovery=0.001 vectors=0.231 audit=0.476 commands=0.001
[economy-prelude-cost] day=1200 ms=1.513 pending=0
[economy-boundary-cost] day=1200 formulas_ms=6.502 stages_ms=4.725 mirror_ms=5.109
[runtime-day-cost] day=1200 ok=1 ms=15.124
[clock/step] delta=6.9ms speed=50x target=0.34d cap=2.64d/f cost=3.11ms ran=1 pulse=0.00ms loop=3.44ms full=3.65ms carry=0.06 barrier=
[clock/step] delta=6.7ms speed=50x target=0.33d cap=2.32d/f cost=3.44ms ran=0 pulse=0.00ms loop=0.00ms full=0.46ms carry=0.52 barrier=
[economy-open-finish] day=1300 country=0.559 workset=0.029 fiscal=0.064 csr=0.004 recovery=0.001 vectors=0.409 audit=0.823 commands=0.001
[economy-prelude-cost] day=1300 ms=2.348 pending=0
[economy-boundary-cost] day=1300 formulas_ms=8.307 stages_ms=5.411 mirror_ms=4.386
[runtime-day-cost] day=1300 ok=1 ms=17.012
[clock/step] delta=6.9ms speed=50x target=0.34d cap=2.32d/f cost=3.45ms ran=0 pulse=0.00ms loop=0.00ms full=0.27ms carry=0.79 barrier=
[clock/step] delta=6.9ms speed=50x target=0.34d cap=2.63d/f cost=3.04ms ran=0 pulse=0.00ms loop=0.00ms full=0.20ms carry=0.82 barrier=
[clock/step] delta=6.9ms speed=50x target=0.34d cap=2.27d/f cost=3.40ms ran=1 pulse=0.00ms loop=2.89ms full=3.06ms carry=0.19 barrier=
[economy-open-finish] day=1400 country=0.380 workset=0.025 fiscal=0.035 csr=0.004 recovery=0.001 vectors=0.234 audit=0.599 commands=0.001
[economy-prelude-cost] day=1400 ms=1.982 pending=0
[economy-boundary-cost] day=1400 formulas_ms=8.727 stages_ms=6.467 mirror_ms=6.748
[runtime-day-cost] day=1400 ok=1 ms=19.336
[clock/step] delta=6.9ms speed=50x target=0.34d cap=3.35d/f cost=2.64ms ran=1 pulse=0.00ms loop=3.61ms full=3.84ms carry=0.23 barrier=
[clock/step] delta=6.9ms speed=50x target=0.35d cap=1.96d/f cost=4.09ms ran=0 pulse=0.00ms loop=0.00ms full=0.17ms carry=0.53 barrier=
[economy-open-finish] day=1500 country=0.341 workset=0.022 fiscal=0.031 csr=0.012 recovery=0.001 vectors=0.229 audit=0.414 commands=0.001
[economy-prelude-cost] day=1500 ms=1.309 pending=0
[economy-boundary-cost] day=1500 formulas_ms=5.902 stages_ms=4.339 mirror_ms=7.347
[runtime-day-cost] day=1500 ok=1 ms=17.411
[clock/step] delta=6.9ms speed=50x target=0.35d cap=2.22d/f cost=3.58ms ran=1 pulse=0.00ms loop=3.48ms full=3.68ms carry=0.20 barrier=
[clock/step] delta=6.9ms speed=50x target=0.34d cap=2.17d/f cost=3.68ms ran=0 pulse=0.00ms loop=0.00ms full=0.23ms carry=0.64 barrier=
[clock/step] delta=6.9ms speed=50x target=0.34d cap=2.23d/f cost=3.49ms ran=1 pulse=0.00ms loop=3.15ms full=3.34ms carry=0.02 barrier=
[economy-open-finish] day=1600 country=0.473 workset=0.029 fiscal=0.034 csr=0.005 recovery=0.001 vectors=0.353 audit=0.795 commands=0.001
[economy-prelude-cost] day=1600 ms=2.043 pending=0
[economy-boundary-cost] day=1600 formulas_ms=7.725 stages_ms=5.260 mirror_ms=4.464
[runtime-day-cost] day=1600 ok=1 ms=15.656
[clock/step] delta=6.9ms speed=50x target=0.34d cap=4.20d/f cost=1.91ms ran=0 pulse=0.08ms loop=0.00ms full=0.37ms carry=0.01 barrier=climate_input_capacity_day_barrier
[clock/step] delta=6.9ms speed=50x target=0.34d cap=2.55d/f cost=3.21ms ran=1 pulse=0.00ms loop=3.50ms full=3.68ms carry=0.00 barrier=
[economy-open-finish] day=1700 country=0.406 workset=0.022 fiscal=0.032 csr=0.004 recovery=0.001 vectors=0.202 audit=0.404 commands=0.001
[economy-prelude-cost] day=1700 ms=1.435 pending=0
[economy-boundary-cost] day=1700 formulas_ms=6.064 stages_ms=4.229 mirror_ms=4.783
[runtime-day-cost] day=1700 ok=1 ms=14.571
[clock/step] delta=6.9ms speed=50x target=0.34d cap=2.14d/f cost=3.74ms ran=0 pulse=0.00ms loop=0.00ms full=0.42ms carry=0.38 barrier=
[clock/step] delta=6.9ms speed=50x target=0.34d cap=2.78d/f cost=2.88ms ran=0 pulse=0.00ms loop=0.00ms full=0.24ms carry=0.35 barrier=
[clock/step] delta=6.9ms speed=50x target=0.34d cap=2.55d/f cost=3.41ms ran=1 pulse=0.00ms loop=4.51ms full=4.69ms carry=0.34 barrier=
[economy-open-finish] day=1800 country=0.297 workset=0.021 fiscal=0.032 csr=0.004 recovery=0.001 vectors=0.199 audit=0.414 commands=0.000
[economy-prelude-cost] day=1800 ms=1.253 pending=0
[economy-boundary-cost] day=1800 formulas_ms=5.789 stages_ms=4.294 mirror_ms=4.603
[runtime-day-cost] day=1800 ok=1 ms=13.351
[clock/step] delta=6.9ms speed=50x target=0.35d cap=2.34d/f cost=3.42ms ran=0 pulse=0.00ms loop=0.00ms full=0.17ms carry=0.49 barrier=
[economy-open-finish] day=1900 country=0.355 workset=0.022 fiscal=0.032 csr=0.005 recovery=0.001 vectors=0.237 audit=0.501 commands=0.001
[economy-prelude-cost] day=1900 ms=1.442 pending=0
[economy-boundary-cost] day=1900 formulas_ms=6.242 stages_ms=4.558 mirror_ms=4.635
[runtime-day-cost] day=1900 ok=1 ms=15.223
[clock/step] delta=6.9ms speed=50x target=0.34d cap=2.32d/f cost=3.57ms ran=1 pulse=0.00ms loop=4.02ms full=4.19ms carry=0.12 barrier=
[clock/step] delta=6.9ms speed=50x target=0.34d cap=2.09d/f cost=3.92ms ran=1 pulse=0.00ms loop=4.31ms full=4.67ms carry=0.15 barrier=
[clock/step] delta=6.9ms speed=50x target=0.34d cap=2.57d/f cost=3.11ms ran=0 pulse=0.00ms loop=0.00ms full=0.29ms carry=0.49 barrier=
[economy-open-finish] day=2000 country=0.305 workset=0.021 fiscal=0.030 csr=0.004 recovery=0.001 vectors=0.205 audit=0.408 commands=0.000
[economy-prelude-cost] day=2000 ms=1.232 pending=0
[economy-boundary-cost] day=2000 formulas_ms=5.701 stages_ms=4.028 mirror_ms=4.046
[runtime-day-cost] day=2000 ok=1 ms=12.923
[clock/step] delta=6.9ms speed=50x target=0.34d cap=2.42d/f cost=3.31ms ran=0 pulse=0.00ms loop=0.00ms full=0.36ms carry=0.87 barrier=
[clock/step] delta=6.9ms speed=50x target=0.34d cap=3.84d/f cost=2.08ms ran=0 pulse=0.00ms loop=0.00ms full=0.20ms carry=0.55 barrier=
[economy-open-finish] day=2100 country=0.309 workset=0.022 fiscal=0.036 csr=0.004 recovery=0.001 vectors=0.203 audit=0.403 commands=0.000
[economy-prelude-cost] day=2100 ms=1.265 pending=0
[economy-boundary-cost] day=2100 formulas_ms=6.335 stages_ms=4.820 mirror_ms=4.268
[runtime-day-cost] day=2100 ok=1 ms=14.034
[clock/step] delta=6.9ms speed=50x target=0.34d cap=2.43d/f cost=3.32ms ran=1 pulse=0.00ms loop=3.44ms full=3.65ms carry=0.24 barrier=
[clock/step] delta=6.9ms speed=50x target=0.34d cap=2.13d/f cost=3.76ms ran=0 pulse=0.00ms loop=0.00ms full=0.44ms carry=0.62 barrier=
[economy-open-finish] day=2200 country=0.305 workset=0.021 fiscal=0.034 csr=0.004 recovery=0.001 vectors=0.202 audit=0.404 commands=0.000
[economy-prelude-cost] day=2200 ms=1.236 pending=0
[economy-boundary-cost] day=2200 formulas_ms=5.965 stages_ms=4.487 mirror_ms=4.433
[runtime-day-cost] day=2200 ok=1 ms=13.230
[clock/step] delta=6.9ms speed=50x target=0.35d cap=2.29d/f cost=3.50ms ran=0 pulse=0.00ms loop=0.00ms full=0.41ms carry=0.53 barrier=
[clock/step] delta=6.9ms speed=50x target=0.34d cap=2.19d/f cost=3.66ms ran=0 pulse=0.00ms loop=0.00ms full=0.30ms carry=0.91 barrier=
[clock/step] delta=6.9ms speed=50x target=0.34d cap=2.54d/f cost=3.15ms ran=0 pulse=0.00ms loop=0.00ms full=0.29ms carry=0.87 barrier=
[economy-open-finish] day=2300 country=0.361 workset=0.022 fiscal=0.032 csr=0.004 recovery=0.001 vectors=0.218 audit=0.424 commands=0.000
[economy-prelude-cost] day=2300 ms=1.376 pending=0
[economy-boundary-cost] day=2300 formulas_ms=6.493 stages_ms=4.866 mirror_ms=4.104
[runtime-day-cost] day=2300 ok=1 ms=14.134
[clock/step] delta=6.9ms speed=50x target=0.34d cap=2.32d/f cost=3.34ms ran=1 pulse=0.00ms loop=2.90ms full=3.08ms carry=0.25 barrier=
[clock/step] delta=6.9ms speed=50x target=0.35d cap=2.79d/f cost=2.87ms ran=0 pulse=0.00ms loop=0.00ms full=0.46ms carry=0.63 barrier=
[economy-open-finish] day=2400 country=0.351 workset=0.023 fiscal=0.036 csr=0.005 recovery=0.001 vectors=0.235 audit=0.482 commands=0.001
[economy-prelude-cost] day=2400 ms=1.486 pending=0
[economy-boundary-cost] day=2400 formulas_ms=7.579 stages_ms=5.771 mirror_ms=5.133
[runtime-day-cost] day=2400 ok=1 ms=16.251
[clock/step] delta=6.9ms speed=50x target=0.34d cap=2.39d/f cost=3.34ms ran=0 pulse=0.00ms loop=0.00ms full=0.24ms carry=0.49 barrier=
[clock/step] delta=6.9ms speed=50x target=0.34d cap=1.98d/f cost=4.05ms ran=0 pulse=0.00ms loop=0.00ms full=0.33ms carry=0.87 barrier=
[clock/step] delta=6.9ms speed=50x target=0.34d cap=2.46d/f cost=3.25ms ran=0 pulse=0.00ms loop=0.00ms full=0.25ms carry=0.49 barrier=
[economy-open-finish] day=2500 country=0.304 workset=0.019 fiscal=0.030 csr=0.004 recovery=0.000 vectors=0.202 audit=0.411 commands=0.001
[economy-prelude-cost] day=2500 ms=1.244 pending=0
[economy-boundary-cost] day=2500 formulas_ms=6.727 stages_ms=5.228 mirror_ms=4.832
[runtime-day-cost] day=2500 ok=1 ms=15.135
[clock/step] delta=6.9ms speed=50x target=0.34d cap=2.64d/f cost=3.13ms ran=1 pulse=0.00ms loop=3.53ms full=3.74ms carry=0.10 barrier=
[clock/step] delta=6.9ms speed=50x target=0.35d cap=2.03d/f cost=3.76ms ran=1 pulse=0.00ms loop=3.05ms full=3.24ms carry=0.02 barrier=
[economy-open-finish] day=2600 country=0.329 workset=0.024 fiscal=0.035 csr=0.005 recovery=0.001 vectors=0.218 audit=0.417 commands=0.000
[economy-prelude-cost] day=2600 ms=1.315 pending=0
[economy-boundary-cost] day=2600 formulas_ms=6.713 stages_ms=5.140 mirror_ms=4.794
[runtime-day-cost] day=2600 ok=1 ms=15.406
[clock/step] delta=6.9ms speed=50x target=0.35d cap=3.40d/f cost=2.59ms ran=1 pulse=0.00ms loop=3.52ms full=4.00ms carry=0.33 barrier=
[clock/step] delta=6.9ms speed=50x target=0.34d cap=2.59d/f cost=3.08ms ran=1 pulse=0.00ms loop=3.07ms full=3.26ms carry=0.09 barrier=
[clock/step] delta=6.9ms speed=50x target=0.34d cap=2.77d/f cost=2.89ms ran=0 pulse=0.00ms loop=0.00ms full=0.21ms carry=0.67 barrier=
[economy-open-finish] day=2700 country=0.317 workset=0.021 fiscal=0.031 csr=0.004 recovery=0.001 vectors=0.210 audit=0.417 commands=0.000
[economy-prelude-cost] day=2700 ms=1.284 pending=0
[economy-boundary-cost] day=2700 formulas_ms=6.269 stages_ms=4.728 mirror_ms=4.989
[runtime-day-cost] day=2700 ok=1 ms=14.919
[clock/step] delta=6.9ms speed=50x target=0.34d cap=4.81d/f cost=1.66ms ran=0 pulse=0.00ms loop=0.00ms full=0.51ms carry=0.94 barrier=
[clock/step] delta=6.9ms speed=50x target=0.34d cap=2.33d/f cost=3.44ms ran=0 pulse=0.00ms loop=0.00ms full=0.24ms carry=0.97 barrier=
[economy-open-finish] day=2800 country=0.319 workset=0.020 fiscal=0.030 csr=0.005 recovery=0.001 vectors=0.212 audit=0.424 commands=0.000
[economy-prelude-cost] day=2800 ms=1.281 pending=0
[economy-boundary-cost] day=2800 formulas_ms=6.643 stages_ms=5.093 mirror_ms=5.161
[runtime-day-cost] day=2800 ok=1 ms=14.698
[clock/step] delta=6.9ms speed=50x target=0.34d cap=6.01d/f cost=1.33ms ran=0 pulse=0.00ms loop=0.00ms full=0.34ms carry=0.97 barrier=
[clock/step] delta=6.9ms speed=50x target=0.34d cap=3.87d/f cost=2.06ms ran=0 pulse=0.00ms loop=0.00ms full=0.24ms carry=0.55 barrier=
[clock/step] delta=6.9ms speed=50x target=0.34d cap=2.42d/f cost=3.31ms ran=0 pulse=0.00ms loop=0.00ms full=0.24ms carry=0.59 barrier=
[economy-open-finish] day=2900 country=0.329 workset=0.023 fiscal=0.040 csr=0.004 recovery=0.000 vectors=0.217 audit=0.425 commands=0.000
[economy-prelude-cost] day=2900 ms=1.355 pending=0
[economy-boundary-cost] day=2900 formulas_ms=7.131 stages_ms=5.510 mirror_ms=4.737
[runtime-day-cost] day=2900 ok=1 ms=15.773
[clock/step] delta=6.9ms speed=50x target=0.34d cap=2.44d/f cost=3.28ms ran=0 pulse=0.00ms loop=0.00ms full=0.19ms carry=0.65 barrier=
[clock/step] delta=6.9ms speed=50x target=0.34d cap=2.38d/f cost=3.36ms ran=1 pulse=0.00ms loop=3.33ms full=3.53ms carry=0.03 barrier=
[economy-open-finish] day=3000 country=0.303 workset=0.020 fiscal=0.032 csr=0.004 recovery=0.000 vectors=0.202 audit=0.410 commands=0.000
[economy-prelude-cost] day=3000 ms=1.263 pending=0
[economy-boundary-cost] day=3000 formulas_ms=5.985 stages_ms=4.471 mirror_ms=5.201
[runtime-day-cost] day=3000 ok=1 ms=14.081
[clock/step] delta=6.9ms speed=50x target=0.34d cap=2.76d/f cost=2.89ms ran=0 pulse=0.00ms loop=0.00ms full=0.30ms carry=0.99 barrier=
[clock/step] delta=6.9ms speed=50x target=0.34d cap=2.32d/f cost=3.45ms ran=0 pulse=0.00ms loop=0.00ms full=0.19ms carry=0.37 barrier=
[economy-open-finish] day=3100 country=0.464 workset=0.026 fiscal=0.033 csr=0.005 recovery=0.001 vectors=0.312 audit=0.748 commands=0.002
[economy-prelude-cost] day=3100 ms=1.997 pending=0
[economy-boundary-cost] day=3100 formulas_ms=7.344 stages_ms=4.930 mirror_ms=4.787
[runtime-day-cost] day=3100 ok=1 ms=17.086
[clock/step] delta=6.9ms speed=50x target=0.34d cap=2.55d/f cost=3.14ms ran=0 pulse=0.00ms loop=0.00ms full=0.31ms carry=0.40 barrier=
[clock/step] delta=6.9ms speed=50x target=0.34d cap=2.98d/f cost=2.68ms ran=0 pulse=0.00ms loop=0.00ms full=0.20ms carry=0.39 barrier=
[clock/step] delta=6.9ms speed=50x target=0.34d cap=1.99d/f cost=4.01ms ran=0 pulse=0.00ms loop=0.00ms full=0.31ms carry=0.77 barrier=
[economy-open-finish] day=3200 country=0.299 workset=0.019 fiscal=0.029 csr=0.004 recovery=0.000 vectors=0.200 audit=0.401 commands=0.001
[economy-prelude-cost] day=3200 ms=1.202 pending=0
[economy-boundary-cost] day=3200 formulas_ms=6.393 stages_ms=4.942 mirror_ms=4.097
[runtime-day-cost] day=3200 ok=1 ms=13.178
[clock/step] delta=6.9ms speed=50x target=0.34d cap=2.53d/f cost=3.17ms ran=0 pulse=0.00ms loop=0.00ms full=0.17ms carry=0.42 barrier=
[clock/step] delta=6.9ms speed=50x target=0.34d cap=2.69d/f cost=2.97ms ran=0 pulse=0.00ms loop=0.00ms full=0.23ms carry=0.42 barrier=
[economy-open-finish] day=3300 country=0.309 workset=0.018 fiscal=0.044 csr=0.004 recovery=0.001 vectors=0.206 audit=0.444 commands=0.000
[economy-prelude-cost] day=3300 ms=1.308 pending=0
[economy-boundary-cost] day=3300 formulas_ms=7.277 stages_ms=5.700 mirror_ms=7.098
[runtime-day-cost] day=3300 ok=1 ms=18.095
[clock/step] delta=6.9ms speed=50x target=0.34d cap=1.95d/f cost=4.10ms ran=0 pulse=0.00ms loop=0.00ms full=0.25ms carry=0.61 barrier=
[clock/step] delta=6.9ms speed=50x target=0.34d cap=2.50d/f cost=3.21ms ran=0 pulse=0.00ms loop=0.00ms full=0.26ms carry=0.92 barrier=
[clock/step] delta=6.9ms speed=50x target=0.34d cap=2.21d/f cost=3.62ms ran=0 pulse=0.00ms loop=0.00ms full=0.23ms carry=0.61 barrier=
[economy-open-finish] day=3400 country=0.322 workset=0.022 fiscal=0.034 csr=0.004 recovery=0.001 vectors=0.208 audit=0.440 commands=0.000
[economy-prelude-cost] day=3400 ms=1.315 pending=0
[economy-boundary-cost] day=3400 formulas_ms=6.399 stages_ms=4.774 mirror_ms=4.344
[runtime-day-cost] day=3400 ok=1 ms=13.500
[clock/step] delta=6.9ms speed=50x target=0.34d cap=7.24d/f cost=1.11ms ran=0 pulse=0.00ms loop=0.00ms full=0.24ms carry=0.57 barrier=
[clock/step] delta=6.9ms speed=50x target=0.34d cap=3.83d/f cost=2.09ms ran=0 pulse=0.00ms loop=0.00ms full=0.25ms carry=0.53 barrier=
[economy-open-finish] day=3500 country=0.349 workset=0.022 fiscal=0.034 csr=0.004 recovery=0.001 vectors=0.261 audit=0.559 commands=0.001
[economy-prelude-cost] day=3500 ms=1.647 pending=0
[economy-boundary-cost] day=3500 formulas_ms=7.033 stages_ms=5.056 mirror_ms=4.614
[runtime-day-cost] day=3500 ok=1 ms=16.143
[clock/step] delta=6.9ms speed=50x target=0.34d cap=2.32d/f cost=3.44ms ran=0 pulse=0.00ms loop=0.00ms full=0.30ms carry=0.88 barrier=
[clock/step] delta=6.9ms speed=50x target=0.35d cap=4.64d/f cost=1.72ms ran=0 pulse=0.00ms loop=0.00ms full=0.38ms carry=0.46 barrier=
[clock/step] delta=6.9ms speed=50x target=0.35d cap=5.45d/f cost=1.47ms ran=0 pulse=0.00ms loop=0.00ms full=0.33ms carry=0.35 barrier=
[economy-open-finish] day=3600 country=0.321 workset=0.020 fiscal=0.030 csr=0.004 recovery=0.001 vectors=0.218 audit=0.427 commands=0.000
[economy-prelude-cost] day=3600 ms=1.282 pending=0
[economy-boundary-cost] day=3600 formulas_ms=7.271 stages_ms=5.732 mirror_ms=3.999
[runtime-day-cost] day=3600 ok=1 ms=14.010
[clock/step] delta=6.9ms speed=50x target=0.34d cap=2.43d/f cost=3.30ms ran=0 pulse=0.00ms loop=0.00ms full=0.21ms carry=0.73 barrier=
[clock/step] delta=10.0ms speed=50x target=0.50d cap=1.75d/f cost=4.28ms ran=1 pulse=0.00ms loop=3.08ms full=3.27ms carry=0.27 barrier=
[clock/step] delta=6.9ms speed=50x target=0.35d cap=2.22d/f cost=3.60ms ran=0 pulse=0.00ms loop=0.00ms full=0.38ms carry=0.38 barrier=
[economy-open-finish] day=3700 country=0.296 workset=0.019 fiscal=0.029 csr=0.004 recovery=0.001 vectors=0.196 audit=0.391 commands=0.000
[economy-prelude-cost] day=3700 ms=1.178 pending=0
[economy-boundary-cost] day=3700 formulas_ms=5.589 stages_ms=4.172 mirror_ms=4.001
[runtime-day-cost] day=3700 ok=1 ms=12.992
[clock/step] delta=6.9ms speed=50x target=0.34d cap=2.75d/f cost=2.91ms ran=0 pulse=0.00ms loop=0.00ms full=0.50ms carry=0.79 barrier=
[clock/step] delta=6.9ms speed=50x target=0.34d cap=5.59d/f cost=1.43ms ran=0 pulse=0.13ms loop=0.00ms full=0.50ms carry=0.03 barrier=climate_input_capacity_day_barrier
[economy-open-finish] day=3800 country=0.316 workset=0.021 fiscal=0.031 csr=0.004 recovery=0.001 vectors=0.452 audit=0.710 commands=0.000
[economy-prelude-cost] day=3800 ms=1.862 pending=0
[economy-boundary-cost] day=3800 formulas_ms=6.798 stages_ms=4.681 mirror_ms=4.390
[runtime-day-cost] day=3800 ok=1 ms=14.203
[clock/step] delta=6.9ms speed=50x target=0.34d cap=1.93d/f cost=4.14ms ran=0 pulse=0.00ms loop=0.00ms full=0.19ms carry=0.37 barrier=
[clock/step] delta=6.9ms speed=50x target=0.34d cap=5.99d/f cost=1.34ms ran=0 pulse=0.00ms loop=0.00ms full=0.41ms carry=0.99 barrier=
[clock/step] delta=6.9ms speed=50x target=0.34d cap=2.90d/f cost=2.76ms ran=0 pulse=0.00ms loop=0.00ms full=0.51ms carry=0.92 barrier=
[economy-open-finish] day=3900 country=0.302 workset=0.020 fiscal=0.030 csr=0.004 recovery=0.001 vectors=0.203 audit=0.406 commands=0.001
[economy-prelude-cost] day=3900 ms=1.238 pending=0
[economy-boundary-cost] day=3900 formulas_ms=6.047 stages_ms=4.557 mirror_ms=5.056
[runtime-day-cost] day=3900 ok=1 ms=14.662
[clock/step] delta=6.9ms speed=50x target=0.34d cap=2.48d/f cost=3.23ms ran=0 pulse=0.00ms loop=0.00ms full=0.21ms carry=0.60 barrier=
[clock/step] delta=6.9ms speed=50x target=0.35d cap=3.58d/f cost=1.89ms ran=1 pulse=0.00ms loop=0.54ms full=1.22ms carry=0.02 barrier=climate_input_capacity_day_barrier
[economy-open-finish] day=4000 country=0.310 workset=0.021 fiscal=0.031 csr=0.004 recovery=0.001 vectors=0.306 audit=0.742 commands=0.001
[economy-prelude-cost] day=4000 ms=1.743 pending=0
[economy-boundary-cost] day=4000 formulas_ms=7.211 stages_ms=5.209 mirror_ms=4.765
[runtime-day-cost] day=4000 ok=1 ms=14.761
[clock/step] delta=6.9ms speed=50x target=0.34d cap=3.09d/f cost=2.59ms ran=0 pulse=0.00ms loop=0.00ms full=0.22ms carry=0.54 barrier=
[perf-record] stop: no rows captured, skip export
[stage-c/client] complete mode=ACTIVE frames=12011 fast_ticks=0 perf=
ERROR: [stage-c/client] health failed: native rate 43.464 < 49.000
   at: push_error (core/variant/variant_utility.cpp:1024)
   GDScript backtrace (most recent call first):
       [0] _finish_recording (res://tests/authority_stage_c_client_runner.gd:361)
       [1] _process (res://tests/authority_stage_c_client_runner.gd:297)
ERROR: 44 RID allocations of type 'PN13RendererDummy14TextureStorage12DummyTextureE' were leaked at exit.
ERROR: 16 RID allocations of type 'PN18TextServerAdvanced22ShapedTextDataAdvancedE' were leaked at exit.
ERROR: 1 RID allocations of type 'PN18TextServerAdvanced12FontAdvancedE' were leaked at exit.
WARNING: ObjectDB instances leaked at exit (run with --verbose for details).
   at: cleanup (core/object/object.cpp:2641)
ERROR: 986 resources still in use at exit (run with --verbose for details).
   at: clear (core/io/resource.cpp:810)
