Godot Engine v4.6.2.stable.official.71f334935 - https://godotengine.org

[ui-layout-diag/bind_ui] is_web=false viewport_visible_rect=[P: (0.0, 0.0), S: (51.2, 51.2)] window_size=(64, 64) content_scale_factor=1.250 content_scale_mode=0 device_pixel_ratio=-1.000 top_bar_rect=[P: (0.0, 0.0), S: (543.0, 56.0)] right_panel_rect=[P: (-408.8, 68.0), S: (460.0, 366.0)] country_action_bar_rect=[P: (8.0, -30.8), S: (336.0, 74.0)]
[stage-c] authority=ACTIVE worker=ACTIVE
[building-visual] queue_probe ticks=1 queued=0 chunk=-1 camera_rect=[P: (-25.6, -25.6), S: (51.2, 51.2)] prefetch=false zoom=1.000
[building-visual] queue_probe ticks=2 queued=0 chunk=-1 camera_rect=[P: (-25.6, -25.6), S: (51.2, 51.2)] prefetch=false zoom=1.000
[native_generation/base] path=gdext algorithm=post_base_priority_flood_hydrology_v3 n=2400 native_ms=11.844 water=1553 land=847
[native_generation/post_base] path=gdext algorithm=post_base_priority_flood_hydrology_v3 n=2400 native_ms=3.127 lakes=4 rivers=105 volcanoes=0
[native_generation/vegetation] native_ms=1.093 candidates=841 none=1169 score=[0.000,1.236,1.114] plant_water_land=856 river_adjacent_desert=0 coastal_highland_desert=0 terrain_weight=[0.180,1.200]
[native_generation/qa] single_water=0 tiny<=3=0 small<=5=0 bodies=1 largest=1544 | land_below_sea=0.7% | terr_distinct=21 entropy=3.183bit | river_ratio=4.375%
MapGenerator v7: per-cell 124ms (2400 cells, path=gdext)
[building-visual] queue_probe ticks=3 queued=0 chunk=-1 camera_rect=[P: (-25.6, -25.6), S: (51.2, 51.2)] prefetch=false zoom=1.000
MapBaker v6: hm=(1024, 606) seed=1735228708
    [fused] terrain=87.7ms erosion=3.0ms(ok=true) river=13.9ms(ok=true) latitude=0.1ms coast_sdf=5.7ms(ok=true)
  geometry fields (fused C++): 221ms
  physical circulation hex solve: deferred until DCWorldExt bind (ext=true idx=true soa=false)
  wind/ocean pixel buffers: skipped (ocean_current_visual off)
  visual tiles: {"degradation_reason":"","effective_budget_px":1717248,"effective_texels_per_hex":16.0059221751742,"effective_world_units_per_texel":"(1.373983, 1.375)","estimated_peak_bytes":68402880,"estimated_resident_bytes":40340160,"fallback_reason":"","generation_id":1,"grid_size":"(4, 3)","gutter_px":2,"hex_size":22.0,"horizon_path":"neutral_pending","interior_size":"(416, 344)","layer_size":"(420, 348)","layers":[{"bake_ms":67.8091,"coast_sdf_max_dist_px":13.6162309214075,"distance_scale":1.70202886517594,"edge_distance_saturate_hex":0.9,"edge_distance_units":"normalized_hex_center_gap","hashes":{"edge_distance":-4603098080143260562,"edge_neighbor":4057764273350575789,"height":-9124830669634210576,"map_index":1015450256520461008,"terrain_detail":1415298026641868910,"terrain_normal":4240255112308713771,"water_depth":2330624858830770480},"layer":0,"normal_radius_px":"(22, 22)","raster_scale":"(1.701088, 1.70297)","river_sdf_max_dist_px":5.9571010281158,"shore_carve_band_px":10,"upload_ms":0.113,"wall_ms":68.111},{"bake_ms":87.539,"coast_sdf_max_dist_px":13.6162309214075,"distance_scale":1.70202886517594,"edge_distance_saturate_hex":0.9,"edge_distance_units":"normalized_hex_center_gap","hashes":{"edge_distance":4583573183968817086,"edge_neighbor":6466940111421570636,"height":5790856781181676511,"map_index":5990047724644026299,"terrain_detail":1806575389526097655,"terrain_normal":3908465376956190299,"water_depth":2547432928052609473},"layer":1,"normal_radius_px":"(22, 22)","raster_scale":"(1.701088, 1.70297)","river_sdf_max_dist_px":5.9571010281158,"shore_carve_band_px":10,"upload_ms":0.098,"wall_ms":87.77},{"bake_ms":88.622,"coast_sdf_max_dist_px":13.6162309214075,"distance_scale":1.70202886517594,"edge_distance_saturate_hex":0.9,"edge_distance_units":"normalized_hex_center_gap","hashes":{"edge_distance":-2526323355750389439,"edge_neighbor":7015029410290978361,"height":-8150332218754556700,"map_index":329090656303652193,"terrain_detail":-392433696576850044,"terrain_normal":-4965863177888236808,"water_depth":-7217348512352819415},"layer":2,"normal_radius_px":"(22, 22)","raster_scale":"(1.701088, 1.70297)","river_sdf_max_dist_px":5.9571010281158,"shore_carve_band_px":10,"upload_ms":0.096,"wall_ms":88.851},{"bake_ms":126.6382,"coast_sdf_max_dist_px":13.6162309214075,"distance_scale":1.70202886517594,"edge_distance_saturate_hex":0.9,"edge_distance_units":"normalized_hex_center_gap","hashes":{"edge_distance":-4179826732684646787,"edge_neighbor":-5337848294581530626,"height":-7426228563537643593,"map_index":1239439826928151201,"terrain_detail":-8513326582372265254,"terrain_normal":8092780547537771097,"water_depth":-6092640318278072007},"layer":3,"normal_radius_px":"(22, 22)","raster_scale":"(1.701088, 1.70297)","river_sdf_max_dist_px":5.9571010281158,"shore_carve_band_px":10,"upload_ms":0.09,"wall_ms":126.873},{"bake_ms":79.8013,"coast_sdf_max_dist_px":13.6162309214075,"distance_scale":1.70202886517594,"edge_distance_saturate_hex":0.9,"edge_distance_units":"normalized_hex_center_gap","hashes":{"edge_distance":2136869506241081992,"edge_neighbor":-8797880867138963685,"height":-4924567352001132959,"map_index":-4231209514887179977,"terrain_detail":8772909128008927660,"terrain_normal":-6784207502925496102,"water_depth":-7492134226470272506},"layer":4,"normal_radius_px":"(22, 22)","raster_scale":"(1.701088, 1.70297)","river_sdf_max_dist_px":5.9571010281158,"shore_carve_band_px":10,"upload_ms":0.116,"wall_ms":80.064},{"bake_ms":138.9765,"coast_sdf_max_dist_px":13.6162309214075,"distance_scale":1.70202886517594,"edge_distance_saturate_hex":0.9,"edge_distance_units":"normalized_hex_center_gap","hashes":{"edge_distance":6673149775916606392,"edge_neighbor":-8413630352766524385,"height":-6889378239635599087,"map_index":-3551392040916973266,"terrain_detail":1687709548716503895,"terrain_normal":3946453442722986154,"water_depth":6600269933117438995},"layer":5,"normal_radius_px":"(22, 22)","raster_scale":"(1.701088, 1.70297)","river_sdf_max_dist_px":5.9571010281158,"shore_carve_band_px":10,"upload_ms":0.109,"wall_ms":139.235},{"bake_ms":87.7598,"coast_sdf_max_dist_px":13.6162309214075,"distance_scale":1.70202886517594,"edge_distance_saturate_hex":0.9,"edge_distance_units":"normalized_hex_center_gap","hashes":{"edge_distance":361706081270387103,"edge_neighbor":-8688139845739281855,"height":699499231114171702,"map_index":-2682228531129457940,"terrain_detail":-8811551234231146331,"terrain_normal":-265631937775218288,"water_depth":6856409090380917935},"layer":6,"normal_radius_px":"(22, 22)","raster_scale":"(1.701088, 1.70297)","river_sdf_max_dist_px":5.9571010281158,"shore_carve_band_px":10,"upload_ms":0.093,"wall_ms":87.989},{"bake_ms":91.5905,"coast_sdf_max_dist_px":13.6162309214075,"distance_scale":1.70202886517594,"edge_distance_saturate_hex":0.9,"edge_distance_units":"normalized_hex_center_gap","hashes":{"edge_distance":-6250500223095183093,"edge_neighbor":5418444607076768559,"height":1419229568066409352,"map_index":4380956599171502337,"terrain_detail":-894743883384344824,"terrain_normal":4459428523621274975,"water_depth":-6366031586637808975},"layer":7,"normal_radius_px":"(22, 22)","raster_scale":"(1.701088, 1.70297)","river_sdf_max_dist_px":5.9571010281158,"shore_carve_band_px":10,"upload_ms":0.101,"wall_ms":91.823},{"bake_ms":93.1523,"coast_sdf_max_dist_px":13.6162309214075,"distance_scale":1.70202886517594,"edge_distance_saturate_hex":0.9,"edge_distance_units":"normalized_hex_center_gap","hashes":{"edge_distance":8492285698888321900,"edge_neighbor":3199635046979891388,"height":4828838600007938123,"map_index":-7514139010467297966,"terrain_detail":-8950604297692130837,"terrain_normal":-3593785506946687824,"water_depth":5761060537573716235},"layer":8,"normal_radius_px":"(22, 22)","raster_scale":"(1.701088, 1.70297)","river_sdf_max_dist_px":5.9571010281158,"shore_carve_band_px":10,"upload_ms":0.1,"wall_ms":93.382},{"bake_ms":124.4585,"coast_sdf_max_dist_px":13.6162309214075,"distance_scale":1.70202886517594,"edge_distance_saturate_hex":0.9,"edge_distance_units":"normalized_hex_center_gap","hashes":{"edge_distance":9117926548072241235,"edge_neighbor":-7557104988675294500,"height":618468365387938347,"map_index":-5885543932102826664,"terrain_detail":3877245088374033799,"terrain_normal":-6778421208245397131,"water_depth":2200779154463963187},"layer":9,"normal_radius_px":"(22, 22)","raster_scale":"(1.701088, 1.70297)","river_sdf_max_dist_px":5.9571010281158,"shore_carve_band_px":10,"upload_ms":0.098,"wall_ms":124.687},{"bake_ms":62.1922,"coast_sdf_max_dist_px":13.6162309214075,"distance_scale":1.70202886517594,"edge_distance_saturate_hex":0.9,"edge_distance_units":"normalized_hex_center_gap","hashes":{"edge_distance":-3745585455065177449,"edge_neighbor":2404961067888014635,"height":-3115442796632843800,"map_index":-6211809985430628861,"terrain_detail":1161812488860344551,"terrain_normal":6456972146840247766,"water_depth":1987210436922770546},"layer":10,"normal_radius_px":"(22, 22)","raster_scale":"(1.701088, 1.70297)","river_sdf_max_dist_px":5.9571010281158,"shore_carve_band_px":10,"upload_ms":0.116,"wall_ms":62.469},{"bake_ms":54.1053,"coast_sdf_max_dist_px":13.6162309214075,"distance_scale":1.70202886517594,"edge_distance_saturate_hex":0.9,"edge_distance_units":"normalized_hex_center_gap","hashes":{"edge_distance":-1470570636688572573,"edge_neighbor":-6057560351645416949,"height":-5827593206795043862,"map_index":-2248414732901839783,"terrain_detail":7630543887994105174,"terrain_normal":8582387156502791927,"water_depth":-6103088449435849452},"layer":11,"normal_radius_px":"(22, 22)","raster_scale":"(1.701088, 1.70297)","river_sdf_max_dist_px":5.9571010281158,"shore_carve_band_px":10,"upload_ms":0.108,"wall_ms":54.361}],"logical_size":"(1664, 1032)","mode":"tiled","path":"visual_tiled_static","profile":"desktop_high","renderer":"mobile","requested_budget_px":1716216,"requested_texels_per_hex":16.0,"requested_tile_world_span":"(704.0, 704.0)","requested_world_units_per_texel":1.375,"tile_world_area":270355.817993164,"tile_world_span":"(571.5768, 473.0)","total_ms":1110.9,"visual_domain":"[P: (0.0, -44.0), S: (2286.307, 1419.0)]","wrap_period_x":2286.30706599092,"wrap_x":true}
WARNING: Loaded resource as image file, this will not work on export: 'res://assets/textures/terrain_materials/organic.png'. Instead, import the image file as an Image resource and load it normally as a resource.
   at: load (core/io/image.cpp:2756)
   GDScript backtrace (most recent call first):
       [0] _build_terrain_material_tex (res://scripts/rendering/map_baker.gd:360)
       [1] get_or_build_shared_terrain_material_tex (res://scripts/rendering/map_baker.gd:343)
       [2] bake_world (res://scripts/rendering/map_baker.gd:1187)
       [3] _yield_generation_frame (res://scripts/rendering/map_baker.gd:1225)
WARNING: Loaded resource as image file, this will not work on export: 'res://assets/textures/terrain_materials/dry_sand.png'. Instead, import the image file as an Image resource and load it normally as a resource.
   at: load (core/io/image.cpp:2756)
   GDScript backtrace (most recent call first):
       [0] _build_terrain_material_tex (res://scripts/rendering/map_baker.gd:360)
       [1] get_or_build_shared_terrain_material_tex (res://scripts/rendering/map_baker.gd:343)
       [2] bake_world (res://scripts/rendering/map_baker.gd:1187)
       [3] _yield_generation_frame (res://scripts/rendering/map_baker.gd:1225)
WARNING: Loaded resource as image file, this will not work on export: 'res://assets/textures/terrain_materials/rock.png'. Instead, import the image file as an Image resource and load it normally as a resource.
   at: load (core/io/image.cpp:2756)
   GDScript backtrace (most recent call first):
       [0] _build_terrain_material_tex (res://scripts/rendering/map_baker.gd:360)
       [1] get_or_build_shared_terrain_material_tex (res://scripts/rendering/map_baker.gd:343)
       [2] bake_world (res://scripts/rendering/map_baker.gd:1187)
       [3] _yield_generation_frame (res://scripts/rendering/map_baker.gd:1225)
WARNING: Loaded resource as image file, this will not work on export: 'res://assets/textures/terrain_materials/snow_wet.png'. Instead, import the image file as an Image resource and load it normally as a resource.
   at: load (core/io/image.cpp:2756)
   GDScript backtrace (most recent call first):
       [0] _build_terrain_material_tex (res://scripts/rendering/map_baker.gd:360)
       [1] get_or_build_shared_terrain_material_tex (res://scripts/rendering/map_baker.gd:343)
       [2] bake_world (res://scripts/rendering/map_baker.gd:1187)
       [3] _yield_generation_frame (res://scripts/rendering/map_baker.gd:1225)
  cell LUT encode: deferred until DCWorldExt bind
  encode: 5225ms
MapBaker v6: total 5460ms
MapGenerator v7: bake 5514ms
MapGenerator: skip _compute_ocean_currents (physical-hex path writes per-cell directly)
MapGenerator: skip _compute_terrain_perturbed_wind (physical-hex solver writes per-cell)
[SUS] sim budget strict=false frame=8.00ms warn=2.00ms slice=0.75ms upload=1.50ms scheduler=DCSystemScheduler native_sus=auto
[DCWorldExt] bind_map_data: 148 components bound (auto-registered=148; snapshot model; see world_ext.cpp comment & charter Â§11)
[DataCore] _data_core_world_ext bound=true (climate co-processor; class=DCWorldExt)
[native_world] configure rc=0 reason=configured cells=2400 wrap_period_x=103.923
[native_generation] path=gdext n=2400 published=9 native_ms=0.187 compute_ms=0.114 flush_ms=0.072
[hex_cell] facade ENABLED (2400 cells bound; ext=true)
[DataCore] _baker climate_profile injected=true (fixes WorldData.config==null sea_ice prepare path)
[phys_solve][oneshot] OK slp=1.50ms wind=0.65ms psi=0.55ms(ran=true) upwelling=0.09ms total=3.41ms
PhysicalCirculation solve@phase=1.50 total=4ms (C++ one-shot run_physical_solve_pass)
  wind/ocean pixel buffers: skipped (ocean_current_visual off)
[physical_init] deferred native refresh complete: 4ms
[cell_lut] deferred encode: 2ms path=gdext
[bio-occupancy] seed landmasses=10 provinces=10 species=20 secondary_hearths=22
[bio-occupancy]   bio.maize envelope=56 hearth=17 seeded_landmasses=1 primary_landmass=8 primary_envelope=31 occupied=17 occupied/envelope=0.55
[bio-occupancy]   bio.wheat envelope=225 hearth=58 seeded_landmasses=3 primary_landmass=1 primary_envelope=21 occupied=58 occupied/envelope=2.76
[bio-occupancy]   bio.rice envelope=71 hearth=19 seeded_landmasses=4 primary_landmass=2 primary_envelope=23 occupied=19 occupied/envelope=0.83
[bio-occupancy]   bio.potato envelope=163 hearth=55 seeded_landmasses=3 primary_landmass=8 primary_envelope=86 occupied=55 occupied/envelope=0.64
[bio-occupancy]   bio.horse envelope=242 hearth=48 seeded_landmasses=4 primary_landmass=2 primary_envelope=70 occupied=48 occupied/envelope=0.69
[bio-occupancy]   bio.cotton envelope=119 hearth=12 seeded_landmasses=1 primary_landmass=7 primary_envelope=22 occupied=12 occupied/envelope=0.55
[bio-occupancy]   bio.flax envelope=212 hearth=17 seeded_landmasses=2 primary_landmass=1 primary_envelope=21 occupied=17 occupied/envelope=0.81
[bio-occupancy]   bio.spice envelope=100 hearth=8 seeded_landmasses=2 primary_landmass=2 primary_envelope=26 occupied=8 occupied/envelope=0.31
[bio-occupancy]   bio.rubber envelope=56 hearth=7 seeded_landmasses=1 primary_landmass=7 primary_envelope=15 occupied=7 occupied/envelope=0.47
[bio-occupancy]   bio.sheep envelope=34 hearth=8 seeded_landmasses=1 primary_landmass=8 primary_envelope=17 occupied=8 occupied/envelope=0.47
[bio-occupancy]   bio.goat envelope=405 hearth=98 seeded_landmasses=4 primary_landmass=8 primary_envelope=187 occupied=98 occupied/envelope=0.52
[bio-occupancy]   bio.cattle envelope=13 hearth=5 seeded_landmasses=1 primary_landmass=8 primary_envelope=11 occupied=5 occupied/envelope=0.45
[bio-occupancy]   bio.pig envelope=287 hearth=89 seeded_landmasses=5 primary_landmass=8 primary_envelope=129 occupied=89 occupied/envelope=0.69
[bio-occupancy]   bio.camel envelope=45 hearth=6 seeded_landmasses=1 primary_landmass=6 primary_envelope=13 occupied=6 occupied/envelope=0.46
[bio-occupancy]   bio.yak envelope=192 hearth=68 seeded_landmasses=3 primary_landmass=2 primary_envelope=83 occupied=68 occupied/envelope=0.82
[bio-occupancy]   bio.silkworm envelope=144 hearth=23 seeded_landmasses=1 primary_landmass=8 primary_envelope=57 occupied=23 occupied/envelope=0.40
[bio-occupancy]   bio.reed envelope=148 hearth=31 seeded_landmasses=4 primary_landmass=8 primary_envelope=60 occupied=31 occupied/envelope=0.52
[bio-occupancy]   bio.bast_fiber envelope=279 hearth=65 seeded_landmasses=1 primary_landmass=8 primary_envelope=136 occupied=65 occupied/envelope=0.48
[bio-occupancy]   bio.dye_plant envelope=122 hearth=38 seeded_landmasses=2 primary_landmass=8 primary_envelope=53 occupied=38 occupied/envelope=0.72
[bio-occupancy]   bio.medicinal_herb envelope=371 hearth=151 seeded_landmasses=5 primary_landmass=8 primary_envelope=168 occupied=151 occupied/envelope=0.90
[bio-occupancy]   landmass 1 classes=cold_grazer, fiber_forest, dry_grazer, highland_food, open_food, open_grazer, fiber_open, forest_grazer foods=potato, wheat
[bio-occupancy]   landmass 2 classes=cold_grazer, fiber_forest, dry_grazer, open_grazer, fiber_wet, forest_grazer, open_food, highland_food, fiber_open, wetland_food, tropical foods=wheat, potato, rice
[bio-occupancy]   landmass 3 classes=none foods=none
[bio-occupancy]   landmass 4 classes=none foods=none
[bio-occupancy]   landmass 5 classes=none foods=none
[bio-occupancy]   landmass 6 classes=wetland_food, forest_grazer, fiber_wet, fiber_forest, open_grazer, dry_grazer, fiber_open, tropical foods=rice
[bio-occupancy]   landmass 7 classes=fiber_open, tropical, dry_grazer, open_food, open_grazer, fiber_forest, wetland_food, forest_grazer, fiber_wet foods=wheat, rice
[bio-occupancy]   landmass 8 classes=tropical, fiber_open, forest_grazer, dry_grazer, open_food, fiber_forest, wetland_food, open_grazer, highland_food, fiber_wet, cold_grazer foods=maize, rice, potato
[bio-occupancy]   landmass 9 classes=none foods=none
[bio-occupancy]   landmass 10 classes=none foods=none
[weather] gdext acceleration ON (class=DCWorldExt)
[weather] gdext field commit ON
[weather] gdext distribute ON
[weather] gdext summary ON
[weather] hexcell facade ON (skip AoS double-write in hot loop)
[weather] gdext resident knobs ON (class=KnobsHandle)
[economy] ACTIVE native graph cells=2400 goods=134 cohorts=24 epoch_days=1 trade=ACTIVE topology_ready=true topology_generation=1 bootstrap=starter_settlement_bootstrap_v9 founder_families=6 founder_people=6
[country] ACTIVE native authority countries=6 cells=2400 generation=1
[weather/knobs] resident KnobsHandle path ACTIVE — first to_*_knobs_dict hit (field_rebuild_count=1 expected ≤1; stable Hz target ≤1 Hz)
[native_daily] ACTIVE: registered native_daily_sim + natural_resource_daily + bio_occupancy_daily; retained season_refresh + ocean_currents boundary jobs
[DCSystemScheduler] topology: ["season_refresh", "trigger_runtime", "ideology_runtime", "effect_runtime", "modifier_daily", "gameplay_effect", "natural_resource_daily", "bio_occupancy_daily", "enum_atlas_upload", "ocean_currents", "native_daily_sim", "dynamic_visual_atlas_upload", "country_daily", "economy_daily"]
WARNING: [runtime-climate-round] no ClimateDailySystem; SHADOW capture carries no shared pass input
   at: push_warning (core/variant/variant_utility.cpp:1034)
   GDScript backtrace (most recent call first):
       [0] _build_runtime_climate_round_input (res://scripts/geography/map_generator.gd:4651)
       [1] capture_runtime_inputs_for_worker (res://scripts/geography/map_generator.gd:2351)
       [2] generate_world (res://scripts/game/world_runtime_host.gd:609)
       [3] generate (res://scripts/geography/map_generator.gd:1606)
       [4] _yield_generation_frame (res://scripts/geography/map_generator.gd:19867)
WARNING: [runtime-worker] Ideology opinion publish deferred: ideology_opinion_snapshot_invalid
   at: push_warning (core/variant/variant_utility.cpp:1034)
   GDScript backtrace (most recent call first):
       [0] _start_production_shadow_worker (res://scripts/game/world_runtime_host.gd:700)
       [1] generate_world (res://scripts/game/world_runtime_host.gd:618)
       [2] generate (res://scripts/geography/map_generator.gd:1606)
       [3] _yield_generation_frame (res://scripts/geography/map_generator.gd:19867)
[runtime-day-wait] day=1 env_day=0 missing=0x3ff economy_input=-1
[runtime-worker] production ACTIVE started mask=4095 auto_pod=true
[building-visual] intel_refresh requested=32 changed=1 known=1 catalog=400 resident=0 body=0 queued=0 zoom=1.000
[perf-record] start (start_tick=0 mode=CORE detail_period=1)
[economy-record] native v5 start cells=2400 sampled=1 resources=31 stride=1 max_rows=5000000 dims=summary,cohorts,buildings,resources,market
[stage-c/client] recording mode=ACTIVE worker=ACTIVE seconds=90.00 output=D:/Godot/ProjectKeynes/Project.Keynes/tmp/soak_latest_50x
[DCSystemScheduler][RT] ocean_skip#1 tick=1 reason=policy_gated slices=0 elapsed=0.000 progress=0.000 source=day_changed
[climate][publish] day=0 round_ran=1 prod_stage=0xff scalar_mask=0x7f alb=0 veg=0 fb=0 weather=0 sr=0 ok=1
[climate/worker][b8] physics_knobs day=1 ready=0 missing=physics_knobs
[climate-kernel][round] shared=1 ok=1 n_cells=2400 mask=0x1FF ran=0x1FF starved=0x0 knobs_cells=2400
[DCSystemScheduler][RT] ocean_skip#2 tick=2 reason=policy_gated slices=0 elapsed=0.000 progress=0.000 source=day_changed
[country][parity] worker_day=1 uncompared reference_range=2..2 depth=1
[economy-mirror-cost] day=1 capture_ms=12.257 import_ms=20.636
[climate/writeback][b8] day=1 vapor store0=0 map0=0 dirty_fields=42 applied=42
[phys/knobs] projection ready: slp=31 wind=33 psi=26 up=10
[climate/worker][b8] physics_knobs day=2 ready=1 missing=
[climate/worker][b8] paw day=2 cell=68 moisture=0.717273 wb30=0 soil=0 paw=0.717273 zeros(water=1544 land=5) nonzero=851 weights(wb=0.35 soil=0.25 dry=0.65) round=1 distribute=0 hydrology=0
[climate/worker][b8] physics_knobs day=3 ready=1 missing=
[climate/writeback][b8] day=2 vapor store0=0 map0=0 dirty_fields=52 applied=52
[climate/worker][b8] paw day=3 cell=68 moisture=0.713475 wb30=0 soil=0 paw=0.713475 zeros(water=1544 land=7) nonzero=849 weights(wb=0.35 soil=0.25 dry=0.65) round=1 distribute=0 hydrology=0
[country][parity] worker_day=3 uncompared reference_range=2..2 depth=1
[climate/worker][b8] physics_knobs day=4 ready=1 missing=
[climate/worker][b8] paw day=4 cell=68 moisture=0.715778 wb30=0 soil=0 paw=0.715778 zeros(water=1544 land=7) nonzero=849 weights(wb=0.35 soil=0.25 dry=0.65) round=1 distribute=1 hydrology=0
[climate/writeback][b8] day=3 vapor store0=0 map0=0 dirty_fields=52 applied=52
[climate/worker][b8] cyclone_gate day=4 input_enabled=0 force_env=0 effective=0
[climate/worker][b8] weather_solve day=4 cells=2400 psi=1 vapor0=0.112147 precip0=0 cloud0=0.0421619 type0=0 field_init0=1
[country][parity] worker_day=4 uncompared reference_range=2..2 depth=1
[climate/worker][b8] physics_knobs day=5 ready=1 missing=
[climate/worker][b8] paw day=5 cell=68 moisture=0.712647 wb30=-0.000135585 soil=0 paw=0.712558 zeros(water=1544 land=7) nonzero=849 weights(wb=0.35 soil=0.25 dry=0.65) round=1 distribute=0 hydrology=0
[climate/writeback][b8] day=4 vapor store0=0.112147 map0=0.112147 dirty_fields=54 applied=54
[country][parity] worker_day=5 uncompared reference_range=2..2 depth=1
[climate/worker][b8] physics_knobs day=6 ready=1 missing=
[climate/worker][b8] paw day=6 cell=68 moisture=0.712889 wb30=-0.000135585 soil=0 paw=0.712801 zeros(water=1544 land=7) nonzero=849 weights(wb=0.35 soil=0.25 dry=0.65) round=1 distribute=0 hydrology=0
[country][parity] worker_day=6 uncompared reference_range=2..2 depth=1
[climate/worker][b8] paw day=7 cell=68 moisture=0.712718 wb30=-0.000135585 soil=0 paw=0.712629 zeros(water=1544 land=7) nonzero=849 weights(wb=0.35 soil=0.25 dry=0.65) round=1 distribute=0 hydrology=0
[country][parity] worker_day=7 uncompared reference_range=2..2 depth=1
[climate/worker][b8] paw day=8 cell=68 moisture=0.714643 wb30=-0.000135585 soil=0 paw=0.714555 zeros(water=1544 land=7) nonzero=849 weights(wb=0.35 soil=0.25 dry=0.65) round=1 distribute=0 hydrology=0
[country][parity] worker_day=8 uncompared reference_range=2..2 depth=1
[climate/worker][b8] paw day=9 cell=68 moisture=0.714643 wb30=-0.000135585 soil=-0.000325405 paw=0.714555 zeros(water=1544 land=7) nonzero=849 weights(wb=0.35 soil=0.25 dry=0.65) round=1 distribute=0 hydrology=0
[country][parity] worker_day=9 uncompared reference_range=2..2 depth=1
[climate/worker][b8] paw day=10 cell=68 moisture=0.715874 wb30=-0.000135585 soil=-0.000325405 paw=0.715786 zeros(water=1544 land=7) nonzero=849 weights(wb=0.35 soil=0.25 dry=0.65) round=1 distribute=0 hydrology=0
[climate/worker][b8] paw day=11 cell=68 moisture=0.715363 wb30=-0.000135585 soil=-0.000325405 paw=0.715274 zeros(water=1544 land=7) nonzero=849 weights(wb=0.35 soil=0.25 dry=0.65) round=1 distribute=0 hydrology=0
[climate/worker][b8] paw day=12 cell=68 moisture=0.714973 wb30=-0.000135585 soil=-0.000325405 paw=0.714885 zeros(water=1544 land=7) nonzero=849 weights(wb=0.35 soil=0.25 dry=0.65) round=1 distribute=1 hydrology=0
[climate/worker][b8] cyclone_gate day=12 input_enabled=0 force_env=0 effective=0
[climate/worker][b8] weather_solve day=12 cells=2400 psi=1 vapor0=0.102432 precip0=0 cloud0=0.0527468 type0=0 field_init0=1
[climate/worker][b8] paw day=13 cell=68 moisture=0.716439 wb30=-0.000267514 soil=-0.000325405 paw=0.716265 zeros(water=1544 land=7) nonzero=849 weights(wb=0.35 soil=0.25 dry=0.65) round=1 distribute=0 hydrology=0
[clock/step] delta=9.7ms speed=50x target=0.49d cap=3.30d/f cost=2.02ms ran=1 pulse=0.00ms loop=0.38ms full=0.63ms carry=0.38 barrier=climate_input_capacity_day_barrier
[climate/worker][b8] weather_solve day=20 cells=2400 psi=1 vapor0=0.0765476 precip0=0 cloud0=0.0358797 type0=0 field_init0=1
[climate/worker][b8] weather_solve day=28 cells=2400 psi=1 vapor0=0.0766933 precip0=0 cloud0=0.0354474 type0=0 field_init0=1
[clock/step] delta=10.4ms speed=50x target=0.52d cap=8.00d/f cost=0.64ms ran=1 pulse=0.00ms loop=0.45ms full=0.75ms carry=0.02 barrier=climate_input_capacity_day_barrier
[clock/step] delta=8.3ms speed=50x target=0.42d cap=8.00d/f cost=0.52ms ran=0 pulse=0.11ms loop=0.00ms full=0.56ms carry=0.21 barrier=climate_input_capacity_day_barrier
[economy-open-finish] day=100 country=0.563 workset=0.029 fiscal=0.073 csr=0.003 recovery=0.001 vectors=1.022 audit=0.824 commands=0.001
[economy-prelude-cost] day=100 ms=3.054 pending=0
[economy-boundary-cost] day=100 formulas_ms=12.983 stages_ms=9.429 mirror_ms=6.739
[runtime-day-cost] day=100 ok=1 ms=25.948
[clock/step] delta=8.3ms speed=50x target=0.42d cap=6.60d/f cost=1.21ms ran=0 pulse=0.00ms loop=0.00ms full=0.24ms carry=0.94 barrier=
[clock/step] delta=13.6ms speed=50x target=0.68d cap=5.16d/f cost=1.55ms ran=0 pulse=0.11ms loop=0.00ms full=0.49ms carry=0.07 barrier=climate_input_capacity_day_barrier
[clock/step] delta=8.3ms speed=50x target=0.42d cap=8.00d/f cost=0.58ms ran=0 pulse=0.11ms loop=0.00ms full=0.56ms carry=0.06 barrier=climate_input_capacity_day_barrier
[economy-open-finish] day=200 country=0.573 workset=0.025 fiscal=0.050 csr=0.004 recovery=0.001 vectors=0.963 audit=0.865 commands=0.001
[economy-prelude-cost] day=200 ms=2.922 pending=0
[economy-boundary-cost] day=200 formulas_ms=13.578 stages_ms=10.173 mirror_ms=6.720
[runtime-day-cost] day=200 ok=1 ms=25.586
[clock/step] delta=14.3ms speed=50x target=0.72d cap=8.00d/f cost=0.47ms ran=0 pulse=0.11ms loop=0.00ms full=0.54ms carry=0.03 barrier=climate_input_capacity_day_barrier
[clock/step] delta=10.4ms speed=50x target=0.52d cap=8.00d/f cost=0.48ms ran=0 pulse=0.12ms loop=0.00ms full=0.55ms carry=0.13 barrier=climate_input_capacity_day_barrier
[clock/step] delta=9.5ms speed=50x target=0.48d cap=8.00d/f cost=0.46ms ran=0 pulse=0.00ms loop=0.00ms full=0.31ms carry=0.48 barrier=
[clock/step] delta=10.4ms speed=50x target=0.52d cap=8.00d/f cost=0.48ms ran=0 pulse=0.00ms loop=0.00ms full=0.37ms carry=0.56 barrier=
[economy-open-finish] day=300 country=0.630 workset=0.031 fiscal=0.065 csr=0.004 recovery=0.001 vectors=0.838 audit=0.822 commands=0.001
[economy-prelude-cost] day=300 ms=2.822 pending=0
[economy-boundary-cost] day=300 formulas_ms=12.352 stages_ms=9.017 mirror_ms=6.616
[runtime-day-cost] day=300 ok=1 ms=27.194
[clock/step] delta=7.6ms speed=50x target=0.38d cap=8.00d/f cost=0.65ms ran=0 pulse=0.19ms loop=0.00ms full=0.72ms carry=0.35 barrier=climate_input_capacity_day_barrier
[clock/step] delta=7.6ms speed=50x target=0.38d cap=6.80d/f cost=1.09ms ran=1 pulse=0.00ms loop=0.73ms full=1.00ms carry=0.12 barrier=climate_input_capacity_day_barrier
[economy-open-finish] day=400 country=0.597 workset=0.028 fiscal=0.067 csr=0.004 recovery=0.001 vectors=0.590 audit=0.922 commands=0.001
[economy-prelude-cost] day=400 ms=2.717 pending=0
[economy-boundary-cost] day=400 formulas_ms=12.714 stages_ms=9.503 mirror_ms=6.786
[runtime-day-cost] day=400 ok=1 ms=24.758
[clock/step] delta=8.3ms speed=50x target=0.42d cap=8.00d/f cost=0.76ms ran=1 pulse=0.00ms loop=0.70ms full=0.95ms carry=0.07 barrier=climate_input_capacity_day_barrier
[clock/step] delta=7.6ms speed=50x target=0.38d cap=8.00d/f cost=0.87ms ran=0 pulse=0.07ms loop=0.00ms full=0.34ms carry=0.12 barrier=climate_input_capacity_day_barrier
[clock/step] delta=8.3ms speed=50x target=0.42d cap=8.00d/f cost=0.84ms ran=0 pulse=0.10ms loop=0.00ms full=0.44ms carry=0.04 barrier=climate_input_capacity_day_barrier
[economy-open-finish] day=500 country=1.727 workset=0.026 fiscal=0.063 csr=0.004 recovery=0.001 vectors=0.688 audit=0.858 commands=0.001
[economy-prelude-cost] day=500 ms=3.886 pending=0
[economy-boundary-cost] day=500 formulas_ms=14.018 stages_ms=9.617 mirror_ms=6.982
[runtime-day-cost] day=500 ok=1 ms=27.205
[clock/step] delta=7.6ms speed=50x target=0.38d cap=8.00d/f cost=0.88ms ran=0 pulse=0.08ms loop=0.00ms full=0.55ms carry=0.10 barrier=climate_input_capacity_day_barrier
[clock/step] delta=8.3ms speed=50x target=0.42d cap=5.09d/f cost=1.39ms ran=1 pulse=0.00ms loop=0.68ms full=1.21ms carry=0.31 barrier=climate_input_capacity_day_barrier
[clock/step] delta=8.3ms speed=50x target=0.42d cap=6.38d/f cost=1.10ms ran=1 pulse=0.00ms loop=0.47ms full=0.90ms carry=0.28 barrier=climate_input_capacity_day_barrier
[clock/step] delta=9.1ms speed=50x target=0.45d cap=8.00d/f cost=0.78ms ran=0 pulse=0.11ms loop=0.00ms full=0.45ms carry=0.28 barrier=climate_input_capacity_day_barrier
[economy-open-finish] day=600 country=0.649 workset=0.028 fiscal=0.066 csr=0.004 recovery=0.001 vectors=0.505 audit=0.861 commands=0.001
[economy-prelude-cost] day=600 ms=2.586 pending=0
[economy-boundary-cost] day=600 formulas_ms=13.827 stages_ms=10.725 mirror_ms=7.042
[runtime-day-cost] day=600 ok=1 ms=32.233
[clock/step] delta=8.3ms speed=50x target=0.42d cap=8.00d/f cost=0.53ms ran=0 pulse=0.10ms loop=0.00ms full=0.39ms carry=0.38 barrier=climate_input_capacity_day_barrier
[clock/step] delta=6.1ms speed=50x target=0.30d cap=8.00d/f cost=0.57ms ran=0 pulse=0.11ms loop=0.00ms full=0.35ms carry=0.09 barrier=climate_input_capacity_day_barrier
[clock/step] delta=9.7ms speed=50x target=0.49d cap=4.46d/f cost=1.79ms ran=0 pulse=0.10ms loop=0.00ms full=0.38ms carry=0.02 barrier=climate_input_capacity_day_barrier
[economy-open-finish] day=700 country=0.583 workset=0.025 fiscal=0.049 csr=0.003 recovery=0.001 vectors=0.441 audit=0.838 commands=0.001
[economy-prelude-cost] day=700 ms=2.396 pending=0
[economy-boundary-cost] day=700 formulas_ms=11.301 stages_ms=8.347 mirror_ms=7.132
[runtime-day-cost] day=700 ok=1 ms=25.658
[clock/step] delta=7.6ms speed=50x target=0.38d cap=8.00d/f cost=0.60ms ran=0 pulse=0.10ms loop=0.00ms full=0.50ms carry=0.11 barrier=climate_input_capacity_day_barrier
[clock/step] delta=8.3ms speed=50x target=0.42d cap=5.05d/f cost=1.58ms ran=0 pulse=0.11ms loop=0.00ms full=0.46ms carry=0.05 barrier=climate_input_capacity_day_barrier
[clock/step] delta=9.7ms speed=50x target=0.49d cap=8.00d/f cost=0.57ms ran=0 pulse=0.11ms loop=0.00ms full=0.51ms carry=0.36 barrier=climate_input_capacity_day_barrier
[economy-open-finish] day=800 country=0.638 workset=0.028 fiscal=0.145 csr=0.005 recovery=0.001 vectors=0.598 audit=1.193 commands=0.001
[economy-prelude-cost] day=800 ms=3.135 pending=0
[economy-boundary-cost] day=800 formulas_ms=13.363 stages_ms=9.571 mirror_ms=10.775
[runtime-day-cost] day=800 ok=1 ms=29.291
[clock/step] delta=9.3ms speed=50x target=0.46d cap=4.73d/f cost=1.69ms ran=0 pulse=0.19ms loop=0.00ms full=0.69ms carry=0.30 barrier=climate_input_capacity_day_barrier
[clock/step] delta=8.3ms speed=50x target=0.42d cap=7.43d/f cost=1.08ms ran=0 pulse=0.09ms loop=0.00ms full=0.35ms carry=0.30 barrier=climate_input_capacity_day_barrier
[clock/step] delta=9.7ms speed=50x target=0.49d cap=8.00d/f cost=0.58ms ran=0 pulse=0.13ms loop=0.00ms full=0.67ms carry=0.47 barrier=climate_input_capacity_day_barrier
[economy-open-finish] day=900 country=0.681 workset=0.026 fiscal=0.085 csr=0.005 recovery=0.001 vectors=0.379 audit=0.993 commands=0.001
[economy-prelude-cost] day=900 ms=2.717 pending=0
[economy-boundary-cost] day=900 formulas_ms=11.934 stages_ms=8.611 mirror_ms=10.238
[runtime-day-cost] day=900 ok=1 ms=31.105
[clock/step] delta=8.2ms speed=50x target=0.41d cap=3.53d/f cost=2.27ms ran=0 pulse=0.11ms loop=0.00ms full=0.54ms carry=0.30 barrier=climate_input_capacity_day_barrier
[clock/step] delta=8.3ms speed=50x target=0.42d cap=8.00d/f cost=0.66ms ran=0 pulse=0.00ms loop=0.00ms full=0.26ms carry=0.83 barrier=
[clock/step] delta=8.3ms speed=50x target=0.42d cap=5.85d/f cost=1.37ms ran=0 pulse=0.12ms loop=0.00ms full=0.57ms carry=0.42 barrier=climate_input_capacity_day_barrier
[economy-open-finish] day=1000 country=0.575 workset=0.026 fiscal=0.061 csr=0.004 recovery=0.001 vectors=0.392 audit=0.836 commands=0.001
[economy-prelude-cost] day=1000 ms=2.346 pending=0
[economy-boundary-cost] day=1000 formulas_ms=11.967 stages_ms=9.124 mirror_ms=6.832
[runtime-day-cost] day=1000 ok=1 ms=23.754
[clock/step] delta=9.1ms speed=50x target=0.45d cap=7.22d/f cost=1.11ms ran=0 pulse=0.10ms loop=0.00ms full=0.44ms carry=0.23 barrier=climate_input_capacity_day_barrier
[clock/step] delta=5.5ms speed=50x target=0.27d cap=8.00d/f cost=0.52ms ran=0 pulse=0.15ms loop=0.00ms full=0.46ms carry=0.38 barrier=climate_input_capacity_day_barrier
[clock/step] delta=8.5ms speed=50x target=0.43d cap=1.77d/f cost=4.52ms ran=0 pulse=0.00ms loop=0.00ms full=0.22ms carry=0.79 barrier=
[economy-open-finish] day=1100 country=0.587 workset=0.026 fiscal=0.050 csr=0.003 recovery=0.001 vectors=0.400 audit=1.100 commands=0.001
[economy-prelude-cost] day=1100 ms=2.635 pending=0
[economy-boundary-cost] day=1100 formulas_ms=12.361 stages_ms=9.239 mirror_ms=7.625
[runtime-day-cost] day=1100 ok=1 ms=26.800
[clock/step] delta=9.3ms speed=50x target=0.46d cap=4.86d/f cost=1.41ms ran=1 pulse=0.00ms loop=0.45ms full=0.81ms carry=0.34 barrier=climate_input_capacity_day_barrier
[clock/step] delta=4.8ms speed=50x target=0.24d cap=6.71d/f cost=1.19ms ran=0 pulse=0.09ms loop=0.00ms full=0.55ms carry=0.15 barrier=climate_input_capacity_day_barrier
[clock/step] delta=8.3ms speed=50x target=0.42d cap=8.00d/f cost=0.67ms ran=0 pulse=0.00ms loop=0.00ms full=0.37ms carry=0.81 barrier=
[economy-open-finish] day=1200 country=0.611 workset=0.026 fiscal=0.065 csr=0.004 recovery=0.001 vectors=0.414 audit=0.869 commands=0.001
[economy-prelude-cost] day=1200 ms=2.443 pending=0
[economy-boundary-cost] day=1200 formulas_ms=11.360 stages_ms=8.390 mirror_ms=7.073
[runtime-day-cost] day=1200 ok=1 ms=25.199
[clock/step] delta=9.1ms speed=50x target=0.45d cap=8.00d/f cost=0.81ms ran=0 pulse=0.12ms loop=0.00ms full=0.57ms carry=0.16 barrier=climate_input_capacity_day_barrier
[clock/step] delta=6.6ms speed=50x target=0.33d cap=7.96d/f cost=0.92ms ran=1 pulse=0.00ms loop=0.59ms full=0.96ms carry=0.22 barrier=climate_input_capacity_day_barrier
[clock/step] delta=10.0ms speed=50x target=0.50d cap=8.00d/f cost=0.91ms ran=1 pulse=0.00ms loop=0.72ms full=0.99ms carry=0.19 barrier=climate_input_capacity_day_barrier
[economy-open-finish] day=1300 country=0.612 workset=0.026 fiscal=0.061 csr=0.004 recovery=0.001 vectors=0.393 audit=0.886 commands=0.001
[economy-prelude-cost] day=1300 ms=2.492 pending=0
[economy-boundary-cost] day=1300 formulas_ms=14.751 stages_ms=11.757 mirror_ms=7.370
[runtime-day-cost] day=1300 ok=1 ms=28.278
[clock/step] delta=8.3ms speed=50x target=0.42d cap=4.19d/f cost=1.62ms ran=1 pulse=0.00ms loop=0.47ms full=0.71ms carry=0.18 barrier=climate_input_capacity_day_barrier
[clock/step] delta=9.1ms speed=50x target=0.45d cap=7.77d/f cost=2.30ms ran=1 pulse=0.00ms loop=7.37ms full=7.76ms carry=0.36 barrier=
[clock/step] delta=9.3ms speed=50x target=0.46d cap=8.00d/f cost=0.66ms ran=0 pulse=0.00ms loop=0.00ms full=0.32ms carry=0.55 barrier=
[economy-open-finish] day=1400 country=0.583 workset=0.027 fiscal=0.060 csr=0.003 recovery=0.001 vectors=0.423 audit=0.894 commands=0.001
[economy-prelude-cost] day=1400 ms=2.446 pending=0
[economy-boundary-cost] day=1400 formulas_ms=11.679 stages_ms=8.729 mirror_ms=6.606
[runtime-day-cost] day=1400 ok=1 ms=23.290
[clock/step] delta=8.3ms speed=50x target=0.42d cap=8.00d/f cost=0.55ms ran=0 pulse=0.10ms loop=0.00ms full=0.39ms carry=0.12 barrier=climate_input_capacity_day_barrier
[clock/step] delta=10.0ms speed=50x target=0.50d cap=8.00d/f cost=0.62ms ran=0 pulse=0.00ms loop=0.00ms full=0.29ms carry=0.82 barrier=
[clock/step] delta=7.6ms speed=50x target=0.38d cap=2.00d/f cost=3.99ms ran=0 pulse=0.14ms loop=0.00ms full=0.43ms carry=0.13 barrier=climate_input_capacity_day_barrier
[clock/step] delta=7.4ms speed=50x target=0.37d cap=8.00d/f cost=0.60ms ran=1 pulse=0.00ms loop=0.73ms full=1.19ms carry=0.03 barrier=climate_input_capacity_day_barrier
[economy-open-finish] day=1500 country=0.696 workset=0.028 fiscal=0.059 csr=0.003 recovery=0.001 vectors=0.585 audit=0.889 commands=0.001
[economy-prelude-cost] day=1500 ms=2.869 pending=0
[economy-boundary-cost] day=1500 formulas_ms=12.127 stages_ms=8.751 mirror_ms=6.549
[runtime-day-cost] day=1500 ok=1 ms=27.347
[clock/step] delta=5.1ms speed=50x target=0.26d cap=4.10d/f cost=1.71ms ran=1 pulse=0.00ms loop=0.72ms full=1.19ms carry=0.10 barrier=climate_input_capacity_day_barrier
[clock/step] delta=9.1ms speed=50x target=0.45d cap=4.30d/f cost=1.86ms ran=0 pulse=0.11ms loop=0.00ms full=0.41ms carry=0.42 barrier=climate_input_capacity_day_barrier
[clock/step] delta=9.7ms speed=50x target=0.49d cap=8.00d/f cost=0.52ms ran=1 pulse=0.00ms loop=0.71ms full=1.01ms carry=0.11 barrier=climate_input_capacity_day_barrier
[economy-open-finish] day=1600 country=0.559 workset=0.026 fiscal=0.056 csr=0.004 recovery=0.001 vectors=0.399 audit=0.876 commands=0.001
[economy-prelude-cost] day=1600 ms=2.412 pending=0
[economy-boundary-cost] day=1600 formulas_ms=11.783 stages_ms=8.849 mirror_ms=6.450
[runtime-day-cost] day=1600 ok=1 ms=23.565
[clock/step] delta=13.0ms speed=50x target=0.65d cap=8.00d/f cost=0.90ms ran=0 pulse=0.00ms loop=0.00ms full=0.41ms carry=0.93 barrier=
[clock/step] delta=7.2ms speed=50x target=0.36d cap=1.84d/f cost=4.34ms ran=0 pulse=0.00ms loop=0.00ms full=0.35ms carry=0.56 barrier=
[clock/step] delta=10.6ms speed=50x target=0.53d cap=5.76d/f cost=1.39ms ran=0 pulse=0.00ms loop=0.00ms full=0.33ms carry=0.88 barrier=
[economy-open-finish] day=1700 country=0.596 workset=0.026 fiscal=0.063 csr=0.004 recovery=0.001 vectors=0.405 audit=0.904 commands=0.001
[economy-prelude-cost] day=1700 ms=2.437 pending=0
[economy-boundary-cost] day=1700 formulas_ms=11.675 stages_ms=8.423 mirror_ms=6.844
[runtime-day-cost] day=1700 ok=1 ms=24.987
[clock/step] delta=9.0ms speed=50x target=0.45d cap=8.00d/f cost=0.51ms ran=0 pulse=0.00ms loop=0.00ms full=0.29ms carry=0.51 barrier=
[clock/step] delta=11.9ms speed=50x target=0.59d cap=5.03d/f cost=1.59ms ran=0 pulse=0.00ms loop=0.00ms full=0.31ms carry=0.76 barrier=
[clock/step] delta=7.4ms speed=50x target=0.37d cap=8.00d/f cost=0.82ms ran=0 pulse=0.12ms loop=0.00ms full=0.56ms carry=0.24 barrier=climate_input_capacity_day_barrier
[economy-open-finish] day=1800 country=0.613 workset=0.030 fiscal=0.076 csr=0.003 recovery=0.001 vectors=0.399 audit=0.903 commands=0.001
[economy-prelude-cost] day=1800 ms=2.571 pending=0
[economy-boundary-cost] day=1800 formulas_ms=13.035 stages_ms=9.920 mirror_ms=7.666
[runtime-day-cost] day=1800 ok=1 ms=27.408
[clock/step] delta=10.0ms speed=50x target=0.50d cap=6.20d/f cost=1.16ms ran=1 pulse=0.00ms loop=0.65ms full=0.98ms carry=0.11 barrier=climate_input_capacity_day_barrier
[clock/step] delta=10.1ms speed=50x target=0.50d cap=8.00d/f cost=0.91ms ran=0 pulse=0.11ms loop=0.00ms full=0.50ms carry=0.20 barrier=climate_input_capacity_day_barrier
[economy-open-finish] day=1900 country=0.562 workset=0.028 fiscal=0.072 csr=0.003 recovery=0.001 vectors=0.388 audit=0.839 commands=0.001
[economy-prelude-cost] day=1900 ms=2.376 pending=0
[economy-boundary-cost] day=1900 formulas_ms=13.443 stages_ms=10.562 mirror_ms=7.351
[runtime-day-cost] day=1900 ok=1 ms=27.351
[clock/step] delta=9.3ms speed=50x target=0.46d cap=2.95d/f cost=2.72ms ran=0 pulse=0.10ms loop=0.00ms full=0.35ms carry=0.27 barrier=climate_input_capacity_day_barrier
[clock/step] delta=7.6ms speed=50x target=0.38d cap=8.00d/f cost=0.50ms ran=0 pulse=0.00ms loop=0.00ms full=0.31ms carry=0.82 barrier=
[clock/step] delta=8.3ms speed=50x target=0.42d cap=8.00d/f cost=0.49ms ran=0 pulse=0.09ms loop=0.00ms full=0.31ms carry=0.29 barrier=climate_input_capacity_day_barrier
[economy-open-finish] day=2000 country=0.580 workset=0.026 fiscal=0.062 csr=0.003 recovery=0.001 vectors=0.405 audit=0.860 commands=0.001
[economy-prelude-cost] day=2000 ms=2.890 pending=0
[economy-boundary-cost] day=2000 formulas_ms=12.921 stages_ms=9.519 mirror_ms=6.523
[runtime-day-cost] day=2000 ok=1 ms=24.833
[clock/step] delta=7.6ms speed=50x target=0.38d cap=6.46d/f cost=1.24ms ran=0 pulse=0.00ms loop=0.00ms full=0.42ms carry=0.85 barrier=
[clock/step] delta=3.6ms speed=50x target=0.18d cap=8.00d/f cost=0.55ms ran=0 pulse=0.09ms loop=0.00ms full=0.34ms carry=0.02 barrier=climate_input_capacity_day_barrier
[clock/step] delta=8.3ms speed=50x target=0.42d cap=6.32d/f cost=1.11ms ran=1 pulse=0.00ms loop=0.48ms full=0.73ms carry=0.07 barrier=climate_input_capacity_day_barrier
[economy-open-finish] day=2100 country=0.793 workset=0.054 fiscal=0.060 csr=0.004 recovery=0.001 vectors=0.578 audit=0.860 commands=0.001
[economy-prelude-cost] day=2100 ms=2.843 pending=0
[economy-boundary-cost] day=2100 formulas_ms=12.085 stages_ms=8.700 mirror_ms=7.991
[runtime-day-cost] day=2100 ok=1 ms=28.574
[clock/step] delta=9.1ms speed=50x target=0.45d cap=7.57d/f cost=0.97ms ran=1 pulse=0.00ms loop=0.61ms full=1.01ms carry=0.45 barrier=climate_input_capacity_day_barrier
[clock/step] delta=9.5ms speed=50x target=0.48d cap=5.38d/f cost=1.49ms ran=0 pulse=0.06ms loop=0.00ms full=0.31ms carry=0.04 barrier=climate_input_capacity_day_barrier
[clock/step] delta=8.3ms speed=50x target=0.42d cap=8.00d/f cost=0.46ms ran=1 pulse=0.00ms loop=0.37ms full=0.88ms carry=0.15 barrier=climate_input_capacity_day_barrier
[clock/step] delta=8.3ms speed=50x target=0.42d cap=1.39d/f cost=5.78ms ran=0 pulse=0.00ms loop=0.00ms full=0.31ms carry=0.90 barrier=
[economy-open-finish] day=2200 country=0.906 workset=0.033 fiscal=0.059 csr=0.004 recovery=0.001 vectors=0.370 audit=1.052 commands=0.001
[economy-prelude-cost] day=2200 ms=2.982 pending=0
[economy-boundary-cost] day=2200 formulas_ms=12.200 stages_ms=8.692 mirror_ms=6.701
[runtime-day-cost] day=2200 ok=1 ms=24.077
[clock/step] delta=9.1ms speed=50x target=0.45d cap=8.00d/f cost=0.52ms ran=0 pulse=0.10ms loop=0.00ms full=0.51ms carry=0.09 barrier=climate_input_capacity_day_barrier
[clock/step] delta=9.5ms speed=50x target=0.48d cap=5.57d/f cost=1.44ms ran=0 pulse=0.10ms loop=0.00ms full=0.40ms carry=0.36 barrier=climate_input_capacity_day_barrier
[clock/step] delta=6.9ms speed=50x target=0.35d cap=8.00d/f cost=0.78ms ran=0 pulse=0.00ms loop=0.00ms full=0.40ms carry=0.55 barrier=
[economy-open-finish] day=2300 country=0.610 workset=0.028 fiscal=0.066 csr=0.003 recovery=0.001 vectors=0.351 audit=0.840 commands=0.001
[economy-prelude-cost] day=2300 ms=2.371 pending=0
[economy-boundary-cost] day=2300 formulas_ms=13.425 stages_ms=10.551 mirror_ms=8.353
[runtime-day-cost] day=2300 ok=1 ms=28.257
[clock/step] delta=8.0ms speed=50x target=0.40d cap=5.95d/f cost=1.34ms ran=0 pulse=0.07ms loop=0.00ms full=0.33ms carry=0.19 barrier=climate_input_capacity_day_barrier
[perf-record] exported rows=2318 cols=234 → D:/Godot/ProjectKeynes/Project.Keynes/tmp/soak_latest_50x/perf.csv
[economy-record] background export completed -> ["D:/Godot/ProjectKeynes/Project.Keynes/tmp/economy_record_20260919_211203_v25_cell580_q36_r9_summary.csv", "D:/Godot/ProjectKeynes/Project.Keynes/tmp/economy_record_20260919_211203_v25_cell580_q36_r9_cohorts.csv", "D:/Godot/ProjectKeynes/Project.Keynes/tmp/economy_record_20260919_211203_v25_cell580_q36_r9_buildings.csv", "D:/Godot/ProjectKeynes/Project.Keynes/tmp/economy_record_20260919_211203_v25_cell580_q36_r9_resources.csv", "D:/Godot/ProjectKeynes/Project.Keynes/tmp/economy_record_20260919_211203_v25_cell580_q36_r9_market.csv"]
[stage-c/client] complete mode=ACTIVE frames=9153 fast_ticks=2318 perf=D:/Godot/ProjectKeynes/Project.Keynes/tmp/soak_latest_50x/perf.csv
ERROR: 44 RID allocations of type 'PN13RendererDummy14TextureStorage12DummyTextureE' were leaked at exit.
ERROR: 16 RID allocations of type 'PN18TextServerAdvanced22ShapedTextDataAdvancedE' were leaked at exit.
ERROR: 1 RID allocations of type 'PN18TextServerAdvanced12FontAdvancedE' were leaked at exit.
WARNING: ObjectDB instances leaked at exit (run with --verbose for details).
   at: cleanup (core/object/object.cpp:2641)
ERROR: 986 resources still in use at exit (run with --verbose for details).
   at: clear (core/io/resource.cpp:810)
