Opened log file 'tmp/soak_capture_debugger2.log'

Microsoft (R) Windows Debugger Version 10.0.22621.755 AMD64
Copyright (c) Microsoft Corporation. All rights reserved.

CommandLine: D:\Godot\Godot_v4.6.2-stable_win64.exe\Godot_v4.6.2-stable_win64.exe --headless --path Project/project-keynes res://tests/authority_stage_c_client_runner.tscn -- mode=ACTIVE seed=1735228708 foreign_count=5 speed=50 warmup_seconds=1 record_seconds=10 output_dir=D:/Godot/ProjectKeynes/Project.Keynes/tmp/soak_capture_debug2
NatVis script successfully loaded from 'C:\Program Files (x86)\Windows Kits\10\Debuggers\x64\Visualizers\atlmfc.natvis'
NatVis script successfully loaded from 'C:\Program Files (x86)\Windows Kits\10\Debuggers\x64\Visualizers\ObjectiveC.natvis'
NatVis script successfully loaded from 'C:\Program Files (x86)\Windows Kits\10\Debuggers\x64\Visualizers\concurrency.natvis'
NatVis script successfully loaded from 'C:\Program Files (x86)\Windows Kits\10\Debuggers\x64\Visualizers\cpp_rest.natvis'
NatVis script successfully loaded from 'C:\Program Files (x86)\Windows Kits\10\Debuggers\x64\Visualizers\stl.natvis'
NatVis script successfully loaded from 'C:\Program Files (x86)\Windows Kits\10\Debuggers\x64\Visualizers\Windows.Data.Json.natvis'
NatVis script successfully loaded from 'C:\Program Files (x86)\Windows Kits\10\Debuggers\x64\Visualizers\Windows.Devices.Geolocation.natvis'
NatVis script successfully loaded from 'C:\Program Files (x86)\Windows Kits\10\Debuggers\x64\Visualizers\Windows.Devices.Sensors.natvis'
NatVis script successfully loaded from 'C:\Program Files (x86)\Windows Kits\10\Debuggers\x64\Visualizers\Windows.Media.natvis'
NatVis script successfully loaded from 'C:\Program Files (x86)\Windows Kits\10\Debuggers\x64\Visualizers\windows.natvis'
NatVis script successfully loaded from 'C:\Program Files (x86)\Windows Kits\10\Debuggers\x64\Visualizers\winrt.natvis'

************* Path validation summary **************
Response                         Time (ms)     Location
Deferred                                       srv*
Symbol search path is: srv*
Executable search path is: 
ModLoad: 00007ff7`7bfb0000 00007ff7`865d3000   godot.windows.editor.x86_64.exe
ModLoad: 00007ffa`e1050000 00007ffa`e1268000   ntdll.dll
ModLoad: 00007ffa`def80000 00007ffa`df044000   C:\Windows\System32\KERNEL32.DLL
ModLoad: 00007ffa`de190000 00007ffa`de563000   C:\Windows\System32\KERNELBASE.dll
ModLoad: 00007ffa`df590000 00007ffa`df921000   C:\Windows\System32\combase.dll
ModLoad: 00007ffa`de940000 00007ffa`dea51000   C:\Windows\System32\ucrtbase.dll
ModLoad: 00007ffa`dee60000 00007ffa`def78000   C:\Windows\System32\RPCRT4.dll
ModLoad: 00007ffa`df050000 00007ffa`df128000   C:\Windows\System32\oleaut32.dll
ModLoad: 00007ffa`de8a0000 00007ffa`de93a000   C:\Windows\System32\msvcp_win.dll
ModLoad: 00007ffa`df930000 00007ffa`dfae2000   C:\Windows\System32\user32.dll
ModLoad: 00007ffa`de160000 00007ffa`de186000   C:\Windows\System32\win32u.dll
ModLoad: 00007ffa`9f0b0000 00007ffa`9f4fa000   C:\Windows\SYSTEM32\uiautomationcore.dll
ModLoad: 00007ffa`df500000 00007ffa`df529000   C:\Windows\System32\GDI32.dll
ModLoad: 00007ffa`debd0000 00007ffa`deceb000   C:\Windows\System32\gdi32full.dll
ModLoad: 00007ffa`e0590000 00007ffa`e0641000   C:\Windows\System32\ADVAPI32.dll
ModLoad: 00007ffa`ded00000 00007ffa`deda7000   C:\Windows\System32\msvcrt.dll
ModLoad: 00007ffa`dedb0000 00007ffa`dee58000   C:\Windows\System32\sechost.dll
ModLoad: 00007ffa`de870000 00007ffa`de898000   C:\Windows\System32\bcrypt.dll
ModLoad: 00007ffa`dea60000 00007ffa`debc8000   C:\Windows\System32\CRYPT32.dll
ModLoad: 00007ffa`d6d50000 00007ffa`d6d5b000   C:\Windows\SYSTEM32\AVRT.dll
ModLoad: 00007ffa`e0650000 00007ffa`e0681000   C:\Windows\System32\IMM32.dll
ModLoad: 00007ffa`dadf0000 00007ffa`dae1b000   C:\Windows\SYSTEM32\dwmapi.dll
ModLoad: 00007ffa`e0d30000 00007ffa`e0ed1000   C:\Windows\System32\ole32.dll
ModLoad: 00007ffa`e0ee0000 00007ffa`e0fe4000   C:\Windows\System32\SHCORE.dll
ModLoad: 00007ffa`dacd0000 00007ffa`dadc7000   C:\Windows\SYSTEM32\dxgi.dll
ModLoad: 00007ffa`dfaf0000 00007ffa`e038c000   C:\Windows\System32\SHELL32.dll
ModLoad: 00007ffa`dc940000 00007ffa`dc94e000   C:\Windows\SYSTEM32\HID.DLL
ModLoad: 00007ffa`de6b0000 00007ffa`de7ef000   C:\Windows\System32\wintypes.dll
ModLoad: 00007ffa`dcc10000 00007ffa`dcc3d000   C:\Windows\SYSTEM32\IPHLPAPI.DLL
ModLoad: 00007ffa`df400000 00007ffa`df469000   C:\Windows\System32\SHLWAPI.dll
ModLoad: 00007ffa`e0390000 00007ffa`e0401000   C:\Windows\System32\WS2_32.dll
ModLoad: 00007ffa`d42e0000 00007ffa`d4314000   C:\Windows\SYSTEM32\WINMM.dll
ModLoad: 00007ffa`bec60000 00007ffa`bec69000   C:\Windows\SYSTEM32\WSOCK32.dll
ModLoad: 00007ffa`dbc20000 00007ffa`dbe53000   C:\Windows\SYSTEM32\dbghelp.dll
ModLoad: 00007ffa`d7d90000 00007ffa`d8008000   C:\Windows\SYSTEM32\DWrite.dll
(19a58.7898): Break instruction exception - code 80000003 (first chance)
ntdll!LdrpDoDebuggerBreak+0x30:
00007ffa`e112cbc4 cc              int     3
0:000> .sympath D:\Godot\ProjectKeynes\Project.Keynes\Project\project-keynes\addons\dots_ext\bin\windows
Symbol search path is: D:\Godot\ProjectKeynes\Project.Keynes\Project\project-keynes\addons\dots_ext\bin\windows
Expanded Symbol search path is: d:\godot\projectkeynes\project.keynes\project\project-keynes\addons\dots_ext\bin\windows

************* Path validation summary **************
Response                         Time (ms)     Location
OK                                             D:\Godot\ProjectKeynes\Project.Keynes\Project\project-keynes\addons\dots_ext\bin\windows
0:000> sxe -c ".ecxr; k; ~* k; q" av
0:000> g
ModLoad: 00007ffa`de7f0000 00007ffa`de86b000   C:\Windows\System32\bcryptPrimitives.dll
ModLoad: 00007ff9`bb4a0000 00007ff9`bb571000   C:\Program Files (x86)\iOA\module\DataProtection\TxUmon64.dll
ModLoad: 00007ffa`decf0000 00007ffa`decf8000   C:\Windows\System32\PSAPI.DLL
ModLoad: 00007ffa`d6a20000 00007ffa`d6a2a000   C:\Windows\SYSTEM32\VERSION.dll
ModLoad: 00007ffa`854f0000 00007ffa`85536000   C:\Windows\SYSTEM32\dinput8.dll
ModLoad: 00007ffa`d9190000 00007ffa`d919b000   C:\Windows\system32\FltLib.dll
ModLoad: 00007ffa`de570000 00007ffa`de5ec000   C:\Windows\System32\WINTRUST.DLL
ModLoad: 00007ffa`dda50000 00007ffa`dda62000   C:\Windows\SYSTEM32\MSASN1.dll
ModLoad: 00007ffa`dd1f0000 00007ffa`dd208000   C:\Windows\SYSTEM32\kernel.appcore.dll
ModLoad: 00007ffa`8fcc0000 00007ffa`8fcda000   C:\Windows\system32\Avicap32.dll
ModLoad: 00007ffa`7ceb0000 00007ffa`7cedb000   C:\Windows\SYSTEM32\MSVFW32.dll
ModLoad: 00007ffa`c45d0000 00007ffa`c486c000   C:\Windows\WinSxS\amd64_microsoft.windows.common-controls_6595b64144ccf1df_6.0.22621.6060_none_2712eda17382d24b\COMCTL32.dll
ModLoad: 00007ffa`daba0000 00007ffa`dac53000   C:\Windows\system32\uxtheme.dll
ModLoad: 00007ffa`e0570000 00007ffa`e058f000   C:\Windows\System32\imagehlp.dll
ModLoad: 00007ffa`b1d70000 00007ffa`b1d7b000   C:\Windows\system32\KtmW32.dll
ModLoad: 00007ffa`dda00000 00007ffa`dda1b000   C:\Windows\SYSTEM32\CRYPTSP.dll
ModLoad: 00007ffa`c4520000 00007ffa`c45c8000   C:\Windows\system32\winspool.drv
ModLoad: 00007ffa`dd150000 00007ffa`dd187000   C:\Windows\system32\rsaenh.dll
ModLoad: 00007ffa`dcfd0000 00007ffa`dcfe4000   C:\Windows\system32\wtsapi32.dll
ModLoad: 00007ffa`dd9e0000 00007ffa`dd9ec000   C:\Windows\SYSTEM32\CRYPTBASE.dll
ModLoad: 00007ffa`b1610000 00007ffa`b1b0e000   C:\Windows\system32\Wininet.dll
ModLoad: 00007ffa`b6560000 00007ffa`b6775000   C:\Windows\SYSTEM32\inputhost.dll
ModLoad: 00007ffa`d95e0000 00007ffa`d9713000   C:\Windows\SYSTEM32\CoreMessaging.dll
Invalid parameter passed to C runtime function.
ModLoad: 00007ff9`d9be0000 00007ff9`da68d000   D:\Godot\ProjectKeynes\Project.Keynes\Project\project-keynes\addons\dots_ext\bin\windows\dots_ext.windows.template_debug.x86_64.dll
core/io/image.cpp:2756 - Loaded resource as image file, this will not work on export: 'res://assets/textures/terrain_materials/organic.png'. Instead, import the image file as an Image resource and load it normally as a resource.
core/io/image.cpp:2756 - Loaded resource as image file, this will not work on export: 'res://assets/textures/terrain_materials/dry_sand.png'. Instead, import the image file as an Image resource and load it normally as a resource.
core/io/image.cpp:2756 - Loaded resource as image file, this will not work on export: 'res://assets/textures/terrain_materials/rock.png'. Instead, import the image file as an Image resource and load it normally as a resource.
core/io/image.cpp:2756 - Loaded resource as image file, this will not work on export: 'res://assets/textures/terrain_materials/snow_wet.png'. Instead, import the image file as an Image resource and load it normally as a resource.
core/variant/variant_utility.cpp:1034 - [runtime-climate-round] no ClimateDailySystem; SHADOW capture carries no shared pass input
core/variant/variant_utility.cpp:1034 - [runtime-worker] Ideology opinion publish deferred: ideology_opinion_snapshot_invalid
(19a58.7898): Access violation - code c0000005 (first chance)
Unable to get exception context, HRESULT 0x8000FFFF
Child-SP          RetAddr               Call Site
00000035`ff1ff0a0 00007ff7`7fcacf0d     godot_windows_editor_x86_64!NoHotPatch+0x3cf9ff1
00000035`ff1ff0e0 00007ff7`7c4e5e1b     godot_windows_editor_x86_64!NoHotPatch+0x3cfa22d
00000035`ff1ff120 00007ff7`7fcbb478     godot_windows_editor_x86_64!NoHotPatch+0x53313b
00000035`ff1ff1d0 00007ff7`7c0084a1     godot_windows_editor_x86_64!NoHotPatch+0x3d08798
00000035`ff1ff2a0 00007ff7`7c001b5f     godot_windows_editor_x86_64!NoHotPatch+0x557c1
00000035`ff1ff330 00007ff7`7c001bfe     godot_windows_editor_x86_64!NoHotPatch+0x4ee7f
00000035`ff1ff700 00007ff7`7bfb10c9     godot_windows_editor_x86_64!NoHotPatch+0x4ef1e
00000035`ff1ff750 00007ff7`7bfb13f6     godot_windows_editor_x86_64+0x10c9
00000035`ff1ff7f0 00007ffa`def9259d     godot_windows_editor_x86_64+0x13f6
00000035`ff1ff820 00007ffa`e10aaf78     KERNEL32!BaseThreadInitThunk+0x1d
00000035`ff1ff850 00000000`00000000     ntdll!RtlUserThreadStart+0x28

.  0  Id: 19a58.7898 Suspend: 1 Teb: 00000035`fe93e000 Unfrozen
Child-SP          RetAddr               Call Site
00000035`ff1ff0a0 00007ff7`7fcacf0d     godot_windows_editor_x86_64!NoHotPatch+0x3cf9ff1
00000035`ff1ff0e0 00007ff7`7c4e5e1b     godot_windows_editor_x86_64!NoHotPatch+0x3cfa22d
00000035`ff1ff120 00007ff7`7fcbb478     godot_windows_editor_x86_64!NoHotPatch+0x53313b
00000035`ff1ff1d0 00007ff7`7c0084a1     godot_windows_editor_x86_64!NoHotPatch+0x3d08798
00000035`ff1ff2a0 00007ff7`7c001b5f     godot_windows_editor_x86_64!NoHotPatch+0x557c1
00000035`ff1ff330 00007ff7`7c001bfe     godot_windows_editor_x86_64!NoHotPatch+0x4ee7f
00000035`ff1ff700 00007ff7`7bfb10c9     godot_windows_editor_x86_64!NoHotPatch+0x4ef1e
00000035`ff1ff750 00007ff7`7bfb13f6     godot_windows_editor_x86_64+0x10c9
00000035`ff1ff7f0 00007ffa`def9259d     godot_windows_editor_x86_64+0x13f6
00000035`ff1ff820 00007ffa`e10aaf78     KERNEL32!BaseThreadInitThunk+0x1d
00000035`ff1ff850 00000000`00000000     ntdll!RtlUserThreadStart+0x28

   1  Id: 19a58.ce4 Suspend: 1 Teb: 00000035`fe940000 Unfrozen
Child-SP          RetAddr               Call Site
00000035`ff9ff548 00007ffa`e10858ae     ntdll!NtWaitForWorkViaWorkerFactory+0x14
00000035`ff9ff550 00007ffa`def9259d     ntdll!RtlClearThreadWorkOnBehalfTicket+0x35e
00000035`ff9ff830 00007ffa`e10aaf78     KERNEL32!BaseThreadInitThunk+0x1d
00000035`ff9ff860 00000000`00000000     ntdll!RtlUserThreadStart+0x28

   2  Id: 19a58.1b3dc Suspend: 1 Teb: 00000035`fe942000 Unfrozen
Child-SP          RetAddr               Call Site
00000035`807ff588 00007ffa`e10858ae     ntdll!NtWaitForWorkViaWorkerFactory+0x14
00000035`807ff590 00007ffa`def9259d     ntdll!RtlClearThreadWorkOnBehalfTicket+0x35e
00000035`807ff870 00007ffa`e10aaf78     KERNEL32!BaseThreadInitThunk+0x1d
00000035`807ff8a0 00000000`00000000     ntdll!RtlUserThreadStart+0x28

   3  Id: 19a58.1a9b4 Suspend: 1 Teb: 00000035`fe944000 Unfrozen
Child-SP          RetAddr               Call Site
00000035`80fff598 00007ffa`e10858ae     ntdll!NtWaitForWorkViaWorkerFactory+0x14
00000035`80fff5a0 00007ffa`def9259d     ntdll!RtlClearThreadWorkOnBehalfTicket+0x35e
00000035`80fff880 00007ffa`e10aaf78     KERNEL32!BaseThreadInitThunk+0x1d
00000035`80fff8b0 00000000`00000000     ntdll!RtlUserThreadStart+0x28

   4  Id: 19a58.15e78 Suspend: 1 Teb: 00000035`fe94e000 Unfrozen
Child-SP          RetAddr               Call Site
00000035`817ffa48 00007ffa`e10858ae     ntdll!NtWaitForWorkViaWorkerFactory+0x14
00000035`817ffa50 00007ffa`def9259d     ntdll!RtlClearThreadWorkOnBehalfTicket+0x35e
00000035`817ffd30 00007ffa`e10aaf78     KERNEL32!BaseThreadInitThunk+0x1d
00000035`817ffd60 00000000`00000000     ntdll!RtlUserThreadStart+0x28

   5  Id: 19a58.2abc Suspend: 1 Teb: 00000035`fe948000 Unfrozen
Child-SP          RetAddr               Call Site
00000035`81fff408 00007ffa`e10b9364     ntdll!NtWaitForAlertByThreadId+0x14
00000035`81fff410 00007ffa`de1ffc39     ntdll!RtlSleepConditionVariableCS+0x104
00000035`81fff490 00007ff9`bb4d90e5     KERNELBASE!SleepConditionVariableCS+0x29
00000035`81fff4c0 00007ff9`bb4db99e     TxUmon64!GetInstance+0x2c5d5
00000035`81fff510 00007ff9`bb4dba49     TxUmon64!GetInstance+0x2ee8e
00000035`81fffbe0 00007ff9`bb4ec2cf     TxUmon64!GetInstance+0x2ef39
00000035`81fffc10 00007ff9`bb4ec363     TxUmon64!GetInstance+0x3f7bf
00000035`81fffc40 00007ffa`def9259d     TxUmon64!GetInstance+0x3f853
00000035`81fffc70 00007ffa`e10aaf78     KERNEL32!BaseThreadInitThunk+0x1d
00000035`81fffca0 00000000`00000000     ntdll!RtlUserThreadStart+0x28

   6  Id: 19a58.170b0 Suspend: 1 Teb: 00000035`fe956000 Unfrozen
Child-SP          RetAddr               Call Site
00000035`827ffc88 00007ffa`e10b981b     ntdll!NtWaitForAlertByThreadId+0x14
00000035`827ffc90 00007ffa`de1ffcf9     ntdll!RtlSleepConditionVariableSRW+0x13b
00000035`827ffd10 00007ff7`80c0c9d5     KERNELBASE!SleepConditionVariableSRW+0x29
00000035`827ffd50 00007ff7`7f7b20ad     godot_windows_editor_x86_64!NoHotPatch+0x4c59cf5
00000035`827ffda0 00007ff7`80b5e2fa     godot_windows_editor_x86_64!NoHotPatch+0x37ff3cd
00000035`827ffe00 00007ffa`ded3e634     godot_windows_editor_x86_64!NoHotPatch+0x4bab61a
00000035`827ffe30 00007ffa`ded3e70c     msvcrt!beginthreadex+0x134
00000035`827ffe60 00007ffa`def9259d     msvcrt!endthreadex+0xac
00000035`827ffe90 00007ffa`e10aaf78     KERNEL32!BaseThreadInitThunk+0x1d
00000035`827ffec0 00000000`00000000     ntdll!RtlUserThreadStart+0x28

   7  Id: 19a58.1935c Suspend: 1 Teb: 00000035`fe958000 Unfrozen "WorkerThread 0"
Child-SP          RetAddr               Call Site
00000035`82fff9c8 00007ffa`e10b981b     ntdll!NtWaitForAlertByThreadId+0x14
00000035`82fff9d0 00007ffa`de1ffcf9     ntdll!RtlSleepConditionVariableSRW+0x13b
00000035`82fffa50 00007ff7`7fcd98b0     KERNELBASE!SleepConditionVariableSRW+0x29
00000035`82fffa90 00007ff7`7f7b20ad     godot_windows_editor_x86_64!NoHotPatch+0x3d26bd0
00000035`82fffb20 00007ff7`80b5e2fa     godot_windows_editor_x86_64!NoHotPatch+0x37ff3cd
00000035`82fffb80 00007ffa`ded3e634     godot_windows_editor_x86_64!NoHotPatch+0x4bab61a
00000035`82fffbb0 00007ffa`ded3e70c     msvcrt!beginthreadex+0x134
00000035`82fffbe0 00007ffa`def9259d     msvcrt!endthreadex+0xac
00000035`82fffc10 00007ffa`e10aaf78     KERNEL32!BaseThreadInitThunk+0x1d
00000035`82fffc40 00000000`00000000     ntdll!RtlUserThreadStart+0x28

   8  Id: 19a58.10bb0 Suspend: 1 Teb: 00000035`fe99e000 Unfrozen
Child-SP          RetAddr               Call Site
00000035`95fff538 00007ffa`e10858ae     ntdll!NtWaitForWorkViaWorkerFactory+0x14
00000035`95fff540 00007ffa`def9259d     ntdll!RtlClearThreadWorkOnBehalfTicket+0x35e
00000035`95fff820 00007ffa`e10aaf78     KERNEL32!BaseThreadInitThunk+0x1d
00000035`95fff850 00000000`00000000     ntdll!RtlUserThreadStart+0x28

   9  Id: 19a58.c2cc Suspend: 1 Teb: 00000035`fe952000 Unfrozen
Child-SP          RetAddr               Call Site
00000035`83fffcd8 00007ffa`e10a56d3     ntdll!ZwDelayExecution+0x14
00000035`83fffce0 00007ffa`de1da3ed     ntdll!RtlDelayExecution+0x43
00000035`83fffd10 00007ff9`bb4ac039     KERNELBASE!SleepEx+0x7d
00000035`83fffd90 00007ff9`bb4ec2cf     TxUmon64+0xc039
00000035`83fffdc0 00007ff9`bb4ec363     TxUmon64!GetInstance+0x3f7bf
00000035`83fffdf0 00007ffa`def9259d     TxUmon64!GetInstance+0x3f853
00000035`83fffe20 00007ffa`e10aaf78     KERNEL32!BaseThreadInitThunk+0x1d
00000035`83fffe50 00000000`00000000     ntdll!RtlUserThreadStart+0x28

  10  Id: 19a58.1b064 Suspend: 1 Teb: 00000035`fe954000 Unfrozen
Child-SP          RetAddr               Call Site
00000035`847ff1e8 00007ffa`de1e6869     ntdll!ZwWaitForMultipleObjects+0x14
00000035`847ff1f0 00007ffa`d9634a97     KERNELBASE!WaitForMultipleObjectsEx+0xe9
00000035`847ff4d0 00007ffa`d963480b     CoreMessaging!CoreUICallReceive+0x29777
00000035`847ff5c0 00007ffa`d96345e2     CoreMessaging!CoreUICallReceive+0x294eb
00000035`847ff690 00007ffa`d961a126     CoreMessaging!CoreUICallReceive+0x292c2
00000035`847ff710 00007ffa`d961bd05     CoreMessaging!CoreUICallReceive+0xee06
00000035`847ff7e0 00007ffa`d96194ef     CoreMessaging!CoreUICallReceive+0x109e5
00000035`847ff8d0 00007ffa`d961832b     CoreMessaging!CoreUICallReceive+0xe1cf
00000035`847ff9e0 00007ffa`d95e3021     CoreMessaging!CoreUICallReceive+0xd00b
00000035`847ffab0 00007ffa`d95e2f5f     CoreMessaging!CoreUICallCreateConversationHost+0x11c1
00000035`847ffb00 00007ffa`d95f2106     CoreMessaging!CoreUICallCreateConversationHost+0x10ff
00000035`847ffb30 00007ffa`b65833c8     CoreMessaging!MsgBlobCreateStack+0x23c6
00000035`847ffb70 00007ffa`b6596529     inputhost!Ordinal2604+0x818
00000035`847ffbc0 00007ffa`def9259d     inputhost!SetInputFocus+0x34b9
00000035`847ffbf0 00007ffa`e10aaf78     KERNEL32!BaseThreadInitThunk+0x1d
00000035`847ffc20 00000000`00000000     ntdll!RtlUserThreadStart+0x28

  11  Id: 19a58.8f48 Suspend: 1 Teb: 00000035`fe95a000 Unfrozen "WorkerThread 1"
Child-SP          RetAddr               Call Site
00000035`84fffb78 00007ffa`e10b981b     ntdll!NtWaitForAlertByThreadId+0x14
00000035`84fffb80 00007ffa`de1ffcf9     ntdll!RtlSleepConditionVariableSRW+0x13b
00000035`84fffc00 00007ff7`7fcd98b0     KERNELBASE!SleepConditionVariableSRW+0x29
00000035`84fffc40 00007ff7`7f7b20ad     godot_windows_editor_x86_64!NoHotPatch+0x3d26bd0
00000035`84fffcd0 00007ff7`80b5e2fa     godot_windows_editor_x86_64!NoHotPatch+0x37ff3cd
00000035`84fffd30 00007ffa`ded3e634     godot_windows_editor_x86_64!NoHotPatch+0x4bab61a
00000035`84fffd60 00007ffa`ded3e70c     msvcrt!beginthreadex+0x134
00000035`84fffd90 00007ffa`def9259d     msvcrt!endthreadex+0xac
00000035`84fffdc0 00007ffa`e10aaf78     KERNEL32!BaseThreadInitThunk+0x1d
00000035`84fffdf0 00000000`00000000     ntdll!RtlUserThreadStart+0x28

  12  Id: 19a58.1a4b0 Suspend: 1 Teb: 00000035`fe95c000 Unfrozen "WorkerThread 2"
Child-SP          RetAddr               Call Site
00000035`857ff608 00007ffa`e10b981b     ntdll!NtWaitForAlertByThreadId+0x14
00000035`857ff610 00007ffa`de1ffcf9     ntdll!RtlSleepConditionVariableSRW+0x13b
00000035`857ff690 00007ff7`7fcd98b0     KERNELBASE!SleepConditionVariableSRW+0x29
00000035`857ff6d0 00007ff7`7f7b20ad     godot_windows_editor_x86_64!NoHotPatch+0x3d26bd0
00000035`857ff760 00007ff7`80b5e2fa     godot_windows_editor_x86_64!NoHotPatch+0x37ff3cd
00000035`857ff7c0 00007ffa`ded3e634     godot_windows_editor_x86_64!NoHotPatch+0x4bab61a
00000035`857ff7f0 00007ffa`ded3e70c     msvcrt!beginthreadex+0x134
00000035`857ff820 00007ffa`def9259d     msvcrt!endthreadex+0xac
00000035`857ff850 00007ffa`e10aaf78     KERNEL32!BaseThreadInitThunk+0x1d
00000035`857ff880 00000000`00000000     ntdll!RtlUserThreadStart+0x28

  13  Id: 19a58.1a034 Suspend: 1 Teb: 00000035`fe95e000 Unfrozen "WorkerThread 3"
Child-SP          RetAddr               Call Site
00000035`85fff6b8 00007ffa`e10b981b     ntdll!NtWaitForAlertByThreadId+0x14
00000035`85fff6c0 00007ffa`de1ffcf9     ntdll!RtlSleepConditionVariableSRW+0x13b
00000035`85fff740 00007ff7`7fcd98b0     KERNELBASE!SleepConditionVariableSRW+0x29
00000035`85fff780 00007ff7`7f7b20ad     godot_windows_editor_x86_64!NoHotPatch+0x3d26bd0
00000035`85fff810 00007ff7`80b5e2fa     godot_windows_editor_x86_64!NoHotPatch+0x37ff3cd
00000035`85fff870 00007ffa`ded3e634     godot_windows_editor_x86_64!NoHotPatch+0x4bab61a
00000035`85fff8a0 00007ffa`ded3e70c     msvcrt!beginthreadex+0x134
00000035`85fff8d0 00007ffa`def9259d     msvcrt!endthreadex+0xac
00000035`85fff900 00007ffa`e10aaf78     KERNEL32!BaseThreadInitThunk+0x1d
00000035`85fff930 00000000`00000000     ntdll!RtlUserThreadStart+0x28

  14  Id: 19a58.6274 Suspend: 1 Teb: 00000035`fe960000 Unfrozen "WorkerThread 4"
Child-SP          RetAddr               Call Site
00000035`867ff598 00007ffa`e10b981b     ntdll!NtWaitForAlertByThreadId+0x14
00000035`867ff5a0 00007ffa`de1ffcf9     ntdll!RtlSleepConditionVariableSRW+0x13b
00000035`867ff620 00007ff7`7fcd98b0     KERNELBASE!SleepConditionVariableSRW+0x29
00000035`867ff660 00007ff7`7f7b20ad     godot_windows_editor_x86_64!NoHotPatch+0x3d26bd0
00000035`867ff6f0 00007ff7`80b5e2fa     godot_windows_editor_x86_64!NoHotPatch+0x37ff3cd
00000035`867ff750 00007ffa`ded3e634     godot_windows_editor_x86_64!NoHotPatch+0x4bab61a
00000035`867ff780 00007ffa`ded3e70c     msvcrt!beginthreadex+0x134
00000035`867ff7b0 00007ffa`def9259d     msvcrt!endthreadex+0xac
00000035`867ff7e0 00007ffa`e10aaf78     KERNEL32!BaseThreadInitThunk+0x1d
00000035`867ff810 00000000`00000000     ntdll!RtlUserThreadStart+0x28

  15  Id: 19a58.1d754 Suspend: 1 Teb: 00000035`fe964000 Unfrozen "WorkerThread 6"
Child-SP          RetAddr               Call Site
00000035`877ff5c8 00007ffa`e10b981b     ntdll!NtWaitForAlertByThreadId+0x14
00000035`877ff5d0 00007ffa`de1ffcf9     ntdll!RtlSleepConditionVariableSRW+0x13b
00000035`877ff650 00007ff7`7fcd98b0     KERNELBASE!SleepConditionVariableSRW+0x29
00000035`877ff690 00007ff7`7f7b20ad     godot_windows_editor_x86_64!NoHotPatch+0x3d26bd0
00000035`877ff720 00007ff7`80b5e2fa     godot_windows_editor_x86_64!NoHotPatch+0x37ff3cd
00000035`877ff780 00007ffa`ded3e634     godot_windows_editor_x86_64!NoHotPatch+0x4bab61a
00000035`877ff7b0 00007ffa`ded3e70c     msvcrt!beginthreadex+0x134
00000035`877ff7e0 00007ffa`def9259d     msvcrt!endthreadex+0xac
00000035`877ff810 00007ffa`e10aaf78     KERNEL32!BaseThreadInitThunk+0x1d
00000035`877ff840 00000000`00000000     ntdll!RtlUserThreadStart+0x28

  16  Id: 19a58.19b5c Suspend: 1 Teb: 00000035`fe968000 Unfrozen "WorkerThread 8"
Child-SP          RetAddr               Call Site
00000035`887ff638 00007ffa`e10b981b     ntdll!NtWaitForAlertByThreadId+0x14
00000035`887ff640 00007ffa`de1ffcf9     ntdll!RtlSleepConditionVariableSRW+0x13b
00000035`887ff6c0 00007ff7`7fcd98b0     KERNELBASE!SleepConditionVariableSRW+0x29
00000035`887ff700 00007ff7`7f7b20ad     godot_windows_editor_x86_64!NoHotPatch+0x3d26bd0
00000035`887ff790 00007ff7`80b5e2fa     godot_windows_editor_x86_64!NoHotPatch+0x37ff3cd
00000035`887ff7f0 00007ffa`ded3e634     godot_windows_editor_x86_64!NoHotPatch+0x4bab61a
00000035`887ff820 00007ffa`ded3e70c     msvcrt!beginthreadex+0x134
00000035`887ff850 00007ffa`def9259d     msvcrt!endthreadex+0xac
00000035`887ff880 00007ffa`e10aaf78     KERNEL32!BaseThreadInitThunk+0x1d
00000035`887ff8b0 00000000`00000000     ntdll!RtlUserThreadStart+0x28

  17  Id: 19a58.1b4c8 Suspend: 1 Teb: 00000035`fe962000 Unfrozen "WorkerThread 5"
Child-SP          RetAddr               Call Site
00000035`86fff7e8 00007ffa`e10b981b     ntdll!NtWaitForAlertByThreadId+0x14
00000035`86fff7f0 00007ffa`de1ffcf9     ntdll!RtlSleepConditionVariableSRW+0x13b
00000035`86fff870 00007ff7`7fcd98b0     KERNELBASE!SleepConditionVariableSRW+0x29
00000035`86fff8b0 00007ff7`7f7b20ad     godot_windows_editor_x86_64!NoHotPatch+0x3d26bd0
00000035`86fff940 00007ff7`80b5e2fa     godot_windows_editor_x86_64!NoHotPatch+0x37ff3cd
00000035`86fff9a0 00007ffa`ded3e634     godot_windows_editor_x86_64!NoHotPatch+0x4bab61a
00000035`86fff9d0 00007ffa`ded3e70c     msvcrt!beginthreadex+0x134
00000035`86fffa00 00007ffa`def9259d     msvcrt!endthreadex+0xac
00000035`86fffa30 00007ffa`e10aaf78     KERNEL32!BaseThreadInitThunk+0x1d
00000035`86fffa60 00000000`00000000     ntdll!RtlUserThreadStart+0x28

  18  Id: 19a58.f28c Suspend: 1 Teb: 00000035`fe966000 Unfrozen "WorkerThread 7"
Child-SP          RetAddr               Call Site
00000035`87fff868 00007ffa`e10b981b     ntdll!NtWaitForAlertByThreadId+0x14
00000035`87fff870 00007ffa`de1ffcf9     ntdll!RtlSleepConditionVariableSRW+0x13b
00000035`87fff8f0 00007ff7`7fcd98b0     KERNELBASE!SleepConditionVariableSRW+0x29
00000035`87fff930 00007ff7`7f7b20ad     godot_windows_editor_x86_64!NoHotPatch+0x3d26bd0
00000035`87fff9c0 00007ff7`80b5e2fa     godot_windows_editor_x86_64!NoHotPatch+0x37ff3cd
00000035`87fffa20 00007ffa`ded3e634     godot_windows_editor_x86_64!NoHotPatch+0x4bab61a
00000035`87fffa50 00007ffa`ded3e70c     msvcrt!beginthreadex+0x134
00000035`87fffa80 00007ffa`def9259d     msvcrt!endthreadex+0xac
00000035`87fffab0 00007ffa`e10aaf78     KERNEL32!BaseThreadInitThunk+0x1d
00000035`87fffae0 00000000`00000000     ntdll!RtlUserThreadStart+0x28

  19  Id: 19a58.8e1c Suspend: 1 Teb: 00000035`fe96c000 Unfrozen "WorkerThread 10"
Child-SP          RetAddr               Call Site
00000035`897ffbe8 00007ffa`e10b981b     ntdll!NtWaitForAlertByThreadId+0x14
00000035`897ffbf0 00007ffa`de1ffcf9     ntdll!RtlSleepConditionVariableSRW+0x13b
00000035`897ffc70 00007ff7`7fcd98b0     KERNELBASE!SleepConditionVariableSRW+0x29
00000035`897ffcb0 00007ff7`7f7b20ad     godot_windows_editor_x86_64!NoHotPatch+0x3d26bd0
00000035`897ffd40 00007ff7`80b5e2fa     godot_windows_editor_x86_64!NoHotPatch+0x37ff3cd
00000035`897ffda0 00007ffa`ded3e634     godot_windows_editor_x86_64!NoHotPatch+0x4bab61a
00000035`897ffdd0 00007ffa`ded3e70c     msvcrt!beginthreadex+0x134
00000035`897ffe00 00007ffa`def9259d     msvcrt!endthreadex+0xac
00000035`897ffe30 00007ffa`e10aaf78     KERNEL32!BaseThreadInitThunk+0x1d
00000035`897ffe60 00000000`00000000     ntdll!RtlUserThreadStart+0x28

  20  Id: 19a58.5060 Suspend: 1 Teb: 00000035`fe970000 Unfrozen "WorkerThread 12"
Child-SP          RetAddr               Call Site
00000035`8a7ff4f8 00007ffa`e10b981b     ntdll!NtWaitForAlertByThreadId+0x14
00000035`8a7ff500 00007ffa`de1ffcf9     ntdll!RtlSleepConditionVariableSRW+0x13b
00000035`8a7ff580 00007ff7`7fcd98b0     KERNELBASE!SleepConditionVariableSRW+0x29
00000035`8a7ff5c0 00007ff7`7f7b20ad     godot_windows_editor_x86_64!NoHotPatch+0x3d26bd0
00000035`8a7ff650 00007ff7`80b5e2fa     godot_windows_editor_x86_64!NoHotPatch+0x37ff3cd
00000035`8a7ff6b0 00007ffa`ded3e634     godot_windows_editor_x86_64!NoHotPatch+0x4bab61a
00000035`8a7ff6e0 00007ffa`ded3e70c     msvcrt!beginthreadex+0x134
00000035`8a7ff710 00007ffa`def9259d     msvcrt!endthreadex+0xac
00000035`8a7ff740 00007ffa`e10aaf78     KERNEL32!BaseThreadInitThunk+0x1d
00000035`8a7ff770 00000000`00000000     ntdll!RtlUserThreadStart+0x28

  21  Id: 19a58.1da50 Suspend: 1 Teb: 00000035`fe96e000 Unfrozen "WorkerThread 11"
Child-SP          RetAddr               Call Site
00000035`89fffb08 00007ffa`e10b981b     ntdll!NtWaitForAlertByThreadId+0x14
00000035`89fffb10 00007ffa`de1ffcf9     ntdll!RtlSleepConditionVariableSRW+0x13b
00000035`89fffb90 00007ff7`7fcd98b0     KERNELBASE!SleepConditionVariableSRW+0x29
00000035`89fffbd0 00007ff7`7f7b20ad     godot_windows_editor_x86_64!NoHotPatch+0x3d26bd0
00000035`89fffc60 00007ff7`80b5e2fa     godot_windows_editor_x86_64!NoHotPatch+0x37ff3cd
00000035`89fffcc0 00007ffa`ded3e634     godot_windows_editor_x86_64!NoHotPatch+0x4bab61a
00000035`89fffcf0 00007ffa`ded3e70c     msvcrt!beginthreadex+0x134
00000035`89fffd20 00007ffa`def9259d     msvcrt!endthreadex+0xac
00000035`89fffd50 00007ffa`e10aaf78     KERNEL32!BaseThreadInitThunk+0x1d
00000035`89fffd80 00000000`00000000     ntdll!RtlUserThreadStart+0x28

  22  Id: 19a58.16510 Suspend: 1 Teb: 00000035`fe96a000 Unfrozen "WorkerThread 9"
Child-SP          RetAddr               Call Site
00000035`88fff8a8 00007ffa`e10b981b     ntdll!NtWaitForAlertByThreadId+0x14
00000035`88fff8b0 00007ffa`de1ffcf9     ntdll!RtlSleepConditionVariableSRW+0x13b
00000035`88fff930 00007ff7`7fcd98b0     KERNELBASE!SleepConditionVariableSRW+0x29
00000035`88fff970 00007ff7`7f7b20ad     godot_windows_editor_x86_64!NoHotPatch+0x3d26bd0
00000035`88fffa00 00007ff7`80b5e2fa     godot_windows_editor_x86_64!NoHotPatch+0x37ff3cd
00000035`88fffa60 00007ffa`ded3e634     godot_windows_editor_x86_64!NoHotPatch+0x4bab61a
00000035`88fffa90 00007ffa`ded3e70c     msvcrt!beginthreadex+0x134
00000035`88fffac0 00007ffa`def9259d     msvcrt!endthreadex+0xac
00000035`88fffaf0 00007ffa`e10aaf78     KERNEL32!BaseThreadInitThunk+0x1d
00000035`88fffb20 00000000`00000000     ntdll!RtlUserThreadStart+0x28

  23  Id: 19a58.150dc Suspend: 1 Teb: 00000035`fe974000 Unfrozen "WorkerThread 14"
Child-SP          RetAddr               Call Site
00000035`8b7ff558 00007ffa`e10b981b     ntdll!NtWaitForAlertByThreadId+0x14
00000035`8b7ff560 00007ffa`de1ffcf9     ntdll!RtlSleepConditionVariableSRW+0x13b
00000035`8b7ff5e0 00007ff7`7fcd98b0     KERNELBASE!SleepConditionVariableSRW+0x29
00000035`8b7ff620 00007ff7`7f7b20ad     godot_windows_editor_x86_64!NoHotPatch+0x3d26bd0
00000035`8b7ff6b0 00007ff7`80b5e2fa     godot_windows_editor_x86_64!NoHotPatch+0x37ff3cd
00000035`8b7ff710 00007ffa`ded3e634     godot_windows_editor_x86_64!NoHotPatch+0x4bab61a
00000035`8b7ff740 00007ffa`ded3e70c     msvcrt!beginthreadex+0x134
00000035`8b7ff770 00007ffa`def9259d     msvcrt!endthreadex+0xac
00000035`8b7ff7a0 00007ffa`e10aaf78     KERNEL32!BaseThreadInitThunk+0x1d
00000035`8b7ff7d0 00000000`00000000     ntdll!RtlUserThreadStart+0x28

  24  Id: 19a58.1a044 Suspend: 1 Teb: 00000035`fe972000 Unfrozen "WorkerThread 13"
Child-SP          RetAddr               Call Site
00000035`8afff698 00007ffa`e10b981b     ntdll!NtWaitForAlertByThreadId+0x14
00000035`8afff6a0 00007ffa`de1ffcf9     ntdll!RtlSleepConditionVariableSRW+0x13b
00000035`8afff720 00007ff7`7fcd98b0     KERNELBASE!SleepConditionVariableSRW+0x29
00000035`8afff760 00007ff7`7f7b20ad     godot_windows_editor_x86_64!NoHotPatch+0x3d26bd0
00000035`8afff7f0 00007ff7`80b5e2fa     godot_windows_editor_x86_64!NoHotPatch+0x37ff3cd
00000035`8afff850 00007ffa`ded3e634     godot_windows_editor_x86_64!NoHotPatch+0x4bab61a
00000035`8afff880 00007ffa`ded3e70c     msvcrt!beginthreadex+0x134
00000035`8afff8b0 00007ffa`def9259d     msvcrt!endthreadex+0xac
00000035`8afff8e0 00007ffa`e10aaf78     KERNEL32!BaseThreadInitThunk+0x1d
00000035`8afff910 00000000`00000000     ntdll!RtlUserThreadStart+0x28

  25  Id: 19a58.1d490 Suspend: 1 Teb: 00000035`fe978000 Unfrozen "WorkerThread 16"
Child-SP          RetAddr               Call Site
00000035`8c7ffce8 00007ffa`e10b981b     ntdll!NtWaitForAlertByThreadId+0x14
00000035`8c7ffcf0 00007ffa`de1ffcf9     ntdll!RtlSleepConditionVariableSRW+0x13b
00000035`8c7ffd70 00007ff7`7fcd98b0     KERNELBASE!SleepConditionVariableSRW+0x29
00000035`8c7ffdb0 00007ff7`7f7b20ad     godot_windows_editor_x86_64!NoHotPatch+0x3d26bd0
00000035`8c7ffe40 00007ff7`80b5e2fa     godot_windows_editor_x86_64!NoHotPatch+0x37ff3cd
00000035`8c7ffea0 00007ffa`ded3e634     godot_windows_editor_x86_64!NoHotPatch+0x4bab61a
00000035`8c7ffed0 00007ffa`ded3e70c     msvcrt!beginthreadex+0x134
00000035`8c7fff00 00007ffa`def9259d     msvcrt!endthreadex+0xac
00000035`8c7fff30 00007ffa`e10aaf78     KERNEL32!BaseThreadInitThunk+0x1d
00000035`8c7fff60 00000000`00000000     ntdll!RtlUserThreadStart+0x28

  26  Id: 19a58.e1ec Suspend: 1 Teb: 00000035`fe976000 Unfrozen "WorkerThread 15"
Child-SP          RetAddr               Call Site
00000035`8bfffc98 00007ffa`e10b981b     ntdll!NtWaitForAlertByThreadId+0x14
00000035`8bfffca0 00007ffa`de1ffcf9     ntdll!RtlSleepConditionVariableSRW+0x13b
00000035`8bfffd20 00007ff7`7fcd98b0     KERNELBASE!SleepConditionVariableSRW+0x29
00000035`8bfffd60 00007ff7`7f7b20ad     godot_windows_editor_x86_64!NoHotPatch+0x3d26bd0
00000035`8bfffdf0 00007ff7`80b5e2fa     godot_windows_editor_x86_64!NoHotPatch+0x37ff3cd
00000035`8bfffe50 00007ffa`ded3e634     godot_windows_editor_x86_64!NoHotPatch+0x4bab61a
00000035`8bfffe80 00007ffa`ded3e70c     msvcrt!beginthreadex+0x134
00000035`8bfffeb0 00007ffa`def9259d     msvcrt!endthreadex+0xac
00000035`8bfffee0 00007ffa`e10aaf78     KERNEL32!BaseThreadInitThunk+0x1d
00000035`8bffff10 00000000`00000000     ntdll!RtlUserThreadStart+0x28

  27  Id: 19a58.c864 Suspend: 1 Teb: 00000035`fe97e000 Unfrozen "WorkerThread 19"
Child-SP          RetAddr               Call Site
00000035`8dfff5c8 00007ffa`e10b981b     ntdll!NtWaitForAlertByThreadId+0x14
00000035`8dfff5d0 00007ffa`de1ffcf9     ntdll!RtlSleepConditionVariableSRW+0x13b
00000035`8dfff650 00007ff7`7fcd98b0     KERNELBASE!SleepConditionVariableSRW+0x29
00000035`8dfff690 00007ff7`7f7b20ad     godot_windows_editor_x86_64!NoHotPatch+0x3d26bd0
00000035`8dfff720 00007ff7`80b5e2fa     godot_windows_editor_x86_64!NoHotPatch+0x37ff3cd
00000035`8dfff780 00007ffa`ded3e634     godot_windows_editor_x86_64!NoHotPatch+0x4bab61a
00000035`8dfff7b0 00007ffa`ded3e70c     msvcrt!beginthreadex+0x134
00000035`8dfff7e0 00007ffa`def9259d     msvcrt!endthreadex+0xac
00000035`8dfff810 00007ffa`e10aaf78     KERNEL32!BaseThreadInitThunk+0x1d
00000035`8dfff840 00000000`00000000     ntdll!RtlUserThreadStart+0x28

  28  Id: 19a58.1ac18 Suspend: 1 Teb: 00000035`fe97a000 Unfrozen "WorkerThread 17"
Child-SP          RetAddr               Call Site
00000035`8cfffa08 00007ffa`e10b981b     ntdll!NtWaitForAlertByThreadId+0x14
00000035`8cfffa10 00007ffa`de1ffcf9     ntdll!RtlSleepConditionVariableSRW+0x13b
00000035`8cfffa90 00007ff7`7fcd98b0     KERNELBASE!SleepConditionVariableSRW+0x29
00000035`8cfffad0 00007ff7`7f7b20ad     godot_windows_editor_x86_64!NoHotPatch+0x3d26bd0
00000035`8cfffb60 00007ff7`80b5e2fa     godot_windows_editor_x86_64!NoHotPatch+0x37ff3cd
00000035`8cfffbc0 00007ffa`ded3e634     godot_windows_editor_x86_64!NoHotPatch+0x4bab61a
00000035`8cfffbf0 00007ffa`ded3e70c     msvcrt!beginthreadex+0x134
00000035`8cfffc20 00007ffa`def9259d     msvcrt!endthreadex+0xac
00000035`8cfffc50 00007ffa`e10aaf78     KERNEL32!BaseThreadInitThunk+0x1d
00000035`8cfffc80 00000000`00000000     ntdll!RtlUserThreadStart+0x28

  29  Id: 19a58.1a418 Suspend: 1 Teb: 00000035`fe97c000 Unfrozen "WorkerThread 18"
Child-SP          RetAddr               Call Site
00000035`8d7ff938 00007ffa`e10b981b     ntdll!NtWaitForAlertByThreadId+0x14
00000035`8d7ff940 00007ffa`de1ffcf9     ntdll!RtlSleepConditionVariableSRW+0x13b
00000035`8d7ff9c0 00007ff7`7fcd98b0     KERNELBASE!SleepConditionVariableSRW+0x29
00000035`8d7ffa00 00007ff7`7f7b20ad     godot_windows_editor_x86_64!NoHotPatch+0x3d26bd0
00000035`8d7ffa90 00007ff7`80b5e2fa     godot_windows_editor_x86_64!NoHotPatch+0x37ff3cd
00000035`8d7ffaf0 00007ffa`ded3e634     godot_windows_editor_x86_64!NoHotPatch+0x4bab61a
00000035`8d7ffb20 00007ffa`ded3e70c     msvcrt!beginthreadex+0x134
00000035`8d7ffb50 00007ffa`def9259d     msvcrt!endthreadex+0xac
00000035`8d7ffb80 00007ffa`e10aaf78     KERNEL32!BaseThreadInitThunk+0x1d
00000035`8d7ffbb0 00000000`00000000     ntdll!RtlUserThreadStart+0x28

  30  Id: 19a58.15bd8 Suspend: 1 Teb: 00000035`fe984000 Unfrozen "WorkerThread 22"
Child-SP          RetAddr               Call Site
00000035`8f7ffa38 00007ffa`e10b981b     ntdll!NtWaitForAlertByThreadId+0x14
00000035`8f7ffa40 00007ffa`de1ffcf9     ntdll!RtlSleepConditionVariableSRW+0x13b
00000035`8f7ffac0 00007ff7`7fcd98b0     KERNELBASE!SleepConditionVariableSRW+0x29
00000035`8f7ffb00 00007ff7`7f7b20ad     godot_windows_editor_x86_64!NoHotPatch+0x3d26bd0
00000035`8f7ffb90 00007ff7`80b5e2fa     godot_windows_editor_x86_64!NoHotPatch+0x37ff3cd
00000035`8f7ffbf0 00007ffa`ded3e634     godot_windows_editor_x86_64!NoHotPatch+0x4bab61a
00000035`8f7ffc20 00007ffa`ded3e70c     msvcrt!beginthreadex+0x134
00000035`8f7ffc50 00007ffa`def9259d     msvcrt!endthreadex+0xac
00000035`8f7ffc80 00007ffa`e10aaf78     KERNEL32!BaseThreadInitThunk+0x1d
00000035`8f7ffcb0 00000000`00000000     ntdll!RtlUserThreadStart+0x28

  31  Id: 19a58.1cd48 Suspend: 1 Teb: 00000035`fe980000 Unfrozen "WorkerThread 20"
Child-SP          RetAddr               Call Site
00000035`8e7ff928 00007ffa`e10b981b     ntdll!NtWaitForAlertByThreadId+0x14
00000035`8e7ff930 00007ffa`de1ffcf9     ntdll!RtlSleepConditionVariableSRW+0x13b
00000035`8e7ff9b0 00007ff7`7fcd98b0     KERNELBASE!SleepConditionVariableSRW+0x29
00000035`8e7ff9f0 00007ff7`7f7b20ad     godot_windows_editor_x86_64!NoHotPatch+0x3d26bd0
00000035`8e7ffa80 00007ff7`80b5e2fa     godot_windows_editor_x86_64!NoHotPatch+0x37ff3cd
00000035`8e7ffae0 00007ffa`ded3e634     godot_windows_editor_x86_64!NoHotPatch+0x4bab61a
00000035`8e7ffb10 00007ffa`ded3e70c     msvcrt!beginthreadex+0x134
00000035`8e7ffb40 00007ffa`def9259d     msvcrt!endthreadex+0xac
00000035`8e7ffb70 00007ffa`e10aaf78     KERNEL32!BaseThreadInitThunk+0x1d
00000035`8e7ffba0 00000000`00000000     ntdll!RtlUserThreadStart+0x28

  32  Id: 19a58.1d24c Suspend: 1 Teb: 00000035`fe988000 Unfrozen "WorkerThread 24"
Child-SP          RetAddr               Call Site
00000035`907ffac8 00007ffa`e10b981b     ntdll!NtWaitForAlertByThreadId+0x14
00000035`907ffad0 00007ffa`de1ffcf9     ntdll!RtlSleepConditionVariableSRW+0x13b
00000035`907ffb50 00007ff7`7fcd98b0     KERNELBASE!SleepConditionVariableSRW+0x29
00000035`907ffb90 00007ff7`7f7b20ad     godot_windows_editor_x86_64!NoHotPatch+0x3d26bd0
00000035`907ffc20 00007ff7`80b5e2fa     godot_windows_editor_x86_64!NoHotPatch+0x37ff3cd
00000035`907ffc80 00007ffa`ded3e634     godot_windows_editor_x86_64!NoHotPatch+0x4bab61a
00000035`907ffcb0 00007ffa`ded3e70c     msvcrt!beginthreadex+0x134
00000035`907ffce0 00007ffa`def9259d     msvcrt!endthreadex+0xac
00000035`907ffd10 00007ffa`e10aaf78     KERNEL32!BaseThreadInitThunk+0x1d
00000035`907ffd40 00000000`00000000     ntdll!RtlUserThreadStart+0x28

  33  Id: 19a58.188e0 Suspend: 1 Teb: 00000035`fe986000 Unfrozen "WorkerThread 23"
Child-SP          RetAddr               Call Site
00000035`8ffffa18 00007ffa`e10b981b     ntdll!NtWaitForAlertByThreadId+0x14
00000035`8ffffa20 00007ffa`de1ffcf9     ntdll!RtlSleepConditionVariableSRW+0x13b
00000035`8ffffaa0 00007ff7`7fcd98b0     KERNELBASE!SleepConditionVariableSRW+0x29
00000035`8ffffae0 00007ff7`7f7b20ad     godot_windows_editor_x86_64!NoHotPatch+0x3d26bd0
00000035`8ffffb70 00007ff7`80b5e2fa     godot_windows_editor_x86_64!NoHotPatch+0x37ff3cd
00000035`8ffffbd0 00007ffa`ded3e634     godot_windows_editor_x86_64!NoHotPatch+0x4bab61a
00000035`8ffffc00 00007ffa`ded3e70c     msvcrt!beginthreadex+0x134
00000035`8ffffc30 00007ffa`def9259d     msvcrt!endthreadex+0xac
00000035`8ffffc60 00007ffa`e10aaf78     KERNEL32!BaseThreadInitThunk+0x1d
00000035`8ffffc90 00000000`00000000     ntdll!RtlUserThreadStart+0x28

  34  Id: 19a58.180c4 Suspend: 1 Teb: 00000035`fe982000 Unfrozen "WorkerThread 21"
Child-SP          RetAddr               Call Site
00000035`8efff928 00007ffa`e10b981b     ntdll!NtWaitForAlertByThreadId+0x14
00000035`8efff930 00007ffa`de1ffcf9     ntdll!RtlSleepConditionVariableSRW+0x13b
00000035`8efff9b0 00007ff7`7fcd98b0     KERNELBASE!SleepConditionVariableSRW+0x29
00000035`8efff9f0 00007ff7`7f7b20ad     godot_windows_editor_x86_64!NoHotPatch+0x3d26bd0
00000035`8efffa80 00007ff7`80b5e2fa     godot_windows_editor_x86_64!NoHotPatch+0x37ff3cd
00000035`8efffae0 00007ffa`ded3e634     godot_windows_editor_x86_64!NoHotPatch+0x4bab61a
00000035`8efffb10 00007ffa`ded3e70c     msvcrt!beginthreadex+0x134
00000035`8efffb40 00007ffa`def9259d     msvcrt!endthreadex+0xac
00000035`8efffb70 00007ffa`e10aaf78     KERNEL32!BaseThreadInitThunk+0x1d
00000035`8efffba0 00000000`00000000     ntdll!RtlUserThreadStart+0x28

  35  Id: 19a58.d0e4 Suspend: 1 Teb: 00000035`fe98a000 Unfrozen "WorkerThread 25"
Child-SP          RetAddr               Call Site
00000035`90fffac8 00007ffa`e10b981b     ntdll!NtWaitForAlertByThreadId+0x14
00000035`90fffad0 00007ffa`de1ffcf9     ntdll!RtlSleepConditionVariableSRW+0x13b
00000035`90fffb50 00007ff7`7fcd98b0     KERNELBASE!SleepConditionVariableSRW+0x29
00000035`90fffb90 00007ff7`7f7b20ad     godot_windows_editor_x86_64!NoHotPatch+0x3d26bd0
00000035`90fffc20 00007ff7`80b5e2fa     godot_windows_editor_x86_64!NoHotPatch+0x37ff3cd
00000035`90fffc80 00007ffa`ded3e634     godot_windows_editor_x86_64!NoHotPatch+0x4bab61a
00000035`90fffcb0 00007ffa`ded3e70c     msvcrt!beginthreadex+0x134
00000035`90fffce0 00007ffa`def9259d     msvcrt!endthreadex+0xac
00000035`90fffd10 00007ffa`e10aaf78     KERNEL32!BaseThreadInitThunk+0x1d
00000035`90fffd40 00000000`00000000     ntdll!RtlUserThreadStart+0x28

  36  Id: 19a58.10694 Suspend: 1 Teb: 00000035`fe98c000 Unfrozen "WorkerThread 26"
Child-SP          RetAddr               Call Site
00000035`917ffcb8 00007ffa`e10b981b     ntdll!NtWaitForAlertByThreadId+0x14
00000035`917ffcc0 00007ffa`de1ffcf9     ntdll!RtlSleepConditionVariableSRW+0x13b
00000035`917ffd40 00007ff7`7fcd98b0     KERNELBASE!SleepConditionVariableSRW+0x29
00000035`917ffd80 00007ff7`7f7b20ad     godot_windows_editor_x86_64!NoHotPatch+0x3d26bd0
00000035`917ffe10 00007ff7`80b5e2fa     godot_windows_editor_x86_64!NoHotPatch+0x37ff3cd
00000035`917ffe70 00007ffa`ded3e634     godot_windows_editor_x86_64!NoHotPatch+0x4bab61a
00000035`917ffea0 00007ffa`ded3e70c     msvcrt!beginthreadex+0x134
00000035`917ffed0 00007ffa`def9259d     msvcrt!endthreadex+0xac
00000035`917fff00 00007ffa`e10aaf78     KERNEL32!BaseThreadInitThunk+0x1d
00000035`917fff30 00000000`00000000     ntdll!RtlUserThreadStart+0x28

  37  Id: 19a58.1ae60 Suspend: 1 Teb: 00000035`fe992000 Unfrozen "WorkerThread 29"
Child-SP          RetAddr               Call Site
00000035`92fffb08 00007ffa`e10b981b     ntdll!NtWaitForAlertByThreadId+0x14
00000035`92fffb10 00007ffa`de1ffcf9     ntdll!RtlSleepConditionVariableSRW+0x13b
00000035`92fffb90 00007ff7`7fcd98b0     KERNELBASE!SleepConditionVariableSRW+0x29
00000035`92fffbd0 00007ff7`7f7b20ad     godot_windows_editor_x86_64!NoHotPatch+0x3d26bd0
00000035`92fffc60 00007ff7`80b5e2fa     godot_windows_editor_x86_64!NoHotPatch+0x37ff3cd
00000035`92fffcc0 00007ffa`ded3e634     godot_windows_editor_x86_64!NoHotPatch+0x4bab61a
00000035`92fffcf0 00007ffa`ded3e70c     msvcrt!beginthreadex+0x134
00000035`92fffd20 00007ffa`def9259d     msvcrt!endthreadex+0xac
00000035`92fffd50 00007ffa`e10aaf78     KERNEL32!BaseThreadInitThunk+0x1d
00000035`92fffd80 00000000`00000000     ntdll!RtlUserThreadStart+0x28

  38  Id: 19a58.c288 Suspend: 1 Teb: 00000035`fe994000 Unfrozen "WorkerThread 30"
Child-SP          RetAddr               Call Site
00000035`937ffce8 00007ffa`e10b981b     ntdll!NtWaitForAlertByThreadId+0x14
00000035`937ffcf0 00007ffa`de1ffcf9     ntdll!RtlSleepConditionVariableSRW+0x13b
00000035`937ffd70 00007ff7`7fcd98b0     KERNELBASE!SleepConditionVariableSRW+0x29
00000035`937ffdb0 00007ff7`7f7b20ad     godot_windows_editor_x86_64!NoHotPatch+0x3d26bd0
00000035`937ffe40 00007ff7`80b5e2fa     godot_windows_editor_x86_64!NoHotPatch+0x37ff3cd
00000035`937ffea0 00007ffa`ded3e634     godot_windows_editor_x86_64!NoHotPatch+0x4bab61a
00000035`937ffed0 00007ffa`ded3e70c     msvcrt!beginthreadex+0x134
00000035`937fff00 00007ffa`def9259d     msvcrt!endthreadex+0xac
00000035`937fff30 00007ffa`e10aaf78     KERNEL32!BaseThreadInitThunk+0x1d
00000035`937fff60 00000000`00000000     ntdll!RtlUserThreadStart+0x28

  39  Id: 19a58.1ab60 Suspend: 1 Teb: 00000035`fe996000 Unfrozen "WorkerThread 31"
Child-SP          RetAddr               Call Site
00000035`93fffa08 00007ffa`e10b981b     ntdll!NtWaitForAlertByThreadId+0x14
00000035`93fffa10 00007ffa`de1ffcf9     ntdll!RtlSleepConditionVariableSRW+0x13b
00000035`93fffa90 00007ff7`7fcd98b0     KERNELBASE!SleepConditionVariableSRW+0x29
00000035`93fffad0 00007ff7`7f7b20ad     godot_windows_editor_x86_64!NoHotPatch+0x3d26bd0
00000035`93fffb60 00007ff7`80b5e2fa     godot_windows_editor_x86_64!NoHotPatch+0x37ff3cd
00000035`93fffbc0 00007ffa`ded3e634     godot_windows_editor_x86_64!NoHotPatch+0x4bab61a
00000035`93fffbf0 00007ffa`ded3e70c     msvcrt!beginthreadex+0x134
00000035`93fffc20 00007ffa`def9259d     msvcrt!endthreadex+0xac
00000035`93fffc50 00007ffa`e10aaf78     KERNEL32!BaseThreadInitThunk+0x1d
00000035`93fffc80 00000000`00000000     ntdll!RtlUserThreadStart+0x28

  40  Id: 19a58.15c6c Suspend: 1 Teb: 00000035`fe98e000 Unfrozen "WorkerThread 27"
Child-SP          RetAddr               Call Site
00000035`91fff538 00007ffa`e10b981b     ntdll!NtWaitForAlertByThreadId+0x14
00000035`91fff540 00007ffa`de1ffcf9     ntdll!RtlSleepConditionVariableSRW+0x13b
00000035`91fff5c0 00007ff7`7fcd98b0     KERNELBASE!SleepConditionVariableSRW+0x29
00000035`91fff600 00007ff7`7f7b20ad     godot_windows_editor_x86_64!NoHotPatch+0x3d26bd0
00000035`91fff690 00007ff7`80b5e2fa     godot_windows_editor_x86_64!NoHotPatch+0x37ff3cd
00000035`91fff6f0 00007ffa`ded3e634     godot_windows_editor_x86_64!NoHotPatch+0x4bab61a
00000035`91fff720 00007ffa`ded3e70c     msvcrt!beginthreadex+0x134
00000035`91fff750 00007ffa`def9259d     msvcrt!endthreadex+0xac
00000035`91fff780 00007ffa`e10aaf78     KERNEL32!BaseThreadInitThunk+0x1d
00000035`91fff7b0 00000000`00000000     ntdll!RtlUserThreadStart+0x28

  41  Id: 19a58.16264 Suspend: 1 Teb: 00000035`fe990000 Unfrozen "WorkerThread 28"
Child-SP          RetAddr               Call Site
00000035`927ff8c8 00007ffa`e10b981b     ntdll!NtWaitForAlertByThreadId+0x14
00000035`927ff8d0 00007ffa`de1ffcf9     ntdll!RtlSleepConditionVariableSRW+0x13b
00000035`927ff950 00007ff7`7fcd98b0     KERNELBASE!SleepConditionVariableSRW+0x29
00000035`927ff990 00007ff7`7f7b20ad     godot_windows_editor_x86_64!NoHotPatch+0x3d26bd0
00000035`927ffa20 00007ff7`80b5e2fa     godot_windows_editor_x86_64!NoHotPatch+0x37ff3cd
00000035`927ffa80 00007ffa`ded3e634     godot_windows_editor_x86_64!NoHotPatch+0x4bab61a
00000035`927ffab0 00007ffa`ded3e70c     msvcrt!beginthreadex+0x134
00000035`927ffae0 00007ffa`def9259d     msvcrt!endthreadex+0xac
00000035`927ffb10 00007ffa`e10aaf78     KERNEL32!BaseThreadInitThunk+0x1d
00000035`927ffb40 00000000`00000000     ntdll!RtlUserThreadStart+0x28

  42  Id: 19a58.19488 Suspend: 1 Teb: 00000035`fe998000 Unfrozen
Child-SP          RetAddr               Call Site
00000035`947ff978 00007ffa`e10a56d3     ntdll!ZwDelayExecution+0x14
00000035`947ff980 00007ffa`de1da3ed     ntdll!RtlDelayExecution+0x43
00000035`947ff9b0 00007ff7`7f0794b6     KERNELBASE!SleepEx+0x7d
00000035`947ffa30 00007ff7`7f7b20ad     godot_windows_editor_x86_64!NoHotPatch+0x30c67d6
00000035`947ffa90 00007ff7`80b5e2fa     godot_windows_editor_x86_64!NoHotPatch+0x37ff3cd
00000035`947ffaf0 00007ffa`ded3e634     godot_windows_editor_x86_64!NoHotPatch+0x4bab61a
00000035`947ffb20 00007ffa`ded3e70c     msvcrt!beginthreadex+0x134
00000035`947ffb50 00007ffa`def9259d     msvcrt!endthreadex+0xac
00000035`947ffb80 00007ffa`e10aaf78     KERNEL32!BaseThreadInitThunk+0x1d
00000035`947ffbb0 00000000`00000000     ntdll!RtlUserThreadStart+0x28

  43  Id: 19a58.4cb8 Suspend: 1 Teb: 00000035`fe99a000 Unfrozen
Child-SP          RetAddr               Call Site
00000035`94fff4f8 00007ffa`de1e6869     ntdll!ZwWaitForMultipleObjects+0x14
00000035`94fff500 00007ffa`de1e676e     KERNELBASE!WaitForMultipleObjectsEx+0xe9
00000035`94fff7e0 00007ff7`8077bf39     KERNELBASE!WaitForMultipleObjects+0xe
00000035`94fff820 00007ff7`8077c1dd     godot_windows_editor_x86_64!NoHotPatch+0x47c9259
00000035`94fff880 00007ff7`8077c886     godot_windows_editor_x86_64!NoHotPatch+0x47c94fd
00000035`94fff8f0 00007ff7`80f1346b     godot_windows_editor_x86_64!NoHotPatch+0x47c9ba6
00000035`94fff9b0 00007ff7`8239c2bf     godot_windows_editor_x86_64!NoHotPatch+0x4f6078b
00000035`94fffa40 00007ff7`8077f5fb     godot_windows_editor_x86_64!NoHotPatch+0x63e95df
00000035`94fffa80 00007ffa`ded3e634     godot_windows_editor_x86_64!NoHotPatch+0x47cc91b
00000035`94fffac0 00007ffa`ded3e70c     msvcrt!beginthreadex+0x134
00000035`94fffaf0 00007ffa`def9259d     msvcrt!endthreadex+0xac
00000035`94fffb20 00007ffa`e10aaf78     KERNEL32!BaseThreadInitThunk+0x1d
00000035`94fffb50 00000000`00000000     ntdll!RtlUserThreadStart+0x28

  44  Id: 19a58.17cfc Suspend: 1 Teb: 00000035`fe99c000 Unfrozen
Child-SP          RetAddr               Call Site
00000035`957ff508 00007ffa`e10858ae     ntdll!NtWaitForWorkViaWorkerFactory+0x14
00000035`957ff510 00007ffa`def9259d     ntdll!RtlClearThreadWorkOnBehalfTicket+0x35e
00000035`957ff7f0 00007ffa`e10aaf78     KERNEL32!BaseThreadInitThunk+0x1d
00000035`957ff820 00000000`00000000     ntdll!RtlUserThreadStart+0x28

  45  Id: 19a58.1b8c4 Suspend: 1 Teb: 00000035`fe9a0000 Unfrozen
Child-SP          RetAddr               Call Site
00000035`837ff828 00007ffa`e10858ae     ntdll!NtWaitForWorkViaWorkerFactory+0x14
00000035`837ff830 00007ffa`def9259d     ntdll!RtlClearThreadWorkOnBehalfTicket+0x35e
00000035`837ffb10 00007ffa`e10aaf78     KERNEL32!BaseThreadInitThunk+0x1d
00000035`837ffb40 00000000`00000000     ntdll!RtlUserThreadStart+0x28

  46  Id: 19a58.1929c Suspend: 1 Teb: 00000035`fe9a2000 Unfrozen
Child-SP          RetAddr               Call Site
00000035`967ff998 00007ffa`e10b981b     ntdll!NtWaitForAlertByThreadId+0x14
00000035`967ff9a0 00007ffa`de1ffcf9     ntdll!RtlSleepConditionVariableSRW+0x13b
*** WARNING: Unable to verify checksum for D:\Godot\ProjectKeynes\Project.Keynes\Project\project-keynes\addons\dots_ext\bin\windows\dots_ext.windows.template_debug.x86_64.dll
00000035`967ffa20 00007ff9`da38f46a     KERNELBASE!SleepConditionVariableSRW+0x29
00000035`967ffa60 00007ff9`d9f7c361     dots_ext_windows_template_debug_x86_64!std::`dynamic atexit destructor for 'initlocks''+0xbcd0a
00000035`967ffa90 00007ff9`d9f7b9b4     dots_ext_windows_template_debug_x86_64!godot::HashMap<godot::StringName,int,godot::HashMapHasherDefault,godot::HashMapComparatorDefault<godot::StringName>,godot::DefaultTypedAllocator<godot::HashMapElement<godot::StringName,int> > >::~HashMap<godot::StringName,int,godot::HashMapHasherDefault,godot::HashMapComparatorDefault<godot::StringName>,godot::DefaultTypedAllocator<godot::HashMapElement<godot::StringName,int> > >+0xa1
00000035`967ffaf0 00007ff9`da3996cb     dots_ext_windows_template_debug_x86_64!pk::DCWorldExt::DCWorldExt+0x944
00000035`967ffb20 00007ffa`def9259d     dots_ext_windows_template_debug_x86_64!std::`dynamic atexit destructor for 'initlocks''+0xc6f6b
00000035`967ffb50 00007ffa`e10aaf78     KERNEL32!BaseThreadInitThunk+0x1d
00000035`967ffb80 00000000`00000000     ntdll!RtlUserThreadStart+0x28

  47  Id: 19a58.8504 Suspend: 1 Teb: 00000035`fe9a4000 Unfrozen
Child-SP          RetAddr               Call Site
00000035`96fff748 00007ffa`e10b981b     ntdll!NtWaitForAlertByThreadId+0x14
00000035`96fff750 00007ffa`de1ffcf9     ntdll!RtlSleepConditionVariableSRW+0x13b
00000035`96fff7d0 00007ff9`da38f46a     KERNELBASE!SleepConditionVariableSRW+0x29
00000035`96fff810 00007ff9`d9f7c361     dots_ext_windows_template_debug_x86_64!std::`dynamic atexit destructor for 'initlocks''+0xbcd0a
00000035`96fff840 00007ff9`d9f7b9b4     dots_ext_windows_template_debug_x86_64!godot::HashMap<godot::StringName,int,godot::HashMapHasherDefault,godot::HashMapComparatorDefault<godot::StringName>,godot::DefaultTypedAllocator<godot::HashMapElement<godot::StringName,int> > >::~HashMap<godot::StringName,int,godot::HashMapHasherDefault,godot::HashMapComparatorDefault<godot::StringName>,godot::DefaultTypedAllocator<godot::HashMapElement<godot::StringName,int> > >+0xa1
00000035`96fff8a0 00007ff9`da3996cb     dots_ext_windows_template_debug_x86_64!pk::DCWorldExt::DCWorldExt+0x944
00000035`96fff8d0 00007ffa`def9259d     dots_ext_windows_template_debug_x86_64!std::`dynamic atexit destructor for 'initlocks''+0xc6f6b
00000035`96fff900 00007ffa`e10aaf78     KERNEL32!BaseThreadInitThunk+0x1d
00000035`96fff930 00000000`00000000     ntdll!RtlUserThreadStart+0x28

  48  Id: 19a58.1c618 Suspend: 1 Teb: 00000035`fe9a8000 Unfrozen
Child-SP          RetAddr               Call Site
00000035`97fffbc8 00007ffa`e10b981b     ntdll!NtWaitForAlertByThreadId+0x14
00000035`97fffbd0 00007ffa`de1ffcf9     ntdll!RtlSleepConditionVariableSRW+0x13b
00000035`97fffc50 00007ff9`da38f46a     KERNELBASE!SleepConditionVariableSRW+0x29
00000035`97fffc90 00007ff9`d9f7c361     dots_ext_windows_template_debug_x86_64!std::`dynamic atexit destructor for 'initlocks''+0xbcd0a
00000035`97fffcc0 00007ff9`d9f7b9b4     dots_ext_windows_template_debug_x86_64!godot::HashMap<godot::StringName,int,godot::HashMapHasherDefault,godot::HashMapComparatorDefault<godot::StringName>,godot::DefaultTypedAllocator<godot::HashMapElement<godot::StringName,int> > >::~HashMap<godot::StringName,int,godot::HashMapHasherDefault,godot::HashMapComparatorDefault<godot::StringName>,godot::DefaultTypedAllocator<godot::HashMapElement<godot::StringName,int> > >+0xa1
00000035`97fffd20 00007ff9`da3996cb     dots_ext_windows_template_debug_x86_64!pk::DCWorldExt::DCWorldExt+0x944
00000035`97fffd50 00007ffa`def9259d     dots_ext_windows_template_debug_x86_64!std::`dynamic atexit destructor for 'initlocks''+0xc6f6b
00000035`97fffd80 00007ffa`e10aaf78     KERNEL32!BaseThreadInitThunk+0x1d
00000035`97fffdb0 00000000`00000000     ntdll!RtlUserThreadStart+0x28

  49  Id: 19a58.17c04 Suspend: 1 Teb: 00000035`fe9a6000 Unfrozen
Child-SP          RetAddr               Call Site
00000035`977ff728 00007ffa`e10b981b     ntdll!NtWaitForAlertByThreadId+0x14
00000035`977ff730 00007ffa`de1ffcf9     ntdll!RtlSleepConditionVariableSRW+0x13b
00000035`977ff7b0 00007ff9`da38f46a     KERNELBASE!SleepConditionVariableSRW+0x29
00000035`977ff7f0 00007ff9`d9f7c361     dots_ext_windows_template_debug_x86_64!std::`dynamic atexit destructor for 'initlocks''+0xbcd0a
00000035`977ff820 00007ff9`d9f7b9b4     dots_ext_windows_template_debug_x86_64!godot::HashMap<godot::StringName,int,godot::HashMapHasherDefault,godot::HashMapComparatorDefault<godot::StringName>,godot::DefaultTypedAllocator<godot::HashMapElement<godot::StringName,int> > >::~HashMap<godot::StringName,int,godot::HashMapHasherDefault,godot::HashMapComparatorDefault<godot::StringName>,godot::DefaultTypedAllocator<godot::HashMapElement<godot::StringName,int> > >+0xa1
00000035`977ff880 00007ff9`da3996cb     dots_ext_windows_template_debug_x86_64!pk::DCWorldExt::DCWorldExt+0x944
00000035`977ff8b0 00007ffa`def9259d     dots_ext_windows_template_debug_x86_64!std::`dynamic atexit destructor for 'initlocks''+0xc6f6b
00000035`977ff8e0 00007ffa`e10aaf78     KERNEL32!BaseThreadInitThunk+0x1d
00000035`977ff910 00000000`00000000     ntdll!RtlUserThreadStart+0x28

  50  Id: 19a58.2894 Suspend: 1 Teb: 00000035`fe9aa000 Unfrozen
Child-SP          RetAddr               Call Site
00000035`987ff668 00007ffa`e10b981b     ntdll!NtWaitForAlertByThreadId+0x14
00000035`987ff670 00007ffa`de1ffcf9     ntdll!RtlSleepConditionVariableSRW+0x13b
00000035`987ff6f0 00007ff9`da38f46a     KERNELBASE!SleepConditionVariableSRW+0x29
00000035`987ff730 00007ff9`d9f7c361     dots_ext_windows_template_debug_x86_64!std::`dynamic atexit destructor for 'initlocks''+0xbcd0a
00000035`987ff760 00007ff9`d9f7b9b4     dots_ext_windows_template_debug_x86_64!godot::HashMap<godot::StringName,int,godot::HashMapHasherDefault,godot::HashMapComparatorDefault<godot::StringName>,godot::DefaultTypedAllocator<godot::HashMapElement<godot::StringName,int> > >::~HashMap<godot::StringName,int,godot::HashMapHasherDefault,godot::HashMapComparatorDefault<godot::StringName>,godot::DefaultTypedAllocator<godot::HashMapElement<godot::StringName,int> > >+0xa1
00000035`987ff7c0 00007ff9`da3996cb     dots_ext_windows_template_debug_x86_64!pk::DCWorldExt::DCWorldExt+0x944
00000035`987ff7f0 00007ffa`def9259d     dots_ext_windows_template_debug_x86_64!std::`dynamic atexit destructor for 'initlocks''+0xc6f6b
00000035`987ff820 00007ffa`e10aaf78     KERNEL32!BaseThreadInitThunk+0x1d
00000035`987ff850 00000000`00000000     ntdll!RtlUserThreadStart+0x28

  51  Id: 19a58.16958 Suspend: 1 Teb: 00000035`fe9ac000 Unfrozen
Child-SP          RetAddr               Call Site
00000035`98fffd68 00007ffa`e10b981b     ntdll!NtWaitForAlertByThreadId+0x14
00000035`98fffd70 00007ffa`de1ffcf9     ntdll!RtlSleepConditionVariableSRW+0x13b
00000035`98fffdf0 00007ff9`da38f46a     KERNELBASE!SleepConditionVariableSRW+0x29
00000035`98fffe30 00007ff9`d9f7c361     dots_ext_windows_template_debug_x86_64!std::`dynamic atexit destructor for 'initlocks''+0xbcd0a
00000035`98fffe60 00007ff9`d9f7b9b4     dots_ext_windows_template_debug_x86_64!godot::HashMap<godot::StringName,int,godot::HashMapHasherDefault,godot::HashMapComparatorDefault<godot::StringName>,godot::DefaultTypedAllocator<godot::HashMapElement<godot::StringName,int> > >::~HashMap<godot::StringName,int,godot::HashMapHasherDefault,godot::HashMapComparatorDefault<godot::StringName>,godot::DefaultTypedAllocator<godot::HashMapElement<godot::StringName,int> > >+0xa1
00000035`98fffec0 00007ff9`da3996cb     dots_ext_windows_template_debug_x86_64!pk::DCWorldExt::DCWorldExt+0x944
00000035`98fffef0 00007ffa`def9259d     dots_ext_windows_template_debug_x86_64!std::`dynamic atexit destructor for 'initlocks''+0xc6f6b
00000035`98ffff20 00007ffa`e10aaf78     KERNEL32!BaseThreadInitThunk+0x1d
00000035`98ffff50 00000000`00000000     ntdll!RtlUserThreadStart+0x28

  52  Id: 19a58.cb48 Suspend: 1 Teb: 00000035`fe9ae000 Unfrozen
Child-SP          RetAddr               Call Site
00000035`997ffa48 00007ffa`e10b981b     ntdll!NtWaitForAlertByThreadId+0x14
00000035`997ffa50 00007ffa`de1ffcf9     ntdll!RtlSleepConditionVariableSRW+0x13b
00000035`997ffad0 00007ff9`da38f46a     KERNELBASE!SleepConditionVariableSRW+0x29
00000035`997ffb10 00007ff9`d9f7c361     dots_ext_windows_template_debug_x86_64!std::`dynamic atexit destructor for 'initlocks''+0xbcd0a
00000035`997ffb40 00007ff9`d9f7b9b4     dots_ext_windows_template_debug_x86_64!godot::HashMap<godot::StringName,int,godot::HashMapHasherDefault,godot::HashMapComparatorDefault<godot::StringName>,godot::DefaultTypedAllocator<godot::HashMapElement<godot::StringName,int> > >::~HashMap<godot::StringName,int,godot::HashMapHasherDefault,godot::HashMapComparatorDefault<godot::StringName>,godot::DefaultTypedAllocator<godot::HashMapElement<godot::StringName,int> > >+0xa1
00000035`997ffba0 00007ff9`da3996cb     dots_ext_windows_template_debug_x86_64!pk::DCWorldExt::DCWorldExt+0x944
00000035`997ffbd0 00007ffa`def9259d     dots_ext_windows_template_debug_x86_64!std::`dynamic atexit destructor for 'initlocks''+0xc6f6b
00000035`997ffc00 00007ffa`e10aaf78     KERNEL32!BaseThreadInitThunk+0x1d
00000035`997ffc30 00000000`00000000     ntdll!RtlUserThreadStart+0x28

  53  Id: 19a58.ab54 Suspend: 1 Teb: 00000035`fe9b2000 Unfrozen
Child-SP          RetAddr               Call Site
00000035`9a7ffa98 00007ffa`e10b981b     ntdll!NtWaitForAlertByThreadId+0x14
00000035`9a7ffaa0 00007ffa`de1ffcf9     ntdll!RtlSleepConditionVariableSRW+0x13b
00000035`9a7ffb20 00007ff9`da38f46a     KERNELBASE!SleepConditionVariableSRW+0x29
00000035`9a7ffb60 00007ff9`d9f7c361     dots_ext_windows_template_debug_x86_64!std::`dynamic atexit destructor for 'initlocks''+0xbcd0a
00000035`9a7ffb90 00007ff9`d9f7b9b4     dots_ext_windows_template_debug_x86_64!godot::HashMap<godot::StringName,int,godot::HashMapHasherDefault,godot::HashMapComparatorDefault<godot::StringName>,godot::DefaultTypedAllocator<godot::HashMapElement<godot::StringName,int> > >::~HashMap<godot::StringName,int,godot::HashMapHasherDefault,godot::HashMapComparatorDefault<godot::StringName>,godot::DefaultTypedAllocator<godot::HashMapElement<godot::StringName,int> > >+0xa1
00000035`9a7ffbf0 00007ff9`da3996cb     dots_ext_windows_template_debug_x86_64!pk::DCWorldExt::DCWorldExt+0x944
00000035`9a7ffc20 00007ffa`def9259d     dots_ext_windows_template_debug_x86_64!std::`dynamic atexit destructor for 'initlocks''+0xc6f6b
00000035`9a7ffc50 00007ffa`e10aaf78     KERNEL32!BaseThreadInitThunk+0x1d
00000035`9a7ffc80 00000000`00000000     ntdll!RtlUserThreadStart+0x28

  54  Id: 19a58.1918c Suspend: 1 Teb: 00000035`fe9b4000 Unfrozen
Child-SP          RetAddr               Call Site
00000035`9afffb48 00007ffa`e10b981b     ntdll!NtWaitForAlertByThreadId+0x14
00000035`9afffb50 00007ffa`de1ffcf9     ntdll!RtlSleepConditionVariableSRW+0x13b
00000035`9afffbd0 00007ff9`da38f46a     KERNELBASE!SleepConditionVariableSRW+0x29
00000035`9afffc10 00007ff9`d9f7c361     dots_ext_windows_template_debug_x86_64!std::`dynamic atexit destructor for 'initlocks''+0xbcd0a
00000035`9afffc40 00007ff9`d9f7b9b4     dots_ext_windows_template_debug_x86_64!godot::HashMap<godot::StringName,int,godot::HashMapHasherDefault,godot::HashMapComparatorDefault<godot::StringName>,godot::DefaultTypedAllocator<godot::HashMapElement<godot::StringName,int> > >::~HashMap<godot::StringName,int,godot::HashMapHasherDefault,godot::HashMapComparatorDefault<godot::StringName>,godot::DefaultTypedAllocator<godot::HashMapElement<godot::StringName,int> > >+0xa1
00000035`9afffca0 00007ff9`da3996cb     dots_ext_windows_template_debug_x86_64!pk::DCWorldExt::DCWorldExt+0x944
00000035`9afffcd0 00007ffa`def9259d     dots_ext_windows_template_debug_x86_64!std::`dynamic atexit destructor for 'initlocks''+0xc6f6b
00000035`9afffd00 00007ffa`e10aaf78     KERNEL32!BaseThreadInitThunk+0x1d
00000035`9afffd30 00000000`00000000     ntdll!RtlUserThreadStart+0x28

  55  Id: 19a58.18d1c Suspend: 1 Teb: 00000035`fe9b0000 Unfrozen
Child-SP          RetAddr               Call Site
00000035`99fff688 00007ffa`e10b981b     ntdll!NtWaitForAlertByThreadId+0x14
00000035`99fff690 00007ffa`de1ffcf9     ntdll!RtlSleepConditionVariableSRW+0x13b
00000035`99fff710 00007ff9`da38f46a     KERNELBASE!SleepConditionVariableSRW+0x29
00000035`99fff750 00007ff9`d9f7c361     dots_ext_windows_template_debug_x86_64!std::`dynamic atexit destructor for 'initlocks''+0xbcd0a
00000035`99fff780 00007ff9`d9f7b9b4     dots_ext_windows_template_debug_x86_64!godot::HashMap<godot::StringName,int,godot::HashMapHasherDefault,godot::HashMapComparatorDefault<godot::StringName>,godot::DefaultTypedAllocator<godot::HashMapElement<godot::StringName,int> > >::~HashMap<godot::StringName,int,godot::HashMapHasherDefault,godot::HashMapComparatorDefault<godot::StringName>,godot::DefaultTypedAllocator<godot::HashMapElement<godot::StringName,int> > >+0xa1
00000035`99fff7e0 00007ff9`da3996cb     dots_ext_windows_template_debug_x86_64!pk::DCWorldExt::DCWorldExt+0x944
00000035`99fff810 00007ffa`def9259d     dots_ext_windows_template_debug_x86_64!std::`dynamic atexit destructor for 'initlocks''+0xc6f6b
00000035`99fff840 00007ffa`e10aaf78     KERNEL32!BaseThreadInitThunk+0x1d
00000035`99fff870 00000000`00000000     ntdll!RtlUserThreadStart+0x28

  56  Id: 19a58.13694 Suspend: 1 Teb: 00000035`fe9b6000 Unfrozen
Child-SP          RetAddr               Call Site
00000035`9b7ff588 00007ffa`e10b981b     ntdll!NtWaitForAlertByThreadId+0x14
00000035`9b7ff590 00007ffa`de1ffcf9     ntdll!RtlSleepConditionVariableSRW+0x13b
00000035`9b7ff610 00007ff9`da38f46a     KERNELBASE!SleepConditionVariableSRW+0x29
00000035`9b7ff650 00007ff9`d9f7c361     dots_ext_windows_template_debug_x86_64!std::`dynamic atexit destructor for 'initlocks''+0xbcd0a
00000035`9b7ff680 00007ff9`d9f7b9b4     dots_ext_windows_template_debug_x86_64!godot::HashMap<godot::StringName,int,godot::HashMapHasherDefault,godot::HashMapComparatorDefault<godot::StringName>,godot::DefaultTypedAllocator<godot::HashMapElement<godot::StringName,int> > >::~HashMap<godot::StringName,int,godot::HashMapHasherDefault,godot::HashMapComparatorDefault<godot::StringName>,godot::DefaultTypedAllocator<godot::HashMapElement<godot::StringName,int> > >+0xa1
00000035`9b7ff6e0 00007ff9`da3996cb     dots_ext_windows_template_debug_x86_64!pk::DCWorldExt::DCWorldExt+0x944
00000035`9b7ff710 00007ffa`def9259d     dots_ext_windows_template_debug_x86_64!std::`dynamic atexit destructor for 'initlocks''+0xc6f6b
00000035`9b7ff740 00007ffa`e10aaf78     KERNEL32!BaseThreadInitThunk+0x1d
00000035`9b7ff770 00000000`00000000     ntdll!RtlUserThreadStart+0x28

  57  Id: 19a58.1a05c Suspend: 1 Teb: 00000035`fe9b8000 Unfrozen
Child-SP          RetAddr               Call Site
00000035`9bfff968 00007ffa`e10b981b     ntdll!NtWaitForAlertByThreadId+0x14
00000035`9bfff970 00007ffa`de1ffcf9     ntdll!RtlSleepConditionVariableSRW+0x13b
00000035`9bfff9f0 00007ff9`da38f46a     KERNELBASE!SleepConditionVariableSRW+0x29
00000035`9bfffa30 00007ff9`d9f7c361     dots_ext_windows_template_debug_x86_64!std::`dynamic atexit destructor for 'initlocks''+0xbcd0a
00000035`9bfffa60 00007ff9`d9f7b9b4     dots_ext_windows_template_debug_x86_64!godot::HashMap<godot::StringName,int,godot::HashMapHasherDefault,godot::HashMapComparatorDefault<godot::StringName>,godot::DefaultTypedAllocator<godot::HashMapElement<godot::StringName,int> > >::~HashMap<godot::StringName,int,godot::HashMapHasherDefault,godot::HashMapComparatorDefault<godot::StringName>,godot::DefaultTypedAllocator<godot::HashMapElement<godot::StringName,int> > >+0xa1
00000035`9bfffac0 00007ff9`da3996cb     dots_ext_windows_template_debug_x86_64!pk::DCWorldExt::DCWorldExt+0x944
00000035`9bfffaf0 00007ffa`def9259d     dots_ext_windows_template_debug_x86_64!std::`dynamic atexit destructor for 'initlocks''+0xc6f6b
00000035`9bfffb20 00007ffa`e10aaf78     KERNEL32!BaseThreadInitThunk+0x1d
00000035`9bfffb50 00000000`00000000     ntdll!RtlUserThreadStart+0x28

  58  Id: 19a58.1b610 Suspend: 1 Teb: 00000035`fe9ba000 Unfrozen
Child-SP          RetAddr               Call Site
00000035`9c7ffa18 00007ffa`e10b981b     ntdll!NtWaitForAlertByThreadId+0x14
00000035`9c7ffa20 00007ffa`de1ffcf9     ntdll!RtlSleepConditionVariableSRW+0x13b
00000035`9c7ffaa0 00007ff9`da38f46a     KERNELBASE!SleepConditionVariableSRW+0x29
00000035`9c7ffae0 00007ff9`d9f7c361     dots_ext_windows_template_debug_x86_64!std::`dynamic atexit destructor for 'initlocks''+0xbcd0a
00000035`9c7ffb10 00007ff9`d9f7b9b4     dots_ext_windows_template_debug_x86_64!godot::HashMap<godot::StringName,int,godot::HashMapHasherDefault,godot::HashMapComparatorDefault<godot::StringName>,godot::DefaultTypedAllocator<godot::HashMapElement<godot::StringName,int> > >::~HashMap<godot::StringName,int,godot::HashMapHasherDefault,godot::HashMapComparatorDefault<godot::StringName>,godot::DefaultTypedAllocator<godot::HashMapElement<godot::StringName,int> > >+0xa1
00000035`9c7ffb70 00007ff9`da3996cb     dots_ext_windows_template_debug_x86_64!pk::DCWorldExt::DCWorldExt+0x944
00000035`9c7ffba0 00007ffa`def9259d     dots_ext_windows_template_debug_x86_64!std::`dynamic atexit destructor for 'initlocks''+0xc6f6b
00000035`9c7ffbd0 00007ffa`e10aaf78     KERNEL32!BaseThreadInitThunk+0x1d
00000035`9c7ffc00 00000000`00000000     ntdll!RtlUserThreadStart+0x28

  59  Id: 19a58.1d9bc Suspend: 1 Teb: 00000035`fe9bc000 Unfrozen
Child-SP          RetAddr               Call Site
00000035`9cfff798 00007ffa`e10b981b     ntdll!NtWaitForAlertByThreadId+0x14
00000035`9cfff7a0 00007ffa`de1ffcf9     ntdll!RtlSleepConditionVariableSRW+0x13b
00000035`9cfff820 00007ff9`da38f46a     KERNELBASE!SleepConditionVariableSRW+0x29
00000035`9cfff860 00007ff9`d9f7c361     dots_ext_windows_template_debug_x86_64!std::`dynamic atexit destructor for 'initlocks''+0xbcd0a
00000035`9cfff890 00007ff9`d9f7b9b4     dots_ext_windows_template_debug_x86_64!godot::HashMap<godot::StringName,int,godot::HashMapHasherDefault,godot::HashMapComparatorDefault<godot::StringName>,godot::DefaultTypedAllocator<godot::HashMapElement<godot::StringName,int> > >::~HashMap<godot::StringName,int,godot::HashMapHasherDefault,godot::HashMapComparatorDefault<godot::StringName>,godot::DefaultTypedAllocator<godot::HashMapElement<godot::StringName,int> > >+0xa1
00000035`9cfff8f0 00007ff9`da3996cb     dots_ext_windows_template_debug_x86_64!pk::DCWorldExt::DCWorldExt+0x944
00000035`9cfff920 00007ffa`def9259d     dots_ext_windows_template_debug_x86_64!std::`dynamic atexit destructor for 'initlocks''+0xc6f6b
00000035`9cfff950 00007ffa`e10aaf78     KERNEL32!BaseThreadInitThunk+0x1d
00000035`9cfff980 00000000`00000000     ntdll!RtlUserThreadStart+0x28

  60  Id: 19a58.198ac Suspend: 1 Teb: 00000035`fe9c0000 Unfrozen
Child-SP          RetAddr               Call Site
00000035`9dfff888 00007ffa`e10b981b     ntdll!NtWaitForAlertByThreadId+0x14
00000035`9dfff890 00007ffa`de1ffcf9     ntdll!RtlSleepConditionVariableSRW+0x13b
00000035`9dfff910 00007ff9`da38f46a     KERNELBASE!SleepConditionVariableSRW+0x29
00000035`9dfff950 00007ff9`d9f7c361     dots_ext_windows_template_debug_x86_64!std::`dynamic atexit destructor for 'initlocks''+0xbcd0a
00000035`9dfff980 00007ff9`d9f7b9b4     dots_ext_windows_template_debug_x86_64!godot::HashMap<godot::StringName,int,godot::HashMapHasherDefault,godot::HashMapComparatorDefault<godot::StringName>,godot::DefaultTypedAllocator<godot::HashMapElement<godot::StringName,int> > >::~HashMap<godot::StringName,int,godot::HashMapHasherDefault,godot::HashMapComparatorDefault<godot::StringName>,godot::DefaultTypedAllocator<godot::HashMapElement<godot::StringName,int> > >+0xa1
00000035`9dfff9e0 00007ff9`da3996cb     dots_ext_windows_template_debug_x86_64!pk::DCWorldExt::DCWorldExt+0x944
00000035`9dfffa10 00007ffa`def9259d     dots_ext_windows_template_debug_x86_64!std::`dynamic atexit destructor for 'initlocks''+0xc6f6b
00000035`9dfffa40 00007ffa`e10aaf78     KERNEL32!BaseThreadInitThunk+0x1d
00000035`9dfffa70 00000000`00000000     ntdll!RtlUserThreadStart+0x28

  61  Id: 19a58.18ba4 Suspend: 1 Teb: 00000035`fe9be000 Unfrozen
Child-SP          RetAddr               Call Site
00000035`9d7ff7c8 00007ffa`e10b981b     ntdll!NtWaitForAlertByThreadId+0x14
00000035`9d7ff7d0 00007ffa`de1ffcf9     ntdll!RtlSleepConditionVariableSRW+0x13b
00000035`9d7ff850 00007ff9`da38f46a     KERNELBASE!SleepConditionVariableSRW+0x29
00000035`9d7ff890 00007ff9`d9f7c361     dots_ext_windows_template_debug_x86_64!std::`dynamic atexit destructor for 'initlocks''+0xbcd0a
00000035`9d7ff8c0 00007ff9`d9f7b9b4     dots_ext_windows_template_debug_x86_64!godot::HashMap<godot::StringName,int,godot::HashMapHasherDefault,godot::HashMapComparatorDefault<godot::StringName>,godot::DefaultTypedAllocator<godot::HashMapElement<godot::StringName,int> > >::~HashMap<godot::StringName,int,godot::HashMapHasherDefault,godot::HashMapComparatorDefault<godot::StringName>,godot::DefaultTypedAllocator<godot::HashMapElement<godot::StringName,int> > >+0xa1
00000035`9d7ff920 00007ff9`da3996cb     dots_ext_windows_template_debug_x86_64!pk::DCWorldExt::DCWorldExt+0x944
00000035`9d7ff950 00007ffa`def9259d     dots_ext_windows_template_debug_x86_64!std::`dynamic atexit destructor for 'initlocks''+0xc6f6b
00000035`9d7ff980 00007ffa`e10aaf78     KERNEL32!BaseThreadInitThunk+0x1d
00000035`9d7ff9b0 00000000`00000000     ntdll!RtlUserThreadStart+0x28

  62  Id: 19a58.195d8 Suspend: 1 Teb: 00000035`fe9c2000 Unfrozen
Child-SP          RetAddr               Call Site
00000035`9e7fe8a8 00007ffa`e10b981b     ntdll!NtWaitForAlertByThreadId+0x14
00000035`9e7fe8b0 00007ffa`de1ffcf9     ntdll!RtlSleepConditionVariableSRW+0x13b
00000035`9e7fe930 00007ff9`da38f46a     KERNELBASE!SleepConditionVariableSRW+0x29
00000035`9e7fe970 00007ff9`d9fe248d     dots_ext_windows_template_debug_x86_64!std::`dynamic atexit destructor for 'initlocks''+0xbcd0a
(Inline Function) --------`--------     dots_ext_windows_template_debug_x86_64!godot::LocalVector<godot::Variant,unsigned int,0,0>::operator[]+0x53
00000035`9e7fe9a0 00007ff9`d9f86aef     dots_ext_windows_template_debug_x86_64!godot::call_with_variant_args_retc_dv<pk::DCWorldExt,godot::Dictionary,__int64,__int64,godot::String const &>+0x17d
00000035`9e7ffdf0 00007ff9`da3996cb     dots_ext_windows_template_debug_x86_64!pk::DCWorldExt::flush_slots_to_map_keys+0xdf
00000035`9e7ffe20 00007ffa`def9259d     dots_ext_windows_template_debug_x86_64!std::`dynamic atexit destructor for 'initlocks''+0xc6f6b
00000035`9e7ffe50 00007ffa`e10aaf78     KERNEL32!BaseThreadInitThunk+0x1d
00000035`9e7ffe80 00000000`00000000     ntdll!RtlUserThreadStart+0x28
quit:
NatVis script unloaded from 'C:\Program Files (x86)\Windows Kits\10\Debuggers\x64\Visualizers\atlmfc.natvis'
NatVis script unloaded from 'C:\Program Files (x86)\Windows Kits\10\Debuggers\x64\Visualizers\ObjectiveC.natvis'
NatVis script unloaded from 'C:\Program Files (x86)\Windows Kits\10\Debuggers\x64\Visualizers\concurrency.natvis'
NatVis script unloaded from 'C:\Program Files (x86)\Windows Kits\10\Debuggers\x64\Visualizers\cpp_rest.natvis'
NatVis script unloaded from 'C:\Program Files (x86)\Windows Kits\10\Debuggers\x64\Visualizers\stl.natvis'
NatVis script unloaded from 'C:\Program Files (x86)\Windows Kits\10\Debuggers\x64\Visualizers\Windows.Data.Json.natvis'
NatVis script unloaded from 'C:\Program Files (x86)\Windows Kits\10\Debuggers\x64\Visualizers\Windows.Devices.Geolocation.natvis'
NatVis script unloaded from 'C:\Program Files (x86)\Windows Kits\10\Debuggers\x64\Visualizers\Windows.Devices.Sensors.natvis'
NatVis script unloaded from 'C:\Program Files (x86)\Windows Kits\10\Debuggers\x64\Visualizers\Windows.Media.natvis'
NatVis script unloaded from 'C:\Program Files (x86)\Windows Kits\10\Debuggers\x64\Visualizers\windows.natvis'
NatVis script unloaded from 'C:\Program Files (x86)\Windows Kits\10\Debuggers\x64\Visualizers\winrt.natvis'
