Godot Engine v4.6.2.stable.official.71f334935 - https://godotengine.org

[ui-layout-diag/bind_ui] is_web=false viewport_visible_rect=[P: (0.0, 0.0), S: (51.2, 51.2)] window_size=(64, 64) content_scale_factor=1.250 content_scale_mode=0 device_pixel_ratio=-1.000 top_bar_rect=[P: (0.0, 0.0), S: (543.0, 56.0)] right_panel_rect=[P: (-408.8, 68.0), S: (460.0, 366.0)] country_action_bar_rect=[P: (8.0, -30.8), S: (336.0, 74.0)]
[stage-c] authority=ACTIVE worker=ACTIVE
[building-visual] queue_probe ticks=1 queued=0 chunk=-1 camera_rect=[P: (-25.6, -25.6), S: (51.2, 51.2)] prefetch=false zoom=1.000
[building-visual] queue_probe ticks=2 queued=0 chunk=-1 camera_rect=[P: (-25.6, -25.6), S: (51.2, 51.2)] prefetch=false zoom=1.000
[native_generation/base] path=gdext algorithm=post_base_priority_flood_hydrology_v3 n=2400 native_ms=6.092 water=1553 land=847
[native_generation/post_base] path=gdext algorithm=post_base_priority_flood_hydrology_v3 n=2400 native_ms=1.288 lakes=4 rivers=105 volcanoes=0
[native_generation/vegetation] native_ms=0.471 candidates=841 none=1169 score=[0.000,1.236,1.114] plant_water_land=856 river_adjacent_desert=0 coastal_highland_desert=0 terrain_weight=[0.180,1.200]
[native_generation/qa] single_water=0 tiny<=3=0 small<=5=0 bodies=1 largest=1544 | land_below_sea=0.7% | terr_distinct=21 entropy=3.183bit | river_ratio=4.375%
MapGenerator v7: per-cell 54ms (2400 cells, path=gdext)
[building-visual] queue_probe ticks=3 queued=0 chunk=-1 camera_rect=[P: (-25.6, -25.6), S: (51.2, 51.2)] prefetch=false zoom=1.000
MapBaker v6: hm=(1024, 606) seed=1735228708
    [fused] terrain=60.7ms erosion=2.0ms(ok=true) river=11.4ms(ok=true) latitude=0.1ms coast_sdf=3.6ms(ok=true)
  geometry fields (fused C++): 130ms
  physical circulation hex solve: deferred until DCWorldExt bind (ext=true idx=true soa=false)
  wind/ocean pixel buffers: skipped (ocean_current_visual off)
  visual tiles: {"degradation_reason":"","effective_budget_px":1717248,"effective_texels_per_hex":16.0059221751742,"effective_world_units_per_texel":"(1.373983, 1.375)","estimated_peak_bytes":68402880,"estimated_resident_bytes":40340160,"fallback_reason":"","generation_id":1,"grid_size":"(4, 3)","gutter_px":2,"hex_size":22.0,"horizon_path":"neutral_pending","interior_size":"(416, 344)","layer_size":"(420, 348)","layers":[{"bake_ms":45.2172,"coast_sdf_max_dist_px":13.6162309214075,"distance_scale":1.70202886517594,"edge_distance_saturate_hex":0.9,"edge_distance_units":"normalized_hex_center_gap","hashes":{"edge_distance":-4603098080143260562,"edge_neighbor":4057764273350575789,"height":-9124830669634210576,"map_index":1015450256520461008,"terrain_detail":1415298026641868910,"terrain_normal":4240255112308713771,"water_depth":2330624858830770480},"layer":0,"normal_radius_px":"(22, 22)","raster_scale":"(1.701088, 1.70297)","river_sdf_max_dist_px":5.9571010281158,"shore_carve_band_px":10,"upload_ms":0.06,"wall_ms":45.401},{"bake_ms":54.4754,"coast_sdf_max_dist_px":13.6162309214075,"distance_scale":1.70202886517594,"edge_distance_saturate_hex":0.9,"edge_distance_units":"normalized_hex_center_gap","hashes":{"edge_distance":4583573183968817086,"edge_neighbor":6466940111421570636,"height":5790856781181676511,"map_index":5990047724644026299,"terrain_detail":1806575389526097655,"terrain_normal":3908465376956190299,"water_depth":2547432928052609473},"layer":1,"normal_radius_px":"(22, 22)","raster_scale":"(1.701088, 1.70297)","river_sdf_max_dist_px":5.9571010281158,"shore_carve_band_px":10,"upload_ms":0.057,"wall_ms":54.615},{"bake_ms":58.384,"coast_sdf_max_dist_px":13.6162309214075,"distance_scale":1.70202886517594,"edge_distance_saturate_hex":0.9,"edge_distance_units":"normalized_hex_center_gap","hashes":{"edge_distance":-2526323355750389439,"edge_neighbor":7015029410290978361,"height":-8150332218754556700,"map_index":329090656303652193,"terrain_detail":-392433696576850044,"terrain_normal":-4965863177888236808,"water_depth":-7217348512352819415},"layer":2,"normal_radius_px":"(22, 22)","raster_scale":"(1.701088, 1.70297)","river_sdf_max_dist_px":5.9571010281158,"shore_carve_band_px":10,"upload_ms":0.06,"wall_ms":58.521},{"bake_ms":84.4694,"coast_sdf_max_dist_px":13.6162309214075,"distance_scale":1.70202886517594,"edge_distance_saturate_hex":0.9,"edge_distance_units":"normalized_hex_center_gap","hashes":{"edge_distance":-4179826732684646787,"edge_neighbor":-5337848294581530626,"height":-7426228563537643593,"map_index":1239439826928151201,"terrain_detail":-8513326582372265254,"terrain_normal":8092780547537771097,"water_depth":-6092640318278072007},"layer":3,"normal_radius_px":"(22, 22)","raster_scale":"(1.701088, 1.70297)","river_sdf_max_dist_px":5.9571010281158,"shore_carve_band_px":10,"upload_ms":0.057,"wall_ms":84.739},{"bake_ms":51.7276,"coast_sdf_max_dist_px":13.6162309214075,"distance_scale":1.70202886517594,"edge_distance_saturate_hex":0.9,"edge_distance_units":"normalized_hex_center_gap","hashes":{"edge_distance":2136869506241081992,"edge_neighbor":-8797880867138963685,"height":-4924567352001132959,"map_index":-4231209514887179977,"terrain_detail":8772909128008927660,"terrain_normal":-6784207502925496102,"water_depth":-7492134226470272506},"layer":4,"normal_radius_px":"(22, 22)","raster_scale":"(1.701088, 1.70297)","river_sdf_max_dist_px":5.9571010281158,"shore_carve_band_px":10,"upload_ms":0.059,"wall_ms":51.872},{"bake_ms":86.5282,"coast_sdf_max_dist_px":13.6162309214075,"distance_scale":1.70202886517594,"edge_distance_saturate_hex":0.9,"edge_distance_units":"normalized_hex_center_gap","hashes":{"edge_distance":6673149775916606392,"edge_neighbor":-8413630352766524385,"height":-6889378239635599087,"map_index":-3551392040916973266,"terrain_detail":1687709548716503895,"terrain_normal":3946453442722986154,"water_depth":6600269933117438995},"layer":5,"normal_radius_px":"(22, 22)","raster_scale":"(1.701088, 1.70297)","river_sdf_max_dist_px":5.9571010281158,"shore_carve_band_px":10,"upload_ms":0.057,"wall_ms":86.672},{"bake_ms":57.9985,"coast_sdf_max_dist_px":13.6162309214075,"distance_scale":1.70202886517594,"edge_distance_saturate_hex":0.9,"edge_distance_units":"normalized_hex_center_gap","hashes":{"edge_distance":361706081270387103,"edge_neighbor":-8688139845739281855,"height":699499231114171702,"map_index":-2682228531129457940,"terrain_detail":-8811551234231146331,"terrain_normal":-265631937775218288,"water_depth":6856409090380917935},"layer":6,"normal_radius_px":"(22, 22)","raster_scale":"(1.701088, 1.70297)","river_sdf_max_dist_px":5.9571010281158,"shore_carve_band_px":10,"upload_ms":0.06,"wall_ms":58.146},{"bake_ms":73.8957,"coast_sdf_max_dist_px":13.6162309214075,"distance_scale":1.70202886517594,"edge_distance_saturate_hex":0.9,"edge_distance_units":"normalized_hex_center_gap","hashes":{"edge_distance":-6250500223095183093,"edge_neighbor":5418444607076768559,"height":1419229568066409352,"map_index":4380956599171502337,"terrain_detail":-894743883384344824,"terrain_normal":4459428523621274975,"water_depth":-6366031586637808975},"layer":7,"normal_radius_px":"(22, 22)","raster_scale":"(1.701088, 1.70297)","river_sdf_max_dist_px":5.9571010281158,"shore_carve_band_px":10,"upload_ms":0.077,"wall_ms":74.111},{"bake_ms":63.5397,"coast_sdf_max_dist_px":13.6162309214075,"distance_scale":1.70202886517594,"edge_distance_saturate_hex":0.9,"edge_distance_units":"normalized_hex_center_gap","hashes":{"edge_distance":8492285698888321900,"edge_neighbor":3199635046979891388,"height":4828838600007938123,"map_index":-7514139010467297966,"terrain_detail":-8950604297692130837,"terrain_normal":-3593785506946687824,"water_depth":5761060537573716235},"layer":8,"normal_radius_px":"(22, 22)","raster_scale":"(1.701088, 1.70297)","river_sdf_max_dist_px":5.9571010281158,"shore_carve_band_px":10,"upload_ms":0.055,"wall_ms":63.681},{"bake_ms":88.5418,"coast_sdf_max_dist_px":13.6162309214075,"distance_scale":1.70202886517594,"edge_distance_saturate_hex":0.9,"edge_distance_units":"normalized_hex_center_gap","hashes":{"edge_distance":9117926548072241235,"edge_neighbor":-7557104988675294500,"height":618468365387938347,"map_index":-5885543932102826664,"terrain_detail":3877245088374033799,"terrain_normal":-6778421208245397131,"water_depth":2200779154463963187},"layer":9,"normal_radius_px":"(22, 22)","raster_scale":"(1.701088, 1.70297)","river_sdf_max_dist_px":5.9571010281158,"shore_carve_band_px":10,"upload_ms":0.057,"wall_ms":88.672},{"bake_ms":41.3003,"coast_sdf_max_dist_px":13.6162309214075,"distance_scale":1.70202886517594,"edge_distance_saturate_hex":0.9,"edge_distance_units":"normalized_hex_center_gap","hashes":{"edge_distance":-3745585455065177449,"edge_neighbor":2404961067888014635,"height":-3115442796632843800,"map_index":-6211809985430628861,"terrain_detail":1161812488860344551,"terrain_normal":6456972146840247766,"water_depth":1987210436922770546},"layer":10,"normal_radius_px":"(22, 22)","raster_scale":"(1.701088, 1.70297)","river_sdf_max_dist_px":5.9571010281158,"shore_carve_band_px":10,"upload_ms":0.059,"wall_ms":41.451},{"bake_ms":40.2882,"coast_sdf_max_dist_px":13.6162309214075,"distance_scale":1.70202886517594,"edge_distance_saturate_hex":0.9,"edge_distance_units":"normalized_hex_center_gap","hashes":{"edge_distance":-1470570636688572573,"edge_neighbor":-6057560351645416949,"height":-5827593206795043862,"map_index":-2248414732901839783,"terrain_detail":7630543887994105174,"terrain_normal":8582387156502791927,"water_depth":-6103088449435849452},"layer":11,"normal_radius_px":"(22, 22)","raster_scale":"(1.701088, 1.70297)","river_sdf_max_dist_px":5.9571010281158,"shore_carve_band_px":10,"upload_ms":0.06,"wall_ms":40.435}],"logical_size":"(1664, 1032)","mode":"tiled","path":"visual_tiled_static","profile":"desktop_high","renderer":"mobile","requested_budget_px":1716216,"requested_texels_per_hex":16.0,"requested_tile_world_span":"(704.0, 704.0)","requested_world_units_per_texel":1.375,"tile_world_area":270355.817993164,"tile_world_span":"(571.5768, 473.0)","total_ms":751.466,"visual_domain":"[P: (0.0, -44.0), S: (2286.307, 1419.0)]","wrap_period_x":2286.30706599092,"wrap_x":true}
WARNING: Loaded resource as image file, this will not work on export: 'res://assets/textures/terrain_materials/organic.png'. Instead, import the image file as an Image resource and load it normally as a resource.
   at: load (core/io/image.cpp:2756)
   GDScript backtrace (most recent call first):
       [0] _build_terrain_material_tex (res://scripts/rendering/map_baker.gd:360)
       [1] get_or_build_shared_terrain_material_tex (res://scripts/rendering/map_baker.gd:343)
       [2] bake_world (res://scripts/rendering/map_baker.gd:1187)
       [3] _yield_generation_frame (res://scripts/rendering/map_baker.gd:1225)
WARNING: Loaded resource as image file, this will not work on export: 'res://assets/textures/terrain_materials/dry_sand.png'. Instead, import the image file as an Image resource and load it normally as a resource.
   at: load (core/io/image.cpp:2756)
   GDScript backtrace (most recent call first):
       [0] _build_terrain_material_tex (res://scripts/rendering/map_baker.gd:360)
       [1] get_or_build_shared_terrain_material_tex (res://scripts/rendering/map_baker.gd:343)
       [2] bake_world (res://scripts/rendering/map_baker.gd:1187)
       [3] _yield_generation_frame (res://scripts/rendering/map_baker.gd:1225)
WARNING: Loaded resource as image file, this will not work on export: 'res://assets/textures/terrain_materials/rock.png'. Instead, import the image file as an Image resource and load it normally as a resource.
   at: load (core/io/image.cpp:2756)
   GDScript backtrace (most recent call first):
       [0] _build_terrain_material_tex (res://scripts/rendering/map_baker.gd:360)
       [1] get_or_build_shared_terrain_material_tex (res://scripts/rendering/map_baker.gd:343)
       [2] bake_world (res://scripts/rendering/map_baker.gd:1187)
       [3] _yield_generation_frame (res://scripts/rendering/map_baker.gd:1225)
WARNING: Loaded resource as image file, this will not work on export: 'res://assets/textures/terrain_materials/snow_wet.png'. Instead, import the image file as an Image resource and load it normally as a resource.
   at: load (core/io/image.cpp:2756)
   GDScript backtrace (most recent call first):
       [0] _build_terrain_material_tex (res://scripts/rendering/map_baker.gd:360)
       [1] get_or_build_shared_terrain_material_tex (res://scripts/rendering/map_baker.gd:343)
       [2] bake_world (res://scripts/rendering/map_baker.gd:1187)
       [3] _yield_generation_frame (res://scripts/rendering/map_baker.gd:1225)
  cell LUT encode: deferred until DCWorldExt bind
  encode: 2761ms
MapBaker v6: total 2900ms
MapGenerator v7: bake 2921ms
MapGenerator: skip _compute_ocean_currents (physical-hex path writes per-cell directly)
MapGenerator: skip _compute_terrain_perturbed_wind (physical-hex solver writes per-cell)
[SUS] sim budget strict=false frame=8.00ms warn=2.00ms slice=0.75ms upload=1.50ms scheduler=DCSystemScheduler native_sus=auto
[DCWorldExt] bind_map_data: 148 components bound (auto-registered=148; snapshot model; see world_ext.cpp comment & charter Â§11)
[DataCore] _data_core_world_ext bound=true (climate co-processor; class=DCWorldExt)
[native_world] configure rc=0 reason=configured cells=2400 wrap_period_x=103.923
[native_generation] path=gdext n=2400 published=9 native_ms=0.097 compute_ms=0.051 flush_ms=0.045
[hex_cell] facade ENABLED (2400 cells bound; ext=true)
[DataCore] _baker climate_profile injected=true (fixes WorldData.config==null sea_ice prepare path)
[phys_solve][oneshot] OK slp=0.78ms wind=0.47ms psi=0.28ms(ran=true) upwelling=0.05ms total=1.99ms
PhysicalCirculation solve@phase=1.50 total=2ms (C++ one-shot run_physical_solve_pass)
  wind/ocean pixel buffers: skipped (ocean_current_visual off)
[physical_init] deferred native refresh complete: 2ms
[cell_lut] deferred encode: 2ms path=gdext
[bio-occupancy] seed landmasses=10 provinces=10 species=20 secondary_hearths=22
[bio-occupancy]   bio.maize envelope=56 hearth=17 seeded_landmasses=1 primary_landmass=8 primary_envelope=31 occupied=17 occupied/envelope=0.55
[bio-occupancy]   bio.wheat envelope=225 hearth=58 seeded_landmasses=3 primary_landmass=1 primary_envelope=21 occupied=58 occupied/envelope=2.76
[bio-occupancy]   bio.rice envelope=71 hearth=19 seeded_landmasses=4 primary_landmass=2 primary_envelope=23 occupied=19 occupied/envelope=0.83
[bio-occupancy]   bio.potato envelope=163 hearth=55 seeded_landmasses=3 primary_landmass=8 primary_envelope=86 occupied=55 occupied/envelope=0.64
[bio-occupancy]   bio.horse envelope=242 hearth=48 seeded_landmasses=4 primary_landmass=2 primary_envelope=70 occupied=48 occupied/envelope=0.69
[bio-occupancy]   bio.cotton envelope=119 hearth=12 seeded_landmasses=1 primary_landmass=7 primary_envelope=22 occupied=12 occupied/envelope=0.55
[bio-occupancy]   bio.flax envelope=212 hearth=17 seeded_landmasses=2 primary_landmass=1 primary_envelope=21 occupied=17 occupied/envelope=0.81
[bio-occupancy]   bio.spice envelope=100 hearth=8 seeded_landmasses=2 primary_landmass=2 primary_envelope=26 occupied=8 occupied/envelope=0.31
[bio-occupancy]   bio.rubber envelope=56 hearth=7 seeded_landmasses=1 primary_landmass=7 primary_envelope=15 occupied=7 occupied/envelope=0.47
[bio-occupancy]   bio.sheep envelope=34 hearth=8 seeded_landmasses=1 primary_landmass=8 primary_envelope=17 occupied=8 occupied/envelope=0.47
[bio-occupancy]   bio.goat envelope=405 hearth=98 seeded_landmasses=4 primary_landmass=8 primary_envelope=187 occupied=98 occupied/envelope=0.52
[bio-occupancy]   bio.cattle envelope=13 hearth=5 seeded_landmasses=1 primary_landmass=8 primary_envelope=11 occupied=5 occupied/envelope=0.45
[bio-occupancy]   bio.pig envelope=287 hearth=89 seeded_landmasses=5 primary_landmass=8 primary_envelope=129 occupied=89 occupied/envelope=0.69
[bio-occupancy]   bio.camel envelope=45 hearth=6 seeded_landmasses=1 primary_landmass=6 primary_envelope=13 occupied=6 occupied/envelope=0.46
[bio-occupancy]   bio.yak envelope=192 hearth=68 seeded_landmasses=3 primary_landmass=2 primary_envelope=83 occupied=68 occupied/envelope=0.82
[bio-occupancy]   bio.silkworm envelope=144 hearth=23 seeded_landmasses=1 primary_landmass=8 primary_envelope=57 occupied=23 occupied/envelope=0.40
[bio-occupancy]   bio.reed envelope=148 hearth=31 seeded_landmasses=4 primary_landmass=8 primary_envelope=60 occupied=31 occupied/envelope=0.52
[bio-occupancy]   bio.bast_fiber envelope=279 hearth=65 seeded_landmasses=1 primary_landmass=8 primary_envelope=136 occupied=65 occupied/envelope=0.48
[bio-occupancy]   bio.dye_plant envelope=122 hearth=38 seeded_landmasses=2 primary_landmass=8 primary_envelope=53 occupied=38 occupied/envelope=0.72
[bio-occupancy]   bio.medicinal_herb envelope=371 hearth=151 seeded_landmasses=5 primary_landmass=8 primary_envelope=168 occupied=151 occupied/envelope=0.90
[bio-occupancy]   landmass 1 classes=cold_grazer, fiber_forest, dry_grazer, highland_food, open_food, open_grazer, fiber_open, forest_grazer foods=potato, wheat
[bio-occupancy]   landmass 2 classes=cold_grazer, fiber_forest, dry_grazer, open_grazer, fiber_wet, forest_grazer, open_food, highland_food, fiber_open, wetland_food, tropical foods=wheat, potato, rice
[bio-occupancy]   landmass 3 classes=none foods=none
[bio-occupancy]   landmass 4 classes=none foods=none
[bio-occupancy]   landmass 5 classes=none foods=none
[bio-occupancy]   landmass 6 classes=wetland_food, forest_grazer, fiber_wet, fiber_forest, open_grazer, dry_grazer, fiber_open, tropical foods=rice
[bio-occupancy]   landmass 7 classes=fiber_open, tropical, dry_grazer, open_food, open_grazer, fiber_forest, wetland_food, forest_grazer, fiber_wet foods=wheat, rice
[bio-occupancy]   landmass 8 classes=tropical, fiber_open, forest_grazer, dry_grazer, open_food, fiber_forest, wetland_food, open_grazer, highland_food, fiber_wet, cold_grazer foods=maize, rice, potato
[bio-occupancy]   landmass 9 classes=none foods=none
[bio-occupancy]   landmass 10 classes=none foods=none
[weather] gdext acceleration ON (class=DCWorldExt)
[weather] gdext field commit ON
[weather] gdext distribute ON
[weather] gdext summary ON
[weather] hexcell facade ON (skip AoS double-write in hot loop)
[weather] gdext resident knobs ON (class=KnobsHandle)
[economy] ACTIVE native graph cells=2400 goods=134 cohorts=24 epoch_days=1 trade=ACTIVE topology_ready=true topology_generation=1 bootstrap=starter_settlement_bootstrap_v9 founder_families=6 founder_people=6
[country] ACTIVE native authority countries=6 cells=2400 generation=1
[weather/knobs] resident KnobsHandle path ACTIVE — first to_*_knobs_dict hit (field_rebuild_count=1 expected ≤1; stable Hz target ≤1 Hz)
[native_daily] ACTIVE: registered native_daily_sim + natural_resource_daily + bio_occupancy_daily; retained season_refresh + ocean_currents boundary jobs
[DCSystemScheduler] topology: ["season_refresh", "trigger_runtime", "ideology_runtime", "effect_runtime", "modifier_daily", "gameplay_effect", "natural_resource_daily", "bio_occupancy_daily", "enum_atlas_upload", "ocean_currents", "native_daily_sim", "dynamic_visual_atlas_upload", "country_daily", "economy_daily"]
WARNING: [runtime-climate-round] no ClimateDailySystem; SHADOW capture carries no shared pass input
   at: push_warning (core/variant/variant_utility.cpp:1034)
   GDScript backtrace (most recent call first):
       [0] _build_runtime_climate_round_input (res://scripts/geography/map_generator.gd:4651)
       [1] capture_runtime_inputs_for_worker (res://scripts/geography/map_generator.gd:2351)
       [2] generate_world (res://scripts/game/world_runtime_host.gd:609)
       [3] generate (res://scripts/geography/map_generator.gd:1606)
       [4] _yield_generation_frame (res://scripts/geography/map_generator.gd:19867)
WARNING: [runtime-worker] Ideology opinion publish deferred: ideology_opinion_snapshot_invalid
   at: push_warning (core/variant/variant_utility.cpp:1034)
   GDScript backtrace (most recent call first):
       [0] _start_production_shadow_worker (res://scripts/game/world_runtime_host.gd:700)
       [1] generate_world (res://scripts/game/world_runtime_host.gd:618)
       [2] generate (res://scripts/geography/map_generator.gd:1606)
       [3] _yield_generation_frame (res://scripts/geography/map_generator.gd:19867)
[runtime-worker] production ACTIVE started mask=4095 auto_pod=true
[runtime-day-wait] day=1 env_day=0 missing=0x3ff economy_input=-1
[building-visual] intel_refresh requested=32 changed=1 known=1 catalog=400 resident=0 body=0 queued=0 zoom=1.000
[perf-record] start (start_tick=0 mode=CORE detail_period=1)
[economy-record] native v5 start cells=2400 sampled=1 resources=31 stride=1 max_rows=5000000 dims=summary,cohorts,buildings,resources,market
[stage-c/client] recording mode=ACTIVE worker=ACTIVE seconds=45.00 output=D:/Godot/ProjectKeynes/Project.Keynes/tmp/soak_survival_floor
[DCSystemScheduler][RT] ocean_skip#1 tick=1 reason=policy_gated slices=0 elapsed=0.000 progress=0.000 source=day_changed
[climate][publish] day=0 round_ran=1 prod_stage=0xff scalar_mask=0x7f alb=0 veg=0 fb=0 weather=0 sr=0 ok=1
[climate/worker][b8] physics_knobs day=1 ready=0 missing=physics_knobs
[climate-kernel][round] shared=1 ok=1 n_cells=2400 mask=0x1FF ran=0x1FF starved=0x0 knobs_cells=2400
[DCSystemScheduler][RT] ocean_skip#2 tick=2 reason=policy_gated slices=0 elapsed=0.000 progress=0.000 source=day_changed
[country][parity] worker_day=1 uncompared reference_range=-1..-1 depth=0
[economy-mirror-cost] day=1 capture_ms=2.612 import_ms=4.239
[climate/writeback][b8] day=1 vapor store0=0 map0=0 dirty_fields=42 applied=42
[phys/knobs] projection ready: slp=31 wind=33 psi=26 up=10
[climate/worker][b8] physics_knobs day=2 ready=1 missing=
[climate/worker][b8] paw day=2 cell=68 moisture=0.717273 wb30=0 soil=0 paw=0.717273 zeros(water=1544 land=5) nonzero=851 weights(wb=0.35 soil=0.25 dry=0.65) round=1 distribute=0 hydrology=0
[climate/worker][b8] physics_knobs day=3 ready=1 missing=
[climate/worker][b8] paw day=3 cell=68 moisture=0.713294 wb30=0 soil=0 paw=0.713294 zeros(water=1544 land=7) nonzero=849 weights(wb=0.35 soil=0.25 dry=0.65) round=1 distribute=0 hydrology=0
[country][parity] worker_day=3 uncompared reference_range=2..2 depth=1
[climate/writeback][b8] day=2 vapor store0=0 map0=0 dirty_fields=52 applied=52
[climate/worker][b8] physics_knobs day=4 ready=1 missing=
[climate/worker][b8] paw day=4 cell=68 moisture=0.715753 wb30=0 soil=0 paw=0.715753 zeros(water=1544 land=7) nonzero=849 weights(wb=0.35 soil=0.25 dry=0.65) round=1 distribute=1 hydrology=0
[climate/worker][b8] cyclone_gate day=4 input_enabled=0 force_env=0 effective=0
[climate/worker][b8] weather_solve day=4 cells=2400 psi=1 vapor0=0.112213 precip0=0 cloud0=0.0420751 type0=0 field_init0=1
[climate/writeback][b8] day=3 vapor store0=0 map0=0 dirty_fields=52 applied=52
[country][parity] worker_day=4 uncompared reference_range=2..2 depth=1
[climate/worker][b8] physics_knobs day=5 ready=1 missing=
[climate/worker][b8] paw day=5 cell=68 moisture=0.712752 wb30=-0.000135609 soil=0 paw=0.712663 zeros(water=1544 land=7) nonzero=849 weights(wb=0.35 soil=0.25 dry=0.65) round=1 distribute=0 hydrology=0
[climate/writeback][b8] day=4 vapor store0=0.112213 map0=0.112213 dirty_fields=54 applied=54
[country][parity] worker_day=5 uncompared reference_range=2..2 depth=1
[climate/worker][b8] physics_knobs day=6 ready=1 missing=
[climate/worker][b8] paw day=6 cell=68 moisture=0.714565 wb30=-0.000135609 soil=-0.000325462 paw=0.714476 zeros(water=1544 land=7) nonzero=849 weights(wb=0.35 soil=0.25 dry=0.65) round=1 distribute=0 hydrology=0
[country][parity] worker_day=6 uncompared reference_range=2..2 depth=1
[climate/worker][b8] paw day=7 cell=68 moisture=0.71506 wb30=-0.000135609 soil=-0.000325462 paw=0.714972 zeros(water=1544 land=7) nonzero=849 weights(wb=0.35 soil=0.25 dry=0.65) round=1 distribute=0 hydrology=0
[country][parity] worker_day=7 uncompared reference_range=2..2 depth=1
[climate/worker][b8] paw day=8 cell=68 moisture=0.716425 wb30=-0.000135609 soil=-0.000325462 paw=0.716337 zeros(water=1544 land=7) nonzero=849 weights(wb=0.35 soil=0.25 dry=0.65) round=1 distribute=0 hydrology=0
[country][parity] worker_day=8 uncompared reference_range=2..2 depth=1
[climate/worker][b8] paw day=9 cell=68 moisture=0.716799 wb30=-0.000135609 soil=-0.000325462 paw=0.716711 zeros(water=1544 land=7) nonzero=849 weights(wb=0.35 soil=0.25 dry=0.65) round=1 distribute=0 hydrology=0
[country][parity] worker_day=9 uncompared reference_range=2..2 depth=1
[climate/worker][b8] paw day=10 cell=68 moisture=0.717827 wb30=-0.000135609 soil=-0.000325462 paw=0.717738 zeros(water=1544 land=7) nonzero=849 weights(wb=0.35 soil=0.25 dry=0.65) round=1 distribute=0 hydrology=0
[climate/worker][b8] paw day=11 cell=68 moisture=0.718106 wb30=-0.000135609 soil=-0.000325462 paw=0.718018 zeros(water=1544 land=7) nonzero=849 weights(wb=0.35 soil=0.25 dry=0.65) round=1 distribute=0 hydrology=0
[climate/worker][b8] paw day=12 cell=68 moisture=0.718864 wb30=-0.000135609 soil=-0.000325462 paw=0.718776 zeros(water=1544 land=7) nonzero=849 weights(wb=0.35 soil=0.25 dry=0.65) round=1 distribute=1 hydrology=0
[climate/worker][b8] cyclone_gate day=12 input_enabled=0 force_env=0 effective=0
[climate/worker][b8] weather_solve day=12 cells=2400 psi=1 vapor0=0.102542 precip0=0 cloud0=0.0523466 type0=0 field_init0=1
[climate/worker][b8] paw day=13 cell=68 moisture=0.719086 wb30=-0.000268139 soil=-0.000325462 paw=0.718911 zeros(water=1544 land=7) nonzero=849 weights(wb=0.35 soil=0.25 dry=0.65) round=1 distribute=0 hydrology=0
[climate/worker][b8] weather_solve day=20 cells=2400 psi=1 vapor0=0.0766321 precip0=0 cloud0=0.0386658 type0=0 field_init0=1
[climate/worker][b8] weather_solve day=28 cells=2400 psi=1 vapor0=0.076727 precip0=0 cloud0=0.0687725 type0=0 field_init0=1
[clock/step] delta=6.9ms speed=50x target=0.34d cap=2.40d/f cost=3.34ms ran=0 pulse=0.00ms loop=0.00ms full=0.29ms carry=0.57 barrier=
[clock/step] delta=6.9ms speed=50x target=0.35d cap=2.42d/f cost=3.30ms ran=0 pulse=0.00ms loop=0.00ms full=0.28ms carry=0.97 barrier=
[economy-open-finish] day=100 country=0.327 workset=0.022 fiscal=0.032 csr=0.009 recovery=0.001 vectors=0.624 audit=0.466 commands=0.001
[economy-prelude-cost] day=100 ms=1.828 pending=0
[economy-boundary-cost] day=100 formulas_ms=7.980 stages_ms=5.803 mirror_ms=3.974
[runtime-day-cost] day=100 ok=1 ms=15.634
[clock/step] delta=6.9ms speed=50x target=0.34d cap=2.79d/f cost=2.87ms ran=0 pulse=0.00ms loop=0.00ms full=0.22ms carry=0.38 barrier=
[clock/step] delta=6.9ms speed=50x target=0.34d cap=4.42d/f cost=1.81ms ran=0 pulse=0.12ms loop=0.00ms full=0.55ms carry=0.07 barrier=climate_input_capacity_day_barrier
[clock/step] delta=6.9ms speed=50x target=0.34d cap=3.87d/f cost=2.07ms ran=0 pulse=0.00ms loop=0.00ms full=0.23ms carry=0.69 barrier=
[economy-open-finish] day=200 country=0.310 workset=0.021 fiscal=0.033 csr=0.004 recovery=0.001 vectors=0.578 audit=0.409 commands=0.000
[economy-prelude-cost] day=200 ms=1.612 pending=0
[economy-boundary-cost] day=200 formulas_ms=7.152 stages_ms=5.288 mirror_ms=3.651
[runtime-day-cost] day=200 ok=1 ms=13.994
[clock/step] delta=6.9ms speed=50x target=0.34d cap=2.52d/f cost=3.18ms ran=0 pulse=0.00ms loop=0.00ms full=0.20ms carry=0.37 barrier=
[clock/step] delta=6.9ms speed=50x target=0.35d cap=1.78d/f cost=4.50ms ran=0 pulse=0.00ms loop=0.00ms full=0.25ms carry=0.76 barrier=
[economy-open-finish] day=300 country=0.287 workset=0.018 fiscal=0.029 csr=0.004 recovery=0.001 vectors=0.406 audit=0.385 commands=0.000
[economy-prelude-cost] day=300 ms=1.365 pending=0
[economy-boundary-cost] day=300 formulas_ms=6.270 stages_ms=4.673 mirror_ms=3.612
[runtime-day-cost] day=300 ok=1 ms=14.530
[clock/step] delta=6.9ms speed=50x target=0.35d cap=2.25d/f cost=3.55ms ran=0 pulse=0.00ms loop=0.00ms full=0.27ms carry=0.38 barrier=
[clock/step] delta=6.9ms speed=50x target=0.34d cap=2.62d/f cost=3.05ms ran=0 pulse=0.00ms loop=0.00ms full=0.22ms carry=0.81 barrier=
[clock/step] delta=6.9ms speed=50x target=0.35d cap=2.28d/f cost=3.51ms ran=0 pulse=0.00ms loop=0.00ms full=0.24ms carry=0.72 barrier=
[economy-open-finish] day=400 country=0.309 workset=0.023 fiscal=0.040 csr=0.004 recovery=0.001 vectors=0.426 audit=0.411 commands=0.001
[economy-prelude-cost] day=400 ms=1.500 pending=0
[economy-boundary-cost] day=400 formulas_ms=6.503 stages_ms=4.752 mirror_ms=3.839
[runtime-day-cost] day=400 ok=1 ms=13.793
[clock/step] delta=6.9ms speed=50x target=0.35d cap=1.98d/f cost=4.04ms ran=0 pulse=0.00ms loop=0.00ms full=0.18ms carry=0.44 barrier=
[clock/step] delta=6.9ms speed=50x target=0.35d cap=2.45d/f cost=3.26ms ran=1 pulse=0.00ms loop=3.20ms full=3.36ms carry=0.10 barrier=
[economy-open-finish] day=500 country=0.316 workset=0.022 fiscal=0.035 csr=0.004 recovery=0.001 vectors=0.417 audit=0.413 commands=0.000
[economy-prelude-cost] day=500 ms=1.501 pending=0
[economy-boundary-cost] day=500 formulas_ms=7.370 stages_ms=5.477 mirror_ms=4.314
[runtime-day-cost] day=500 ok=1 ms=15.398
[clock/step] delta=6.9ms speed=50x target=0.34d cap=3.19d/f cost=2.51ms ran=0 pulse=0.00ms loop=0.00ms full=0.28ms carry=0.88 barrier=
[clock/step] delta=6.9ms speed=50x target=0.34d cap=2.74d/f cost=2.98ms ran=1 pulse=0.00ms loop=3.23ms full=3.41ms carry=0.26 barrier=
[clock/step] delta=6.9ms speed=50x target=0.34d cap=2.56d/f cost=3.13ms ran=0 pulse=0.00ms loop=0.00ms full=0.16ms carry=0.64 barrier=
[economy-open-finish] day=600 country=0.404 workset=0.021 fiscal=0.029 csr=0.004 recovery=0.001 vectors=0.408 audit=0.395 commands=0.000
[economy-prelude-cost] day=600 ms=1.504 pending=0
[economy-boundary-cost] day=600 formulas_ms=6.452 stages_ms=4.654 mirror_ms=3.930
[runtime-day-cost] day=600 ok=1 ms=14.233
[clock/step] delta=6.7ms speed=50x target=0.33d cap=1.74d/f cost=4.60ms ran=0 pulse=0.00ms loop=0.00ms full=0.17ms carry=0.38 barrier=
[clock/step] delta=6.7ms speed=50x target=0.33d cap=2.33d/f cost=3.31ms ran=1 pulse=0.00ms loop=2.82ms full=2.96ms carry=0.03 barrier=
[economy-open-finish] day=700 country=0.289 workset=0.018 fiscal=0.028 csr=0.004 recovery=0.000 vectors=0.395 audit=0.384 commands=0.000
[economy-prelude-cost] day=700 ms=1.343 pending=0
[economy-boundary-cost] day=700 formulas_ms=6.325 stages_ms=4.748 mirror_ms=3.824
[runtime-day-cost] day=700 ok=1 ms=13.822
[clock/step] delta=6.9ms speed=50x target=0.34d cap=2.50d/f cost=3.19ms ran=0 pulse=0.00ms loop=0.00ms full=0.24ms carry=0.37 barrier=
[clock/step] delta=6.7ms speed=50x target=0.33d cap=2.44d/f cost=3.28ms ran=0 pulse=0.00ms loop=0.00ms full=0.21ms carry=0.51 barrier=
[clock/step] delta=7.2ms speed=50x target=0.36d cap=2.37d/f cost=3.38ms ran=0 pulse=0.00ms loop=0.00ms full=0.17ms carry=0.39 barrier=
[economy-open-finish] day=800 country=0.314 workset=0.025 fiscal=0.030 csr=0.004 recovery=0.001 vectors=0.444 audit=0.417 commands=0.000
[economy-prelude-cost] day=800 ms=1.520 pending=0
[economy-boundary-cost] day=800 formulas_ms=6.834 stages_ms=5.069 mirror_ms=4.191
[runtime-day-cost] day=800 ok=1 ms=14.182
[clock/step] delta=6.7ms speed=50x target=0.33d cap=2.36d/f cost=3.40ms ran=0 pulse=0.00ms loop=0.00ms full=0.40ms carry=0.75 barrier=
[clock/step] delta=6.7ms speed=50x target=0.33d cap=2.44d/f cost=3.23ms ran=1 pulse=0.00ms loop=3.03ms full=3.20ms carry=0.13 barrier=
[economy-open-finish] day=900 country=0.296 workset=0.018 fiscal=0.029 csr=0.004 recovery=0.000 vectors=0.369 audit=0.385 commands=0.000
[economy-prelude-cost] day=900 ms=1.329 pending=0
[economy-boundary-cost] day=900 formulas_ms=6.628 stages_ms=5.068 mirror_ms=4.080
[runtime-day-cost] day=900 ok=1 ms=15.147
[clock/step] delta=6.9ms speed=50x target=0.34d cap=2.42d/f cost=3.31ms ran=0 pulse=0.00ms loop=0.00ms full=0.26ms carry=0.45 barrier=
[clock/step] delta=6.9ms speed=50x target=0.34d cap=2.38d/f cost=3.36ms ran=0 pulse=0.00ms loop=0.00ms full=0.23ms carry=0.82 barrier=
[economy-open-finish] day=1000 country=0.298 workset=0.021 fiscal=0.030 csr=0.004 recovery=0.001 vectors=0.360 audit=0.393 commands=0.000
[economy-prelude-cost] day=1000 ms=1.360 pending=0
[economy-boundary-cost] day=1000 formulas_ms=6.647 stages_ms=5.044 mirror_ms=4.447
[runtime-day-cost] day=1000 ok=1 ms=14.239
[clock/step] delta=6.9ms speed=50x target=0.35d cap=2.38d/f cost=3.36ms ran=0 pulse=0.00ms loop=0.00ms full=0.18ms carry=0.70 barrier=
[clock/step] delta=6.9ms speed=50x target=0.35d cap=2.03d/f cost=3.93ms ran=1 pulse=0.00ms loop=3.85ms full=4.07ms carry=0.05 barrier=
[clock/step] delta=6.9ms speed=50x target=0.35d cap=5.04d/f cost=3.75ms ran=1 pulse=0.00ms loop=12.42ms full=12.60ms carry=0.17 barrier=climate_input_capacity_day_barrier
[clock/fat-day] loop=12.42ms largest=0.00ms job= stage= over_budget=false native_stage=
[economy-open-finish] day=1100 country=0.310 workset=0.019 fiscal=0.028 csr=0.004 recovery=0.001 vectors=0.377 audit=0.413 commands=0.000
[economy-prelude-cost] day=1100 ms=1.402 pending=0
[economy-boundary-cost] day=1100 formulas_ms=6.688 stages_ms=5.031 mirror_ms=4.311
[runtime-day-cost] day=1100 ok=1 ms=14.691
[clock/step] delta=6.9ms speed=50x target=0.35d cap=2.49d/f cost=3.35ms ran=1 pulse=0.00ms loop=3.93ms full=4.11ms carry=0.22 barrier=
[clock/step] delta=6.9ms speed=50x target=0.34d cap=4.64d/f cost=2.16ms ran=1 pulse=0.00ms loop=3.90ms full=4.08ms carry=0.22 barrier=
[economy-open-finish] day=1200 country=0.315 workset=0.022 fiscal=0.030 csr=0.004 recovery=0.001 vectors=0.375 audit=0.415 commands=0.000
[economy-prelude-cost] day=1200 ms=1.451 pending=0
[economy-boundary-cost] day=1200 formulas_ms=6.786 stages_ms=5.079 mirror_ms=4.243
[runtime-day-cost] day=1200 ok=1 ms=15.705
[clock/step] delta=6.9ms speed=50x target=0.34d cap=0.46d/f cost=17.29ms ran=0 pulse=0.00ms loop=0.00ms full=0.15ms carry=0.86 barrier=
[clock/step] delta=6.9ms speed=50x target=0.34d cap=2.01d/f cost=3.97ms ran=0 pulse=0.00ms loop=0.00ms full=0.22ms carry=0.86 barrier=
[clock/step] delta=6.9ms speed=50x target=0.35d cap=2.33d/f cost=3.43ms ran=0 pulse=0.00ms loop=0.00ms full=0.22ms carry=0.87 barrier=
[economy-open-finish] day=1300 country=0.316 workset=0.022 fiscal=0.033 csr=0.004 recovery=0.000 vectors=0.392 audit=0.420 commands=0.000
[economy-prelude-cost] day=1300 ms=1.512 pending=0
[economy-boundary-cost] day=1300 formulas_ms=6.768 stages_ms=5.000 mirror_ms=3.938
[runtime-day-cost] day=1300 ok=1 ms=14.719
[clock/step] delta=6.9ms speed=50x target=0.34d cap=2.56d/f cost=3.12ms ran=0 pulse=0.00ms loop=0.00ms full=0.28ms carry=0.46 barrier=
[clock/step] delta=6.9ms speed=50x target=0.34d cap=1.05d/f cost=6.79ms ran=1 pulse=0.00ms loop=3.45ms full=3.64ms carry=0.32 barrier=
[economy-open-finish] day=1400 country=0.310 workset=0.023 fiscal=0.033 csr=0.004 recovery=0.001 vectors=0.368 audit=0.404 commands=0.000
[economy-prelude-cost] day=1400 ms=1.427 pending=0
[economy-boundary-cost] day=1400 formulas_ms=7.230 stages_ms=5.550 mirror_ms=4.689
[runtime-day-cost] day=1400 ok=1 ms=15.089
[clock/step] delta=6.7ms speed=50x target=0.33d cap=1.49d/f cost=5.04ms ran=1 pulse=0.00ms loop=3.70ms full=3.87ms carry=0.24 barrier=
[clock/step] delta=8.3ms speed=50x target=0.42d cap=0.71d/f cost=11.23ms ran=0 pulse=0.00ms loop=0.01ms full=0.20ms carry=0.99 barrier=
[clock/step] delta=6.9ms speed=50x target=0.35d cap=2.22d/f cost=3.61ms ran=0 pulse=0.00ms loop=0.00ms full=0.21ms carry=0.51 barrier=
[economy-open-finish] day=1500 country=0.317 workset=0.020 fiscal=0.029 csr=0.004 recovery=0.001 vectors=0.371 audit=0.419 commands=0.000
[economy-prelude-cost] day=1500 ms=1.416 pending=0
[economy-boundary-cost] day=1500 formulas_ms=6.739 stages_ms=5.071 mirror_ms=4.242
[runtime-day-cost] day=1500 ok=1 ms=16.492
[clock/step] delta=6.9ms speed=50x target=0.35d cap=2.54d/f cost=3.15ms ran=0 pulse=0.00ms loop=0.00ms full=0.24ms carry=0.36 barrier=
[clock/step] delta=6.9ms speed=50x target=0.34d cap=1.12d/f cost=6.64ms ran=1 pulse=0.00ms loop=4.66ms full=5.03ms carry=0.09 barrier=
[economy-open-finish] day=1600 country=0.313 workset=0.022 fiscal=0.035 csr=0.004 recovery=0.001 vectors=0.354 audit=0.417 commands=0.001
[economy-prelude-cost] day=1600 ms=1.482 pending=0
[economy-boundary-cost] day=1600 formulas_ms=7.446 stages_ms=5.707 mirror_ms=4.313
[runtime-day-cost] day=1600 ok=1 ms=15.062
[clock/step] delta=6.9ms speed=50x target=0.34d cap=2.47d/f cost=3.15ms ran=1 pulse=0.00ms loop=2.79ms full=2.96ms carry=0.06 barrier=
[clock/step] delta=6.9ms speed=50x target=0.34d cap=2.36d/f cost=3.39ms ran=0 pulse=0.00ms loop=0.00ms full=0.18ms carry=0.44 barrier=
[clock/step] delta=6.9ms speed=50x target=0.34d cap=6.63d/f cost=1.21ms ran=0 pulse=0.00ms loop=0.00ms full=0.23ms carry=0.74 barrier=
[economy-open-finish] day=1700 country=0.301 workset=0.018 fiscal=0.029 csr=0.004 recovery=0.001 vectors=0.344 audit=0.403 commands=0.000
[economy-prelude-cost] day=1700 ms=1.359 pending=0
[economy-boundary-cost] day=1700 formulas_ms=7.613 stages_ms=6.014 mirror_ms=4.440
[runtime-day-cost] day=1700 ok=1 ms=15.863
[clock/step] delta=6.9ms speed=50x target=0.34d cap=3.49d/f cost=1.94ms ran=1 pulse=0.00ms loop=0.52ms full=0.80ms carry=0.05 barrier=climate_input_capacity_day_barrier
[clock/step] delta=6.9ms speed=50x target=0.34d cap=2.10d/f cost=3.81ms ran=0 pulse=0.00ms loop=0.00ms full=0.17ms carry=0.74 barrier=
[economy-open-finish] day=1800 country=0.461 workset=0.028 fiscal=0.034 csr=0.004 recovery=0.001 vectors=0.444 audit=0.754 commands=0.001
[economy-prelude-cost] day=1800 ms=2.103 pending=0
[economy-boundary-cost] day=1800 formulas_ms=9.588 stages_ms=7.095 mirror_ms=4.628
[runtime-day-cost] day=1800 ok=1 ms=18.532
[clock/step] delta=6.9ms speed=50x target=0.34d cap=3.03d/f cost=2.83ms ran=1 pulse=0.00ms loop=3.60ms full=3.80ms carry=0.05 barrier=
[clock/step] delta=6.9ms speed=50x target=0.35d cap=2.55d/f cost=3.13ms ran=0 pulse=0.00ms loop=0.00ms full=0.24ms carry=0.78 barrier=
[clock/step] delta=6.9ms speed=50x target=0.34d cap=2.29d/f cost=3.43ms ran=1 pulse=0.00ms loop=3.16ms full=3.34ms carry=0.17 barrier=
[economy-open-finish] day=1900 country=0.311 workset=0.019 fiscal=0.029 csr=0.004 recovery=0.001 vectors=0.300 audit=0.411 commands=0.000
[economy-prelude-cost] day=1900 ms=1.342 pending=0
[economy-boundary-cost] day=1900 formulas_ms=7.527 stages_ms=5.937 mirror_ms=4.093
[runtime-day-cost] day=1900 ok=1 ms=15.639
[clock/step] delta=6.9ms speed=50x target=0.34d cap=3.98d/f cost=2.01ms ran=0 pulse=0.00ms loop=0.00ms full=0.18ms carry=0.48 barrier=
[clock/step] delta=6.9ms speed=50x target=0.34d cap=5.29d/f cost=1.28ms ran=1 pulse=0.00ms loop=0.36ms full=0.53ms carry=0.16 barrier=climate_input_capacity_day_barrier
[perf-record] exported rows=1936 cols=234 → D:/Godot/ProjectKeynes/Project.Keynes/tmp/soak_survival_floor/perf.csv
[economy-record] background export completed -> ["D:/Godot/ProjectKeynes/Project.Keynes/tmp/economy_record_20260919_221547_v25_cell580_q36_r9_summary.csv", "D:/Godot/ProjectKeynes/Project.Keynes/tmp/economy_record_20260919_221547_v25_cell580_q36_r9_cohorts.csv", "D:/Godot/ProjectKeynes/Project.Keynes/tmp/economy_record_20260919_221547_v25_cell580_q36_r9_buildings.csv", "D:/Godot/ProjectKeynes/Project.Keynes/tmp/economy_record_20260919_221547_v25_cell580_q36_r9_resources.csv", "D:/Godot/ProjectKeynes/Project.Keynes/tmp/economy_record_20260919_221547_v25_cell580_q36_r9_market.csv"]
[stage-c/client] complete mode=ACTIVE frames=5889 fast_ticks=1936 perf=D:/Godot/ProjectKeynes/Project.Keynes/tmp/soak_survival_floor/perf.csv
ERROR: 44 RID allocations of type 'PN13RendererDummy14TextureStorage12DummyTextureE' were leaked at exit.
ERROR: 16 RID allocations of type 'PN18TextServerAdvanced22ShapedTextDataAdvancedE' were leaked at exit.
ERROR: 1 RID allocations of type 'PN18TextServerAdvanced12FontAdvancedE' were leaked at exit.
WARNING: ObjectDB instances leaked at exit (run with --verbose for details).
   at: cleanup (core/object/object.cpp:2641)
ERROR: 986 resources still in use at exit (run with --verbose for details).
   at: clear (core/io/resource.cpp:810)
