Godot Engine v4.6.2.stable.official.71f334935 - https://godotengine.org

[ui-layout-diag/bind_ui] is_web=false viewport_visible_rect=[P: (0.0, 0.0), S: (51.2, 51.2)] window_size=(64, 64) content_scale_factor=1.250 content_scale_mode=0 device_pixel_ratio=-1.000 top_bar_rect=[P: (0.0, 0.0), S: (543.0, 56.0)] right_panel_rect=[P: (-408.8, 68.0), S: (460.0, 366.0)] country_action_bar_rect=[P: (8.0, -30.8), S: (336.0, 74.0)]
[stage-c] authority=OFF worker=SHADOW
[building-visual] queue_probe ticks=1 queued=0 chunk=-1 camera_rect=[P: (-25.6, -25.6), S: (51.2, 51.2)] prefetch=false zoom=1.000
[building-visual] queue_probe ticks=2 queued=0 chunk=-1 camera_rect=[P: (-25.6, -25.6), S: (51.2, 51.2)] prefetch=false zoom=1.000
[native_generation/base] path=gdext algorithm=post_base_priority_flood_hydrology_v3 n=2400 native_ms=7.677 water=1862 land=538
[native_generation/post_base] path=gdext algorithm=post_base_priority_flood_hydrology_v3 n=2400 native_ms=1.521 lakes=18 rivers=58 volcanoes=0
[native_generation/vegetation] native_ms=0.733 candidates=542 none=1394 score=[0.000,1.577,1.126] plant_water_land=542 river_adjacent_desert=0 coastal_highland_desert=0 terrain_weight=[0.180,1.200]
[native_generation/qa] single_water=0 tiny<=3=0 small<=5=0 bodies=2 largest=1840 | land_below_sea=0.0% | terr_distinct=20 entropy=2.690bit | river_ratio=2.417%
MapGenerator v7: per-cell 77ms (2400 cells, path=gdext)
[building-visual] queue_probe ticks=3 queued=0 chunk=-1 camera_rect=[P: (-25.6, -25.6), S: (51.2, 51.2)] prefetch=false zoom=1.000
MapBaker v6: hm=(1024, 606) seed=20260718
    [fused] terrain=66.9ms erosion=2.1ms(ok=true) river=11.1ms(ok=true) latitude=0.1ms coast_sdf=3.1ms(ok=true)
  geometry fields (fused C++): 152ms
  physical circulation hex solve: deferred until DCWorldExt bind (ext=true idx=true soa=false)
  wind/ocean pixel buffers: skipped (ocean_current_visual off)
  visual tiles: {"degradation_reason":"","effective_budget_px":1717248,"effective_texels_per_hex":16.0059221751742,"effective_world_units_per_texel":"(1.373983, 1.375)","estimated_peak_bytes":68402880,"estimated_resident_bytes":40340160,"fallback_reason":"","generation_id":1,"grid_size":"(4, 3)","gutter_px":2,"hex_size":22.0,"horizon_path":"neutral_pending","interior_size":"(416, 344)","layer_size":"(420, 348)","layers":[{"bake_ms":35.387,"coast_sdf_max_dist_px":13.6162309214075,"distance_scale":1.70202886517594,"edge_distance_saturate_hex":0.9,"edge_distance_units":"normalized_hex_center_gap","hashes":{"edge_distance":7407730141571241905,"edge_neighbor":-4543926112381022223,"height":-1697431226796729820,"map_index":2274457353656815029,"terrain_detail":-8151073494896450720,"terrain_normal":-7915207892100105287,"water_depth":2243981384936519209},"layer":0,"normal_radius_px":"(22, 22)","raster_scale":"(1.701088, 1.70297)","river_sdf_max_dist_px":5.9571010281158,"shore_carve_band_px":10,"upload_ms":0.068,"wall_ms":35.563},{"bake_ms":49.6661,"coast_sdf_max_dist_px":13.6162309214075,"distance_scale":1.70202886517594,"edge_distance_saturate_hex":0.9,"edge_distance_units":"normalized_hex_center_gap","hashes":{"edge_distance":-3976966917245296998,"edge_neighbor":3621067584965836758,"height":1528863693732331325,"map_index":2549496320971286395,"terrain_detail":-1859665442256196863,"terrain_normal":-3535715913223945715,"water_depth":3063832404714471227},"layer":1,"normal_radius_px":"(22, 22)","raster_scale":"(1.701088, 1.70297)","river_sdf_max_dist_px":5.9571010281158,"shore_carve_band_px":10,"upload_ms":0.078,"wall_ms":49.866},{"bake_ms":66.2,"coast_sdf_max_dist_px":13.6162309214075,"distance_scale":1.70202886517594,"edge_distance_saturate_hex":0.9,"edge_distance_units":"normalized_hex_center_gap","hashes":{"edge_distance":5218991683420850894,"edge_neighbor":-5345480133151690080,"height":-7454692257232797492,"map_index":-8366882445923572637,"terrain_detail":-3319625715479491564,"terrain_normal":-6498016425275236080,"water_depth":-2856782738831354408},"layer":2,"normal_radius_px":"(22, 22)","raster_scale":"(1.701088, 1.70297)","river_sdf_max_dist_px":5.9571010281158,"shore_carve_band_px":10,"upload_ms":0.061,"wall_ms":66.398},{"bake_ms":49.7081,"coast_sdf_max_dist_px":13.6162309214075,"distance_scale":1.70202886517594,"edge_distance_saturate_hex":0.9,"edge_distance_units":"normalized_hex_center_gap","hashes":{"edge_distance":8612685970797441304,"edge_neighbor":883218167199411248,"height":-1023169273004332113,"map_index":2707475090998858733,"terrain_detail":6263308266530163428,"terrain_normal":-4855806448874004076,"water_depth":-2127183836498838294},"layer":3,"normal_radius_px":"(22, 22)","raster_scale":"(1.701088, 1.70297)","river_sdf_max_dist_px":5.9571010281158,"shore_carve_band_px":10,"upload_ms":0.072,"wall_ms":49.873},{"bake_ms":54.6958,"coast_sdf_max_dist_px":13.6162309214075,"distance_scale":1.70202886517594,"edge_distance_saturate_hex":0.9,"edge_distance_units":"normalized_hex_center_gap","hashes":{"edge_distance":297283154589053998,"edge_neighbor":-8580896561628889486,"height":-5407985216165520287,"map_index":9182820345735435477,"terrain_detail":-4270043139625925275,"terrain_normal":-8287812837813031566,"water_depth":3228562322921317175},"layer":4,"normal_radius_px":"(22, 22)","raster_scale":"(1.701088, 1.70297)","river_sdf_max_dist_px":5.9571010281158,"shore_carve_band_px":10,"upload_ms":0.076,"wall_ms":54.87},{"bake_ms":99.2955,"coast_sdf_max_dist_px":13.6162309214075,"distance_scale":1.70202886517594,"edge_distance_saturate_hex":0.9,"edge_distance_units":"normalized_hex_center_gap","hashes":{"edge_distance":-3309735790229328004,"edge_neighbor":-5731875958399186170,"height":-7367011441573634711,"map_index":-8927034593564641593,"terrain_detail":4427859160994159548,"terrain_normal":-8418168866925073872,"water_depth":-6262847963806259588},"layer":5,"normal_radius_px":"(22, 22)","raster_scale":"(1.701088, 1.70297)","river_sdf_max_dist_px":5.9571010281158,"shore_carve_band_px":10,"upload_ms":0.065,"wall_ms":99.451},{"bake_ms":100.5323,"coast_sdf_max_dist_px":13.6162309214075,"distance_scale":1.70202886517594,"edge_distance_saturate_hex":0.9,"edge_distance_units":"normalized_hex_center_gap","hashes":{"edge_distance":8321833536859295351,"edge_neighbor":-5005127231569416705,"height":3341074557671273762,"map_index":-396979365122735556,"terrain_detail":4215695107284896355,"terrain_normal":-2597592164988767119,"water_depth":-728996428569554142},"layer":6,"normal_radius_px":"(22, 22)","raster_scale":"(1.701088, 1.70297)","river_sdf_max_dist_px":5.9571010281158,"shore_carve_band_px":10,"upload_ms":0.08,"wall_ms":100.712},{"bake_ms":57.053,"coast_sdf_max_dist_px":13.6162309214075,"distance_scale":1.70202886517594,"edge_distance_saturate_hex":0.9,"edge_distance_units":"normalized_hex_center_gap","hashes":{"edge_distance":208782133921839682,"edge_neighbor":-9034811754870153070,"height":-2132080742075037466,"map_index":4521453198400050055,"terrain_detail":-6887604134882803410,"terrain_normal":-8949913885161130949,"water_depth":-380875893755025537},"layer":7,"normal_radius_px":"(22, 22)","raster_scale":"(1.701088, 1.70297)","river_sdf_max_dist_px":5.9571010281158,"shore_carve_band_px":10,"upload_ms":0.061,"wall_ms":57.203},{"bake_ms":42.8354,"coast_sdf_max_dist_px":13.6162309214075,"distance_scale":1.70202886517594,"edge_distance_saturate_hex":0.9,"edge_distance_units":"normalized_hex_center_gap","hashes":{"edge_distance":8264413913844957711,"edge_neighbor":6449510455372096238,"height":2774507710515011656,"map_index":1602406146469738870,"terrain_detail":4148301864856098689,"terrain_normal":2948295881015716229,"water_depth":-5702780522234210443},"layer":8,"normal_radius_px":"(22, 22)","raster_scale":"(1.701088, 1.70297)","river_sdf_max_dist_px":5.9571010281158,"shore_carve_band_px":10,"upload_ms":0.076,"wall_ms":43.01},{"bake_ms":67.1748,"coast_sdf_max_dist_px":13.6162309214075,"distance_scale":1.70202886517594,"edge_distance_saturate_hex":0.9,"edge_distance_units":"normalized_hex_center_gap","hashes":{"edge_distance":-7342283611218684865,"edge_neighbor":-5634881956267287527,"height":2825572143123611103,"map_index":-8831886053851355773,"terrain_detail":4235680215872698627,"terrain_normal":-2070428832888160468,"water_depth":795287004519003509},"layer":9,"normal_radius_px":"(22, 22)","raster_scale":"(1.701088, 1.70297)","river_sdf_max_dist_px":5.9571010281158,"shore_carve_band_px":10,"upload_ms":0.08,"wall_ms":67.363},{"bake_ms":77.8043,"coast_sdf_max_dist_px":13.6162309214075,"distance_scale":1.70202886517594,"edge_distance_saturate_hex":0.9,"edge_distance_units":"normalized_hex_center_gap","hashes":{"edge_distance":-8079933026638934708,"edge_neighbor":6678593248902245418,"height":-4365230997761727027,"map_index":684363689774237482,"terrain_detail":-1251348211797502761,"terrain_normal":-9093325325990601316,"water_depth":463899081477651312},"layer":10,"normal_radius_px":"(22, 22)","raster_scale":"(1.701088, 1.70297)","river_sdf_max_dist_px":5.9571010281158,"shore_carve_band_px":10,"upload_ms":0.088,"wall_ms":78.033},{"bake_ms":47.7385,"coast_sdf_max_dist_px":13.6162309214075,"distance_scale":1.70202886517594,"edge_distance_saturate_hex":0.9,"edge_distance_units":"normalized_hex_center_gap","hashes":{"edge_distance":5056840590371500922,"edge_neighbor":8667344552684765316,"height":64708304598049951,"map_index":-6792268264940266568,"terrain_detail":7665021879133805446,"terrain_normal":-2224180417278547981,"water_depth":517399438142152488},"layer":11,"normal_radius_px":"(22, 22)","raster_scale":"(1.701088, 1.70297)","river_sdf_max_dist_px":5.9571010281158,"shore_carve_band_px":10,"upload_ms":0.073,"wall_ms":47.934}],"logical_size":"(1664, 1032)","mode":"tiled","path":"visual_tiled_static","profile":"desktop_high","renderer":"mobile","requested_budget_px":1716216,"requested_texels_per_hex":16.0,"requested_tile_world_span":"(704.0, 704.0)","requested_world_units_per_texel":1.375,"tile_world_area":270355.817993164,"tile_world_span":"(571.5768, 473.0)","total_ms":754.218,"visual_domain":"[P: (0.0, -44.0), S: (2286.307, 1419.0)]","wrap_period_x":2286.30706599092,"wrap_x":true}
Godot_v4.6.2-stable_win64_console.exe : WARNING: Loaded resource as image file, this will not work on export: 'res://as
sets/textures/terrain_materials/organic.png'. Instead, import the image file as an Image resource and load it normally 
as a resource.
所在位置 C:\Users\hkinghuang\AppData\Local\Temp\ps-script-17bd51d8-b22e-45e6-86df-5600c9651bf9.ps1:94 字符: 1
+ & 'D:\Godot\Godot_v4.6.2-stable_win64.exe\Godot_v4.6.2-stable_win64_c ...
+ ~~~~~~~~~~~~~~~~~~~~~~~~~~~~~~~~~~~~~~~~~~~~~~~~~~~~~~~~~~~~~~~~~~~~~
    + CategoryInfo          : NotSpecified: (WARNING: Loaded... as a resource.:String) [], RemoteException
    + FullyQualifiedErrorId : NativeCommandError
 
   at: load (core/io/image.cpp:2756)
   GDScript backtrace (most recent call first):
       [0] _build_terrain_material_tex (res://scripts/rendering/map_baker.gd:360)
       [1] get_or_build_shared_terrain_material_tex (res://scripts/rendering/map_baker.gd:343)
       [2] bake_world (res://scripts/rendering/map_baker.gd:1187)
       [3] _yield_generation_frame (res://scripts/rendering/map_baker.gd:1225)
WARNING: Loaded resource as image file, this will not work on export: 'res://assets/textures/terrain_materials/dry_sand
.png'. Instead, import the image file as an Image resource and load it normally as a resource.
   at: load (core/io/image.cpp:2756)
   GDScript backtrace (most recent call first):
       [0] _build_terrain_material_tex (res://scripts/rendering/map_baker.gd:360)
       [1] get_or_build_shared_terrain_material_tex (res://scripts/rendering/map_baker.gd:343)
       [2] bake_world (res://scripts/rendering/map_baker.gd:1187)
       [3] _yield_generation_frame (res://scripts/rendering/map_baker.gd:1225)
WARNING: Loaded resource as image file, this will not work on export: 'res://assets/textures/terrain_materials/rock.png
'. Instead, import the image file as an Image resource and load it normally as a resource.
   at: load (core/io/image.cpp:2756)
   GDScript backtrace (most recent call first):
       [0] _build_terrain_material_tex (res://scripts/rendering/map_baker.gd:360)
       [1] get_or_build_shared_terrain_material_tex (res://scripts/rendering/map_baker.gd:343)
       [2] bake_world (res://scripts/rendering/map_baker.gd:1187)
       [3] _yield_generation_frame (res://scripts/rendering/map_baker.gd:1225)
WARNING: Loaded resource as image file, this will not work on export: 'res://assets/textures/terrain_materials/snow_wet
.png'. Instead, import the image file as an Image resource and load it normally as a resource.
   at: load (core/io/image.cpp:2756)
   GDScript backtrace (most recent call first):
       [0] _build_terrain_material_tex (res://scripts/rendering/map_baker.gd:360)
       [1] get_or_build_shared_terrain_material_tex (res://scripts/rendering/map_baker.gd:343)
       [2] bake_world (res://scripts/rendering/map_baker.gd:1187)
       [3] _yield_generation_frame (res://scripts/rendering/map_baker.gd:1225)
  cell LUT encode: deferred until DCWorldExt bind
  encode: 3724ms
MapBaker v6: total 3884ms
MapGenerator v7: bake 3913ms
MapGenerator: skip _compute_ocean_currents (physical-hex path writes per-cell directly)
MapGenerator: skip _compute_terrain_perturbed_wind (physical-hex solver writes per-cell)
[SUS] sim budget strict=false frame=8.00ms warn=2.00ms slice=0.75ms upload=1.50ms scheduler=DCSystemScheduler native_sus=auto
[DCWorldExt] bind_map_data: 148 components bound (auto-registered=148; snapshot model; see world_ext.cpp comment & charter 脗搂11)
[DataCore] _data_core_world_ext bound=true (climate co-processor; class=DCWorldExt)
[native_world] configure rc=0 reason=configured cells=2400 wrap_period_x=103.923
[native_generation] path=gdext n=2400 published=9 native_ms=0.095 compute_ms=0.053 flush_ms=0.041
[hex_cell] facade ENABLED (2400 cells bound; ext=true)
[DataCore] _baker climate_profile injected=true (fixes WorldData.config==null sea_ice prepare path)
[phys_solve][oneshot] OK slp=0.90ms wind=0.43ms psi=0.35ms(ran=true) upwelling=0.06ms total=2.21ms
PhysicalCirculation solve@phase=1.50 total=2ms (C++ one-shot run_physical_solve_pass)
  wind/ocean pixel buffers: skipped (ocean_current_visual off)
[physical_init] deferred native refresh complete: 2ms
[cell_lut] deferred encode: 2ms path=gdext
[bio-occupancy] seed landmasses=18 provinces=18 species=20 secondary_hearths=0
[bio-occupancy]   bio.maize envelope=46 hearth=18 seeded_landmasses=1 primary_landmass=3 primary_envelope=38 occupied=18 occupied/envelope=0.47
[bio-occupancy]   bio.wheat envelope=96 hearth=16 seeded_landmasses=1 primary_landmass=3 primary_envelope=68 occupied=16 occupied/envelope=0.24
[bio-occupancy]   bio.rice envelope=75 hearth=25 seeded_landmasses=1 primary_landmass=3 primary_envelope=50 occupied=25 occupied/envelope=0.50
[bio-occupancy]   bio.potato envelope=75 hearth=30 seeded_landmasses=1 primary_landmass=3 primary_envelope=58 occupied=30 occupied/envelope=0.52
[bio-occupancy]   bio.horse envelope=108 hearth=38 seeded_landmasses=1 primary_landmass=3 primary_envelope=78 occupied=38 occupied/envelope=0.49
[bio-occupancy]   bio.cotton envelope=99 hearth=33 seeded_landmasses=1 primary_landmass=3 primary_envelope=74 occupied=33 occupied/envelope=0.45
[bio-occupancy]   bio.flax envelope=91 hearth=34 seeded_landmasses=1 primary_landmass=3 primary_envelope=63 occupied=34 occupied/envelope=0.54
[bio-occupancy]   bio.spice envelope=85 hearth=8 seeded_landmasses=1 primary_landmass=3 primary_envelope=66 occupied=8 occupied/envelope=0.12
[bio-occupancy]   bio.rubber envelope=41 hearth=1 seeded_landmasses=1 primary_landmass=3 primary_envelope=28 occupied=1 occupied/envelope=0.04
[bio-occupancy]   bio.sheep envelope=20 hearth=2 seeded_landmasses=1 primary_landmass=3 primary_envelope=16 occupied=2 occupied/envelope=0.13
[bio-occupancy]   bio.goat envelope=232 hearth=13 seeded_landmasses=1 primary_landmass=3 primary_envelope=157 occupied=13 occupied/envelope=0.08
[bio-occupancy]   bio.cattle envelope=6 hearth=1 seeded_landmasses=1 primary_landmass=3 primary_envelope=6 occupied=1 occupied/envelope=0.17
[bio-occupancy]   bio.pig envelope=175 hearth=32 seeded_landmasses=1 primary_landmass=3 primary_envelope=126 occupied=32 occupied/envelope=0.25
[bio-occupancy]   bio.camel envelope=37 hearth=3 seeded_landmasses=1 primary_landmass=3 primary_envelope=22 occupied=3 occupied/envelope=0.14
[bio-occupancy]   bio.yak envelope=63 hearth=18 seeded_landmasses=1 primary_landmass=3 primary_envelope=35 occupied=18 occupied/envelope=0.51
[bio-occupancy]   bio.silkworm envelope=108 hearth=41 seeded_landmasses=1 primary_landmass=3 primary_envelope=90 occupied=41 occupied/envelope=0.46
[bio-occupancy]   bio.reed envelope=118 hearth=23 seeded_landmasses=1 primary_landmass=3 primary_envelope=66 occupied=23 occupied/envelope=0.35
[bio-occupancy]   bio.bast_fiber envelope=135 hearth=29 seeded_landmasses=1 primary_landmass=3 primary_envelope=88 occupied=29 occupied/envelope=0.33
[bio-occupancy]   bio.dye_plant envelope=103 hearth=5 seeded_landmasses=1 primary_landmass=3 primary_envelope=77 occupied=5 occupied/envelope=0.06
[bio-occupancy]   bio.medicinal_herb envelope=203 hearth=8 seeded_landmasses=1 primary_landmass=3 primary_envelope=139 occupied=8 occupied/envelope=0.06
[bio-occupancy]   landmass 1 classes=none foods=none
[bio-occupancy]   landmass 2 classes=none foods=none
[bio-occupancy]   landmass 3 classes=highland_food, fiber_open, fiber_forest, open_grazer, open_food, fiber_wet, forest_grazer, tropical, dry_grazer, wetland_food, cold_grazer foods=potato, wheat, maize, rice
[bio-occupancy]   landmass 4 classes=none foods=none
[bio-occupancy]   landmass 5 classes=none foods=none
[bio-occupancy]   landmass 6 classes=none foods=none
[bio-occupancy]   landmass 7 classes=none foods=none
[bio-occupancy]   landmass 8 classes=none foods=none
[bio-occupancy]   landmass 9 classes=none foods=none
[bio-occupancy]   landmass 10 classes=none foods=none
[bio-occupancy]   landmass 11 classes=none foods=none
[bio-occupancy]   landmass 12 classes=none foods=none
[bio-occupancy]   landmass 13 classes=none foods=none
[bio-occupancy]   landmass 14 classes=none foods=none
[bio-occupancy]   landmass 15 classes=none foods=none
[bio-occupancy]   landmass 16 classes=none foods=none
[bio-occupancy]   landmass 17 classes=none foods=none
[bio-occupancy]   landmass 18 classes=none foods=none
[weather] gdext acceleration ON (class=DCWorldExt)
[weather] gdext field commit ON
[weather] gdext distribute ON
[weather] gdext summary ON
[weather] hexcell facade ON (skip AoS double-write in hot loop)
[weather] gdext resident knobs ON (class=KnobsHandle)
[economy] ACTIVE native graph cells=2400 goods=134 cohorts=16 epoch_days=1 trade=ACTIVE topology_ready=true topology_generation=1 bootstrap=starter_settlement_bootstrap_v9 founder_families=4 founder_people=4
[country] ACTIVE native authority countries=4 cells=2400 generation=1
[weather/knobs] resident KnobsHandle path ACTIVE 鈥?first to_*_knobs_dict hit (field_rebuild_count=1 expected 鈮?; stable Hz target 鈮? Hz)
[native_daily] ACTIVE: registered native_daily_sim + natural_resource_daily + bio_occupancy_daily; retained season_refresh + ocean_currents boundary jobs
[DCSystemScheduler] topology: ["season_refresh", "trigger_runtime", "ideology_runtime", "effect_runtime", "modifier_daily", "gameplay_effect", "natural_resource_daily", "bio_occupancy_daily", "enum_atlas_upload", "ocean_currents", "native_daily_sim", "dynamic_visual_atlas_upload", "country_daily", "economy_daily"]
WARNING: [runtime-climate-round] no ClimateDailySystem; SHADOW capture carries no shared pass input
   at: push_warning (core/variant/variant_utility.cpp:1034)
   GDScript backtrace (most recent call first):
       [0] _build_runtime_climate_round_input (res://scripts/geography/map_generator.gd:4666)
       [1] capture_runtime_inputs_for_worker (res://scripts/geography/map_generator.gd:2356)
       [2] generate_world (res://scripts/game/world_runtime_host.gd:715)
       [3] generate (res://scripts/geography/map_generator.gd:1606)
       [4] _yield_generation_frame (res://scripts/geography/map_generator.gd:19913)
[building-visual] intel_refresh requested=69 changed=1 known=1 catalog=400 resident=0 body=0 queued=0 zoom=1.000
[runtime-day-wait] day=1 env_day=0 missing=0x0 economy_input=-1
[DCSystemScheduler][RT] ocean_skip#1 tick=1 reason=policy_gated slices=0 elapsed=0.000 progress=0.000 source=day_changed
[climate][publish] day=0 round_ran=1 prod_stage=0xff scalar_mask=0x7f alb=0 veg=0 fb=0 weather=0 sr=0 ok=1
[DCSystemScheduler][RT] ocean_skip#2 tick=2 reason=policy_gated slices=0 elapsed=0.000 progress=0.000 source=day_changed
[climate][boundary] cold-start env_day=0 plan_day=1 ok=0 ref_hash=17654908178720290524 adopted_parity=17654908178720290
524 round_ran=1
[DCSystemScheduler][RT] ocean_skip#3 tick=3 reason=policy_gated slices=0 elapsed=0.000 progress=0.000 source=day_changed
[sim/barrier] day=3 pulse=1 economy_inflight=false hard_ack=effect extra=
[climate][publish] day=1 round_ran=1 prod_stage=0xff scalar_mask=0x7f alb=0 veg=0 fb=0 weather=0 sr=0 ok=1
[climate/worker][b8] physics_knobs day=1 ready=0 missing=physics_knobs
[climate][publish] day=2 round_ran=0 prod_stage=0x0 scalar_mask=0x0 alb=0 veg=0 fb=0 weather=0 sr=0 ok=1
[climate-kernel][round] shared=1 ok=1 n_cells=2400 mask=0x1FF ran=0x1FF starved=0x0 knobs_cells=2400
[phys_solve][RT] start#1 phase=0.0425 pending=nan solve_ocean=true ext=true idx=true soa=true
[slp_field] path-decision call#1: prof=true pflag_attr=true pflag_val=true ext=true method=true idx=true -> cpp_gate=true
[slp_field] commit-diag call#1: rc=0.068 slp_out=2400 n_cells=2400 map_slp=2400 slice=0:300 final=false published=false slot=19/2400 reason=intermediate_slice
[slp_field][RT-DIAG] call#1 phase=0.0425 rc=0.068 slp_out=2400 n=2400 slice=0:300 final=false published=false slot=19/2400 slot_reason=intermediate_slice -> intermediate_slice
[climate][boundary] day=1 planned=1 compared=1 matched=0 worker_parity=800409042284780579 ref=13231622903701067798 stag
e_ran=0xFF prod_stage=0xFF round_ran=1 alb=0 veg=0 fb=0 err=
[climate][boundary] day=1 first_diff=temperature[1954] ref=0.575782776 worker=0.579764724
[natural_resource/slow-dump] tick=5 day=5 wall=2.06 cpp=0.159 compute=0.135 loop=0.009 flush=0.069 wrapper=1.739 layout=cell_indices dispatches=0 resources=14/31 skipped_static=17 published=true total_delta=344590.19737
[DCSystemScheduler][RT] ocean_skip#4 tick=5 reason=policy_gated slices=0 elapsed=0.000 progress=0.000 source=day_changed
[climate][publish] day=3 round_ran=1 prod_stage=0x1fff scalar_mask=0x7f alb=1 veg=1 fb=1 weather=1 sr=0 ok=1
[climate][publish] day=4 round_ran=0 prod_stage=0x0 scalar_mask=0x0 alb=0 veg=0 fb=0 weather=0 sr=0 ok=1
[hex-renderer] set_weather_fronts(n=0) layer=WeatherLayer
[DCSystemScheduler][RT] ocean_skip#5 tick=7 reason=policy_gated slices=0 elapsed=0.000 progress=0.000 source=day_changed
[climate][publish] day=5 round_ran=1 prod_stage=0xff scalar_mask=0x7f alb=0 veg=0 fb=0 weather=0 sr=0 ok=1
[climate][publish] day=6 round_ran=0 prod_stage=0x0 scalar_mask=0x0 alb=0 veg=0 fb=0 weather=0 sr=0 ok=1
[slp_field] path-decision call#2: prof=true pflag_attr=true pflag_val=true ext=true method=true idx=true -> cpp_gate=true
[slp_field] commit-diag call#2: rc=0.067 slp_out=2400 n_cells=2400 map_slp=2400 slice=300:600 final=false published=false slot=19/2400 reason=intermediate_slice
[slp_field][RT-DIAG] call#2 phase=0.0425 rc=0.067 slp_out=2400 n=2400 slice=300:600 final=false published=false slot=19/2400 slot_reason=intermediate_slice -> intermediate_slice
[DCSystemScheduler][RT] ocean_skip#6 tick=9 reason=policy_gated slices=0 elapsed=0.000 progress=0.000 source=day_changed
[climate][publish] day=7 round_ran=1 prod_stage=0xff scalar_mask=0x7f alb=0 veg=0 fb=0 weather=0 sr=0 ok=1
[climate][publish] day=8 round_ran=0 prod_stage=0x0 scalar_mask=0x0 alb=0 veg=0 fb=0 weather=0 sr=0 ok=1
[DCSystemScheduler][RT] ocean_skip#7 tick=10 reason=policy_gated slices=0 elapsed=0.000 progress=0.000 source=day_changed
[DCSystemScheduler][RT] ocean_skip#8 tick=11 reason=policy_gated slices=0 elapsed=0.000 progress=0.000 source=day_changed
[climate][publish] day=9 round_ran=1 prod_stage=0xff scalar_mask=0x7f alb=0 veg=0 fb=0 weather=0 sr=0 ok=1
[climate][publish] day=10 round_ran=0 prod_stage=0x0 scalar_mask=0x0 alb=0 veg=0 fb=0 weather=0 sr=0 ok=1
[slp_field] path-decision call#3: prof=true pflag_attr=true pflag_val=true ext=true method=true idx=true -> cpp_gate=true
[slp_field] commit-diag call#3: rc=0.065 slp_out=2400 n_cells=2400 map_slp=2400 slice=600:900 final=false published=false slot=19/2400 reason=intermediate_slice
[slp_field][RT-DIAG] call#3 phase=0.0425 rc=0.065 slp_out=2400 n=2400 slice=600:900 final=false published=false slot=19/2400 slot_reason=intermediate_slice -> intermediate_slice
[DCSystemScheduler][RT] ocean_skip#9 tick=13 reason=policy_gated slices=0 elapsed=0.000 progress=0.000 source=day_changed
[climate][publish] day=11 round_ran=1 prod_stage=0x18ff scalar_mask=0x7f alb=0 veg=0 fb=0 weather=1 sr=0 ok=1
[climate][publish] day=12 round_ran=0 prod_stage=0x0 scalar_mask=0x0 alb=0 veg=0 fb=0 weather=0 sr=0 ok=1
[DCSystemScheduler][RT] ocean_skip#10 tick=14 reason=policy_gated slices=0 elapsed=0.000 progress=0.000 source=day_changed
[hex-renderer] set_weather_fronts(n=12) layer=WeatherLayer
[clock/step] delta=7.8ms speed=50x target=0.39d cap=0.41d/f cost=19.92ms ran=1 pulse=0.00ms loop=21.49ms full=21.68ms carry=0.22 barrier=country_day_barrier,economy_day_barrier
[clock/fat-day] loop=21.49ms largest=0.00ms job= stage= over_budget=false native_stage=
[DCSystemScheduler][RT] ocean_skip#11 tick=15 reason=policy_gated slices=0 elapsed=0.000 progress=0.000 source=day_changed
[climate][publish] day=13 round_ran=1 prod_stage=0xff scalar_mask=0x7f alb=0 veg=0 fb=0 weather=0 sr=0 ok=1
[climate][publish] day=14 round_ran=0 prod_stage=0x0 scalar_mask=0x0 alb=0 veg=0 fb=0 weather=0 sr=0 ok=1
[slp_field][RT-DIAG] call#4 phase=0.0425 rc=0.065 slp_out=2400 n=2400 slice=900:1200 final=false published=false slot=19/2400 slot_reason=intermediate_slice -> intermediate_slice
[DCSystemScheduler][RT] ocean_skip#12 tick=17 reason=policy_gated slices=0 elapsed=0.000 progress=0.000 source=day_changed
[climate][publish] day=15 round_ran=1 prod_stage=0xff scalar_mask=0x7f alb=0 veg=0 fb=0 weather=0 sr=0 ok=1
[climate][publish] day=16 round_ran=0 prod_stage=0x0 scalar_mask=0x0 alb=0 veg=0 fb=0 weather=0 sr=0 ok=1
[DCSystemScheduler][RT] ocean_skip#13 tick=19 reason=policy_gated slices=0 elapsed=0.000 progress=0.000 source=day_changed
[climate][publish] day=17 round_ran=1 prod_stage=0xff scalar_mask=0x7f alb=0 veg=0 fb=0 weather=0 sr=0 ok=1
[climate][publish] day=18 round_ran=0 prod_stage=0x0 scalar_mask=0x0 alb=0 veg=0 fb=0 weather=0 sr=0 ok=1
[slp_field][RT-DIAG] call#5 phase=0.0425 rc=0.074 slp_out=2400 n=2400 slice=1200:1500 final=false published=false slot=19/2400 slot_reason=intermediate_slice -> intermediate_slice
[DCSystemScheduler][RT] ocean_skip#14 tick=21 reason=policy_gated slices=0 elapsed=0.000 progress=0.000 source=day_changed
[climate][publish] day=19 round_ran=1 prod_stage=0x18ff scalar_mask=0x7f alb=0 veg=0 fb=0 weather=1 sr=0 ok=1
[climate][publish] day=20 round_ran=0 prod_stage=0x0 scalar_mask=0x0 alb=0 veg=0 fb=0 weather=0 sr=0 ok=1
[DCSystemScheduler][RT] ocean_skip#15 tick=22 reason=policy_gated slices=0 elapsed=0.000 progress=0.000 source=day_changed
[hex-renderer] set_weather_fronts(n=12) layer=WeatherLayer
[DCSystemScheduler][RT] ocean_skip#16 tick=23 reason=policy_gated slices=0 elapsed=0.000 progress=0.000 source=day_changed
[climate][publish] day=21 round_ran=1 prod_stage=0xff scalar_mask=0x7f alb=0 veg=0 fb=0 weather=0 sr=0 ok=1
[climate][publish] day=22 round_ran=0 prod_stage=0x0 scalar_mask=0x0 alb=0 veg=0 fb=0 weather=0 sr=0 ok=1
[DCSystemScheduler][RT] ocean_skip#17 tick=25 reason=policy_gated slices=0 elapsed=0.000 progress=0.000 source=day_changed
[climate][publish] day=23 round_ran=1 prod_stage=0xff scalar_mask=0x7f alb=0 veg=0 fb=0 weather=0 sr=0 ok=1
[climate][publish] day=24 round_ran=0 prod_stage=0x0 scalar_mask=0x0 alb=0 veg=0 fb=0 weather=0 sr=0 ok=1
[DCSystemScheduler][RT] ocean_skip#18 tick=26 reason=policy_gated slices=0 elapsed=0.000 progress=0.000 source=day_changed
[DCSystemScheduler][RT] ocean_skip#19 tick=27 reason=policy_gated slices=0 elapsed=0.000 progress=0.000 source=day_changed
[climate][publish] day=25 round_ran=1 prod_stage=0xff scalar_mask=0x7f alb=0 veg=0 fb=0 weather=0 sr=0 ok=1
[climate][publish] day=26 round_ran=0 prod_stage=0x0 scalar_mask=0x0 alb=0 veg=0 fb=0 weather=0 sr=0 ok=1
[DCSystemScheduler][RT] ocean_skip#20 tick=29 reason=policy_gated slices=0 elapsed=0.000 progress=0.000 source=day_changed
[climate][publish] day=27 round_ran=1 prod_stage=0x18ff scalar_mask=0x7f alb=0 veg=0 fb=0 weather=1 sr=0 ok=1
[climate][publish] day=28 round_ran=0 prod_stage=0x0 scalar_mask=0x0 alb=0 veg=0 fb=0 weather=0 sr=0 ok=1
[season_refresh] b_plus_start path=gdext handle=1 season=0 n_cells=2400
[season_refresh] b_plus_finish path=gdext native_ms=0.471 slices=1 stages_done=12
[DCSystemScheduler][RT] ocean_skip#21 tick=31 reason=policy_gated slices=0 elapsed=0.000 progress=0.000 source=day_changed
[climate][publish] day=29 round_ran=1 prod_stage=0xff scalar_mask=0x7f alb=0 veg=0 fb=0 weather=0 sr=1 ok=1
[climate][publish] day=30 round_ran=0 prod_stage=0x0 scalar_mask=0x0 alb=0 veg=0 fb=0 weather=0 sr=0 ok=1
[slp_field] gdext path ACTIVE 鈥?first run elapsed=0.25ms (legacy GDScript baseline ~36ms; target < 3ms)
[DCSystemScheduler][RT] ocean_skip#22 tick=33 reason=policy_gated slices=0 elapsed=0.000 progress=0.000 source=day_changed
[climate][publish] day=31 round_ran=1 prod_stage=0xff scalar_mask=0x7f alb=0 veg=0 fb=0 weather=0 sr=0 ok=1
[climate][publish] day=32 round_ran=0 prod_stage=0x0 scalar_mask=0x0 alb=0 veg=0 fb=0 weather=0 sr=0 ok=1
[DCSystemScheduler][RT] ocean_skip#23 tick=34 reason=policy_gated slices=0 elapsed=0.000 progress=0.000 source=day_changed
[DCSystemScheduler][RT] ocean_skip#24 tick=35 reason=policy_gated slices=0 elapsed=0.000 progress=0.000 source=day_changed
[clock/step] delta=9.1ms speed=50x target=0.45d cap=0.32d/f cost=25.21ms ran=0 pulse=0.00ms loop=0.00ms full=0.23ms carry=0.38 barrier=
[climate][publish] day=33 round_ran=1 prod_stage=0xff scalar_mask=0x7f alb=0 veg=0 fb=0 weather=0 sr=0 ok=1
[DCSystemScheduler][RT] ocean_skip#25 tick=37 reason=policy_gated slices=0 elapsed=0.000 progress=0.000 source=day_changed
[DCSystemScheduler][RT] ocean_skip#26 tick=38 reason=policy_gated slices=0 elapsed=0.000 progress=0.000 source=day_changed
[DCSystemScheduler][RT] ocean_skip#27 tick=39 reason=policy_gated slices=0 elapsed=0.000 progress=0.000 source=day_changed
[psi_solver] path-decision call#1: prof=true pflag_attr=true pflag_val=true ext=true method=true idx=true heat=true -> cpp_gate=true
[psi_solver] gdext path ACTIVE 鈥?first run elapsed=0.40ms (legacy GDScript stage3+4+5 baseline ~32+ms; target < 5ms)
[psi_solver] commit-diag call#1: rc=0.400 n_water=1497 n_cells=2400 published=true
[DCSystemScheduler][RT] ocean_skip#28 tick=41 reason=policy_gated slices=0 elapsed=0.000 progress=0.000 source=day_changed
[DCSystemScheduler][RT] ocean_skip#29 tick=43 reason=policy_gated slices=0 elapsed=0.000 progress=0.000 source=day_changed
[upwelling/DIAG#1] gate: prof=true pflag_attr=true pflag_val=true ext=true method=true wind_cpp=true idx=true -> cpp_gate=true
[upwelling/DIAG#1] cpp-call: ret_type=27 fallback=false reason='' elapsed_native_ms=0.007
[upwelling/DIAG#1] BREAKDOWN: T1_nb_pack=0.00ms T2_knobs=0.01ms T3_refresh_slots=0.12ms T4_cpp_call=0.02ms (n=2400)
[DCSystemScheduler][RT] ocean_skip#30 tick=45 reason=policy_gated slices=0 elapsed=0.000 progress=0.000 source=day_changed
[DCSystemScheduler][RT] ocean_skip#31 tick=46 reason=policy_gated slices=0 elapsed=0.000 progress=0.000 source=day_changed
[DCSystemScheduler][RT] ocean_skip#32 tick=47 reason=policy_gated slices=0 elapsed=0.000 progress=0.000 source=day_changed
[season_refresh] x2 slots: refresh=1 skip=0 (鏈熸湜 refresh=1 skip=11 鍏?gdext 璺緞)
[DCSystemScheduler][RT] ocean_skip#33 tick=49 reason=policy_gated slices=0 elapsed=0.000 progress=0.000 source=day_changed
[DCSystemScheduler][RT] ocean_skip#34 tick=50 reason=policy_gated slices=0 elapsed=0.000 progress=0.000 source=day_changed
[DCSystemScheduler][RT] ocean_skip#35 tick=51 reason=policy_gated slices=0 elapsed=0.000 progress=0.000 source=day_changed
[DCSystemScheduler][RT] ocean_skip#36 tick=53 reason=policy_gated slices=0 elapsed=0.000 progress=0.000 source=day_changed
[DCSystemScheduler][RT] ocean_skip#37 tick=55 reason=policy_gated slices=0 elapsed=0.000 progress=0.000 source=day_changed
[DCSystemScheduler][RT] ocean_skip#38 tick=57 reason=policy_gated slices=0 elapsed=0.000 progress=0.000 source=day_changed
[clock/step] delta=11.1ms speed=50x target=0.56d cap=0.38d/f cost=20.81ms ran=0 pulse=2.59ms loop=0.00ms full=2.82ms carry=0.74 barrier=
[DCSystemScheduler][RT] ocean_skip#39 tick=58 reason=policy_gated slices=0 elapsed=0.000 progress=0.000 source=day_changed
[DCSystemScheduler][RT] ocean_skip#40 tick=59 reason=policy_gated slices=0 elapsed=0.000 progress=0.000 source=day_changed
[DCSystemScheduler][RT] ocean_skip#41 tick=61 reason=policy_gated slices=0 elapsed=0.000 progress=0.000 source=day_changed
[DCSystemScheduler][RT] ocean_skip#42 tick=62 reason=policy_gated slices=0 elapsed=0.000 progress=0.000 source=day_changed
[DCSystemScheduler][RT] ocean_skip#43 tick=63 reason=policy_gated slices=0 elapsed=0.000 progress=0.000 source=day_changed
[DCSystemScheduler][RT] ocean_skip#44 tick=65 reason=policy_gated slices=0 elapsed=0.000 progress=0.000 source=day_changed
[DCSystemScheduler][RT] ocean_skip#45 tick=67 reason=policy_gated slices=0 elapsed=0.000 progress=0.000 source=day_changed
[DCSystemScheduler][RT] ocean_skip#46 tick=69 reason=policy_gated slices=0 elapsed=0.000 progress=0.000 source=day_changed
[DCSystemScheduler][RT] ocean_skip#47 tick=70 reason=policy_gated slices=0 elapsed=0.000 progress=0.000 source=day_changed
[DCSystemScheduler][RT] ocean_skip#48 tick=71 reason=policy_gated slices=0 elapsed=0.000 progress=0.000 source=day_changed
[DCSystemScheduler][RT] ocean_skip#49 tick=73 reason=policy_gated slices=0 elapsed=0.000 progress=0.000 source=day_changed
[DCSystemScheduler][RT] ocean_skip#50 tick=74 reason=policy_gated slices=0 elapsed=0.000 progress=0.000 source=day_changed
[DCSystemScheduler][RT] ocean_skip#51 tick=75 reason=policy_gated slices=0 elapsed=0.000 progress=0.000 source=day_changed
[phys_solve][RT] start#2 phase=0.8321 pending=nan solve_ocean=false ext=true idx=true soa=true
[DCSystemScheduler][RT] ocean_skip#52 tick=77 reason=policy_gated slices=0 elapsed=0.000 progress=0.000 source=day_changed
[season_refresh] b_plus_finish path=gdext native_ms=0.429 slices=1 stages_done=12
[DCSystemScheduler][RT] ocean_skip#53 tick=79 reason=policy_gated slices=0 elapsed=0.000 progress=0.000 source=day_changed
[clock/step] delta=9.7ms speed=50x target=0.49d cap=0.33d/f cost=24.02ms ran=0 pulse=4.00ms loop=0.00ms full=4.28ms carry=0.54 barrier=
[DCSystemScheduler][RT] ocean_skip#54 tick=81 reason=policy_gated slices=0 elapsed=0.000 progress=0.000 source=day_changed
[DCSystemScheduler][RT] ocean_skip#55 tick=82 reason=policy_gated slices=0 elapsed=0.000 progress=0.000 source=day_changed
[DCSystemScheduler][RT] ocean_skip#56 tick=83 reason=policy_gated slices=0 elapsed=0.000 progress=0.000 source=day_changed
[DCSystemScheduler][RT] ocean_skip#57 tick=85 reason=policy_gated slices=0 elapsed=0.000 progress=0.000 source=day_changed
[DCSystemScheduler][RT] ocean_skip#58 tick=86 reason=policy_gated slices=0 elapsed=0.000 progress=0.000 source=day_changed
[DCSystemScheduler][RT] ocean_skip#59 tick=87 reason=policy_gated slices=0 elapsed=0.000 progress=0.000 source=day_changed
[DCSystemScheduler][RT] ocean_skip#60 tick=89 reason=policy_gated slices=0 elapsed=0.000 progress=0.000 source=day_changed
[DCSystemScheduler][RT] ocean_skip#61 tick=91 reason=policy_gated slices=0 elapsed=0.000 progress=0.000 source=day_changed
[DCSystemScheduler][RT] ocean_skip#62 tick=93 reason=policy_gated slices=0 elapsed=0.000 progress=0.000 source=day_changed
[DCSystemScheduler][RT] ocean_skip#63 tick=94 reason=policy_gated slices=0 elapsed=0.000 progress=0.000 source=day_changed
[DCSystemScheduler][RT] ocean_skip#64 tick=95 reason=policy_gated slices=0 elapsed=0.000 progress=0.000 source=day_changed
[economy-open-finish] day=100 country=0.240 workset=0.013 fiscal=0.028 csr=0.004 recovery=0.001 vectors=0.470 audit=0.4
19 commands=0.000
[clock/step] delta=11.6ms speed=50x target=0.58d cap=0.38d/f cost=21.07ms ran=0 pulse=8.09ms loop=0.00ms full=8.52ms carry=0.19 barrier=country_day_barrier,economy_day_barrier
[psi_solver] path-decision call#2: prof=true pflag_attr=true pflag_val=true ext=true method=true idx=true heat=true -> cpp_gate=true
[psi_solver] commit-diag call#2: rc=0.302 n_water=1395 n_cells=2400 published=true
[clock/step] delta=11.7ms speed=50x target=0.58d cap=0.40d/f cost=19.90ms ran=0 pulse=2.83ms loop=0.00ms full=3.11ms carry=0.17 barrier=country_day_barrier,economy_day_barrier
[season_refresh] b_plus_start path=gdext handle=1 season=1 n_cells=2400
[season_refresh] b_plus_finish path=gdext native_ms=0.593 slices=1 stages_done=12
[clock/step] delta=13.7ms speed=50x target=0.68d cap=0.33d/f cost=23.88ms ran=0 pulse=8.14ms loop=0.00ms full=8.46ms carry=0.34 barrier=country_day_barrier,economy_day_barrier
[phys_solve][RT] start#3 phase=1.6216 pending=nan solve_ocean=false ext=true idx=true soa=true
[clock/step] delta=9.1ms speed=50x target=0.45d cap=0.38d/f cost=23.44ms ran=1 pulse=0.00ms loop=33.07ms full=33.28ms carry=0.37 barrier=country_day_barrier,economy_day_barrier
[clock/fat-day] loop=33.07ms largest=0.00ms job= stage= over_budget=false native_stage=
[season_refresh] b_plus_finish path=gdext native_ms=0.385 slices=1 stages_done=12
[psi_solver] path-decision call#3: prof=true pflag_attr=true pflag_val=true ext=true method=true idx=true heat=true -> cpp_gate=true
[psi_solver] commit-diag call#3: rc=0.398 n_water=1484 n_cells=2400 published=true
[clock/step] delta=12.5ms speed=50x target=0.63d cap=0.31d/f cost=25.66ms ran=0 pulse=9.47ms loop=0.00ms full=9.78ms carry=0.25 barrier=country_day_barrier,economy_day_barrier
[economy-open-finish] day=200 country=0.257 workset=0.014 fiscal=0.029 csr=0.005 recovery=0.001 vectors=0.661 audit=0.4
29 commands=0.001
[clock/step] delta=13.9ms speed=50x target=0.69d cap=0.34d/f cost=23.25ms ran=0 pulse=0.00ms loop=0.00ms full=0.19ms carry=0.38 barrier=
[phys_solve][RT] start#4 phase=2.4104 pending=nan solve_ocean=false ext=true idx=true soa=true
[season_refresh] b_plus_start path=gdext handle=1 season=2 n_cells=2400
[season_refresh] b_plus_finish path=gdext native_ms=0.401 slices=1 stages_done=12
[clock/step] delta=12.5ms speed=50x target=0.63d cap=0.32d/f cost=25.19ms ran=0 pulse=3.40ms loop=0.00ms full=3.66ms carry=0.17 barrier=country_day_barrier,economy_day_barrier
[clock/step] delta=11.5ms speed=50x target=0.58d cap=0.34d/f cost=23.46ms ran=0 pulse=8.08ms loop=0.00ms full=8.59ms carry=0.04 barrier=economy_day_barrier
[clock/step] delta=11.9ms speed=50x target=0.59d cap=0.31d/f cost=25.40ms ran=0 pulse=9.05ms loop=0.00ms full=9.36ms carry=0.02 barrier=country_day_barrier,economy_day_barrier
[season_refresh] b_plus_start path=gdext handle=1 season=3 n_cells=2400
[season_refresh] b_plus_finish path=gdext native_ms=0.414 slices=1 stages_done=12
[phys_solve][RT] start#5 phase=3.1998 pending=nan solve_ocean=false ext=true idx=true soa=true
[clock/step] delta=14.8ms speed=50x target=0.74d cap=0.25d/f cost=31.84ms ran=0 pulse=0.00ms loop=0.00ms full=0.30ms carry=0.76 barrier=
[natural_resource/slow-dump] tick=295 day=295 wall=3.47 cpp=0.149 compute=0.128 loop=0.034 flush=0.021 wrapper=3.062 layout=cell_indices dispatches=0 resources=14/31 skipped_static=17 published=true total_delta=-3213212.71199
[economy-open-finish] day=300 country=0.478 workset=0.023 fiscal=0.061 csr=0.004 recovery=0.001 vectors=0.854 audit=0.8
17 commands=0.001
[clock/step] delta=4.2ms speed=50x target=0.21d cap=0.27d/f cost=30.76ms ran=1 pulse=0.00ms loop=35.35ms full=35.73ms carry=0.13 barrier=country_day_barrier,economy_day_barrier
[clock/fat-day] loop=35.35ms largest=0.00ms job= stage= over_budget=false native_stage=
[season_refresh] b_plus_finish path=gdext native_ms=0.785 slices=2 stages_done=12
[clock/step] delta=16.7ms speed=50x target=0.83d cap=0.13d/f cost=59.27ms ran=0 pulse=5.60ms loop=0.00ms full=5.90ms carry=0.12 barrier=native_daily_day_barrier
[clock/step] delta=3.9ms speed=50x target=0.19d cap=0.26d/f cost=30.47ms ran=0 pulse=0.00ms loop=0.00ms full=0.43ms carry=0.89 barrier=
[clock/step] delta=6.9ms speed=50x target=0.34d cap=0.31d/f cost=27.10ms ran=1 pulse=0.00ms loop=31.08ms full=31.32ms carry=0.16 barrier=country_day_barrier,economy_day_barrier
[clock/fat-day] loop=31.08ms largest=0.00ms job= stage= over_budget=false native_stage=
[phys_solve][RT] start#6 phase=3.9867 pending=nan solve_ocean=false ext=true idx=true soa=true
[season_refresh] b_plus_finish path=gdext native_ms=0.374 slices=1 stages_done=12
[clock/step] delta=11.7ms speed=50x target=0.58d cap=0.33d/f cost=24.12ms ran=0 pulse=9.86ms loop=0.00ms full=10.36ms carry=0.01 barrier=economy_day_barrier
[economy-open-finish] day=400 country=0.251 workset=0.014 fiscal=0.029 csr=0.005 recovery=0.001 vectors=0.518 audit=0.5
41 commands=0.000
[clock/step] delta=14.1ms speed=50x target=0.70d cap=0.35d/f cost=23.04ms ran=0 pulse=5.39ms loop=0.00ms full=5.68ms carry=0.11 barrier=country_day_barrier,economy_day_barrier
[clock/step] delta=11.7ms speed=50x target=0.58d cap=0.31d/f cost=25.72ms ran=0 pulse=8.13ms loop=0.00ms full=8.51ms carry=0.09 barrier=country_day_barrier,economy_day_barrier
[season_refresh] b_plus_finish path=gdext native_ms=0.400 slices=1 stages_done=12
[phys_solve][RT] start#7 phase=0.7764 pending=nan solve_ocean=false ext=true idx=true soa=true
[clock/step] delta=4.1ms speed=50x target=0.21d cap=0.34d/f cost=23.28ms ran=0 pulse=0.00ms loop=0.00ms full=0.15ms carry=0.92 barrier=
ERROR: [stage-c/client] income test worker did not start
   at: push_error (core/variant/variant_utility.cpp:1024)
   GDScript backtrace (most recent call first):
       [0] _fail (res://tests/authority_stage_c_client_runner.gd:501)
       [1] _on_world_ready (res://tests/income_tax_player_regression.gd:17)
ERROR: 44 RID allocations of type 'PN13RendererDummy14TextureStorage12DummyTextureE' were leaked at exit.
ERROR: 16 RID allocations of type 'PN18TextServerAdvanced22ShapedTextDataAdvancedE' were leaked at exit.
ERROR: 1 RID allocations of type 'PN18TextServerAdvanced12FontAdvancedE' were leaked at exit.
WARNING: ObjectDB instances leaked at exit (run with --verbose for details).
   at: cleanup (core/object/object.cpp:2641)
ERROR: 986 resources still in use at exit (run with --verbose for details).
   at: clear (core/io/resource.cpp:810)
