Godot Engine v4.6.2.stable.official.71f334935 - https://godotengine.org

[ui-layout-diag/bind_ui] is_web=false viewport_visible_rect=[P: (0.0, 0.0), S: (51.2, 51.2)] window_size=(64, 64) content_scale_factor=1.250 content_scale_mode=0 device_pixel_ratio=-1.000 top_bar_rect=[P: (0.0, 0.0), S: (543.0, 56.0)] right_panel_rect=[P: (-408.8, 68.0), S: (460.0, 366.0)] country_action_bar_rect=[P: (8.0, -30.8), S: (336.0, 74.0)]
[stage-c] authority=ACTIVE worker=ACTIVE
[building-visual] queue_probe ticks=1 queued=0 chunk=-1 camera_rect=[P: (-25.6, -25.6), S: (51.2, 51.2)] prefetch=false zoom=1.000
[building-visual] queue_probe ticks=2 queued=0 chunk=-1 camera_rect=[P: (-25.6, -25.6), S: (51.2, 51.2)] prefetch=false zoom=1.000
[native_generation/base] path=gdext algorithm=post_base_priority_flood_hydrology_v3 n=2400 native_ms=6.835 water=1862 land=538
[native_generation/post_base] path=gdext algorithm=post_base_priority_flood_hydrology_v3 n=2400 native_ms=1.062 lakes=18 rivers=58 volcanoes=0
[native_generation/vegetation] native_ms=0.349 candidates=542 none=1394 score=[0.000,1.577,1.126] plant_water_land=542 river_adjacent_desert=0 coastal_highland_desert=0 terrain_weight=[0.180,1.200]
[native_generation/qa] single_water=0 tiny<=3=0 small<=5=0 bodies=2 largest=1840 | land_below_sea=0.0% | terr_distinct=20 entropy=2.690bit | river_ratio=2.417%
MapGenerator v7: per-cell 63ms (2400 cells, path=gdext)
[building-visual] queue_probe ticks=3 queued=0 chunk=-1 camera_rect=[P: (-25.6, -25.6), S: (51.2, 51.2)] prefetch=false zoom=1.000
MapBaker v6: hm=(1024, 606) seed=20260718
    [fused] terrain=72.5ms erosion=2.5ms(ok=true) river=10.7ms(ok=true) latitude=0.1ms coast_sdf=3.2ms(ok=true)
  geometry fields (fused C++): 149ms
  physical circulation hex solve: deferred until DCWorldExt bind (ext=true idx=true soa=false)
  wind/ocean pixel buffers: skipped (ocean_current_visual off)
  visual tiles: {"degradation_reason":"","effective_budget_px":1717248,"effective_texels_per_hex":16.0059221751742,"effective_world_units_per_texel":"(1.373983, 1.375)","estimated_peak_bytes":68402880,"estimated_resident_bytes":40340160,"fallback_reason":"","generation_id":1,"grid_size":"(4, 3)","gutter_px":2,"hex_size":22.0,"horizon_path":"neutral_pending","interior_size":"(416, 344)","layer_size":"(420, 348)","layers":[{"bake_ms":41.7224,"coast_sdf_max_dist_px":13.6162309214075,"distance_scale":1.70202886517594,"edge_distance_saturate_hex":0.9,"edge_distance_units":"normalized_hex_center_gap","hashes":{"edge_distance":7407730141571241905,"edge_neighbor":-4543926112381022223,"height":-1697431226796729820,"map_index":2274457353656815029,"terrain_detail":-8151073494896450720,"terrain_normal":-7915207892100105287,"water_depth":2243981384936519209},"layer":0,"normal_radius_px":"(22, 22)","raster_scale":"(1.701088, 1.70297)","river_sdf_max_dist_px":5.9571010281158,"shore_carve_band_px":10,"upload_ms":0.071,"wall_ms":41.909},{"bake_ms":51.9916,"coast_sdf_max_dist_px":13.6162309214075,"distance_scale":1.70202886517594,"edge_distance_saturate_hex":0.9,"edge_distance_units":"normalized_hex_center_gap","hashes":{"edge_distance":-3976966917245296998,"edge_neighbor":3621067584965836758,"height":1528863693732331325,"map_index":2549496320971286395,"terrain_detail":-1859665442256196863,"terrain_normal":-3535715913223945715,"water_depth":3063832404714471227},"layer":1,"normal_radius_px":"(22, 22)","raster_scale":"(1.701088, 1.70297)","river_sdf_max_dist_px":5.9571010281158,"shore_carve_band_px":10,"upload_ms":0.077,"wall_ms":52.183},{"bake_ms":68.2473,"coast_sdf_max_dist_px":13.6162309214075,"distance_scale":1.70202886517594,"edge_distance_saturate_hex":0.9,"edge_distance_units":"normalized_hex_center_gap","hashes":{"edge_distance":5218991683420850894,"edge_neighbor":-5345480133151690080,"height":-7454692257232797492,"map_index":-8366882445923572637,"terrain_detail":-3319625715479491564,"terrain_normal":-6498016425275236080,"water_depth":-2856782738831354408},"layer":2,"normal_radius_px":"(22, 22)","raster_scale":"(1.701088, 1.70297)","river_sdf_max_dist_px":5.9571010281158,"shore_carve_band_px":10,"upload_ms":0.085,"wall_ms":68.476},{"bake_ms":59.2219,"coast_sdf_max_dist_px":13.6162309214075,"distance_scale":1.70202886517594,"edge_distance_saturate_hex":0.9,"edge_distance_units":"normalized_hex_center_gap","hashes":{"edge_distance":8612685970797441304,"edge_neighbor":883218167199411248,"height":-1023169273004332113,"map_index":2707475090998858733,"terrain_detail":6263308266530163428,"terrain_normal":-4855806448874004076,"water_depth":-2127183836498838294},"layer":3,"normal_radius_px":"(22, 22)","raster_scale":"(1.701088, 1.70297)","river_sdf_max_dist_px":5.9571010281158,"shore_carve_band_px":10,"upload_ms":0.099,"wall_ms":59.465},{"bake_ms":58.2295,"coast_sdf_max_dist_px":13.6162309214075,"distance_scale":1.70202886517594,"edge_distance_saturate_hex":0.9,"edge_distance_units":"normalized_hex_center_gap","hashes":{"edge_distance":297283154589053998,"edge_neighbor":-8580896561628889486,"height":-5407985216165520287,"map_index":9182820345735435477,"terrain_detail":-4270043139625925275,"terrain_normal":-8287812837813031566,"water_depth":3228562322921317175},"layer":4,"normal_radius_px":"(22, 22)","raster_scale":"(1.701088, 1.70297)","river_sdf_max_dist_px":5.9571010281158,"shore_carve_band_px":10,"upload_ms":0.084,"wall_ms":58.46},{"bake_ms":102.9612,"coast_sdf_max_dist_px":13.6162309214075,"distance_scale":1.70202886517594,"edge_distance_saturate_hex":0.9,"edge_distance_units":"normalized_hex_center_gap","hashes":{"edge_distance":-3309735790229328004,"edge_neighbor":-5731875958399186170,"height":-7367011441573634711,"map_index":-8927034593564641593,"terrain_detail":4427859160994159548,"terrain_normal":-8418168866925073872,"water_depth":-6262847963806259588},"layer":5,"normal_radius_px":"(22, 22)","raster_scale":"(1.701088, 1.70297)","river_sdf_max_dist_px":5.9571010281158,"shore_carve_band_px":10,"upload_ms":0.082,"wall_ms":103.197},{"bake_ms":115.7624,"coast_sdf_max_dist_px":13.6162309214075,"distance_scale":1.70202886517594,"edge_distance_saturate_hex":0.9,"edge_distance_units":"normalized_hex_center_gap","hashes":{"edge_distance":8321833536859295351,"edge_neighbor":-5005127231569416705,"height":3341074557671273762,"map_index":-396979365122735556,"terrain_detail":4215695107284896355,"terrain_normal":-2597592164988767119,"water_depth":-728996428569554142},"layer":6,"normal_radius_px":"(22, 22)","raster_scale":"(1.701088, 1.70297)","river_sdf_max_dist_px":5.9571010281158,"shore_carve_band_px":10,"upload_ms":0.095,"wall_ms":116.008},{"bake_ms":55.9817,"coast_sdf_max_dist_px":13.6162309214075,"distance_scale":1.70202886517594,"edge_distance_saturate_hex":0.9,"edge_distance_units":"normalized_hex_center_gap","hashes":{"edge_distance":208782133921839682,"edge_neighbor":-9034811754870153070,"height":-2132080742075037466,"map_index":4521453198400050055,"terrain_detail":-6887604134882803410,"terrain_normal":-8949913885161130949,"water_depth":-380875893755025537},"layer":7,"normal_radius_px":"(22, 22)","raster_scale":"(1.701088, 1.70297)","river_sdf_max_dist_px":5.9571010281158,"shore_carve_band_px":10,"upload_ms":0.056,"wall_ms":56.13},{"bake_ms":45.9759,"coast_sdf_max_dist_px":13.6162309214075,"distance_scale":1.70202886517594,"edge_distance_saturate_hex":0.9,"edge_distance_units":"normalized_hex_center_gap","hashes":{"edge_distance":8264413913844957711,"edge_neighbor":6449510455372096238,"height":2774507710515011656,"map_index":1602406146469738870,"terrain_detail":4148301864856098689,"terrain_normal":2948295881015716229,"water_depth":-5702780522234210443},"layer":8,"normal_radius_px":"(22, 22)","raster_scale":"(1.701088, 1.70297)","river_sdf_max_dist_px":5.9571010281158,"shore_carve_band_px":10,"upload_ms":0.062,"wall_ms":46.143},{"bake_ms":64.5955,"coast_sdf_max_dist_px":13.6162309214075,"distance_scale":1.70202886517594,"edge_distance_saturate_hex":0.9,"edge_distance_units":"normalized_hex_center_gap","hashes":{"edge_distance":-7342283611218684865,"edge_neighbor":-5634881956267287527,"height":2825572143123611103,"map_index":-8831886053851355773,"terrain_detail":4235680215872698627,"terrain_normal":-2070428832888160468,"water_depth":795287004519003509},"layer":9,"normal_radius_px":"(22, 22)","raster_scale":"(1.701088, 1.70297)","river_sdf_max_dist_px":5.9571010281158,"shore_carve_band_px":10,"upload_ms":0.08,"wall_ms":64.791},{"bake_ms":68.1543,"coast_sdf_max_dist_px":13.6162309214075,"distance_scale":1.70202886517594,"edge_distance_saturate_hex":0.9,"edge_distance_units":"normalized_hex_center_gap","hashes":{"edge_distance":-8079933026638934708,"edge_neighbor":6678593248902245418,"height":-4365230997761727027,"map_index":684363689774237482,"terrain_detail":-1251348211797502761,"terrain_normal":-9093325325990601316,"water_depth":463899081477651312},"layer":10,"normal_radius_px":"(22, 22)","raster_scale":"(1.701088, 1.70297)","river_sdf_max_dist_px":5.9571010281158,"shore_carve_band_px":10,"upload_ms":0.062,"wall_ms":68.326},{"bake_ms":47.8402,"coast_sdf_max_dist_px":13.6162309214075,"distance_scale":1.70202886517594,"edge_distance_saturate_hex":0.9,"edge_distance_units":"normalized_hex_center_gap","hashes":{"edge_distance":5056840590371500922,"edge_neighbor":8667344552684765316,"height":64708304598049951,"map_index":-6792268264940266568,"terrain_detail":7665021879133805446,"terrain_normal":-2224180417278547981,"water_depth":517399438142152488},"layer":11,"normal_radius_px":"(22, 22)","raster_scale":"(1.701088, 1.70297)","river_sdf_max_dist_px":5.9571010281158,"shore_carve_band_px":10,"upload_ms":0.08,"wall_ms":48.033}],"logical_size":"(1664, 1032)","mode":"tiled","path":"visual_tiled_static","profile":"desktop_high","renderer":"mobile","requested_budget_px":1716216,"requested_texels_per_hex":16.0,"requested_tile_world_span":"(704.0, 704.0)","requested_world_units_per_texel":1.375,"tile_world_area":270355.817993164,"tile_world_span":"(571.5768, 473.0)","total_ms":787.435,"visual_domain":"[P: (0.0, -44.0), S: (2286.307, 1419.0)]","wrap_period_x":2286.30706599092,"wrap_x":true}
WARNING: Loaded resource as image file, this will not work on export: 'res://assets/textures/terrain_materials/organic.png'. Instead, import the image file as an Image resource and load it normally as a resource.
   at: load (core/io/image.cpp:2756)
   GDScript backtrace (most recent call first):
       [0] _build_terrain_material_tex (res://scripts/rendering/map_baker.gd:360)
       [1] get_or_build_shared_terrain_material_tex (res://scripts/rendering/map_baker.gd:343)
       [2] bake_world (res://scripts/rendering/map_baker.gd:1187)
       [3] _yield_generation_frame (res://scripts/rendering/map_baker.gd:1225)
WARNING: Loaded resource as image file, this will not work on export: 'res://assets/textures/terrain_materials/dry_sand.png'. Instead, import the image file as an Image resource and load it normally as a resource.
   at: load (core/io/image.cpp:2756)
   GDScript backtrace (most recent call first):
       [0] _build_terrain_material_tex (res://scripts/rendering/map_baker.gd:360)
       [1] get_or_build_shared_terrain_material_tex (res://scripts/rendering/map_baker.gd:343)
       [2] bake_world (res://scripts/rendering/map_baker.gd:1187)
       [3] _yield_generation_frame (res://scripts/rendering/map_baker.gd:1225)
WARNING: Loaded resource as image file, this will not work on export: 'res://assets/textures/terrain_materials/rock.png'. Instead, import the image file as an Image resource and load it normally as a resource.
   at: load (core/io/image.cpp:2756)
   GDScript backtrace (most recent call first):
       [0] _build_terrain_material_tex (res://scripts/rendering/map_baker.gd:360)
       [1] get_or_build_shared_terrain_material_tex (res://scripts/rendering/map_baker.gd:343)
       [2] bake_world (res://scripts/rendering/map_baker.gd:1187)
       [3] _yield_generation_frame (res://scripts/rendering/map_baker.gd:1225)
WARNING: Loaded resource as image file, this will not work on export: 'res://assets/textures/terrain_materials/snow_wet.png'. Instead, import the image file as an Image resource and load it normally as a resource.
   at: load (core/io/image.cpp:2756)
   GDScript backtrace (most recent call first):
       [0] _build_terrain_material_tex (res://scripts/rendering/map_baker.gd:360)
       [1] get_or_build_shared_terrain_material_tex (res://scripts/rendering/map_baker.gd:343)
       [2] bake_world (res://scripts/rendering/map_baker.gd:1187)
       [3] _yield_generation_frame (res://scripts/rendering/map_baker.gd:1225)
  cell LUT encode: deferred until DCWorldExt bind
  encode: 3363ms
MapBaker v6: total 3520ms
MapGenerator v7: bake 3548ms
MapGenerator: skip _compute_ocean_currents (physical-hex path writes per-cell directly)
MapGenerator: skip _compute_terrain_perturbed_wind (physical-hex solver writes per-cell)
[SUS] sim budget strict=false frame=8.00ms warn=2.00ms slice=0.75ms upload=1.50ms scheduler=DCSystemScheduler native_sus=auto
[DCWorldExt] bind_map_data: 148 components bound (auto-registered=148; snapshot model; see world_ext.cpp comment & charter Â§11)
[DataCore] _data_core_world_ext bound=true (climate co-processor; class=DCWorldExt)
[native_world] configure rc=0 reason=configured cells=2400 wrap_period_x=103.923
[native_generation] path=gdext n=2400 published=9 native_ms=0.175 compute_ms=0.112 flush_ms=0.063
[hex_cell] facade ENABLED (2400 cells bound; ext=true)
[DataCore] _baker climate_profile injected=true (fixes WorldData.config==null sea_ice prepare path)
[phys_solve][oneshot] OK slp=0.93ms wind=0.60ms psi=0.35ms(ran=true) upwelling=0.11ms total=2.54ms
PhysicalCirculation solve@phase=1.50 total=3ms (C++ one-shot run_physical_solve_pass)
  wind/ocean pixel buffers: skipped (ocean_current_visual off)
[physical_init] deferred native refresh complete: 3ms
[cell_lut] deferred encode: 2ms path=gdext
[bio-occupancy] seed landmasses=18 provinces=18 species=20 secondary_hearths=0
[bio-occupancy]   bio.maize envelope=46 hearth=18 seeded_landmasses=1 primary_landmass=3 primary_envelope=38 occupied=18 occupied/envelope=0.47
[bio-occupancy]   bio.wheat envelope=96 hearth=16 seeded_landmasses=1 primary_landmass=3 primary_envelope=68 occupied=16 occupied/envelope=0.24
[bio-occupancy]   bio.rice envelope=75 hearth=25 seeded_landmasses=1 primary_landmass=3 primary_envelope=50 occupied=25 occupied/envelope=0.50
[bio-occupancy]   bio.potato envelope=75 hearth=30 seeded_landmasses=1 primary_landmass=3 primary_envelope=58 occupied=30 occupied/envelope=0.52
[bio-occupancy]   bio.horse envelope=108 hearth=38 seeded_landmasses=1 primary_landmass=3 primary_envelope=78 occupied=38 occupied/envelope=0.49
[bio-occupancy]   bio.cotton envelope=99 hearth=33 seeded_landmasses=1 primary_landmass=3 primary_envelope=74 occupied=33 occupied/envelope=0.45
[bio-occupancy]   bio.flax envelope=91 hearth=34 seeded_landmasses=1 primary_landmass=3 primary_envelope=63 occupied=34 occupied/envelope=0.54
[bio-occupancy]   bio.spice envelope=85 hearth=8 seeded_landmasses=1 primary_landmass=3 primary_envelope=66 occupied=8 occupied/envelope=0.12
[bio-occupancy]   bio.rubber envelope=41 hearth=1 seeded_landmasses=1 primary_landmass=3 primary_envelope=28 occupied=1 occupied/envelope=0.04
[bio-occupancy]   bio.sheep envelope=20 hearth=2 seeded_landmasses=1 primary_landmass=3 primary_envelope=16 occupied=2 occupied/envelope=0.13
[bio-occupancy]   bio.goat envelope=232 hearth=13 seeded_landmasses=1 primary_landmass=3 primary_envelope=157 occupied=13 occupied/envelope=0.08
[bio-occupancy]   bio.cattle envelope=6 hearth=1 seeded_landmasses=1 primary_landmass=3 primary_envelope=6 occupied=1 occupied/envelope=0.17
[bio-occupancy]   bio.pig envelope=175 hearth=32 seeded_landmasses=1 primary_landmass=3 primary_envelope=126 occupied=32 occupied/envelope=0.25
[bio-occupancy]   bio.camel envelope=37 hearth=3 seeded_landmasses=1 primary_landmass=3 primary_envelope=22 occupied=3 occupied/envelope=0.14
[bio-occupancy]   bio.yak envelope=63 hearth=18 seeded_landmasses=1 primary_landmass=3 primary_envelope=35 occupied=18 occupied/envelope=0.51
[bio-occupancy]   bio.silkworm envelope=108 hearth=41 seeded_landmasses=1 primary_landmass=3 primary_envelope=90 occupied=41 occupied/envelope=0.46
[bio-occupancy]   bio.reed envelope=118 hearth=23 seeded_landmasses=1 primary_landmass=3 primary_envelope=66 occupied=23 occupied/envelope=0.35
[bio-occupancy]   bio.bast_fiber envelope=135 hearth=29 seeded_landmasses=1 primary_landmass=3 primary_envelope=88 occupied=29 occupied/envelope=0.33
[bio-occupancy]   bio.dye_plant envelope=103 hearth=5 seeded_landmasses=1 primary_landmass=3 primary_envelope=77 occupied=5 occupied/envelope=0.06
[bio-occupancy]   bio.medicinal_herb envelope=203 hearth=8 seeded_landmasses=1 primary_landmass=3 primary_envelope=139 occupied=8 occupied/envelope=0.06
[bio-occupancy]   landmass 1 classes=none foods=none
[bio-occupancy]   landmass 2 classes=none foods=none
[bio-occupancy]   landmass 3 classes=highland_food, fiber_open, fiber_forest, open_grazer, open_food, fiber_wet, forest_grazer, tropical, dry_grazer, wetland_food, cold_grazer foods=potato, wheat, maize, rice
[bio-occupancy]   landmass 4 classes=none foods=none
[bio-occupancy]   landmass 5 classes=none foods=none
[bio-occupancy]   landmass 6 classes=none foods=none
[bio-occupancy]   landmass 7 classes=none foods=none
[bio-occupancy]   landmass 8 classes=none foods=none
[bio-occupancy]   landmass 9 classes=none foods=none
[bio-occupancy]   landmass 10 classes=none foods=none
[bio-occupancy]   landmass 11 classes=none foods=none
[bio-occupancy]   landmass 12 classes=none foods=none
[bio-occupancy]   landmass 13 classes=none foods=none
[bio-occupancy]   landmass 14 classes=none foods=none
[bio-occupancy]   landmass 15 classes=none foods=none
[bio-occupancy]   landmass 16 classes=none foods=none
[bio-occupancy]   landmass 17 classes=none foods=none
[bio-occupancy]   landmass 18 classes=none foods=none
[weather] gdext acceleration ON (class=DCWorldExt)
[weather] gdext field commit ON
[weather] gdext distribute ON
[weather] gdext summary ON
[weather] hexcell facade ON (skip AoS double-write in hot loop)
[weather] gdext resident knobs ON (class=KnobsHandle)
[economy] ACTIVE native graph cells=2400 goods=134 cohorts=16 epoch_days=1 trade=ACTIVE topology_ready=true topology_generation=1 bootstrap=starter_settlement_bootstrap_v9 founder_families=4 founder_people=4
[country] ACTIVE native authority countries=4 cells=2400 generation=1
[weather/knobs] resident KnobsHandle path ACTIVE — first to_*_knobs_dict hit (field_rebuild_count=1 expected ≤1; stable Hz target ≤1 Hz)
[native_daily] ACTIVE: registered native_daily_sim + natural_resource_daily + bio_occupancy_daily; retained season_refresh + ocean_currents boundary jobs
[DCSystemScheduler] topology: ["season_refresh", "trigger_runtime", "ideology_runtime", "effect_runtime", "modifier_daily", "gameplay_effect", "natural_resource_daily", "bio_occupancy_daily", "enum_atlas_upload", "ocean_currents", "native_daily_sim", "dynamic_visual_atlas_upload", "country_daily", "economy_daily"]
WARNING: [runtime-climate-round] no ClimateDailySystem; SHADOW capture carries no shared pass input
   at: push_warning (core/variant/variant_utility.cpp:1034)
   GDScript backtrace (most recent call first):
       [0] _build_runtime_climate_round_input (res://scripts/geography/map_generator.gd:4651)
       [1] capture_runtime_inputs_for_worker (res://scripts/geography/map_generator.gd:2351)
       [2] generate_world (res://scripts/game/world_runtime_host.gd:609)
       [3] generate (res://scripts/geography/map_generator.gd:1606)
       [4] _yield_generation_frame (res://scripts/geography/map_generator.gd:19867)
WARNING: [runtime-worker] Ideology opinion publish deferred: ideology_opinion_snapshot_invalid
   at: push_warning (core/variant/variant_utility.cpp:1034)
   GDScript backtrace (most recent call first):
       [0] _start_production_shadow_worker (res://scripts/game/world_runtime_host.gd:700)
       [1] generate_world (res://scripts/game/world_runtime_host.gd:618)
       [2] generate (res://scripts/geography/map_generator.gd:1606)
       [3] _yield_generation_frame (res://scripts/geography/map_generator.gd:19867)
[runtime-worker] production ACTIVE started mask=4095 auto_pod=true
[runtime-day-wait] day=1 env_day=0 missing=0x3ff economy_input=-1
[building-visual] intel_refresh requested=69 changed=1 known=1 catalog=400 resident=0 body=0 queued=0 zoom=1.000
[DCSystemScheduler][RT] ocean_skip#1 tick=1 reason=policy_gated slices=0 elapsed=0.000 progress=0.000 source=day_changed
[climate][publish] day=0 round_ran=1 prod_stage=0xff scalar_mask=0x7f alb=0 veg=0 fb=0 weather=0 sr=0 ok=1
[climate/worker][b8] physics_knobs day=1 ready=0 missing=physics_knobs
[climate-kernel][round] shared=1 ok=1 n_cells=2400 mask=0x1FF ran=0x1FF starved=0x0 knobs_cells=2400
[country][parity] worker_day=1 uncompared reference_range=-1..-1 depth=0
[DCSystemScheduler][RT] ocean_skip#2 tick=2 reason=policy_gated slices=0 elapsed=0.000 progress=0.000 source=day_changed
[climate/writeback][b8] day=1 vapor store0=0 map0=0 dirty_fields=42 applied=42
[phys/knobs] projection ready: slp=31 wind=33 psi=26 up=10
[climate/worker][b8] physics_knobs day=2 ready=1 missing=
[climate/worker][b8] paw day=2 cell=467 moisture=0.991679 wb30=0 soil=0 paw=0.991679 zeros(water=1858 land=2) nonzero=540 weights(wb=0.35 soil=0.25 dry=0.65) round=1 distribute=0 hydrology=0
[country][parity] worker_day=2 uncompared reference_range=-1..-1 depth=0
[economy-mirror-cost] day=2 capture_ms=2.338 import_ms=5.490
[climate/worker][b8] physics_knobs day=3 ready=1 missing=
[climate/worker][b8] paw day=3 cell=467 moisture=0.992092 wb30=0 soil=0 paw=0.992092 zeros(water=1858 land=2) nonzero=540 weights(wb=0.35 soil=0.25 dry=0.65) round=1 distribute=0 hydrology=0
[country][parity] worker_day=3 uncompared reference_range=-1..-1 depth=0
[climate/writeback][b8] day=2 vapor store0=0 map0=0 dirty_fields=52 applied=52
[climate/worker][b8] physics_knobs day=4 ready=1 missing=
[climate/worker][b8] paw day=4 cell=467 moisture=1 wb30=0 soil=0 paw=1 zeros(water=1858 land=2) nonzero=540 weights(wb=0.35 soil=0.25 dry=0.65) round=1 distribute=1 hydrology=0
[climate/worker][b8] cyclone_gate day=4 input_enabled=0 force_env=0 effective=0
[climate/worker][b8] weather_solve day=4 cells=2400 psi=1 vapor0=0.117378 precip0=0 cloud0=0.038289 type0=0 field_init0=1
[country][parity] worker_day=4 uncompared reference_range=-1..-1 depth=0
[climate/writeback][b8] day=3 vapor store0=0 map0=0 dirty_fields=52 applied=52
[climate/worker][b8] physics_knobs day=5 ready=1 missing=
[climate/worker][b8] paw day=5 cell=467 moisture=0.998496 wb30=-0.00182361 soil=0 paw=0.99731 zeros(water=1858 land=2) nonzero=540 weights(wb=0.35 soil=0.25 dry=0.65) round=1 distribute=0 hydrology=0
[country][parity] worker_day=5 uncompared reference_range=-1..-1 depth=0
[climate/writeback][b8] day=4 vapor store0=0.117378 map0=0.117378 dirty_fields=54 applied=54
[climate/worker][b8] physics_knobs day=6 ready=1 missing=
[climate/worker][b8] paw day=6 cell=467 moisture=1 wb30=-0.00182361 soil=-0.00437667 paw=0.998815 zeros(water=1858 land=2) nonzero=540 weights(wb=0.35 soil=0.25 dry=0.65) round=1 distribute=0 hydrology=0
[income-tax-player/admission] { "ok": true, "code": "accepted", "status": "Accepted", "receipt_code": 1, "submitted": 1, "accepted": 1, "pending": 1, "request_ids": [1], "message": "", "effective_day": 8, "sequence": 1 }
[country][parity] worker_day=6 uncompared reference_range=-1..-1 depth=0
[climate/worker][b8] paw day=7 cell=467 moisture=1 wb30=-0.00182361 soil=-0.00437667 paw=0.998815 zeros(water=1858 land=2) nonzero=540 weights(wb=0.35 soil=0.25 dry=0.65) round=1 distribute=0 hydrology=0
[country][parity] worker_day=7 uncompared reference_range=-1..-1 depth=0
[climate/worker][b8] paw day=8 cell=467 moisture=1 wb30=-0.00182361 soil=-0.00437667 paw=0.998815 zeros(water=1858 land=2) nonzero=540 weights(wb=0.35 soil=0.25 dry=0.65) round=1 distribute=0 hydrology=0
[country][parity] worker_day=8 uncompared reference_range=-1..-1 depth=0
[economy-fatal] day=8 stage=9 substage=verify reason=money_conservation_failed
[economy-worker-fatal] day=8 phase=2 stage=12 reason=money_conservation_failed
WARNING: [runtime-worker] FAULTED code=money_conservation_failed committed_day=7 generation=7 faults=1 - world_clock.pause(true)
   at: push_warning (core/variant/variant_utility.cpp:1034)
   GDScript backtrace (most recent call first):
       [0] _observe_runtime_worker_fault (res://scripts/game/world_runtime_host.gd:915)
       [1] _consume_runtime_commit_if_ready (res://scripts/game/world_runtime_host.gd:1241)
       [2] _process (res://scripts/game/world_runtime_host.gd:868)
[runtime-day-wait] day=8 env_day=8 missing=0x100 economy_input=-1
ERROR: [stage-c/client] income policy stopped simulation: { "runtime_domain_abi_version": 1, "pod_domain_abi_version": 3, "simulation_host_state": 6, "authority_ready": true, "graph_coverage_complete": true, "simulation_thread_mode": "ACTIVE", "requested_simulation_thread_mode": "ACTIVE", "simulation_worker_ready": true, "state": "FAULTED", "state_id": 6, "domain_abi_version": 1, "graph_coverage_state": "complete", "required_domain_mask": 4095, "implemented_domain_mask": 4095, "missing_domain_mask": 0, "completion_gate_missing_domain_mask": 0, "active_gate_blocked": false, "requested_authority_mask": 4095, "authoritative_domain_mask": 0, "active_evidence_mask": 1281, "climate_worker_authoritative": false, "simulation_worker_blocker": "money_conservation_failed", "simulation_committed_day": 7, "input_capture_count": 8, "input_capture_reused": 0, "economy_input_requested_day": -1, "simulation_generation": 7, "generation": 0, "simulation_state_hash": 2592482966604359456, "state_hash": 2592482966604359456, "last_commit_produced_at_us": 862303176625, "last_visual_publish_at_us": 862303176625, "snapshot_staleness_ms": 12.131, "ui_input_to_feedback_ms": 0.0, "visual_apply_ms": 0.029, "gpu_upload_ms": 0.0, "worker_time_execute_us": 151624, "worker_time_input_wait_us": 837608, "worker_time_clock_wait_us": 0, "worker_time_save_build_us": 0, "worker_time_save_pause_us": 0, "worker_time_paused_us": 706, "worker_time_overhead_us": 2796, "worker_time_boundary_wait_us": 0, "worker_time_total_us": 992734, "main_wait_on_sim_us": 0, "simulation_environment_generation": 9, "simulation_environment_day": 8, "simulation_environment_cell_count": 2400, "simulation_environment_topology_validated": true, "simulation_invalid_environment_rejected": 0, "stale_environment_rejected": 0, "simulation_time_debt_days": 0.0, "time_debt_days": 0.0, "snapshot_publish_drop_count": 0, "snapshot_publish_throttled_count": 0, "command_queue_capacity_exceeded": 0, "receipt_queue_capacity_exceeded": 0, "worker_fault_count": 1, "day_stage_count": 12, "day_completed_stage_count": 12, "day_work_units": 19224, "completed_days": 7, "pod_completed_domain_mask": 0, "pod_completed_stage_count": 0, "pod_work_units": 0, "pod_intent_count": 0, "pod_fallback_count": 0, "economy_pod_ready": true, "economy_pod_committed": true, "economy_pod_authority_ready": true, "economy_pod_committed_day": 7, "economy_pod_epoch_sample_day": 7, "economy_pod_generation": 0, "economy_pod_state_hash": 3950549310845962311, "economy_pod_input_generation": 0, "economy_pod_country_generation": 0, "economy_pod_completed_stage_mask": 0, "economy_pod_pending_outbox": 0, "economy_pod_pending_inbox": 0, "economy_pod_operation_gate_mask": 1022, "economy_pod_parity_ready_mask": 0, "economy_pod_mirror_feature_mask": 2047, "economy_pod_committed_ledger_abi": 9, "economy_pod_active_ready": true, "economy_authority_switch_count": 1, "economy_authority_switch_before_hash": 4337038415509862530, "economy_authority_switch_after_hash": 4337038415509862530, "economy_authority_switch_latency_us": 2464, "economy_authority_switch_latency_p95_us": 2464, "economy_authority_switch_latency_max_us": 2464, "economy_authority_switch_command_latency_us": 0, "economy_authority_switch_command_latency_p95_us": 0, "economy_authority_switch_command_latency_max_us": 0, "economy_authority_switch_latency_sample_count": 1, "economy_authority_switch_rejected": 0, "economy_authority_switch_audit_sequence": 1, "economy_authority_switch_audit_hash": -1153008525367907598, "economy_authority_switch_before_generation": 3, "economy_authority_switch_after_generation": 3, "economy_authority_fault_paused": true, "economy_authority_last_committed_generation": 8, "economy_authority_last_committed_hash": -4104822805400134194, "economy_inflight_mutations": 0, "worker_day_inflight": 0, "economy_pending_command_count": 0, "economy_authority_switch_reason": "epoch_boundary_authority_switch", "economy_authority_switch_blocker": "", "economy_authority_switch_audit_before": "mode=0 generation=3 hash=4337038415509862530", "economy_authority_switch_audit_after": "mode=2 generation=3 hash=4337038415509862530", "economy_execution_mode": 0, "economy_execution_mode_name": "ACTIVE_ONLY", "economy_shadow_probe_enabled": false, "economy_shadow_stage_invocations": 0, "economy_shadow_stage_cache_hits": 0, "economy_stage_ops_mutate": true, "economy_auto_pod_active": true, "economy_pod_command_recapture_count": 0, "economy_pod_command_verify_count": 0, "economy_formula_backing": "owned_state", "economy_production_writer": "stage_ops", "economy_production_writer_requested": "stage_ops", "economy_production_writer_effective": "stage_ops", "economy_stage_ops_readiness_mask": 15, "economy_stage_ops_prelude_ready": false, "economy_stage_ops_soak_experiment": false, "economy_stage_ops_soak_parity_ok": true, "economy_replay_completed_stage_mask": 0, "economy_replay_stage_cursor": 0, "economy_replay_input_hash": 0, "economy_replay_base_hash": 0, "economy_replay_next_hash": 0, "economy_replay_input_captured": false, "economy_replay_committed": false, "economy_replay_parity_ready": false, "economy_replay_fallback_reason": "", "economy_replay_stage_hash": [0, 0, 0, 0, 0, 0, 0, 0, 0, 0, 0, 0, 5493764781850974205], "economy_replay_stage_work": [2400, 2400, 2400, 2400, 2400, 2400, 2400, 2400, 2400, 2400, 2400, 2400, 2400], "economy_replay_stage_ms": [0.0769, 0.0004, 0.0006, 0.2038, 0.2704, 0.9955, 0.0012, 0.0055, 0.0719, 0.1278, 0.1472, 0.0124, 1.5485], "domain_authority_planned_mask": 0, "domain_authority_committed_mask": 0, "domain_authority_ack_count": 0, "domain_authority_input_hash": 0, "domain_authority_state_hash": 0, "domain_authority_plan_ms": 0.0, "domain_authority_replay_ms": 0.0, "domain_authority_fallback_reason": "", "domain_stage_fallback_count": 0, "domain_stage_fallback_reason": "", "climate_pod_ready": true, "climate_pod_plan_ms": 1.8957, "climate_pod_replay_ms": 0.0013, "climate_pod_work_units": 19200, "climate_pod_changed_cells": 2280, "climate_stage_ms": [0.124, 0.043, 0.101, 0.014, 0.094, 0.087, 0.042, 0.013, 0.0, 0.0, 0.0, 0.0, 0.0, 0.0], "climate_stage_work": [2400, 2400, 2400, 2400, 2400, 2400, 2400, 2400, 0, 0, 0, 0, 0, 0], "climate_stage_names": ["PASS_A", "PASS_B", "OCEAN_WATER", "OCEAN_LAND", "WIND_AIR", "WIND_SURFACE", "SEA_ICE", "TRANSPIRATION", "ALBEDO", "VEGETATION_DYNAMICS", "CLIMATE_FEEDBACK", "WEATHER", "RUNTIME_HYDROLOGY", "STAGE_B_AFTER_HYDROLOGY"], "climate_pod_state_hash": 0, "climate_pod_reference_hash": 0, "climate_pod_parity_compared": false, "climate_pod_parity_matched": false, "climate_pod_parity_mismatch_count": 0, "climate_pod_parity_reason": "", "climate_pod_fallback_reason": "", "climate_parity_day": -1, "climate_parity_stage": 0, "climate_parity_cell": 0, "climate_parity_input_generation": 0, "climate_parity_base_generation": 0, "climate_parity_trace_hash": 0, "climate_parity_field": "", "climate_parity_reference_bits": "", "climate_parity_worker_bits": "", "climate_production_stage_mask": 0, "climate_worker_stage_mask": 255, "climate_cyclone_alive": 0, "climate_cyclone_injected": 0, "climate_cyclone_replaced": 0, "climate_cyclone_decayed": 0, "climate_cyclone_touched": 0, "climate_committed_day": 8, "climate_consumed_generation": 9, "environment_published_days": 9, "environment_consumed_days": 9, "environment_superseded_days": 0, "environment_dropped_days": 0, "environment_ring_pending": 0, "climate_wait_total_ms": 0, "climate_wait_last_ms": 0, "climate_wait_max_ms": 0, "climate_trace_depth": 1, "climate_trace_front_day": 0, "climate_trace_lag_days": 7, "climate_trace_latest_hash": 0, "climate_trace_consumed": 0, "climate_trace_missing": 0, "climate_trace_captured": 0, "climate_trace_reference_ready": 0, "climate_trace_consumable": 1, "climate_trace_reference_rejected": 0, "climate_trace_reference_pending": 0, "climate_trace_capacity_exceeded": 0, "coverage_blocker": "", "fault_code": "money_conservation_failed", "country_pod_snapshot_generation": 0, "country_pod_state_hash": 0, "country_pod_work_units": 0, "country_pod_active_country_count": 0, "country_pod_active_index_count": 0, "country_pod_pending_checks": 0, "country_pod_ack_pending": false, "country_pod_blocker": "", "country_worker_configured": true, "country_worker_plan_active": false, "country_worker_waiting_for_peer": false, "country_worker_pending_intents": 0, "country_worker_queued_intents": 0, "country_worker_result_count": 0, "country_worker_rejected_results": 0, "country_worker_session_epoch": 2, "country_worker_country_generation": 2, "country_worker_day": 8, "country_worker_continuation_index": 0, "country_worker_boundary_id": 8, "country_worker_last_admitted_submit_order": 0, "country_worker_expected_base_generation": 0, "country_worker_catalog_hash": 0, "country_worker_last_reason": "", "country_worker_authoritative": false, "modifier_worker_authoritative": false, "effect_worker_authoritative": false, "ideology_worker_authoritative": false, "trigger_worker_authoritative": false, "events_worker_authoritative": false, "country_parity_compared": false, "country_parity_matched": false, "country_parity_compared_count": 0, "country_parity_matched_count": 0, "country_parity_status": "uncompared", "country_parity_first_mismatch_day": -1, "country_parity_reference_hash": 0, "country_parity_worker_hash": 7391341279124074766, "country_parity_field": "", "country_parity_index": -1, "trigger_parity_day": 8, "trigger_reference_day": 2, "trigger_input_hash": 9, "trigger_reference_input_hash": 3, "trigger_reference_state_hash": -5990585120741876090, "trigger_worker_state_hash": 6072228754629928774, "trigger_reference_effect_hash": 5187598658539770339, "trigger_worker_effect_hash": 5187598658539770339, "trigger_required_ack_count": 0, "trigger_received_ack_count": 0, "trigger_pending_ack_count": 0, "trigger_generation": 8, "trigger_committed_day": 8, "trigger_acked_effect_id": 0, "trigger_pending_command_count": 0, "trigger_parity_compared": false, "trigger_parity_matched": false, "trigger_first_divergence_index": -1, "trigger_first_divergence_kind": "", "trigger_blocker": "trigger_reference_pending", "trigger_pod_ready": true, "trigger_pod_plan_ms": 0.0147, "trigger_pod_replay_ms": 0.0035, "trigger_pod_state_hash": -3836323916206631794, "trigger_pod_snapshot_generation": 8, "trigger_pod_intent_count": 0, "trigger_pod_ack_count": 0, "trigger_pod_fallback_reason": "", "modifier_pod_ready": true, "modifier_pod_plan_ms": 0.0039, "modifier_pod_replay_ms": 0.0003, "modifier_pod_work_units": 0, "modifier_pod_state_hash": -2209853189321039677, "modifier_pod_snapshot_generation": 8, "modifier_pod_ack_count": 0, "modifier_pod_fallback_reason": "", "effect_pod_ready": true, "effect_pod_plan_ms": 0.0032, "effect_pod_replay_ms": 0.0003, "effect_pod_state_hash": 2537951117889740099, "effect_pod_snapshot_generation": 8, "effect_pod_ack_count": 0, "effect_pod_intent_count": 0, "effect_pod_fallback_reason": "", "ideology_pod_ready": false, "ideology_pod_plan_ms": 0.0, "ideology_pod_replay_ms": 0.0, "ideology_pod_state_hash": 0, "ideology_pod_snapshot_generation": 0, "ideology_pod_pending_transition_count": 0, "ideology_pod_intent_count": 0, "ideology_pod_fallback_reason": "ideology_opinion_snapshot_missing", "events_probe_enabled": true, "events_pod_ready": true, "events_pod_plan_ms": 0.0017, "events_pod_replay_ms": 0.0002, "events_pod_state_hash": 6333523755472953207, "events_pod_snapshot_generation": 8, "events_pod_event_count": 0, "events_pod_ack_count": 0, "events_pod_drop_count": 0, "events_pod_fallback_reason": "", "command_queue_depth": 0, "receipt_queue_depth": 1, "executor_backend": "native_fixed_pool", "hardware_threads": 32, "worker_threads": 16, "active_worker_limit": 16, "interactive": false, "dispatch_count": 53, "serial_dispatch_count": 0, "task_count": 505, "fault_count": 0, "thread_priority": "below_normal_windows", "configured": true, "enabled": true, "day": 2, "pulse_count": 1, "abi_calls": 1, "gdscript_callbacks": 0, "work_done": 0, "budget_yields": 0, "economy_slices": 0, "economy_commits": 0, "economy_capture_fatal_reason": "", "country_peer_adapter_enabled": true, "country_peer_service_calls": 2, "country_peer_intents": 0, "country_peer_completed": 0, "country_peer_pending_results": 0, "country_peer_rejected": 0, "country_peer_faults": 0, "country_peer_fault_reason": "", "trigger_blocked_pulses": 0, "trigger_blocked_reason": "", "last_elapsed_us": 26, "last_status": 2, "dirty_mask": 0, "post_pulse_flush_ms": 0.0, "flush_slot_count": 2, "visual_diff_cell_count": 4800, "country_territory_sync_ms": 0.033, "full_flush_count": 0, "native_executor_workers": 16, "native_executor_interactive": false, "native_executor_fault_count": 0, "next_cursor": 0, "authority": "existing_native_runtimes", "callbacks_in_graph": 0, "country_pending": false, "trigger_pending": false, "ideology_pending": false, "effect_pending": false, "modifier_pending": false, "gameplay_effect_pending": false, "economy_pending": false, "gameplay_event_count": 0, "trigger_event_ack": 0, "event_dispatch_ms": 28.386 }
   at: push_error (core/variant/variant_utility.cpp:1024)
   GDScript backtrace (most recent call first):
       [0] _fail (res://tests/authority_stage_c_client_runner.gd:501)
       [1] _on_world_ready (res://tests/income_tax_player_regression.gd:33)
ERROR: 44 RID allocations of type 'PN13RendererDummy14TextureStorage12DummyTextureE' were leaked at exit.
ERROR: 16 RID allocations of type 'PN18TextServerAdvanced22ShapedTextDataAdvancedE' were leaked at exit.
ERROR: 1 RID allocations of type 'PN18TextServerAdvanced12FontAdvancedE' were leaked at exit.
WARNING: ObjectDB instances leaked at exit (run with --verbose for details).
   at: cleanup (core/object/object.cpp:2641)
ERROR: 986 resources still in use at exit (run with --verbose for details).
   at: clear (core/io/resource.cpp:810)
