Godot Engine v4.6.2.stable.official.71f334935 - https://godotengine.org

[ui-layout-diag/bind_ui] is_web=false viewport_visible_rect=[P: (0.0, 0.0), S: (51.2, 51.2)] window_size=(64, 64) content_scale_factor=1.250 content_scale_mode=0 device_pixel_ratio=-1.000 top_bar_rect=[P: (0.0, 0.0), S: (543.0, 56.0)] right_panel_rect=[P: (-408.8, 68.0), S: (460.0, 366.0)] country_action_bar_rect=[P: (8.0, -30.8), S: (336.0, 74.0)]
[stage-c] authority=ACTIVE worker=ACTIVE
[building-visual] queue_probe ticks=1 queued=0 chunk=-1 camera_rect=[P: (-25.6, -25.6), S: (51.2, 51.2)] prefetch=false zoom=1.000
[building-visual] queue_probe ticks=2 queued=0 chunk=-1 camera_rect=[P: (-25.6, -25.6), S: (51.2, 51.2)] prefetch=false zoom=1.000
[native_generation/base] path=gdext algorithm=post_base_priority_flood_hydrology_v3 n=2400 native_ms=8.155 water=1862 land=538
[native_generation/post_base] path=gdext algorithm=post_base_priority_flood_hydrology_v3 n=2400 native_ms=1.999 lakes=18 rivers=58 volcanoes=0
[native_generation/vegetation] native_ms=0.713 candidates=542 none=1394 score=[0.000,1.577,1.126] plant_water_land=542 river_adjacent_desert=0 coastal_highland_desert=0 terrain_weight=[0.180,1.200]
[native_generation/qa] single_water=0 tiny<=3=0 small<=5=0 bodies=2 largest=1840 | land_below_sea=0.0% | terr_distinct=20 entropy=2.690bit | river_ratio=2.417%
MapGenerator v7: per-cell 77ms (2400 cells, path=gdext)
[building-visual] queue_probe ticks=3 queued=0 chunk=-1 camera_rect=[P: (-25.6, -25.6), S: (51.2, 51.2)] prefetch=false zoom=1.000
MapBaker v6: hm=(1024, 606) seed=20260718
    [fused] terrain=71.3ms erosion=3.1ms(ok=true) river=11.7ms(ok=true) latitude=0.1ms coast_sdf=3.3ms(ok=true)
  geometry fields (fused C++): 160ms
  physical circulation hex solve: deferred until DCWorldExt bind (ext=true idx=true soa=false)
  wind/ocean pixel buffers: skipped (ocean_current_visual off)
  visual tiles: {"degradation_reason":"","effective_budget_px":1717248,"effective_texels_per_hex":16.0059221751742,"effective_world_units_per_texel":"(1.373983, 1.375)","estimated_peak_bytes":68402880,"estimated_resident_bytes":40340160,"fallback_reason":"","generation_id":1,"grid_size":"(4, 3)","gutter_px":2,"hex_size":22.0,"horizon_path":"neutral_pending","interior_size":"(416, 344)","layer_size":"(420, 348)","layers":[{"bake_ms":42.1561,"coast_sdf_max_dist_px":13.6162309214075,"distance_scale":1.70202886517594,"edge_distance_saturate_hex":0.9,"edge_distance_units":"normalized_hex_center_gap","hashes":{"edge_distance":7407730141571241905,"edge_neighbor":-4543926112381022223,"height":-1697431226796729820,"map_index":2274457353656815029,"terrain_detail":-8151073494896450720,"terrain_normal":-7915207892100105287,"water_depth":2243981384936519209},"layer":0,"normal_radius_px":"(22, 22)","raster_scale":"(1.701088, 1.70297)","river_sdf_max_dist_px":5.9571010281158,"shore_carve_band_px":10,"upload_ms":0.112,"wall_ms":42.469},{"bake_ms":51.4631,"coast_sdf_max_dist_px":13.6162309214075,"distance_scale":1.70202886517594,"edge_distance_saturate_hex":0.9,"edge_distance_units":"normalized_hex_center_gap","hashes":{"edge_distance":-3976966917245296998,"edge_neighbor":3621067584965836758,"height":1528863693732331325,"map_index":2549496320971286395,"terrain_detail":-1859665442256196863,"terrain_normal":-3535715913223945715,"water_depth":3063832404714471227},"layer":1,"normal_radius_px":"(22, 22)","raster_scale":"(1.701088, 1.70297)","river_sdf_max_dist_px":5.9571010281158,"shore_carve_band_px":10,"upload_ms":0.071,"wall_ms":51.667},{"bake_ms":69.5227,"coast_sdf_max_dist_px":13.6162309214075,"distance_scale":1.70202886517594,"edge_distance_saturate_hex":0.9,"edge_distance_units":"normalized_hex_center_gap","hashes":{"edge_distance":5218991683420850894,"edge_neighbor":-5345480133151690080,"height":-7454692257232797492,"map_index":-8366882445923572637,"terrain_detail":-3319625715479491564,"terrain_normal":-6498016425275236080,"water_depth":-2856782738831354408},"layer":2,"normal_radius_px":"(22, 22)","raster_scale":"(1.701088, 1.70297)","river_sdf_max_dist_px":5.9571010281158,"shore_carve_band_px":10,"upload_ms":0.133,"wall_ms":69.838},{"bake_ms":54.7639,"coast_sdf_max_dist_px":13.6162309214075,"distance_scale":1.70202886517594,"edge_distance_saturate_hex":0.9,"edge_distance_units":"normalized_hex_center_gap","hashes":{"edge_distance":8612685970797441304,"edge_neighbor":883218167199411248,"height":-1023169273004332113,"map_index":2707475090998858733,"terrain_detail":6263308266530163428,"terrain_normal":-4855806448874004076,"water_depth":-2127183836498838294},"layer":3,"normal_radius_px":"(22, 22)","raster_scale":"(1.701088, 1.70297)","river_sdf_max_dist_px":5.9571010281158,"shore_carve_band_px":10,"upload_ms":0.065,"wall_ms":54.941},{"bake_ms":57.216,"coast_sdf_max_dist_px":13.6162309214075,"distance_scale":1.70202886517594,"edge_distance_saturate_hex":0.9,"edge_distance_units":"normalized_hex_center_gap","hashes":{"edge_distance":297283154589053998,"edge_neighbor":-8580896561628889486,"height":-5407985216165520287,"map_index":9182820345735435477,"terrain_detail":-4270043139625925275,"terrain_normal":-8287812837813031566,"water_depth":3228562322921317175},"layer":4,"normal_radius_px":"(22, 22)","raster_scale":"(1.701088, 1.70297)","river_sdf_max_dist_px":5.9571010281158,"shore_carve_band_px":10,"upload_ms":0.071,"wall_ms":57.39},{"bake_ms":100.5397,"coast_sdf_max_dist_px":13.6162309214075,"distance_scale":1.70202886517594,"edge_distance_saturate_hex":0.9,"edge_distance_units":"normalized_hex_center_gap","hashes":{"edge_distance":-3309735790229328004,"edge_neighbor":-5731875958399186170,"height":-7367011441573634711,"map_index":-8927034593564641593,"terrain_detail":4427859160994159548,"terrain_normal":-8418168866925073872,"water_depth":-6262847963806259588},"layer":5,"normal_radius_px":"(22, 22)","raster_scale":"(1.701088, 1.70297)","river_sdf_max_dist_px":5.9571010281158,"shore_carve_band_px":10,"upload_ms":0.068,"wall_ms":100.706},{"bake_ms":109.8522,"coast_sdf_max_dist_px":13.6162309214075,"distance_scale":1.70202886517594,"edge_distance_saturate_hex":0.9,"edge_distance_units":"normalized_hex_center_gap","hashes":{"edge_distance":8321833536859295351,"edge_neighbor":-5005127231569416705,"height":3341074557671273762,"map_index":-396979365122735556,"terrain_detail":4215695107284896355,"terrain_normal":-2597592164988767119,"water_depth":-728996428569554142},"layer":6,"normal_radius_px":"(22, 22)","raster_scale":"(1.701088, 1.70297)","river_sdf_max_dist_px":5.9571010281158,"shore_carve_band_px":10,"upload_ms":0.096,"wall_ms":110.08},{"bake_ms":66.6246,"coast_sdf_max_dist_px":13.6162309214075,"distance_scale":1.70202886517594,"edge_distance_saturate_hex":0.9,"edge_distance_units":"normalized_hex_center_gap","hashes":{"edge_distance":208782133921839682,"edge_neighbor":-9034811754870153070,"height":-2132080742075037466,"map_index":4521453198400050055,"terrain_detail":-6887604134882803410,"terrain_normal":-8949913885161130949,"water_depth":-380875893755025537},"layer":7,"normal_radius_px":"(22, 22)","raster_scale":"(1.701088, 1.70297)","river_sdf_max_dist_px":5.9571010281158,"shore_carve_band_px":10,"upload_ms":0.068,"wall_ms":66.83},{"bake_ms":48.9564,"coast_sdf_max_dist_px":13.6162309214075,"distance_scale":1.70202886517594,"edge_distance_saturate_hex":0.9,"edge_distance_units":"normalized_hex_center_gap","hashes":{"edge_distance":8264413913844957711,"edge_neighbor":6449510455372096238,"height":2774507710515011656,"map_index":1602406146469738870,"terrain_detail":4148301864856098689,"terrain_normal":2948295881015716229,"water_depth":-5702780522234210443},"layer":8,"normal_radius_px":"(22, 22)","raster_scale":"(1.701088, 1.70297)","river_sdf_max_dist_px":5.9571010281158,"shore_carve_band_px":10,"upload_ms":0.104,"wall_ms":49.204},{"bake_ms":75.3238,"coast_sdf_max_dist_px":13.6162309214075,"distance_scale":1.70202886517594,"edge_distance_saturate_hex":0.9,"edge_distance_units":"normalized_hex_center_gap","hashes":{"edge_distance":-7342283611218684865,"edge_neighbor":-5634881956267287527,"height":2825572143123611103,"map_index":-8831886053851355773,"terrain_detail":4235680215872698627,"terrain_normal":-2070428832888160468,"water_depth":795287004519003509},"layer":9,"normal_radius_px":"(22, 22)","raster_scale":"(1.701088, 1.70297)","river_sdf_max_dist_px":5.9571010281158,"shore_carve_band_px":10,"upload_ms":0.081,"wall_ms":75.535},{"bake_ms":68.9322,"coast_sdf_max_dist_px":13.6162309214075,"distance_scale":1.70202886517594,"edge_distance_saturate_hex":0.9,"edge_distance_units":"normalized_hex_center_gap","hashes":{"edge_distance":-8079933026638934708,"edge_neighbor":6678593248902245418,"height":-4365230997761727027,"map_index":684363689774237482,"terrain_detail":-1251348211797502761,"terrain_normal":-9093325325990601316,"water_depth":463899081477651312},"layer":10,"normal_radius_px":"(22, 22)","raster_scale":"(1.701088, 1.70297)","river_sdf_max_dist_px":5.9571010281158,"shore_carve_band_px":10,"upload_ms":0.065,"wall_ms":69.108},{"bake_ms":48.3787,"coast_sdf_max_dist_px":13.6162309214075,"distance_scale":1.70202886517594,"edge_distance_saturate_hex":0.9,"edge_distance_units":"normalized_hex_center_gap","hashes":{"edge_distance":5056840590371500922,"edge_neighbor":8667344552684765316,"height":64708304598049951,"map_index":-6792268264940266568,"terrain_detail":7665021879133805446,"terrain_normal":-2224180417278547981,"water_depth":517399438142152488},"layer":11,"normal_radius_px":"(22, 22)","raster_scale":"(1.701088, 1.70297)","river_sdf_max_dist_px":5.9571010281158,"shore_carve_band_px":10,"upload_ms":0.087,"wall_ms":48.598}],"logical_size":"(1664, 1032)","mode":"tiled","path":"visual_tiled_static","profile":"desktop_high","renderer":"mobile","requested_budget_px":1716216,"requested_texels_per_hex":16.0,"requested_tile_world_span":"(704.0, 704.0)","requested_world_units_per_texel":1.375,"tile_world_area":270355.817993164,"tile_world_span":"(571.5768, 473.0)","total_ms":800.691,"visual_domain":"[P: (0.0, -44.0), S: (2286.307, 1419.0)]","wrap_period_x":2286.30706599092,"wrap_x":true}
WARNING: Loaded resource as image file, this will not work on export: 'res://assets/textures/terrain_materials/organic.png'. Instead, import the image file as an Image resource and load it normally as a resource.
   at: load (core/io/image.cpp:2756)
   GDScript backtrace (most recent call first):
       [0] _build_terrain_material_tex (res://scripts/rendering/map_baker.gd:360)
       [1] get_or_build_shared_terrain_material_tex (res://scripts/rendering/map_baker.gd:343)
       [2] bake_world (res://scripts/rendering/map_baker.gd:1187)
       [3] _yield_generation_frame (res://scripts/rendering/map_baker.gd:1225)
WARNING: Loaded resource as image file, this will not work on export: 'res://assets/textures/terrain_materials/dry_sand.png'. Instead, import the image file as an Image resource and load it normally as a resource.
   at: load (core/io/image.cpp:2756)
   GDScript backtrace (most recent call first):
       [0] _build_terrain_material_tex (res://scripts/rendering/map_baker.gd:360)
       [1] get_or_build_shared_terrain_material_tex (res://scripts/rendering/map_baker.gd:343)
       [2] bake_world (res://scripts/rendering/map_baker.gd:1187)
       [3] _yield_generation_frame (res://scripts/rendering/map_baker.gd:1225)
WARNING: Loaded resource as image file, this will not work on export: 'res://assets/textures/terrain_materials/rock.png'. Instead, import the image file as an Image resource and load it normally as a resource.
   at: load (core/io/image.cpp:2756)
   GDScript backtrace (most recent call first):
       [0] _build_terrain_material_tex (res://scripts/rendering/map_baker.gd:360)
       [1] get_or_build_shared_terrain_material_tex (res://scripts/rendering/map_baker.gd:343)
       [2] bake_world (res://scripts/rendering/map_baker.gd:1187)
       [3] _yield_generation_frame (res://scripts/rendering/map_baker.gd:1225)
WARNING: Loaded resource as image file, this will not work on export: 'res://assets/textures/terrain_materials/snow_wet.png'. Instead, import the image file as an Image resource and load it normally as a resource.
   at: load (core/io/image.cpp:2756)
   GDScript backtrace (most recent call first):
       [0] _build_terrain_material_tex (res://scripts/rendering/map_baker.gd:360)
       [1] get_or_build_shared_terrain_material_tex (res://scripts/rendering/map_baker.gd:343)
       [2] bake_world (res://scripts/rendering/map_baker.gd:1187)
       [3] _yield_generation_frame (res://scripts/rendering/map_baker.gd:1225)
  cell LUT encode: deferred until DCWorldExt bind
  encode: 4049ms
MapBaker v6: total 4218ms
MapGenerator v7: bake 4242ms
MapGenerator: skip _compute_ocean_currents (physical-hex path writes per-cell directly)
MapGenerator: skip _compute_terrain_perturbed_wind (physical-hex solver writes per-cell)
[SUS] sim budget strict=false frame=8.00ms warn=2.00ms slice=0.75ms upload=1.50ms scheduler=DCSystemScheduler native_sus=auto
[DCWorldExt] bind_map_data: 148 components bound (auto-registered=148; snapshot model; see world_ext.cpp comment & charter Â§11)
[DataCore] _data_core_world_ext bound=true (climate co-processor; class=DCWorldExt)
[native_world] configure rc=0 reason=configured cells=2400 wrap_period_x=103.923
[native_generation] path=gdext n=2400 published=9 native_ms=0.111 compute_ms=0.053 flush_ms=0.058
[hex_cell] facade ENABLED (2400 cells bound; ext=true)
[DataCore] _baker climate_profile injected=true (fixes WorldData.config==null sea_ice prepare path)
[phys_solve][oneshot] OK slp=1.09ms wind=0.48ms psi=0.53ms(ran=true) upwelling=0.06ms total=2.86ms
PhysicalCirculation solve@phase=1.50 total=3ms (C++ one-shot run_physical_solve_pass)
  wind/ocean pixel buffers: skipped (ocean_current_visual off)
[physical_init] deferred native refresh complete: 3ms
[cell_lut] deferred encode: 2ms path=gdext
[bio-occupancy] seed landmasses=18 provinces=18 species=20 secondary_hearths=0
[bio-occupancy]   bio.maize envelope=46 hearth=18 seeded_landmasses=1 primary_landmass=3 primary_envelope=38 occupied=18 occupied/envelope=0.47
[bio-occupancy]   bio.wheat envelope=96 hearth=16 seeded_landmasses=1 primary_landmass=3 primary_envelope=68 occupied=16 occupied/envelope=0.24
[bio-occupancy]   bio.rice envelope=75 hearth=25 seeded_landmasses=1 primary_landmass=3 primary_envelope=50 occupied=25 occupied/envelope=0.50
[bio-occupancy]   bio.potato envelope=75 hearth=30 seeded_landmasses=1 primary_landmass=3 primary_envelope=58 occupied=30 occupied/envelope=0.52
[bio-occupancy]   bio.horse envelope=108 hearth=38 seeded_landmasses=1 primary_landmass=3 primary_envelope=78 occupied=38 occupied/envelope=0.49
[bio-occupancy]   bio.cotton envelope=99 hearth=33 seeded_landmasses=1 primary_landmass=3 primary_envelope=74 occupied=33 occupied/envelope=0.45
[bio-occupancy]   bio.flax envelope=91 hearth=34 seeded_landmasses=1 primary_landmass=3 primary_envelope=63 occupied=34 occupied/envelope=0.54
[bio-occupancy]   bio.spice envelope=85 hearth=8 seeded_landmasses=1 primary_landmass=3 primary_envelope=66 occupied=8 occupied/envelope=0.12
[bio-occupancy]   bio.rubber envelope=41 hearth=1 seeded_landmasses=1 primary_landmass=3 primary_envelope=28 occupied=1 occupied/envelope=0.04
[bio-occupancy]   bio.sheep envelope=20 hearth=2 seeded_landmasses=1 primary_landmass=3 primary_envelope=16 occupied=2 occupied/envelope=0.13
[bio-occupancy]   bio.goat envelope=232 hearth=13 seeded_landmasses=1 primary_landmass=3 primary_envelope=157 occupied=13 occupied/envelope=0.08
[bio-occupancy]   bio.cattle envelope=6 hearth=1 seeded_landmasses=1 primary_landmass=3 primary_envelope=6 occupied=1 occupied/envelope=0.17
[bio-occupancy]   bio.pig envelope=175 hearth=32 seeded_landmasses=1 primary_landmass=3 primary_envelope=126 occupied=32 occupied/envelope=0.25
[bio-occupancy]   bio.camel envelope=37 hearth=3 seeded_landmasses=1 primary_landmass=3 primary_envelope=22 occupied=3 occupied/envelope=0.14
[bio-occupancy]   bio.yak envelope=63 hearth=18 seeded_landmasses=1 primary_landmass=3 primary_envelope=35 occupied=18 occupied/envelope=0.51
[bio-occupancy]   bio.silkworm envelope=108 hearth=41 seeded_landmasses=1 primary_landmass=3 primary_envelope=90 occupied=41 occupied/envelope=0.46
[bio-occupancy]   bio.reed envelope=118 hearth=23 seeded_landmasses=1 primary_landmass=3 primary_envelope=66 occupied=23 occupied/envelope=0.35
[bio-occupancy]   bio.bast_fiber envelope=135 hearth=29 seeded_landmasses=1 primary_landmass=3 primary_envelope=88 occupied=29 occupied/envelope=0.33
[bio-occupancy]   bio.dye_plant envelope=103 hearth=5 seeded_landmasses=1 primary_landmass=3 primary_envelope=77 occupied=5 occupied/envelope=0.06
[bio-occupancy]   bio.medicinal_herb envelope=203 hearth=8 seeded_landmasses=1 primary_landmass=3 primary_envelope=139 occupied=8 occupied/envelope=0.06
[bio-occupancy]   landmass 1 classes=none foods=none
[bio-occupancy]   landmass 2 classes=none foods=none
[bio-occupancy]   landmass 3 classes=highland_food, fiber_open, fiber_forest, open_grazer, open_food, fiber_wet, forest_grazer, tropical, dry_grazer, wetland_food, cold_grazer foods=potato, wheat, maize, rice
[bio-occupancy]   landmass 4 classes=none foods=none
[bio-occupancy]   landmass 5 classes=none foods=none
[bio-occupancy]   landmass 6 classes=none foods=none
[bio-occupancy]   landmass 7 classes=none foods=none
[bio-occupancy]   landmass 8 classes=none foods=none
[bio-occupancy]   landmass 9 classes=none foods=none
[bio-occupancy]   landmass 10 classes=none foods=none
[bio-occupancy]   landmass 11 classes=none foods=none
[bio-occupancy]   landmass 12 classes=none foods=none
[bio-occupancy]   landmass 13 classes=none foods=none
[bio-occupancy]   landmass 14 classes=none foods=none
[bio-occupancy]   landmass 15 classes=none foods=none
[bio-occupancy]   landmass 16 classes=none foods=none
[bio-occupancy]   landmass 17 classes=none foods=none
[bio-occupancy]   landmass 18 classes=none foods=none
[weather] gdext acceleration ON (class=DCWorldExt)
[weather] gdext field commit ON
[weather] gdext distribute ON
[weather] gdext summary ON
[weather] hexcell facade ON (skip AoS double-write in hot loop)
[weather] gdext resident knobs ON (class=KnobsHandle)
[economy] ACTIVE native graph cells=2400 goods=134 cohorts=16 epoch_days=1 trade=ACTIVE topology_ready=true topology_generation=1 bootstrap=starter_settlement_bootstrap_v9 founder_families=4 founder_people=4
[country] ACTIVE native authority countries=4 cells=2400 generation=1
[weather/knobs] resident KnobsHandle path ACTIVE — first to_*_knobs_dict hit (field_rebuild_count=1 expected ≤1; stable Hz target ≤1 Hz)
[native_daily] ACTIVE: registered native_daily_sim + natural_resource_daily + bio_occupancy_daily; retained season_refresh + ocean_currents boundary jobs
[DCSystemScheduler] topology: ["season_refresh", "trigger_runtime", "ideology_runtime", "effect_runtime", "modifier_daily", "gameplay_effect", "natural_resource_daily", "bio_occupancy_daily", "enum_atlas_upload", "ocean_currents", "native_daily_sim", "dynamic_visual_atlas_upload", "country_daily", "economy_daily"]
WARNING: [runtime-climate-round] no ClimateDailySystem; SHADOW capture carries no shared pass input
   at: push_warning (core/variant/variant_utility.cpp:1034)
   GDScript backtrace (most recent call first):
       [0] _build_runtime_climate_round_input (res://scripts/geography/map_generator.gd:4651)
       [1] capture_runtime_inputs_for_worker (res://scripts/geography/map_generator.gd:2351)
       [2] generate_world (res://scripts/game/world_runtime_host.gd:609)
       [3] generate (res://scripts/geography/map_generator.gd:1606)
       [4] _yield_generation_frame (res://scripts/geography/map_generator.gd:19867)
WARNING: [runtime-worker] Ideology opinion publish deferred: ideology_opinion_snapshot_invalid
   at: push_warning (core/variant/variant_utility.cpp:1034)
   GDScript backtrace (most recent call first):
       [0] _start_production_shadow_worker (res://scripts/game/world_runtime_host.gd:700)
       [1] generate_world (res://scripts/game/world_runtime_host.gd:618)
       [2] generate (res://scripts/geography/map_generator.gd:1606)
       [3] _yield_generation_frame (res://scripts/geography/map_generator.gd:19867)
[runtime-day-wait] day=1 env_day=0 missing=0x3ff economy_input=-1
[runtime-worker] production ACTIVE started mask=4095 auto_pod=true
[building-visual] intel_refresh requested=69 changed=1 known=1 catalog=400 resident=0 body=0 queued=0 zoom=1.000
[DCSystemScheduler][RT] ocean_skip#1 tick=1 reason=policy_gated slices=0 elapsed=0.000 progress=0.000 source=day_changed
[climate][publish] day=0 round_ran=1 prod_stage=0xff scalar_mask=0x7f alb=0 veg=0 fb=0 weather=0 sr=0 ok=1
[climate/worker][b8] physics_knobs day=1 ready=0 missing=physics_knobs
[climate-kernel][round] shared=1 ok=1 n_cells=2400 mask=0x1FF ran=0x1FF starved=0x0 knobs_cells=2400
[DCSystemScheduler][RT] ocean_skip#2 tick=2 reason=policy_gated slices=0 elapsed=0.000 progress=0.000 source=day_changed
[country][parity] worker_day=1 uncompared reference_range=-1..-1 depth=0
[economy-mirror-cost] day=1 capture_ms=2.819 import_ms=4.708
[climate/writeback][b8] day=1 vapor store0=0 map0=0 dirty_fields=42 applied=42
[phys/knobs] projection ready: slp=31 wind=33 psi=26 up=10
[climate/worker][b8] physics_knobs day=2 ready=1 missing=
[climate/worker][b8] paw day=2 cell=467 moisture=0.991679 wb30=0 soil=0 paw=0.991679 zeros(water=1858 land=2) nonzero=540 weights(wb=0.35 soil=0.25 dry=0.65) round=1 distribute=0 hydrology=0
[climate/worker][b8] physics_knobs day=3 ready=1 missing=
[climate/worker][b8] paw day=3 cell=467 moisture=0.992127 wb30=0 soil=0 paw=0.992127 zeros(water=1858 land=2) nonzero=540 weights(wb=0.35 soil=0.25 dry=0.65) round=1 distribute=0 hydrology=0
[climate/writeback][b8] day=2 vapor store0=0 map0=0 dirty_fields=52 applied=52
[country][parity] worker_day=3 uncompared reference_range=2..2 depth=1
[climate/worker][b8] physics_knobs day=4 ready=1 missing=
[climate/worker][b8] paw day=4 cell=467 moisture=1 wb30=0 soil=0 paw=1 zeros(water=1858 land=2) nonzero=540 weights(wb=0.35 soil=0.25 dry=0.65) round=1 distribute=1 hydrology=0
[climate/writeback][b8] day=3 vapor store0=0 map0=0 dirty_fields=52 applied=52
[climate/worker][b8] cyclone_gate day=4 input_enabled=0 force_env=0 effective=0
[climate/worker][b8] weather_solve day=4 cells=2400 psi=1 vapor0=0.11745 precip0=0 cloud0=0.0381909 type0=0 field_init0=1
[country][parity] worker_day=4 uncompared reference_range=2..2 depth=1
[climate/worker][b8] physics_knobs day=5 ready=1 missing=
[climate/worker][b8] paw day=5 cell=467 moisture=1 wb30=-0.00183731 soil=0 paw=0.998806 zeros(water=1858 land=2) nonzero=540 weights(wb=0.35 soil=0.25 dry=0.65) round=1 distribute=0 hydrology=0
[climate/writeback][b8] day=4 vapor store0=0.11745 map0=0.11745 dirty_fields=54 applied=54
[country][parity] worker_day=5 uncompared reference_range=2..2 depth=1
[climate/worker][b8] physics_knobs day=6 ready=1 missing=
[climate/worker][b8] paw day=6 cell=467 moisture=1 wb30=-0.00183731 soil=-0.00440953 paw=0.998806 zeros(water=1858 land=2) nonzero=540 weights(wb=0.35 soil=0.25 dry=0.65) round=1 distribute=0 hydrology=0
[country][parity] worker_day=6 uncompared reference_range=2..2 depth=1
SCRIPT ERROR: Invalid call. Nonexistent 'String' constructor.
   at: _on_world_ready (res://tests/income_tax_player_regression.gd:27)
   GDScript backtrace (most recent call first):
       [0] _on_world_ready (res://tests/income_tax_player_regression.gd:27)
[climate/worker][b8] paw day=7 cell=467 moisture=1 wb30=-0.00183731 soil=-0.00440953 paw=0.998806 zeros(water=1858 land=2) nonzero=540 weights(wb=0.35 soil=0.25 dry=0.65) round=1 distribute=0 hydrology=0
[country][active] day=7 failed=country_command_day_already_committed input_generation=8
[runtime-day-wait] day=7 env_day=7 missing=0x4 economy_input=-1
[country][parity] worker_day=7 uncompared reference_range=2..2 depth=1
[climate/worker][b8] paw day=8 cell=467 moisture=1 wb30=-0.00183731 soil=-0.00440953 paw=0.998806 zeros(water=1858 land=2) nonzero=540 weights(wb=0.35 soil=0.25 dry=0.65) round=1 distribute=0 hydrology=0
[country][parity] worker_day=8 uncompared reference_range=2..2 depth=1
[climate/worker][b8] paw day=9 cell=467 moisture=1 wb30=-0.00183731 soil=-0.00440953 paw=0.998806 zeros(water=1858 land=2) nonzero=540 weights(wb=0.35 soil=0.25 dry=0.65) round=1 distribute=0 hydrology=0
[country][parity] worker_day=9 uncompared reference_range=2..2 depth=1
[climate/worker][b8] paw day=10 cell=467 moisture=1 wb30=-0.00183731 soil=-0.00440953 paw=0.998806 zeros(water=1858 land=2) nonzero=540 weights(wb=0.35 soil=0.25 dry=0.65) round=1 distribute=0 hydrology=0
[climate/worker][b8] paw day=11 cell=467 moisture=1 wb30=-0.00183731 soil=-0.00440953 paw=0.998806 zeros(water=1858 land=2) nonzero=540 weights(wb=0.35 soil=0.25 dry=0.65) round=1 distribute=0 hydrology=0
[climate/worker][b8] paw day=12 cell=467 moisture=1 wb30=-0.00183731 soil=-0.00440953 paw=0.998806 zeros(water=1858 land=2) nonzero=540 weights(wb=0.35 soil=0.25 dry=0.65) round=1 distribute=1 hydrology=0
[climate/worker][b8] cyclone_gate day=12 input_enabled=0 force_env=0 effective=0
[climate/worker][b8] weather_solve day=12 cells=2400 psi=1 vapor0=0.111908 precip0=0 cloud0=0.0468911 type0=0 field_init0=1
[climate/worker][b8] paw day=13 cell=467 moisture=1 wb30=-0.0036054 soil=-0.00440953 paw=0.997656 zeros(water=1858 land=2) nonzero=540 weights(wb=0.35 soil=0.25 dry=0.65) round=1 distribute=0 hydrology=0
[climate/worker][b8] weather_solve day=20 cells=2400 psi=1 vapor0=0.109083 precip0=0 cloud0=0.0600611 type0=0 field_init0=1
[clock/step] delta=6.9ms speed=50x target=0.35d cap=2.04d/f cost=3.93ms ran=0 pulse=0.00ms loop=0.00ms full=0.24ms carry=0.47 barrier=
[climate/worker][b8] weather_solve day=28 cells=2400 psi=1 vapor0=0.0887827 precip0=0 cloud0=0.0767933 type0=0 field_init0=1
[clock/step] delta=6.9ms speed=50x target=0.34d cap=8.00d/f cost=0.67ms ran=0 pulse=0.00ms loop=0.00ms full=0.22ms carry=0.60 barrier=
[clock/step] delta=6.9ms speed=50x target=0.35d cap=3.13d/f cost=2.55ms ran=0 pulse=0.00ms loop=0.00ms full=0.15ms carry=0.63 barrier=
[economy-open-finish] day=100 country=0.184 workset=0.018 fiscal=0.034 csr=0.005 recovery=0.001 vectors=0.643 audit=0.498 commands=0.001
[economy-prelude-cost] day=100 ms=1.806 pending=0
[economy-aggregate-cost] day=100 publish_ms=2.542 native_hash_ms=0.939
[economy-ledger-cost] day=100 copy_ms=0.527 validate_ms=0.130 hash_ms=0.696 cohorts=256 markets=321600
[economy-boundary-cost] day=100 formulas_ms=7.414 stages_ms=5.336 mirror_ms=2.622
[runtime-day-cost] day=100 ok=1 ms=16.408
[clock/step] delta=6.9ms speed=50x target=0.34d cap=2.08d/f cost=3.85ms ran=0 pulse=0.00ms loop=0.00ms full=0.32ms carry=0.76 barrier=
[clock/step] delta=6.9ms speed=50x target=0.35d cap=2.48d/f cost=2.74ms ran=1 pulse=0.00ms loop=0.79ms full=1.00ms carry=0.29 barrier=climate_input_capacity_day_barrier
[economy-open-finish] day=200 country=0.391 workset=0.022 fiscal=0.035 csr=0.005 recovery=0.001 vectors=0.539 audit=0.831 commands=0.001
[economy-prelude-cost] day=200 ms=2.569 pending=0
[economy-aggregate-cost] day=200 publish_ms=2.951 native_hash_ms=1.401
[economy-ledger-cost] day=200 copy_ms=0.588 validate_ms=0.134 hash_ms=0.794 cohorts=256 markets=321600
[economy-boundary-cost] day=200 formulas_ms=10.479 stages_ms=7.506 mirror_ms=2.845
[runtime-day-cost] day=200 ok=1 ms=19.578
[clock/step] delta=6.9ms speed=50x target=0.34d cap=6.99d/f cost=1.15ms ran=0 pulse=0.00ms loop=0.00ms full=0.42ms carry=0.59 barrier=
[clock/step] delta=6.9ms speed=50x target=0.34d cap=2.06d/f cost=3.89ms ran=0 pulse=0.00ms loop=0.00ms full=0.17ms carry=0.55 barrier=
[clock/step] delta=6.9ms speed=50x target=0.34d cap=7.96d/f cost=1.00ms ran=0 pulse=0.00ms loop=0.00ms full=0.26ms carry=0.51 barrier=
[economy-open-finish] day=300 country=0.178 workset=0.016 fiscal=0.033 csr=0.005 recovery=0.001 vectors=0.397 audit=0.521 commands=0.001
[economy-prelude-cost] day=300 ms=1.731 pending=0
[economy-aggregate-cost] day=300 publish_ms=1.825 native_hash_ms=0.917
[economy-ledger-cost] day=300 copy_ms=0.385 validate_ms=0.118 hash_ms=0.661 cohorts=256 markets=321600
[economy-boundary-cost] day=300 formulas_ms=7.197 stages_ms=5.205 mirror_ms=2.394
[runtime-day-cost] day=300 ok=1 ms=16.107
[clock/step] delta=6.9ms speed=50x target=0.34d cap=5.39d/f cost=1.48ms ran=0 pulse=0.00ms loop=0.00ms full=0.52ms carry=0.79 barrier=
[clock/step] delta=6.9ms speed=50x target=0.34d cap=3.86d/f cost=1.79ms ran=1 pulse=0.00ms loop=0.66ms full=0.97ms carry=0.29 barrier=climate_input_capacity_day_barrier
[clock/step] delta=6.9ms speed=50x target=0.34d cap=8.00d/f cost=0.91ms ran=0 pulse=0.00ms loop=0.00ms full=0.50ms carry=0.75 barrier=
[economy-open-finish] day=400 country=0.202 workset=0.016 fiscal=0.036 csr=0.005 recovery=0.001 vectors=0.385 audit=0.432 commands=0.000
[economy-prelude-cost] day=400 ms=1.374 pending=0
[economy-aggregate-cost] day=400 publish_ms=2.978 native_hash_ms=1.070
[economy-ledger-cost] day=400 copy_ms=0.493 validate_ms=0.121 hash_ms=0.923 cohorts=256 markets=321600
[economy-boundary-cost] day=400 formulas_ms=8.066 stages_ms=6.418 mirror_ms=3.253
[runtime-day-cost] day=400 ok=1 ms=14.961
[clock/step] delta=6.9ms speed=50x target=0.34d cap=5.14d/f cost=1.56ms ran=0 pulse=0.00ms loop=0.00ms full=0.20ms carry=0.61 barrier=
[clock/step] delta=6.9ms speed=50x target=0.34d cap=5.58d/f cost=1.43ms ran=0 pulse=0.14ms loop=0.00ms full=0.62ms carry=0.26 barrier=climate_input_capacity_day_barrier
[economy-open-finish] day=500 country=0.242 workset=0.017 fiscal=0.033 csr=0.005 recovery=0.001 vectors=0.542 audit=0.825 commands=0.001
[economy-prelude-cost] day=500 ms=2.295 pending=0
[economy-aggregate-cost] day=500 publish_ms=3.011 native_hash_ms=2.106
[economy-ledger-cost] day=500 copy_ms=1.290 validate_ms=0.162 hash_ms=0.900 cohorts=256 markets=321600
[economy-boundary-cost] day=500 formulas_ms=10.322 stages_ms=7.681 mirror_ms=4.112
[runtime-day-cost] day=500 ok=1 ms=19.202
[clock/step] delta=6.9ms speed=50x target=0.35d cap=8.00d/f cost=0.82ms ran=0 pulse=0.00ms loop=0.00ms full=0.49ms carry=0.44 barrier=
[clock/step] delta=6.9ms speed=50x target=0.35d cap=7.68d/f cost=1.04ms ran=0 pulse=0.00ms loop=0.00ms full=0.44ms carry=0.78 barrier=
[clock/step] delta=6.9ms speed=50x target=0.34d cap=3.20d/f cost=2.83ms ran=1 pulse=0.00ms loop=4.16ms full=4.35ms carry=0.19 barrier=
[economy-open-finish] day=600 country=0.320 workset=0.022 fiscal=0.065 csr=0.005 recovery=0.001 vectors=0.497 audit=0.433 commands=0.000
[economy-prelude-cost] day=600 ms=1.678 pending=0
[economy-aggregate-cost] day=600 publish_ms=2.727 native_hash_ms=1.132
[economy-ledger-cost] day=600 copy_ms=0.703 validate_ms=0.123 hash_ms=0.992 cohorts=256 markets=321600
[economy-boundary-cost] day=600 formulas_ms=8.882 stages_ms=6.568 mirror_ms=4.121
[runtime-day-cost] day=600 ok=1 ms=17.131
[clock/step] delta=6.9ms speed=50x target=0.34d cap=2.44d/f cost=3.27ms ran=0 pulse=0.00ms loop=0.00ms full=0.31ms carry=0.74 barrier=
[clock/step] delta=6.9ms speed=50x target=0.34d cap=4.53d/f cost=1.77ms ran=0 pulse=0.16ms loop=0.00ms full=0.65ms carry=0.01 barrier=climate_input_capacity_day_barrier
[clock/step] delta=6.9ms speed=50x target=0.35d cap=4.22d/f cost=1.64ms ran=1 pulse=0.00ms loop=0.59ms full=0.78ms carry=0.21 barrier=climate_input_capacity_day_barrier
[economy-open-finish] day=700 country=0.181 workset=0.016 fiscal=0.030 csr=0.004 recovery=0.001 vectors=0.673 audit=0.851 commands=0.001
[economy-prelude-cost] day=700 ms=2.181 pending=0
[economy-aggregate-cost] day=700 publish_ms=2.687 native_hash_ms=1.165
[economy-ledger-cost] day=700 copy_ms=0.446 validate_ms=0.132 hash_ms=0.880 cohorts=256 markets=321600
[economy-boundary-cost] day=700 formulas_ms=8.988 stages_ms=6.545 mirror_ms=2.757
[runtime-day-cost] day=700 ok=1 ms=15.779
[clock/step] delta=6.9ms speed=50x target=0.34d cap=4.34d/f cost=1.84ms ran=0 pulse=0.00ms loop=0.00ms full=0.17ms carry=0.96 barrier=
[clock/step] delta=6.9ms speed=50x target=0.34d cap=1.91d/f cost=4.19ms ran=0 pulse=0.00ms loop=0.00ms full=0.36ms carry=0.75 barrier=
[clock/step] delta=6.9ms speed=50x target=0.35d cap=1.79d/f cost=4.47ms ran=0 pulse=0.00ms loop=0.00ms full=0.47ms carry=0.98 barrier=
[economy-open-finish] day=800 country=0.190 workset=0.018 fiscal=0.037 csr=0.005 recovery=0.001 vectors=0.375 audit=0.471 commands=0.001
[economy-prelude-cost] day=800 ms=1.728 pending=0
[economy-aggregate-cost] day=800 publish_ms=2.763 native_hash_ms=1.022
[economy-ledger-cost] day=800 copy_ms=0.498 validate_ms=0.253 hash_ms=0.783 cohorts=256 markets=321600
[economy-boundary-cost] day=800 formulas_ms=9.115 stages_ms=6.864 mirror_ms=3.073
[runtime-day-cost] day=800 ok=1 ms=16.590
[clock/step] delta=6.9ms speed=50x target=0.34d cap=3.88d/f cost=3.02ms ran=1 pulse=0.00ms loop=6.85ms full=7.13ms carry=0.10 barrier=
[clock/step] delta=6.9ms speed=50x target=0.34d cap=5.24d/f cost=1.53ms ran=0 pulse=0.00ms loop=0.00ms full=0.59ms carry=0.65 barrier=
[economy-open-finish] day=900 country=0.189 workset=0.018 fiscal=0.034 csr=0.005 recovery=0.001 vectors=0.365 audit=0.484 commands=0.005
[economy-prelude-cost] day=900 ms=1.731 pending=0
[economy-aggregate-cost] day=900 publish_ms=3.532 native_hash_ms=1.776
[economy-ledger-cost] day=900 copy_ms=0.791 validate_ms=0.230 hash_ms=1.470 cohorts=256 markets=321600
[economy-boundary-cost] day=900 formulas_ms=10.722 stages_ms=8.612 mirror_ms=4.930
[runtime-day-cost] day=900 ok=1 ms=21.520
[clock/step] delta=6.9ms speed=50x target=0.34d cap=8.00d/f cost=0.79ms ran=0 pulse=0.15ms loop=0.00ms full=0.98ms carry=0.10 barrier=climate_input_capacity_day_barrier
[clock/step] delta=6.9ms speed=50x target=0.35d cap=8.00d/f cost=0.64ms ran=0 pulse=0.00ms loop=0.00ms full=0.41ms carry=0.65 barrier=
[clock/step] delta=6.9ms speed=50x target=0.35d cap=8.00d/f cost=0.65ms ran=0 pulse=0.00ms loop=0.00ms full=0.49ms carry=0.85 barrier=
[clock/step] delta=6.9ms speed=50x target=0.35d cap=5.62d/f cost=1.42ms ran=0 pulse=0.00ms loop=0.00ms full=0.26ms carry=1.00 barrier=
[economy-open-finish] day=1000 country=0.196 workset=0.018 fiscal=0.034 csr=0.004 recovery=0.001 vectors=0.387 audit=0.430 commands=0.001
[economy-prelude-cost] day=1000 ms=1.347 pending=0
[economy-aggregate-cost] day=1000 publish_ms=2.173 native_hash_ms=1.128
[economy-ledger-cost] day=1000 copy_ms=0.907 validate_ms=0.144 hash_ms=1.099 cohorts=256 markets=321600
[economy-boundary-cost] day=1000 formulas_ms=7.366 stages_ms=5.746 mirror_ms=3.780
[runtime-day-cost] day=1000 ok=1 ms=14.945
[clock/step] delta=6.9ms speed=50x target=0.35d cap=8.00d/f cost=0.64ms ran=1 pulse=0.00ms loop=0.47ms full=0.65ms carry=0.07 barrier=climate_input_capacity_day_barrier
[clock/step] delta=6.9ms speed=50x target=0.35d cap=4.18d/f cost=1.91ms ran=0 pulse=0.00ms loop=0.00ms full=0.20ms carry=0.99 barrier=
[clock/step] delta=6.9ms speed=50x target=0.34d cap=5.30d/f cost=1.51ms ran=0 pulse=0.11ms loop=0.00ms full=0.51ms carry=0.25 barrier=climate_input_capacity_day_barrier
[economy-open-finish] day=1100 country=0.211 workset=0.019 fiscal=0.034 csr=0.005 recovery=0.001 vectors=0.780 audit=0.562 commands=0.002
[economy-prelude-cost] day=1100 ms=1.986 pending=0
[economy-aggregate-cost] day=1100 publish_ms=3.060 native_hash_ms=1.058
[economy-ledger-cost] day=1100 copy_ms=0.608 validate_ms=0.132 hash_ms=0.914 cohorts=256 markets=321600
[economy-boundary-cost] day=1100 formulas_ms=9.501 stages_ms=7.050 mirror_ms=4.000
[runtime-day-cost] day=1100 ok=1 ms=18.080
[clock/step] delta=6.9ms speed=50x target=0.34d cap=4.05d/f cost=2.36ms ran=1 pulse=0.00ms loop=3.91ms full=4.11ms carry=0.09 barrier=
[clock/step] delta=6.9ms speed=50x target=0.34d cap=8.00d/f cost=0.76ms ran=0 pulse=0.00ms loop=0.00ms full=0.24ms carry=0.57 barrier=
[economy-open-finish] day=1200 country=0.191 workset=0.022 fiscal=0.037 csr=0.005 recovery=0.001 vectors=0.368 audit=0.455 commands=0.001
[economy-prelude-cost] day=1200 ms=1.477 pending=0
[economy-aggregate-cost] day=1200 publish_ms=3.362 native_hash_ms=2.051
[economy-ledger-cost] day=1200 copy_ms=0.945 validate_ms=0.145 hash_ms=0.882 cohorts=256 markets=321600
[economy-boundary-cost] day=1200 formulas_ms=10.304 stages_ms=8.545 mirror_ms=3.708
[runtime-day-cost] day=1200 ok=1 ms=19.886
[clock/step] delta=6.9ms speed=50x target=0.34d cap=8.00d/f cost=0.71ms ran=1 pulse=0.00ms loop=0.54ms full=0.73ms carry=0.09 barrier=climate_input_capacity_day_barrier
[clock/step] delta=6.9ms speed=50x target=0.35d cap=8.00d/f cost=0.80ms ran=1 pulse=0.00ms loop=0.80ms full=1.02ms carry=0.26 barrier=climate_input_capacity_day_barrier
[clock/step] delta=6.9ms speed=50x target=0.34d cap=8.00d/f cost=0.67ms ran=0 pulse=0.00ms loop=0.00ms full=0.26ms carry=0.42 barrier=
[clock/step] delta=6.9ms speed=50x target=0.35d cap=8.00d/f cost=0.64ms ran=0 pulse=0.00ms loop=0.00ms full=0.22ms carry=0.63 barrier=
[economy-open-finish] day=1300 country=0.184 workset=0.017 fiscal=0.033 csr=0.005 recovery=0.001 vectors=0.378 audit=0.443 commands=0.001
[economy-prelude-cost] day=1300 ms=1.317 pending=0
[economy-aggregate-cost] day=1300 publish_ms=2.689 native_hash_ms=1.133
[economy-ledger-cost] day=1300 copy_ms=1.120 validate_ms=0.124 hash_ms=0.766 cohorts=256 markets=321600
[economy-boundary-cost] day=1300 formulas_ms=7.437 stages_ms=5.746 mirror_ms=3.662
[runtime-day-cost] day=1300 ok=1 ms=16.342
[clock/step] delta=7.1ms speed=50x target=0.36d cap=3.47d/f cost=2.30ms ran=0 pulse=0.00ms loop=0.00ms full=0.49ms carry=0.46 barrier=
[clock/step] delta=6.9ms speed=50x target=0.34d cap=5.97d/f cost=1.34ms ran=0 pulse=0.00ms loop=0.00ms full=0.26ms carry=0.57 barrier=
[clock/step] delta=6.9ms speed=50x target=0.35d cap=8.00d/f cost=0.66ms ran=0 pulse=0.09ms loop=0.00ms full=0.36ms carry=0.21 barrier=climate_input_capacity_day_barrier
[economy-open-finish] day=1400 country=0.314 workset=0.026 fiscal=0.071 csr=0.005 recovery=0.001 vectors=0.821 audit=0.918 commands=0.001
[economy-prelude-cost] day=1400 ms=2.666 pending=0
[economy-aggregate-cost] day=1400 publish_ms=3.521 native_hash_ms=1.963
[economy-ledger-cost] day=1400 copy_ms=1.488 validate_ms=0.248 hash_ms=1.648 cohorts=256 markets=321600
[economy-boundary-cost] day=1400 formulas_ms=11.763 stages_ms=8.562 mirror_ms=5.766
[runtime-day-cost] day=1400 ok=1 ms=22.622
[clock/step] delta=6.9ms speed=50x target=0.34d cap=6.96d/f cost=1.15ms ran=0 pulse=0.00ms loop=0.00ms full=0.59ms carry=0.82 barrier=
[clock/step] delta=6.9ms speed=50x target=0.35d cap=3.82d/f cost=2.10ms ran=0 pulse=0.10ms loop=0.00ms full=0.41ms carry=0.15 barrier=climate_input_capacity_day_barrier
[economy-open-finish] day=1500 country=0.180 workset=0.018 fiscal=0.037 csr=0.004 recovery=0.001 vectors=0.503 audit=1.216 commands=0.001
[economy-prelude-cost] day=1500 ms=2.491 pending=0
[economy-aggregate-cost] day=1500 publish_ms=2.059 native_hash_ms=0.970
[economy-ledger-cost] day=1500 copy_ms=0.567 validate_ms=0.116 hash_ms=0.895 cohorts=256 markets=321600
[economy-boundary-cost] day=1500 formulas_ms=8.752 stages_ms=5.992 mirror_ms=2.796
[runtime-day-cost] day=1500 ok=1 ms=16.001
[clock/step] delta=6.9ms speed=50x target=0.35d cap=8.00d/f cost=0.70ms ran=0 pulse=0.00ms loop=0.00ms full=0.43ms carry=0.37 barrier=
[clock/step] delta=7.5ms speed=50x target=0.38d cap=6.83d/f cost=1.17ms ran=0 pulse=0.00ms loop=0.00ms full=0.25ms carry=0.81 barrier=
[clock/step] delta=6.9ms speed=50x target=0.34d cap=4.64d/f cost=1.73ms ran=0 pulse=0.00ms loop=0.00ms full=0.33ms carry=1.00 barrier=
[economy-open-finish] day=1600 country=0.179 workset=0.017 fiscal=0.033 csr=0.005 recovery=0.001 vectors=0.498 audit=0.440 commands=0.001
[economy-prelude-cost] day=1600 ms=1.425 pending=0
[economy-aggregate-cost] day=1600 publish_ms=2.677 native_hash_ms=1.163
[economy-ledger-cost] day=1600 copy_ms=0.772 validate_ms=0.241 hash_ms=1.320 cohorts=256 markets=321600
[economy-boundary-cost] day=1600 formulas_ms=8.167 stages_ms=6.481 mirror_ms=4.685
[runtime-day-cost] day=1600 ok=1 ms=15.984
[clock/step] delta=6.9ms speed=50x target=0.34d cap=2.32d/f cost=3.47ms ran=1 pulse=0.00ms loop=3.52ms full=3.76ms carry=0.27 barrier=
[clock/step] delta=6.9ms speed=50x target=0.35d cap=4.34d/f cost=1.84ms ran=0 pulse=0.00ms loop=0.00ms full=0.22ms carry=0.64 barrier=
[clock/step] delta=6.9ms speed=50x target=0.34d cap=8.00d/f cost=0.78ms ran=0 pulse=0.00ms loop=0.00ms full=0.44ms carry=0.64 barrier=
[economy-open-finish] day=1700 country=0.264 workset=0.016 fiscal=0.029 csr=0.005 recovery=0.001 vectors=0.850 audit=0.650 commands=0.001
[economy-prelude-cost] day=1700 ms=2.105 pending=0
[economy-aggregate-cost] day=1700 publish_ms=2.388 native_hash_ms=1.141
[economy-ledger-cost] day=1700 copy_ms=0.792 validate_ms=0.152 hash_ms=0.960 cohorts=256 markets=321600
[economy-boundary-cost] day=1700 formulas_ms=10.329 stages_ms=7.959 mirror_ms=4.155
[runtime-day-cost] day=1700 ok=1 ms=18.658
[clock/step] delta=6.9ms speed=50x target=0.34d cap=8.00d/f cost=0.71ms ran=0 pulse=0.00ms loop=0.00ms full=0.48ms carry=0.68 barrier=
[clock/step] delta=6.9ms speed=50x target=0.35d cap=8.00d/f cost=0.79ms ran=0 pulse=0.00ms loop=0.00ms full=0.47ms carry=0.66 barrier=
[clock/step] delta=6.9ms speed=50x target=0.34d cap=8.00d/f cost=0.77ms ran=0 pulse=0.00ms loop=0.00ms full=0.43ms carry=0.62 barrier=
[clock/step] delta=6.9ms speed=50x target=0.34d cap=8.00d/f cost=0.67ms ran=0 pulse=0.00ms loop=0.00ms full=0.46ms carry=0.53 barrier=
[economy-open-finish] day=1800 country=0.320 workset=0.025 fiscal=0.057 csr=0.004 recovery=0.001 vectors=0.947 audit=0.475 commands=0.001
[economy-prelude-cost] day=1800 ms=2.469 pending=0
[economy-aggregate-cost] day=1800 publish_ms=3.347 native_hash_ms=1.980
[economy-ledger-cost] day=1800 copy_ms=0.900 validate_ms=0.263 hash_ms=1.346 cohorts=256 markets=321600
[economy-boundary-cost] day=1800 formulas_ms=12.184 stages_ms=9.185 mirror_ms=4.999
[runtime-day-cost] day=1800 ok=1 ms=22.525
[clock/step] delta=7.1ms speed=50x target=0.36d cap=3.70d/f cost=2.74ms ran=1 pulse=0.00ms loop=5.05ms full=5.29ms carry=0.30 barrier=
[clock/step] delta=6.9ms speed=50x target=0.35d cap=8.00d/f cost=1.93ms ran=1 pulse=0.00ms loop=6.34ms full=6.71ms carry=0.21 barrier=
[economy-open-finish] day=1900 country=0.173 workset=0.016 fiscal=0.031 csr=0.004 recovery=0.001 vectors=0.447 audit=0.405 commands=0.000
[economy-prelude-cost] day=1900 ms=1.324 pending=0
[clock/step] delta=6.9ms speed=50x target=0.35d cap=8.00d/f cost=0.91ms ran=0 pulse=0.00ms loop=0.00ms full=0.16ms carry=0.49 barrier=
[economy-aggregate-cost] day=1900 publish_ms=2.845 native_hash_ms=1.248
[economy-ledger-cost] day=1900 copy_ms=0.935 validate_ms=0.247 hash_ms=1.365 cohorts=256 markets=321600
[economy-boundary-cost] day=1900 formulas_ms=8.082 stages_ms=6.502 mirror_ms=5.025
[runtime-day-cost] day=1900 ok=1 ms=17.077
[clock/step] delta=6.7ms speed=50x target=0.33d cap=2.13d/f cost=3.75ms ran=0 pulse=0.00ms loop=0.00ms full=0.19ms carry=0.49 barrier=
[clock/step] delta=6.9ms speed=50x target=0.35d cap=5.25d/f cost=1.52ms ran=0 pulse=0.00ms loop=0.00ms full=0.17ms carry=0.63 barrier=
[economy-open-finish] day=2000 country=0.319 workset=0.020 fiscal=0.032 csr=0.005 recovery=0.001 vectors=0.807 audit=0.784 commands=0.001
[economy-prelude-cost] day=2000 ms=2.317 pending=0
[economy-aggregate-cost] day=2000 publish_ms=2.193 native_hash_ms=0.923
[economy-ledger-cost] day=2000 copy_ms=0.374 validate_ms=0.125 hash_ms=0.740 cohorts=256 markets=321600
[economy-boundary-cost] day=2000 formulas_ms=8.454 stages_ms=5.667 mirror_ms=2.651
[runtime-day-cost] day=2000 ok=1 ms=15.108
[clock/step] delta=6.9ms speed=50x target=0.34d cap=2.62d/f cost=3.05ms ran=0 pulse=0.00ms loop=0.00ms full=0.48ms carry=0.74 barrier=
[clock/step] delta=6.9ms speed=50x target=0.34d cap=2.82d/f cost=2.83ms ran=0 pulse=0.00ms loop=0.00ms full=0.35ms carry=0.74 barrier=
[clock/step] delta=6.9ms speed=50x target=0.34d cap=8.00d/f cost=0.80ms ran=0 pulse=0.13ms loop=0.00ms full=0.57ms carry=0.28 barrier=climate_input_capacity_day_barrier
[economy-open-finish] day=2100 country=0.214 workset=0.019 fiscal=0.039 csr=0.005 recovery=0.001 vectors=0.506 audit=1.150 commands=0.001
[economy-prelude-cost] day=2100 ms=2.545 pending=0
[economy-aggregate-cost] day=2100 publish_ms=3.115 native_hash_ms=1.088
[economy-ledger-cost] day=2100 copy_ms=0.630 validate_ms=0.131 hash_ms=0.869 cohorts=256 markets=321600
[economy-boundary-cost] day=2100 formulas_ms=11.076 stages_ms=8.236 mirror_ms=2.961
[runtime-day-cost] day=2100 ok=1 ms=19.330
[clock/step] delta=7.1ms speed=50x target=0.36d cap=1.66d/f cost=4.82ms ran=0 pulse=0.00ms loop=0.00ms full=0.33ms carry=0.46 barrier=
[clock/step] delta=6.9ms speed=50x target=0.35d cap=3.60d/f cost=1.88ms ran=1 pulse=0.00ms loop=0.51ms full=0.70ms carry=0.14 barrier=climate_input_capacity_day_barrier
[clock/step] delta=6.9ms speed=50x target=0.35d cap=5.48d/f cost=1.30ms ran=1 pulse=0.00ms loop=0.68ms full=0.97ms carry=0.33 barrier=climate_input_capacity_day_barrier
[economy-open-finish] day=2200 country=0.190 workset=0.017 fiscal=0.031 csr=0.004 recovery=0.001 vectors=0.473 audit=0.452 commands=0.000
[economy-prelude-cost] day=2200 ms=1.468 pending=0
[economy-aggregate-cost] day=2200 publish_ms=2.042 native_hash_ms=0.927
[economy-ledger-cost] day=2200 copy_ms=0.399 validate_ms=0.120 hash_ms=0.670 cohorts=256 markets=321600
[economy-boundary-cost] day=2200 formulas_ms=7.620 stages_ms=5.858 mirror_ms=2.381
[runtime-day-cost] day=2200 ok=1 ms=13.420
[clock/step] delta=6.9ms speed=50x target=0.34d cap=2.51d/f cost=3.18ms ran=0 pulse=0.18ms loop=0.00ms full=0.62ms carry=0.22 barrier=climate_input_capacity_day_barrier
[clock/step] delta=6.9ms speed=50x target=0.35d cap=8.00d/f cost=0.80ms ran=0 pulse=0.00ms loop=0.00ms full=0.25ms carry=0.60 barrier=
[economy-open-finish] day=2300 country=0.228 workset=0.021 fiscal=0.031 csr=0.005 recovery=0.001 vectors=0.478 audit=0.448 commands=0.000
[economy-prelude-cost] day=2300 ms=1.543 pending=0
[economy-aggregate-cost] day=2300 publish_ms=2.897 native_hash_ms=1.323
[economy-ledger-cost] day=2300 copy_ms=0.705 validate_ms=0.124 hash_ms=0.791 cohorts=256 markets=321600
[economy-boundary-cost] day=2300 formulas_ms=10.097 stages_ms=8.280 mirror_ms=2.888
[runtime-day-cost] day=2300 ok=1 ms=17.463
[clock/step] delta=6.7ms speed=50x target=0.33d cap=2.37d/f cost=3.54ms ran=1 pulse=0.00ms loop=4.19ms full=4.44ms carry=0.08 barrier=
[clock/step] delta=6.9ms speed=50x target=0.34d cap=3.41d/f cost=2.35ms ran=0 pulse=0.12ms loop=0.00ms full=0.47ms carry=0.02 barrier=climate_input_capacity_day_barrier
[clock/step] delta=6.9ms speed=50x target=0.34d cap=3.80d/f cost=2.11ms ran=0 pulse=0.00ms loop=0.00ms full=0.60ms carry=0.91 barrier=
[economy-open-finish] day=2400 country=0.353 workset=0.028 fiscal=0.082 csr=0.005 recovery=0.001 vectors=0.816 audit=0.938 commands=0.002
[economy-prelude-cost] day=2400 ms=2.800 pending=0
[economy-aggregate-cost] day=2400 publish_ms=2.681 native_hash_ms=1.014
[economy-ledger-cost] day=2400 copy_ms=0.666 validate_ms=0.125 hash_ms=0.832 cohorts=256 markets=321600
[economy-boundary-cost] day=2400 formulas_ms=11.299 stages_ms=7.856 mirror_ms=3.669
[runtime-day-cost] day=2400 ok=1 ms=22.035
[clock/step] delta=6.9ms speed=50x target=0.34d cap=8.00d/f cost=0.67ms ran=0 pulse=0.12ms loop=0.00ms full=0.55ms carry=0.25 barrier=climate_input_capacity_day_barrier
