Godot Engine v4.6.2.stable.official.71f334935 - https://godotengine.org

{"building":"adobe_yard","candidate":"","technology":"tech.adobe_making"}
{"building":"advanced_chip_fab","candidate":"","technology":"tech.machine_learning"}
{"building":"agricultural_machinery_plant","candidate":"","technology":"tech.mechanized_agriculture"}
{"building":"aluminum_plant","candidate":"","technology":"tech.specialty_alloys"}
{"building":"atmospheric_engine_workshop","candidate":"","technology":"tech.atmospheric_engine"}
{"building":"automated_farm","candidate":"","technology":"tech.automated_agriculture"}
{"building":"automobiles_plant","candidate":"","technology":"tech.internal_combustion"}
{"building":"autonomous_systems_plant","candidate":"","technology":"tech.autonomous_systems"}
{"building":"bakery","candidate":"","technology":"tech.grain_baking"}
{"building":"bark_paper_workshop","candidate":"","technology":"tech.bark_paper_making"}
{"building":"basic_electrical_equipment_works","candidate":"","technology":"tech.electrification"}
{"building":"basic_semiconductor_fab","candidate":"","technology":"tech.semiconductor_manufacturing"}
{"building":"bast_fiber_camp","candidate":"tech.gathering","candidate_era":"stone","technology":"tech.wild_flax_collection"}
{"building":"batteries_plant","candidate":"","technology":"tech.electronic_control"}
{"building":"bauxite_collector","candidate":"","technology":"tech.deep_geophysics"}
{"building":"beverages_plant","candidate":"","technology":"tech.mass_production"}
{"building":"bloomery","candidate":"","technology":"tech.iron_smelting"}
{"building":"bread_plant","candidate":"","technology":"tech.grain_baking"}
{"building":"brewery","candidate":"","technology":"tech.fermentation"}
{"building":"bricks_plant","candidate":"","technology":"tech.adobe_making"}
{"building":"bronze_tool_workshop","candidate":"","technology":"tech.bronze_casting"}
{"building":"bunded_rice_field","candidate":"","technology":"tech.rice_water_control"}
{"building":"cabinetmaker_workshop","candidate":"","technology":"tech.guild_apprenticeship"}
{"building":"canned_fish_plant","candidate":"","technology":"tech.canning"}
{"building":"canning_workshop","candidate":"","technology":"tech.canning"}
{"building":"cement_plant","candidate":"","technology":"tech.hydraulic_engineering"}
{"building":"charcoal_pit","candidate":"","technology":"tech.charcoal_burning"}
{"building":"chartered_university","candidate":"","technology":"tech.chartered_universities"}
{"building":"classical_academy","candidate":"","technology":"tech.scholarly_academies"}
{"building":"classical_glass_kiln","candidate":"","technology":"tech.early_glassmaking"}
{"building":"classical_masonry_yard","candidate":"","technology":"tech.road_engineering"}
{"building":"classical_public_works","candidate":"","technology":"tech.manuscript_culture"}
{"building":"classical_scriptorium","candidate":"","technology":"tech.writing"}
{"building":"classical_silica_pit","candidate":"","technology":"tech.early_glassmaking"}
{"building":"clay_collector","candidate":"","technology":"tech.clay_preparation"}
{"building":"cloth_plant","candidate":"","technology":"tech.corporate_management"}
{"building":"clothing_plant","candidate":"","technology":"tech.textile_machinery"}
{"building":"coal_adit","candidate":"","technology":"tech.coal_adit_mining"}
{"building":"coal_mine","candidate":"","technology":"tech.coal_mining"}
{"building":"cobbler_shop","candidate":"","technology":"tech.hide_tanning"}
{"building":"coke_ovens","candidate":"","technology":"tech.coke_smelting"}
{"building":"communal_hearth","candidate":"","technology":"tech.fire_control"}
{"building":"composting_yard","candidate":"","technology":"tech.crop_rotation"}
{"building":"computers_plant","candidate":"","technology":"tech.digital_computing"}
{"building":"computing_research_center","candidate":"","technology":"tech.software_engineering"}
{"building":"concrete_plant","candidate":"","technology":"tech.synthetic_materials"}
{"building":"construction_components_plant","candidate":"","technology":"tech.mechanical_workshops"}
{"building":"copper_ore_collector","candidate":"","technology":"tech.copper_ore_roasting"}
{"building":"copper_plant","candidate":"","technology":"tech.advanced_metallurgy"}
{"building":"cottage_weaving","candidate":"","technology":"tech.hand_spinning"}
{"building":"cotton_collector","candidate":"","technology":"tech.estate_plantation_management"}
{"building":"cotton_garden","candidate":"","technology":"tech.cotton_gardening"}
{"building":"cotton_ginning_shelter","candidate":"","technology":"tech.cotton_ginning"}
{"building":"court_tailor","candidate":"","technology":"tech.guild_apprenticeship"}
{"building":"creamery","candidate":"","technology":"tech.dairy_processing"}
{"building":"dairy_products_plant","candidate":"","technology":"tech.cold_chain"}
{"building":"detergent_plant","candidate":"","technology":"tech.scientific_classification"}
{"building":"digital_computer_workshop","candidate":"","technology":"tech.digital_computing"}
{"building":"distillery","candidate":"","technology":"tech.fermentation"}
{"building":"dryland_wheat_field","candidate":"","technology":"tech.dryland_wheat_cultivation"}
{"building":"early_clay_pit","candidate":"","technology":"tech.clay_preparation"}
{"building":"early_copper_mine","candidate":"","technology":"tech.mine_timbering"}
{"building":"early_copper_smelter","candidate":"","technology":"tech.copper_metallurgy"}
{"building":"early_iron_mine","candidate":"","technology":"tech.surface_iron_collection"}
{"building":"early_oil_well","candidate":"","technology":"tech.petroleum_drilling"}
{"building":"early_tin_mine","candidate":"","technology":"tech.mine_timbering"}
{"building":"early_tin_smelter","candidate":"","technology":"tech.bronze_casting"}
{"building":"edible_oil_plant","candidate":"","technology":"tech.crop_rotation"}
{"building":"electric_motor_plant","candidate":"","technology":"tech.electric_motors"}
{"building":"electrical_equipment_plant","candidate":"","technology":"tech.electrification"}
{"building":"electricity_plant","candidate":"","technology":"tech.electric_generation"}
{"building":"electrochemical_works","candidate":"","technology":"tech.electrochemistry"}
{"building":"electronic_components_plant","candidate":"","technology":"tech.radio"}
{"building":"engines_plant","candidate":"","technology":"tech.internal_combustion"}
{"building":"estate_paddy","candidate":"","technology":"tech.estate_paddy_management"}
{"building":"explosives_plant","candidate":"","technology":"tech.gunpowder_weapons"}
{"building":"felt_making_tent","candidate":"tech.wool_husbandry","candidate_era":"agrarian","technology":"tech.felt_making"}
{"building":"fertile_soil_collector","candidate":"","technology":"tech.household_landholding"}
{"building":"fertilizer_plant","candidate":"","technology":"tech.synthetic_fertilizer"}
{"building":"fine_clothing_plant","candidate":"","technology":"tech.corporate_management"}
{"building":"fine_furniture_plant","candidate":"","technology":"tech.managerial_hierarchy"}
{"building":"fired_brick_kiln","candidate":"","technology":"tech.kiln_firing"}
{"building":"flax_collector","candidate":"","technology":"tech.flax_retting"}
{"building":"flax_retting_pit","candidate":"tech.wild_flax_collection","candidate_era":"stone","technology":"tech.flax_retting"}
{"building":"flint_quarry","candidate":"","technology":"tech.stone_knapping"}
{"building":"flood_calendar_shrine","candidate":"tech.reed_harvesting","candidate_era":"stone","technology":"tech.flood_calendar_practice"}
{"building":"floodplain_maize_plot","candidate":"","technology":"tech.flood_recession_maize"}
{"building":"floodplain_wheat_plot","candidate":"","technology":"tech.flood_recession_wheat"}
{"building":"footwear_plant","candidate":"","technology":"tech.interchangeable_parts"}
{"building":"furniture_plant","candidate":"","technology":"tech.managerial_hierarchy"}
{"building":"gas_power_plant","candidate":"","technology":"tech.electric_generation"}
{"building":"gathering_ground","candidate":"tech.deadwood_collection","candidate_era":"stone","technology":"tech.gathering"}
{"building":"glass_plant","candidate":"","technology":"tech.industrial_chemistry"}
{"building":"gold_mine","candidate":"","technology":"tech.shaft_sinking"}
{"building":"gold_washing_refinery","candidate":"","technology":"tech.weights_and_measures"}
{"building":"goldsmith_workshop","candidate":"","technology":"tech.currency"}
{"building":"guild_hall","candidate":"","technology":"tech.guild_organization"}
{"building":"guild_weaving_house","candidate":"","technology":"tech.loom_weaving"}
{"building":"hide_scraping_shelter","candidate":"tech.hunting","candidate_era":"stone","technology":"tech.hide_scraping"}
{"building":"highland_tuber_plot","candidate":"","technology":"tech.highland_tuber_farming"}
{"building":"horse_breeder","candidate":"","technology":"tech.horse_domestication"}
{"building":"horse_breeding_camp","candidate":"","technology":"tech.horse_domestication"}
{"building":"household_appliances_plant","candidate":"","technology":"tech.assembly_line"}
{"building":"household_loom","candidate":"","technology":"tech.weaving"}
{"building":"household_weaving_shelter","candidate":"","technology":"tech.fiber_twisting"}
{"building":"hydropower_station","candidate":"","technology":"tech.water_power"}
{"building":"improved_domestic_loom","candidate":"","technology":"tech.mechanical_workshops"}
{"building":"improved_smallholding","candidate":"","technology":"tech.agricultural_improvement"}
{"building":"industrial_chemicals_plant","candidate":"","technology":"tech.industrial_chemistry"}
{"building":"industrial_machinery_plant","candidate":"","technology":"tech.factory_system"}
{"building":"industrial_research_laboratory","candidate":"","technology":"tech.public_education"}
{"building":"industrial_salt_mine","candidate":"","technology":"tech.mine_drainage"}
{"building":"insulated_cable_plant","candidate":"","technology":"tech.electric_grid"}
{"building":"intensive_farm","candidate":"","technology":"tech.industrial_agronomy"}
{"building":"iron_ore_collector","candidate":"","technology":"tech.iron_ore_identification"}
{"building":"iron_tool_workshop","candidate":"","technology":"tech.iron_smelting"}
{"building":"jewelry_plant","candidate":"","technology":"tech.industrial_statistics"}
{"building":"knapping_workshop","candidate":"","technology":"tech.composite_tools"}
{"building":"landed_estate","candidate":"","technology":"tech.estate_cereal_management"}
{"building":"latex_smoking_shelter","candidate":"","technology":"tech.latex_smoke_coagulation"}
{"building":"lead_ore_collector","candidate":"","technology":"tech.mine_ventilation"}
{"building":"lead_plant","candidate":"","technology":"tech.deep_geophysics"}
{"building":"learned_society","candidate":"","technology":"tech.learned_societies"}
{"building":"leather_plant","candidate":"","technology":"tech.interchangeable_parts"}
{"building":"lime_plant","candidate":"","technology":"tech.masonry"}
{"building":"limestone_collector","candidate":"","technology":"tech.canal_engineering"}
{"building":"lorekeeper_circle","candidate":"","technology":"tech.oral_tradition"}
{"building":"lubricants_plant","candidate":"","technology":"tech.industrial_ecology"}
{"building":"lumber_plant","candidate":"","technology":"tech.timber_sawing"}
{"building":"machine_intelligence_institute","candidate":"","technology":"tech.machine_learning"}
{"building":"machine_parts_plant","candidate":"","technology":"tech.machine_tools"}
{"building":"maize_garden","candidate":"","technology":"tech.maize_garden_horticulture"}
{"building":"manganese_ore_collector","candidate":"","technology":"tech.mechanized_mining"}
{"building":"manorial_pasture","candidate":"","technology":"tech.pastoral_networks"}
{"building":"mechanized_farm","candidate":"","technology":"tech.mechanical_reaping"}
{"building":"mechanized_slaughterhouse","candidate":"","technology":"tech.meat_processing"}
{"building":"medicinal_herbs_collector","candidate":"","technology":"tech.commercial_estates"}
{"building":"merchant_post","candidate":"","technology":"tech.communal_specialization"}
{"building":"method_agricultural_machinery_plant_r9","candidate":"","technology":"tech.precision_agriculture"}
{"building":"method_aluminum_plant_r10","candidate":"","technology":"tech.autonomous_labor_coordination"}
{"building":"method_automated_port","candidate":"","technology":"tech.automated_logistics"}
{"building":"method_automobiles_plant_r10","candidate":"","technology":"tech.robotic_manufacturing"}
{"building":"method_autonomous_forestry","candidate":"","technology":"tech.scientific_agents"}
{"building":"method_autonomous_shipping","candidate":"","technology":"tech.autonomous_logistics"}
{"building":"method_batteries_plant_r10","candidate":"","technology":"tech.smart_grid"}
{"building":"method_bauxite_collector_r9","candidate":"","technology":"tech.mineral_spectral_survey"}
{"building":"method_bricks_plant_r6","candidate":"","technology":"tech.industrial_organization"}
{"building":"method_cement_plant_r9","candidate":"","technology":"tech.hydraulic_engineering"}
{"building":"method_coke_ovens_r9","candidate":"","technology":"tech.digital_control"}
{"building":"method_concrete_plant_r9","candidate":"","technology":"tech.sensor_networks"}
{"building":"method_cotton_collector_r6","candidate":"","technology":"tech.mechanical_threshing"}
{"building":"method_detergent_plant_r10","candidate":"","technology":"tech.scientific_classification"}
{"building":"method_edible_oil_plant_r6","candidate":"","technology":"tech.agricultural_improvement"}
{"building":"method_electric_motor_plant_r10","candidate":"","technology":"tech.electric_motors"}
{"building":"method_electronic_components_plant_r10","candidate":"","technology":"tech.distributed_intelligence"}
{"building":"method_engines_plant_r10","candidate":"","technology":"tech.robotic_manufacturing"}
{"building":"method_explosives_plant_r10","candidate":"","technology":"tech.gunpowder_weapons"}
{"building":"method_explosives_plant_r8","candidate":"","technology":"tech.industrial_quality_control"}
{"building":"method_flax_collector_r3","candidate":"","technology":"tech.seed_selection"}
{"building":"method_flax_collector_r5","candidate":"","technology":"tech.crop_breeding"}
{"building":"method_flint_quarry_r1","candidate":"","technology":"tech.stone_knapping"}
{"building":"method_forest_remote_sensing","candidate":"","technology":"tech.satellite_observation"}
{"building":"method_gathering_ground_r1","candidate":"","technology":"tech.permanent_settlements"}
{"building":"method_highland_precision_agriculture","candidate":"","technology":"tech.biotechnology"}
{"building":"method_household_appliances_plant_r10","candidate":"","technology":"tech.human_machine_collaboration"}
{"building":"method_industrial_machinery_plant_r9","candidate":"","technology":"tech.factory_system"}
{"building":"method_insulated_cable_plant_r10","candidate":"","technology":"tech.electric_grid"}
{"building":"method_landed_estate_r6","candidate":"","technology":"tech.mechanical_reaping"}
{"building":"method_lead_ore_collector_r9","candidate":"","technology":"tech.geological_prospecting"}
{"building":"method_lead_plant_r9","candidate":"","technology":"tech.open_science_networks"}
{"building":"method_lime_plant_r6","candidate":"","technology":"tech.industrial_organization"}
{"building":"method_limestone_collector_r6","candidate":"","technology":"tech.learned_societies"}
{"building":"method_lubricants_plant_r9","candidate":"","technology":"tech.industrial_ecology"}
{"building":"method_lumber_plant_r2","candidate":"","technology":"tech.timber_sawing"}
{"building":"method_lumber_plant_r4","candidate":"","technology":"tech.forest_management"}
{"building":"method_machine_parts_plant_r9","candidate":"","technology":"tech.digital_control"}
{"building":"method_manganese_ore_collector_r10","candidate":"","technology":"tech.mechanized_mining"}
{"building":"method_marine_fish_collector_r2","candidate":"","technology":"tech.fishing_boats"}
{"building":"method_marine_fish_collector_r4","candidate":"","technology":"tech.oceanic_provisioning"}
{"building":"method_medicinal_herbs_collector_r7","candidate":"","technology":"tech.modern_medicine"}
{"building":"method_natural_gas_collector_r10","candidate":"","technology":"tech.petrochemical_cracking"}
{"building":"method_nuclear_fuel_plant_r10","candidate":"","technology":"tech.nuclear_fuel_cycle"}
{"building":"method_oceanic_shipyard_r7","candidate":"","technology":"tech.industrial_statistics"}
{"building":"method_packaging_plant_r7","candidate":"","technology":"tech.standardization"}
{"building":"method_petrochemicals_plant_r10","candidate":"","technology":"tech.petrochemical_industry"}
{"building":"method_phosphate_rock_collector_r9","candidate":"","technology":"tech.industrial_agronomy"}
{"building":"method_plastics_plant_r10","candidate":"","technology":"tech.plastics_engineering"}
{"building":"method_potato_collector_r6","candidate":"","technology":"tech.mechanical_threshing"}
{"building":"method_pottery_kiln_r3","candidate":"","technology":"tech.pottery"}
{"building":"method_precision_tool_workshop_r10","candidate":"","technology":"tech.human_machine_collaboration"}
{"building":"method_precision_tool_workshop_r8","candidate":"","technology":"tech.precision_engineering"}
{"building":"method_printed_materials_plant_r7","candidate":"","technology":"tech.standardization"}
{"building":"method_radio_equipment_works_r10","candidate":"","technology":"tech.distributed_intelligence"}
{"building":"method_rare_earth_collector_r10","candidate":"","technology":"tech.geographic_information_systems"}
{"building":"method_rare_earth_metals_plant_r10","candidate":"","technology":"tech.systems_engineering"}
{"building":"method_reactor_component_works_r10","candidate":"","technology":"tech.autonomous_systems"}
{"building":"method_refined_fuel_plant_r10","candidate":"","technology":"tech.petroleum_refining"}
{"building":"method_rice_collector_r3","candidate":"","technology":"tech.rice_paddy_cultivation"}
{"building":"method_rice_collector_r5","candidate":"","technology":"tech.crop_breeding"}
{"building":"method_rubber_tree_collector_r6","candidate":"","technology":"tech.motorized_agriculture"}
{"building":"method_saltpeter_collector_r10","candidate":"","technology":"tech.autonomous_mining"}
{"building":"method_saltpeter_collector_r8","candidate":"","technology":"tech.coal_geology"}
{"building":"method_scientific_instrument_works_r10","candidate":"","technology":"tech.industrial_research"}
{"building":"method_scientific_instrument_works_r8","candidate":"","technology":"tech.industrial_quality_control"}
{"building":"method_smart_husbandry","candidate":"","technology":"tech.modern_husbandry"}
{"building":"method_soap_plant_r6","candidate":"","technology":"tech.urban_sanitation"}
{"building":"method_specialty_commodity_plantation","candidate":"","technology":"tech.commodity_crop_management"}
{"building":"method_spice_plants_collector_r6","candidate":"","technology":"tech.motorized_agriculture"}
{"building":"method_stainless_steel_plant_r10","candidate":"","technology":"tech.autonomous_labor_coordination"}
{"building":"method_steam_engine_works_r9","candidate":"","technology":"tech.steam_power"}
{"building":"method_steam_shipping","candidate":"","technology":"tech.coastal_shipyards"}
{"building":"method_stone_age_hunting_camp_r4","candidate":"","technology":"tech.animal_tracking"}
{"building":"method_stone_collector_r2","candidate":"","technology":"tech.canal_engineering"}
{"building":"method_stone_collector_r4","candidate":"","technology":"tech.road_engineering"}
{"building":"method_sulfur_collector_r10","candidate":"","technology":"tech.autonomous_mining"}
{"building":"method_sulfur_collector_r8","candidate":"","technology":"tech.coal_geology"}
{"building":"method_synthetic_fiber_plant_r10","candidate":"","technology":"tech.algorithmic_management"}
{"building":"method_synthetic_rubber_plant_r10","candidate":"","technology":"tech.algorithmic_management"}
{"building":"method_timber_collector_r2","candidate":"","technology":"tech.composite_tools"}
{"building":"method_timber_collector_r4","candidate":"","technology":"tech.forest_management"}
{"building":"method_wheat_farm_r3","candidate":"","technology":"tech.intensive_crop_rotation"}
{"building":"method_wheat_farm_r5","candidate":"","technology":"tech.seed_selection"}
{"building":"method_wire_plant_r10","candidate":"","technology":"tech.electromagnetic_induction"}
{"building":"method_wool_shed_r3","candidate":"","technology":"tech.loom_weaving"}
{"building":"method_wool_shed_r5","candidate":"","technology":"tech.wool_husbandry"}
{"building":"method_zinc_ore_collector_r9","candidate":"","technology":"tech.geographic_information_systems"}
{"building":"method_zinc_plant_r9","candidate":"","technology":"tech.open_science_networks"}
{"building":"monastic_scriptorium","candidate":"","technology":"tech.manuscript_culture"}
{"building":"movable_type_print_shop","candidate":"","technology":"tech.movable_type_printing"}
{"building":"national_laboratory","candidate":"","technology":"tech.national_laboratories"}
{"building":"natural_copper_workshop","candidate":"","technology":"tech.natural_copper_working"}
{"building":"natural_gas_collector","candidate":"","technology":"tech.petrochemical_cracking"}
{"building":"nuclear_fuel_plant","candidate":"","technology":"tech.nuclear_fission"}
{"building":"nuclear_medicine_center","candidate":"","technology":"tech.nuclear_fission"}
{"building":"nuclear_power_plant","candidate":"","technology":"tech.nuclear_energy"}
{"building":"oceanic_shipyard","candidate":"","technology":"tech.oceanic_navigation"}
{"building":"oil_collector","candidate":"","technology":"tech.petroleum_extraction"}
{"building":"oil_power_plant","candidate":"","technology":"tech.petroleum_drilling"}
{"building":"open_pottery_hearth","candidate":"","technology":"tech.hand_pottery"}
{"building":"oral_memory_circle","candidate":"tech.deadwood_collection","candidate_era":"stone","technology":"tech.oral_memory_practice"}
{"building":"ore_bronzesmith_camp","candidate":"","technology":"tech.copper_annealing"}
{"building":"packaging_plant","candidate":"","technology":"tech.screw_press_printing"}
{"building":"paper_plant","candidate":"","technology":"tech.mechanized_printing"}
{"building":"parchment_workshop","candidate":"","technology":"tech.parchment_making"}
{"building":"pastoral_camp","candidate":"","technology":"tech.herd_management"}
{"building":"pastoral_council_tent","candidate":"tech.turf_cutting","candidate_era":"stone","technology":"tech.pastoral_route_memory"}
{"building":"petrochemicals_plant","candidate":"","technology":"tech.petrochemical_industry"}
{"building":"pharmaceuticals_plant","candidate":"","technology":"tech.modern_medicine"}
{"building":"phosphate_rock_collector","candidate":"","technology":"tech.fertilizer_processing"}
{"building":"plant_fiber_paper_workshop","candidate":"","technology":"tech.plant_fiber_papermaking"}
{"building":"plastics_plant","candidate":"","technology":"tech.plastics_engineering"}
{"building":"polytechnic_institute","candidate":"","technology":"tech.public_education"}
{"building":"potato_collector","candidate":"","technology":"tech.ridge_tuber_cultivation"}
{"building":"pottery_kiln","candidate":"","technology":"tech.kiln_firing"}
{"building":"precision_farm","candidate":"","technology":"tech.precision_agriculture"}
{"building":"precision_tool_workshop","candidate":"","technology":"tech.precision_engineering"}
{"building":"primitive_clay_pit","candidate":"","technology":"tech.earth_building"}
{"building":"primitive_gold_sluice","candidate":"","technology":"tech.gold_placer_identification"}
{"building":"printed_materials_plant","candidate":"","technology":"tech.screw_press_printing"}
{"building":"printing_academy","candidate":"","technology":"tech.chartered_universities"}
{"building":"processed_food_plant","candidate":"","technology":"tech.cold_chain"}
{"building":"radio_equipment_works","candidate":"","technology":"tech.radio"}
{"building":"rag_paper_workshop","candidate":"","technology":"tech.rag_paper_making"}
{"building":"railway_equipment_plant","candidate":"","technology":"tech.rail_logistics"}
{"building":"rainfed_maize_field","candidate":"","technology":"tech.rainfed_maize_cultivation"}
{"building":"rainfed_wheat_plot","candidate":"","technology":"tech.rainfed_wheat_cultivation"}
{"building":"ranching_station","candidate":"","technology":"tech.pastoral_networks"}
{"building":"rare_earth_collector","candidate":"","technology":"tech.mineral_spectral_survey"}
{"building":"rare_earth_metals_plant","candidate":"","technology":"tech.systems_engineering"}
{"building":"reactor_component_works","candidate":"","technology":"tech.nuclear_energy"}
{"building":"refined_fuel_plant","candidate":"","technology":"tech.petroleum_refining"}
{"building":"rice_collector","candidate":"","technology":"tech.wetland_rice_gardening"}
{"building":"rubber_tapping_camp","candidate":"","technology":"tech.wild_latex_tapping"}
{"building":"rubber_tree_collector","candidate":"","technology":"tech.commodity_crop_management"}
{"building":"salt_collector","candidate":"","technology":"tech.salt_preservation"}
{"building":"saltpeter_collector","candidate":"","technology":"tech.gunpowder_formulation"}
{"building":"scientific_instrument_works","candidate":"","technology":"tech.industrial_research"}
{"building":"scribal_school","candidate":"","technology":"tech.record_keeping"}
{"building":"seasonal_observation_shelter","candidate":"tech.deadwood_collection","candidate_era":"stone","technology":"tech.phenology_observation"}
{"building":"semiconductors_plant","candidate":"","technology":"tech.semiconductor_manufacturing"}
{"building":"shallow_silver_working","candidate":"","technology":"tech.silver_vein_identification"}
{"building":"sharecrop_paddy","candidate":"","technology":"tech.tenant_paddy_management"}
{"building":"silica_sand_collector","candidate":"","technology":"tech.geological_prospecting"}
{"building":"silver_fire_assay_hearth","candidate":"","technology":"tech.weights_and_measures"}
{"building":"silver_mine","candidate":"","technology":"tech.shaft_sinking"}
{"building":"slaughterhouse","candidate":"","technology":"tech.meat_processing"}
{"building":"small_game_trapline","candidate":"tech.fur_sewing","candidate_era":"stone","technology":"tech.animal_tracking"}
{"building":"smart_water_network","candidate":"","technology":"tech.algorithmic_governance"}
{"building":"soap_plant","candidate":"","technology":"tech.urban_sanitation"}
{"building":"solar_salt_pan","candidate":"tech.adobe_making","candidate_era":"agrarian","technology":"tech.salt_preservation"}
{"building":"spice_plants_collector","candidate":"","technology":"tech.estate_plantation_management"}
{"building":"spice_shade_garden","candidate":"","technology":"tech.spice_shade_gardening"}
{"building":"stainless_steel_plant","candidate":"","technology":"tech.specialty_alloys"}
{"building":"staple_food_plant","candidate":"","technology":"tech.mass_production"}
{"building":"staple_kitchen","candidate":"","technology":"tech.hearth_preservation"}
{"building":"steam_coal_mine","candidate":"","technology":"tech.steam_pumping"}
{"building":"steam_engine_works","candidate":"","technology":"tech.steam_power"}
{"building":"steam_iron_mine","candidate":"","technology":"tech.steam_pumping"}
{"building":"steam_rail_works","candidate":"","technology":"tech.rail_logistics"}
{"building":"steam_steel_works","candidate":"","technology":"tech.blast_furnace"}
{"building":"steel_plant","candidate":"","technology":"tech.coke_smelting"}
{"building":"stone_age_hunting_camp","candidate":"","technology":"tech.hunting"}
{"building":"stone_collector","candidate":"","technology":"tech.ground_stone_tools"}
{"building":"subsistence_farm","candidate":"","technology":"tech.household_landholding"}
{"building":"sulfur_collector","candidate":"","technology":"tech.gunpowder_formulation"}
{"building":"surface_coal_gathering","candidate":"","technology":"tech.surface_coal_collection"}
{"building":"swidden_maize_plot","candidate":"","technology":"tech.swidden_maize_cultivation"}
{"building":"synthetic_fiber_plant","candidate":"","technology":"tech.synthetic_fiber_engineering"}
{"building":"synthetic_rubber_plant","candidate":"","technology":"tech.synthetic_materials"}
{"building":"synthetic_textile_mill","candidate":"","technology":"tech.synthetic_fiber_engineering"}
{"building":"tailor_shop","candidate":"","technology":"tech.guild_organization"}
{"building":"tannery","candidate":"","technology":"tech.hide_tanning"}
{"building":"telecom_equipment_plant","candidate":"","technology":"tech.networked_computing"}
{"building":"tenant_paddy","candidate":"","technology":"tech.tenant_paddy_management"}
{"building":"tenant_rainfed_maize_field","candidate":"","technology":"tech.tenant_cereal_farming"}
{"building":"tenant_rainfed_wheat_field","candidate":"","technology":"tech.tenant_cereal_farming"}
{"building":"textile_mill","candidate":"","technology":"tech.textile_machinery"}
{"building":"three_field_smallholding","candidate":"","technology":"tech.intensive_crop_rotation"}
{"building":"tide_observation_hut","candidate":"tech.reed_harvesting","candidate_era":"stone","technology":"tech.tide_observation"}
{"building":"timber_collector","candidate":"","technology":"tech.deadwood_collection"}
{"building":"tin_ore_collector","candidate":"","technology":"tech.mine_drainage"}
{"building":"tin_plant","candidate":"","technology":"tech.advanced_metallurgy"}
{"building":"tools_plant","candidate":"","technology":"tech.machine_tools"}
{"building":"upland_rice_plot","candidate":"","technology":"tech.upland_rice_propagation"}
{"building":"watershed_governance_center","candidate":"","technology":"tech.hydrological_remote_sensing"}
{"building":"wetland_rice_garden","candidate":"","technology":"tech.wetland_rice_gardening"}
{"building":"wheat_farm","candidate":"","technology":"tech.rainfed_wheat_cultivation"}
{"building":"wild_maize_stand","candidate":"","technology":"tech.wild_maize_collection"}
{"building":"wild_rice_marsh","candidate":"","technology":"tech.wild_rice_collection"}
{"building":"wild_tuber_patch","candidate":"tech.gathering","candidate_era":"stone","technology":"tech.wild_tuber_collection"}
{"building":"wild_wheat_stand","candidate":"","technology":"tech.wild_wheat_collection"}
{"building":"wire_plant","candidate":"","technology":"tech.electromagnetic_induction"}
{"building":"woodblock_printing_house","candidate":"","technology":"tech.woodblock_printing"}
{"building":"wool_shed","candidate":"","technology":"tech.wool_husbandry"}
{"building":"zinc_ore_collector","candidate":"","technology":"tech.mine_ventilation"}
{"building":"zinc_plant","candidate":"","technology":"tech.electrochemistry"}
CANDIDATES existing=13 missing=323 total=336
ERROR: 10 RID allocations of type 'PN13RendererDummy14TextureStorage12DummyTextureE' were leaked at exit.
ERROR: 1 RID allocations of type 'PN18TextServerAdvanced12FontAdvancedE' were leaked at exit.
WARNING: ObjectDB instances leaked at exit (run with --verbose for details).
   at: cleanup (core/object/object.cpp:2641)
ERROR: 250 resources still in use at exit (run with --verbose for details).
   at: clear (core/io/resource.cpp:810)
