Godot Engine v4.6.2.stable.official.71f334935 - https://godotengine.org

[native_generation/base] path=gdext algorithm=post_base_priority_flood_hydrology_v3 n=2400 native_ms=7.598 water=1862 land=538
[native_generation/post_base] path=gdext algorithm=post_base_priority_flood_hydrology_v3 n=2400 native_ms=1.288 lakes=18 rivers=58 volcanoes=0
[native_generation/vegetation] native_ms=0.421 candidates=542 none=1394 score=[0.000,1.577,1.126] plant_water_land=542 river_adjacent_desert=0 coastal_highland_desert=0 terrain_weight=[0.180,1.200]
[native_generation/qa] single_water=0 tiny<=3=0 small<=5=0 bodies=2 largest=1840 | land_below_sea=0.0% | terr_distinct=20 entropy=2.690bit | river_ratio=2.417%
MapGenerator v7: per-cell 83ms (2400 cells, path=gdext)
MapBaker v6: hm=(1024, 606) seed=20260718
    [fused] terrain=75.7ms erosion=2.3ms(ok=true) river=12.9ms(ok=true) latitude=0.1ms coast_sdf=4.0ms(ok=true)
  geometry fields (fused C++): 169ms
  physical circulation hex solve: deferred until DCWorldExt bind (ext=true idx=true soa=false)
  wind/ocean pixel buffers: skipped (ocean_current_visual off)
  visual tiles: {"degradation_reason":"","effective_budget_px":1335168,"effective_texels_per_hex":14.1134163904991,"effective_world_units_per_texel":"(1.561685, 1.555921)","estimated_peak_bytes":52958880,"estimated_resident_bytes":31232160,"fallback_reason":"","generation_id":1,"grid_size":"(3, 2)","gutter_px":2,"hex_size":22.0,"horizon_path":"neutral_pending","interior_size":"(488, 456)","layer_size":"(492, 460)","layers":[{"bake_ms":79.3324,"coast_sdf_max_dist_px":12.00627660199,"distance_scale":1.50078457524874,"edge_distance_saturate_hex":0.9,"edge_distance_units":"normalized_hex_center_gap","hashes":{"edge_distance":4809576936576702496,"edge_neighbor":5033830355952244222,"height":1634753532906559984,"map_index":-4749242298856639444,"terrain_detail":-527209568685348790,"terrain_normal":6785979882941606850,"water_depth":2710667249479345735},"layer":0,"normal_radius_px":"(6, 6)","raster_scale":"(1.49663, 1.504951)","river_sdf_max_dist_px":5.25274601337061,"shore_carve_band_px":9,"upload_ms":0.127,"wall_ms":79.996},{"bake_ms":140.8085,"coast_sdf_max_dist_px":12.00627660199,"distance_scale":1.50078457524874,"edge_distance_saturate_hex":0.9,"edge_distance_units":"normalized_hex_center_gap","hashes":{"edge_distance":-4944542177132380245,"edge_neighbor":-5580033565972202832,"height":-784321884670928131,"map_index":-3158768028260781369,"terrain_detail":-4696097647903342355,"terrain_normal":-2853674528586280728,"water_depth":-8733389856136913690},"layer":1,"normal_radius_px":"(6, 6)","raster_scale":"(1.49663, 1.504951)","river_sdf_max_dist_px":5.25274601337061,"shore_carve_band_px":9,"upload_ms":0.069,"wall_ms":141.079},{"bake_ms":87.9701,"coast_sdf_max_dist_px":12.00627660199,"distance_scale":1.50078457524874,"edge_distance_saturate_hex":0.9,"edge_distance_units":"normalized_hex_center_gap","hashes":{"edge_distance":-7113321575773808007,"edge_neighbor":7363092130234403072,"height":-6381791662331691764,"map_index":-796549412013953837,"terrain_detail":-1190099855430554837,"terrain_normal":-1785117454439334561,"water_depth":-4709406421276148165},"layer":2,"normal_radius_px":"(6, 6)","raster_scale":"(1.49663, 1.504951)","river_sdf_max_dist_px":5.25274601337061,"shore_carve_band_px":9,"upload_ms":0.112,"wall_ms":88.306},{"bake_ms":68.9913,"coast_sdf_max_dist_px":12.00627660199,"distance_scale":1.50078457524874,"edge_distance_saturate_hex":0.9,"edge_distance_units":"normalized_hex_center_gap","hashes":{"edge_distance":-5985194981240535560,"edge_neighbor":-8067721953636163253,"height":9065987389814934248,"map_index":5499758357649954721,"terrain_detail":-792730810062371163,"terrain_normal":629482225110071368,"water_depth":-8776584072954209725},"layer":3,"normal_radius_px":"(6, 6)","raster_scale":"(1.49663, 1.504951)","river_sdf_max_dist_px":5.25274601337061,"shore_carve_band_px":9,"upload_ms":0.073,"wall_ms":69.293},{"bake_ms":124.9719,"coast_sdf_max_dist_px":12.00627660199,"distance_scale":1.50078457524874,"edge_distance_saturate_hex":0.9,"edge_distance_units":"normalized_hex_center_gap","hashes":{"edge_distance":-762959396215433750,"edge_neighbor":-2459932727478341115,"height":-5072777641868409599,"map_index":-4944115490272401672,"terrain_detail":8449629385176654140,"terrain_normal":-6930515729824033763,"water_depth":-3492043780191514495},"layer":4,"normal_radius_px":"(6, 6)","raster_scale":"(1.49663, 1.504951)","river_sdf_max_dist_px":5.25274601337061,"shore_carve_band_px":9,"upload_ms":0.072,"wall_ms":125.23},{"bake_ms":85.6933,"coast_sdf_max_dist_px":12.00627660199,"distance_scale":1.50078457524874,"edge_distance_saturate_hex":0.9,"edge_distance_units":"normalized_hex_center_gap","hashes":{"edge_distance":5529993885459452346,"edge_neighbor":4265412821553449637,"height":-9163998508333420264,"map_index":7299484139289672216,"terrain_detail":-293019172935014828,"terrain_normal":-5696630331620964150,"water_depth":-4697355103535655339},"layer":5,"normal_radius_px":"(6, 6)","raster_scale":"(1.49663, 1.504951)","river_sdf_max_dist_px":5.25274601337061,"shore_carve_band_px":9,"upload_ms":0.068,"wall_ms":85.959}],"logical_size":"(1464, 912)","mode":"tiled","path":"visual_tiled_static","profile":"desktop_auto","renderer":"mobile","requested_budget_px":1313865,"requested_texels_per_hex":14.0,"requested_tile_world_span":"(804.5714, 804.5714)","requested_world_units_per_texel":1.57142857142857,"tile_world_area":540711.621551514,"tile_world_span":"(762.1024, 709.5)","total_ms":591.326,"visual_domain":"[P: (0.0, -44.0), S: (2286.307, 1419.0)]","wrap_period_x":2286.30706599092,"wrap_x":true}
WARNING: Loaded resource as image file, this will not work on export: 'res://assets/textures/terrain_materials/organic.png'. Instead, import the image file as an Image resource and load it normally as a resource.
   at: load (core/io/image.cpp:2756)
   GDScript backtrace (most recent call first):
       [0] _build_terrain_material_tex (res://scripts/rendering/map_baker.gd:359)
       [1] get_or_build_shared_terrain_material_tex (res://scripts/rendering/map_baker.gd:342)
       [2] bake_world (res://scripts/rendering/map_baker.gd:1175)
       [3] generate (res://scripts/geography/map_generator.gd:1383)
       [4] generate_world (res://scripts/game/world_runtime_host.gd:278)
       [5] _run (res://tests/headless_perf_record.gd:179)
       [6] _init (res://tests/headless_perf_record.gd:25)
WARNING: Loaded resource as image file, this will not work on export: 'res://assets/textures/terrain_materials/dry_sand.png'. Instead, import the image file as an Image resource and load it normally as a resource.
   at: load (core/io/image.cpp:2756)
   GDScript backtrace (most recent call first):
       [0] _build_terrain_material_tex (res://scripts/rendering/map_baker.gd:359)
       [1] get_or_build_shared_terrain_material_tex (res://scripts/rendering/map_baker.gd:342)
       [2] bake_world (res://scripts/rendering/map_baker.gd:1175)
       [3] generate (res://scripts/geography/map_generator.gd:1383)
       [4] generate_world (res://scripts/game/world_runtime_host.gd:278)
       [5] _run (res://tests/headless_perf_record.gd:179)
       [6] _init (res://tests/headless_perf_record.gd:25)
WARNING: Loaded resource as image file, this will not work on export: 'res://assets/textures/terrain_materials/rock.png'. Instead, import the image file as an Image resource and load it normally as a resource.
   at: load (core/io/image.cpp:2756)
   GDScript backtrace (most recent call first):
       [0] _build_terrain_material_tex (res://scripts/rendering/map_baker.gd:359)
       [1] get_or_build_shared_terrain_material_tex (res://scripts/rendering/map_baker.gd:342)
       [2] bake_world (res://scripts/rendering/map_baker.gd:1175)
       [3] generate (res://scripts/geography/map_generator.gd:1383)
       [4] generate_world (res://scripts/game/world_runtime_host.gd:278)
       [5] _run (res://tests/headless_perf_record.gd:179)
       [6] _init (res://tests/headless_perf_record.gd:25)
WARNING: Loaded resource as image file, this will not work on export: 'res://assets/textures/terrain_materials/snow_wet.png'. Instead, import the image file as an Image resource and load it normally as a resource.
   at: load (core/io/image.cpp:2756)
   GDScript backtrace (most recent call first):
       [0] _build_terrain_material_tex (res://scripts/rendering/map_baker.gd:359)
       [1] get_or_build_shared_terrain_material_tex (res://scripts/rendering/map_baker.gd:342)
       [2] bake_world (res://scripts/rendering/map_baker.gd:1175)
       [3] generate (res://scripts/geography/map_generator.gd:1383)
       [4] generate_world (res://scripts/game/world_runtime_host.gd:278)
       [5] _run (res://tests/headless_perf_record.gd:179)
       [6] _init (res://tests/headless_perf_record.gd:25)
  cell LUT encode: deferred until DCWorldExt bind
  encode: 3490ms
MapBaker v6: total 3659ms
MapGenerator v7: bake 3686ms
MapGenerator: skip _compute_ocean_currents (physical-hex path writes per-cell directly)
MapGenerator: skip _compute_terrain_perturbed_wind (physical-hex solver writes per-cell)
[SUS] sim budget strict=false frame=8.00ms warn=2.00ms slice=0.75ms upload=1.50ms scheduler=DCSystemScheduler native_sus=auto
[DCWorldExt] bind_map_data: 148 components bound (auto-registered=148; snapshot model; see world_ext.cpp comment & charter Â§11)
[DataCore] _data_core_world_ext bound=true (climate co-processor; class=DCWorldExt)
[native_world] configure rc=0 reason=configured cells=2400 wrap_period_x=103.923
[native_generation] path=gdext n=2400 published=9 native_ms=0.176 compute_ms=0.133 flush_ms=0.043
[hex_cell] facade ENABLED (2400 cells bound; ext=true)
[DataCore] _baker climate_profile injected=true (fixes WorldData.config==null sea_ice prepare path)
[phys_solve][oneshot] OK slp=1.16ms wind=0.50ms psi=0.42ms(ran=true) upwelling=0.09ms total=2.71ms
PhysicalCirculation solve@phase=1.50 total=3ms (C++ one-shot run_physical_solve_pass)
  wind/ocean pixel buffers: skipped (ocean_current_visual off)
[physical_init] deferred native refresh complete: 4ms
[cell_lut] deferred encode: 1ms path=gdext
[bio-occupancy] seed landmasses=18 provinces=18 species=19 secondary_hearths=0
[bio-occupancy]   bio.maize envelope=46 hearth=18 seeded_landmasses=1 primary_landmass=3 primary_envelope=38 occupied=18 occupied/envelope=0.47
[bio-occupancy]   bio.wheat envelope=96 hearth=16 seeded_landmasses=1 primary_landmass=3 primary_envelope=68 occupied=16 occupied/envelope=0.24
[bio-occupancy]   bio.rice envelope=75 hearth=25 seeded_landmasses=1 primary_landmass=3 primary_envelope=50 occupied=25 occupied/envelope=0.50
[bio-occupancy]   bio.potato envelope=75 hearth=30 seeded_landmasses=1 primary_landmass=3 primary_envelope=58 occupied=30 occupied/envelope=0.52
[bio-occupancy]   bio.horse envelope=108 hearth=38 seeded_landmasses=1 primary_landmass=3 primary_envelope=78 occupied=38 occupied/envelope=0.49
[bio-occupancy]   bio.cotton envelope=99 hearth=33 seeded_landmasses=1 primary_landmass=3 primary_envelope=74 occupied=33 occupied/envelope=0.45
[bio-occupancy]   bio.flax envelope=91 hearth=34 seeded_landmasses=1 primary_landmass=3 primary_envelope=63 occupied=34 occupied/envelope=0.54
[bio-occupancy]   bio.spice envelope=85 hearth=8 seeded_landmasses=1 primary_landmass=3 primary_envelope=66 occupied=8 occupied/envelope=0.12
[bio-occupancy]   bio.rubber envelope=41 hearth=1 seeded_landmasses=1 primary_landmass=3 primary_envelope=28 occupied=1 occupied/envelope=0.04
[bio-occupancy]   bio.sheep envelope=20 hearth=2 seeded_landmasses=1 primary_landmass=3 primary_envelope=16 occupied=2 occupied/envelope=0.13
[bio-occupancy]   bio.goat envelope=232 hearth=13 seeded_landmasses=1 primary_landmass=3 primary_envelope=157 occupied=13 occupied/envelope=0.08
[bio-occupancy]   bio.cattle envelope=6 hearth=1 seeded_landmasses=1 primary_landmass=3 primary_envelope=6 occupied=1 occupied/envelope=0.17
[bio-occupancy]   bio.pig envelope=175 hearth=32 seeded_landmasses=1 primary_landmass=3 primary_envelope=126 occupied=32 occupied/envelope=0.25
[bio-occupancy]   bio.camel envelope=37 hearth=3 seeded_landmasses=1 primary_landmass=3 primary_envelope=22 occupied=3 occupied/envelope=0.14
[bio-occupancy]   bio.yak envelope=63 hearth=18 seeded_landmasses=1 primary_landmass=3 primary_envelope=35 occupied=18 occupied/envelope=0.51
[bio-occupancy]   bio.silkworm envelope=108 hearth=41 seeded_landmasses=1 primary_landmass=3 primary_envelope=90 occupied=41 occupied/envelope=0.46
[bio-occupancy]   bio.reed envelope=118 hearth=23 seeded_landmasses=1 primary_landmass=3 primary_envelope=66 occupied=23 occupied/envelope=0.35
[bio-occupancy]   bio.bast_fiber envelope=135 hearth=29 seeded_landmasses=1 primary_landmass=3 primary_envelope=88 occupied=29 occupied/envelope=0.33
[bio-occupancy]   bio.dye_plant envelope=103 hearth=5 seeded_landmasses=1 primary_landmass=3 primary_envelope=77 occupied=5 occupied/envelope=0.06
[bio-occupancy]   landmass 1 classes=none foods=none
[bio-occupancy]   landmass 2 classes=none foods=none
[bio-occupancy]   landmass 3 classes=highland_food, fiber_open, open_grazer, open_food, fiber_wet, forest_grazer, fiber_forest, tropical, dry_grazer, wetland_food, cold_grazer foods=potato, wheat, maize, rice
[bio-occupancy]   landmass 4 classes=none foods=none
[bio-occupancy]   landmass 5 classes=none foods=none
[bio-occupancy]   landmass 6 classes=none foods=none
[bio-occupancy]   landmass 7 classes=none foods=none
[bio-occupancy]   landmass 8 classes=none foods=none
[bio-occupancy]   landmass 9 classes=none foods=none
[bio-occupancy]   landmass 10 classes=none foods=none
[bio-occupancy]   landmass 11 classes=none foods=none
[bio-occupancy]   landmass 12 classes=none foods=none
[bio-occupancy]   landmass 13 classes=none foods=none
[bio-occupancy]   landmass 14 classes=none foods=none
[bio-occupancy]   landmass 15 classes=none foods=none
[bio-occupancy]   landmass 16 classes=none foods=none
[bio-occupancy]   landmass 17 classes=none foods=none
[bio-occupancy]   landmass 18 classes=none foods=none
[weather] gdext acceleration ON (class=DCWorldExt)
[weather] gdext field commit ON
[weather] gdext distribute ON
[weather] gdext summary ON
[weather] hexcell facade ON (skip AoS double-write in hot loop)
[weather] gdext resident knobs ON (class=KnobsHandle)
[economy] ACTIVE native graph cells=2400 goods=134 cohorts=16 epoch_days=1 trade=ACTIVE topology_ready=true topology_generation=1 bootstrap=starter_settlement_bootstrap_v9 founder_families=4 founder_people=4
[country] ACTIVE native authority countries=4 cells=2400 generation=1
[weather/knobs] resident KnobsHandle path ACTIVE — first to_*_knobs_dict hit (field_rebuild_count=1 expected ≤1; stable Hz target ≤1 Hz)
[native_daily] ACTIVE: registered native_daily_sim + natural_resource_daily + bio_occupancy_daily; retained season_refresh + ocean_currents boundary jobs
[DCSystemScheduler] topology: ["season_refresh", "trigger_runtime", "ideology_runtime", "effect_runtime", "modifier_daily", "gameplay_effect", "natural_resource_daily", "bio_occupancy_daily", "enum_atlas_upload", "ocean_currents", "native_daily_sim", "dynamic_visual_atlas_upload", "country_daily", "economy_daily"]
[perf-record] start (start_tick=0)
[econ-plan-trace] begin active=0..1 cells=1 buildings=21 epoch_days=2
[econ-plan-trace] cell begin active=0 cell=691 groups=5..10
[econ-plan-trace] group begin g=5 cell=691 type=62 count=1 state=0
[econ-plan-trace] group climate g=5 type=62 in=0 out=1 emp=0 res=1
[econ-plan-trace] group climate done g=5
[econ-plan-trace] availability begin g=5
[econ-plan-trace] availability done g=5
[econ-plan-trace] inputs done g=5 maint=0
[econ-plan-trace] output g=5 i=0
[econ-plan-trace] outputs done g=5 revenue=49394
[econ-plan-trace] group begin g=6 cell=691 type=72 count=1 state=0
[econ-plan-trace] group climate g=6 type=72 in=0 out=0 emp=0 res=0
[econ-plan-trace] group climate done g=6
[econ-plan-trace] availability begin g=6
[econ-plan-trace] availability done g=6
[econ-plan-trace] inputs done g=6 maint=0
[econ-plan-trace] outputs done g=6 revenue=0
[econ-plan-trace] group begin g=7 cell=691 type=103 count=6 state=0
[econ-plan-trace] group climate g=7 type=103 in=0 out=1 emp=0 res=1
[econ-plan-trace] group climate done g=7
[econ-plan-trace] availability begin g=7
[econ-plan-trace] availability done g=7
[econ-plan-trace] inputs done g=7 maint=34
[econ-plan-trace] output g=7 i=0
[econ-plan-trace] outputs done g=7 revenue=17998
[econ-plan-trace] group begin g=8 cell=691 type=297 count=1 state=0
[econ-plan-trace] group climate g=8 type=297 in=0 out=1 emp=1 res=1
[econ-plan-trace] group climate done g=8
[econ-plan-trace] availability begin g=8
[econ-plan-trace] availability done g=8
[econ-plan-trace] inputs done g=8 maint=15
[econ-plan-trace] output g=8 i=0
[econ-plan-trace] outputs done g=8 revenue=832883565
[econ-plan-trace] group begin g=9 cell=691 type=357 count=1 state=0
[econ-plan-trace] group climate g=9 type=357 in=0 out=2 emp=0 res=1
[econ-plan-trace] group climate done g=9
[econ-plan-trace] availability begin g=9
[econ-plan-trace] availability done g=9
[econ-plan-trace] inputs done g=9 maint=75
[econ-plan-trace] output g=9 i=0
[econ-plan-trace] output g=9 i=1
[econ-plan-trace] outputs done g=9 revenue=37004
[econ-plan-trace] end
[DCSystemScheduler][RT] ocean_skip#1 tick=1 reason=policy_gated slices=0 elapsed=0.000 progress=0.000 source=day_changed
[econ-plan-trace] begin active=1..1 cells=1 buildings=21 epoch_days=2
[econ-plan-trace] end
[perf-record] exported rows=1 cols=1597 → D:/Godot/ProjectKeynes/Project.Keynes/tmp/perf_record_20260827_185746.csv
[headless-perf/result] label=trace_plan days=1 speed=1.000 seed=20260718 map=60x40 formal_start=true trade_scenario=false foreign_count=3 import_tariff_rate=0 export_tariff_rate=0 population_scale=0 saved_setup=false economy_configured=true country_count=4 population=80 generation_ms=17158.3 run_ms=31520.9 barrier_pulses=3 ledger_failures=0 fatal=false population_error=0 money_error=0 goods_error=0 family_count=4 family_branch_count=4 family_trait_roll_count=12 effect_instances=8 family_effect_stack_groups=4 family_effect_group_members=4 effect_metric_slab_bytes=3357 effect_instance_storage_bytes=1872 city_good_output_shared_count=134 city_good_output_non_neutral_shared_count=0 city_good_output_override_count=0 city_good_output_override_cell_count=0 city_good_output_cache_bytes=10140 trade_orders_dispatched=0 trade_orders_arrived=0 trade_orders_cumulative=0 trade_base_cumulative=0 trade_route_expansions=0 trade_tariff_lanes=0 trade_country_goods=0 trade_country_partners=0 tariff_collected=0 tariff_subsidy_paid=0 economy_memory_bytes=57995485 rows=1 expected_rows=1 path=D:/Godot/ProjectKeynes/Project.Keynes/tmp/perf_record_20260827_185746.csv
ERROR: 24 RID allocations of type 'PN13RendererDummy14TextureStorage12DummyTextureE' were leaked at exit.
WARNING: ObjectDB instances leaked at exit (run with --verbose for details).
   at: cleanup (core/object/object.cpp:2641)
ERROR: 311 resources still in use at exit (run with --verbose for details).
   at: clear (core/io/resource.cpp:810)
