Godot Engine v4.6.2.stable.official.71f334935 - https://godotengine.org

[ui-layout-diag/bind_ui] is_web=false viewport_visible_rect=[P: (0.0, 0.0), S: (51.2, 51.2)] window_size=(64, 64) content_scale_factor=1.250 content_scale_mode=0 device_pixel_ratio=-1.000 top_bar_rect=[P: (0.0, 0.0), S: (543.0, 56.0)] right_panel_rect=[P: (-408.8, 68.0), S: (460.0, 366.0)] country_action_bar_rect=[P: (8.0, -30.8), S: (336.0, 74.0)]
[stage-c] authority=ACTIVE worker=ACTIVE
[building-visual] queue_probe ticks=1 queued=0 chunk=-1 camera_rect=[P: (-25.6, -25.6), S: (51.2, 51.2)] prefetch=false zoom=1.000
[building-visual] queue_probe ticks=2 queued=0 chunk=-1 camera_rect=[P: (-25.6, -25.6), S: (51.2, 51.2)] prefetch=false zoom=1.000
[native_generation/base] path=gdext algorithm=post_base_priority_flood_hydrology_v3 n=2400 native_ms=6.482 water=1553 land=847
[native_generation/post_base] path=gdext algorithm=post_base_priority_flood_hydrology_v3 n=2400 native_ms=1.412 lakes=4 rivers=105 volcanoes=0
[native_generation/vegetation] native_ms=0.496 candidates=841 none=1169 score=[0.000,1.236,1.114] plant_water_land=856 river_adjacent_desert=0 coastal_highland_desert=0 terrain_weight=[0.180,1.200]
[native_generation/qa] single_water=0 tiny<=3=0 small<=5=0 bodies=1 largest=1544 | land_below_sea=0.7% | terr_distinct=21 entropy=3.183bit | river_ratio=4.375%
MapGenerator v7: per-cell 63ms (2400 cells, path=gdext)
[building-visual] queue_probe ticks=3 queued=0 chunk=-1 camera_rect=[P: (-25.6, -25.6), S: (51.2, 51.2)] prefetch=false zoom=1.000
MapBaker v6: hm=(1024, 606) seed=1735228708
    [fused] terrain=70.3ms erosion=4.0ms(ok=true) river=13.8ms(ok=true) latitude=0.1ms coast_sdf=3.6ms(ok=true)
  geometry fields (fused C++): 162ms
  physical circulation hex solve: deferred until DCWorldExt bind (ext=true idx=true soa=false)
  wind/ocean pixel buffers: skipped (ocean_current_visual off)
  visual tiles: {"degradation_reason":"","effective_budget_px":1717248,"effective_texels_per_hex":16.0059221751742,"effective_world_units_per_texel":"(1.373983, 1.375)","estimated_peak_bytes":68402880,"estimated_resident_bytes":40340160,"fallback_reason":"","generation_id":1,"grid_size":"(4, 3)","gutter_px":2,"hex_size":22.0,"horizon_path":"neutral_pending","interior_size":"(416, 344)","layer_size":"(420, 348)","layers":[{"bake_ms":68.8564,"coast_sdf_max_dist_px":13.6162309214075,"distance_scale":1.70202886517594,"edge_distance_saturate_hex":0.9,"edge_distance_units":"normalized_hex_center_gap","hashes":{"edge_distance":-4603098080143260562,"edge_neighbor":4057764273350575789,"height":-9124830669634210576,"map_index":1015450256520461008,"terrain_detail":1415298026641868910,"terrain_normal":4240255112308713771,"water_depth":2330624858830770480},"layer":0,"normal_radius_px":"(22, 22)","raster_scale":"(1.701088, 1.70297)","river_sdf_max_dist_px":5.9571010281158,"shore_carve_band_px":10,"upload_ms":0.108,"wall_ms":69.123},{"bake_ms":82.9331,"coast_sdf_max_dist_px":13.6162309214075,"distance_scale":1.70202886517594,"edge_distance_saturate_hex":0.9,"edge_distance_units":"normalized_hex_center_gap","hashes":{"edge_distance":4583573183968817086,"edge_neighbor":6466940111421570636,"height":5790856781181676511,"map_index":5990047724644026299,"terrain_detail":1806575389526097655,"terrain_normal":3908465376956190299,"water_depth":2547432928052609473},"layer":1,"normal_radius_px":"(22, 22)","raster_scale":"(1.701088, 1.70297)","river_sdf_max_dist_px":5.9571010281158,"shore_carve_band_px":10,"upload_ms":0.103,"wall_ms":83.197},{"bake_ms":83.0739,"coast_sdf_max_dist_px":13.6162309214075,"distance_scale":1.70202886517594,"edge_distance_saturate_hex":0.9,"edge_distance_units":"normalized_hex_center_gap","hashes":{"edge_distance":-2526323355750389439,"edge_neighbor":7015029410290978361,"height":-8150332218754556700,"map_index":329090656303652193,"terrain_detail":-392433696576850044,"terrain_normal":-4965863177888236808,"water_depth":-7217348512352819415},"layer":2,"normal_radius_px":"(22, 22)","raster_scale":"(1.701088, 1.70297)","river_sdf_max_dist_px":5.9571010281158,"shore_carve_band_px":10,"upload_ms":0.126,"wall_ms":83.335},{"bake_ms":114.3371,"coast_sdf_max_dist_px":13.6162309214075,"distance_scale":1.70202886517594,"edge_distance_saturate_hex":0.9,"edge_distance_units":"normalized_hex_center_gap","hashes":{"edge_distance":-4179826732684646787,"edge_neighbor":-5337848294581530626,"height":-7426228563537643593,"map_index":1239439826928151201,"terrain_detail":-8513326582372265254,"terrain_normal":8092780547537771097,"water_depth":-6092640318278072007},"layer":3,"normal_radius_px":"(22, 22)","raster_scale":"(1.701088, 1.70297)","river_sdf_max_dist_px":5.9571010281158,"shore_carve_band_px":10,"upload_ms":0.059,"wall_ms":114.48},{"bake_ms":57.0474,"coast_sdf_max_dist_px":13.6162309214075,"distance_scale":1.70202886517594,"edge_distance_saturate_hex":0.9,"edge_distance_units":"normalized_hex_center_gap","hashes":{"edge_distance":2136869506241081992,"edge_neighbor":-8797880867138963685,"height":-4924567352001132959,"map_index":-4231209514887179977,"terrain_detail":8772909128008927660,"terrain_normal":-6784207502925496102,"water_depth":-7492134226470272506},"layer":4,"normal_radius_px":"(22, 22)","raster_scale":"(1.701088, 1.70297)","river_sdf_max_dist_px":5.9571010281158,"shore_carve_band_px":10,"upload_ms":0.089,"wall_ms":57.234},{"bake_ms":118.9224,"coast_sdf_max_dist_px":13.6162309214075,"distance_scale":1.70202886517594,"edge_distance_saturate_hex":0.9,"edge_distance_units":"normalized_hex_center_gap","hashes":{"edge_distance":6673149775916606392,"edge_neighbor":-8413630352766524385,"height":-6889378239635599087,"map_index":-3551392040916973266,"terrain_detail":1687709548716503895,"terrain_normal":3946453442722986154,"water_depth":6600269933117438995},"layer":5,"normal_radius_px":"(22, 22)","raster_scale":"(1.701088, 1.70297)","river_sdf_max_dist_px":5.9571010281158,"shore_carve_band_px":10,"upload_ms":0.06,"wall_ms":119.081},{"bake_ms":71.0135,"coast_sdf_max_dist_px":13.6162309214075,"distance_scale":1.70202886517594,"edge_distance_saturate_hex":0.9,"edge_distance_units":"normalized_hex_center_gap","hashes":{"edge_distance":361706081270387103,"edge_neighbor":-8688139845739281855,"height":699499231114171702,"map_index":-2682228531129457940,"terrain_detail":-8811551234231146331,"terrain_normal":-265631937775218288,"water_depth":6856409090380917935},"layer":6,"normal_radius_px":"(22, 22)","raster_scale":"(1.701088, 1.70297)","river_sdf_max_dist_px":5.9571010281158,"shore_carve_band_px":10,"upload_ms":0.071,"wall_ms":71.17},{"bake_ms":74.7563,"coast_sdf_max_dist_px":13.6162309214075,"distance_scale":1.70202886517594,"edge_distance_saturate_hex":0.9,"edge_distance_units":"normalized_hex_center_gap","hashes":{"edge_distance":-6250500223095183093,"edge_neighbor":5418444607076768559,"height":1419229568066409352,"map_index":4380956599171502337,"terrain_detail":-894743883384344824,"terrain_normal":4459428523621274975,"water_depth":-6366031586637808975},"layer":7,"normal_radius_px":"(22, 22)","raster_scale":"(1.701088, 1.70297)","river_sdf_max_dist_px":5.9571010281158,"shore_carve_band_px":10,"upload_ms":0.058,"wall_ms":74.892},{"bake_ms":76.0296,"coast_sdf_max_dist_px":13.6162309214075,"distance_scale":1.70202886517594,"edge_distance_saturate_hex":0.9,"edge_distance_units":"normalized_hex_center_gap","hashes":{"edge_distance":8492285698888321900,"edge_neighbor":3199635046979891388,"height":4828838600007938123,"map_index":-7514139010467297966,"terrain_detail":-8950604297692130837,"terrain_normal":-3593785506946687824,"water_depth":5761060537573716235},"layer":8,"normal_radius_px":"(22, 22)","raster_scale":"(1.701088, 1.70297)","river_sdf_max_dist_px":5.9571010281158,"shore_carve_band_px":10,"upload_ms":0.099,"wall_ms":76.244},{"bake_ms":95.1042,"coast_sdf_max_dist_px":13.6162309214075,"distance_scale":1.70202886517594,"edge_distance_saturate_hex":0.9,"edge_distance_units":"normalized_hex_center_gap","hashes":{"edge_distance":9117926548072241235,"edge_neighbor":-7557104988675294500,"height":618468365387938347,"map_index":-5885543932102826664,"terrain_detail":3877245088374033799,"terrain_normal":-6778421208245397131,"water_depth":2200779154463963187},"layer":9,"normal_radius_px":"(22, 22)","raster_scale":"(1.701088, 1.70297)","river_sdf_max_dist_px":5.9571010281158,"shore_carve_band_px":10,"upload_ms":0.06,"wall_ms":95.255},{"bake_ms":45.5831,"coast_sdf_max_dist_px":13.6162309214075,"distance_scale":1.70202886517594,"edge_distance_saturate_hex":0.9,"edge_distance_units":"normalized_hex_center_gap","hashes":{"edge_distance":-3745585455065177449,"edge_neighbor":2404961067888014635,"height":-3115442796632843800,"map_index":-6211809985430628861,"terrain_detail":1161812488860344551,"terrain_normal":6456972146840247766,"water_depth":1987210436922770546},"layer":10,"normal_radius_px":"(22, 22)","raster_scale":"(1.701088, 1.70297)","river_sdf_max_dist_px":5.9571010281158,"shore_carve_band_px":10,"upload_ms":0.056,"wall_ms":45.722},{"bake_ms":35.9467,"coast_sdf_max_dist_px":13.6162309214075,"distance_scale":1.70202886517594,"edge_distance_saturate_hex":0.9,"edge_distance_units":"normalized_hex_center_gap","hashes":{"edge_distance":-1470570636688572573,"edge_neighbor":-6057560351645416949,"height":-5827593206795043862,"map_index":-2248414732901839783,"terrain_detail":7630543887994105174,"terrain_normal":8582387156502791927,"water_depth":-6103088449435849452},"layer":11,"normal_radius_px":"(22, 22)","raster_scale":"(1.701088, 1.70297)","river_sdf_max_dist_px":5.9571010281158,"shore_carve_band_px":10,"upload_ms":0.065,"wall_ms":36.102}],"logical_size":"(1664, 1032)","mode":"tiled","path":"visual_tiled_static","profile":"desktop_high","renderer":"mobile","requested_budget_px":1716216,"requested_texels_per_hex":16.0,"requested_tile_world_span":"(704.0, 704.0)","requested_world_units_per_texel":1.375,"tile_world_area":270355.817993164,"tile_world_span":"(571.5768, 473.0)","total_ms":930.041,"visual_domain":"[P: (0.0, -44.0), S: (2286.307, 1419.0)]","wrap_period_x":2286.30706599092,"wrap_x":true}
WARNING: Loaded resource as image file, this will not work on export: 'res://assets/textures/terrain_materials/organic.png'. Instead, import the image file as an Image resource and load it normally as a resource.
   at: load (core/io/image.cpp:2756)
   GDScript backtrace (most recent call first):
       [0] _build_terrain_material_tex (res://scripts/rendering/map_baker.gd:360)
       [1] get_or_build_shared_terrain_material_tex (res://scripts/rendering/map_baker.gd:343)
       [2] bake_world (res://scripts/rendering/map_baker.gd:1187)
       [3] _yield_generation_frame (res://scripts/rendering/map_baker.gd:1225)
WARNING: Loaded resource as image file, this will not work on export: 'res://assets/textures/terrain_materials/dry_sand.png'. Instead, import the image file as an Image resource and load it normally as a resource.
   at: load (core/io/image.cpp:2756)
   GDScript backtrace (most recent call first):
       [0] _build_terrain_material_tex (res://scripts/rendering/map_baker.gd:360)
       [1] get_or_build_shared_terrain_material_tex (res://scripts/rendering/map_baker.gd:343)
       [2] bake_world (res://scripts/rendering/map_baker.gd:1187)
       [3] _yield_generation_frame (res://scripts/rendering/map_baker.gd:1225)
WARNING: Loaded resource as image file, this will not work on export: 'res://assets/textures/terrain_materials/rock.png'. Instead, import the image file as an Image resource and load it normally as a resource.
   at: load (core/io/image.cpp:2756)
   GDScript backtrace (most recent call first):
       [0] _build_terrain_material_tex (res://scripts/rendering/map_baker.gd:360)
       [1] get_or_build_shared_terrain_material_tex (res://scripts/rendering/map_baker.gd:343)
       [2] bake_world (res://scripts/rendering/map_baker.gd:1187)
       [3] _yield_generation_frame (res://scripts/rendering/map_baker.gd:1225)
WARNING: Loaded resource as image file, this will not work on export: 'res://assets/textures/terrain_materials/snow_wet.png'. Instead, import the image file as an Image resource and load it normally as a resource.
   at: load (core/io/image.cpp:2756)
   GDScript backtrace (most recent call first):
       [0] _build_terrain_material_tex (res://scripts/rendering/map_baker.gd:360)
       [1] get_or_build_shared_terrain_material_tex (res://scripts/rendering/map_baker.gd:343)
       [2] bake_world (res://scripts/rendering/map_baker.gd:1187)
       [3] _yield_generation_frame (res://scripts/rendering/map_baker.gd:1225)
  cell LUT encode: deferred until DCWorldExt bind
  encode: 3551ms
MapBaker v6: total 3722ms
MapGenerator v7: bake 3746ms
MapGenerator: skip _compute_ocean_currents (physical-hex path writes per-cell directly)
MapGenerator: skip _compute_terrain_perturbed_wind (physical-hex solver writes per-cell)
[SUS] sim budget strict=false frame=8.00ms warn=2.00ms slice=0.75ms upload=1.50ms scheduler=DCSystemScheduler native_sus=auto
[DCWorldExt] bind_map_data: 148 components bound (auto-registered=148; snapshot model; see world_ext.cpp comment & charter Â§11)
[DataCore] _data_core_world_ext bound=true (climate co-processor; class=DCWorldExt)
[native_world] configure rc=0 reason=configured cells=2400 wrap_period_x=103.923
[native_generation] path=gdext n=2400 published=9 native_ms=0.201 compute_ms=0.117 flush_ms=0.084
[hex_cell] facade ENABLED (2400 cells bound; ext=true)
[DataCore] _baker climate_profile injected=true (fixes WorldData.config==null sea_ice prepare path)
[phys_solve][oneshot] OK slp=0.97ms wind=0.45ms psi=0.34ms(ran=true) upwelling=0.07ms total=2.33ms
PhysicalCirculation solve@phase=1.50 total=3ms (C++ one-shot run_physical_solve_pass)
  wind/ocean pixel buffers: skipped (ocean_current_visual off)
[physical_init] deferred native refresh complete: 3ms
[cell_lut] deferred encode: 1ms path=gdext
[bio-occupancy] seed landmasses=10 provinces=10 species=20 secondary_hearths=22
[bio-occupancy]   bio.maize envelope=56 hearth=17 seeded_landmasses=1 primary_landmass=8 primary_envelope=31 occupied=17 occupied/envelope=0.55
[bio-occupancy]   bio.wheat envelope=225 hearth=58 seeded_landmasses=3 primary_landmass=1 primary_envelope=21 occupied=58 occupied/envelope=2.76
[bio-occupancy]   bio.rice envelope=71 hearth=19 seeded_landmasses=4 primary_landmass=2 primary_envelope=23 occupied=19 occupied/envelope=0.83
[bio-occupancy]   bio.potato envelope=163 hearth=55 seeded_landmasses=3 primary_landmass=8 primary_envelope=86 occupied=55 occupied/envelope=0.64
[bio-occupancy]   bio.horse envelope=242 hearth=48 seeded_landmasses=4 primary_landmass=2 primary_envelope=70 occupied=48 occupied/envelope=0.69
[bio-occupancy]   bio.cotton envelope=119 hearth=12 seeded_landmasses=1 primary_landmass=7 primary_envelope=22 occupied=12 occupied/envelope=0.55
[bio-occupancy]   bio.flax envelope=212 hearth=17 seeded_landmasses=2 primary_landmass=1 primary_envelope=21 occupied=17 occupied/envelope=0.81
[bio-occupancy]   bio.spice envelope=100 hearth=8 seeded_landmasses=2 primary_landmass=2 primary_envelope=26 occupied=8 occupied/envelope=0.31
[bio-occupancy]   bio.rubber envelope=56 hearth=7 seeded_landmasses=1 primary_landmass=7 primary_envelope=15 occupied=7 occupied/envelope=0.47
[bio-occupancy]   bio.sheep envelope=34 hearth=8 seeded_landmasses=1 primary_landmass=8 primary_envelope=17 occupied=8 occupied/envelope=0.47
[bio-occupancy]   bio.goat envelope=405 hearth=98 seeded_landmasses=4 primary_landmass=8 primary_envelope=187 occupied=98 occupied/envelope=0.52
[bio-occupancy]   bio.cattle envelope=13 hearth=5 seeded_landmasses=1 primary_landmass=8 primary_envelope=11 occupied=5 occupied/envelope=0.45
[bio-occupancy]   bio.pig envelope=287 hearth=89 seeded_landmasses=5 primary_landmass=8 primary_envelope=129 occupied=89 occupied/envelope=0.69
[bio-occupancy]   bio.camel envelope=45 hearth=6 seeded_landmasses=1 primary_landmass=6 primary_envelope=13 occupied=6 occupied/envelope=0.46
[bio-occupancy]   bio.yak envelope=192 hearth=68 seeded_landmasses=3 primary_landmass=2 primary_envelope=83 occupied=68 occupied/envelope=0.82
[bio-occupancy]   bio.silkworm envelope=144 hearth=23 seeded_landmasses=1 primary_landmass=8 primary_envelope=57 occupied=23 occupied/envelope=0.40
[bio-occupancy]   bio.reed envelope=148 hearth=31 seeded_landmasses=4 primary_landmass=8 primary_envelope=60 occupied=31 occupied/envelope=0.52
[bio-occupancy]   bio.bast_fiber envelope=279 hearth=65 seeded_landmasses=1 primary_landmass=8 primary_envelope=136 occupied=65 occupied/envelope=0.48
[bio-occupancy]   bio.dye_plant envelope=122 hearth=38 seeded_landmasses=2 primary_landmass=8 primary_envelope=53 occupied=38 occupied/envelope=0.72
[bio-occupancy]   bio.medicinal_herb envelope=371 hearth=151 seeded_landmasses=5 primary_landmass=8 primary_envelope=168 occupied=151 occupied/envelope=0.90
[bio-occupancy]   landmass 1 classes=cold_grazer, fiber_forest, dry_grazer, highland_food, open_food, open_grazer, fiber_open, forest_grazer foods=potato, wheat
[bio-occupancy]   landmass 2 classes=cold_grazer, fiber_forest, dry_grazer, open_grazer, fiber_wet, forest_grazer, open_food, highland_food, fiber_open, wetland_food, tropical foods=wheat, potato, rice
[bio-occupancy]   landmass 3 classes=none foods=none
[bio-occupancy]   landmass 4 classes=none foods=none
[bio-occupancy]   landmass 5 classes=none foods=none
[bio-occupancy]   landmass 6 classes=wetland_food, forest_grazer, fiber_wet, fiber_forest, open_grazer, dry_grazer, fiber_open, tropical foods=rice
[bio-occupancy]   landmass 7 classes=fiber_open, tropical, dry_grazer, open_food, open_grazer, fiber_forest, wetland_food, forest_grazer, fiber_wet foods=wheat, rice
[bio-occupancy]   landmass 8 classes=tropical, fiber_open, forest_grazer, dry_grazer, open_food, fiber_forest, wetland_food, open_grazer, highland_food, fiber_wet, cold_grazer foods=maize, rice, potato
[bio-occupancy]   landmass 9 classes=none foods=none
[bio-occupancy]   landmass 10 classes=none foods=none
[weather] gdext acceleration ON (class=DCWorldExt)
[weather] gdext field commit ON
[weather] gdext distribute ON
[weather] gdext summary ON
[weather] hexcell facade ON (skip AoS double-write in hot loop)
[weather] gdext resident knobs ON (class=KnobsHandle)
[economy] ACTIVE native graph cells=2400 goods=134 cohorts=24 epoch_days=1 trade=ACTIVE topology_ready=true topology_generation=1 bootstrap=starter_settlement_bootstrap_v9 founder_families=6 founder_people=6
[country] ACTIVE native authority countries=6 cells=2400 generation=1
[weather/knobs] resident KnobsHandle path ACTIVE — first to_*_knobs_dict hit (field_rebuild_count=1 expected ≤1; stable Hz target ≤1 Hz)
[native_daily] ACTIVE: registered native_daily_sim + natural_resource_daily + bio_occupancy_daily; retained season_refresh + ocean_currents boundary jobs
[DCSystemScheduler] topology: ["season_refresh", "trigger_runtime", "ideology_runtime", "effect_runtime", "modifier_daily", "gameplay_effect", "natural_resource_daily", "bio_occupancy_daily", "enum_atlas_upload", "ocean_currents", "native_daily_sim", "dynamic_visual_atlas_upload", "country_daily", "economy_daily"]
WARNING: [runtime-climate-round] no ClimateDailySystem; SHADOW capture carries no shared pass input
   at: push_warning (core/variant/variant_utility.cpp:1034)
   GDScript backtrace (most recent call first):
       [0] _build_runtime_climate_round_input (res://scripts/geography/map_generator.gd:4651)
       [1] capture_runtime_inputs_for_worker (res://scripts/geography/map_generator.gd:2351)
       [2] generate_world (res://scripts/game/world_runtime_host.gd:609)
       [3] generate (res://scripts/geography/map_generator.gd:1606)
       [4] _yield_generation_frame (res://scripts/geography/map_generator.gd:19867)
WARNING: [runtime-worker] Ideology opinion publish deferred: ideology_opinion_snapshot_invalid
   at: push_warning (core/variant/variant_utility.cpp:1034)
   GDScript backtrace (most recent call first):
       [0] _start_production_shadow_worker (res://scripts/game/world_runtime_host.gd:700)
       [1] generate_world (res://scripts/game/world_runtime_host.gd:618)
       [2] generate (res://scripts/geography/map_generator.gd:1606)
       [3] _yield_generation_frame (res://scripts/geography/map_generator.gd:19867)
[runtime-worker] production ACTIVE started mask=4095 auto_pod=true
[runtime-day-wait] day=1 env_day=0 missing=0x3ff economy_input=-1
[building-visual] intel_refresh requested=32 changed=1 known=1 catalog=400 resident=0 body=0 queued=0 zoom=1.000
[DCSystemScheduler][RT] ocean_skip#1 tick=1 reason=policy_gated slices=0 elapsed=0.000 progress=0.000 source=day_changed
[climate][publish] day=0 round_ran=1 prod_stage=0xff scalar_mask=0x7f alb=0 veg=0 fb=0 weather=0 sr=0 ok=1
[climate/worker][b8] physics_knobs day=1 ready=0 missing=physics_knobs
[climate-kernel][round] shared=1 ok=1 n_cells=2400 mask=0x1FF ran=0x1FF starved=0x0 knobs_cells=2400
[DCSystemScheduler][RT] ocean_skip#2 tick=2 reason=policy_gated slices=0 elapsed=0.000 progress=0.000 source=day_changed
[country][parity] worker_day=1 uncompared reference_range=-1..-1 depth=0
[economy-mirror-cost] day=1 capture_ms=3.169 import_ms=4.296
[climate/writeback][b8] day=1 vapor store0=0 map0=0 dirty_fields=42 applied=42
[phys/knobs] projection ready: slp=31 wind=33 psi=26 up=10
[climate/worker][b8] physics_knobs day=2 ready=1 missing=
[climate/worker][b8] paw day=2 cell=68 moisture=0.717273 wb30=0 soil=0 paw=0.717273 zeros(water=1544 land=5) nonzero=851 weights(wb=0.35 soil=0.25 dry=0.65) round=1 distribute=0 hydrology=0
[climate/writeback][b8] day=2 vapor store0=0 map0=0 dirty_fields=52 applied=52
[climate/worker][b8] physics_knobs day=3 ready=1 missing=
[climate/worker][b8] paw day=3 cell=68 moisture=0.713691 wb30=0 soil=0 paw=0.713691 zeros(water=1544 land=7) nonzero=849 weights(wb=0.35 soil=0.25 dry=0.65) round=1 distribute=0 hydrology=0
[country][parity] worker_day=3 uncompared reference_range=2..2 depth=1
[climate/worker][b8] physics_knobs day=4 ready=1 missing=
[climate/worker][b8] paw day=4 cell=68 moisture=0.712685 wb30=0 soil=0 paw=0.712685 zeros(water=1544 land=7) nonzero=849 weights(wb=0.35 soil=0.25 dry=0.65) round=1 distribute=1 hydrology=0
[climate/writeback][b8] day=3 vapor store0=0 map0=0 dirty_fields=52 applied=52
[climate/worker][b8] cyclone_gate day=4 input_enabled=0 force_env=0 effective=0
[climate/worker][b8] weather_solve day=4 cells=2400 psi=1 vapor0=0.112278 precip0=0 cloud0=0.0419909 type0=0 field_init0=1
[country][parity] worker_day=4 uncompared reference_range=2..2 depth=1
[climate/worker][b8] physics_knobs day=5 ready=1 missing=
[climate/worker][b8] paw day=5 cell=68 moisture=0.713024 wb30=-0.000135671 soil=0 paw=0.712936 zeros(water=1544 land=7) nonzero=849 weights(wb=0.35 soil=0.25 dry=0.65) round=1 distribute=0 hydrology=0
[country][parity] worker_day=5 uncompared reference_range=2..2 depth=1
[climate/writeback][b8] day=4 vapor store0=0.112278 map0=0.112278 dirty_fields=54 applied=54
[climate/worker][b8] physics_knobs day=6 ready=1 missing=
[climate/worker][b8] paw day=6 cell=68 moisture=0.712291 wb30=-0.000135671 soil=-0.000325611 paw=0.712203 zeros(water=1544 land=7) nonzero=849 weights(wb=0.35 soil=0.25 dry=0.65) round=1 distribute=0 hydrology=0
[country][parity] worker_day=6 uncompared reference_range=2..2 depth=1
[climate/worker][b8] paw day=7 cell=68 moisture=0.715206 wb30=-0.000135671 soil=-0.000325611 paw=0.715118 zeros(water=1544 land=7) nonzero=849 weights(wb=0.35 soil=0.25 dry=0.65) round=1 distribute=0 hydrology=0
[country][parity] worker_day=7 uncompared reference_range=2..2 depth=1
[climate/worker][b8] paw day=8 cell=68 moisture=0.714704 wb30=-0.000135671 soil=-0.000325611 paw=0.714616 zeros(water=1544 land=7) nonzero=849 weights(wb=0.35 soil=0.25 dry=0.65) round=1 distribute=0 hydrology=0
[country][parity] worker_day=8 uncompared reference_range=2..2 depth=1
[climate/worker][b8] paw day=9 cell=68 moisture=0.716909 wb30=-0.000135671 soil=-0.000325611 paw=0.71682 zeros(water=1544 land=7) nonzero=849 weights(wb=0.35 soil=0.25 dry=0.65) round=1 distribute=0 hydrology=0
[country][parity] worker_day=9 uncompared reference_range=2..2 depth=1
[climate/worker][b8] paw day=10 cell=68 moisture=0.716532 wb30=-0.000135671 soil=-0.000325611 paw=0.716444 zeros(water=1544 land=7) nonzero=849 weights(wb=0.35 soil=0.25 dry=0.65) round=1 distribute=0 hydrology=0
[climate/worker][b8] paw day=11 cell=68 moisture=0.718191 wb30=-0.000135671 soil=-0.000325611 paw=0.718102 zeros(water=1544 land=7) nonzero=849 weights(wb=0.35 soil=0.25 dry=0.65) round=1 distribute=0 hydrology=0
[climate/worker][b8] paw day=12 cell=68 moisture=0.717908 wb30=-0.000135671 soil=-0.000325611 paw=0.71782 zeros(water=1544 land=7) nonzero=849 weights(wb=0.35 soil=0.25 dry=0.65) round=1 distribute=1 hydrology=0
[climate/worker][b8] cyclone_gate day=12 input_enabled=0 force_env=0 effective=0
[climate/worker][b8] weather_solve day=12 cells=2400 psi=1 vapor0=0.102582 precip0=0 cloud0=0.0523081 type0=0 field_init0=1
[climate/worker][b8] paw day=13 cell=68 moisture=0.719156 wb30=-0.000268215 soil=-0.000325611 paw=0.718982 zeros(water=1544 land=7) nonzero=849 weights(wb=0.35 soil=0.25 dry=0.65) round=1 distribute=0 hydrology=0
[climate/worker][b8] weather_solve day=20 cells=2400 psi=1 vapor0=0.0768435 precip0=0 cloud0=0.0387266 type0=0 field_init0=1
[clock/step] delta=6.9ms speed=50x target=0.35d cap=2.07d/f cost=4.22ms ran=1 pulse=0.00ms loop=5.66ms full=5.88ms carry=0.31 barrier=
[climate/worker][b8] weather_solve day=28 cells=2400 psi=1 vapor0=0.0766757 precip0=0 cloud0=0.0685312 type0=0 field_init0=1
[clock/step] delta=6.9ms speed=50x target=0.35d cap=2.28d/f cost=3.51ms ran=0 pulse=0.00ms loop=0.00ms full=0.56ms carry=0.98 barrier=
[economy-open-finish] day=100 country=0.302 workset=0.021 fiscal=0.034 csr=0.004 recovery=0.001 vectors=0.690 audit=0.421 commands=0.000
[economy-prelude-cost] day=100 ms=1.768 pending=0
[economy-aggregate-cost] day=100 publish_ms=1.549 native_hash_ms=1.435
[economy-ledger-cost] day=100 copy_ms=0.482 validate_ms=0.141 hash_ms=1.124 cohorts=384 markets=321600
[economy-boundary-cost] day=100 formulas_ms=6.836 stages_ms=4.806 mirror_ms=2.987
[runtime-day-cost] day=100 ok=1 ms=13.688
[clock/step] delta=6.9ms speed=50x target=0.34d cap=2.53d/f cost=3.17ms ran=0 pulse=0.00ms loop=0.00ms full=0.20ms carry=0.96 barrier=
[clock/step] delta=6.9ms speed=50x target=0.34d cap=3.09d/f cost=2.59ms ran=0 pulse=0.00ms loop=0.00ms full=0.22ms carry=0.62 barrier=
[clock/step] delta=6.9ms speed=50x target=0.34d cap=2.33d/f cost=3.44ms ran=1 pulse=0.00ms loop=3.49ms full=3.71ms carry=0.31 barrier=
[economy-open-finish] day=200 country=0.482 workset=0.024 fiscal=0.031 csr=0.004 recovery=0.001 vectors=0.974 audit=0.825 commands=0.001
[economy-prelude-cost] day=200 ms=2.641 pending=0
[economy-aggregate-cost] day=200 publish_ms=1.684 native_hash_ms=1.373
[economy-ledger-cost] day=200 copy_ms=0.385 validate_ms=0.146 hash_ms=1.153 cohorts=384 markets=321600
[economy-boundary-cost] day=200 formulas_ms=8.381 stages_ms=5.319 mirror_ms=2.870
[runtime-day-cost] day=200 ok=1 ms=14.698
[perf-record] start (start_tick=229 mode=CORE detail_period=1)
[stage-c/client] recording mode=ACTIVE worker=ACTIVE seconds=60.00 output=D:/Godot/ProjectKeynes/Project.Keynes/tmp/worker_timing60
[clock/step] delta=6.9ms speed=50x target=0.34d cap=2.26d/f cost=3.54ms ran=0 pulse=0.00ms loop=0.00ms full=0.27ms carry=0.68 barrier=
[clock/step] delta=6.9ms speed=50x target=0.34d cap=2.16d/f cost=3.88ms ran=1 pulse=0.00ms loop=4.61ms full=4.90ms carry=0.06 barrier=
[economy-open-finish] day=300 country=0.292 workset=0.019 fiscal=0.030 csr=0.004 recovery=0.001 vectors=0.518 audit=0.414 commands=0.000
[economy-prelude-cost] day=300 ms=1.525 pending=0
[economy-aggregate-cost] day=300 publish_ms=1.570 native_hash_ms=1.282
[economy-ledger-cost] day=300 copy_ms=0.377 validate_ms=0.138 hash_ms=1.093 cohorts=384 markets=321600
[economy-boundary-cost] day=300 formulas_ms=6.443 stages_ms=4.677 mirror_ms=2.747
[runtime-day-cost] day=300 ok=1 ms=13.772
[clock/step] delta=6.9ms speed=50x target=0.34d cap=2.13d/f cost=3.76ms ran=0 pulse=0.00ms loop=0.00ms full=0.23ms carry=0.44 barrier=
[clock/step] delta=6.9ms speed=50x target=0.35d cap=1.79d/f cost=4.47ms ran=0 pulse=0.00ms loop=0.00ms full=0.27ms carry=0.85 barrier=
[clock/step] delta=6.7ms speed=50x target=0.33d cap=1.83d/f cost=4.37ms ran=0 pulse=0.00ms loop=0.00ms full=0.19ms carry=0.62 barrier=
[economy-open-finish] day=400 country=0.320 workset=0.021 fiscal=0.031 csr=0.004 recovery=0.001 vectors=0.561 audit=0.423 commands=0.000
[economy-prelude-cost] day=400 ms=1.620 pending=0
[economy-aggregate-cost] day=400 publish_ms=1.450 native_hash_ms=1.351
[economy-ledger-cost] day=400 copy_ms=0.413 validate_ms=0.144 hash_ms=1.143 cohorts=384 markets=321600
[economy-boundary-cost] day=400 formulas_ms=6.690 stages_ms=4.814 mirror_ms=2.920
[runtime-day-cost] day=400 ok=1 ms=13.106
[clock/step] delta=6.9ms speed=50x target=0.34d cap=2.29d/f cost=3.49ms ran=0 pulse=0.00ms loop=0.00ms full=0.27ms carry=0.55 barrier=
[clock/step] delta=6.9ms speed=50x target=0.34d cap=4.22d/f cost=1.89ms ran=0 pulse=0.00ms loop=0.00ms full=0.42ms carry=0.93 barrier=
[economy-open-finish] day=500 country=0.326 workset=0.025 fiscal=0.037 csr=0.005 recovery=0.001 vectors=0.567 audit=0.442 commands=0.001
[economy-prelude-cost] day=500 ms=1.712 pending=0
[economy-aggregate-cost] day=500 publish_ms=1.946 native_hash_ms=1.472
[economy-ledger-cost] day=500 copy_ms=0.626 validate_ms=0.148 hash_ms=1.414 cohorts=384 markets=321600
[economy-boundary-cost] day=500 formulas_ms=7.559 stages_ms=5.578 mirror_ms=3.580
[runtime-day-cost] day=500 ok=1 ms=15.275
[clock/step] delta=6.9ms speed=50x target=0.34d cap=2.15d/f cost=3.71ms ran=0 pulse=0.00ms loop=0.00ms full=0.19ms carry=0.89 barrier=
[clock/step] delta=6.9ms speed=50x target=0.34d cap=2.23d/f cost=3.46ms ran=1 pulse=0.00ms loop=2.97ms full=3.13ms carry=0.27 barrier=
[clock/step] delta=6.9ms speed=50x target=0.34d cap=3.26d/f cost=2.64ms ran=1 pulse=0.00ms loop=3.37ms full=3.56ms carry=0.26 barrier=
[economy-open-finish] day=600 country=0.321 workset=0.025 fiscal=0.036 csr=0.004 recovery=0.001 vectors=0.559 audit=0.441 commands=0.000
[economy-prelude-cost] day=600 ms=1.719 pending=0
[economy-aggregate-cost] day=600 publish_ms=1.921 native_hash_ms=1.365
[economy-ledger-cost] day=600 copy_ms=0.658 validate_ms=0.140 hash_ms=1.136 cohorts=384 markets=321600
[economy-boundary-cost] day=600 formulas_ms=7.534 stages_ms=5.555 mirror_ms=3.157
[runtime-day-cost] day=600 ok=1 ms=14.917
[clock/step] delta=6.9ms speed=50x target=0.34d cap=2.09d/f cost=3.83ms ran=0 pulse=0.00ms loop=0.00ms full=0.19ms carry=0.60 barrier=
[clock/step] delta=6.9ms speed=50x target=0.35d cap=1.84d/f cost=4.13ms ran=1 pulse=0.00ms loop=3.31ms full=3.53ms carry=0.01 barrier=
[economy-open-finish] day=700 country=0.324 workset=0.023 fiscal=0.032 csr=0.004 recovery=0.001 vectors=0.575 audit=0.435 commands=0.000
[economy-prelude-cost] day=700 ms=1.701 pending=0
[economy-aggregate-cost] day=700 publish_ms=1.937 native_hash_ms=1.372
[economy-ledger-cost] day=700 copy_ms=0.468 validate_ms=0.144 hash_ms=1.148 cohorts=384 markets=321600
[economy-boundary-cost] day=700 formulas_ms=7.539 stages_ms=5.574 mirror_ms=3.025
[runtime-day-cost] day=700 ok=1 ms=14.699
[clock/step] delta=6.9ms speed=50x target=0.35d cap=2.01d/f cost=3.98ms ran=0 pulse=0.00ms loop=0.00ms full=0.21ms carry=0.99 barrier=
[clock/step] delta=6.9ms speed=50x target=0.35d cap=3.36d/f cost=2.38ms ran=0 pulse=0.00ms loop=0.00ms full=0.28ms carry=0.88 barrier=
[clock/step] delta=6.9ms speed=50x target=0.34d cap=2.49d/f cost=3.20ms ran=1 pulse=0.00ms loop=3.17ms full=3.35ms carry=0.33 barrier=
[economy-open-finish] day=800 country=0.305 workset=0.019 fiscal=0.030 csr=0.004 recovery=0.001 vectors=0.529 audit=0.407 commands=0.000
[economy-prelude-cost] day=800 ms=1.552 pending=0
[economy-aggregate-cost] day=800 publish_ms=1.772 native_hash_ms=1.356
[economy-ledger-cost] day=800 copy_ms=0.389 validate_ms=0.143 hash_ms=1.258 cohorts=384 markets=321600
[economy-boundary-cost] day=800 formulas_ms=7.347 stages_ms=5.547 mirror_ms=3.026
[runtime-day-cost] day=800 ok=1 ms=13.577
[clock/step] delta=6.9ms speed=50x target=0.34d cap=2.47d/f cost=3.23ms ran=0 pulse=0.00ms loop=0.00ms full=0.21ms carry=0.36 barrier=
[clock/step] delta=6.9ms speed=50x target=0.34d cap=2.09d/f cost=3.83ms ran=0 pulse=0.00ms loop=0.00ms full=0.25ms carry=0.74 barrier=
[economy-open-finish] day=900 country=0.470 workset=0.024 fiscal=0.031 csr=0.005 recovery=0.001 vectors=1.028 audit=0.675 commands=0.001
[economy-prelude-cost] day=900 ms=2.569 pending=0
[economy-aggregate-cost] day=900 publish_ms=2.024 native_hash_ms=1.414
[economy-ledger-cost] day=900 copy_ms=0.412 validate_ms=0.147 hash_ms=1.159 cohorts=384 markets=321600
[economy-boundary-cost] day=900 formulas_ms=9.313 stages_ms=6.287 mirror_ms=2.974
[runtime-day-cost] day=900 ok=1 ms=18.260
[clock/step] delta=6.9ms speed=50x target=0.34d cap=4.69d/f cost=1.71ms ran=0 pulse=0.09ms loop=0.00ms full=0.42ms carry=0.01 barrier=climate_input_capacity_day_barrier
[clock/step] delta=6.9ms speed=50x target=0.34d cap=2.37d/f cost=3.38ms ran=0 pulse=0.00ms loop=0.00ms full=0.19ms carry=0.70 barrier=
[clock/step] delta=6.9ms speed=50x target=0.34d cap=2.48d/f cost=2.68ms ran=1 pulse=0.00ms loop=0.53ms full=0.75ms carry=0.04 barrier=climate_input_capacity_day_barrier
[economy-open-finish] day=1000 country=0.457 workset=0.023 fiscal=0.031 csr=0.004 recovery=0.001 vectors=0.686 audit=0.431 commands=0.000
[economy-prelude-cost] day=1000 ms=1.930 pending=0
[economy-aggregate-cost] day=1000 publish_ms=2.310 native_hash_ms=1.547
[economy-ledger-cost] day=1000 copy_ms=0.516 validate_ms=0.151 hash_ms=1.150 cohorts=384 markets=321600
[economy-boundary-cost] day=1000 formulas_ms=8.521 stages_ms=6.299 mirror_ms=3.020
[runtime-day-cost] day=1000 ok=1 ms=14.970
[clock/step] delta=6.9ms speed=50x target=0.35d cap=2.41d/f cost=3.32ms ran=0 pulse=0.00ms loop=0.00ms full=0.20ms carry=0.69 barrier=
[clock/step] delta=6.9ms speed=50x target=0.35d cap=2.51d/f cost=3.13ms ran=1 pulse=0.00ms loop=2.90ms full=3.06ms carry=0.32 barrier=
[economy-open-finish] day=1100 country=0.550 workset=0.037 fiscal=0.150 csr=0.004 recovery=0.002 vectors=1.357 audit=0.705 commands=0.002
[economy-prelude-cost] day=1100 ms=3.276 pending=0
[economy-aggregate-cost] day=1100 publish_ms=3.155 native_hash_ms=1.495
[economy-ledger-cost] day=1100 copy_ms=1.059 validate_ms=0.296 hash_ms=1.775 cohorts=384 markets=321600
[economy-boundary-cost] day=1100 formulas_ms=13.282 stages_ms=9.562 mirror_ms=5.143
[runtime-day-cost] day=1100 ok=1 ms=23.450
[clock/step] delta=6.9ms speed=50x target=0.34d cap=5.54d/f cost=1.24ms ran=1 pulse=0.00ms loop=0.42ms full=0.61ms carry=0.33 barrier=climate_input_capacity_day_barrier
[clock/step] delta=6.9ms speed=50x target=0.34d cap=2.98d/f cost=2.68ms ran=0 pulse=0.00ms loop=0.00ms full=0.29ms carry=0.64 barrier=
[economy-open-finish] day=1200 country=0.443 workset=0.024 fiscal=0.033 csr=0.005 recovery=0.001 vectors=1.251 audit=0.419 commands=0.001
[economy-prelude-cost] day=1200 ms=2.470 pending=0
[economy-aggregate-cost] day=1200 publish_ms=1.587 native_hash_ms=1.310
[economy-ledger-cost] day=1200 copy_ms=0.391 validate_ms=0.137 hash_ms=1.117 cohorts=384 markets=321600
[economy-boundary-cost] day=1200 formulas_ms=8.361 stages_ms=5.490 mirror_ms=2.820
[runtime-day-cost] day=1200 ok=1 ms=15.985
[clock/step] delta=6.9ms speed=50x target=0.34d cap=2.41d/f cost=3.44ms ran=1 pulse=0.00ms loop=3.91ms full=4.11ms carry=0.02 barrier=
[clock/step] delta=6.9ms speed=50x target=0.35d cap=3.49d/f cost=1.92ms ran=1 pulse=0.00ms loop=0.42ms full=0.61ms carry=0.16 barrier=climate_input_capacity_day_barrier
[clock/step] delta=6.9ms speed=50x target=0.34d cap=2.45d/f cost=3.26ms ran=0 pulse=0.00ms loop=0.00ms full=0.22ms carry=0.94 barrier=
[economy-open-finish] day=1300 country=0.304 workset=0.021 fiscal=0.032 csr=0.004 recovery=0.000 vectors=0.570 audit=0.405 commands=0.000
[economy-prelude-cost] day=1300 ms=1.588 pending=0
[economy-aggregate-cost] day=1300 publish_ms=2.035 native_hash_ms=1.379
[economy-ledger-cost] day=1300 copy_ms=0.407 validate_ms=0.139 hash_ms=1.093 cohorts=384 markets=321600
[economy-boundary-cost] day=1300 formulas_ms=7.518 stages_ms=5.681 mirror_ms=2.916
[runtime-day-cost] day=1300 ok=1 ms=14.305
[clock/step] delta=6.9ms speed=50x target=0.34d cap=3.55d/f cost=1.89ms ran=1 pulse=0.00ms loop=0.42ms full=0.61ms carry=0.28 barrier=climate_input_capacity_day_barrier
[clock/step] delta=6.9ms speed=50x target=0.34d cap=8.00d/f cost=0.55ms ran=1 pulse=0.00ms loop=0.42ms full=0.60ms carry=0.21 barrier=climate_input_capacity_day_barrier
[clock/step] delta=6.9ms speed=50x target=0.34d cap=3.79d/f cost=2.38ms ran=1 pulse=0.00ms loop=3.43ms full=3.65ms carry=0.17 barrier=
[economy-open-finish] day=1400 country=0.304 workset=0.019 fiscal=0.030 csr=0.004 recovery=0.001 vectors=0.574 audit=0.395 commands=0.000
[economy-prelude-cost] day=1400 ms=1.592 pending=0
[economy-aggregate-cost] day=1400 publish_ms=1.825 native_hash_ms=1.372
[economy-ledger-cost] day=1400 copy_ms=0.560 validate_ms=0.139 hash_ms=1.160 cohorts=384 markets=321600
[economy-boundary-cost] day=1400 formulas_ms=8.038 stages_ms=6.188 mirror_ms=3.182
[runtime-day-cost] day=1400 ok=1 ms=14.309
[clock/step] delta=6.9ms speed=50x target=0.34d cap=8.00d/f cost=0.55ms ran=1 pulse=0.00ms loop=0.42ms full=0.61ms carry=0.13 barrier=climate_input_capacity_day_barrier
[clock/step] delta=6.9ms speed=50x target=0.35d cap=2.56d/f cost=3.13ms ran=0 pulse=0.00ms loop=0.00ms full=0.19ms carry=0.58 barrier=
[economy-open-finish] day=1500 country=0.300 workset=0.020 fiscal=0.031 csr=0.004 recovery=0.001 vectors=0.578 audit=0.399 commands=0.000
[economy-prelude-cost] day=1500 ms=1.603 pending=0
[economy-aggregate-cost] day=1500 publish_ms=1.863 native_hash_ms=1.475
[economy-ledger-cost] day=1500 copy_ms=0.492 validate_ms=0.138 hash_ms=1.328 cohorts=384 markets=321600
[economy-boundary-cost] day=1500 formulas_ms=7.591 stages_ms=5.740 mirror_ms=3.157
[runtime-day-cost] day=1500 ok=1 ms=15.533
[clock/step] delta=6.9ms speed=50x target=0.34d cap=2.27d/f cost=3.53ms ran=0 pulse=0.00ms loop=0.00ms full=0.19ms carry=0.47 barrier=
[clock/step] delta=6.9ms speed=50x target=0.35d cap=3.36d/f cost=2.63ms ran=1 pulse=0.00ms loop=3.61ms full=3.79ms carry=0.22 barrier=
[clock/step] delta=6.9ms speed=50x target=0.34d cap=2.56d/f cost=3.13ms ran=0 pulse=0.00ms loop=0.00ms full=0.33ms carry=0.97 barrier=
[economy-open-finish] day=1600 country=0.295 workset=0.021 fiscal=0.030 csr=0.004 recovery=0.001 vectors=0.595 audit=0.396 commands=0.000
[economy-prelude-cost] day=1600 ms=1.595 pending=0
[economy-aggregate-cost] day=1600 publish_ms=1.722 native_hash_ms=1.295
[economy-ledger-cost] day=1600 copy_ms=0.389 validate_ms=0.135 hash_ms=1.079 cohorts=384 markets=321600
[economy-boundary-cost] day=1600 formulas_ms=7.301 stages_ms=5.457 mirror_ms=2.769
[runtime-day-cost] day=1600 ok=1 ms=13.139
[clock/step] delta=6.9ms speed=50x target=0.34d cap=2.56d/f cost=3.13ms ran=0 pulse=0.09ms loop=0.00ms full=0.46ms carry=0.31 barrier=climate_input_capacity_day_barrier
[clock/step] delta=6.9ms speed=50x target=0.34d cap=2.37d/f cost=3.37ms ran=0 pulse=0.00ms loop=0.00ms full=0.47ms carry=0.93 barrier=
[economy-open-finish] day=1700 country=0.316 workset=0.022 fiscal=0.033 csr=0.004 recovery=0.001 vectors=0.637 audit=0.420 commands=0.000
[economy-prelude-cost] day=1700 ms=1.704 pending=0
[economy-aggregate-cost] day=1700 publish_ms=1.962 native_hash_ms=1.378
[economy-ledger-cost] day=1700 copy_ms=0.419 validate_ms=0.133 hash_ms=1.103 cohorts=384 markets=321600
[economy-boundary-cost] day=1700 formulas_ms=7.881 stages_ms=5.917 mirror_ms=2.796
[runtime-day-cost] day=1700 ok=1 ms=14.697
[clock/step] delta=6.9ms speed=50x target=0.34d cap=2.43d/f cost=3.29ms ran=0 pulse=0.00ms loop=0.00ms full=0.19ms carry=0.61 barrier=
[clock/step] delta=6.9ms speed=50x target=0.34d cap=3.54d/f cost=2.26ms ran=0 pulse=0.08ms loop=0.00ms full=0.43ms carry=0.27 barrier=climate_input_capacity_day_barrier
[clock/step] delta=6.9ms speed=50x target=0.34d cap=4.75d/f cost=1.68ms ran=0 pulse=0.00ms loop=0.00ms full=0.20ms carry=0.88 barrier=
[economy-open-finish] day=1800 country=0.296 workset=0.019 fiscal=0.028 csr=0.004 recovery=0.001 vectors=0.592 audit=0.404 commands=0.000
[economy-prelude-cost] day=1800 ms=1.594 pending=0
[economy-aggregate-cost] day=1800 publish_ms=1.603 native_hash_ms=1.453
[economy-ledger-cost] day=1800 copy_ms=0.595 validate_ms=0.140 hash_ms=1.146 cohorts=384 markets=321600
[economy-boundary-cost] day=1800 formulas_ms=7.348 stages_ms=5.513 mirror_ms=3.104
[runtime-day-cost] day=1800 ok=1 ms=14.328
[clock/step] delta=6.9ms speed=50x target=0.35d cap=2.44d/f cost=3.28ms ran=0 pulse=0.00ms loop=0.00ms full=0.29ms carry=1.00 barrier=
[clock/step] delta=6.9ms speed=50x target=0.34d cap=4.75d/f cost=1.68ms ran=0 pulse=0.00ms loop=0.00ms full=0.24ms carry=0.55 barrier=
[economy-open-finish] day=1900 country=0.330 workset=0.020 fiscal=0.031 csr=0.004 recovery=0.001 vectors=0.585 audit=0.422 commands=0.000
[economy-prelude-cost] day=1900 ms=1.654 pending=0
[economy-aggregate-cost] day=1900 publish_ms=1.623 native_hash_ms=1.329
[economy-ledger-cost] day=1900 copy_ms=0.422 validate_ms=0.138 hash_ms=1.113 cohorts=384 markets=321600
[economy-boundary-cost] day=1900 formulas_ms=7.600 stages_ms=5.697 mirror_ms=2.859
[runtime-day-cost] day=1900 ok=1 ms=14.467
[clock/step] delta=6.9ms speed=50x target=0.34d cap=3.13d/f cost=2.71ms ran=1 pulse=0.00ms loop=3.34ms full=3.51ms carry=0.20 barrier=
[clock/step] delta=6.9ms speed=50x target=0.34d cap=3.66d/f cost=2.19ms ran=0 pulse=0.00ms loop=0.00ms full=0.25ms carry=0.89 barrier=
[clock/step] delta=6.9ms speed=50x target=0.34d cap=3.06d/f cost=2.62ms ran=0 pulse=0.00ms loop=0.00ms full=0.31ms carry=0.47 barrier=
[economy-open-finish] day=2000 country=0.319 workset=0.022 fiscal=0.033 csr=0.004 recovery=0.001 vectors=0.620 audit=0.419 commands=0.000
[economy-prelude-cost] day=2000 ms=1.710 pending=0
[economy-aggregate-cost] day=2000 publish_ms=1.909 native_hash_ms=1.345
[economy-ledger-cost] day=2000 copy_ms=0.396 validate_ms=0.143 hash_ms=1.147 cohorts=384 markets=321600
[economy-boundary-cost] day=2000 formulas_ms=8.510 stages_ms=6.543 mirror_ms=2.931
[runtime-day-cost] day=2000 ok=1 ms=14.775
[clock/step] delta=6.9ms speed=50x target=0.34d cap=5.11d/f cost=1.57ms ran=0 pulse=0.00ms loop=0.00ms full=0.19ms carry=0.44 barrier=
[clock/step] delta=6.9ms speed=50x target=0.34d cap=2.77d/f cost=2.97ms ran=1 pulse=0.00ms loop=3.29ms full=3.49ms carry=0.09 barrier=
[economy-open-finish] day=2100 country=0.294 workset=0.018 fiscal=0.028 csr=0.004 recovery=0.001 vectors=0.533 audit=0.395 commands=0.001
[economy-prelude-cost] day=2100 ms=1.530 pending=0
[economy-aggregate-cost] day=2100 publish_ms=2.094 native_hash_ms=1.363
[economy-ledger-cost] day=2100 copy_ms=0.366 validate_ms=0.139 hash_ms=1.115 cohorts=384 markets=321600
[economy-boundary-cost] day=2100 formulas_ms=7.875 stages_ms=6.102 mirror_ms=2.820
[runtime-day-cost] day=2100 ok=1 ms=15.091
[clock/step] delta=6.9ms speed=50x target=0.34d cap=2.43d/f cost=3.30ms ran=0 pulse=0.00ms loop=0.00ms full=0.21ms carry=0.77 barrier=
[clock/step] delta=6.9ms speed=50x target=0.34d cap=2.28d/f cost=3.56ms ran=1 pulse=0.00ms loop=3.75ms full=3.94ms carry=0.15 barrier=
[clock/step] delta=6.9ms speed=50x target=0.35d cap=2.72d/f cost=2.95ms ran=0 pulse=0.00ms loop=0.00ms full=0.18ms carry=0.52 barrier=
[economy-open-finish] day=2200 country=0.296 workset=0.020 fiscal=0.030 csr=0.004 recovery=0.001 vectors=0.526 audit=0.399 commands=0.000
[economy-prelude-cost] day=2200 ms=1.529 pending=0
[economy-aggregate-cost] day=2200 publish_ms=1.500 native_hash_ms=1.309
[economy-ledger-cost] day=2200 copy_ms=0.424 validate_ms=0.137 hash_ms=1.220 cohorts=384 markets=321600
[economy-boundary-cost] day=2200 formulas_ms=7.131 stages_ms=5.361 mirror_ms=2.981
[runtime-day-cost] day=2200 ok=1 ms=13.359
[clock/step] delta=6.9ms speed=50x target=0.35d cap=3.38d/f cost=2.37ms ran=0 pulse=0.00ms loop=0.00ms full=0.26ms carry=0.84 barrier=
[clock/step] delta=6.9ms speed=50x target=0.34d cap=2.18d/f cost=3.79ms ran=1 pulse=0.00ms loop=4.24ms full=4.46ms carry=0.24 barrier=
[economy-open-finish] day=2300 country=0.303 workset=0.020 fiscal=0.029 csr=0.004 recovery=0.001 vectors=0.575 audit=0.409 commands=0.000
[economy-prelude-cost] day=2300 ms=1.650 pending=0
[economy-aggregate-cost] day=2300 publish_ms=1.837 native_hash_ms=1.348
[economy-ledger-cost] day=2300 copy_ms=0.421 validate_ms=0.145 hash_ms=1.187 cohorts=384 markets=321600
[economy-boundary-cost] day=2300 formulas_ms=7.745 stages_ms=5.846 mirror_ms=3.026
[runtime-day-cost] day=2300 ok=1 ms=14.900
[clock/step] delta=6.9ms speed=50x target=0.35d cap=2.84d/f cost=2.82ms ran=0 pulse=0.00ms loop=0.00ms full=0.33ms carry=0.75 barrier=
[clock/step] delta=6.9ms speed=50x target=0.34d cap=2.47d/f cost=3.18ms ran=1 pulse=0.00ms loop=2.97ms full=3.15ms carry=0.18 barrier=
[clock/step] delta=6.9ms speed=50x target=0.34d cap=5.22d/f cost=1.41ms ran=1 pulse=0.00ms loop=0.93ms full=1.51ms carry=0.21 barrier=climate_input_capacity_day_barrier
[economy-open-finish] day=2400 country=0.300 workset=0.019 fiscal=0.031 csr=0.004 recovery=0.001 vectors=0.526 audit=0.403 commands=0.000
[economy-prelude-cost] day=2400 ms=1.544 pending=0
[economy-aggregate-cost] day=2400 publish_ms=2.165 native_hash_ms=2.625
[economy-ledger-cost] day=2400 copy_ms=0.728 validate_ms=0.271 hash_ms=2.101 cohorts=384 markets=321600
[economy-boundary-cost] day=2400 formulas_ms=9.799 stages_ms=8.013 mirror_ms=5.438
[runtime-day-cost] day=2400 ok=1 ms=19.180
[clock/step] delta=6.9ms speed=50x target=0.34d cap=3.94d/f cost=2.03ms ran=0 pulse=0.00ms loop=0.00ms full=0.19ms carry=0.83 barrier=
[clock/step] delta=6.9ms speed=50x target=0.34d cap=2.48d/f cost=3.22ms ran=0 pulse=0.00ms loop=0.00ms full=0.21ms carry=0.86 barrier=
[economy-open-finish] day=2500 country=0.311 workset=0.022 fiscal=0.034 csr=0.004 recovery=0.001 vectors=0.536 audit=0.409 commands=0.000
[economy-prelude-cost] day=2500 ms=1.606 pending=0
[economy-aggregate-cost] day=2500 publish_ms=2.155 native_hash_ms=1.363
[economy-ledger-cost] day=2500 copy_ms=0.453 validate_ms=0.138 hash_ms=1.110 cohorts=384 markets=321600
[economy-boundary-cost] day=2500 formulas_ms=7.935 stages_ms=6.059 mirror_ms=2.905
[runtime-day-cost] day=2500 ok=1 ms=14.702
[clock/step] delta=6.9ms speed=50x target=0.34d cap=8.00d/f cost=0.82ms ran=0 pulse=0.00ms loop=0.00ms full=0.25ms carry=0.89 barrier=
[clock/step] delta=6.9ms speed=50x target=0.34d cap=1.80d/f cost=4.45ms ran=0 pulse=0.00ms loop=0.00ms full=0.20ms carry=0.54 barrier=
[clock/step] delta=6.9ms speed=50x target=0.34d cap=4.54d/f cost=1.76ms ran=0 pulse=0.12ms loop=0.00ms full=0.68ms carry=0.23 barrier=climate_input_capacity_day_barrier
[economy-open-finish] day=2600 country=0.306 workset=0.021 fiscal=0.031 csr=0.004 recovery=0.001 vectors=0.536 audit=0.408 commands=0.000
[economy-prelude-cost] day=2600 ms=1.598 pending=0
[economy-aggregate-cost] day=2600 publish_ms=2.682 native_hash_ms=1.803
[economy-ledger-cost] day=2600 copy_ms=0.613 validate_ms=0.233 hash_ms=1.410 cohorts=384 markets=321600
[economy-boundary-cost] day=2600 formulas_ms=9.778 stages_ms=7.928 mirror_ms=3.522
[runtime-day-cost] day=2600 ok=1 ms=16.561
[clock/step] delta=6.9ms speed=50x target=0.34d cap=2.58d/f cost=3.10ms ran=0 pulse=0.00ms loop=0.00ms full=0.21ms carry=0.50 barrier=
[clock/step] delta=6.9ms speed=50x target=0.34d cap=2.47d/f cost=3.24ms ran=0 pulse=0.00ms loop=0.00ms full=0.25ms carry=0.81 barrier=
[economy-open-finish] day=2700 country=0.323 workset=0.026 fiscal=0.039 csr=0.004 recovery=0.001 vectors=0.622 audit=1.053 commands=0.001
[economy-prelude-cost] day=2700 ms=2.558 pending=0
[economy-aggregate-cost] day=2700 publish_ms=2.355 native_hash_ms=1.428
[economy-ledger-cost] day=2700 copy_ms=0.516 validate_ms=0.145 hash_ms=1.162 cohorts=384 markets=321600
[economy-boundary-cost] day=2700 formulas_ms=9.630 stages_ms=6.801 mirror_ms=3.093
[runtime-day-cost] day=2700 ok=1 ms=18.096
[clock/step] delta=6.9ms speed=50x target=0.34d cap=4.56d/f cost=2.07ms ran=1 pulse=0.00ms loop=3.33ms full=3.51ms carry=0.12 barrier=
[clock/step] delta=6.9ms speed=50x target=0.34d cap=2.92d/f cost=2.74ms ran=0 pulse=0.00ms loop=0.00ms full=0.17ms carry=0.49 barrier=
[clock/step] delta=6.9ms speed=50x target=0.34d cap=2.47d/f cost=3.23ms ran=0 pulse=0.00ms loop=0.00ms full=0.18ms carry=0.52 barrier=
[economy-open-finish] day=2800 country=0.326 workset=0.021 fiscal=0.028 csr=0.004 recovery=0.001 vectors=0.549 audit=0.420 commands=0.001
[economy-prelude-cost] day=2800 ms=1.949 pending=0
[economy-aggregate-cost] day=2800 publish_ms=2.156 native_hash_ms=1.425
[economy-ledger-cost] day=2800 copy_ms=0.488 validate_ms=0.141 hash_ms=1.620 cohorts=384 markets=321600
[economy-boundary-cost] day=2800 formulas_ms=9.173 stages_ms=6.846 mirror_ms=3.491
[runtime-day-cost] day=2800 ok=1 ms=16.180
[clock/step] delta=6.9ms speed=50x target=0.34d cap=2.23d/f cost=3.72ms ran=1 pulse=0.00ms loop=4.26ms full=4.47ms carry=0.18 barrier=
[clock/step] delta=6.9ms speed=50x target=0.34d cap=2.32d/f cost=3.45ms ran=0 pulse=0.00ms loop=0.00ms full=0.27ms carry=0.86 barrier=
[economy-open-finish] day=2900 country=0.303 workset=0.021 fiscal=0.031 csr=0.004 recovery=0.001 vectors=0.678 audit=0.425 commands=0.000
[economy-prelude-cost] day=2900 ms=1.798 pending=0
[economy-aggregate-cost] day=2900 publish_ms=1.436 native_hash_ms=1.327
[economy-ledger-cost] day=2900 copy_ms=0.424 validate_ms=0.136 hash_ms=1.092 cohorts=384 markets=321600
[economy-boundary-cost] day=2900 formulas_ms=7.349 stages_ms=5.303 mirror_ms=2.810
[runtime-day-cost] day=2900 ok=1 ms=14.309
[clock/step] delta=6.9ms speed=50x target=0.35d cap=8.00d/f cost=0.97ms ran=0 pulse=0.10ms loop=0.00ms full=0.57ms carry=0.18 barrier=climate_input_capacity_day_barrier
[clock/step] delta=6.9ms speed=50x target=0.34d cap=8.00d/f cost=0.52ms ran=0 pulse=0.00ms loop=0.00ms full=0.22ms carry=0.44 barrier=
[clock/step] delta=6.9ms speed=50x target=0.35d cap=7.29d/f cost=0.94ms ran=1 pulse=0.00ms loop=0.31ms full=0.44ms carry=0.11 barrier=climate_input_capacity_day_barrier
[economy-open-finish] day=3000 country=0.517 workset=0.026 fiscal=0.036 csr=0.005 recovery=0.001 vectors=0.847 audit=0.819 commands=0.001
[economy-prelude-cost] day=3000 ms=2.651 pending=0
[economy-aggregate-cost] day=3000 publish_ms=2.886 native_hash_ms=1.877
[economy-ledger-cost] day=3000 copy_ms=0.580 validate_ms=0.217 hash_ms=1.224 cohorts=384 markets=321600
[economy-boundary-cost] day=3000 formulas_ms=11.547 stages_ms=8.447 mirror_ms=3.308
[runtime-day-cost] day=3000 ok=1 ms=20.829
[clock/step] delta=6.9ms speed=50x target=0.35d cap=8.00d/f cost=0.56ms ran=0 pulse=0.00ms loop=0.00ms full=0.33ms carry=0.87 barrier=
[clock/step] delta=6.9ms speed=50x target=0.35d cap=3.75d/f cost=1.82ms ran=1 pulse=0.00ms loop=0.59ms full=1.05ms carry=0.31 barrier=climate_input_capacity_day_barrier
[clock/step] delta=6.9ms speed=50x target=0.35d cap=4.60d/f cost=1.74ms ran=0 pulse=0.09ms loop=0.00ms full=0.49ms carry=0.20 barrier=climate_input_capacity_day_barrier
[perf-record] exported rows=2855 cols=234 → D:/Godot/ProjectKeynes/Project.Keynes/tmp/worker_timing60/perf.csv
[stage-c/client] complete mode=ACTIVE frames=8669 fast_ticks=2855 perf=D:/Godot/ProjectKeynes/Project.Keynes/tmp/worker_timing60/perf.csv
ERROR: [stage-c/client] health failed: native rate 47.713 < 49.000
   at: push_error (core/variant/variant_utility.cpp:1024)
   GDScript backtrace (most recent call first):
       [0] _finish_recording (res://tests/authority_stage_c_client_runner.gd:414)
       [1] _process (res://tests/authority_stage_c_client_runner.gd:326)
ERROR: 44 RID allocations of type 'PN13RendererDummy14TextureStorage12DummyTextureE' were leaked at exit.
ERROR: 16 RID allocations of type 'PN18TextServerAdvanced22ShapedTextDataAdvancedE' were leaked at exit.
ERROR: 1 RID allocations of type 'PN18TextServerAdvanced12FontAdvancedE' were leaked at exit.
WARNING: ObjectDB instances leaked at exit (run with --verbose for details).
   at: cleanup (core/object/object.cpp:2641)
ERROR: 986 resources still in use at exit (run with --verbose for details).
   at: clear (core/io/resource.cpp:810)
