Godot Engine v4.6.2.stable.official.71f334935 - https://godotengine.org

[ui-layout-diag/bind_ui] is_web=false viewport_visible_rect=[P: (0.0, 0.0), S: (51.2, 51.2)] window_size=(64, 64) content_scale_factor=1.250 content_scale_mode=0 device_pixel_ratio=-1.000 top_bar_rect=[P: (0.0, 0.0), S: (543.0, 56.0)] right_panel_rect=[P: (-408.8, 68.0), S: (460.0, 366.0)] country_action_bar_rect=[P: (8.0, -30.8), S: (336.0, 74.0)]
[stage-c] authority=ACTIVE worker=ACTIVE
[building-visual] queue_probe ticks=1 queued=0 chunk=-1 camera_rect=[P: (-25.6, -25.6), S: (51.2, 51.2)] prefetch=false zoom=1.000
[building-visual] queue_probe ticks=2 queued=0 chunk=-1 camera_rect=[P: (-25.6, -25.6), S: (51.2, 51.2)] prefetch=false zoom=1.000
[native_generation/base] path=gdext algorithm=post_base_priority_flood_hydrology_v3 n=2400 native_ms=6.348 water=1553 land=847
[native_generation/post_base] path=gdext algorithm=post_base_priority_flood_hydrology_v3 n=2400 native_ms=1.320 lakes=4 rivers=105 volcanoes=0
[native_generation/vegetation] native_ms=0.477 candidates=841 none=1169 score=[0.000,1.236,1.114] plant_water_land=856 river_adjacent_desert=0 coastal_highland_desert=0 terrain_weight=[0.180,1.200]
[native_generation/qa] single_water=0 tiny<=3=0 small<=5=0 bodies=1 largest=1544 | land_below_sea=0.7% | terr_distinct=21 entropy=3.183bit | river_ratio=4.375%
MapGenerator v7: per-cell 61ms (2400 cells, path=gdext)
[building-visual] queue_probe ticks=3 queued=0 chunk=-1 camera_rect=[P: (-25.6, -25.6), S: (51.2, 51.2)] prefetch=false zoom=1.000
MapBaker v6: hm=(1024, 606) seed=1735228708
    [fused] terrain=65.7ms erosion=1.9ms(ok=true) river=11.1ms(ok=true) latitude=0.1ms coast_sdf=4.7ms(ok=true)
  geometry fields (fused C++): 137ms
  physical circulation hex solve: deferred until DCWorldExt bind (ext=true idx=true soa=false)
  wind/ocean pixel buffers: skipped (ocean_current_visual off)
  visual tiles: {"degradation_reason":"","effective_budget_px":1717248,"effective_texels_per_hex":16.0059221751742,"effective_world_units_per_texel":"(1.373983, 1.375)","estimated_peak_bytes":68402880,"estimated_resident_bytes":40340160,"fallback_reason":"","generation_id":1,"grid_size":"(4, 3)","gutter_px":2,"hex_size":22.0,"horizon_path":"neutral_pending","interior_size":"(416, 344)","layer_size":"(420, 348)","layers":[{"bake_ms":46.7743,"coast_sdf_max_dist_px":13.6162309214075,"distance_scale":1.70202886517594,"edge_distance_saturate_hex":0.9,"edge_distance_units":"normalized_hex_center_gap","hashes":{"edge_distance":-4603098080143260562,"edge_neighbor":4057764273350575789,"height":-9124830669634210576,"map_index":1015450256520461008,"terrain_detail":1415298026641868910,"terrain_normal":4240255112308713771,"water_depth":2330624858830770480},"layer":0,"normal_radius_px":"(22, 22)","raster_scale":"(1.701088, 1.70297)","river_sdf_max_dist_px":5.9571010281158,"shore_carve_band_px":10,"upload_ms":0.075,"wall_ms":46.976},{"bake_ms":59.2681,"coast_sdf_max_dist_px":13.6162309214075,"distance_scale":1.70202886517594,"edge_distance_saturate_hex":0.9,"edge_distance_units":"normalized_hex_center_gap","hashes":{"edge_distance":4583573183968817086,"edge_neighbor":6466940111421570636,"height":5790856781181676511,"map_index":5990047724644026299,"terrain_detail":1806575389526097655,"terrain_normal":3908465376956190299,"water_depth":2547432928052609473},"layer":1,"normal_radius_px":"(22, 22)","raster_scale":"(1.701088, 1.70297)","river_sdf_max_dist_px":5.9571010281158,"shore_carve_band_px":10,"upload_ms":0.06,"wall_ms":59.414},{"bake_ms":69.0918,"coast_sdf_max_dist_px":13.6162309214075,"distance_scale":1.70202886517594,"edge_distance_saturate_hex":0.9,"edge_distance_units":"normalized_hex_center_gap","hashes":{"edge_distance":-2526323355750389439,"edge_neighbor":7015029410290978361,"height":-8150332218754556700,"map_index":329090656303652193,"terrain_detail":-392433696576850044,"terrain_normal":-4965863177888236808,"water_depth":-7217348512352819415},"layer":2,"normal_radius_px":"(22, 22)","raster_scale":"(1.701088, 1.70297)","river_sdf_max_dist_px":5.9571010281158,"shore_carve_band_px":10,"upload_ms":0.061,"wall_ms":69.239},{"bake_ms":91.7353,"coast_sdf_max_dist_px":13.6162309214075,"distance_scale":1.70202886517594,"edge_distance_saturate_hex":0.9,"edge_distance_units":"normalized_hex_center_gap","hashes":{"edge_distance":-4179826732684646787,"edge_neighbor":-5337848294581530626,"height":-7426228563537643593,"map_index":1239439826928151201,"terrain_detail":-8513326582372265254,"terrain_normal":8092780547537771097,"water_depth":-6092640318278072007},"layer":3,"normal_radius_px":"(22, 22)","raster_scale":"(1.701088, 1.70297)","river_sdf_max_dist_px":5.9571010281158,"shore_carve_band_px":10,"upload_ms":0.082,"wall_ms":91.939},{"bake_ms":54.7053,"coast_sdf_max_dist_px":13.6162309214075,"distance_scale":1.70202886517594,"edge_distance_saturate_hex":0.9,"edge_distance_units":"normalized_hex_center_gap","hashes":{"edge_distance":2136869506241081992,"edge_neighbor":-8797880867138963685,"height":-4924567352001132959,"map_index":-4231209514887179977,"terrain_detail":8772909128008927660,"terrain_normal":-6784207502925496102,"water_depth":-7492134226470272506},"layer":4,"normal_radius_px":"(22, 22)","raster_scale":"(1.701088, 1.70297)","river_sdf_max_dist_px":5.9571010281158,"shore_carve_band_px":10,"upload_ms":0.063,"wall_ms":54.874},{"bake_ms":92.5725,"coast_sdf_max_dist_px":13.6162309214075,"distance_scale":1.70202886517594,"edge_distance_saturate_hex":0.9,"edge_distance_units":"normalized_hex_center_gap","hashes":{"edge_distance":6673149775916606392,"edge_neighbor":-8413630352766524385,"height":-6889378239635599087,"map_index":-3551392040916973266,"terrain_detail":1687709548716503895,"terrain_normal":3946453442722986154,"water_depth":6600269933117438995},"layer":5,"normal_radius_px":"(22, 22)","raster_scale":"(1.701088, 1.70297)","river_sdf_max_dist_px":5.9571010281158,"shore_carve_band_px":10,"upload_ms":0.068,"wall_ms":92.742},{"bake_ms":61.5832,"coast_sdf_max_dist_px":13.6162309214075,"distance_scale":1.70202886517594,"edge_distance_saturate_hex":0.9,"edge_distance_units":"normalized_hex_center_gap","hashes":{"edge_distance":361706081270387103,"edge_neighbor":-8688139845739281855,"height":699499231114171702,"map_index":-2682228531129457940,"terrain_detail":-8811551234231146331,"terrain_normal":-265631937775218288,"water_depth":6856409090380917935},"layer":6,"normal_radius_px":"(22, 22)","raster_scale":"(1.701088, 1.70297)","river_sdf_max_dist_px":5.9571010281158,"shore_carve_band_px":10,"upload_ms":0.065,"wall_ms":61.741},{"bake_ms":67.7541,"coast_sdf_max_dist_px":13.6162309214075,"distance_scale":1.70202886517594,"edge_distance_saturate_hex":0.9,"edge_distance_units":"normalized_hex_center_gap","hashes":{"edge_distance":-6250500223095183093,"edge_neighbor":5418444607076768559,"height":1419229568066409352,"map_index":4380956599171502337,"terrain_detail":-894743883384344824,"terrain_normal":4459428523621274975,"water_depth":-6366031586637808975},"layer":7,"normal_radius_px":"(22, 22)","raster_scale":"(1.701088, 1.70297)","river_sdf_max_dist_px":5.9571010281158,"shore_carve_band_px":10,"upload_ms":0.061,"wall_ms":67.904},{"bake_ms":67.213,"coast_sdf_max_dist_px":13.6162309214075,"distance_scale":1.70202886517594,"edge_distance_saturate_hex":0.9,"edge_distance_units":"normalized_hex_center_gap","hashes":{"edge_distance":8492285698888321900,"edge_neighbor":3199635046979891388,"height":4828838600007938123,"map_index":-7514139010467297966,"terrain_detail":-8950604297692130837,"terrain_normal":-3593785506946687824,"water_depth":5761060537573716235},"layer":8,"normal_radius_px":"(22, 22)","raster_scale":"(1.701088, 1.70297)","river_sdf_max_dist_px":5.9571010281158,"shore_carve_band_px":10,"upload_ms":0.064,"wall_ms":67.363},{"bake_ms":90.8319,"coast_sdf_max_dist_px":13.6162309214075,"distance_scale":1.70202886517594,"edge_distance_saturate_hex":0.9,"edge_distance_units":"normalized_hex_center_gap","hashes":{"edge_distance":9117926548072241235,"edge_neighbor":-7557104988675294500,"height":618468365387938347,"map_index":-5885543932102826664,"terrain_detail":3877245088374033799,"terrain_normal":-6778421208245397131,"water_depth":2200779154463963187},"layer":9,"normal_radius_px":"(22, 22)","raster_scale":"(1.701088, 1.70297)","river_sdf_max_dist_px":5.9571010281158,"shore_carve_band_px":10,"upload_ms":0.059,"wall_ms":90.975},{"bake_ms":41.7307,"coast_sdf_max_dist_px":13.6162309214075,"distance_scale":1.70202886517594,"edge_distance_saturate_hex":0.9,"edge_distance_units":"normalized_hex_center_gap","hashes":{"edge_distance":-3745585455065177449,"edge_neighbor":2404961067888014635,"height":-3115442796632843800,"map_index":-6211809985430628861,"terrain_detail":1161812488860344551,"terrain_normal":6456972146840247766,"water_depth":1987210436922770546},"layer":10,"normal_radius_px":"(22, 22)","raster_scale":"(1.701088, 1.70297)","river_sdf_max_dist_px":5.9571010281158,"shore_carve_band_px":10,"upload_ms":0.056,"wall_ms":41.855},{"bake_ms":40.0021,"coast_sdf_max_dist_px":13.6162309214075,"distance_scale":1.70202886517594,"edge_distance_saturate_hex":0.9,"edge_distance_units":"normalized_hex_center_gap","hashes":{"edge_distance":-1470570636688572573,"edge_neighbor":-6057560351645416949,"height":-5827593206795043862,"map_index":-2248414732901839783,"terrain_detail":7630543887994105174,"terrain_normal":8582387156502791927,"water_depth":-6103088449435849452},"layer":11,"normal_radius_px":"(22, 22)","raster_scale":"(1.701088, 1.70297)","river_sdf_max_dist_px":5.9571010281158,"shore_carve_band_px":10,"upload_ms":0.062,"wall_ms":40.149}],"logical_size":"(1664, 1032)","mode":"tiled","path":"visual_tiled_static","profile":"desktop_high","renderer":"mobile","requested_budget_px":1716216,"requested_texels_per_hex":16.0,"requested_tile_world_span":"(704.0, 704.0)","requested_world_units_per_texel":1.375,"tile_world_area":270355.817993164,"tile_world_span":"(571.5768, 473.0)","total_ms":788.491,"visual_domain":"[P: (0.0, -44.0), S: (2286.307, 1419.0)]","wrap_period_x":2286.30706599092,"wrap_x":true}
WARNING: Loaded resource as image file, this will not work on export: 'res://assets/textures/terrain_materials/organic.png'. Instead, import the image file as an Image resource and load it normally as a resource.
   at: load (core/io/image.cpp:2756)
   GDScript backtrace (most recent call first):
       [0] _build_terrain_material_tex (res://scripts/rendering/map_baker.gd:360)
       [1] get_or_build_shared_terrain_material_tex (res://scripts/rendering/map_baker.gd:343)
       [2] bake_world (res://scripts/rendering/map_baker.gd:1187)
       [3] _yield_generation_frame (res://scripts/rendering/map_baker.gd:1225)
WARNING: Loaded resource as image file, this will not work on export: 'res://assets/textures/terrain_materials/dry_sand.png'. Instead, import the image file as an Image resource and load it normally as a resource.
   at: load (core/io/image.cpp:2756)
   GDScript backtrace (most recent call first):
       [0] _build_terrain_material_tex (res://scripts/rendering/map_baker.gd:360)
       [1] get_or_build_shared_terrain_material_tex (res://scripts/rendering/map_baker.gd:343)
       [2] bake_world (res://scripts/rendering/map_baker.gd:1187)
       [3] _yield_generation_frame (res://scripts/rendering/map_baker.gd:1225)
WARNING: Loaded resource as image file, this will not work on export: 'res://assets/textures/terrain_materials/rock.png'. Instead, import the image file as an Image resource and load it normally as a resource.
   at: load (core/io/image.cpp:2756)
   GDScript backtrace (most recent call first):
       [0] _build_terrain_material_tex (res://scripts/rendering/map_baker.gd:360)
       [1] get_or_build_shared_terrain_material_tex (res://scripts/rendering/map_baker.gd:343)
       [2] bake_world (res://scripts/rendering/map_baker.gd:1187)
       [3] _yield_generation_frame (res://scripts/rendering/map_baker.gd:1225)
WARNING: Loaded resource as image file, this will not work on export: 'res://assets/textures/terrain_materials/snow_wet.png'. Instead, import the image file as an Image resource and load it normally as a resource.
   at: load (core/io/image.cpp:2756)
   GDScript backtrace (most recent call first):
       [0] _build_terrain_material_tex (res://scripts/rendering/map_baker.gd:360)
       [1] get_or_build_shared_terrain_material_tex (res://scripts/rendering/map_baker.gd:343)
       [2] bake_world (res://scripts/rendering/map_baker.gd:1187)
       [3] _yield_generation_frame (res://scripts/rendering/map_baker.gd:1225)
  cell LUT encode: deferred until DCWorldExt bind
  encode: 2894ms
MapBaker v6: total 3038ms
MapGenerator v7: bake 3059ms
MapGenerator: skip _compute_ocean_currents (physical-hex path writes per-cell directly)
MapGenerator: skip _compute_terrain_perturbed_wind (physical-hex solver writes per-cell)
[SUS] sim budget strict=false frame=8.00ms warn=2.00ms slice=0.75ms upload=1.50ms scheduler=DCSystemScheduler native_sus=auto
[DCWorldExt] bind_map_data: 148 components bound (auto-registered=148; snapshot model; see world_ext.cpp comment & charter Â§11)
[DataCore] _data_core_world_ext bound=true (climate co-processor; class=DCWorldExt)
[native_world] configure rc=0 reason=configured cells=2400 wrap_period_x=103.923
[native_generation] path=gdext n=2400 published=9 native_ms=0.094 compute_ms=0.051 flush_ms=0.043
[hex_cell] facade ENABLED (2400 cells bound; ext=true)
[DataCore] _baker climate_profile injected=true (fixes WorldData.config==null sea_ice prepare path)
[phys_solve][oneshot] OK slp=0.90ms wind=0.42ms psi=0.30ms(ran=true) upwelling=0.04ms total=2.07ms
PhysicalCirculation solve@phase=1.50 total=2ms (C++ one-shot run_physical_solve_pass)
  wind/ocean pixel buffers: skipped (ocean_current_visual off)
[physical_init] deferred native refresh complete: 2ms
[cell_lut] deferred encode: 2ms path=gdext
[bio-occupancy] seed landmasses=10 provinces=10 species=20 secondary_hearths=22
[bio-occupancy]   bio.maize envelope=56 hearth=17 seeded_landmasses=1 primary_landmass=8 primary_envelope=31 occupied=17 occupied/envelope=0.55
[bio-occupancy]   bio.wheat envelope=225 hearth=58 seeded_landmasses=3 primary_landmass=1 primary_envelope=21 occupied=58 occupied/envelope=2.76
[bio-occupancy]   bio.rice envelope=71 hearth=19 seeded_landmasses=4 primary_landmass=2 primary_envelope=23 occupied=19 occupied/envelope=0.83
[bio-occupancy]   bio.potato envelope=163 hearth=55 seeded_landmasses=3 primary_landmass=8 primary_envelope=86 occupied=55 occupied/envelope=0.64
[bio-occupancy]   bio.horse envelope=242 hearth=48 seeded_landmasses=4 primary_landmass=2 primary_envelope=70 occupied=48 occupied/envelope=0.69
[bio-occupancy]   bio.cotton envelope=119 hearth=12 seeded_landmasses=1 primary_landmass=7 primary_envelope=22 occupied=12 occupied/envelope=0.55
[bio-occupancy]   bio.flax envelope=212 hearth=17 seeded_landmasses=2 primary_landmass=1 primary_envelope=21 occupied=17 occupied/envelope=0.81
[bio-occupancy]   bio.spice envelope=100 hearth=8 seeded_landmasses=2 primary_landmass=2 primary_envelope=26 occupied=8 occupied/envelope=0.31
[bio-occupancy]   bio.rubber envelope=56 hearth=7 seeded_landmasses=1 primary_landmass=7 primary_envelope=15 occupied=7 occupied/envelope=0.47
[bio-occupancy]   bio.sheep envelope=34 hearth=8 seeded_landmasses=1 primary_landmass=8 primary_envelope=17 occupied=8 occupied/envelope=0.47
[bio-occupancy]   bio.goat envelope=405 hearth=98 seeded_landmasses=4 primary_landmass=8 primary_envelope=187 occupied=98 occupied/envelope=0.52
[bio-occupancy]   bio.cattle envelope=13 hearth=5 seeded_landmasses=1 primary_landmass=8 primary_envelope=11 occupied=5 occupied/envelope=0.45
[bio-occupancy]   bio.pig envelope=287 hearth=89 seeded_landmasses=5 primary_landmass=8 primary_envelope=129 occupied=89 occupied/envelope=0.69
[bio-occupancy]   bio.camel envelope=45 hearth=6 seeded_landmasses=1 primary_landmass=6 primary_envelope=13 occupied=6 occupied/envelope=0.46
[bio-occupancy]   bio.yak envelope=192 hearth=68 seeded_landmasses=3 primary_landmass=2 primary_envelope=83 occupied=68 occupied/envelope=0.82
[bio-occupancy]   bio.silkworm envelope=144 hearth=23 seeded_landmasses=1 primary_landmass=8 primary_envelope=57 occupied=23 occupied/envelope=0.40
[bio-occupancy]   bio.reed envelope=148 hearth=31 seeded_landmasses=4 primary_landmass=8 primary_envelope=60 occupied=31 occupied/envelope=0.52
[bio-occupancy]   bio.bast_fiber envelope=279 hearth=65 seeded_landmasses=1 primary_landmass=8 primary_envelope=136 occupied=65 occupied/envelope=0.48
[bio-occupancy]   bio.dye_plant envelope=122 hearth=38 seeded_landmasses=2 primary_landmass=8 primary_envelope=53 occupied=38 occupied/envelope=0.72
[bio-occupancy]   bio.medicinal_herb envelope=371 hearth=151 seeded_landmasses=5 primary_landmass=8 primary_envelope=168 occupied=151 occupied/envelope=0.90
[bio-occupancy]   landmass 1 classes=cold_grazer, fiber_forest, dry_grazer, highland_food, open_food, open_grazer, fiber_open, forest_grazer foods=potato, wheat
[bio-occupancy]   landmass 2 classes=cold_grazer, fiber_forest, dry_grazer, open_grazer, fiber_wet, forest_grazer, open_food, highland_food, fiber_open, wetland_food, tropical foods=wheat, potato, rice
[bio-occupancy]   landmass 3 classes=none foods=none
[bio-occupancy]   landmass 4 classes=none foods=none
[bio-occupancy]   landmass 5 classes=none foods=none
[bio-occupancy]   landmass 6 classes=wetland_food, forest_grazer, fiber_wet, fiber_forest, open_grazer, dry_grazer, fiber_open, tropical foods=rice
[bio-occupancy]   landmass 7 classes=fiber_open, tropical, dry_grazer, open_food, open_grazer, fiber_forest, wetland_food, forest_grazer, fiber_wet foods=wheat, rice
[bio-occupancy]   landmass 8 classes=tropical, fiber_open, forest_grazer, dry_grazer, open_food, fiber_forest, wetland_food, open_grazer, highland_food, fiber_wet, cold_grazer foods=maize, rice, potato
[bio-occupancy]   landmass 9 classes=none foods=none
[bio-occupancy]   landmass 10 classes=none foods=none
[weather] gdext acceleration ON (class=DCWorldExt)
[weather] gdext field commit ON
[weather] gdext distribute ON
[weather] gdext summary ON
[weather] hexcell facade ON (skip AoS double-write in hot loop)
[weather] gdext resident knobs ON (class=KnobsHandle)
[economy] ACTIVE native graph cells=2400 goods=134 cohorts=24 epoch_days=1 trade=ACTIVE topology_ready=true topology_generation=1 bootstrap=starter_settlement_bootstrap_v9 founder_families=6 founder_people=6
[country] ACTIVE native authority countries=6 cells=2400 generation=1
[weather/knobs] resident KnobsHandle path ACTIVE — first to_*_knobs_dict hit (field_rebuild_count=1 expected ≤1; stable Hz target ≤1 Hz)
[native_daily] ACTIVE: registered native_daily_sim + natural_resource_daily + bio_occupancy_daily; retained season_refresh + ocean_currents boundary jobs
[DCSystemScheduler] topology: ["season_refresh", "trigger_runtime", "ideology_runtime", "effect_runtime", "modifier_daily", "gameplay_effect", "natural_resource_daily", "bio_occupancy_daily", "enum_atlas_upload", "ocean_currents", "native_daily_sim", "dynamic_visual_atlas_upload", "country_daily", "economy_daily"]
WARNING: [runtime-climate-round] no ClimateDailySystem; SHADOW capture carries no shared pass input
   at: push_warning (core/variant/variant_utility.cpp:1034)
   GDScript backtrace (most recent call first):
       [0] _build_runtime_climate_round_input (res://scripts/geography/map_generator.gd:4651)
       [1] capture_runtime_inputs_for_worker (res://scripts/geography/map_generator.gd:2351)
       [2] generate_world (res://scripts/game/world_runtime_host.gd:609)
       [3] generate (res://scripts/geography/map_generator.gd:1606)
       [4] _yield_generation_frame (res://scripts/geography/map_generator.gd:19867)
WARNING: [runtime-worker] Ideology opinion publish deferred: ideology_opinion_snapshot_invalid
   at: push_warning (core/variant/variant_utility.cpp:1034)
   GDScript backtrace (most recent call first):
       [0] _start_production_shadow_worker (res://scripts/game/world_runtime_host.gd:700)
       [1] generate_world (res://scripts/game/world_runtime_host.gd:618)
       [2] generate (res://scripts/geography/map_generator.gd:1606)
       [3] _yield_generation_frame (res://scripts/geography/map_generator.gd:19867)
[runtime-worker] production ACTIVE started mask=4095 auto_pod=true
[runtime-day-wait] day=1 env_day=0 missing=0x3ff economy_input=-1
[building-visual] intel_refresh requested=32 changed=1 known=1 catalog=400 resident=0 body=0 queued=0 zoom=1.000
[DCSystemScheduler][RT] ocean_skip#1 tick=1 reason=policy_gated slices=0 elapsed=0.000 progress=0.000 source=day_changed
[climate][publish] day=0 round_ran=1 prod_stage=0xff scalar_mask=0x7f alb=0 veg=0 fb=0 weather=0 sr=0 ok=1
[climate/worker][b8] physics_knobs day=1 ready=0 missing=physics_knobs
[climate-kernel][round] shared=1 ok=1 n_cells=2400 mask=0x1FF ran=0x1FF starved=0x0 knobs_cells=2400
[DCSystemScheduler][RT] ocean_skip#2 tick=2 reason=policy_gated slices=0 elapsed=0.000 progress=0.000 source=day_changed
[country][parity] worker_day=1 uncompared reference_range=-1..-1 depth=0
[economy-mirror-cost] day=1 capture_ms=2.575 import_ms=5.475
[phys/knobs] projection ready: slp=31 wind=33 psi=26 up=10
[climate/writeback][b8] day=1 vapor store0=0 map0=0 dirty_fields=42 applied=42
[climate/worker][b8] physics_knobs day=2 ready=1 missing=
[climate/worker][b8] paw day=2 cell=68 moisture=0.717273 wb30=0 soil=0 paw=0.717273 zeros(water=1544 land=5) nonzero=851 weights(wb=0.35 soil=0.25 dry=0.65) round=1 distribute=0 hydrology=0
[climate/worker][b8] physics_knobs day=3 ready=1 missing=
[climate/worker][b8] paw day=3 cell=68 moisture=0.714459 wb30=0 soil=0 paw=0.714459 zeros(water=1544 land=7) nonzero=849 weights(wb=0.35 soil=0.25 dry=0.65) round=1 distribute=0 hydrology=0
[country][parity] worker_day=3 uncompared reference_range=2..2 depth=1
[climate/writeback][b8] day=2 vapor store0=0 map0=0 dirty_fields=52 applied=52
[climate/worker][b8] physics_knobs day=4 ready=1 missing=
[climate/worker][b8] paw day=4 cell=68 moisture=0.715451 wb30=0 soil=0 paw=0.715451 zeros(water=1544 land=7) nonzero=849 weights(wb=0.35 soil=0.25 dry=0.65) round=1 distribute=1 hydrology=0
[climate/worker][b8] cyclone_gate day=4 input_enabled=0 force_env=0 effective=0
[climate/worker][b8] weather_solve day=4 cells=2400 psi=1 vapor0=0.115817 precip0=0 cloud0=0.0638015 type0=0 field_init0=1
[country][parity] worker_day=4 uncompared reference_range=2..2 depth=1
[climate/writeback][b8] day=3 vapor store0=0 map0=0 dirty_fields=52 applied=52
[climate/worker][b8] physics_knobs day=5 ready=1 missing=
[climate/worker][b8] paw day=5 cell=68 moisture=0.713636 wb30=-0.000135811 soil=0 paw=0.713548 zeros(water=1544 land=7) nonzero=849 weights(wb=0.35 soil=0.25 dry=0.65) round=1 distribute=0 hydrology=0
[country][parity] worker_day=5 uncompared reference_range=2..2 depth=1
[climate/writeback][b8] day=4 vapor store0=0.115817 map0=0.115817 dirty_fields=54 applied=54
[climate/worker][b8] physics_knobs day=6 ready=1 missing=
[climate/worker][b8] paw day=6 cell=68 moisture=0.714375 wb30=-0.000135811 soil=-0.000325945 paw=0.714287 zeros(water=1544 land=7) nonzero=849 weights(wb=0.35 soil=0.25 dry=0.65) round=1 distribute=0 hydrology=0
[country][parity] worker_day=6 uncompared reference_range=2..2 depth=1
[climate/worker][b8] paw day=7 cell=68 moisture=0.715662 wb30=-0.000135811 soil=-0.000325945 paw=0.715573 zeros(water=1544 land=7) nonzero=849 weights(wb=0.35 soil=0.25 dry=0.65) round=1 distribute=0 hydrology=0
[country][parity] worker_day=7 uncompared reference_range=2..2 depth=1
[climate/worker][b8] paw day=8 cell=68 moisture=0.716226 wb30=-0.000135811 soil=-0.000325945 paw=0.716138 zeros(water=1544 land=7) nonzero=849 weights(wb=0.35 soil=0.25 dry=0.65) round=1 distribute=0 hydrology=0
[country][parity] worker_day=8 uncompared reference_range=2..2 depth=1
[climate/worker][b8] paw day=9 cell=68 moisture=0.717205 wb30=-0.000135811 soil=-0.000325945 paw=0.717117 zeros(water=1544 land=7) nonzero=849 weights(wb=0.35 soil=0.25 dry=0.65) round=1 distribute=0 hydrology=0
[country][parity] worker_day=9 uncompared reference_range=2..2 depth=1
[climate/worker][b8] paw day=10 cell=68 moisture=0.717637 wb30=-0.000135811 soil=-0.000325945 paw=0.717549 zeros(water=1544 land=7) nonzero=849 weights(wb=0.35 soil=0.25 dry=0.65) round=1 distribute=0 hydrology=0
[climate/worker][b8] paw day=11 cell=68 moisture=0.718382 wb30=-0.000135811 soil=-0.000325945 paw=0.718293 zeros(water=1544 land=7) nonzero=849 weights(wb=0.35 soil=0.25 dry=0.65) round=1 distribute=0 hydrology=0
[climate/worker][b8] paw day=12 cell=68 moisture=0.719278 wb30=-0.000135811 soil=-0.000325945 paw=0.71919 zeros(water=1544 land=7) nonzero=849 weights(wb=0.35 soil=0.25 dry=0.65) round=1 distribute=1 hydrology=0
[climate/worker][b8] cyclone_gate day=12 input_enabled=0 force_env=0 effective=0
[climate/worker][b8] weather_solve day=12 cells=2400 psi=1 vapor0=0.105597 precip0=0 cloud0=0.102076 type0=0 field_init0=1
[climate/worker][b8] paw day=13 cell=68 moisture=0.719961 wb30=-0.000268533 soil=-0.000325945 paw=0.719786 zeros(water=1544 land=7) nonzero=849 weights(wb=0.35 soil=0.25 dry=0.65) round=1 distribute=0 hydrology=0
[climate/worker][b8] weather_solve day=20 cells=2400 psi=1 vapor0=0.0976071 precip0=0 cloud0=0.11534 type0=0 field_init0=1
[climate/worker][b8] weather_solve day=28 cells=2400 psi=1 vapor0=0.0822734 precip0=0 cloud0=0.0793875 type0=0 field_init0=1
[clock/step] delta=6.9ms speed=50x target=0.34d cap=2.22d/f cost=3.60ms ran=0 pulse=0.00ms loop=0.00ms full=0.18ms carry=0.85 barrier=
[clock/step] delta=6.9ms speed=50x target=0.35d cap=2.19d/f cost=3.62ms ran=1 pulse=0.00ms loop=3.46ms full=3.65ms carry=0.25 barrier=
[economy-open-finish] day=100 country=0.316 workset=0.028 fiscal=0.033 csr=0.004 recovery=0.001 vectors=0.662 audit=0.407 commands=0.000
[economy-prelude-cost] day=100 ms=1.730 pending=0
[economy-aggregate-cost] day=100 publish_ms=1.703 native_hash_ms=1.442
[economy-ledger-cost] day=100 copy_ms=0.587 validate_ms=0.148 hash_ms=1.178 cohorts=384 markets=321600
[economy-boundary-cost] day=100 formulas_ms=6.933 stages_ms=4.949 mirror_ms=3.147
[runtime-day-cost] day=100 ok=1 ms=14.310
[clock/step] delta=6.9ms speed=50x target=0.34d cap=2.19d/f cost=3.66ms ran=0 pulse=0.00ms loop=0.00ms full=0.16ms carry=0.63 barrier=
[clock/step] delta=6.9ms speed=50x target=0.34d cap=2.23d/f cost=3.55ms ran=1 pulse=0.00ms loop=3.39ms full=3.57ms carry=0.01 barrier=
[clock/step] delta=6.9ms speed=50x target=0.35d cap=2.30d/f cost=3.48ms ran=0 pulse=0.00ms loop=0.00ms full=0.13ms carry=0.59 barrier=
[economy-open-finish] day=200 country=0.292 workset=0.023 fiscal=0.029 csr=0.004 recovery=0.001 vectors=0.557 audit=0.392 commands=0.000
[economy-prelude-cost] day=200 ms=1.548 pending=0
[economy-aggregate-cost] day=200 publish_ms=1.254 native_hash_ms=1.307
[economy-ledger-cost] day=200 copy_ms=0.367 validate_ms=0.137 hash_ms=1.057 cohorts=384 markets=321600
[economy-boundary-cost] day=200 formulas_ms=6.227 stages_ms=4.440 mirror_ms=2.703
[runtime-day-cost] day=200 ok=1 ms=12.021
[perf-record] start (start_tick=238 mode=CORE detail_period=1)
[stage-c/client] recording mode=ACTIVE worker=ACTIVE seconds=60.00 output=D:/Godot/ProjectKeynes/Project.Keynes/tmp/worker_timing60_final
[clock/step] delta=6.9ms speed=50x target=0.34d cap=2.30d/f cost=3.45ms ran=1 pulse=0.00ms loop=3.34ms full=3.52ms carry=0.10 barrier=
[clock/step] delta=6.9ms speed=50x target=0.34d cap=2.24d/f cost=3.57ms ran=0 pulse=0.00ms loop=0.00ms full=0.28ms carry=0.48 barrier=
[economy-open-finish] day=300 country=0.325 workset=0.021 fiscal=0.033 csr=0.004 recovery=0.001 vectors=0.555 audit=0.470 commands=0.000
[economy-prelude-cost] day=300 ms=1.730 pending=0
[economy-aggregate-cost] day=300 publish_ms=1.987 native_hash_ms=1.399
[economy-ledger-cost] day=300 copy_ms=0.453 validate_ms=0.147 hash_ms=1.167 cohorts=384 markets=321600
[economy-boundary-cost] day=300 formulas_ms=7.591 stages_ms=5.600 mirror_ms=3.020
[runtime-day-cost] day=300 ok=1 ms=15.451
[clock/step] delta=6.9ms speed=50x target=0.34d cap=2.14d/f cost=3.75ms ran=0 pulse=0.00ms loop=0.00ms full=0.28ms carry=0.85 barrier=
[clock/step] delta=6.9ms speed=50x target=0.34d cap=2.41d/f cost=3.32ms ran=1 pulse=0.00ms loop=3.33ms full=3.52ms carry=0.23 barrier=
[economy-open-finish] day=400 country=0.306 workset=0.019 fiscal=0.029 csr=0.004 recovery=0.001 vectors=0.520 audit=0.399 commands=0.000
[economy-prelude-cost] day=400 ms=1.528 pending=0
[economy-aggregate-cost] day=400 publish_ms=1.387 native_hash_ms=1.286
[economy-ledger-cost] day=400 copy_ms=0.376 validate_ms=0.139 hash_ms=1.220 cohorts=384 markets=321600
[economy-boundary-cost] day=400 formulas_ms=6.222 stages_ms=4.449 mirror_ms=2.927
[runtime-day-cost] day=400 ok=1 ms=12.547
[clock/step] delta=6.9ms speed=50x target=0.35d cap=2.31d/f cost=3.46ms ran=0 pulse=0.00ms loop=0.00ms full=0.22ms carry=0.89 barrier=
[clock/step] delta=6.9ms speed=50x target=0.34d cap=1.98d/f cost=3.98ms ran=1 pulse=0.00ms loop=3.73ms full=3.92ms carry=0.33 barrier=
[clock/step] delta=6.9ms speed=50x target=0.34d cap=2.39d/f cost=3.35ms ran=0 pulse=0.00ms loop=0.00ms full=0.24ms carry=0.70 barrier=
[economy-open-finish] day=500 country=0.298 workset=0.018 fiscal=0.028 csr=0.004 recovery=0.001 vectors=0.521 audit=0.396 commands=0.000
[economy-prelude-cost] day=500 ms=1.505 pending=0
[economy-aggregate-cost] day=500 publish_ms=1.422 native_hash_ms=1.252
[economy-ledger-cost] day=500 copy_ms=0.365 validate_ms=0.133 hash_ms=1.057 cohorts=384 markets=321600
[economy-boundary-cost] day=500 formulas_ms=6.255 stages_ms=4.510 mirror_ms=2.686
[runtime-day-cost] day=500 ok=1 ms=12.874
[clock/step] delta=6.9ms speed=50x target=0.34d cap=2.05d/f cost=3.87ms ran=1 pulse=0.00ms loop=3.72ms full=3.93ms carry=0.08 barrier=
[clock/step] delta=6.9ms speed=50x target=0.34d cap=2.08d/f cost=3.84ms ran=0 pulse=0.00ms loop=0.00ms full=0.21ms carry=0.46 barrier=
[economy-open-finish] day=600 country=0.307 workset=0.020 fiscal=0.031 csr=0.004 recovery=0.001 vectors=0.526 audit=0.409 commands=0.000
[economy-prelude-cost] day=600 ms=1.551 pending=0
[economy-aggregate-cost] day=600 publish_ms=1.520 native_hash_ms=1.275
[economy-ledger-cost] day=600 copy_ms=0.382 validate_ms=0.133 hash_ms=1.059 cohorts=384 markets=321600
[economy-boundary-cost] day=600 formulas_ms=6.597 stages_ms=4.801 mirror_ms=2.682
[runtime-day-cost] day=600 ok=1 ms=13.327
[clock/step] delta=6.9ms speed=50x target=0.34d cap=2.32d/f cost=3.45ms ran=0 pulse=0.00ms loop=0.00ms full=0.24ms carry=0.83 barrier=
[clock/step] delta=6.9ms speed=50x target=0.34d cap=2.22d/f cost=3.60ms ran=1 pulse=0.00ms loop=3.59ms full=3.78ms carry=0.21 barrier=
[clock/step] delta=6.9ms speed=50x target=0.34d cap=2.12d/f cost=3.77ms ran=0 pulse=0.00ms loop=0.00ms full=0.17ms carry=0.58 barrier=
[economy-open-finish] day=700 country=0.311 workset=0.021 fiscal=0.035 csr=0.005 recovery=0.001 vectors=0.545 audit=0.413 commands=0.000
[economy-prelude-cost] day=700 ms=1.625 pending=0
[economy-aggregate-cost] day=700 publish_ms=1.414 native_hash_ms=1.320
[economy-ledger-cost] day=700 copy_ms=0.419 validate_ms=0.135 hash_ms=1.083 cohorts=384 markets=321600
[economy-boundary-cost] day=700 formulas_ms=6.997 stages_ms=5.120 mirror_ms=2.930
[runtime-day-cost] day=700 ok=1 ms=14.037
[clock/step] delta=6.9ms speed=50x target=0.35d cap=1.94d/f cost=3.97ms ran=1 pulse=0.00ms loop=3.31ms full=3.51ms carry=0.00 barrier=
[clock/step] delta=6.9ms speed=50x target=0.35d cap=5.51d/f cost=1.45ms ran=0 pulse=0.00ms loop=0.00ms full=0.47ms carry=0.97 barrier=
[economy-open-finish] day=800 country=0.309 workset=0.020 fiscal=0.029 csr=0.004 recovery=0.001 vectors=0.535 audit=0.414 commands=0.000
[economy-prelude-cost] day=800 ms=1.589 pending=0
[economy-aggregate-cost] day=800 publish_ms=1.683 native_hash_ms=1.408
[economy-ledger-cost] day=800 copy_ms=0.518 validate_ms=0.205 hash_ms=1.304 cohorts=384 markets=321600
[economy-boundary-cost] day=800 formulas_ms=7.563 stages_ms=5.714 mirror_ms=3.288
[runtime-day-cost] day=800 ok=1 ms=14.280
[clock/step] delta=6.9ms speed=50x target=0.34d cap=2.14d/f cost=3.74ms ran=0 pulse=0.00ms loop=0.00ms full=0.19ms carry=0.98 barrier=
[clock/step] delta=6.9ms speed=50x target=0.34d cap=2.51d/f cost=3.19ms ran=0 pulse=0.08ms loop=0.00ms full=0.38ms carry=0.01 barrier=climate_input_capacity_day_barrier
[clock/step] delta=6.9ms speed=50x target=0.35d cap=3.31d/f cost=2.67ms ran=1 pulse=0.00ms loop=3.67ms full=3.87ms carry=0.33 barrier=
[economy-open-finish] day=900 country=0.316 workset=0.019 fiscal=0.033 csr=0.005 recovery=0.001 vectors=0.620 audit=0.432 commands=0.000
[economy-prelude-cost] day=900 ms=1.744 pending=0
[economy-aggregate-cost] day=900 publish_ms=1.725 native_hash_ms=1.327
[economy-ledger-cost] day=900 copy_ms=0.476 validate_ms=0.134 hash_ms=1.220 cohorts=384 markets=321600
[economy-boundary-cost] day=900 formulas_ms=8.442 stages_ms=6.443 mirror_ms=3.036
[runtime-day-cost] day=900 ok=1 ms=16.323
[clock/step] delta=6.9ms speed=50x target=0.35d cap=2.54d/f cost=3.15ms ran=0 pulse=0.00ms loop=0.00ms full=0.21ms carry=0.61 barrier=
[clock/step] delta=6.9ms speed=50x target=0.34d cap=5.69d/f cost=1.41ms ran=0 pulse=0.00ms loop=0.00ms full=0.28ms carry=0.96 barrier=
[economy-open-finish] day=1000 country=0.301 workset=0.019 fiscal=0.029 csr=0.004 recovery=0.001 vectors=0.682 audit=0.423 commands=0.000
[economy-prelude-cost] day=1000 ms=1.710 pending=0
[economy-aggregate-cost] day=1000 publish_ms=1.597 native_hash_ms=1.294
[economy-ledger-cost] day=1000 copy_ms=0.380 validate_ms=0.137 hash_ms=1.083 cohorts=384 markets=321600
[economy-boundary-cost] day=1000 formulas_ms=7.230 stages_ms=5.267 mirror_ms=2.759
[runtime-day-cost] day=1000 ok=1 ms=13.125
[clock/step] delta=6.9ms speed=50x target=0.34d cap=2.37d/f cost=3.34ms ran=1 pulse=0.00ms loop=3.18ms full=3.37ms carry=0.30 barrier=
[clock/step] delta=6.9ms speed=50x target=0.34d cap=2.46d/f cost=3.26ms ran=0 pulse=0.00ms loop=0.00ms full=0.21ms carry=0.67 barrier=
[clock/step] delta=6.9ms speed=50x target=0.35d cap=2.67d/f cost=3.00ms ran=0 pulse=0.00ms loop=0.00ms full=0.31ms carry=0.74 barrier=
[economy-open-finish] day=1100 country=0.300 workset=0.021 fiscal=0.032 csr=0.004 recovery=0.001 vectors=0.544 audit=0.408 commands=0.000
[economy-prelude-cost] day=1100 ms=1.595 pending=0
[economy-aggregate-cost] day=1100 publish_ms=1.536 native_hash_ms=1.341
[economy-ledger-cost] day=1100 copy_ms=0.544 validate_ms=0.141 hash_ms=1.143 cohorts=384 markets=321600
[economy-boundary-cost] day=1100 formulas_ms=7.308 stages_ms=5.463 mirror_ms=3.131
[runtime-day-cost] day=1100 ok=1 ms=14.306
[clock/step] delta=6.9ms speed=50x target=0.35d cap=2.43d/f cost=3.42ms ran=1 pulse=0.00ms loop=3.92ms full=4.12ms carry=0.05 barrier=
[clock/step] delta=6.9ms speed=50x target=0.35d cap=2.02d/f cost=3.97ms ran=0 pulse=0.00ms loop=0.00ms full=0.19ms carry=0.53 barrier=
[economy-open-finish] day=1200 country=0.357 workset=0.028 fiscal=0.023 csr=0.005 recovery=0.001 vectors=0.752 audit=0.473 commands=0.001
[economy-prelude-cost] day=1200 ms=2.077 pending=0
[economy-aggregate-cost] day=1200 publish_ms=1.446 native_hash_ms=1.372
[economy-ledger-cost] day=1200 copy_ms=0.479 validate_ms=0.143 hash_ms=1.160 cohorts=384 markets=321600
[economy-boundary-cost] day=1200 formulas_ms=7.748 stages_ms=5.148 mirror_ms=3.009
[runtime-day-cost] day=1200 ok=1 ms=15.235
[clock/step] delta=6.9ms speed=50x target=0.34d cap=2.72d/f cost=2.94ms ran=0 pulse=0.00ms loop=0.00ms full=0.31ms carry=0.79 barrier=
[clock/step] delta=6.9ms speed=50x target=0.34d cap=2.52d/f cost=3.17ms ran=0 pulse=0.00ms loop=0.00ms full=0.31ms carry=0.82 barrier=
[clock/step] delta=6.9ms speed=50x target=0.34d cap=2.76d/f cost=2.90ms ran=0 pulse=0.00ms loop=0.00ms full=0.25ms carry=0.47 barrier=
[economy-open-finish] day=1300 country=0.347 workset=0.020 fiscal=0.031 csr=0.005 recovery=0.001 vectors=0.661 audit=0.536 commands=0.000
[economy-prelude-cost] day=1300 ms=1.909 pending=0
[economy-aggregate-cost] day=1300 publish_ms=1.759 native_hash_ms=1.498
[economy-ledger-cost] day=1300 copy_ms=0.779 validate_ms=0.164 hash_ms=1.611 cohorts=384 markets=321600
[economy-boundary-cost] day=1300 formulas_ms=8.018 stages_ms=5.831 mirror_ms=4.873
[runtime-day-cost] day=1300 ok=1 ms=16.992
[clock/step] delta=6.9ms speed=50x target=0.34d cap=2.39d/f cost=3.35ms ran=0 pulse=0.00ms loop=0.00ms full=0.18ms carry=0.47 barrier=
[clock/step] delta=6.9ms speed=50x target=0.34d cap=2.26d/f cost=3.54ms ran=0 pulse=0.00ms loop=0.00ms full=0.18ms carry=0.50 barrier=
[economy-open-finish] day=1400 country=0.309 workset=0.022 fiscal=0.031 csr=0.004 recovery=0.001 vectors=0.598 audit=0.409 commands=0.000
[economy-prelude-cost] day=1400 ms=1.647 pending=0
[economy-aggregate-cost] day=1400 publish_ms=1.849 native_hash_ms=1.341
[economy-ledger-cost] day=1400 copy_ms=0.410 validate_ms=0.137 hash_ms=1.089 cohorts=384 markets=321600
[economy-boundary-cost] day=1400 formulas_ms=8.082 stages_ms=6.181 mirror_ms=2.825
[runtime-day-cost] day=1400 ok=1 ms=14.237
[clock/step] delta=6.9ms speed=50x target=0.34d cap=2.70d/f cost=3.04ms ran=1 pulse=0.00ms loop=3.37ms full=3.55ms carry=0.18 barrier=
[clock/step] delta=7.1ms speed=50x target=0.36d cap=2.03d/f cost=4.06ms ran=1 pulse=0.00ms loop=4.52ms full=4.77ms carry=0.15 barrier=
[economy-open-finish] day=1500 country=0.341 workset=0.024 fiscal=0.050 csr=0.004 recovery=0.001 vectors=0.610 audit=0.438 commands=0.000
[economy-prelude-cost] day=1500 ms=1.935 pending=0
[economy-aggregate-cost] day=1500 publish_ms=2.153 native_hash_ms=1.558
[economy-ledger-cost] day=1500 copy_ms=0.582 validate_ms=0.156 hash_ms=1.289 cohorts=384 markets=321600
[economy-boundary-cost] day=1500 formulas_ms=9.332 stages_ms=7.105 mirror_ms=3.374
[runtime-day-cost] day=1500 ok=1 ms=18.178
[clock/step] delta=6.9ms speed=50x target=0.34d cap=1.95d/f cost=4.05ms ran=1 pulse=0.00ms loop=3.88ms full=4.07ms carry=0.34 barrier=
[clock/step] delta=6.9ms speed=50x target=0.34d cap=2.13d/f cost=3.76ms ran=0 pulse=0.00ms loop=0.00ms full=0.21ms carry=0.71 barrier=
[clock/step] delta=6.9ms speed=50x target=0.34d cap=2.31d/f cost=3.39ms ran=1 pulse=0.00ms loop=3.13ms full=3.30ms carry=0.09 barrier=
[economy-open-finish] day=1600 country=0.316 workset=0.023 fiscal=0.031 csr=0.004 recovery=0.001 vectors=0.584 audit=0.416 commands=0.001
[economy-prelude-cost] day=1600 ms=1.682 pending=0
[economy-aggregate-cost] day=1600 publish_ms=2.100 native_hash_ms=1.589
[economy-ledger-cost] day=1600 copy_ms=0.547 validate_ms=0.144 hash_ms=1.175 cohorts=384 markets=321600
[economy-boundary-cost] day=1600 formulas_ms=8.676 stages_ms=6.717 mirror_ms=3.115
[runtime-day-cost] day=1600 ok=1 ms=15.882
[clock/step] delta=6.9ms speed=50x target=0.35d cap=5.56d/f cost=1.44ms ran=0 pulse=0.00ms loop=0.00ms full=0.35ms carry=0.40 barrier=
[clock/step] delta=6.9ms speed=50x target=0.35d cap=2.34d/f cost=3.43ms ran=1 pulse=0.00ms loop=3.49ms full=3.68ms carry=0.01 barrier=
[economy-open-finish] day=1700 country=0.301 workset=0.019 fiscal=0.030 csr=0.004 recovery=0.001 vectors=0.584 audit=0.566 commands=0.001
[economy-prelude-cost] day=1700 ms=1.845 pending=0
[economy-aggregate-cost] day=1700 publish_ms=1.644 native_hash_ms=1.321
[economy-ledger-cost] day=1700 copy_ms=0.478 validate_ms=0.139 hash_ms=1.107 cohorts=384 markets=321600
[economy-boundary-cost] day=1700 formulas_ms=7.535 stages_ms=5.444 mirror_ms=2.910
[runtime-day-cost] day=1700 ok=1 ms=14.458
[clock/step] delta=6.9ms speed=50x target=0.35d cap=1.92d/f cost=4.16ms ran=0 pulse=0.00ms loop=0.00ms full=0.42ms carry=0.67 barrier=
[clock/step] delta=6.9ms speed=50x target=0.34d cap=4.47d/f cost=1.79ms ran=0 pulse=0.00ms loop=0.00ms full=0.39ms carry=0.43 barrier=
[clock/step] delta=6.9ms speed=50x target=0.34d cap=3.39d/f cost=2.65ms ran=1 pulse=0.00ms loop=3.81ms full=4.00ms carry=0.11 barrier=
[economy-open-finish] day=1800 country=0.312 workset=0.019 fiscal=0.029 csr=0.004 recovery=0.001 vectors=0.614 audit=0.408 commands=0.000
[economy-prelude-cost] day=1800 ms=1.649 pending=0
[economy-aggregate-cost] day=1800 publish_ms=1.262 native_hash_ms=1.282
[economy-ledger-cost] day=1800 copy_ms=0.367 validate_ms=0.135 hash_ms=1.075 cohorts=384 markets=321600
[economy-boundary-cost] day=1800 formulas_ms=7.079 stages_ms=5.177 mirror_ms=2.728
[runtime-day-cost] day=1800 ok=1 ms=14.025
[clock/step] delta=6.9ms speed=50x target=0.34d cap=1.44d/f cost=5.15ms ran=1 pulse=0.00ms loop=3.59ms full=3.79ms carry=0.21 barrier=
[clock/step] delta=6.9ms speed=50x target=0.34d cap=2.34d/f cost=3.34ms ran=1 pulse=0.00ms loop=3.02ms full=3.20ms carry=0.18 barrier=
[economy-open-finish] day=1900 country=0.305 workset=0.020 fiscal=0.031 csr=0.004 recovery=0.001 vectors=0.608 audit=0.436 commands=0.000
[economy-prelude-cost] day=1900 ms=1.674 pending=0
[economy-aggregate-cost] day=1900 publish_ms=1.764 native_hash_ms=1.348
[economy-ledger-cost] day=1900 copy_ms=0.409 validate_ms=0.136 hash_ms=1.085 cohorts=384 markets=321600
[economy-boundary-cost] day=1900 formulas_ms=7.954 stages_ms=6.028 mirror_ms=2.793
[runtime-day-cost] day=1900 ok=1 ms=14.524
[clock/step] delta=6.9ms speed=50x target=0.35d cap=2.07d/f cost=3.86ms ran=0 pulse=0.00ms loop=0.00ms full=0.30ms carry=0.58 barrier=
[clock/step] delta=6.9ms speed=50x target=0.35d cap=2.78d/f cost=2.88ms ran=0 pulse=0.00ms loop=0.00ms full=0.33ms carry=0.90 barrier=
[clock/step] delta=6.9ms speed=50x target=0.34d cap=3.97d/f cost=2.32ms ran=1 pulse=0.00ms loop=3.52ms full=3.72ms carry=0.27 barrier=
[economy-open-finish] day=2000 country=0.316 workset=0.023 fiscal=0.033 csr=0.004 recovery=0.001 vectors=0.762 audit=0.425 commands=0.000
[economy-prelude-cost] day=2000 ms=1.922 pending=0
[economy-aggregate-cost] day=2000 publish_ms=1.567 native_hash_ms=1.543
[economy-ledger-cost] day=2000 copy_ms=0.534 validate_ms=0.135 hash_ms=1.141 cohorts=384 markets=321600
[economy-boundary-cost] day=2000 formulas_ms=8.040 stages_ms=5.863 mirror_ms=3.000
[runtime-day-cost] day=2000 ok=1 ms=14.404
[clock/step] delta=6.9ms speed=50x target=0.35d cap=2.10d/f cost=3.81ms ran=0 pulse=0.00ms loop=0.00ms full=0.22ms carry=0.65 barrier=
[clock/step] delta=6.9ms speed=50x target=0.34d cap=1.93d/f cost=3.41ms ran=1 pulse=0.00ms loop=0.46ms full=0.65ms carry=0.03 barrier=climate_input_capacity_day_barrier
[economy-open-finish] day=2100 country=0.309 workset=0.022 fiscal=0.033 csr=0.004 recovery=0.001 vectors=0.577 audit=0.413 commands=0.000
[economy-prelude-cost] day=2100 ms=1.649 pending=0
[economy-aggregate-cost] day=2100 publish_ms=1.473 native_hash_ms=1.343
[economy-ledger-cost] day=2100 copy_ms=0.411 validate_ms=0.138 hash_ms=1.113 cohorts=384 markets=321600
[economy-boundary-cost] day=2100 formulas_ms=8.314 stages_ms=6.411 mirror_ms=2.915
[runtime-day-cost] day=2100 ok=1 ms=16.227
[clock/step] delta=6.9ms speed=50x target=0.34d cap=2.24d/f cost=3.57ms ran=0 pulse=0.00ms loop=0.00ms full=0.19ms carry=0.37 barrier=
[clock/step] delta=6.9ms speed=50x target=0.34d cap=2.40d/f cost=2.75ms ran=1 pulse=0.00ms loop=0.38ms full=0.55ms carry=0.03 barrier=climate_input_capacity_day_barrier
[economy-open-finish] day=2200 country=0.311 workset=0.021 fiscal=0.033 csr=0.005 recovery=0.001 vectors=0.565 audit=0.418 commands=0.000
[economy-prelude-cost] day=2200 ms=1.641 pending=0
[economy-aggregate-cost] day=2200 publish_ms=1.786 native_hash_ms=1.342
[economy-ledger-cost] day=2200 copy_ms=0.744 validate_ms=0.140 hash_ms=1.228 cohorts=384 markets=321600
[economy-boundary-cost] day=2200 formulas_ms=7.568 stages_ms=5.671 mirror_ms=3.378
[runtime-day-cost] day=2200 ok=1 ms=14.184
[clock/step] delta=6.9ms speed=50x target=0.35d cap=2.46d/f cost=3.43ms ran=1 pulse=0.00ms loop=4.11ms full=4.30ms carry=0.13 barrier=
[clock/step] delta=6.9ms speed=50x target=0.35d cap=2.05d/f cost=3.91ms ran=0 pulse=0.00ms loop=0.00ms full=0.27ms carry=0.63 barrier=
[clock/step] delta=6.9ms speed=50x target=0.34d cap=1.95d/f cost=4.07ms ran=1 pulse=0.00ms loop=3.96ms full=4.17ms carry=0.17 barrier=
[economy-open-finish] day=2300 country=0.301 workset=0.017 fiscal=0.029 csr=0.004 recovery=0.001 vectors=0.557 audit=0.399 commands=0.001
[economy-prelude-cost] day=2300 ms=1.563 pending=0
[economy-aggregate-cost] day=2300 publish_ms=1.585 native_hash_ms=1.319
[economy-ledger-cost] day=2300 copy_ms=0.376 validate_ms=0.138 hash_ms=1.101 cohorts=384 markets=321600
[economy-boundary-cost] day=2300 formulas_ms=7.247 stages_ms=5.444 mirror_ms=2.770
[runtime-day-cost] day=2300 ok=1 ms=13.797
[clock/step] delta=6.9ms speed=50x target=0.34d cap=2.23d/f cost=3.59ms ran=0 pulse=0.00ms loop=0.00ms full=0.18ms carry=0.55 barrier=
[clock/step] delta=6.9ms speed=50x target=0.34d cap=6.50d/f cost=1.23ms ran=0 pulse=0.00ms loop=0.00ms full=0.27ms carry=0.55 barrier=
[economy-open-finish] day=2400 country=0.469 workset=0.024 fiscal=0.032 csr=0.004 recovery=0.001 vectors=1.009 audit=0.826 commands=0.001
[economy-prelude-cost] day=2400 ms=2.665 pending=0
[economy-aggregate-cost] day=2400 publish_ms=1.865 native_hash_ms=1.384
[economy-ledger-cost] day=2400 copy_ms=0.525 validate_ms=0.140 hash_ms=1.156 cohorts=384 markets=321600
[economy-boundary-cost] day=2400 formulas_ms=9.330 stages_ms=6.255 mirror_ms=3.036
[runtime-day-cost] day=2400 ok=1 ms=17.325
[clock/step] delta=6.9ms speed=50x target=0.34d cap=3.27d/f cost=2.44ms ran=0 pulse=0.00ms loop=0.00ms full=0.18ms carry=0.54 barrier=
[clock/step] delta=6.9ms speed=50x target=0.35d cap=2.37d/f cost=3.32ms ran=1 pulse=0.00ms loop=3.08ms full=3.24ms carry=0.13 barrier=
[clock/step] delta=6.9ms speed=50x target=0.34d cap=8.00d/f cost=0.52ms ran=0 pulse=0.00ms loop=0.00ms full=0.48ms carry=0.68 barrier=
[economy-open-finish] day=2500 country=0.305 workset=0.022 fiscal=0.032 csr=0.004 recovery=0.001 vectors=0.597 audit=0.415 commands=0.000
[economy-prelude-cost] day=2500 ms=1.668 pending=0
[economy-aggregate-cost] day=2500 publish_ms=2.447 native_hash_ms=1.649
[economy-ledger-cost] day=2500 copy_ms=0.543 validate_ms=0.141 hash_ms=1.103 cohorts=384 markets=321600
[economy-boundary-cost] day=2500 formulas_ms=8.751 stages_ms=6.832 mirror_ms=3.058
[runtime-day-cost] day=2500 ok=1 ms=15.793
[clock/step] delta=6.9ms speed=50x target=0.34d cap=2.32d/f cost=3.45ms ran=0 pulse=0.00ms loop=0.00ms full=0.17ms carry=0.67 barrier=
[clock/step] delta=6.9ms speed=50x target=0.35d cap=3.72d/f cost=2.15ms ran=0 pulse=0.00ms loop=0.00ms full=0.24ms carry=0.50 barrier=
[economy-open-finish] day=2600 country=0.309 workset=0.020 fiscal=0.031 csr=0.004 recovery=0.001 vectors=0.622 audit=0.428 commands=0.001
[economy-prelude-cost] day=2600 ms=1.739 pending=0
[economy-aggregate-cost] day=2600 publish_ms=1.893 native_hash_ms=1.419
[economy-ledger-cost] day=2600 copy_ms=0.514 validate_ms=0.141 hash_ms=1.127 cohorts=384 markets=321600
[economy-boundary-cost] day=2600 formulas_ms=8.779 stages_ms=6.781 mirror_ms=2.970
[runtime-day-cost] day=2600 ok=1 ms=15.376
[clock/step] delta=6.9ms speed=50x target=0.34d cap=4.78d/f cost=2.17ms ran=1 pulse=0.00ms loop=4.15ms full=4.36ms carry=0.30 barrier=
[clock/step] delta=6.9ms speed=50x target=0.35d cap=2.45d/f cost=3.26ms ran=0 pulse=0.00ms loop=0.00ms full=0.26ms carry=0.51 barrier=
[clock/step] delta=6.9ms speed=50x target=0.34d cap=4.85d/f cost=1.65ms ran=0 pulse=0.00ms loop=0.00ms full=0.20ms carry=0.43 barrier=
[economy-open-finish] day=2700 country=0.471 workset=0.027 fiscal=0.036 csr=0.005 recovery=0.001 vectors=1.007 audit=0.800 commands=0.001
[economy-prelude-cost] day=2700 ms=2.774 pending=0
[economy-aggregate-cost] day=2700 publish_ms=2.113 native_hash_ms=1.437
[economy-ledger-cost] day=2700 copy_ms=0.636 validate_ms=0.144 hash_ms=1.150 cohorts=384 markets=321600
[economy-boundary-cost] day=2700 formulas_ms=10.416 stages_ms=7.202 mirror_ms=3.154
[runtime-day-cost] day=2700 ok=1 ms=19.845
[clock/step] delta=6.9ms speed=50x target=0.34d cap=2.45d/f cost=3.27ms ran=0 pulse=0.00ms loop=0.00ms full=0.30ms carry=0.74 barrier=
[clock/step] delta=6.9ms speed=50x target=0.34d cap=2.23d/f cost=2.95ms ran=1 pulse=0.00ms loop=0.40ms full=0.57ms carry=0.08 barrier=climate_input_capacity_day_barrier
[economy-open-finish] day=2800 country=0.311 workset=0.022 fiscal=0.034 csr=0.004 recovery=0.001 vectors=0.586 audit=0.405 commands=0.000
[economy-prelude-cost] day=2800 ms=1.679 pending=0
[economy-aggregate-cost] day=2800 publish_ms=1.359 native_hash_ms=1.350
[economy-ledger-cost] day=2800 copy_ms=0.515 validate_ms=0.138 hash_ms=1.150 cohorts=384 markets=321600
[economy-boundary-cost] day=2800 formulas_ms=8.049 stages_ms=6.113 mirror_ms=3.115
[runtime-day-cost] day=2800 ok=1 ms=14.677
[clock/step] delta=5.6ms speed=50x target=0.28d cap=0.81d/f cost=9.83ms ran=0 pulse=0.00ms loop=0.00ms full=0.21ms carry=0.81 barrier=
[clock/step] delta=6.9ms speed=50x target=0.35d cap=2.38d/f cost=3.36ms ran=0 pulse=0.00ms loop=0.00ms full=0.16ms carry=0.44 barrier=
[clock/step] delta=6.9ms speed=50x target=0.34d cap=2.18d/f cost=3.66ms ran=0 pulse=0.00ms loop=0.00ms full=0.27ms carry=0.96 barrier=
[economy-open-finish] day=2900 country=0.349 workset=0.021 fiscal=0.030 csr=0.004 recovery=0.001 vectors=0.615 audit=0.745 commands=0.001
[economy-prelude-cost] day=2900 ms=2.069 pending=0
[economy-aggregate-cost] day=2900 publish_ms=1.540 native_hash_ms=1.389
[economy-ledger-cost] day=2900 copy_ms=0.406 validate_ms=0.140 hash_ms=1.121 cohorts=384 markets=321600
[economy-boundary-cost] day=2900 formulas_ms=8.398 stages_ms=6.071 mirror_ms=2.843
[runtime-day-cost] day=2900 ok=1 ms=15.582
[clock/step] delta=6.9ms speed=50x target=0.35d cap=3.27d/f cost=2.44ms ran=0 pulse=0.00ms loop=0.00ms full=0.24ms carry=0.45 barrier=
[clock/step] delta=6.9ms speed=50x target=0.34d cap=2.43d/f cost=3.26ms ran=1 pulse=0.00ms loop=3.13ms full=3.30ms carry=0.02 barrier=
[economy-open-finish] day=3000 country=0.324 workset=0.020 fiscal=0.031 csr=0.004 recovery=0.001 vectors=0.593 audit=0.556 commands=0.000
[economy-prelude-cost] day=3000 ms=1.868 pending=0
[economy-aggregate-cost] day=3000 publish_ms=1.998 native_hash_ms=2.010
[economy-ledger-cost] day=3000 copy_ms=0.887 validate_ms=0.284 hash_ms=2.179 cohorts=384 markets=321600
[economy-boundary-cost] day=3000 formulas_ms=9.198 stages_ms=7.073 mirror_ms=6.168
[runtime-day-cost] day=3000 ok=1 ms=20.039
[clock/step] delta=6.9ms speed=50x target=0.34d cap=2.55d/f cost=3.14ms ran=1 pulse=0.00ms loop=3.14ms full=3.31ms carry=0.17 barrier=
[clock/step] delta=6.9ms speed=50x target=0.35d cap=3.72d/f cost=2.41ms ran=1 pulse=0.00ms loop=3.44ms full=3.61ms carry=0.14 barrier=
[clock/step] delta=6.9ms speed=50x target=0.34d cap=2.07d/f cost=3.16ms ran=1 pulse=0.00ms loop=0.32ms full=0.46ms carry=0.28 barrier=climate_input_capacity_day_barrier
[economy-open-finish] day=3100 country=0.319 workset=0.020 fiscal=0.031 csr=0.004 recovery=0.001 vectors=0.598 audit=0.413 commands=0.001
[economy-prelude-cost] day=3100 ms=1.683 pending=0
[economy-aggregate-cost] day=3100 publish_ms=2.335 native_hash_ms=1.422
[economy-ledger-cost] day=3100 copy_ms=0.500 validate_ms=0.143 hash_ms=1.153 cohorts=384 markets=321600
[economy-boundary-cost] day=3100 formulas_ms=8.863 stages_ms=6.932 mirror_ms=3.024
[runtime-day-cost] day=3100 ok=1 ms=15.933
[clock/step] delta=6.9ms speed=50x target=0.34d cap=3.51d/f cost=2.28ms ran=0 pulse=0.00ms loop=0.00ms full=0.23ms carry=0.55 barrier=
[perf-record] exported rows=2901 cols=234 → D:/Godot/ProjectKeynes/Project.Keynes/tmp/worker_timing60_final/perf.csv
[stage-c/client] complete mode=ACTIVE frames=8597 fast_ticks=2901 perf=D:/Godot/ProjectKeynes/Project.Keynes/tmp/worker_timing60_final/perf.csv
ERROR: [stage-c/client] health failed: native rate 48.832 < 49.000
   at: push_error (core/variant/variant_utility.cpp:1024)
   GDScript backtrace (most recent call first):
       [0] _finish_recording (res://tests/authority_stage_c_client_runner.gd:414)
       [1] _process (res://tests/authority_stage_c_client_runner.gd:326)
ERROR: 44 RID allocations of type 'PN13RendererDummy14TextureStorage12DummyTextureE' were leaked at exit.
ERROR: 16 RID allocations of type 'PN18TextServerAdvanced22ShapedTextDataAdvancedE' were leaked at exit.
ERROR: 1 RID allocations of type 'PN18TextServerAdvanced12FontAdvancedE' were leaked at exit.
WARNING: ObjectDB instances leaked at exit (run with --verbose for details).
   at: cleanup (core/object/object.cpp:2641)
ERROR: 986 resources still in use at exit (run with --verbose for details).
   at: clear (core/io/resource.cpp:810)
