Godot Engine v4.6.2.stable.official.71f334935 - https://godotengine.org

  [PASS] economy catalog compiles
[DCWorldExt] bind_map_data: 148 components bound (auto-registered=148; snapshot model; see world_ext.cpp comment & charter Â§11)
  [PASS] map binds to native world
  [PASS] modifier runtime configures
  [PASS] effect runtime configures for built-in colonization transactions
  [PASS] country runtime configures
  [PASS] one-cell country bootstraps
  [PASS] economy runtime configures
  [PASS] packed six-neighbor topology configures
  [PASS] economy and founder family bootstrap
  [PASS] Country POD inputs are ready for worker procurement
  [PASS] worker fixture runtime inputs publish
  [PASS] Country and Economy ACTIVE worker starts
  [PASS] Country and Economy worker authority is active
[tech-ui-diag/query] apply ok gen=1 day=-1 view_gen=1 progress_total=0 pending_words=6
  [PASS] worker-backed greenfield dispatch is accepted
[tech-ui-diag/query] apply ok gen=11 day=-1 view_gen=11 progress_total=0 pending_words=6
  [PASS] Country worker purchase completes into expedition cargo
  [PASS] Country worker local purchase conserves goods and money
=== family colonization worker procurement: 0 failures ===
ERROR: 11 RID allocations of type 'PN13RendererDummy14TextureStorage12DummyTextureE' were leaked at exit.
ERROR: 1 RID allocations of type 'PN18TextServerAdvanced12FontAdvancedE' were leaked at exit.
WARNING: ObjectDB instances leaked at exit (run with --verbose for details).
   at: cleanup (core/object/object.cpp:2641)
ERROR: 312 resources still in use at exit (run with --verbose for details).
   at: clear (core/io/resource.cpp:810)
