scons: Reading SConscript files ...
Building for architecture x86_64 on platform windows
scons: done reading SConscript files.
scons: Building targets ...
Compiling godot-cpp\gen\src\classes\tile_set_scenes_collection_source.cpp ...
Compiling godot-cpp\gen\src\classes\tile_map_layer.cpp ...
Compiling godot-cpp\gen\src\classes\text_paragraph.cpp ...
Compiling godot-cpp\gen\src\classes\text_edit.cpp ...
Compiling godot-cpp\gen\src\classes\scene_tree.cpp ...
Compiling godot-cpp\gen\src\classes\rigid_body2d.cpp ...
Compiling godot-cpp\gen\src\classes\rendering_server.cpp ...
Compiling godot-cpp\gen\src\classes\popup_menu.cpp ...
Compiling godot-cpp\gen\src\classes\physics_direct_space_state3d.cpp ...
Compiling godot-cpp\gen\src\classes\physics_body3d.cpp ...
Compiling godot-cpp\gen\src\classes\option_button.cpp ...
Compiling godot-cpp\gen\src\classes\node3d.cpp ...
Compiling godot-cpp\gen\src\classes\navigation_mesh_generator.cpp ...
Compiling godot-cpp\gen\src\classes\item_list.cpp ...
Compiling godot-cpp\gen\src\classes\immediate_mesh.cpp ...
Compiling godot-cpp\gen\src\classes\grid_map.cpp ...
Compiling godot-cpp\gen\src\classes\font.cpp ...
Compiling godot-cpp\gen\src\classes\editor_undo_redo_manager.cpp ...
Compiling godot-cpp\gen\src\classes\editor_interface.cpp ...
Compiling godot-cpp\gen\src\classes\e_net_multiplayer_peer.cpp ...
Compiling godot-cpp\gen\src\classes\display_server.cpp ...
Compiling godot-cpp\gen\src\classes\control.cpp ...
Compiling godot-cpp\gen\src\classes\audio_server.cpp ...
Compiling godot-cpp\gen\src\classes\animation_node_state_machine.cpp ...
Compiling godot-cpp\gen\src\classes\animation_node.cpp ...
Compiling godot-cpp\gen\src\classes\accept_dialog.cpp ...
Compiling godot-cpp\gen\src\classes\gd_extension.cpp ...
Compiling godot-cpp\gen\src\classes\packed_data_container_ref.cpp ...
Compiling godot-cpp\gen\src\classes\a_star_grid2d.cpp ...
Compiling godot-cpp\gen\src\classes\config_file.cpp ...
Compiling godot-cpp\gen\src\classes\semaphore.cpp ...
Compiling godot-cpp\gen\src\classes\file_access.cpp ...
Compiling godot-cpp\gen\src\classes\translation_domain.cpp ...
Compiling godot-cpp\gen\src\classes\packet_peer_dtls.cpp ...
Compiling godot-cpp\gen\src\classes\tls_options.cpp ...
Compiling godot-cpp\gen\src\classes\hashing_context.cpp ...
Compiling godot-cpp\gen\src\classes\packet_peer_udp.cpp ...
Compiling godot-cpp\gen\src\classes\stream_peer_uds.cpp ...
Compiling godot-cpp\gen\src\classes\stream_peer_buffer.cpp ...
Compiling godot-cpp\gen\src\classes\stream_peer.cpp ...
Compiling godot-cpp\gen\src\classes\input_event_gesture.cpp ...
Compiling godot-cpp\gen\src\classes\input_event_joypad_motion.cpp ...
Compiling godot-cpp\gen\src\classes\input_event_mouse.cpp ...
Compiling godot-cpp\gen\src\classes\input_event_from_window.cpp ...
Compiling godot-cpp\gen\src\classes\missing_resource.cpp ...
Compiling godot-cpp\gen\src\classes\script_language.cpp ...
Compiling godot-cpp\gen\src\classes\time.cpp ...
Compiling godot-cpp\gen\src\classes\object.cpp ...
Linking Static Library godot-cpp\bin\libgodot-cpp.windows.template_release.x86_64.lib ...
LINK : fatal error LNK1181: 无法打开输入文件“godot-cpp\gen\src\classes\tile_set_scenes_collection_source.windows.template_release.x86_64.obj”
scons: building terminated because of errors.
