Godot Engine v4.6.2.stable.official.71f334935 - https://godotengine.org

[soak/start] days=12 seed=20260907 40x32 authority=true drive=serial_wait
[native_generation/base] path=gdext algorithm=post_base_priority_flood_hydrology_v3 n=1280 native_ms=3.375 water=847 land=433
[native_generation/post_base] path=gdext algorithm=post_base_priority_flood_hydrology_v3 n=1280 native_ms=0.780 lakes=0 rivers=45 volcanoes=0
[native_generation/vegetation] native_ms=0.279 candidates=432 none=601 score=[0.000,1.315,1.087] plant_water_land=433 river_adjacent_desert=0 coastal_highland_desert=3 terrain_weight=[0.180,1.200]
[native_generation/qa] single_water=0 tiny<=3=0 small<=5=0 bodies=1 largest=847 | land_below_sea=0.0% | terr_distinct=21 entropy=3.200bit | river_ratio=3.516%
MapGenerator v7: per-cell 38ms (1280 cells, path=gdext)
MapBaker v6: hm=(1024, 724) seed=20260907
    [fused] terrain=80.3ms erosion=2.3ms(ok=true) river=12.6ms(ok=true) latitude=0.1ms coast_sdf=4.2ms(ok=true)
  geometry fields (fused C++): 162ms
  physical circulation hex solve: deferred until DCWorldExt bind (ext=true idx=true soa=false)
  wind/ocean pixel buffers: skipped (ocean_current_visual off)
  visual tiles: {"degradation_reason":"","effective_budget_px":718336,"effective_texels_per_hex":14.0531554158605,"effective_world_units_per_texel":"(1.561685, 1.569293)","estimated_peak_bytes":28551744,"estimated_resident_bytes":16838208,"fallback_reason":"","generation_id":1,"grid_size":"(2, 2)","gutter_px":2,"hex_size":22.0,"horizon_path":"neutral_pending","interior_size":"(488, 368)","layer_size":"(492, 372)","layers":[{"bake_ms":86.3724,"coast_sdf_max_dist_px":8.1465574957287,"distance_scale":1.01831968696609,"edge_distance_saturate_hex":0.9,"edge_distance_units":"normalized_hex_center_gap","hashes":{"edge_distance":-4498494568376333628,"edge_neighbor":-8877781165169434429,"height":-2400994627798590787,"map_index":6698394937160063760,"terrain_detail":8434479313758134660,"terrain_normal":-4074458046892064106,"water_depth":157552324515097260},"layer":0,"normal_radius_px":"(19, 19)","raster_scale":"(1.020068, 1.016575)","river_sdf_max_dist_px":3.56411890438131,"shore_carve_band_px":6,"upload_ms":0.062,"wall_ms":86.668},{"bake_ms":60.9731,"coast_sdf_max_dist_px":8.1465574957287,"distance_scale":1.01831968696609,"edge_distance_saturate_hex":0.9,"edge_distance_units":"normalized_hex_center_gap","hashes":{"edge_distance":7466229717389502424,"edge_neighbor":-4156348538749102492,"height":9139434085402277021,"map_index":2541638425910112221,"terrain_detail":-4937876839831442827,"terrain_normal":198385240070784062,"water_depth":-7493332143304071437},"layer":1,"normal_radius_px":"(19, 19)","raster_scale":"(1.020068, 1.016575)","river_sdf_max_dist_px":3.56411890438131,"shore_carve_band_px":6,"upload_ms":0.06,"wall_ms":61.263},{"bake_ms":50.3085,"coast_sdf_max_dist_px":8.1465574957287,"distance_scale":1.01831968696609,"edge_distance_saturate_hex":0.9,"edge_distance_units":"normalized_hex_center_gap","hashes":{"edge_distance":-7586201969999626005,"edge_neighbor":-6881489894461073062,"height":4238300462856939401,"map_index":-4512329623455762680,"terrain_detail":-1726702795753047100,"terrain_normal":-1699105135757386677,"water_depth":8638311550119572551},"layer":2,"normal_radius_px":"(19, 19)","raster_scale":"(1.020068, 1.016575)","river_sdf_max_dist_px":3.56411890438131,"shore_carve_band_px":6,"upload_ms":0.061,"wall_ms":50.549},{"bake_ms":79.1084,"coast_sdf_max_dist_px":8.1465574957287,"distance_scale":1.01831968696609,"edge_distance_saturate_hex":0.9,"edge_distance_units":"normalized_hex_center_gap","hashes":{"edge_distance":-5534163194520066999,"edge_neighbor":5969587859608953869,"height":-7154463260341108361,"map_index":6643858376707325179,"terrain_detail":-1482497815478784877,"terrain_normal":-2331278192243829813,"water_depth":-2744009650668612766},"layer":3,"normal_radius_px":"(19, 19)","raster_scale":"(1.020068, 1.016575)","river_sdf_max_dist_px":3.56411890438131,"shore_carve_band_px":6,"upload_ms":0.064,"wall_ms":79.303}],"logical_size":"(976, 736)","mode":"tiled","path":"visual_tiled_static","profile":"desktop_auto","renderer":"mobile","requested_budget_px":712950,"requested_texels_per_hex":14.0,"requested_tile_world_span":"(804.5714, 804.5714)","requested_world_units_per_texel":1.57142857142857,"tile_world_area":440114.110565186,"tile_world_span":"(762.1024, 577.5)","total_ms":279.033,"visual_domain":"[P: (0.0, -44.0), S: (1524.205, 1155.0)]","wrap_period_x":1524.20471066061,"wrap_x":true}
WARNING: Loaded resource as image file, this will not work on export: 'res://assets/textures/terrain_materials/organic.png'. Instead, import the image file as an Image resource and load it normally as a resource.
   at: load (core/io/image.cpp:2756)
   GDScript backtrace (most recent call first):
       [0] _build_terrain_material_tex (res://scripts/rendering/map_baker.gd:360)
       [1] get_or_build_shared_terrain_material_tex (res://scripts/rendering/map_baker.gd:343)
       [2] bake_world (res://scripts/rendering/map_baker.gd:1179)
       [3] generate (res://scripts/geography/map_generator.gd:1474)
       [4] generate_world (res://scripts/game/world_runtime_host.gd:482)
       [5] _run (res://tests/climate_authority_soak_probe.gd:160)
       [6] _init (res://tests/climate_authority_soak_probe.gd:128)
WARNING: Loaded resource as image file, this will not work on export: 'res://assets/textures/terrain_materials/dry_sand.png'. Instead, import the image file as an Image resource and load it normally as a resource.
   at: load (core/io/image.cpp:2756)
   GDScript backtrace (most recent call first):
       [0] _build_terrain_material_tex (res://scripts/rendering/map_baker.gd:360)
       [1] get_or_build_shared_terrain_material_tex (res://scripts/rendering/map_baker.gd:343)
       [2] bake_world (res://scripts/rendering/map_baker.gd:1179)
       [3] generate (res://scripts/geography/map_generator.gd:1474)
       [4] generate_world (res://scripts/game/world_runtime_host.gd:482)
       [5] _run (res://tests/climate_authority_soak_probe.gd:160)
       [6] _init (res://tests/climate_authority_soak_probe.gd:128)
WARNING: Loaded resource as image file, this will not work on export: 'res://assets/textures/terrain_materials/rock.png'. Instead, import the image file as an Image resource and load it normally as a resource.
   at: load (core/io/image.cpp:2756)
   GDScript backtrace (most recent call first):
       [0] _build_terrain_material_tex (res://scripts/rendering/map_baker.gd:360)
       [1] get_or_build_shared_terrain_material_tex (res://scripts/rendering/map_baker.gd:343)
       [2] bake_world (res://scripts/rendering/map_baker.gd:1179)
       [3] generate (res://scripts/geography/map_generator.gd:1474)
       [4] generate_world (res://scripts/game/world_runtime_host.gd:482)
       [5] _run (res://tests/climate_authority_soak_probe.gd:160)
       [6] _init (res://tests/climate_authority_soak_probe.gd:128)
WARNING: Loaded resource as image file, this will not work on export: 'res://assets/textures/terrain_materials/snow_wet.png'. Instead, import the image file as an Image resource and load it normally as a resource.
   at: load (core/io/image.cpp:2756)
   GDScript backtrace (most recent call first):
       [0] _build_terrain_material_tex (res://scripts/rendering/map_baker.gd:360)
       [1] get_or_build_shared_terrain_material_tex (res://scripts/rendering/map_baker.gd:343)
       [2] bake_world (res://scripts/rendering/map_baker.gd:1179)
       [3] generate (res://scripts/geography/map_generator.gd:1474)
       [4] generate_world (res://scripts/game/world_runtime_host.gd:482)
       [5] _run (res://tests/climate_authority_soak_probe.gd:160)
       [6] _init (res://tests/climate_authority_soak_probe.gd:128)
  cell LUT encode: deferred until DCWorldExt bind
  encode: 2675ms
MapBaker v6: total 2837ms
MapGenerator v7: bake 2849ms
MapGenerator: skip _compute_ocean_currents (physical-hex path writes per-cell directly)
MapGenerator: skip _compute_terrain_perturbed_wind (physical-hex solver writes per-cell)
[SUS] sim budget strict=false frame=8.00ms warn=2.00ms slice=0.75ms upload=1.50ms scheduler=DCSystemScheduler native_sus=auto
[DCWorldExt] bind_map_data: 148 components bound (auto-registered=148; snapshot model; see world_ext.cpp comment & charter Â§11)
[DataCore] _data_core_world_ext bound=true (climate co-processor; class=DCWorldExt)
[native_world] configure rc=0 reason=configured cells=1280 wrap_period_x=69.282
[native_generation] path=gdext n=1280 published=9 native_ms=0.061 compute_ms=0.028 flush_ms=0.033
[hex_cell] facade ENABLED (1280 cells bound; ext=true)
[DataCore] _baker climate_profile injected=true (fixes WorldData.config==null sea_ice prepare path)
[phys_solve][oneshot] OK slp=0.73ms wind=0.25ms psi=0.16ms(ran=true) upwelling=0.03ms total=1.44ms
PhysicalCirculation solve@phase=1.50 total=2ms (C++ one-shot run_physical_solve_pass)
  wind/ocean pixel buffers: skipped (ocean_current_visual off)
[physical_init] deferred native refresh complete: 2ms
[cell_lut] deferred encode: 0ms path=gdext
[bio-occupancy] seed landmasses=7 provinces=7 species=20 secondary_hearths=9
[bio-occupancy]   bio.maize envelope=42 hearth=11 seeded_landmasses=1 primary_landmass=2 primary_envelope=21 occupied=11 occupied/envelope=0.52
[bio-occupancy]   bio.wheat envelope=117 hearth=27 seeded_landmasses=2 primary_landmass=1 primary_envelope=14 occupied=27 occupied/envelope=1.93
[bio-occupancy]   bio.rice envelope=45 hearth=4 seeded_landmasses=2 primary_landmass=3 primary_envelope=18 occupied=4 occupied/envelope=0.22
[bio-occupancy]   bio.potato envelope=95 hearth=35 seeded_landmasses=3 primary_landmass=2 primary_envelope=42 occupied=35 occupied/envelope=0.83
[bio-occupancy]   bio.horse envelope=126 hearth=26 seeded_landmasses=2 primary_landmass=3 primary_envelope=42 occupied=26 occupied/envelope=0.62
[bio-occupancy]   bio.cotton envelope=59 hearth=6 seeded_landmasses=1 primary_landmass=2 primary_envelope=25 occupied=6 occupied/envelope=0.24
[bio-occupancy]   bio.flax envelope=112 hearth=8 seeded_landmasses=1 primary_landmass=1 primary_envelope=14 occupied=8 occupied/envelope=0.57
[bio-occupancy]   bio.spice envelope=49 hearth=4 seeded_landmasses=1 primary_landmass=3 primary_envelope=19 occupied=4 occupied/envelope=0.21
[bio-occupancy]   bio.rubber envelope=27 hearth=6 seeded_landmasses=1 primary_landmass=3 primary_envelope=13 occupied=6 occupied/envelope=0.46
[bio-occupancy]   bio.sheep envelope=27 hearth=2 seeded_landmasses=1 primary_landmass=3 primary_envelope=8 occupied=2 occupied/envelope=0.25
[bio-occupancy]   bio.goat envelope=218 hearth=31 seeded_landmasses=2 primary_landmass=3 primary_envelope=83 occupied=31 occupied/envelope=0.37
[bio-occupancy]   bio.cattle envelope=9 hearth=2 seeded_landmasses=1 primary_landmass=2 primary_envelope=6 occupied=2 occupied/envelope=0.33
[bio-occupancy]   bio.pig envelope=144 hearth=41 seeded_landmasses=3 primary_landmass=1 primary_envelope=14 occupied=41 occupied/envelope=2.93
[bio-occupancy]   bio.camel envelope=56 hearth=16 seeded_landmasses=1 primary_landmass=2 primary_envelope=34 occupied=16 occupied/envelope=0.47
[bio-occupancy]   bio.yak envelope=60 hearth=27 seeded_landmasses=2 primary_landmass=3 primary_envelope=32 occupied=27 occupied/envelope=0.84
[bio-occupancy]   bio.silkworm envelope=64 hearth=2 seeded_landmasses=1 primary_landmass=2 primary_envelope=29 occupied=2 occupied/envelope=0.07
[bio-occupancy]   bio.reed envelope=72 hearth=11 seeded_landmasses=2 primary_landmass=2 primary_envelope=32 occupied=11 occupied/envelope=0.34
[bio-occupancy]   bio.bast_fiber envelope=119 hearth=28 seeded_landmasses=1 primary_landmass=2 primary_envelope=56 occupied=28 occupied/envelope=0.50
[bio-occupancy]   bio.dye_plant envelope=60 hearth=2 seeded_landmasses=1 primary_landmass=3 primary_envelope=25 occupied=2 occupied/envelope=0.08
[bio-occupancy]   bio.medicinal_herb envelope=174 hearth=72 seeded_landmasses=3 primary_landmass=2 primary_envelope=76 occupied=72 occupied/envelope=0.95
[bio-occupancy]   landmass 1 classes=cold_grazer, highland_food, open_grazer, fiber_open, forest_grazer, fiber_forest, dry_grazer, open_food foods=potato, wheat
[bio-occupancy]   landmass 2 classes=fiber_forest, highland_food, fiber_wet, forest_grazer, dry_grazer, open_grazer, wetland_food, tropical, open_food, fiber_open foods=potato, rice, maize
[bio-occupancy]   landmass 3 classes=tropical, forest_grazer, fiber_forest, dry_grazer, wetland_food, fiber_open, open_food, open_grazer, highland_food, fiber_wet, cold_grazer foods=rice, wheat, potato
[bio-occupancy]   landmass 4 classes=none foods=none
[bio-occupancy]   landmass 5 classes=none foods=none
[bio-occupancy]   landmass 6 classes=none foods=none
[bio-occupancy]   landmass 7 classes=none foods=none
[weather] gdext acceleration ON (class=DCWorldExt)
[weather] gdext field commit ON
[weather] gdext distribute ON
[weather] gdext summary ON
[weather] hexcell facade ON (skip AoS double-write in hot loop)
[weather] gdext resident knobs ON (class=KnobsHandle)
[economy] ACTIVE native graph cells=1280 goods=134 cohorts=16 epoch_days=1 trade=ACTIVE topology_ready=true topology_generation=1 bootstrap=starter_settlement_bootstrap_v9 founder_families=4 founder_people=4
[country] ACTIVE native authority countries=4 cells=1280 generation=1
[weather/knobs] resident KnobsHandle path ACTIVE — first to_*_knobs_dict hit (field_rebuild_count=1 expected ≤1; stable Hz target ≤1 Hz)
[native_daily] ACTIVE: registered native_daily_sim + natural_resource_daily + bio_occupancy_daily; retained season_refresh + ocean_currents boundary jobs
[DCSystemScheduler] topology: ["season_refresh", "trigger_runtime", "ideology_runtime", "effect_runtime", "modifier_daily", "gameplay_effect", "natural_resource_daily", "bio_occupancy_daily", "enum_atlas_upload", "ocean_currents", "native_daily_sim", "dynamic_visual_atlas_upload", "country_daily", "economy_daily"]
WARNING: [building-visual] disabled: building_visual_renderer_unavailable
   at: push_warning (core/variant/variant_utility.cpp:1034)
   GDScript backtrace (most recent call first):
       [0] generate_world (res://scripts/game/world_runtime_host.gd:517)
       [1] _run (res://tests/climate_authority_soak_probe.gd:160)
       [2] _init (res://tests/climate_authority_soak_probe.gd:128)
WARNING: [runtime-climate-round] no ClimateDailySystem; SHADOW capture carries no shared pass input
   at: push_warning (core/variant/variant_utility.cpp:1034)
   GDScript backtrace (most recent call first):
       [0] _build_runtime_climate_round_input (res://scripts/geography/map_generator.gd:4629)
       [1] capture_runtime_inputs_for_worker (res://scripts/geography/map_generator.gd:2360)
       [2] generate_world (res://scripts/game/world_runtime_host.gd:536)
       [3] _run (res://tests/climate_authority_soak_probe.gd:160)
       [4] _init (res://tests/climate_authority_soak_probe.gd:128)
[DCSystemScheduler][RT] ocean_skip#1 tick=1 reason=policy_gated slices=0 elapsed=0.000 progress=0.000 source=day_changed
[soak/wb-probe] tick=1 before=0.0 after_wb=0.0 after_tick=0.0
[climate-kernel][round] shared=1 ok=1 n_cells=1280 mask=0x1FF ran=0x1FF starved=0x0 knobs_cells=1280
[DCSystemScheduler][RT] ocean_skip#2 tick=2 reason=policy_gated slices=0 elapsed=0.000 progress=0.000 source=day_changed
[soak/wb-probe] tick=2 before=0.0 after_wb=0.0 after_tick=0.0
[country][parity] worker_day=1 uncompared reference_range=-1..-1 depth=0
[DCSystemScheduler][RT] ocean_skip#3 tick=3 reason=policy_gated slices=0 elapsed=0.000 progress=0.000 source=day_changed
[soak/wb-probe] tick=3 before=0.0 after_wb=0.0 after_tick=0.0
[climate/writeback][b8] day=1 vapor store0=0 map0=0 dirty_fields=40 applied=40
[country][parity] worker_day=2 uncompared reference_range=-1..-1 depth=0
[phys_solve][RT] start#1 phase=0.0438 pending=nan solve_ocean=true ext=true idx=true soa=true
[slp_field] path-decision call#1: prof=true pflag_attr=true pflag_val=true ext=true method=true idx=true -> cpp_gate=true
[slp_field] commit-diag call#1: rc=0.048 slp_out=1280 n_cells=1280 map_slp=1280 slice=0:160 final=false published=false slot=19/1280 reason=intermediate_slice
[slp_field][RT-DIAG] call#1 phase=0.0438 rc=0.048 slp_out=1280 n=1280 slice=0:160 final=false published=false slot=19/1280 slot_reason=intermediate_slice -> intermediate_slice
WARNING: [sim/graph-trigger] handoff blocked day=4 reason=trigger_effect_domain_adapter_required command_key=economy.social_pressure_notice definition_key= action=13 opcode=1 â trigger effect queue cannot drain; trigger is retired for the rest of each pulse
   at: push_warning (core/variant/variant_utility.cpp:1034)
[climate/worker][b8] paw day=3 cell=70 moisture=0.848586 wb30=0 soil=0 paw=0.848586 weights(wb=0.35 soil=0.25 dry=0.65) round=1 distribute=0 hydrology=0
   GDScript backtrace (most recent call first):
       [0] _advance_runtime_graph_pulse (res://scripts/geography/map_generator.gd:3312)
       [1] sus_tick_daily (res://scripts/geography/map_generator.gd:7779)
       [2] run_daily_tick (res://scripts/game/world_runtime_host.gd:659)
       [3] _run (res://tests/climate_authority_soak_probe.gd:247)
       [4] _init (res://tests/climate_authority_soak_probe.gd:128)
[climate][publish] day=0 round_ran=1 prod_stage=0x3 scalar_mask=0x3 alb=0 veg=0 fb=0 weather=0 sr=0 ok=1
[climate][publish] day=1 round_ran=0 prod_stage=0x0 scalar_mask=0x0 alb=0 veg=0 fb=0 weather=0 sr=0 ok=1
[climate][publish] day=2 round_ran=0 prod_stage=0x0 scalar_mask=0x0 alb=0 veg=0 fb=0 weather=0 sr=0 ok=0
[soak/wb-probe] tick=4 before=0.0 after_wb=0.0 after_tick=0.0
[climate/writeback][b8] day=2 vapor store0=0 map0=0 dirty_fields=40 applied=40
[country][parity] worker_day=3 uncompared reference_range=-1..-1 depth=0
[climate][publish] day=2 round_ran=0 prod_stage=0x0 scalar_mask=0x0 alb=0 veg=0 fb=0 weather=0 sr=0 ok=0
[DCSystemScheduler][RT] ocean_skip#4 tick=5 reason=policy_gated slices=0 elapsed=0.000 progress=0.000 source=day_changed
[soak/wb-probe] tick=5 before=0.0 after_wb=0.0 after_tick=0.0
[climate/worker][b8] paw day=4 cell=70 moisture=0.843849 wb30=0 soil=0 paw=0.843849 weights(wb=0.35 soil=0.25 dry=0.65) round=1 distribute=1 hydrology=0
[climate/worker][b8] weather_solve day=4 cells=1280 psi=1 vapor0=0.110427 precip0=0 cloud0=0.0445623 type0=0 field_init0=1
[climate/writeback][b8] day=3 vapor store0=0 map0=0 dirty_fields=40 applied=40
[country][parity] worker_day=4 uncompared reference_range=-1..-1 depth=0
[climate][publish] day=2 round_ran=0 prod_stage=0x0 scalar_mask=0x0 alb=0 veg=0 fb=0 weather=0 sr=0 ok=0
[soak/wb-probe] tick=6 before=0.0 after_wb=0.0 after_tick=0.0
[climate/worker][b8] paw day=5 cell=70 moisture=0.846885 wb30=-0.00039017 soil=0 paw=0.846632 weights(wb=0.35 soil=0.25 dry=0.65) round=1 distribute=0 hydrology=0
[climate/writeback][b8] day=4 vapor store0=0.110427 map0=0.110427 dirty_fields=42 applied=42
[country][parity] worker_day=5 uncompared reference_range=-1..-1 depth=0
[climate][publish] day=2 round_ran=0 prod_stage=0x0 scalar_mask=0x0 alb=0 veg=0 fb=0 weather=0 sr=0 ok=0
[DCSystemScheduler][RT] ocean_skip#5 tick=7 reason=policy_gated slices=0 elapsed=0.000 progress=0.000 source=day_changed
[soak/wb-probe] tick=7 before=0.0 after_wb=0.11042736470699 after_tick=0.11042736470699
[climate/worker][b8] paw day=6 cell=70 moisture=0.843284 wb30=-0.00039017 soil=-0.000936407 paw=0.843031 weights(wb=0.35 soil=0.25 dry=0.65) round=1 distribute=0 hydrology=0
[country][parity] worker_day=6 uncompared reference_range=-1..-1 depth=0
[slp_field] path-decision call#2: prof=true pflag_attr=true pflag_val=true ext=true method=true idx=true -> cpp_gate=true
[slp_field] commit-diag call#2: rc=0.048 slp_out=1280 n_cells=1280 map_slp=1280 slice=160:320 final=false published=false slot=19/1280 reason=intermediate_slice
[slp_field][RT-DIAG] call#2 phase=0.0438 rc=0.048 slp_out=1280 n=1280 slice=160:320 final=false published=false slot=19/1280 slot_reason=intermediate_slice -> intermediate_slice
[climate][publish] day=2 round_ran=0 prod_stage=0x0 scalar_mask=0x0 alb=0 veg=0 fb=0 weather=0 sr=0 ok=0
[soak/wb-probe] tick=8 before=0.11042736470699 after_wb=0.11042736470699 after_tick=0.11042736470699
[climate/worker][b8] paw day=7 cell=70 moisture=0.847986 wb30=-0.00039017 soil=-0.000936407 paw=0.847732 weights(wb=0.35 soil=0.25 dry=0.65) round=1 distribute=0 hydrology=0
[country][parity] worker_day=7 uncompared reference_range=-1..-1 depth=0
[climate][publish] day=2 round_ran=0 prod_stage=0x0 scalar_mask=0x0 alb=0 veg=0 fb=0 weather=0 sr=0 ok=0
[DCSystemScheduler][RT] ocean_skip#6 tick=9 reason=policy_gated slices=0 elapsed=0.000 progress=0.000 source=day_changed
[soak/wb-probe] tick=9 before=0.11042736470699 after_wb=0.11042736470699 after_tick=0.11042736470699
[climate/worker][b8] paw day=8 cell=70 moisture=0.845249 wb30=-0.00039017 soil=-0.000936407 paw=0.844996 weights(wb=0.35 soil=0.25 dry=0.65) round=1 distribute=0 hydrology=0
[country][parity] worker_day=8 uncompared reference_range=-1..-1 depth=0
[DCSystemScheduler][RT] ocean_skip#7 tick=10 reason=policy_gated slices=0 elapsed=0.000 progress=0.000 source=day_changed
[climate][publish] day=2 round_ran=0 prod_stage=0x0 scalar_mask=0x0 alb=0 veg=0 fb=0 weather=0 sr=0 ok=0
[soak/wb-probe] tick=10 before=0.11042736470699 after_wb=0.11042736470699 after_tick=0.11042736470699
[climate/worker][b8] paw day=9 cell=70 moisture=0.848827 wb30=-0.00039017 soil=-0.000936407 paw=0.848573 weights(wb=0.35 soil=0.25 dry=0.65) round=1 distribute=0 hydrology=0
[climate][publish] day=2 round_ran=0 prod_stage=0x0 scalar_mask=0x0 alb=0 veg=0 fb=0 weather=0 sr=0 ok=0
[DCSystemScheduler][RT] ocean_skip#8 tick=11 reason=policy_gated slices=0 elapsed=0.000 progress=0.000 source=day_changed
[soak/wb-probe] tick=11 before=0.11042736470699 after_wb=0.11042736470699 after_tick=0.11042736470699
[climate/worker][b8] paw day=10 cell=70 moisture=0.846747 wb30=-0.00039017 soil=-0.000936407 paw=0.846493 weights(wb=0.35 soil=0.25 dry=0.65) round=1 distribute=0 hydrology=0
[slp_field] path-decision call#3: prof=true pflag_attr=true pflag_val=true ext=true method=true idx=true -> cpp_gate=true
[slp_field] commit-diag call#3: rc=0.046 slp_out=1280 n_cells=1280 map_slp=1280 slice=320:480 final=false published=false slot=19/1280 reason=intermediate_slice
[slp_field][RT-DIAG] call#3 phase=0.0438 rc=0.046 slp_out=1280 n=1280 slice=320:480 final=false published=false slot=19/1280 slot_reason=intermediate_slice -> intermediate_slice
[climate][publish] day=2 round_ran=0 prod_stage=0x0 scalar_mask=0x0 alb=0 veg=0 fb=0 weather=0 sr=0 ok=0
[soak/wb-probe] tick=12 before=0.11042736470699 after_wb=0.11042736470699 after_tick=0.11042736470699
[soak/fields] applied=42 skipped=["riparian_moisture(unbound)", "vegetation_succession_candidate(extern_size)"]
[soak/stage-days] pass_a=10 pass_b=10 ocean_water=10 ocean_land=10 wind_air=10 wind_surface=10 sea_ice=10 transpiration=10 albedo=1 vegetation=1 feedback=1 weather=1 hydrology=0 stage_b_after_hydrology=0
[soak/done] ticks=12 writeback_days=9 drops=0 first_bad_tick=-1 field= season_path=
[soak/summary] D:\Godot\ProjectKeynes\Project.Keynes\artifacts\runtime\climate-b8\paw-diag\soak.json
[climate/worker][b8] paw day=11 cell=70 moisture=0.849468 wb30=-0.00039017 soil=-0.000936407 paw=0.849215 weights(wb=0.35 soil=0.25 dry=0.65) round=1 distribute=0 hydrology=0
ERROR: 24 RID allocations of type 'PN13RendererDummy14TextureStorage12DummyTextureE' were leaked at exit.
WARNING: ObjectDB instances leaked at exit (run with --verbose for details).
   at: cleanup (core/object/object.cpp:2641)
ERROR: 237 resources still in use at exit (run with --verbose for details).
   at: clear (core/io/resource.cpp:810)
