Godot Engine v4.6.2.stable.official.71f334935 - https://godotengine.org

[soak/start] days=120 seed=20260907 40x32 authority=false drive=serial_wait
[native_generation/base] path=gdext algorithm=post_base_priority_flood_hydrology_v3 n=1280 native_ms=3.399 water=847 land=433
[native_generation/post_base] path=gdext algorithm=post_base_priority_flood_hydrology_v3 n=1280 native_ms=0.767 lakes=0 rivers=45 volcanoes=0
[native_generation/vegetation] native_ms=0.284 candidates=432 none=601 score=[0.000,1.315,1.087] plant_water_land=433 river_adjacent_desert=0 coastal_highland_desert=3 terrain_weight=[0.180,1.200]
[native_generation/qa] single_water=0 tiny<=3=0 small<=5=0 bodies=1 largest=847 | land_below_sea=0.0% | terr_distinct=21 entropy=3.200bit | river_ratio=3.516%
MapGenerator v7: per-cell 37ms (1280 cells, path=gdext)
MapBaker v6: hm=(1024, 724) seed=20260907
    [fused] terrain=78.7ms erosion=2.3ms(ok=true) river=12.7ms(ok=true) latitude=0.1ms coast_sdf=4.2ms(ok=true)
  geometry fields (fused C++): 162ms
  physical circulation hex solve: deferred until DCWorldExt bind (ext=true idx=true soa=false)
  wind/ocean pixel buffers: skipped (ocean_current_visual off)
  visual tiles: {"degradation_reason":"","effective_budget_px":718336,"effective_texels_per_hex":14.0531554158605,"effective_world_units_per_texel":"(1.561685, 1.569293)","estimated_peak_bytes":28551744,"estimated_resident_bytes":16838208,"fallback_reason":"","generation_id":1,"grid_size":"(2, 2)","gutter_px":2,"hex_size":22.0,"horizon_path":"neutral_pending","interior_size":"(488, 368)","layer_size":"(492, 372)","layers":[{"bake_ms":101.6814,"coast_sdf_max_dist_px":8.1465574957287,"distance_scale":1.01831968696609,"edge_distance_saturate_hex":0.9,"edge_distance_units":"normalized_hex_center_gap","hashes":{"edge_distance":-4498494568376333628,"edge_neighbor":-8877781165169434429,"height":-2400994627798590787,"map_index":6698394937160063760,"terrain_detail":8434479313758134660,"terrain_normal":-4074458046892064106,"water_depth":157552324515097260},"layer":0,"normal_radius_px":"(19, 19)","raster_scale":"(1.020068, 1.016575)","river_sdf_max_dist_px":3.56411890438131,"shore_carve_band_px":6,"upload_ms":0.075,"wall_ms":102.436},{"bake_ms":64.1743,"coast_sdf_max_dist_px":8.1465574957287,"distance_scale":1.01831968696609,"edge_distance_saturate_hex":0.9,"edge_distance_units":"normalized_hex_center_gap","hashes":{"edge_distance":7466229717389502424,"edge_neighbor":-4156348538749102492,"height":9139434085402277021,"map_index":2541638425910112221,"terrain_detail":-4937876839831442827,"terrain_normal":198385240070784062,"water_depth":-7493332143304071437},"layer":1,"normal_radius_px":"(19, 19)","raster_scale":"(1.020068, 1.016575)","river_sdf_max_dist_px":3.56411890438131,"shore_carve_band_px":6,"upload_ms":0.071,"wall_ms":64.39},{"bake_ms":53.825,"coast_sdf_max_dist_px":8.1465574957287,"distance_scale":1.01831968696609,"edge_distance_saturate_hex":0.9,"edge_distance_units":"normalized_hex_center_gap","hashes":{"edge_distance":-7586201969999626005,"edge_neighbor":-6881489894461073062,"height":4238300462856939401,"map_index":-4512329623455762680,"terrain_detail":-1726702795753047100,"terrain_normal":-1699105135757386677,"water_depth":8638311550119572551},"layer":2,"normal_radius_px":"(19, 19)","raster_scale":"(1.020068, 1.016575)","river_sdf_max_dist_px":3.56411890438131,"shore_carve_band_px":6,"upload_ms":0.066,"wall_ms":54.022},{"bake_ms":86.5888,"coast_sdf_max_dist_px":8.1465574957287,"distance_scale":1.01831968696609,"edge_distance_saturate_hex":0.9,"edge_distance_units":"normalized_hex_center_gap","hashes":{"edge_distance":-5534163194520066999,"edge_neighbor":5969587859608953869,"height":-7154463260341108361,"map_index":6643858376707325179,"terrain_detail":-1482497815478784877,"terrain_normal":-2331278192243829813,"water_depth":-2744009650668612766},"layer":3,"normal_radius_px":"(19, 19)","raster_scale":"(1.020068, 1.016575)","river_sdf_max_dist_px":3.56411890438131,"shore_carve_band_px":6,"upload_ms":0.075,"wall_ms":86.812}],"logical_size":"(976, 736)","mode":"tiled","path":"visual_tiled_static","profile":"desktop_auto","renderer":"mobile","requested_budget_px":712950,"requested_texels_per_hex":14.0,"requested_tile_world_span":"(804.5714, 804.5714)","requested_world_units_per_texel":1.57142857142857,"tile_world_area":440114.110565186,"tile_world_span":"(762.1024, 577.5)","total_ms":308.791,"visual_domain":"[P: (0.0, -44.0), S: (1524.205, 1155.0)]","wrap_period_x":1524.20471066061,"wrap_x":true}
WARNING: Loaded resource as image file, this will not work on export: 'res://assets/textures/terrain_materials/organic.png'. Instead, import the image file as an Image resource and load it normally as a resource.
   at: load (core/io/image.cpp:2756)
   GDScript backtrace (most recent call first):
       [0] _build_terrain_material_tex (res://scripts/rendering/map_baker.gd:360)
       [1] get_or_build_shared_terrain_material_tex (res://scripts/rendering/map_baker.gd:343)
       [2] bake_world (res://scripts/rendering/map_baker.gd:1179)
       [3] generate (res://scripts/geography/map_generator.gd:1474)
       [4] generate_world (res://scripts/game/world_runtime_host.gd:482)
       [5] _run (res://tests/climate_authority_soak_probe.gd:160)
       [6] _init (res://tests/climate_authority_soak_probe.gd:128)
WARNING: Loaded resource as image file, this will not work on export: 'res://assets/textures/terrain_materials/dry_sand.png'. Instead, import the image file as an Image resource and load it normally as a resource.
   at: load (core/io/image.cpp:2756)
   GDScript backtrace (most recent call first):
       [0] _build_terrain_material_tex (res://scripts/rendering/map_baker.gd:360)
       [1] get_or_build_shared_terrain_material_tex (res://scripts/rendering/map_baker.gd:343)
       [2] bake_world (res://scripts/rendering/map_baker.gd:1179)
       [3] generate (res://scripts/geography/map_generator.gd:1474)
       [4] generate_world (res://scripts/game/world_runtime_host.gd:482)
       [5] _run (res://tests/climate_authority_soak_probe.gd:160)
       [6] _init (res://tests/climate_authority_soak_probe.gd:128)
WARNING: Loaded resource as image file, this will not work on export: 'res://assets/textures/terrain_materials/rock.png'. Instead, import the image file as an Image resource and load it normally as a resource.
   at: load (core/io/image.cpp:2756)
   GDScript backtrace (most recent call first):
       [0] _build_terrain_material_tex (res://scripts/rendering/map_baker.gd:360)
       [1] get_or_build_shared_terrain_material_tex (res://scripts/rendering/map_baker.gd:343)
       [2] bake_world (res://scripts/rendering/map_baker.gd:1179)
       [3] generate (res://scripts/geography/map_generator.gd:1474)
       [4] generate_world (res://scripts/game/world_runtime_host.gd:482)
       [5] _run (res://tests/climate_authority_soak_probe.gd:160)
       [6] _init (res://tests/climate_authority_soak_probe.gd:128)
WARNING: Loaded resource as image file, this will not work on export: 'res://assets/textures/terrain_materials/snow_wet.png'. Instead, import the image file as an Image resource and load it normally as a resource.
   at: load (core/io/image.cpp:2756)
   GDScript backtrace (most recent call first):
       [0] _build_terrain_material_tex (res://scripts/rendering/map_baker.gd:360)
       [1] get_or_build_shared_terrain_material_tex (res://scripts/rendering/map_baker.gd:343)
       [2] bake_world (res://scripts/rendering/map_baker.gd:1179)
       [3] generate (res://scripts/geography/map_generator.gd:1474)
       [4] generate_world (res://scripts/game/world_runtime_host.gd:482)
       [5] _run (res://tests/climate_authority_soak_probe.gd:160)
       [6] _init (res://tests/climate_authority_soak_probe.gd:128)
  cell LUT encode: deferred until DCWorldExt bind
  encode: 2861ms
MapBaker v6: total 3024ms
MapGenerator v7: bake 3036ms
MapGenerator: skip _compute_ocean_currents (physical-hex path writes per-cell directly)
MapGenerator: skip _compute_terrain_perturbed_wind (physical-hex solver writes per-cell)
[SUS] sim budget strict=false frame=8.00ms warn=2.00ms slice=0.75ms upload=1.50ms scheduler=DCSystemScheduler native_sus=auto
[DCWorldExt] bind_map_data: 148 components bound (auto-registered=148; snapshot model; see world_ext.cpp comment & charter Â§11)
[DataCore] _data_core_world_ext bound=true (climate co-processor; class=DCWorldExt)
[native_world] configure rc=0 reason=configured cells=1280 wrap_period_x=69.282
[native_generation] path=gdext n=1280 published=9 native_ms=0.079 compute_ms=0.033 flush_ms=0.046
[hex_cell] facade ENABLED (1280 cells bound; ext=true)
[DataCore] _baker climate_profile injected=true (fixes WorldData.config==null sea_ice prepare path)
[phys_solve][oneshot] OK slp=0.75ms wind=0.52ms psi=0.19ms(ran=true) upwelling=0.06ms total=1.78ms
PhysicalCirculation solve@phase=1.50 total=2ms (C++ one-shot run_physical_solve_pass)
  wind/ocean pixel buffers: skipped (ocean_current_visual off)
[physical_init] deferred native refresh complete: 2ms
[cell_lut] deferred encode: 1ms path=gdext
[bio-occupancy] seed landmasses=7 provinces=7 species=20 secondary_hearths=9
[bio-occupancy]   bio.maize envelope=42 hearth=11 seeded_landmasses=1 primary_landmass=2 primary_envelope=21 occupied=11 occupied/envelope=0.52
[bio-occupancy]   bio.wheat envelope=117 hearth=27 seeded_landmasses=2 primary_landmass=1 primary_envelope=14 occupied=27 occupied/envelope=1.93
[bio-occupancy]   bio.rice envelope=45 hearth=4 seeded_landmasses=2 primary_landmass=3 primary_envelope=18 occupied=4 occupied/envelope=0.22
[bio-occupancy]   bio.potato envelope=95 hearth=35 seeded_landmasses=3 primary_landmass=2 primary_envelope=42 occupied=35 occupied/envelope=0.83
[bio-occupancy]   bio.horse envelope=126 hearth=26 seeded_landmasses=2 primary_landmass=3 primary_envelope=42 occupied=26 occupied/envelope=0.62
[bio-occupancy]   bio.cotton envelope=59 hearth=6 seeded_landmasses=1 primary_landmass=2 primary_envelope=25 occupied=6 occupied/envelope=0.24
[bio-occupancy]   bio.flax envelope=112 hearth=8 seeded_landmasses=1 primary_landmass=1 primary_envelope=14 occupied=8 occupied/envelope=0.57
[bio-occupancy]   bio.spice envelope=49 hearth=4 seeded_landmasses=1 primary_landmass=3 primary_envelope=19 occupied=4 occupied/envelope=0.21
[bio-occupancy]   bio.rubber envelope=27 hearth=6 seeded_landmasses=1 primary_landmass=3 primary_envelope=13 occupied=6 occupied/envelope=0.46
[bio-occupancy]   bio.sheep envelope=27 hearth=2 seeded_landmasses=1 primary_landmass=3 primary_envelope=8 occupied=2 occupied/envelope=0.25
[bio-occupancy]   bio.goat envelope=218 hearth=31 seeded_landmasses=2 primary_landmass=3 primary_envelope=83 occupied=31 occupied/envelope=0.37
[bio-occupancy]   bio.cattle envelope=9 hearth=2 seeded_landmasses=1 primary_landmass=2 primary_envelope=6 occupied=2 occupied/envelope=0.33
[bio-occupancy]   bio.pig envelope=144 hearth=41 seeded_landmasses=3 primary_landmass=1 primary_envelope=14 occupied=41 occupied/envelope=2.93
[bio-occupancy]   bio.camel envelope=56 hearth=16 seeded_landmasses=1 primary_landmass=2 primary_envelope=34 occupied=16 occupied/envelope=0.47
[bio-occupancy]   bio.yak envelope=60 hearth=27 seeded_landmasses=2 primary_landmass=3 primary_envelope=32 occupied=27 occupied/envelope=0.84
[bio-occupancy]   bio.silkworm envelope=64 hearth=2 seeded_landmasses=1 primary_landmass=2 primary_envelope=29 occupied=2 occupied/envelope=0.07
[bio-occupancy]   bio.reed envelope=72 hearth=11 seeded_landmasses=2 primary_landmass=2 primary_envelope=32 occupied=11 occupied/envelope=0.34
[bio-occupancy]   bio.bast_fiber envelope=119 hearth=28 seeded_landmasses=1 primary_landmass=2 primary_envelope=56 occupied=28 occupied/envelope=0.50
[bio-occupancy]   bio.dye_plant envelope=60 hearth=2 seeded_landmasses=1 primary_landmass=3 primary_envelope=25 occupied=2 occupied/envelope=0.08
[bio-occupancy]   bio.medicinal_herb envelope=174 hearth=72 seeded_landmasses=3 primary_landmass=2 primary_envelope=76 occupied=72 occupied/envelope=0.95
[bio-occupancy]   landmass 1 classes=cold_grazer, highland_food, open_grazer, fiber_open, forest_grazer, fiber_forest, dry_grazer, open_food foods=potato, wheat
[bio-occupancy]   landmass 2 classes=fiber_forest, highland_food, fiber_wet, forest_grazer, dry_grazer, open_grazer, wetland_food, tropical, open_food, fiber_open foods=potato, rice, maize
[bio-occupancy]   landmass 3 classes=tropical, forest_grazer, fiber_forest, dry_grazer, wetland_food, fiber_open, open_food, open_grazer, highland_food, fiber_wet, cold_grazer foods=rice, wheat, potato
[bio-occupancy]   landmass 4 classes=none foods=none
[bio-occupancy]   landmass 5 classes=none foods=none
[bio-occupancy]   landmass 6 classes=none foods=none
[bio-occupancy]   landmass 7 classes=none foods=none
[weather] gdext acceleration ON (class=DCWorldExt)
[weather] gdext field commit ON
[weather] gdext distribute ON
[weather] gdext summary ON
[weather] hexcell facade ON (skip AoS double-write in hot loop)
[weather] gdext resident knobs ON (class=KnobsHandle)
[economy] ACTIVE native graph cells=1280 goods=134 cohorts=16 epoch_days=1 trade=ACTIVE topology_ready=true topology_generation=1 bootstrap=starter_settlement_bootstrap_v9 founder_families=4 founder_people=4
[country] ACTIVE native authority countries=4 cells=1280 generation=1
[weather/knobs] resident KnobsHandle path ACTIVE — first to_*_knobs_dict hit (field_rebuild_count=1 expected ≤1; stable Hz target ≤1 Hz)
[native_daily] ACTIVE: registered native_daily_sim + natural_resource_daily + bio_occupancy_daily; retained season_refresh + ocean_currents boundary jobs
[DCSystemScheduler] topology: ["season_refresh", "trigger_runtime", "ideology_runtime", "effect_runtime", "modifier_daily", "gameplay_effect", "natural_resource_daily", "bio_occupancy_daily", "enum_atlas_upload", "ocean_currents", "native_daily_sim", "dynamic_visual_atlas_upload", "country_daily", "economy_daily"]
WARNING: [building-visual] disabled: building_visual_renderer_unavailable
   at: push_warning (core/variant/variant_utility.cpp:1034)
   GDScript backtrace (most recent call first):
       [0] generate_world (res://scripts/game/world_runtime_host.gd:517)
       [1] _run (res://tests/climate_authority_soak_probe.gd:160)
       [2] _init (res://tests/climate_authority_soak_probe.gd:128)
WARNING: [runtime-climate-round] no ClimateDailySystem; SHADOW capture carries no shared pass input
   at: push_warning (core/variant/variant_utility.cpp:1034)
   GDScript backtrace (most recent call first):
       [0] _build_runtime_climate_round_input (res://scripts/geography/map_generator.gd:4629)
       [1] capture_runtime_inputs_for_worker (res://scripts/geography/map_generator.gd:2360)
       [2] generate_world (res://scripts/game/world_runtime_host.gd:536)
       [3] _run (res://tests/climate_authority_soak_probe.gd:160)
       [4] _init (res://tests/climate_authority_soak_probe.gd:128)
[DCSystemScheduler][RT] ocean_skip#1 tick=1 reason=policy_gated slices=0 elapsed=0.000 progress=0.000 source=day_changed
[DCSystemScheduler][RT] ocean_skip#2 tick=2 reason=policy_gated slices=0 elapsed=0.000 progress=0.000 source=day_changed
[DCSystemScheduler][RT] ocean_skip#3 tick=3 reason=policy_gated slices=0 elapsed=0.000 progress=0.000 source=day_changed
[phys_solve][RT] start#1 phase=0.0438 pending=nan solve_ocean=true ext=true idx=true soa=true
[slp_field] path-decision call#1: prof=true pflag_attr=true pflag_val=true ext=true method=true idx=true -> cpp_gate=true
[slp_field] commit-diag call#1: rc=0.050 slp_out=1280 n_cells=1280 map_slp=1280 slice=0:160 final=false published=false slot=19/1280 reason=intermediate_slice
[slp_field][RT-DIAG] call#1 phase=0.0438 rc=0.050 slp_out=1280 n=1280 slice=0:160 final=false published=false slot=19/1280 slot_reason=intermediate_slice -> intermediate_slice
[DCSystemScheduler][RT] ocean_skip#4 tick=5 reason=policy_gated slices=0 elapsed=0.000 progress=0.000 source=day_changed
[DCSystemScheduler][RT] ocean_skip#5 tick=7 reason=policy_gated slices=0 elapsed=0.000 progress=0.000 source=day_changed
WARNING: [sim/graph-trigger] handoff blocked day=7 reason=trigger_effect_domain_adapter_required command_key=economy.social_pressure_notice definition_key= action=13 opcode=1 â trigger effect queue cannot drain; trigger is retired for the rest of each pulse
   at: push_warning (core/variant/variant_utility.cpp:1034)
   GDScript backtrace (most recent call first):
       [0] _advance_runtime_graph_pulse (res://scripts/geography/map_generator.gd:3312)
       [1] sus_tick_daily (res://scripts/geography/map_generator.gd:7779)
       [2] run_daily_tick (res://scripts/game/world_runtime_host.gd:659)
       [3] _run (res://tests/climate_authority_soak_probe.gd:245)
       [4] _init (res://tests/climate_authority_soak_probe.gd:128)
[climate][publish] day=0 round_ran=1 prod_stage=0xff scalar_mask=0x7f alb=0 veg=0 fb=0 weather=0 sr=0 ok=1
[climate][publish] day=1 round_ran=0 prod_stage=0x0 scalar_mask=0x0 alb=0 veg=0 fb=0 weather=0 sr=0 ok=1
[climate][publish] day=2 round_ran=0 prod_stage=0x0 scalar_mask=0x0 alb=0 veg=0 fb=0 weather=0 sr=0 ok=1
[climate][publish] day=3 round_ran=0 prod_stage=0x0 scalar_mask=0x0 alb=0 veg=0 fb=0 weather=0 sr=0 ok=1
[climate][publish] day=4 round_ran=0 prod_stage=0x0 scalar_mask=0x0 alb=0 veg=0 fb=0 weather=0 sr=0 ok=1
[climate][publish] day=5 round_ran=0 prod_stage=0x0 scalar_mask=0x0 alb=0 veg=0 fb=0 weather=0 sr=0 ok=1
[climate][publish] day=6 round_ran=0 prod_stage=0x0 scalar_mask=0x0 alb=0 veg=0 fb=0 weather=0 sr=0 ok=1
[slp_field] path-decision call#2: prof=true pflag_attr=true pflag_val=true ext=true method=true idx=true -> cpp_gate=true
[slp_field] commit-diag call#2: rc=0.050 slp_out=1280 n_cells=1280 map_slp=1280 slice=160:320 final=false published=false slot=19/1280 reason=intermediate_slice
[slp_field][RT-DIAG] call#2 phase=0.0438 rc=0.050 slp_out=1280 n=1280 slice=160:320 final=false published=false slot=19/1280 slot_reason=intermediate_slice -> intermediate_slice
[DCSystemScheduler][RT] ocean_skip#6 tick=9 reason=policy_gated slices=0 elapsed=0.000 progress=0.000 source=day_changed
[DCSystemScheduler][RT] ocean_skip#7 tick=10 reason=policy_gated slices=0 elapsed=0.000 progress=0.000 source=day_changed
[DCSystemScheduler][RT] ocean_skip#8 tick=11 reason=policy_gated slices=0 elapsed=0.000 progress=0.000 source=day_changed
[slp_field] path-decision call#3: prof=true pflag_attr=true pflag_val=true ext=true method=true idx=true -> cpp_gate=true
[slp_field] commit-diag call#3: rc=0.047 slp_out=1280 n_cells=1280 map_slp=1280 slice=320:480 final=false published=false slot=19/1280 reason=intermediate_slice
[slp_field][RT-DIAG] call#3 phase=0.0438 rc=0.047 slp_out=1280 n=1280 slice=320:480 final=false published=false slot=19/1280 slot_reason=intermediate_slice -> intermediate_slice
[DCSystemScheduler][RT] ocean_skip#9 tick=13 reason=policy_gated slices=0 elapsed=0.000 progress=0.000 source=day_changed
[DCSystemScheduler][RT] ocean_skip#10 tick=14 reason=policy_gated slices=0 elapsed=0.000 progress=0.000 source=day_changed
[DCSystemScheduler][RT] ocean_skip#11 tick=15 reason=policy_gated slices=0 elapsed=0.000 progress=0.000 source=day_changed
[slp_field][RT-DIAG] call#4 phase=0.0438 rc=0.050 slp_out=1280 n=1280 slice=480:640 final=false published=false slot=19/1280 slot_reason=intermediate_slice -> intermediate_slice
[DCSystemScheduler][RT] ocean_skip#12 tick=17 reason=policy_gated slices=0 elapsed=0.000 progress=0.000 source=day_changed
[climate][publish] day=7 round_ran=1 prod_stage=0x1fff scalar_mask=0x7f alb=1 veg=1 fb=1 weather=1 sr=0 ok=1
[climate][publish] day=8 round_ran=0 prod_stage=0x0 scalar_mask=0x0 alb=0 veg=0 fb=0 weather=0 sr=0 ok=1
[climate][publish] day=9 round_ran=0 prod_stage=0x0 scalar_mask=0x0 alb=0 veg=0 fb=0 weather=0 sr=0 ok=1
[climate][publish] day=10 round_ran=0 prod_stage=0x0 scalar_mask=0x0 alb=0 veg=0 fb=0 weather=0 sr=0 ok=1
[climate][publish] day=11 round_ran=0 prod_stage=0x0 scalar_mask=0x0 alb=0 veg=0 fb=0 weather=0 sr=0 ok=1
[climate][publish] day=12 round_ran=0 prod_stage=0x0 scalar_mask=0x0 alb=0 veg=0 fb=0 weather=0 sr=0 ok=1
[climate][publish] day=13 round_ran=0 prod_stage=0x0 scalar_mask=0x0 alb=0 veg=0 fb=0 weather=0 sr=0 ok=1
[climate][publish] day=14 round_ran=0 prod_stage=0x0 scalar_mask=0x0 alb=0 veg=0 fb=0 weather=0 sr=0 ok=1
[climate][publish] day=15 round_ran=0 prod_stage=0x0 scalar_mask=0x0 alb=0 veg=0 fb=0 weather=0 sr=0 ok=1
[climate][publish] day=16 round_ran=0 prod_stage=0x0 scalar_mask=0x0 alb=0 veg=0 fb=0 weather=0 sr=0 ok=1
[climate][publish] day=17 round_ran=0 prod_stage=0x0 scalar_mask=0x0 alb=0 veg=0 fb=0 weather=0 sr=0 ok=1
[DCSystemScheduler][RT] ocean_skip#13 tick=19 reason=policy_gated slices=0 elapsed=0.000 progress=0.000 source=day_changed
[slp_field][RT-DIAG] call#5 phase=0.0438 rc=0.049 slp_out=1280 n=1280 slice=640:800 final=false published=false slot=19/1280 slot_reason=intermediate_slice -> intermediate_slice
[DCSystemScheduler][RT] ocean_skip#14 tick=21 reason=policy_gated slices=0 elapsed=0.000 progress=0.000 source=day_changed
[DCSystemScheduler][RT] ocean_skip#15 tick=22 reason=policy_gated slices=0 elapsed=0.000 progress=0.000 source=day_changed
[DCSystemScheduler][RT] ocean_skip#16 tick=23 reason=policy_gated slices=0 elapsed=0.000 progress=0.000 source=day_changed
[DCSystemScheduler][RT] ocean_skip#17 tick=25 reason=policy_gated slices=0 elapsed=0.000 progress=0.000 source=day_changed
[soak/tick] 25 writeback_days=0 last_day=-1 season_path= suppressed=false sr_day=-1
[soak/live] moisture nz=1280/1280 mean=0.88661 | snow_cover nz=45/1280 mean=0.02883 | vegetation_growth_pressure nz=396/1280 mean=-0.00817 | soil_moisture nz=433/1280 mean=0.03728 | plant_available_water nz=433/1280 mean=0.24519 | water_balance_30d nz=433/1280 mean=0.03455 | temp nz=1134 mean=0.497 min=0.000 max=0.949 | insolation_dev nz=1200 mean=0.000 min=-0.461 max=0.628 | sea_ice_frac nz=260 mean=0.132 min=0.000 max=0.984 | weather_vapor nz=1280/1280 mean=0.12961 | weather_cloud nz=1279/1280 mean=0.08284 | weather_precip nz=361/1280 mean=0.01290 | weather_cloud_water nz=1278/1280 mean=0.03505 | vegetation_arr=absent | base_vegetation_arr=absent
[soak/fields] applied=0 skipped=[]
[soak/stages] mask=0x0 ran=[] MISSING=[pass_a, pass_b, ocean_water, ocean_land, wind_air, wind_surface, sea_ice, transpiration, albedo, vegetation, feedback, weather, hydrology, stage_b_after_hydrology]
[soak/delivery] published=25 consumed=0 superseded=24 dropped=0 committed_day=-1 wait_max_ms=0 wb_memcpy_ms=0.000 wb_flush_ms=0.000
[DCSystemScheduler][RT] ocean_skip#18 tick=26 reason=policy_gated slices=0 elapsed=0.000 progress=0.000 source=day_changed
[DCSystemScheduler][RT] ocean_skip#19 tick=27 reason=policy_gated slices=0 elapsed=0.000 progress=0.000 source=day_changed
[climate][publish] day=18 round_ran=1 prod_stage=0x18ff scalar_mask=0x7f alb=0 veg=0 fb=0 weather=1 sr=0 ok=1
[climate][publish] day=19 round_ran=0 prod_stage=0x0 scalar_mask=0x0 alb=0 veg=0 fb=0 weather=0 sr=0 ok=1
[climate][publish] day=20 round_ran=0 prod_stage=0x0 scalar_mask=0x0 alb=0 veg=0 fb=0 weather=0 sr=0 ok=1
[climate][publish] day=21 round_ran=0 prod_stage=0x0 scalar_mask=0x0 alb=0 veg=0 fb=0 weather=0 sr=0 ok=1
[climate][publish] day=22 round_ran=0 prod_stage=0x0 scalar_mask=0x0 alb=0 veg=0 fb=0 weather=0 sr=0 ok=1
[climate][publish] day=23 round_ran=0 prod_stage=0x0 scalar_mask=0x0 alb=0 veg=0 fb=0 weather=0 sr=0 ok=1
[climate][publish] day=24 round_ran=0 prod_stage=0x0 scalar_mask=0x0 alb=0 veg=0 fb=0 weather=0 sr=0 ok=1
[climate][publish] day=25 round_ran=0 prod_stage=0x0 scalar_mask=0x0 alb=0 veg=0 fb=0 weather=0 sr=0 ok=1
[climate][publish] day=26 round_ran=0 prod_stage=0x0 scalar_mask=0x0 alb=0 veg=0 fb=0 weather=0 sr=0 ok=1
[climate][publish] day=27 round_ran=0 prod_stage=0x0 scalar_mask=0x0 alb=0 veg=0 fb=0 weather=0 sr=0 ok=1
[DCSystemScheduler][RT] ocean_skip#20 tick=29 reason=policy_gated slices=0 elapsed=0.000 progress=0.000 source=day_changed
[season_refresh] b_plus_start path=gdext handle=1 season=0 n_cells=1280
[season_refresh] b_plus_finish path=gdext native_ms=0.259 slices=1 stages_done=12
[DCSystemScheduler][RT] ocean_skip#21 tick=31 reason=policy_gated slices=0 elapsed=0.000 progress=0.000 source=day_changed
[slp_field] gdext path ACTIVE — first run elapsed=0.15ms (legacy GDScript baseline ~36ms; target < 3ms)
[DCSystemScheduler][RT] ocean_skip#22 tick=33 reason=policy_gated slices=0 elapsed=0.000 progress=0.000 source=day_changed
[DCSystemScheduler][RT] ocean_skip#23 tick=34 reason=policy_gated slices=0 elapsed=0.000 progress=0.000 source=day_changed
[DCSystemScheduler][RT] ocean_skip#24 tick=35 reason=policy_gated slices=0 elapsed=0.000 progress=0.000 source=day_changed
[DCSystemScheduler][RT] ocean_skip#25 tick=37 reason=policy_gated slices=0 elapsed=0.000 progress=0.000 source=day_changed
[DCSystemScheduler][RT] ocean_skip#26 tick=38 reason=policy_gated slices=0 elapsed=0.000 progress=0.000 source=day_changed
[climate][publish] day=28 round_ran=1 prod_stage=0x18ff scalar_mask=0x7f alb=0 veg=0 fb=0 weather=1 sr=1 ok=1
[climate][publish] day=29 round_ran=0 prod_stage=0x0 scalar_mask=0x0 alb=0 veg=0 fb=0 weather=0 sr=0 ok=1
[climate][publish] day=30 round_ran=0 prod_stage=0x0 scalar_mask=0x0 alb=0 veg=0 fb=0 weather=0 sr=0 ok=1
[climate][publish] day=31 round_ran=0 prod_stage=0x0 scalar_mask=0x0 alb=0 veg=0 fb=0 weather=0 sr=0 ok=1
[climate][publish] day=32 round_ran=0 prod_stage=0x0 scalar_mask=0x0 alb=0 veg=0 fb=0 weather=0 sr=0 ok=1
[climate][publish] day=33 round_ran=0 prod_stage=0x0 scalar_mask=0x0 alb=0 veg=0 fb=0 weather=0 sr=0 ok=1
[DCSystemScheduler][RT] ocean_skip#27 tick=39 reason=policy_gated slices=0 elapsed=0.000 progress=0.000 source=day_changed
[season_refresh] x2 slots: refresh=1 skip=0 (期望 refresh=1 skip=11 全 gdext 路径)
[psi_solver] path-decision call#1: prof=true pflag_attr=true pflag_val=true ext=true method=true idx=true heat=true -> cpp_gate=true
[psi_solver] gdext path ACTIVE — first run elapsed=0.22ms (legacy GDScript stage3+4+5 baseline ~32+ms; target < 5ms)
[psi_solver] commit-diag call#1: rc=0.223 n_water=664 n_cells=1280 published=true
[DCSystemScheduler][RT] ocean_skip#28 tick=41 reason=policy_gated slices=0 elapsed=0.000 progress=0.000 source=day_changed
[DCSystemScheduler][RT] ocean_skip#29 tick=43 reason=policy_gated slices=0 elapsed=0.000 progress=0.000 source=day_changed
[upwelling/DIAG#1] gate: prof=true pflag_attr=true pflag_val=true ext=true method=true wind_cpp=true idx=true -> cpp_gate=true
[upwelling/DIAG#1] cpp-call: ret_type=27 fallback=false reason='' elapsed_native_ms=0.009
[upwelling/DIAG#1] BREAKDOWN: T1_nb_pack=0.00ms T2_knobs=0.01ms T3_refresh_slots=0.32ms T4_cpp_call=0.04ms (n=1280)
[DCSystemScheduler][RT] ocean_skip#30 tick=45 reason=policy_gated slices=0 elapsed=0.000 progress=0.000 source=day_changed
[DCSystemScheduler][RT] ocean_skip#31 tick=46 reason=policy_gated slices=0 elapsed=0.000 progress=0.000 source=day_changed
[DCSystemScheduler][RT] ocean_skip#32 tick=47 reason=policy_gated slices=0 elapsed=0.000 progress=0.000 source=day_changed
[DCSystemScheduler][RT] ocean_skip#33 tick=49 reason=policy_gated slices=0 elapsed=0.000 progress=0.000 source=day_changed
[DCSystemScheduler][RT] ocean_skip#34 tick=50 reason=policy_gated slices=0 elapsed=0.000 progress=0.000 source=day_changed
[soak/tick] 50 writeback_days=0 last_day=-1 season_path=gdext suppressed=false sr_day=40
[soak/live] moisture nz=1280/1280 mean=0.88627 | snow_cover nz=57/1280 mean=0.03288 | vegetation_growth_pressure nz=396/1280 mean=-0.00409 | soil_moisture nz=729/1280 mean=0.03023 | plant_available_water nz=433/1280 mean=0.24791 | water_balance_30d nz=433/1280 mean=0.01596 | temp nz=1104 mean=0.502 min=0.000 max=0.981 | insolation_dev nz=1200 mean=0.011 min=-0.411 max=0.470 | sea_ice_frac nz=278 mean=0.154 min=0.000 max=1.000 | weather_vapor nz=1272/1280 mean=0.13152 | weather_cloud nz=1280/1280 mean=0.09683 | weather_precip nz=371/1280 mean=0.01800 | weather_cloud_water nz=1280/1280 mean=0.04534 | vegetation_arr=absent | base_vegetation_arr=absent
[soak/fields] applied=0 skipped=[]
[soak/stages] mask=0x0 ran=[] MISSING=[pass_a, pass_b, ocean_water, ocean_land, wind_air, wind_surface, sea_ice, transpiration, albedo, vegetation, feedback, weather, hydrology, stage_b_after_hydrology]
[soak/delivery] published=50 consumed=0 superseded=49 dropped=0 committed_day=-1 wait_max_ms=0 wb_memcpy_ms=0.000 wb_flush_ms=0.000
[DCSystemScheduler][RT] ocean_skip#35 tick=51 reason=policy_gated slices=0 elapsed=0.000 progress=0.000 source=day_changed
[DCSystemScheduler][RT] ocean_skip#36 tick=53 reason=policy_gated slices=0 elapsed=0.000 progress=0.000 source=day_changed
[DCSystemScheduler][RT] ocean_skip#37 tick=55 reason=policy_gated slices=0 elapsed=0.000 progress=0.000 source=day_changed
[DCSystemScheduler][RT] ocean_skip#38 tick=57 reason=policy_gated slices=0 elapsed=0.000 progress=0.000 source=day_changed
[DCSystemScheduler][RT] ocean_skip#39 tick=58 reason=policy_gated slices=0 elapsed=0.000 progress=0.000 source=day_changed
[DCSystemScheduler][RT] ocean_skip#40 tick=59 reason=policy_gated slices=0 elapsed=0.000 progress=0.000 source=day_changed
[DCSystemScheduler][RT] ocean_skip#41 tick=61 reason=policy_gated slices=0 elapsed=0.000 progress=0.000 source=day_changed
[DCSystemScheduler][RT] ocean_skip#42 tick=62 reason=policy_gated slices=0 elapsed=0.000 progress=0.000 source=day_changed
[DCSystemScheduler][RT] ocean_skip#43 tick=63 reason=policy_gated slices=0 elapsed=0.000 progress=0.000 source=day_changed
[DCSystemScheduler][RT] ocean_skip#44 tick=65 reason=policy_gated slices=0 elapsed=0.000 progress=0.000 source=day_changed
[DCSystemScheduler][RT] ocean_skip#45 tick=67 reason=policy_gated slices=0 elapsed=0.000 progress=0.000 source=day_changed
[DCSystemScheduler][RT] ocean_skip#46 tick=69 reason=policy_gated slices=0 elapsed=0.000 progress=0.000 source=day_changed
[season_refresh] b_plus_finish path=gdext native_ms=0.220 slices=1 stages_done=12
[DCSystemScheduler][RT] ocean_skip#47 tick=70 reason=policy_gated slices=0 elapsed=0.000 progress=0.000 source=day_changed
[DCSystemScheduler][RT] ocean_skip#48 tick=71 reason=policy_gated slices=0 elapsed=0.000 progress=0.000 source=day_changed
[DCSystemScheduler][RT] ocean_skip#49 tick=73 reason=policy_gated slices=0 elapsed=0.000 progress=0.000 source=day_changed
[DCSystemScheduler][RT] ocean_skip#50 tick=74 reason=policy_gated slices=0 elapsed=0.000 progress=0.000 source=day_changed
[DCSystemScheduler][RT] ocean_skip#51 tick=75 reason=policy_gated slices=0 elapsed=0.000 progress=0.000 source=day_changed
[soak/tick] 75 writeback_days=0 last_day=-1 season_path=gdext suppressed=false sr_day=40
[soak/live] moisture nz=1258/1280 mean=0.82747 | snow_cover nz=65/1280 mean=0.04162 | vegetation_growth_pressure nz=396/1280 mean=-0.00204 | soil_moisture nz=791/1280 mean=0.01113 | plant_available_water nz=433/1280 mean=0.24787 | water_balance_30d nz=433/1280 mean=0.01105 | temp nz=1097 mean=0.502 min=0.000 max=1.000 | insolation_dev nz=1200 mean=-0.006 min=-0.372 max=0.199 | sea_ice_frac nz=279 mean=0.160 min=0.000 max=1.000 | weather_vapor nz=1276/1280 mean=0.14543 | weather_cloud nz=1280/1280 mean=0.09801 | weather_precip nz=286/1280 mean=0.01209 | weather_cloud_water nz=1280/1280 mean=0.04965 | vegetation_arr=absent | base_vegetation_arr=absent
[soak/fields] applied=0 skipped=[]
[soak/stages] mask=0x0 ran=[] MISSING=[pass_a, pass_b, ocean_water, ocean_land, wind_air, wind_surface, sea_ice, transpiration, albedo, vegetation, feedback, weather, hydrology, stage_b_after_hydrology]
[soak/delivery] published=75 consumed=0 superseded=74 dropped=0 committed_day=-1 wait_max_ms=0 wb_memcpy_ms=0.000 wb_flush_ms=0.000
[phys_solve][RT] start#2 phase=0.8329 pending=nan solve_ocean=false ext=true idx=true soa=true
[DCSystemScheduler][RT] ocean_skip#52 tick=77 reason=policy_gated slices=0 elapsed=0.000 progress=0.000 source=day_changed
[DCSystemScheduler][RT] ocean_skip#53 tick=79 reason=policy_gated slices=0 elapsed=0.000 progress=0.000 source=day_changed
[DCSystemScheduler][RT] ocean_skip#54 tick=81 reason=policy_gated slices=0 elapsed=0.000 progress=0.000 source=day_changed
[DCSystemScheduler][RT] ocean_skip#55 tick=82 reason=policy_gated slices=0 elapsed=0.000 progress=0.000 source=day_changed
[DCSystemScheduler][RT] ocean_skip#56 tick=83 reason=policy_gated slices=0 elapsed=0.000 progress=0.000 source=day_changed
[DCSystemScheduler][RT] ocean_skip#57 tick=85 reason=policy_gated slices=0 elapsed=0.000 progress=0.000 source=day_changed
[DCSystemScheduler][RT] ocean_skip#58 tick=86 reason=policy_gated slices=0 elapsed=0.000 progress=0.000 source=day_changed
[DCSystemScheduler][RT] ocean_skip#59 tick=87 reason=policy_gated slices=0 elapsed=0.000 progress=0.000 source=day_changed
[DCSystemScheduler][RT] ocean_skip#60 tick=89 reason=policy_gated slices=0 elapsed=0.000 progress=0.000 source=day_changed
[DCSystemScheduler][RT] ocean_skip#61 tick=91 reason=policy_gated slices=0 elapsed=0.000 progress=0.000 source=day_changed
[DCSystemScheduler][RT] ocean_skip#62 tick=93 reason=policy_gated slices=0 elapsed=0.000 progress=0.000 source=day_changed
[DCSystemScheduler][RT] ocean_skip#63 tick=94 reason=policy_gated slices=0 elapsed=0.000 progress=0.000 source=day_changed
[DCSystemScheduler][RT] ocean_skip#64 tick=95 reason=policy_gated slices=0 elapsed=0.000 progress=0.000 source=day_changed
[soak/tick] 100 writeback_days=0 last_day=-1 season_path=gdext suppressed=false sr_day=80
[soak/live] moisture nz=1280/1280 mean=0.85537 | snow_cover nz=71/1280 mean=0.04664 | vegetation_growth_pressure nz=396/1280 mean=-0.00204 | soil_moisture nz=874/1280 mean=0.00672 | plant_available_water nz=433/1280 mean=0.21273 | water_balance_30d nz=433/1280 mean=0.00519 | temp nz=1107 mean=0.495 min=0.000 max=1.000 | insolation_dev nz=1200 mean=-0.017 min=-0.341 max=0.097 | sea_ice_frac nz=296 mean=0.176 min=0.000 max=1.000 | weather_vapor nz=1280/1280 mean=0.15357 | weather_cloud nz=1280/1280 mean=0.10212 | weather_precip nz=180/1280 mean=0.00814 | weather_cloud_water nz=1280/1280 mean=0.05582 | vegetation_arr=absent | base_vegetation_arr=absent
[soak/fields] applied=0 skipped=[]
[soak/stages] mask=0x0 ran=[] MISSING=[pass_a, pass_b, ocean_water, ocean_land, wind_air, wind_surface, sea_ice, transpiration, albedo, vegetation, feedback, weather, hydrology, stage_b_after_hydrology]
[soak/delivery] published=100 consumed=0 superseded=99 dropped=0 committed_day=-1 wait_max_ms=0 wb_memcpy_ms=0.000 wb_flush_ms=0.000
[season_refresh] b_plus_start path=gdext handle=1 season=1 n_cells=1280
[season_refresh] b_plus_finish path=gdext native_ms=0.224 slices=1 stages_done=12
[psi_solver] path-decision call#2: prof=true pflag_attr=true pflag_val=true ext=true method=true idx=true heat=true -> cpp_gate=true
[psi_solver] commit-diag call#2: rc=0.112 n_water=615 n_cells=1280 published=true
[soak/fields] applied=0 skipped=[]
[soak/stage-days] pass_a=0 pass_b=0 ocean_water=0 ocean_land=0 wind_air=0 wind_surface=0 sea_ice=0 transpiration=0 albedo=0 vegetation=0 feedback=0 weather=0 hydrology=0 stage_b_after_hydrology=0
[soak/done] ticks=120 writeback_days=0 drops=0 first_bad_tick=-1 field= season_path=gdext
[soak/summary] D:\Godot\ProjectKeynes\Project.Keynes\artifacts\runtime\climate-b8\e5b\off\soak.json
ERROR: 24 RID allocations of type 'PN13RendererDummy14TextureStorage12DummyTextureE' were leaked at exit.
WARNING: ObjectDB instances leaked at exit (run with --verbose for details).
   at: cleanup (core/object/object.cpp:2641)
ERROR: 238 resources still in use at exit (run with --verbose for details).
   at: clear (core/io/resource.cpp:810)
