Godot Engine v4.6.2.stable.official.71f334935 - https://godotengine.org

[soak/start] days=60 seed=20260907 50x48 authority=true drive=serial_wait
[native_generation/base] path=gdext algorithm=post_base_priority_flood_hydrology_v3 n=2400 native_ms=6.157 water=1490 land=910
[native_generation/post_base] path=gdext algorithm=post_base_priority_flood_hydrology_v3 n=2400 native_ms=1.371 lakes=0 rivers=138 volcanoes=0
[native_generation/vegetation] native_ms=0.507 candidates=909 none=1076 score=[0.000,1.211,1.126] plant_water_land=913 river_adjacent_desert=0 coastal_highland_desert=0 terrain_weight=[0.180,1.200]
[native_generation/qa] single_water=0 tiny<=3=0 small<=5=0 bodies=1 largest=1486 | land_below_sea=0.1% | terr_distinct=22 entropy=3.227bit | river_ratio=5.750%
MapGenerator v7: per-cell 58ms (2400 cells, path=gdext)
MapBaker v6: hm=(1024, 856) seed=20260907
    [fused] terrain=86.6ms erosion=2.3ms(ok=true) river=16.0ms(ok=true) latitude=0.1ms coast_sdf=7.1ms(ok=true)
  geometry fields (fused C++): 198ms
  physical circulation hex solve: deferred until DCWorldExt bind (ext=true idx=true soa=false)
  wind/ocean pixel buffers: skipped (ocean_current_visual off)
  visual tiles: {"degradation_reason":"","effective_budget_px":1321920,"effective_texels_per_hex":14.1255885676593,"effective_world_units_per_texel":"(1.556582, 1.558333)","estimated_peak_bytes":52638768,"estimated_resident_bytes":31043376,"fallback_reason":"","generation_id":1,"grid_size":"(3, 3)","gutter_px":2,"hex_size":22.0,"horizon_path":"neutral_pending","interior_size":"(408, 360)","layer_size":"(412, 364)","layers":[{"bake_ms":68.5336,"coast_sdf_max_dist_px":10.0966272966743,"distance_scale":1.26207841208429,"edge_distance_saturate_hex":0.9,"edge_distance_units":"normalized_hex_center_gap","hashes":{"edge_distance":-4929012993084214775,"edge_neighbor":7238014911380424816,"height":-753629938953631975,"map_index":3021151635974087135,"terrain_detail":653324365822109493,"terrain_normal":-5707191989411737775,"water_depth":-1910391826496803160},"layer":0,"normal_radius_px":"(19, 19)","raster_scale":"(1.262475, 1.261682)","river_sdf_max_dist_px":4.417274442295,"shore_carve_band_px":8,"upload_ms":0.058,"wall_ms":68.723},{"bake_ms":58.5853,"coast_sdf_max_dist_px":10.0966272966743,"distance_scale":1.26207841208429,"edge_distance_saturate_hex":0.9,"edge_distance_units":"normalized_hex_center_gap","hashes":{"edge_distance":6611301409092923894,"edge_neighbor":-6026510319172073155,"height":-9087800281627165935,"map_index":2427383767697359731,"terrain_detail":3264961556720004996,"terrain_normal":1955600124998421654,"water_depth":216939616793182835},"layer":1,"normal_radius_px":"(19, 19)","raster_scale":"(1.262475, 1.261682)","river_sdf_max_dist_px":4.417274442295,"shore_carve_band_px":8,"upload_ms":0.059,"wall_ms":58.751},{"bake_ms":56.2775,"coast_sdf_max_dist_px":10.0966272966743,"distance_scale":1.26207841208429,"edge_distance_saturate_hex":0.9,"edge_distance_units":"normalized_hex_center_gap","hashes":{"edge_distance":6077570706427238383,"edge_neighbor":-483258775144230672,"height":-8251887854173685481,"map_index":-4955441982636218551,"terrain_detail":-2366033039657499604,"terrain_normal":1317966472529706234,"water_depth":8708300699467071235},"layer":2,"normal_radius_px":"(19, 19)","raster_scale":"(1.262475, 1.261682)","river_sdf_max_dist_px":4.417274442295,"shore_carve_band_px":8,"upload_ms":0.063,"wall_ms":56.457},{"bake_ms":86.4862,"coast_sdf_max_dist_px":10.0966272966743,"distance_scale":1.26207841208429,"edge_distance_saturate_hex":0.9,"edge_distance_units":"normalized_hex_center_gap","hashes":{"edge_distance":1199560122983261010,"edge_neighbor":8796257995670737218,"height":5482280126171146824,"map_index":-66235914691641482,"terrain_detail":-4585017630459734845,"terrain_normal":-7898571059104381595,"water_depth":1371057206842091766},"layer":3,"normal_radius_px":"(19, 19)","raster_scale":"(1.262475, 1.261682)","river_sdf_max_dist_px":4.417274442295,"shore_carve_band_px":8,"upload_ms":0.057,"wall_ms":86.63},{"bake_ms":61.8642,"coast_sdf_max_dist_px":10.0966272966743,"distance_scale":1.26207841208429,"edge_distance_saturate_hex":0.9,"edge_distance_units":"normalized_hex_center_gap","hashes":{"edge_distance":-19269382776601642,"edge_neighbor":-2922434382506019101,"height":5416089762261567043,"map_index":-2441633227080757874,"terrain_detail":-3027081170265008647,"terrain_normal":-6700540812558457971,"water_depth":-419976296634580406},"layer":4,"normal_radius_px":"(19, 19)","raster_scale":"(1.262475, 1.261682)","river_sdf_max_dist_px":4.417274442295,"shore_carve_band_px":8,"upload_ms":0.059,"wall_ms":62.009},{"bake_ms":75.5259,"coast_sdf_max_dist_px":10.0966272966743,"distance_scale":1.26207841208429,"edge_distance_saturate_hex":0.9,"edge_distance_units":"normalized_hex_center_gap","hashes":{"edge_distance":8322781180623345573,"edge_neighbor":917360723699295287,"height":-7029441528286333086,"map_index":8918648233263340053,"terrain_detail":-4221311627553459939,"terrain_normal":7022998842994940566,"water_depth":-8878637343108123614},"layer":5,"normal_radius_px":"(19, 19)","raster_scale":"(1.262475, 1.261682)","river_sdf_max_dist_px":4.417274442295,"shore_carve_band_px":8,"upload_ms":0.061,"wall_ms":75.694},{"bake_ms":34.5087,"coast_sdf_max_dist_px":10.0966272966743,"distance_scale":1.26207841208429,"edge_distance_saturate_hex":0.9,"edge_distance_units":"normalized_hex_center_gap","hashes":{"edge_distance":-2613127887680582700,"edge_neighbor":-8613530191041223493,"height":3206306976365317668,"map_index":-2596611603522856916,"terrain_detail":-135357671874288491,"terrain_normal":462532358287397382,"water_depth":1276202486796414799},"layer":6,"normal_radius_px":"(19, 19)","raster_scale":"(1.262475, 1.261682)","river_sdf_max_dist_px":4.417274442295,"shore_carve_band_px":8,"upload_ms":0.058,"wall_ms":34.661},{"bake_ms":75.6486,"coast_sdf_max_dist_px":10.0966272966743,"distance_scale":1.26207841208429,"edge_distance_saturate_hex":0.9,"edge_distance_units":"normalized_hex_center_gap","hashes":{"edge_distance":-5890075781107201170,"edge_neighbor":-3559824433953065658,"height":4137840765673331011,"map_index":395581192644067109,"terrain_detail":-8751010862097400221,"terrain_normal":863460768601655196,"water_depth":-1139546657236512176},"layer":7,"normal_radius_px":"(19, 19)","raster_scale":"(1.262475, 1.261682)","river_sdf_max_dist_px":4.417274442295,"shore_carve_band_px":8,"upload_ms":0.059,"wall_ms":75.808},{"bake_ms":71.8069,"coast_sdf_max_dist_px":10.0966272966743,"distance_scale":1.26207841208429,"edge_distance_saturate_hex":0.9,"edge_distance_units":"normalized_hex_center_gap","hashes":{"edge_distance":-2095982544537758502,"edge_neighbor":-6600717653388791357,"height":3719786934714657770,"map_index":-200191864841180394,"terrain_detail":-7175396282584700714,"terrain_normal":2660712443751955974,"water_depth":2993839292279193661},"layer":8,"normal_radius_px":"(19, 19)","raster_scale":"(1.262475, 1.261682)","river_sdf_max_dist_px":4.417274442295,"shore_carve_band_px":8,"upload_ms":0.062,"wall_ms":71.977}],"logical_size":"(1224, 1080)","mode":"tiled","path":"visual_tiled_static","profile":"desktop_auto","renderer":"mobile","requested_budget_px":1299123,"requested_texels_per_hex":14.0,"requested_tile_world_span":"(804.5714, 804.5714)","requested_world_units_per_texel":1.57142857142857,"tile_world_area":356282.834289551,"tile_world_span":"(635.0853, 561.0)","total_ms":590.959,"visual_domain":"[P: (0.0, -44.0), S: (1905.256, 1683.0)]","wrap_period_x":1905.25588832577,"wrap_x":true}
  cell LUT encode: deferred until DCWorldExt bind
  encode: 3289ms
MapBaker v6: total 3490ms
MapGenerator v7: bake 3511ms
MapGenerator: skip _compute_ocean_currents (physical-hex path writes per-cell directly)
MapGenerator: skip _compute_terrain_perturbed_wind (physical-hex solver writes per-cell)
[SUS] sim budget strict=false frame=8.00ms warn=2.00ms slice=0.75ms upload=1.50ms scheduler=DCSystemScheduler native_sus=auto
[DCWorldExt] bind_map_data: 148 components bound (auto-registered=148; snapshot model; see world_ext.cpp comment & charter Â§11)
[DataCore] _data_core_world_ext bound=true (climate co-processor; class=DCWorldExt)
[native_world] configure rc=0 reason=configured cells=2400 wrap_period_x=86.603
[native_generation] path=gdext n=2400 published=9 native_ms=0.129 compute_ms=0.065 flush_ms=0.064
[hex_cell] facade ENABLED (2400 cells bound; ext=true)
[DataCore] _baker climate_profile injected=true (fixes WorldData.config==null sea_ice prepare path)
[phys_solve][oneshot] OK slp=0.95ms wind=0.39ms psi=0.30ms(ran=true) upwelling=0.04ms total=2.14ms
PhysicalCirculation solve@phase=1.50 total=3ms (C++ one-shot run_physical_solve_pass)
  wind/ocean pixel buffers: skipped (ocean_current_visual off)
[physical_init] deferred native refresh complete: 4ms
[cell_lut] deferred encode: 1ms path=gdext
[bio-occupancy] seed landmasses=6 provinces=6 species=20 secondary_hearths=10
[bio-occupancy]   bio.maize envelope=62 hearth=21 seeded_landmasses=1 primary_landmass=2 primary_envelope=44 occupied=21 occupied/envelope=0.48
[bio-occupancy]   bio.wheat envelope=231 hearth=61 seeded_landmasses=2 primary_landmass=1 primary_envelope=26 occupied=61 occupied/envelope=2.35
[bio-occupancy]   bio.rice envelope=108 hearth=19 seeded_landmasses=2 primary_landmass=3 primary_envelope=58 occupied=19 occupied/envelope=0.33
[bio-occupancy]   bio.potato envelope=199 hearth=77 seeded_landmasses=3 primary_landmass=2 primary_envelope=102 occupied=77 occupied/envelope=0.75
[bio-occupancy]   bio.horse envelope=250 hearth=45 seeded_landmasses=2 primary_landmass=3 primary_envelope=84 occupied=45 occupied/envelope=0.54
[bio-occupancy]   bio.cotton envelope=121 hearth=32 seeded_landmasses=1 primary_landmass=2 primary_envelope=78 occupied=32 occupied/envelope=0.41
[bio-occupancy]   bio.flax envelope=220 hearth=14 seeded_landmasses=1 primary_landmass=1 primary_envelope=26 occupied=14 occupied/envelope=0.54
[bio-occupancy]   bio.spice envelope=104 hearth=12 seeded_landmasses=1 primary_landmass=3 primary_envelope=48 occupied=12 occupied/envelope=0.25
[bio-occupancy]   bio.rubber envelope=79 hearth=2 seeded_landmasses=1 primary_landmass=2 primary_envelope=46 occupied=2 occupied/envelope=0.04
[bio-occupancy]   bio.sheep envelope=52 hearth=5 seeded_landmasses=1 primary_landmass=2 primary_envelope=40 occupied=5 occupied/envelope=0.13
[bio-occupancy]   bio.goat envelope=418 hearth=64 seeded_landmasses=2 primary_landmass=3 primary_envelope=161 occupied=64 occupied/envelope=0.40
[bio-occupancy]   bio.cattle envelope=26 hearth=11 seeded_landmasses=1 primary_landmass=2 primary_envelope=22 occupied=11 occupied/envelope=0.50
[bio-occupancy]   bio.pig envelope=304 hearth=96 seeded_landmasses=3 primary_landmass=2 primary_envelope=152 occupied=96 occupied/envelope=0.63
[bio-occupancy]   bio.camel envelope=60 hearth=9 seeded_landmasses=1 primary_landmass=2 primary_envelope=50 occupied=9 occupied/envelope=0.18
[bio-occupancy]   bio.yak envelope=154 hearth=74 seeded_landmasses=3 primary_landmass=3 primary_envelope=98 occupied=74 occupied/envelope=0.76
[bio-occupancy]   bio.silkworm envelope=136 hearth=9 seeded_landmasses=1 primary_landmass=3 primary_envelope=68 occupied=9 occupied/envelope=0.13
[bio-occupancy]   bio.reed envelope=194 hearth=41 seeded_landmasses=3 primary_landmass=2 primary_envelope=89 occupied=41 occupied/envelope=0.46
[bio-occupancy]   bio.bast_fiber envelope=255 hearth=62 seeded_landmasses=1 primary_landmass=2 primary_envelope=127 occupied=62 occupied/envelope=0.49
[bio-occupancy]   bio.dye_plant envelope=128 hearth=23 seeded_landmasses=1 primary_landmass=3 primary_envelope=46 occupied=23 occupied/envelope=0.50
[bio-occupancy]   bio.medicinal_herb envelope=367 hearth=171 seeded_landmasses=3 primary_landmass=2 primary_envelope=175 occupied=171 occupied/envelope=0.98
[bio-occupancy]   landmass 1 classes=cold_grazer, dry_grazer, fiber_wet, fiber_forest, open_food, open_grazer, fiber_open, highland_food, forest_grazer foods=wheat, potato
[bio-occupancy]   landmass 2 classes=cold_grazer, fiber_forest, fiber_wet, forest_grazer, open_grazer, highland_food, open_food, dry_grazer, fiber_open, tropical, wetland_food foods=potato, maize, rice
[bio-occupancy]   landmass 3 classes=wetland_food, fiber_wet, forest_grazer, fiber_forest, tropical, fiber_open, dry_grazer, open_food, open_grazer, highland_food, cold_grazer foods=rice, wheat, potato
[bio-occupancy]   landmass 4 classes=none foods=none
[bio-occupancy]   landmass 5 classes=none foods=none
[bio-occupancy]   landmass 6 classes=none foods=none
[weather] gdext acceleration ON (class=DCWorldExt)
[weather] gdext field commit ON
[weather] gdext distribute ON
[weather] gdext summary ON
[weather] hexcell facade ON (skip AoS double-write in hot loop)
[weather] gdext resident knobs ON (class=KnobsHandle)
[economy] ACTIVE native graph cells=2400 goods=134 cohorts=16 epoch_days=1 trade=ACTIVE topology_ready=true topology_generation=1 bootstrap=starter_settlement_bootstrap_v9 founder_families=4 founder_people=4
[country] ACTIVE native authority countries=4 cells=2400 generation=1
[weather/knobs] resident KnobsHandle path ACTIVE — first to_*_knobs_dict hit (field_rebuild_count=1 expected ≤1; stable Hz target ≤1 Hz)
[native_daily] ACTIVE: registered native_daily_sim + natural_resource_daily + bio_occupancy_daily; retained season_refresh + ocean_currents boundary jobs
[DCSystemScheduler] topology: ["season_refresh", "trigger_runtime", "ideology_runtime", "effect_runtime", "modifier_daily", "gameplay_effect", "natural_resource_daily", "bio_occupancy_daily", "enum_atlas_upload", "ocean_currents", "native_daily_sim", "dynamic_visual_atlas_upload", "country_daily", "economy_daily"]
[DCSystemScheduler][RT] ocean_skip#1 tick=1 reason=policy_gated slices=0 elapsed=0.000 progress=0.000 source=day_changed
[DCSystemScheduler][RT] ocean_skip#2 tick=2 reason=policy_gated slices=0 elapsed=0.000 progress=0.000 source=day_changed
[phys/knobs] projection ready: slp=31 wind=33 psi=26 up=10
[DCSystemScheduler][RT] ocean_skip#3 tick=3 reason=policy_gated slices=0 elapsed=0.000 progress=0.000 source=day_changed
[phys_solve][RT] start#1 phase=0.0438 pending=nan solve_ocean=true ext=true idx=true soa=true
[slp_field] path-decision call#1: prof=true pflag_attr=true pflag_val=true ext=true method=true idx=true -> cpp_gate=true
[slp_field] commit-diag call#1: rc=0.073 slp_out=2400 n_cells=2400 map_slp=2400 slice=0:300 final=false published=false slot=19/2400 reason=intermediate_slice
[slp_field][RT-DIAG] call#1 phase=0.0438 rc=0.073 slp_out=2400 n=2400 slice=0:300 final=false published=false slot=19/2400 slot_reason=intermediate_slice -> intermediate_slice
[climate][publish] day=0 round_ran=1 prod_stage=0x3 scalar_mask=0x3 alb=0 veg=0 fb=0 weather=0 sr=0 ok=1
[climate][publish] day=1 round_ran=0 prod_stage=0x0 scalar_mask=0x0 alb=0 veg=0 fb=0 weather=0 sr=0 ok=0
[climate][publish] day=1 round_ran=0 prod_stage=0x0 scalar_mask=0x0 alb=0 veg=0 fb=0 weather=0 sr=0 ok=0
[natural_resource/slow-dump] tick=5 day=5 wall=1.84 cpp=0.140 compute=0.117 loop=0.011 flush=0.052 wrapper=1.551 layout=cell_indices dispatches=0 resources=13/31 skipped_static=18 published=true total_delta=3609453.81779
[DCSystemScheduler][RT] ocean_skip#4 tick=5 reason=policy_gated slices=0 elapsed=0.000 progress=0.000 source=day_changed
[soak/wb-probe] tick=5 before=0.0 after_wb=0.0 after_tick=0.0
[climate][publish] day=1 round_ran=0 prod_stage=0x0 scalar_mask=0x0 alb=0 veg=0 fb=0 weather=0 sr=0 ok=0
[climate][publish] day=1 round_ran=0 prod_stage=0x0 scalar_mask=0x0 alb=0 veg=0 fb=0 weather=0 sr=0 ok=0
[DCSystemScheduler][RT] ocean_skip#5 tick=7 reason=policy_gated slices=0 elapsed=0.000 progress=0.000 source=day_changed
[slp_field] path-decision call#2: prof=true pflag_attr=true pflag_val=true ext=true method=true idx=true -> cpp_gate=true
[slp_field] commit-diag call#2: rc=0.060 slp_out=2400 n_cells=2400 map_slp=2400 slice=300:600 final=false published=false slot=19/2400 reason=intermediate_slice
[slp_field][RT-DIAG] call#2 phase=0.0438 rc=0.060 slp_out=2400 n=2400 slice=300:600 final=false published=false slot=19/2400 slot_reason=intermediate_slice -> intermediate_slice
[climate][publish] day=1 round_ran=0 prod_stage=0x0 scalar_mask=0x0 alb=0 veg=0 fb=0 weather=0 sr=0 ok=0
[climate][publish] day=1 round_ran=0 prod_stage=0x0 scalar_mask=0x0 alb=0 veg=0 fb=0 weather=0 sr=0 ok=0
[DCSystemScheduler][RT] ocean_skip#6 tick=9 reason=policy_gated slices=0 elapsed=0.000 progress=0.000 source=day_changed
[DCSystemScheduler][RT] ocean_skip#7 tick=10 reason=policy_gated slices=0 elapsed=0.000 progress=0.000 source=day_changed
[climate][publish] day=1 round_ran=0 prod_stage=0x0 scalar_mask=0x0 alb=0 veg=0 fb=0 weather=0 sr=0 ok=0
[soak/wb-probe] tick=10 before=0.11445618420839 after_wb=0.11445618420839 after_tick=0.11445618420839
[climate][publish] day=1 round_ran=0 prod_stage=0x0 scalar_mask=0x0 alb=0 veg=0 fb=0 weather=0 sr=0 ok=0
[DCSystemScheduler][RT] ocean_skip#8 tick=11 reason=policy_gated slices=0 elapsed=0.000 progress=0.000 source=day_changed
[slp_field] path-decision call#3: prof=true pflag_attr=true pflag_val=true ext=true method=true idx=true -> cpp_gate=true
[slp_field] commit-diag call#3: rc=0.062 slp_out=2400 n_cells=2400 map_slp=2400 slice=600:900 final=false published=false slot=19/2400 reason=intermediate_slice
[slp_field][RT-DIAG] call#3 phase=0.0438 rc=0.062 slp_out=2400 n=2400 slice=600:900 final=false published=false slot=19/2400 slot_reason=intermediate_slice -> intermediate_slice
[climate][publish] day=1 round_ran=0 prod_stage=0x0 scalar_mask=0x0 alb=0 veg=0 fb=0 weather=0 sr=0 ok=0
[climate][publish] day=1 round_ran=0 prod_stage=0x0 scalar_mask=0x0 alb=0 veg=0 fb=0 weather=0 sr=0 ok=0
[DCSystemScheduler][RT] ocean_skip#9 tick=13 reason=policy_gated slices=0 elapsed=0.000 progress=0.000 source=day_changed
[DCSystemScheduler][RT] ocean_skip#10 tick=14 reason=policy_gated slices=0 elapsed=0.000 progress=0.000 source=day_changed
[climate][publish] day=1 round_ran=0 prod_stage=0x0 scalar_mask=0x0 alb=0 veg=0 fb=0 weather=0 sr=0 ok=0
[climate][publish] day=1 round_ran=0 prod_stage=0x0 scalar_mask=0x0 alb=0 veg=0 fb=0 weather=0 sr=0 ok=0
[DCSystemScheduler][RT] ocean_skip#11 tick=15 reason=policy_gated slices=0 elapsed=0.000 progress=0.000 source=day_changed
[soak/wb-probe] tick=15 before=0.11445618420839 after_wb=0.10793289542198 after_tick=0.10793289542198
[slp_field][RT-DIAG] call#4 phase=0.0438 rc=0.061 slp_out=2400 n=2400 slice=900:1200 final=false published=false slot=19/2400 slot_reason=intermediate_slice -> intermediate_slice
[climate][publish] day=1 round_ran=0 prod_stage=0x0 scalar_mask=0x0 alb=0 veg=0 fb=0 weather=0 sr=0 ok=0
[climate][publish] day=1 round_ran=0 prod_stage=0x0 scalar_mask=0x0 alb=0 veg=0 fb=0 weather=0 sr=0 ok=0
[DCSystemScheduler][RT] ocean_skip#12 tick=17 reason=policy_gated slices=0 elapsed=0.000 progress=0.000 source=day_changed
[climate][publish] day=1 round_ran=0 prod_stage=0x0 scalar_mask=0x0 alb=0 veg=0 fb=0 weather=0 sr=0 ok=0
[climate][publish] day=1 round_ran=0 prod_stage=0x0 scalar_mask=0x0 alb=0 veg=0 fb=0 weather=0 sr=0 ok=0
[DCSystemScheduler][RT] ocean_skip#13 tick=19 reason=policy_gated slices=0 elapsed=0.000 progress=0.000 source=day_changed
[slp_field][RT-DIAG] call#5 phase=0.0438 rc=0.065 slp_out=2400 n=2400 slice=1200:1500 final=false published=false slot=19/2400 slot_reason=intermediate_slice -> intermediate_slice
[climate][publish] day=1 round_ran=0 prod_stage=0x0 scalar_mask=0x0 alb=0 veg=0 fb=0 weather=0 sr=0 ok=0
[soak/wb-probe] tick=20 before=0.10793289542198 after_wb=0.10793289542198 after_tick=0.10793289542198
[climate][publish] day=1 round_ran=0 prod_stage=0x0 scalar_mask=0x0 alb=0 veg=0 fb=0 weather=0 sr=0 ok=0
[DCSystemScheduler][RT] ocean_skip#14 tick=21 reason=policy_gated slices=0 elapsed=0.000 progress=0.000 source=day_changed
[DCSystemScheduler][RT] ocean_skip#15 tick=22 reason=policy_gated slices=0 elapsed=0.000 progress=0.000 source=day_changed
[climate][publish] day=1 round_ran=0 prod_stage=0x0 scalar_mask=0x0 alb=0 veg=0 fb=0 weather=0 sr=0 ok=0
[climate][publish] day=1 round_ran=0 prod_stage=0x0 scalar_mask=0x0 alb=0 veg=0 fb=0 weather=0 sr=0 ok=0
[DCSystemScheduler][RT] ocean_skip#16 tick=23 reason=policy_gated slices=0 elapsed=0.000 progress=0.000 source=day_changed
[climate][publish] day=1 round_ran=0 prod_stage=0x0 scalar_mask=0x0 alb=0 veg=0 fb=0 weather=0 sr=0 ok=0
[climate][publish] day=1 round_ran=0 prod_stage=0x0 scalar_mask=0x0 alb=0 veg=0 fb=0 weather=0 sr=0 ok=0
[DCSystemScheduler][RT] ocean_skip#17 tick=25 reason=policy_gated slices=0 elapsed=0.000 progress=0.000 source=day_changed
[soak/tick] 25 writeback_days=13 last_day=23 season_path= suppressed=true sr_day=-1
[soak/live] moisture nz=2400/2400 mean=0.89635 | snow_cover nz=118/2400 mean=0.03661 | vegetation_growth_pressure nz=909/2400 mean=0.11411 | soil_moisture nz=914/2400 mean=0.04677 | plant_available_water nz=909/2400 mean=0.29662 | water_balance_30d nz=914/2400 mean=0.05345 | temp nz=2109 mean=0.478 min=0.000 max=0.911 | insolation_dev nz=2300 mean=0.006 min=-0.456 max=0.630 | sea_ice_frac nz=437 mean=0.101 min=0.000 max=0.835 | weather_vapor nz=2400/2400 mean=0.17394 | weather_cloud nz=2400/2400 mean=0.06683 | weather_precip nz=406/2400 mean=0.00773 | weather_cloud_water nz=2400/2400 mean=0.03402 | vegetation_arr=absent | base_vegetation_arr=absent
[soak/fields] applied=44 skipped=["riparian_moisture(unbound)", "vegetation_succession_candidate(extern_size)"]
[soak/stages] mask=0xff ran=[pass_a, pass_b, ocean_water, ocean_land, wind_air, wind_surface, sea_ice, transpiration] MISSING=[albedo, vegetation, feedback, weather, hydrology, stage_b_after_hydrology]
[soak/delivery] published=25 consumed=25 superseded=0 dropped=0 committed_day=24 wait_max_ms=0 wb_memcpy_ms=0.169 wb_flush_ms=0.056
[soak/wb-probe] tick=25 before=0.10611077398062 after_wb=0.10611077398062 after_tick=0.10611077398062
[DCSystemScheduler][RT] ocean_skip#18 tick=26 reason=policy_gated slices=0 elapsed=0.000 progress=0.000 source=day_changed
[climate][publish] day=1 round_ran=0 prod_stage=0x0 scalar_mask=0x0 alb=0 veg=0 fb=0 weather=0 sr=0 ok=0
[climate][publish] day=1 round_ran=0 prod_stage=0x0 scalar_mask=0x0 alb=0 veg=0 fb=0 weather=0 sr=0 ok=0
[DCSystemScheduler][RT] ocean_skip#19 tick=27 reason=policy_gated slices=0 elapsed=0.000 progress=0.000 source=day_changed
[climate][publish] day=1 round_ran=0 prod_stage=0x0 scalar_mask=0x0 alb=0 veg=0 fb=0 weather=0 sr=0 ok=0
[climate][publish] day=1 round_ran=0 prod_stage=0x0 scalar_mask=0x0 alb=0 veg=0 fb=0 weather=0 sr=0 ok=0
[DCSystemScheduler][RT] ocean_skip#20 tick=29 reason=policy_gated slices=0 elapsed=0.000 progress=0.000 source=day_changed
[season_refresh] b_plus_start path=gdext handle=1 season=0 n_cells=2400
[season_refresh] b_plus_finish path=gdext native_ms=0.416 slices=1 stages_done=12
[climate][publish] day=1 round_ran=0 prod_stage=0x0 scalar_mask=0x0 alb=0 veg=0 fb=0 weather=0 sr=1 ok=0
[soak/wb-probe] tick=30 before=0.10611077398062 after_wb=0.10611077398062 after_tick=0.10611077398062
[climate][publish] day=1 round_ran=0 prod_stage=0x0 scalar_mask=0x0 alb=0 veg=0 fb=0 weather=0 sr=0 ok=0
[DCSystemScheduler][RT] ocean_skip#21 tick=31 reason=policy_gated slices=0 elapsed=0.000 progress=0.000 source=day_changed
[slp_field] gdext path ACTIVE — first run elapsed=0.17ms (legacy GDScript baseline ~36ms; target < 3ms)
[climate][publish] day=1 round_ran=0 prod_stage=0x0 scalar_mask=0x0 alb=0 veg=0 fb=0 weather=0 sr=0 ok=0
[climate][publish] day=1 round_ran=0 prod_stage=0x0 scalar_mask=0x0 alb=0 veg=0 fb=0 weather=0 sr=0 ok=0
[DCSystemScheduler][RT] ocean_skip#22 tick=33 reason=policy_gated slices=0 elapsed=0.000 progress=0.000 source=day_changed
[DCSystemScheduler][RT] ocean_skip#23 tick=34 reason=policy_gated slices=0 elapsed=0.000 progress=0.000 source=day_changed
[climate][publish] day=1 round_ran=0 prod_stage=0x0 scalar_mask=0x0 alb=0 veg=0 fb=0 weather=0 sr=0 ok=0
[climate][publish] day=1 round_ran=0 prod_stage=0x0 scalar_mask=0x0 alb=0 veg=0 fb=0 weather=0 sr=0 ok=0
[DCSystemScheduler][RT] ocean_skip#24 tick=35 reason=policy_gated slices=0 elapsed=0.000 progress=0.000 source=day_changed
[soak/wb-probe] tick=35 before=0.10620380938053 after_wb=0.10620380938053 after_tick=0.10620380938053
[climate][publish] day=1 round_ran=0 prod_stage=0x0 scalar_mask=0x0 alb=0 veg=0 fb=0 weather=0 sr=0 ok=0
[DCSystemScheduler][RT] ocean_skip#25 tick=37 reason=policy_gated slices=0 elapsed=0.000 progress=0.000 source=day_changed
[DCSystemScheduler][RT] ocean_skip#26 tick=38 reason=policy_gated slices=0 elapsed=0.000 progress=0.000 source=day_changed
[DCSystemScheduler][RT] ocean_skip#27 tick=39 reason=policy_gated slices=0 elapsed=0.000 progress=0.000 source=day_changed
[psi_solver] path-decision call#1: prof=true pflag_attr=true pflag_val=true ext=true method=true idx=true heat=true -> cpp_gate=true
[psi_solver] gdext path ACTIVE — first run elapsed=0.21ms (legacy GDScript stage3+4+5 baseline ~32+ms; target < 5ms)
[psi_solver] commit-diag call#1: rc=0.207 n_water=1170 n_cells=2400 published=true
[soak/wb-probe] tick=40 before=0.10618533194065 after_wb=0.10618533194065 after_tick=0.10618533194065
[DCSystemScheduler][RT] ocean_skip#28 tick=41 reason=policy_gated slices=0 elapsed=0.000 progress=0.000 source=day_changed
[DCSystemScheduler][RT] ocean_skip#29 tick=43 reason=policy_gated slices=0 elapsed=0.000 progress=0.000 source=day_changed
[upwelling/DIAG#1] gate: prof=true pflag_attr=true pflag_val=true ext=true method=true wind_cpp=true idx=true -> cpp_gate=true
[upwelling/DIAG#1] cpp-call: ret_type=27 fallback=false reason='' elapsed_native_ms=0.006
[upwelling/DIAG#1] BREAKDOWN: T1_nb_pack=0.00ms T2_knobs=0.01ms T3_refresh_slots=0.10ms T4_cpp_call=0.02ms (n=2400)
[DCSystemScheduler][RT] ocean_skip#30 tick=45 reason=policy_gated slices=0 elapsed=0.000 progress=0.000 source=day_changed
[soak/wb-probe] tick=45 before=0.10618533194065 after_wb=0.10618533194065 after_tick=0.10618533194065
[DCSystemScheduler][RT] ocean_skip#31 tick=46 reason=policy_gated slices=0 elapsed=0.000 progress=0.000 source=day_changed
[DCSystemScheduler][RT] ocean_skip#32 tick=47 reason=policy_gated slices=0 elapsed=0.000 progress=0.000 source=day_changed
[season_refresh] x2 slots: refresh=1 skip=0 (期望 refresh=1 skip=11 全 gdext 路径)
[DCSystemScheduler][RT] ocean_skip#33 tick=49 reason=policy_gated slices=0 elapsed=0.000 progress=0.000 source=day_changed
[DCSystemScheduler][RT] ocean_skip#34 tick=50 reason=policy_gated slices=0 elapsed=0.000 progress=0.000 source=day_changed
[soak/tick] 50 writeback_days=27 last_day=47 season_path=gdext suppressed=true sr_day=49
[soak/live] moisture nz=2400/2400 mean=0.89954 | snow_cover nz=117/2400 mean=0.03630 | vegetation_growth_pressure nz=909/2400 mean=0.11411 | soil_moisture nz=914/2400 mean=0.04234 | plant_available_water nz=909/2400 mean=0.29939 | water_balance_30d nz=914/2400 mean=0.04814 | temp nz=2116 mean=0.498 min=0.000 max=1.000 | insolation_dev nz=2300 mean=0.012 min=-0.409 max=0.490 | sea_ice_frac nz=460 mean=0.144 min=0.000 max=1.000 | weather_vapor nz=2396/2400 mean=0.19310 | weather_cloud nz=2400/2400 mean=0.08876 | weather_precip nz=530/2400 mean=0.01446 | weather_cloud_water nz=2400/2400 mean=0.04516 | vegetation_arr=absent | base_vegetation_arr=absent
[soak/fields] applied=44 skipped=["riparian_moisture(unbound)", "vegetation_succession_candidate(extern_size)"]
[soak/stages] mask=0xff ran=[pass_a, pass_b, ocean_water, ocean_land, wind_air, wind_surface, sea_ice, transpiration] MISSING=[albedo, vegetation, feedback, weather, hydrology, stage_b_after_hydrology]
[soak/delivery] published=50 consumed=50 superseded=0 dropped=0 committed_day=49 wait_max_ms=0 wb_memcpy_ms=0.188 wb_flush_ms=0.062
[soak/wb-probe] tick=50 before=0.10596834868193 after_wb=0.10596834868193 after_tick=0.10596834868193
[DCSystemScheduler][RT] ocean_skip#35 tick=51 reason=policy_gated slices=0 elapsed=0.000 progress=0.000 source=day_changed
[DCSystemScheduler][RT] ocean_skip#36 tick=53 reason=policy_gated slices=0 elapsed=0.000 progress=0.000 source=day_changed
[DCSystemScheduler][RT] ocean_skip#37 tick=55 reason=policy_gated slices=0 elapsed=0.000 progress=0.000 source=day_changed
[soak/wb-probe] tick=55 before=0.10596834868193 after_wb=0.10233700275421 after_tick=0.10233700275421
[DCSystemScheduler][RT] ocean_skip#38 tick=57 reason=policy_gated slices=0 elapsed=0.000 progress=0.000 source=day_changed
[DCSystemScheduler][RT] ocean_skip#39 tick=58 reason=policy_gated slices=0 elapsed=0.000 progress=0.000 source=day_changed
[DCSystemScheduler][RT] ocean_skip#40 tick=59 reason=policy_gated slices=0 elapsed=0.000 progress=0.000 source=day_changed
[soak/wb-probe] tick=60 before=0.10233700275421 after_wb=0.10233700275421 after_tick=0.10233700275421
[soak/fields] applied=44 skipped=["riparian_moisture(unbound)", "vegetation_succession_candidate(extern_size)"]
[soak/stage-days] pass_a=58 pass_b=58 ocean_water=58 ocean_land=58 wind_air=58 wind_surface=58 sea_ice=58 transpiration=58 albedo=1 vegetation=1 feedback=1 weather=7 hydrology=0 stage_b_after_hydrology=0
[soak/effect-report] authoritative_domain_mask=2686, requested_authority_mask=2686, effect_worker_authoritative=true, effect_pod_ready=true, effect_pod_snapshot_generation=59, effect_pod_state_hash=-7796447094507251485, effect_pod_ack_count=0, effect_pod_intent_count=0, effect_pod_fallback_reason=, modifier_worker_authoritative=true, modifier_pod_snapshot_generation=59, ideology_worker_authoritative=true, ideology_pod_ready=true, ideology_pod_snapshot_generation=56, ideology_pod_state_hash=-5069385911772834203, ideology_pod_pending_transition_count=0, ideology_pod_intent_count=0, ideology_pod_fallback_reason=, trigger_worker_authoritative=true, trigger_pod_ready=true, trigger_pod_snapshot_generation=55, trigger_pod_state_hash=-8017759480960011433, trigger_pod_intent_count=0, trigger_pod_fallback_reason=, events_worker_authoritative=true, events_pod_ready=true, events_pod_snapshot_generation=59, events_pod_state_hash=-5218356906508890299, events_pod_fallback_reason=, main_wait_on_sim_us=0, worker_fault_count=0, simulation_thread_mode=ACTIVE
[soak/done] ticks=60 writeback_days=32 drops=23 first_bad_tick=-1 field= season_path=gdext
[soak/summary] D:/Godot/ProjectKeynes/Project.Keynes/artifacts/runtime/climate-b8/soak/plan-opt-verify-20260913/reseed-rerun/on/soak.json
