Godot Engine v4.6.2.stable.official.71f334935 - https://godotengine.org
D3D12 12_0 - Forward Mobile - Using Device #0: NVIDIA - NVIDIA GeForce RTX 4080
ERROR: Condition "hr != ((HRESULT)0x00000000)" is true. Returning: ERR_CANT_OPEN
   at: audio_device_init (drivers/wasapi/audio_driver_wasapi.cpp:275)
ERROR: WASAPI: init_output_device error.
   at: init (drivers/wasapi/audio_driver_wasapi.cpp:600)
WARNING: All audio drivers failed, falling back to the dummy driver.
   at: initialize (servers/audio/audio_server.cpp:247)

[ui-layout-diag/bind_ui] is_web=false viewport_visible_rect=[P: (0.0, 0.0), S: (1092.8, 614.4)] window_size=(1366, 768) content_scale_factor=1.250 content_scale_mode=0 device_pixel_ratio=-1.000 top_bar_rect=[P: (0.0, 0.0), S: (1092.8, 56.0)] right_panel_rect=[P: (632.8, 68.0), S: (460.0, 534.4)] country_action_bar_rect=[P: (380.4, 532.4), S: (400.0, 74.0)]
[stage-c] authority=ACTIVE worker=ACTIVE
[building-visual] queue_probe ticks=1 queued=0 chunk=-1 camera_rect=[P: (-546.4, -307.2), S: (1092.8, 614.4)] prefetch=false zoom=1.000
[building-visual] queue_probe ticks=2 queued=0 chunk=-1 camera_rect=[P: (-546.4, -307.2), S: (1092.8, 614.4)] prefetch=false zoom=1.000
[native_generation/base] path=gdext algorithm=post_base_priority_flood_hydrology_v3 n=2400 native_ms=6.307 water=1862 land=538
[native_generation/post_base] path=gdext algorithm=post_base_priority_flood_hydrology_v3 n=2400 native_ms=1.140 lakes=18 rivers=58 volcanoes=0
[native_generation/vegetation] native_ms=0.384 candidates=542 none=1394 score=[0.000,1.577,1.126] plant_water_land=542 river_adjacent_desert=0 coastal_highland_desert=0 terrain_weight=[0.180,1.200]
[native_generation/qa] single_water=0 tiny<=3=0 small<=5=0 bodies=2 largest=1840 | land_below_sea=0.0% | terr_distinct=20 entropy=2.690bit | river_ratio=2.417%
MapGenerator v7: per-cell 79ms (2400 cells, path=gdext)
[building-visual] queue_probe ticks=3 queued=0 chunk=-1 camera_rect=[P: (-546.4, -307.2), S: (1092.8, 614.4)] prefetch=false zoom=1.000
MapBaker v6: hm=(1024, 606) seed=20260718
    [fused] terrain=65.9ms erosion=2.6ms(ok=true) river=11.9ms(ok=true) latitude=0.1ms coast_sdf=3.2ms(ok=true)
  geometry fields (fused C++): 150ms
  physical circulation hex solve: deferred until DCWorldExt bind (ext=true idx=true soa=false)
  wind/ocean pixel buffers: skipped (ocean_current_visual off)
  visual tiles: {"degradation_reason":"","effective_budget_px":1717248,"effective_texels_per_hex":16.0059221751742,"effective_world_units_per_texel":"(1.373983, 1.375)","estimated_peak_bytes":68402880,"estimated_resident_bytes":40340160,"fallback_reason":"","generation_id":1,"grid_size":"(4, 3)","gutter_px":2,"hex_size":22.0,"horizon_path":"neutral_pending","interior_size":"(416, 344)","layer_size":"(420, 348)","layers":[{"bake_ms":37.9711,"coast_sdf_max_dist_px":13.6162309214075,"distance_scale":1.70202886517594,"edge_distance_saturate_hex":0.9,"edge_distance_units":"normalized_hex_center_gap","hashes":{"edge_distance":7407730141571241905,"edge_neighbor":-4543926112381022223,"height":-1697431226796729820,"map_index":2274457353656815029,"terrain_detail":-8151073494896450720,"terrain_normal":-7915207892100105287,"water_depth":2243981384936519209},"layer":0,"normal_radius_px":"(22, 22)","raster_scale":"(1.701088, 1.70297)","river_sdf_max_dist_px":5.9571010281158,"shore_carve_band_px":10,"upload_ms":0.27,"wall_ms":38.36},{"bake_ms":49.561,"coast_sdf_max_dist_px":13.6162309214075,"distance_scale":1.70202886517594,"edge_distance_saturate_hex":0.9,"edge_distance_units":"normalized_hex_center_gap","hashes":{"edge_distance":-3976966917245296998,"edge_neighbor":3621067584965836758,"height":1528863693732331325,"map_index":2549496320971286395,"terrain_detail":-1859665442256196863,"terrain_normal":-3535715913223945715,"water_depth":3063832404714471227},"layer":1,"normal_radius_px":"(22, 22)","raster_scale":"(1.701088, 1.70297)","river_sdf_max_dist_px":5.9571010281158,"shore_carve_band_px":10,"upload_ms":0.323,"wall_ms":50.017},{"bake_ms":64.9213,"coast_sdf_max_dist_px":13.6162309214075,"distance_scale":1.70202886517594,"edge_distance_saturate_hex":0.9,"edge_distance_units":"normalized_hex_center_gap","hashes":{"edge_distance":5218991683420850894,"edge_neighbor":-5345480133151690080,"height":-7454692257232797492,"map_index":-8366882445923572637,"terrain_detail":-3319625715479491564,"terrain_normal":-6498016425275236080,"water_depth":-2856782738831354408},"layer":2,"normal_radius_px":"(22, 22)","raster_scale":"(1.701088, 1.70297)","river_sdf_max_dist_px":5.9571010281158,"shore_carve_band_px":10,"upload_ms":0.295,"wall_ms":65.341},{"bake_ms":62.1757,"coast_sdf_max_dist_px":13.6162309214075,"distance_scale":1.70202886517594,"edge_distance_saturate_hex":0.9,"edge_distance_units":"normalized_hex_center_gap","hashes":{"edge_distance":8612685970797441304,"edge_neighbor":883218167199411248,"height":-1023169273004332113,"map_index":2707475090998858733,"terrain_detail":6263308266530163428,"terrain_normal":-4855806448874004076,"water_depth":-2127183836498838294},"layer":3,"normal_radius_px":"(22, 22)","raster_scale":"(1.701088, 1.70297)","river_sdf_max_dist_px":5.9571010281158,"shore_carve_band_px":10,"upload_ms":0.305,"wall_ms":62.599},{"bake_ms":54.2799,"coast_sdf_max_dist_px":13.6162309214075,"distance_scale":1.70202886517594,"edge_distance_saturate_hex":0.9,"edge_distance_units":"normalized_hex_center_gap","hashes":{"edge_distance":297283154589053998,"edge_neighbor":-8580896561628889486,"height":-5407985216165520287,"map_index":9182820345735435477,"terrain_detail":-4270043139625925275,"terrain_normal":-8287812837813031566,"water_depth":3228562322921317175},"layer":4,"normal_radius_px":"(22, 22)","raster_scale":"(1.701088, 1.70297)","river_sdf_max_dist_px":5.9571010281158,"shore_carve_band_px":10,"upload_ms":0.198,"wall_ms":54.565},{"bake_ms":93.875,"coast_sdf_max_dist_px":13.6162309214075,"distance_scale":1.70202886517594,"edge_distance_saturate_hex":0.9,"edge_distance_units":"normalized_hex_center_gap","hashes":{"edge_distance":-3309735790229328004,"edge_neighbor":-5731875958399186170,"height":-7367011441573634711,"map_index":-8927034593564641593,"terrain_detail":4427859160994159548,"terrain_normal":-8418168866925073872,"water_depth":-6262847963806259588},"layer":5,"normal_radius_px":"(22, 22)","raster_scale":"(1.701088, 1.70297)","river_sdf_max_dist_px":5.9571010281158,"shore_carve_band_px":10,"upload_ms":0.389,"wall_ms":94.391},{"bake_ms":102.735,"coast_sdf_max_dist_px":13.6162309214075,"distance_scale":1.70202886517594,"edge_distance_saturate_hex":0.9,"edge_distance_units":"normalized_hex_center_gap","hashes":{"edge_distance":8321833536859295351,"edge_neighbor":-5005127231569416705,"height":3341074557671273762,"map_index":-396979365122735556,"terrain_detail":4215695107284896355,"terrain_normal":-2597592164988767119,"water_depth":-728996428569554142},"layer":6,"normal_radius_px":"(22, 22)","raster_scale":"(1.701088, 1.70297)","river_sdf_max_dist_px":5.9571010281158,"shore_carve_band_px":10,"upload_ms":0.2,"wall_ms":103.02},{"bake_ms":54.5452,"coast_sdf_max_dist_px":13.6162309214075,"distance_scale":1.70202886517594,"edge_distance_saturate_hex":0.9,"edge_distance_units":"normalized_hex_center_gap","hashes":{"edge_distance":208782133921839682,"edge_neighbor":-9034811754870153070,"height":-2132080742075037466,"map_index":4521453198400050055,"terrain_detail":-6887604134882803410,"terrain_normal":-8949913885161130949,"water_depth":-380875893755025537},"layer":7,"normal_radius_px":"(22, 22)","raster_scale":"(1.701088, 1.70297)","river_sdf_max_dist_px":5.9571010281158,"shore_carve_band_px":10,"upload_ms":0.207,"wall_ms":54.851},{"bake_ms":41.9337,"coast_sdf_max_dist_px":13.6162309214075,"distance_scale":1.70202886517594,"edge_distance_saturate_hex":0.9,"edge_distance_units":"normalized_hex_center_gap","hashes":{"edge_distance":8264413913844957711,"edge_neighbor":6449510455372096238,"height":2774507710515011656,"map_index":1602406146469738870,"terrain_detail":4148301864856098689,"terrain_normal":2948295881015716229,"water_depth":-5702780522234210443},"layer":8,"normal_radius_px":"(22, 22)","raster_scale":"(1.701088, 1.70297)","river_sdf_max_dist_px":5.9571010281158,"shore_carve_band_px":10,"upload_ms":0.205,"wall_ms":42.237},{"bake_ms":60.1324,"coast_sdf_max_dist_px":13.6162309214075,"distance_scale":1.70202886517594,"edge_distance_saturate_hex":0.9,"edge_distance_units":"normalized_hex_center_gap","hashes":{"edge_distance":-7342283611218684865,"edge_neighbor":-5634881956267287527,"height":2825572143123611103,"map_index":-8831886053851355773,"terrain_detail":4235680215872698627,"terrain_normal":-2070428832888160468,"water_depth":795287004519003509},"layer":9,"normal_radius_px":"(22, 22)","raster_scale":"(1.701088, 1.70297)","river_sdf_max_dist_px":5.9571010281158,"shore_carve_band_px":10,"upload_ms":0.266,"wall_ms":60.491},{"bake_ms":68.2346,"coast_sdf_max_dist_px":13.6162309214075,"distance_scale":1.70202886517594,"edge_distance_saturate_hex":0.9,"edge_distance_units":"normalized_hex_center_gap","hashes":{"edge_distance":-8079933026638934708,"edge_neighbor":6678593248902245418,"height":-4365230997761727027,"map_index":684363689774237482,"terrain_detail":-1251348211797502761,"terrain_normal":-9093325325990601316,"water_depth":463899081477651312},"layer":10,"normal_radius_px":"(22, 22)","raster_scale":"(1.701088, 1.70297)","river_sdf_max_dist_px":5.9571010281158,"shore_carve_band_px":10,"upload_ms":0.282,"wall_ms":68.62},{"bake_ms":47.2668,"coast_sdf_max_dist_px":13.6162309214075,"distance_scale":1.70202886517594,"edge_distance_saturate_hex":0.9,"edge_distance_units":"normalized_hex_center_gap","hashes":{"edge_distance":5056840590371500922,"edge_neighbor":8667344552684765316,"height":64708304598049951,"map_index":-6792268264940266568,"terrain_detail":7665021879133805446,"terrain_normal":-2224180417278547981,"water_depth":517399438142152488},"layer":11,"normal_radius_px":"(22, 22)","raster_scale":"(1.701088, 1.70297)","river_sdf_max_dist_px":5.9571010281158,"shore_carve_band_px":10,"upload_ms":0.218,"wall_ms":47.577}],"logical_size":"(1664, 1032)","mode":"tiled","path":"visual_tiled_static","profile":"desktop_high","renderer":"mobile","requested_budget_px":1716216,"requested_texels_per_hex":16.0,"requested_tile_world_span":"(704.0, 704.0)","requested_world_units_per_texel":1.375,"tile_world_area":270355.817993164,"tile_world_span":"(571.5768, 473.0)","total_ms":761.587,"visual_domain":"[P: (0.0, -44.0), S: (2286.307, 1419.0)]","wrap_period_x":2286.30706599092,"wrap_x":true}
WARNING: Loaded resource as image file, this will not work on export: 'res://assets/textures/terrain_materials/organic.png'. Instead, import the image file as an Image resource and load it normally as a resource.
   at: load (core/io/image.cpp:2756)
   GDScript backtrace (most recent call first):
       [0] _build_terrain_material_tex (res://scripts/rendering/map_baker.gd:360)
       [1] get_or_build_shared_terrain_material_tex (res://scripts/rendering/map_baker.gd:343)
       [2] bake_world (res://scripts/rendering/map_baker.gd:1179)
       [3] _yield_generation_frame (res://scripts/rendering/map_baker.gd:1217)
WARNING: Loaded resource as image file, this will not work on export: 'res://assets/textures/terrain_materials/dry_sand.png'. Instead, import the image file as an Image resource and load it normally as a resource.
   at: load (core/io/image.cpp:2756)
   GDScript backtrace (most recent call first):
       [0] _build_terrain_material_tex (res://scripts/rendering/map_baker.gd:360)
       [1] get_or_build_shared_terrain_material_tex (res://scripts/rendering/map_baker.gd:343)
       [2] bake_world (res://scripts/rendering/map_baker.gd:1179)
       [3] _yield_generation_frame (res://scripts/rendering/map_baker.gd:1217)
WARNING: Loaded resource as image file, this will not work on export: 'res://assets/textures/terrain_materials/rock.png'. Instead, import the image file as an Image resource and load it normally as a resource.
   at: load (core/io/image.cpp:2756)
   GDScript backtrace (most recent call first):
       [0] _build_terrain_material_tex (res://scripts/rendering/map_baker.gd:360)
       [1] get_or_build_shared_terrain_material_tex (res://scripts/rendering/map_baker.gd:343)
       [2] bake_world (res://scripts/rendering/map_baker.gd:1179)
       [3] _yield_generation_frame (res://scripts/rendering/map_baker.gd:1217)
WARNING: Loaded resource as image file, this will not work on export: 'res://assets/textures/terrain_materials/snow_wet.png'. Instead, import the image file as an Image resource and load it normally as a resource.
   at: load (core/io/image.cpp:2756)
   GDScript backtrace (most recent call first):
       [0] _build_terrain_material_tex (res://scripts/rendering/map_baker.gd:360)
       [1] get_or_build_shared_terrain_material_tex (res://scripts/rendering/map_baker.gd:343)
       [2] bake_world (res://scripts/rendering/map_baker.gd:1179)
       [3] _yield_generation_frame (res://scripts/rendering/map_baker.gd:1217)
  cell LUT encode: deferred until DCWorldExt bind
  encode: 3577ms
MapBaker v6: total 3737ms
MapGenerator v7: bake 3780ms
MapGenerator: skip _compute_ocean_currents (physical-hex path writes per-cell directly)
MapGenerator: skip _compute_terrain_perturbed_wind (physical-hex solver writes per-cell)
[SUS] sim budget strict=false frame=8.00ms warn=2.00ms slice=0.75ms upload=1.50ms scheduler=DCSystemScheduler native_sus=auto
[DCWorldExt] bind_map_data: 148 components bound (auto-registered=148; snapshot model; see world_ext.cpp comment & charter Â§11)
[DataCore] _data_core_world_ext bound=true (climate co-processor; class=DCWorldExt)
[native_world] configure rc=0 reason=configured cells=2400 wrap_period_x=103.923
[native_generation] path=gdext n=2400 published=9 native_ms=0.130 compute_ms=0.068 flush_ms=0.062
[hex_cell] facade ENABLED (2400 cells bound; ext=true)
[DataCore] _baker climate_profile injected=true (fixes WorldData.config==null sea_ice prepare path)
[phys_solve][oneshot] OK slp=0.94ms wind=0.38ms psi=0.36ms(ran=true) upwelling=0.07ms total=2.28ms
PhysicalCirculation solve@phase=1.50 total=3ms (C++ one-shot run_physical_solve_pass)
  wind/ocean pixel buffers: skipped (ocean_current_visual off)
[physical_init] deferred native refresh complete: 3ms
[cell_lut] deferred encode: 2ms path=gdext
[bio-occupancy] seed landmasses=18 provinces=18 species=20 secondary_hearths=0
[bio-occupancy]   bio.maize envelope=46 hearth=18 seeded_landmasses=1 primary_landmass=3 primary_envelope=38 occupied=18 occupied/envelope=0.47
[bio-occupancy]   bio.wheat envelope=96 hearth=16 seeded_landmasses=1 primary_landmass=3 primary_envelope=68 occupied=16 occupied/envelope=0.24
[bio-occupancy]   bio.rice envelope=75 hearth=25 seeded_landmasses=1 primary_landmass=3 primary_envelope=50 occupied=25 occupied/envelope=0.50
[bio-occupancy]   bio.potato envelope=75 hearth=30 seeded_landmasses=1 primary_landmass=3 primary_envelope=58 occupied=30 occupied/envelope=0.52
[bio-occupancy]   bio.horse envelope=108 hearth=38 seeded_landmasses=1 primary_landmass=3 primary_envelope=78 occupied=38 occupied/envelope=0.49
[bio-occupancy]   bio.cotton envelope=99 hearth=33 seeded_landmasses=1 primary_landmass=3 primary_envelope=74 occupied=33 occupied/envelope=0.45
[bio-occupancy]   bio.flax envelope=91 hearth=34 seeded_landmasses=1 primary_landmass=3 primary_envelope=63 occupied=34 occupied/envelope=0.54
[bio-occupancy]   bio.spice envelope=85 hearth=8 seeded_landmasses=1 primary_landmass=3 primary_envelope=66 occupied=8 occupied/envelope=0.12
[bio-occupancy]   bio.rubber envelope=41 hearth=1 seeded_landmasses=1 primary_landmass=3 primary_envelope=28 occupied=1 occupied/envelope=0.04
[bio-occupancy]   bio.sheep envelope=20 hearth=2 seeded_landmasses=1 primary_landmass=3 primary_envelope=16 occupied=2 occupied/envelope=0.13
[bio-occupancy]   bio.goat envelope=232 hearth=13 seeded_landmasses=1 primary_landmass=3 primary_envelope=157 occupied=13 occupied/envelope=0.08
[bio-occupancy]   bio.cattle envelope=6 hearth=1 seeded_landmasses=1 primary_landmass=3 primary_envelope=6 occupied=1 occupied/envelope=0.17
[bio-occupancy]   bio.pig envelope=175 hearth=32 seeded_landmasses=1 primary_landmass=3 primary_envelope=126 occupied=32 occupied/envelope=0.25
[bio-occupancy]   bio.camel envelope=37 hearth=3 seeded_landmasses=1 primary_landmass=3 primary_envelope=22 occupied=3 occupied/envelope=0.14
[bio-occupancy]   bio.yak envelope=63 hearth=18 seeded_landmasses=1 primary_landmass=3 primary_envelope=35 occupied=18 occupied/envelope=0.51
[bio-occupancy]   bio.silkworm envelope=108 hearth=41 seeded_landmasses=1 primary_landmass=3 primary_envelope=90 occupied=41 occupied/envelope=0.46
[bio-occupancy]   bio.reed envelope=118 hearth=23 seeded_landmasses=1 primary_landmass=3 primary_envelope=66 occupied=23 occupied/envelope=0.35
[bio-occupancy]   bio.bast_fiber envelope=135 hearth=29 seeded_landmasses=1 primary_landmass=3 primary_envelope=88 occupied=29 occupied/envelope=0.33
[bio-occupancy]   bio.dye_plant envelope=103 hearth=5 seeded_landmasses=1 primary_landmass=3 primary_envelope=77 occupied=5 occupied/envelope=0.06
[bio-occupancy]   bio.medicinal_herb envelope=203 hearth=8 seeded_landmasses=1 primary_landmass=3 primary_envelope=139 occupied=8 occupied/envelope=0.06
[bio-occupancy]   landmass 1 classes=none foods=none
[bio-occupancy]   landmass 2 classes=none foods=none
[bio-occupancy]   landmass 3 classes=highland_food, fiber_open, fiber_forest, open_grazer, open_food, fiber_wet, forest_grazer, tropical, dry_grazer, wetland_food, cold_grazer foods=potato, wheat, maize, rice
[bio-occupancy]   landmass 4 classes=none foods=none
[bio-occupancy]   landmass 5 classes=none foods=none
[bio-occupancy]   landmass 6 classes=none foods=none
[bio-occupancy]   landmass 7 classes=none foods=none
[bio-occupancy]   landmass 8 classes=none foods=none
[bio-occupancy]   landmass 9 classes=none foods=none
[bio-occupancy]   landmass 10 classes=none foods=none
[bio-occupancy]   landmass 11 classes=none foods=none
[bio-occupancy]   landmass 12 classes=none foods=none
[bio-occupancy]   landmass 13 classes=none foods=none
[bio-occupancy]   landmass 14 classes=none foods=none
[bio-occupancy]   landmass 15 classes=none foods=none
[bio-occupancy]   landmass 16 classes=none foods=none
[bio-occupancy]   landmass 17 classes=none foods=none
[bio-occupancy]   landmass 18 classes=none foods=none
[weather] gdext acceleration ON (class=DCWorldExt)
[weather] gdext field commit ON
[weather] gdext distribute ON
[weather] gdext summary ON
[weather] hexcell facade ON (skip AoS double-write in hot loop)
[weather] gdext resident knobs ON (class=KnobsHandle)
[economy] ACTIVE native graph cells=2400 goods=134 cohorts=16 epoch_days=1 trade=ACTIVE topology_ready=true topology_generation=1 bootstrap=starter_settlement_bootstrap_v9 founder_families=4 founder_people=4
[country] ACTIVE native authority countries=4 cells=2400 generation=1
[weather/knobs] resident KnobsHandle path ACTIVE — first to_*_knobs_dict hit (field_rebuild_count=1 expected ≤1; stable Hz target ≤1 Hz)
[native_daily] ACTIVE: registered native_daily_sim + natural_resource_daily + bio_occupancy_daily; retained season_refresh + ocean_currents boundary jobs
[DCSystemScheduler] topology: ["season_refresh", "trigger_runtime", "ideology_runtime", "effect_runtime", "modifier_daily", "gameplay_effect", "natural_resource_daily", "bio_occupancy_daily", "enum_atlas_upload", "ocean_currents", "native_daily_sim", "dynamic_visual_atlas_upload", "country_daily", "economy_daily"]
[hex_renderer/variant] tiled=true quality= web_texture_budget=false shader=res://shaders/world_map.gdshader
[visual-tiles/horizon] compute start generation=1 layers=12
[hex-renderer] set_weather_fronts(n=0) layer=WeatherLayer
[building-visual] intel_refresh requested=69 changed=1 known=1 catalog=400 resident=0 body=0 queued=0 zoom=1.000
[vision] fog=ON player_slot=0 early_out=OFF visible=69 explored=69/2400 solve_ms=0.127 border_edges=24
[DIAG pass_a_entry] day=0 phase=0.002 gdext_pass_a=true use_data_core_climate=true use_soa_pipeline=true use_sparse_climate=true ext_bound=true
[DIAG pass_a_cpp] day=0 rc=0.0000 cpp_taken_over=true dirty_count_after_cpp=2400
[climate_b/F.3] precondition probe (one-time):
  active ClimateProfile = <in-memory ClimateProfile>
  cp.use_gdext_climate_pass_b = true (flag removed; constant true)
  cp.use_sparse_climate = true（C++ 会跑 full path 等价结果，不阻止）
  _data_core_world_ext != null = true
  ext.has_method('run_climate_pass_b') = true
  fast_indexed = true (need n_cells*6=14400, got nb_size=14400)
  rs_lookback = 3, t_freeze = 0.0800, coupling_gain = 1.5000
  verdict = OK → will try C++
[gdext sig] run_climate_pass_b match[0]: args.size()=1 names=[knobs] flags=1 id=15285
[gdext sig] run_climate_pass_b: probe PASS (found match with 1 args)
[climate_b/F.3] sig probe result = true（仅作诊断）
[climate_b/F.3] DEBUG call#1: path=simd rc=0.0725 n_cells=2400 rs_lookback=3
[climate_b/F.3] gdext path ACTIVE (dispatch=simd) — first run elapsed=0.07ms (legacy GDScript baseline ≈ 5.2ms; charter §7 target < 0.5ms)
[ocean_water/F.2a] precondition probe (one-time):
  active ClimateProfile = <in-memory>
  cp.use_gdext_ocean_water = true (flag removed; constant true)
  _data_core_world_ext != null = true
  ext.has_method('run_ocean_water_pass') = true
  fast_indexed = true (n=2400 nb=14400)
  advect_steps=3 heat_mix=0.5500
  verdict = OK → will try C++
[gdext sig] run_ocean_water_pass match[0]: args.size()=1 names=[knobs] flags=1 id=15276
[gdext sig] run_ocean_water_pass: probe PASS (found match with 1 args)
[ocean_water/F.2a] sig probe result = true（仅作诊断）
[ocean_water/F.2a] DEBUG call#1: path=scalar rc=0.2437 n=2400 advect=3
[ocean_water/F.2a] gdext path ACTIVE — first run elapsed=0.24ms (legacy GDScript baseline ≈ 3.4ms; charter §7 target < 0.5ms)
[ocean_land/F.2b] precondition probe (one-time):
  active ClimateProfile = <in-memory>
  cp.use_gdext_ocean_land = true (flag removed; constant true)
  _data_core_world_ext != null = true
  ext.has_method('run_ocean_land_pass') = true
  fast_indexed = true (n=2400 nb=14400)
  effective_leak=0.5500 (coast_leak=0.5500 winter_boost=1.0000)
  verdict = OK → will try C++
[gdext sig] run_ocean_land_pass match[0]: args.size()=1 names=[knobs] flags=1 id=15277
[gdext sig] run_ocean_land_pass: probe PASS (found match with 1 args)
[ocean_land/F.2b] sig probe result = true（仅作诊断）
[ocean_land/F.2b] DEBUG call#1: path=scalar rc=0.0314 n=2400 effective_leak=0.5500
[ocean_land/F.2b] gdext path ACTIVE — first run elapsed=0.03ms (legacy GDScript baseline ≈ 3.4ms; charter §7 target < 0.5ms)
[sea_ice/F.4] precondition probe (one-time):
  active ClimateProfile = <in-memory ClimateProfile>
  cp.use_gdext_sea_ice = true (flag removed; constant true)
  _data_core_world_ext != null = true
  ext.has_method('run_sea_ice_daily_pass') = true
  fast_indexed = true (need n_cells*6=14400, got neighbor_indices.size()=14400)
  verdict = OK → will try C++
[gdext sig] run_sea_ice_daily_pass match[0]: args.size()=2 names=[knobs, season_phase] flags=1 id=15288
[gdext sig] run_sea_ice_daily_pass: probe PASS (found match with 2 args)
[sea_ice/F.4] sig probe result = true（仅作诊断，不阻止下方 C++ 调用）
[sea_ice/F.4] DEBUG call#1: path=scalar rc=0.1139 n_cells=2400 enable_oht=true
[sea_ice/F.4] gdext path ACTIVE (dispatch=scalar) — first run elapsed=0.11ms (legacy GDScript baseline ≈ 5.1ms; charter §7 target < 0.5ms)
_apply_sea_ice_daily_pass[F.4]: 0.11ms (water=1840, flipped=0, phase=0.002)
[sea_ice/DIAG] thr_eff t_form=0.080 t_melt=0.130 flip_thr=0.720 | temp all min=0.000 max=0.980 avg=0.519 | water n=1840 t_min_w=0.000 below_form=321 (17.4%) | SIF pos=316 max=0.399 avg_w=0.0422 near_thr=120 | climate_anom=0.000
[sea_ice/slow-dump] tick=0 path=gdext total_wall=5.34ms (pack=0.03 refresh=0.00 native=0.11 native_wall=0.16 sync=0.11 flip=0.01) water=1840 flipped=0
[transp/F.5] precondition probe (one-time):
  active ClimateProfile = <in-memory ClimateProfile>
  cp.use_gdext_transpiration = true (flag removed; constant true)
  _data_core_world_ext != null = true
  ext.has_method('run_transpiration_pass') = true
  fast_indexed = true (need n_cells*6=14400, got neighbor_indices.size()=14400)
  verdict = OK → will try C++
[gdext sig] run_transpiration_pass match[0]: args.size()=1 names=[knobs] flags=1 id=15290
[gdext sig] run_transpiration_pass: probe PASS (found match with 1 args)
[transp/F.5] sig probe result = true（仅作诊断，不阻止下方 C++ 调用）
[transp/F.5] DEBUG call#1: rc=0.0649 donor_table.size()=28 n_cells=2400 outflow=0.0250 self=0.0150
[transp/F.5] gdext path ACTIVE — first run elapsed=0.06ms (legacy GDScript baseline ≈ 3.2ms; charter §7 target < 0.3ms)
refresh_climate_daily #1: 145ms (cells=2400, phase=0.002) | A=2.2 B=3.9 ocean=8.0 wind=122.3 sea_ice=5.4 ice_bake=0.0 transp=3.1 path=data_core_cells_only
WARNING: [runtime-climate-round] no ClimateDailySystem; SHADOW capture carries no shared pass input
   at: push_warning (core/variant/variant_utility.cpp:1034)
   GDScript backtrace (most recent call first):
       [0] _build_runtime_climate_round_input (res://scripts/geography/map_generator.gd:4531)
       [1] capture_runtime_inputs_for_worker (res://scripts/geography/map_generator.gd:2274)
       [2] generate_world (res://scripts/game/world_runtime_host.gd:494)
       [3] generate (res://scripts/geography/map_generator.gd:1606)
       [4] _yield_generation_frame (res://scripts/geography/map_generator.gd:19745)
[DCSystemScheduler][RT] ocean_skip#1 tick=1 reason=policy_gated slices=0 elapsed=0.000 progress=0.000 source=day_changed
[weather-layer][lut] #1 update_usec=14309071 last_usec=14309071 lerp=0.000 prev_tex=true curr_tex=true dims=(2048, 2) visible=true
[DCSystemScheduler][RT] ocean_skip#2 tick=2 reason=policy_gated slices=0 elapsed=0.000 progress=0.000 source=day_changed
[climate-kernel][round] shared=1 ok=1 n_cells=2400 mask=0x1FF ran=0x1FF starved=0x0 knobs_cells=2400
WARNING: [sim/graph-trigger] handoff blocked day=2 reason=trigger_effect_domain_adapter_required command_key=economy.social_pressure_notice definition_key= action=13 opcode=1 â trigger effect queue cannot drain; trigger is retired for the rest of each pulse
   at: push_warning (core/variant/variant_utility.cpp:1034)
   GDScript backtrace (most recent call first):
       [0] _advance_runtime_graph_pulse (res://scripts/geography/map_generator.gd:3214)
       [1] sus_tick_daily (res://scripts/geography/map_generator.gd:7681)
       [2] run_daily_tick (res://scripts/game/world_runtime_host.gd:595)
       [3] _on_clock_day_changed (res://scripts/game/world_runtime_host.gd:248)
       [4] _advance_one_sim_day (res://scripts/geography/world_clock.gd:172)
       [5] _process (res://scripts/geography/world_clock.gd:230)
[weather-layer][lut] #2 update_usec=14309071 last_usec=14309071 lerp=0.748 prev_tex=true curr_tex=true dims=(2048, 2) visible=true
[weather-layer][lut] #3 update_usec=14309071 last_usec=14309071 lerp=0.757 prev_tex=true curr_tex=true dims=(2048, 2) visible=true
[hex-renderer] set_weather_fronts(n=0) layer=WeatherLayer
[visual-tiles/horizon] published {"command_record_ms":0.065,"compile_ms":182.328,"conservative_tail_ratio":0.0,"conservative_tail_rays":0,"gi_occluder_ok":true,"global_fallback_rays":0,"gpu_wait_ms":78.114,"hash":3965829688,"height_pyramid_bytes":9159292,"height_world_scale":352.0,"max_horizon_angle":1.309,"mip_levels":12,"non_converged_rays":0,"occluder_hash":222858120,"occluder_output_bytes":7015680,"occluder_sentinel_ratio":0.147440590220763,"occluder_sentinel_texels":258599,"ok":true,"path":"gpu_compute_hierarchical","physical_output_bytes":7015680,"readback_ms":8.021,"resource_setup_ms":112.527,"sea_level":0.5,"submit_ms":1.724,"total_ms":474.214,"total_rays":14031360,"upload_ms":2.955}
[DCSystemScheduler][RT] ocean_skip#3 tick=3 reason=policy_gated slices=0 elapsed=0.000 progress=0.000 source=day_changed
[weather-layer][lut] #4 update_usec=14309071 last_usec=14309071 lerp=1.000 prev_tex=true curr_tex=true dims=(2048, 2) visible=true
[sim/barrier] day=3 pulse=1 economy_inflight=false hard_ack=effect extra=
[weather-layer][lut] #5 update_usec=14309071 last_usec=14309071 lerp=1.000 prev_tex=true curr_tex=true dims=(2048, 2) visible=true
[phys_solve][RT] start#1 phase=0.0416 pending=nan solve_ocean=true ext=true idx=true soa=true
[slp_field] path-decision call#1: prof=true pflag_attr=true pflag_val=true ext=true method=true idx=true -> cpp_gate=true
[slp_field] commit-diag call#1: rc=0.072 slp_out=2400 n_cells=2400 map_slp=2400 slice=0:300 final=false published=false slot=19/2400 reason=intermediate_slice
[slp_field][RT-DIAG] call#1 phase=0.0416 rc=0.072 slp_out=2400 n=2400 slice=0:300 final=false published=false slot=19/2400 slot_reason=intermediate_slice -> intermediate_slice
[weather-layer][lut] #6 update_usec=14309071 last_usec=14309071 lerp=1.000 prev_tex=true curr_tex=true dims=(2048, 2) visible=true
[weather-layer][lut] #7 update_usec=14309071 last_usec=14309071 lerp=1.000 prev_tex=true curr_tex=true dims=(2048, 2) visible=true
[weather-layer][lut] #8 update_usec=14309071 last_usec=14309071 lerp=1.000 prev_tex=true curr_tex=true dims=(2048, 2) visible=true
[natural_resource/slow-dump] tick=5 day=5 wall=3.11 cpp=0.247 compute=0.214 loop=0.010 flush=0.114 wrapper=2.599 layout=cell_indices dispatches=0 resources=14/31 skipped_static=17 published=true total_delta=279483.32485
[DCSystemScheduler][RT] ocean_skip#4 tick=5 reason=policy_gated slices=0 elapsed=0.000 progress=0.000 source=day_changed
[weather-layer][lut] #9 update_usec=14309071 last_usec=14309071 lerp=1.000 prev_tex=true curr_tex=true dims=(2048, 2) visible=true
[weather-layer][lut] #10 update_usec=14309071 last_usec=14309071 lerp=1.000 prev_tex=true curr_tex=true dims=(2048, 2) visible=true
[hex-renderer] set_weather_fronts(n=0) layer=WeatherLayer
[weather-layer][lut] #11 update_usec=14309071 last_usec=14309071 lerp=1.000 prev_tex=true curr_tex=true dims=(2048, 2) visible=true
[weather-layer][lut] #12 update_usec=14309071 last_usec=14309071 lerp=1.000 prev_tex=true curr_tex=true dims=(2048, 2) visible=true
[DCSystemScheduler][RT] ocean_skip#5 tick=7 reason=policy_gated slices=0 elapsed=0.000 progress=0.000 source=day_changed
[slp_field] path-decision call#2: prof=true pflag_attr=true pflag_val=true ext=true method=true idx=true -> cpp_gate=true
[slp_field] commit-diag call#2: rc=0.057 slp_out=2400 n_cells=2400 map_slp=2400 slice=300:600 final=false published=false slot=19/2400 reason=intermediate_slice
[slp_field][RT-DIAG] call#2 phase=0.0416 rc=0.057 slp_out=2400 n=2400 slice=300:600 final=false published=false slot=19/2400 slot_reason=intermediate_slice -> intermediate_slice
[DCSystemScheduler][RT] ocean_skip#6 tick=9 reason=policy_gated slices=0 elapsed=0.000 progress=0.000 source=day_changed
[DCSystemScheduler][RT] ocean_skip#7 tick=10 reason=policy_gated slices=0 elapsed=0.000 progress=0.000 source=day_changed
[DCSystemScheduler][RT] ocean_skip#8 tick=11 reason=policy_gated slices=0 elapsed=0.000 progress=0.000 source=day_changed
[slp_field] path-decision call#3: prof=true pflag_attr=true pflag_val=true ext=true method=true idx=true -> cpp_gate=true
[slp_field] commit-diag call#3: rc=0.056 slp_out=2400 n_cells=2400 map_slp=2400 slice=600:900 final=false published=false slot=19/2400 reason=intermediate_slice
[slp_field][RT-DIAG] call#3 phase=0.0416 rc=0.056 slp_out=2400 n=2400 slice=600:900 final=false published=false slot=19/2400 slot_reason=intermediate_slice -> intermediate_slice
[DCSystemScheduler][RT] ocean_skip#9 tick=13 reason=policy_gated slices=0 elapsed=0.000 progress=0.000 source=day_changed
[DCSystemScheduler][RT] ocean_skip#10 tick=14 reason=policy_gated slices=0 elapsed=0.000 progress=0.000 source=day_changed
[DCSystemScheduler][RT] ocean_skip#11 tick=15 reason=policy_gated slices=0 elapsed=0.000 progress=0.000 source=day_changed
[slp_field][RT-DIAG] call#4 phase=0.0416 rc=0.083 slp_out=2400 n=2400 slice=900:1200 final=false published=false slot=19/2400 slot_reason=intermediate_slice -> intermediate_slice
[DCSystemScheduler][RT] ocean_skip#12 tick=17 reason=policy_gated slices=0 elapsed=0.000 progress=0.000 source=day_changed
[DCSystemScheduler][RT] ocean_skip#13 tick=19 reason=policy_gated slices=0 elapsed=0.000 progress=0.000 source=day_changed
[slp_field][RT-DIAG] call#5 phase=0.0416 rc=0.061 slp_out=2400 n=2400 slice=1200:1500 final=false published=false slot=19/2400 slot_reason=intermediate_slice -> intermediate_slice
[DCSystemScheduler][RT] ocean_skip#14 tick=21 reason=policy_gated slices=0 elapsed=0.000 progress=0.000 source=day_changed
[DCSystemScheduler][RT] ocean_skip#15 tick=22 reason=policy_gated slices=0 elapsed=0.000 progress=0.000 source=day_changed
[DCSystemScheduler][RT] ocean_skip#16 tick=23 reason=policy_gated slices=0 elapsed=0.000 progress=0.000 source=day_changed
[DCSystemScheduler][RT] ocean_skip#17 tick=25 reason=policy_gated slices=0 elapsed=0.000 progress=0.000 source=day_changed
[DCSystemScheduler][RT] ocean_skip#18 tick=26 reason=policy_gated slices=0 elapsed=0.000 progress=0.000 source=day_changed
[DCSystemScheduler][RT] ocean_skip#19 tick=27 reason=policy_gated slices=0 elapsed=0.000 progress=0.000 source=day_changed
[DCSystemScheduler][RT] ocean_skip#20 tick=29 reason=policy_gated slices=0 elapsed=0.000 progress=0.000 source=day_changed
[season_refresh] b_plus_start path=gdext handle=1 season=0 n_cells=2400
[season_refresh] b_plus_finish path=gdext native_ms=0.600 slices=1 stages_done=12
[DCSystemScheduler][RT] ocean_skip#21 tick=31 reason=policy_gated slices=0 elapsed=0.000 progress=0.000 source=day_changed
[slp_field] gdext path ACTIVE — first run elapsed=0.19ms (legacy GDScript baseline ~36ms; target < 3ms)
[DCSystemScheduler][RT] ocean_skip#22 tick=33 reason=policy_gated slices=0 elapsed=0.000 progress=0.000 source=day_changed
[DCSystemScheduler][RT] ocean_skip#23 tick=34 reason=policy_gated slices=0 elapsed=0.000 progress=0.000 source=day_changed
[DCSystemScheduler][RT] ocean_skip#24 tick=35 reason=policy_gated slices=0 elapsed=0.000 progress=0.000 source=day_changed
[DCSystemScheduler][RT] ocean_skip#25 tick=37 reason=policy_gated slices=0 elapsed=0.000 progress=0.000 source=day_changed
[DCSystemScheduler][RT] ocean_skip#26 tick=38 reason=policy_gated slices=0 elapsed=0.000 progress=0.000 source=day_changed
[DCSystemScheduler][RT] ocean_skip#27 tick=39 reason=policy_gated slices=0 elapsed=0.000 progress=0.000 source=day_changed
[clock/step] delta=13.7ms speed=50x target=0.69d cap=0.49d/f cost=15.74ms ran=1 pulse=0.00ms loop=13.40ms full=13.72ms carry=0.05 barrier=native_daily_day_barrier
[clock/fat-day] loop=13.40ms largest=0.00ms job= stage= over_budget=false native_stage=pending
[psi_solver] path-decision call#1: prof=true pflag_attr=true pflag_val=true ext=true method=true idx=true heat=true -> cpp_gate=true
[psi_solver] gdext path ACTIVE — first run elapsed=0.41ms (legacy GDScript stage3+4+5 baseline ~32+ms; target < 5ms)
[psi_solver] commit-diag call#1: rc=0.412 n_water=1840 n_cells=2400 published=true
[DCSystemScheduler][RT] ocean_skip#28 tick=41 reason=policy_gated slices=0 elapsed=0.000 progress=0.000 source=day_changed
[DCSystemScheduler][RT] ocean_skip#29 tick=43 reason=policy_gated slices=0 elapsed=0.000 progress=0.000 source=day_changed
[upwelling/DIAG#1] gate: prof=true pflag_attr=true pflag_val=true ext=true method=true wind_cpp=true idx=true -> cpp_gate=true
[upwelling/DIAG#1] cpp-call: ret_type=27 fallback=false reason='' elapsed_native_ms=0.019
[upwelling/DIAG#1] BREAKDOWN: T1_nb_pack=0.00ms T2_knobs=0.01ms T3_refresh_slots=0.14ms T4_cpp_call=0.03ms (n=2400)
[DCSystemScheduler][RT] ocean_skip#30 tick=45 reason=policy_gated slices=0 elapsed=0.000 progress=0.000 source=day_changed
[DCSystemScheduler][RT] ocean_skip#31 tick=46 reason=policy_gated slices=0 elapsed=0.000 progress=0.000 source=day_changed
[DCSystemScheduler][RT] ocean_skip#32 tick=47 reason=policy_gated slices=0 elapsed=0.000 progress=0.000 source=day_changed
[season_refresh] x2 slots: refresh=1 skip=0 (期望 refresh=1 skip=11 全 gdext 路径)
[DCSystemScheduler][RT] ocean_skip#33 tick=49 reason=policy_gated slices=0 elapsed=0.000 progress=0.000 source=day_changed
[DCSystemScheduler][RT] ocean_skip#34 tick=50 reason=policy_gated slices=0 elapsed=0.000 progress=0.000 source=day_changed
[DCSystemScheduler][RT] ocean_skip#35 tick=51 reason=policy_gated slices=0 elapsed=0.000 progress=0.000 source=day_changed
[DCSystemScheduler][RT] ocean_skip#36 tick=53 reason=policy_gated slices=0 elapsed=0.000 progress=0.000 source=day_changed
[DCSystemScheduler][RT] ocean_skip#37 tick=55 reason=policy_gated slices=0 elapsed=0.000 progress=0.000 source=day_changed
[DCSystemScheduler][RT] ocean_skip#38 tick=57 reason=policy_gated slices=0 elapsed=0.000 progress=0.000 source=day_changed
[DCSystemScheduler][RT] ocean_skip#39 tick=58 reason=policy_gated slices=0 elapsed=0.000 progress=0.000 source=day_changed
[DCSystemScheduler][RT] ocean_skip#40 tick=59 reason=policy_gated slices=0 elapsed=0.000 progress=0.000 source=day_changed
[DCSystemScheduler][RT] ocean_skip#41 tick=61 reason=policy_gated slices=0 elapsed=0.000 progress=0.000 source=day_changed
[DCSystemScheduler][RT] ocean_skip#42 tick=62 reason=policy_gated slices=0 elapsed=0.000 progress=0.000 source=day_changed
[DCSystemScheduler][RT] ocean_skip#43 tick=63 reason=policy_gated slices=0 elapsed=0.000 progress=0.000 source=day_changed
[DCSystemScheduler][RT] ocean_skip#44 tick=65 reason=policy_gated slices=0 elapsed=0.000 progress=0.000 source=day_changed
[DCSystemScheduler][RT] ocean_skip#45 tick=67 reason=policy_gated slices=0 elapsed=0.000 progress=0.000 source=day_changed
[DCSystemScheduler][RT] ocean_skip#46 tick=69 reason=policy_gated slices=0 elapsed=0.000 progress=0.000 source=day_changed
[weather-layer][lut] #13 update_usec=14309071 last_usec=14309071 lerp=1.000 prev_tex=true curr_tex=true dims=(2048, 2) visible=true
[DCSystemScheduler][RT] ocean_skip#47 tick=70 reason=policy_gated slices=0 elapsed=0.000 progress=0.000 source=day_changed
[DCSystemScheduler][RT] ocean_skip#48 tick=71 reason=policy_gated slices=0 elapsed=0.000 progress=0.000 source=day_changed
[DCSystemScheduler][RT] ocean_skip#49 tick=73 reason=policy_gated slices=0 elapsed=0.000 progress=0.000 source=day_changed
[DCSystemScheduler][RT] ocean_skip#50 tick=74 reason=policy_gated slices=0 elapsed=0.000 progress=0.000 source=day_changed
[DCSystemScheduler][RT] ocean_skip#51 tick=75 reason=policy_gated slices=0 elapsed=0.000 progress=0.000 source=day_changed
[phys_solve][RT] start#2 phase=0.8297 pending=nan solve_ocean=false ext=true idx=true soa=true
WARNING: [sim/graph-trigger] handoff blocked day=76 reason=trigger_effect_domain_adapter_required command_key= definition_key= action=13 opcode=1 â trigger effect queue cannot drain; trigger is retired for the rest of each pulse
   at: push_warning (core/variant/variant_utility.cpp:1034)
   GDScript backtrace (most recent call first):
       [0] _advance_runtime_graph_pulse (res://scripts/geography/map_generator.gd:3214)
       [1] _continue_economy_inflight (res://scripts/geography/map_generator.gd:3032)
       [2] _process (res://scripts/geography/world_clock.gd:202)
[DCSystemScheduler][RT] ocean_skip#52 tick=77 reason=policy_gated slices=0 elapsed=0.000 progress=0.000 source=day_changed
[season_refresh] b_plus_finish path=gdext native_ms=0.598 slices=1 stages_done=12
[DCSystemScheduler][RT] ocean_skip#53 tick=79 reason=policy_gated slices=0 elapsed=0.000 progress=0.000 source=day_changed
WARNING: [sim/graph-trigger] handoff blocked day=79 reason=trigger_effect_domain_adapter_required command_key=economy.social_pressure_notice definition_key= action=13 opcode=1 â trigger effect queue cannot drain; trigger is retired for the rest of each pulse
   at: push_warning (core/variant/variant_utility.cpp:1034)
   GDScript backtrace (most recent call first):
       [0] _advance_runtime_graph_pulse (res://scripts/geography/map_generator.gd:3214)
       [1] _continue_economy_inflight (res://scripts/geography/map_generator.gd:3032)
       [2] _process (res://scripts/geography/world_clock.gd:202)
[DCSystemScheduler][RT] ocean_skip#54 tick=81 reason=policy_gated slices=0 elapsed=0.000 progress=0.000 source=day_changed
[DCSystemScheduler][RT] ocean_skip#55 tick=82 reason=policy_gated slices=0 elapsed=0.000 progress=0.000 source=day_changed
[DCSystemScheduler][RT] ocean_skip#56 tick=83 reason=policy_gated slices=0 elapsed=0.000 progress=0.000 source=day_changed
[DCSystemScheduler][RT] ocean_skip#57 tick=85 reason=policy_gated slices=0 elapsed=0.000 progress=0.000 source=day_changed
[DCSystemScheduler][RT] ocean_skip#58 tick=86 reason=policy_gated slices=0 elapsed=0.000 progress=0.000 source=day_changed
[clock/step] delta=12.5ms speed=50x target=0.63d cap=0.49d/f cost=16.66ms ran=1 pulse=0.00ms loop=18.23ms full=18.56ms carry=0.09 barrier=
[clock/fat-day] loop=18.23ms largest=0.00ms job= stage= over_budget=false native_stage=
[DCSystemScheduler][RT] ocean_skip#59 tick=87 reason=policy_gated slices=0 elapsed=0.000 progress=0.000 source=day_changed
[DCSystemScheduler][RT] ocean_skip#60 tick=89 reason=policy_gated slices=0 elapsed=0.000 progress=0.000 source=day_changed
[DCSystemScheduler][RT] ocean_skip#61 tick=91 reason=policy_gated slices=0 elapsed=0.000 progress=0.000 source=day_changed
[DCSystemScheduler][RT] ocean_skip#62 tick=93 reason=policy_gated slices=0 elapsed=0.000 progress=0.000 source=day_changed
[DCSystemScheduler][RT] ocean_skip#63 tick=94 reason=policy_gated slices=0 elapsed=0.000 progress=0.000 source=day_changed
[DCSystemScheduler][RT] ocean_skip#64 tick=95 reason=policy_gated slices=0 elapsed=0.000 progress=0.000 source=day_changed
[psi_solver] path-decision call#2: prof=true pflag_attr=true pflag_val=true ext=true method=true idx=true heat=true -> cpp_gate=true
[psi_solver] commit-diag call#2: rc=0.369 n_water=1840 n_cells=2400 published=true
[season_refresh] b_plus_start path=gdext handle=1 season=1 n_cells=2400
[season_refresh] b_plus_finish path=gdext native_ms=0.649 slices=2 stages_done=12
[weather-layer][lut] #14 update_usec=14309071 last_usec=14309071 lerp=1.000 prev_tex=true curr_tex=true dims=(2048, 2) visible=true
[clock/step] delta=10.8ms speed=50x target=0.54d cap=0.54d/f cost=15.68ms ran=1 pulse=0.00ms loop=19.13ms full=19.54ms carry=0.19 barrier=
[clock/fat-day] loop=19.13ms largest=0.00ms job= stage= over_budget=false native_stage=
[perf-record] start (start_tick=142 mode=CORE detail_period=1)
[stage-c/client] recording mode=ACTIVE worker=ACTIVE seconds=30.00 output=D:/Godot/ProjectKeynes/Project.Keynes/artifacts/runtime/authority-stage-c/stage-c1-default-20260909/run-06-active
[phys_solve][RT] start#3 phase=1.6195 pending=nan solve_ocean=false ext=true idx=true soa=true
[season_refresh] b_plus_finish path=gdext native_ms=0.556 slices=1 stages_done=12
[psi_solver] path-decision call#3: prof=true pflag_attr=true pflag_val=true ext=true method=true idx=true heat=true -> cpp_gate=true
[psi_solver] commit-diag call#3: rc=0.429 n_water=1840 n_cells=2400 published=true
[clock/step] delta=16.7ms speed=50x target=0.83d cap=0.47d/f cost=16.94ms ran=0 pulse=2.80ms loop=0.00ms full=3.22ms carry=0.48 barrier=
[weather-layer][lut] #15 update_usec=14309071 last_usec=14309071 lerp=1.000 prev_tex=true curr_tex=true dims=(2048, 2) visible=true
[phys_solve][RT] start#4 phase=2.4067 pending=nan solve_ocean=false ext=true idx=true soa=true
[season_refresh] b_plus_start path=gdext handle=1 season=2 n_cells=2400
[season_refresh] b_plus_finish path=gdext native_ms=0.563 slices=1 stages_done=12
[clock/step] delta=12.1ms speed=50x target=0.61d cap=0.57d/f cost=14.21ms ran=1 pulse=0.00ms loop=14.91ms full=15.19ms carry=0.16 barrier=
[clock/fat-day] loop=14.91ms largest=0.00ms job= stage= over_budget=false native_stage=
[weather-layer][lut] #16 update_usec=14309071 last_usec=14309071 lerp=1.000 prev_tex=true curr_tex=true dims=(2048, 2) visible=true
[season_refresh] b_plus_start path=gdext handle=1 season=3 n_cells=2400
[season_refresh] b_plus_finish path=gdext native_ms=0.510 slices=1 stages_done=12
[clock/step] delta=14.3ms speed=50x target=0.71d cap=0.49d/f cost=16.25ms ran=0 pulse=0.00ms loop=0.00ms full=0.34ms carry=0.62 barrier=
[phys_solve][RT] start#5 phase=3.1971 pending=nan solve_ocean=false ext=true idx=true soa=true
[season_refresh] b_plus_finish path=gdext native_ms=0.577 slices=1 stages_done=12
[weather-layer][lut] #17 update_usec=14309071 last_usec=14309071 lerp=1.000 prev_tex=true curr_tex=true dims=(2048, 2) visible=true
[clock/step] delta=11.1ms speed=50x target=0.56d cap=0.51d/f cost=15.82ms ran=1 pulse=0.00ms loop=16.64ms full=16.91ms carry=0.15 barrier=
[clock/fat-day] loop=16.64ms largest=0.00ms job= stage= over_budget=false native_stage=
[phys_solve][RT] start#6 phase=3.9890 pending=nan solve_ocean=false ext=true idx=true soa=true
[weather-layer][lut] #18 update_usec=14309071 last_usec=14309071 lerp=1.000 prev_tex=true curr_tex=true dims=(2048, 2) visible=true
[natural_resource/slow-dump] tick=370 day=370 wall=3.44 cpp=0.196 compute=0.171 loop=0.037 flush=0.035 wrapper=2.974 layout=cell_indices dispatches=0 resources=14/31 skipped_static=17 published=true total_delta=-5387378.36778
[season_refresh] b_plus_finish path=gdext native_ms=0.583 slices=1 stages_done=12
[clock/step] delta=11.9ms speed=50x target=0.60d cap=0.44d/f cost=18.08ms ran=0 pulse=0.00ms loop=0.00ms full=0.39ms carry=0.90 barrier=
[season_refresh] b_plus_finish path=gdext native_ms=0.591 slices=1 stages_done=12
[weather-layer][lut] #19 update_usec=14309071 last_usec=14309071 lerp=1.000 prev_tex=true curr_tex=true dims=(2048, 2) visible=true
[natural_resource/slow-dump] tick=430 day=430 wall=2.33 cpp=0.179 compute=0.157 loop=0.039 flush=0.035 wrapper=1.968 layout=cell_indices dispatches=0 resources=14/31 skipped_static=17 published=true total_delta=-5545672.15744
[phys_solve][RT] start#7 phase=0.7779 pending=nan solve_ocean=false ext=true idx=true soa=true
[clock/step] delta=13.0ms speed=50x target=0.65d cap=0.45d/f cost=16.74ms ran=1 pulse=0.00ms loop=12.52ms full=12.86ms carry=0.31 barrier=native_daily_day_barrier
[clock/fat-day] loop=12.52ms largest=0.00ms job= stage= over_budget=false native_stage=pending
[season_refresh] b_plus_finish path=gdext native_ms=0.424 slices=1 stages_done=12
[weather-layer][lut] #20 update_usec=14309071 last_usec=14309071 lerp=1.000 prev_tex=true curr_tex=true dims=(2048, 2) visible=true
[clock/step] delta=16.7ms speed=50x target=0.83d cap=0.52d/f cost=15.41ms ran=0 pulse=8.09ms loop=0.00ms full=8.57ms carry=0.03 barrier=economy_day_barrier
[phys_solve][RT] start#8 phase=1.5661 pending=nan solve_ocean=false ext=true idx=true soa=true
[season_refresh] b_plus_finish path=gdext native_ms=0.704 slices=2 stages_done=12
[sim/barrier] day=523 pulse=2 economy_inflight=false hard_ack=effect extra=
[clock/step] delta=13.5ms speed=50x target=0.68d cap=0.45d/f cost=17.68ms ran=0 pulse=0.00ms loop=0.00ms full=0.29ms carry=0.76 barrier=
[weather-layer][lut] #21 update_usec=14309071 last_usec=14309071 lerp=1.000 prev_tex=true curr_tex=true dims=(2048, 2) visible=true
[sim/barrier] day=565 pulse=3 economy_inflight=false hard_ack=effect extra=
[season_refresh] b_plus_finish path=gdext native_ms=0.595 slices=1 stages_done=12
[clock/step] delta=12.0ms speed=50x target=0.60d cap=0.47d/f cost=17.08ms ran=0 pulse=0.00ms loop=0.00ms full=0.37ms carry=0.57 barrier=
[phys_solve][RT] start#9 phase=2.3515 pending=nan solve_ocean=false ext=true idx=true soa=true
[weather-layer][lut] #22 update_usec=14309071 last_usec=14309071 lerp=1.000 prev_tex=true curr_tex=true dims=(2048, 2) visible=true
[natural_resource/slow-dump] tick=605 day=605 wall=3.23 cpp=0.190 compute=0.161 loop=0.032 flush=0.038 wrapper=2.779 layout=cell_indices dispatches=0 resources=14/31 skipped_static=17 published=true total_delta=692981.72619
[season_refresh] b_plus_finish path=gdext native_ms=0.536 slices=1 stages_done=12
[clock/step] delta=10.1ms speed=50x target=0.50d cap=0.46d/f cost=17.32ms ran=0 pulse=0.00ms loop=0.00ms full=0.34ms carry=0.56 barrier=
[sim/barrier] day=631 pulse=4 economy_inflight=false hard_ack=effect extra=
[phys_solve][RT] start#10 phase=3.1400 pending=nan solve_ocean=false ext=true idx=true soa=true
[weather-layer][lut] #23 update_usec=14309071 last_usec=14309071 lerp=1.000 prev_tex=true curr_tex=true dims=(2048, 2) visible=true
[natural_resource/slow-dump] tick=665 day=665 wall=2.09 cpp=0.159 compute=0.138 loop=0.030 flush=0.028 wrapper=1.753 layout=cell_indices dispatches=0 resources=14/31 skipped_static=17 published=true total_delta=874066.67183
[clock/step] delta=8.3ms speed=50x target=0.42d cap=0.48d/f cost=16.70ms ran=0 pulse=0.00ms loop=0.00ms full=0.42ms carry=0.98 barrier=
[season_refresh] b_plus_finish path=gdext native_ms=0.611 slices=1 stages_done=12
[clock/step] delta=12.1ms speed=50x target=0.61d cap=0.51d/f cost=14.51ms ran=1 pulse=0.00ms loop=9.95ms full=10.29ms carry=0.38 barrier=native_daily_day_barrier
[clock/fat-day] loop=9.95ms largest=0.00ms job= stage= over_budget=false native_stage=pending
[weather-layer][lut] #24 update_usec=14309071 last_usec=14309071 lerp=1.000 prev_tex=true curr_tex=true dims=(2048, 2) visible=true
[phys_solve][RT] start#11 phase=3.9339 pending=nan solve_ocean=false ext=true idx=true soa=true
[natural_resource/slow-dump] tick=725 day=725 wall=2.42 cpp=0.152 compute=0.131 loop=0.029 flush=0.026 wrapper=2.041 layout=cell_indices dispatches=0 resources=14/31 skipped_static=17 published=true total_delta=623418.38247
[clock/step] delta=14.4ms speed=50x target=0.72d cap=0.51d/f cost=15.73ms ran=0 pulse=8.19ms loop=0.00ms full=8.54ms carry=0.37 barrier=
[weather-layer][lut] #25 update_usec=14309071 last_usec=14309071 lerp=1.000 prev_tex=true curr_tex=true dims=(2048, 2) visible=true
[season_refresh] b_plus_finish path=gdext native_ms=0.693 slices=2 stages_done=12
[natural_resource/slow-dump] tick=785 day=785 wall=2.02 cpp=0.154 compute=0.132 loop=0.029 flush=0.025 wrapper=1.685 layout=cell_indices dispatches=0 resources=14/31 skipped_static=17 published=true total_delta=468324.20954
[clock/step] delta=11.1ms speed=50x target=0.56d cap=0.53d/f cost=16.25ms ran=1 pulse=0.00ms loop=20.73ms full=21.14ms carry=0.19 barrier=
[clock/fat-day] loop=20.73ms largest=0.00ms job= stage= over_budget=false native_stage=
[phys_solve][RT] start#12 phase=0.7209 pending=nan solve_ocean=false ext=true idx=true soa=true
[weather-layer][lut] #26 update_usec=14309071 last_usec=14309071 lerp=1.000 prev_tex=true curr_tex=true dims=(2048, 2) visible=true
[season_refresh] b_plus_finish path=gdext native_ms=0.524 slices=1 stages_done=12
[clock/step] delta=9.1ms speed=50x target=0.45d cap=0.53d/f cost=13.90ms ran=1 pulse=0.00ms loop=9.39ms full=9.68ms carry=0.13 barrier=native_daily_day_barrier
[clock/fat-day] loop=9.39ms largest=0.00ms job= stage= over_budget=false native_stage=pending
[natural_resource/slow-dump] tick=845 day=845 wall=2.47 cpp=0.205 compute=0.179 loop=0.032 flush=0.041 wrapper=2.019 layout=cell_indices dispatches=0 resources=14/31 skipped_static=17 published=true total_delta=715236.51219
[season_refresh] b_plus_finish path=gdext native_ms=0.588 slices=1 stages_done=12
[phys_solve][RT] start#13 phase=1.5078 pending=nan solve_ocean=false ext=true idx=true soa=true
[weather-layer][lut] #27 update_usec=14309071 last_usec=14309071 lerp=1.000 prev_tex=true curr_tex=true dims=(2048, 2) visible=true
[clock/step] delta=12.5ms speed=50x target=0.63d cap=0.48d/f cost=16.53ms ran=0 pulse=2.70ms loop=0.00ms full=3.17ms carry=0.74 barrier=
[natural_resource/slow-dump] tick=905 day=905 wall=3.70 cpp=0.191 compute=0.163 loop=0.032 flush=0.036 wrapper=3.223 layout=cell_indices dispatches=0 resources=14/31 skipped_static=17 published=true total_delta=580322.13424
[season_refresh] b_plus_finish path=gdext native_ms=0.374 slices=1 stages_done=12
[clock/step] delta=8.3ms speed=50x target=0.42d cap=0.50d/f cost=16.09ms ran=0 pulse=0.00ms loop=0.00ms full=0.25ms carry=0.79 barrier=
[weather-layer][lut] #28 update_usec=14309071 last_usec=14309071 lerp=1.000 prev_tex=true curr_tex=true dims=(2048, 2) visible=true
[phys_solve][RT] start#14 phase=2.2981 pending=nan solve_ocean=false ext=true idx=true soa=true
WARNING: [sim/graph-trigger] handoff blocked day=945 reason=trigger_effect_shape_invalid command_key= definition_key= action=10 opcode=14 â trigger effect queue cannot drain; trigger is retired for the rest of each pulse
   at: push_warning (core/variant/variant_utility.cpp:1034)
   GDScript backtrace (most recent call first):
       [0] _advance_runtime_graph_pulse (res://scripts/geography/map_generator.gd:3214)
       [1] _continue_economy_inflight (res://scripts/geography/map_generator.gd:3032)
       [2] _process (res://scripts/geography/world_clock.gd:202)
[season_refresh] b_plus_finish path=gdext native_ms=0.467 slices=1 stages_done=12
[natural_resource/slow-dump] tick=965 day=965 wall=2.98 cpp=0.175 compute=0.148 loop=0.031 flush=0.029 wrapper=2.596 layout=cell_indices dispatches=0 resources=14/31 skipped_static=17 published=true total_delta=507976.04222
[clock/step] delta=13.3ms speed=50x target=0.66d cap=0.52d/f cost=15.27ms ran=0 pulse=8.72ms loop=0.00ms full=9.12ms carry=0.38 barrier=economy_day_barrier
[weather-layer][lut] #29 update_usec=14309071 last_usec=14309071 lerp=1.000 prev_tex=true curr_tex=true dims=(2048, 2) visible=true
[perf-record] exported rows=849 cols=234 → D:/Godot/ProjectKeynes/Project.Keynes/artifacts/runtime/authority-stage-c/stage-c1-default-20260909/run-06-active/perf.csv
[stage-c/client] complete mode=ACTIVE frames=2324 fast_ticks=849 perf=D:/Godot/ProjectKeynes/Project.Keynes/artifacts/runtime/authority-stage-c/stage-c1-default-20260909/run-06-active/perf.csv
ERROR: 44 RID allocations of type 'N10RendererRD14TextureStorage7TextureE' were leaked at exit.
WARNING: 73 RIDs of type "Texture" were leaked.
   at: finalize (servers/rendering/rendering_device.cpp:7505)
ERROR: 16 RID allocations of type 'PN18TextServerAdvanced22ShapedTextDataAdvancedE' were leaked at exit.
ERROR: 1 RID allocations of type 'PN18TextServerAdvanced12FontAdvancedE' were leaked at exit.
WARNING: ObjectDB instances leaked at exit (run with --verbose for details).
   at: cleanup (core/object/object.cpp:2641)
ERROR: 986 resources still in use at exit (run with --verbose for details).
   at: clear (core/io/resource.cpp:810)
