Godot Engine v4.6.2.stable.official.71f334935 - https://godotengine.org

[ui-layout-diag/bind_ui] is_web=false viewport_visible_rect=[P: (0.0, 0.0), S: (51.2, 51.2)] window_size=(64, 64) content_scale_factor=1.250 content_scale_mode=0 device_pixel_ratio=-1.000 top_bar_rect=[P: (0.0, 0.0), S: (543.0, 56.0)] right_panel_rect=[P: (-408.8, 68.0), S: (460.0, 366.0)] country_action_bar_rect=[P: (8.0, -30.8), S: (336.0, 74.0)]
[stage-c] authority=ACTIVE worker=ACTIVE
[building-visual] queue_probe ticks=1 queued=0 chunk=-1 camera_rect=[P: (-25.6, -25.6), S: (51.2, 51.2)] prefetch=false zoom=1.000
[building-visual] queue_probe ticks=2 queued=0 chunk=-1 camera_rect=[P: (-25.6, -25.6), S: (51.2, 51.2)] prefetch=false zoom=1.000
[native_generation/base] path=gdext algorithm=post_base_priority_flood_hydrology_v3 n=2400 native_ms=6.886 water=1553 land=847
[native_generation/post_base] path=gdext algorithm=post_base_priority_flood_hydrology_v3 n=2400 native_ms=1.479 lakes=4 rivers=105 volcanoes=0
[native_generation/vegetation] native_ms=0.523 candidates=841 none=1169 score=[0.000,1.236,1.114] plant_water_land=856 river_adjacent_desert=0 coastal_highland_desert=0 terrain_weight=[0.180,1.200]
[native_generation/qa] single_water=0 tiny<=3=0 small<=5=0 bodies=1 largest=1544 | land_below_sea=0.7% | terr_distinct=21 entropy=3.183bit | river_ratio=4.375%
MapGenerator v7: per-cell 71ms (2400 cells, path=gdext)
[building-visual] queue_probe ticks=3 queued=0 chunk=-1 camera_rect=[P: (-25.6, -25.6), S: (51.2, 51.2)] prefetch=false zoom=1.000
MapBaker v6: hm=(1024, 606) seed=1735228708
    [fused] terrain=72.8ms erosion=2.4ms(ok=true) river=12.9ms(ok=true) latitude=0.1ms coast_sdf=4.7ms(ok=true)
  geometry fields (fused C++): 152ms
  physical circulation hex solve: deferred until DCWorldExt bind (ext=true idx=true soa=false)
  wind/ocean pixel buffers: skipped (ocean_current_visual off)
  visual tiles: {"degradation_reason":"","effective_budget_px":1717248,"effective_texels_per_hex":16.0059221751742,"effective_world_units_per_texel":"(1.373983, 1.375)","estimated_peak_bytes":68402880,"estimated_resident_bytes":40340160,"fallback_reason":"","generation_id":1,"grid_size":"(4, 3)","gutter_px":2,"hex_size":22.0,"horizon_path":"neutral_pending","interior_size":"(416, 344)","layer_size":"(420, 348)","layers":[{"bake_ms":57.0864,"coast_sdf_max_dist_px":13.6162309214075,"distance_scale":1.70202886517594,"edge_distance_saturate_hex":0.9,"edge_distance_units":"normalized_hex_center_gap","hashes":{"edge_distance":-4603098080143260562,"edge_neighbor":4057764273350575789,"height":-9124830669634210576,"map_index":1015450256520461008,"terrain_detail":1415298026641868910,"terrain_normal":4240255112308713771,"water_depth":2330624858830770480},"layer":0,"normal_radius_px":"(22, 22)","raster_scale":"(1.701088, 1.70297)","river_sdf_max_dist_px":5.9571010281158,"shore_carve_band_px":10,"upload_ms":0.061,"wall_ms":57.439},{"bake_ms":62.3379,"coast_sdf_max_dist_px":13.6162309214075,"distance_scale":1.70202886517594,"edge_distance_saturate_hex":0.9,"edge_distance_units":"normalized_hex_center_gap","hashes":{"edge_distance":4583573183968817086,"edge_neighbor":6466940111421570636,"height":5790856781181676511,"map_index":5990047724644026299,"terrain_detail":1806575389526097655,"terrain_normal":3908465376956190299,"water_depth":2547432928052609473},"layer":1,"normal_radius_px":"(22, 22)","raster_scale":"(1.701088, 1.70297)","river_sdf_max_dist_px":5.9571010281158,"shore_carve_band_px":10,"upload_ms":0.065,"wall_ms":62.501},{"bake_ms":65.3334,"coast_sdf_max_dist_px":13.6162309214075,"distance_scale":1.70202886517594,"edge_distance_saturate_hex":0.9,"edge_distance_units":"normalized_hex_center_gap","hashes":{"edge_distance":-2526323355750389439,"edge_neighbor":7015029410290978361,"height":-8150332218754556700,"map_index":329090656303652193,"terrain_detail":-392433696576850044,"terrain_normal":-4965863177888236808,"water_depth":-7217348512352819415},"layer":2,"normal_radius_px":"(22, 22)","raster_scale":"(1.701088, 1.70297)","river_sdf_max_dist_px":5.9571010281158,"shore_carve_band_px":10,"upload_ms":0.061,"wall_ms":65.49},{"bake_ms":101.3516,"coast_sdf_max_dist_px":13.6162309214075,"distance_scale":1.70202886517594,"edge_distance_saturate_hex":0.9,"edge_distance_units":"normalized_hex_center_gap","hashes":{"edge_distance":-4179826732684646787,"edge_neighbor":-5337848294581530626,"height":-7426228563537643593,"map_index":1239439826928151201,"terrain_detail":-8513326582372265254,"terrain_normal":8092780547537771097,"water_depth":-6092640318278072007},"layer":3,"normal_radius_px":"(22, 22)","raster_scale":"(1.701088, 1.70297)","river_sdf_max_dist_px":5.9571010281158,"shore_carve_band_px":10,"upload_ms":0.065,"wall_ms":101.513},{"bake_ms":58.9717,"coast_sdf_max_dist_px":13.6162309214075,"distance_scale":1.70202886517594,"edge_distance_saturate_hex":0.9,"edge_distance_units":"normalized_hex_center_gap","hashes":{"edge_distance":2136869506241081992,"edge_neighbor":-8797880867138963685,"height":-4924567352001132959,"map_index":-4231209514887179977,"terrain_detail":8772909128008927660,"terrain_normal":-6784207502925496102,"water_depth":-7492134226470272506},"layer":4,"normal_radius_px":"(22, 22)","raster_scale":"(1.701088, 1.70297)","river_sdf_max_dist_px":5.9571010281158,"shore_carve_band_px":10,"upload_ms":0.119,"wall_ms":59.272},{"bake_ms":95.6642,"coast_sdf_max_dist_px":13.6162309214075,"distance_scale":1.70202886517594,"edge_distance_saturate_hex":0.9,"edge_distance_units":"normalized_hex_center_gap","hashes":{"edge_distance":6673149775916606392,"edge_neighbor":-8413630352766524385,"height":-6889378239635599087,"map_index":-3551392040916973266,"terrain_detail":1687709548716503895,"terrain_normal":3946453442722986154,"water_depth":6600269933117438995},"layer":5,"normal_radius_px":"(22, 22)","raster_scale":"(1.701088, 1.70297)","river_sdf_max_dist_px":5.9571010281158,"shore_carve_band_px":10,"upload_ms":0.06,"wall_ms":95.828},{"bake_ms":75.9493,"coast_sdf_max_dist_px":13.6162309214075,"distance_scale":1.70202886517594,"edge_distance_saturate_hex":0.9,"edge_distance_units":"normalized_hex_center_gap","hashes":{"edge_distance":361706081270387103,"edge_neighbor":-8688139845739281855,"height":699499231114171702,"map_index":-2682228531129457940,"terrain_detail":-8811551234231146331,"terrain_normal":-265631937775218288,"water_depth":6856409090380917935},"layer":6,"normal_radius_px":"(22, 22)","raster_scale":"(1.701088, 1.70297)","river_sdf_max_dist_px":5.9571010281158,"shore_carve_band_px":10,"upload_ms":0.074,"wall_ms":76.132},{"bake_ms":70.0278,"coast_sdf_max_dist_px":13.6162309214075,"distance_scale":1.70202886517594,"edge_distance_saturate_hex":0.9,"edge_distance_units":"normalized_hex_center_gap","hashes":{"edge_distance":-6250500223095183093,"edge_neighbor":5418444607076768559,"height":1419229568066409352,"map_index":4380956599171502337,"terrain_detail":-894743883384344824,"terrain_normal":4459428523621274975,"water_depth":-6366031586637808975},"layer":7,"normal_radius_px":"(22, 22)","raster_scale":"(1.701088, 1.70297)","river_sdf_max_dist_px":5.9571010281158,"shore_carve_band_px":10,"upload_ms":0.078,"wall_ms":70.237},{"bake_ms":71.9403,"coast_sdf_max_dist_px":13.6162309214075,"distance_scale":1.70202886517594,"edge_distance_saturate_hex":0.9,"edge_distance_units":"normalized_hex_center_gap","hashes":{"edge_distance":8492285698888321900,"edge_neighbor":3199635046979891388,"height":4828838600007938123,"map_index":-7514139010467297966,"terrain_detail":-8950604297692130837,"terrain_normal":-3593785506946687824,"water_depth":5761060537573716235},"layer":8,"normal_radius_px":"(22, 22)","raster_scale":"(1.701088, 1.70297)","river_sdf_max_dist_px":5.9571010281158,"shore_carve_band_px":10,"upload_ms":0.079,"wall_ms":72.153},{"bake_ms":97.9739,"coast_sdf_max_dist_px":13.6162309214075,"distance_scale":1.70202886517594,"edge_distance_saturate_hex":0.9,"edge_distance_units":"normalized_hex_center_gap","hashes":{"edge_distance":9117926548072241235,"edge_neighbor":-7557104988675294500,"height":618468365387938347,"map_index":-5885543932102826664,"terrain_detail":3877245088374033799,"terrain_normal":-6778421208245397131,"water_depth":2200779154463963187},"layer":9,"normal_radius_px":"(22, 22)","raster_scale":"(1.701088, 1.70297)","river_sdf_max_dist_px":5.9571010281158,"shore_carve_band_px":10,"upload_ms":0.107,"wall_ms":98.247},{"bake_ms":47.287,"coast_sdf_max_dist_px":13.6162309214075,"distance_scale":1.70202886517594,"edge_distance_saturate_hex":0.9,"edge_distance_units":"normalized_hex_center_gap","hashes":{"edge_distance":-3745585455065177449,"edge_neighbor":2404961067888014635,"height":-3115442796632843800,"map_index":-6211809985430628861,"terrain_detail":1161812488860344551,"terrain_normal":6456972146840247766,"water_depth":1987210436922770546},"layer":10,"normal_radius_px":"(22, 22)","raster_scale":"(1.701088, 1.70297)","river_sdf_max_dist_px":5.9571010281158,"shore_carve_band_px":10,"upload_ms":0.077,"wall_ms":47.492},{"bake_ms":45.5113,"coast_sdf_max_dist_px":13.6162309214075,"distance_scale":1.70202886517594,"edge_distance_saturate_hex":0.9,"edge_distance_units":"normalized_hex_center_gap","hashes":{"edge_distance":-1470570636688572573,"edge_neighbor":-6057560351645416949,"height":-5827593206795043862,"map_index":-2248414732901839783,"terrain_detail":7630543887994105174,"terrain_normal":8582387156502791927,"water_depth":-6103088449435849452},"layer":11,"normal_radius_px":"(22, 22)","raster_scale":"(1.701088, 1.70297)","river_sdf_max_dist_px":5.9571010281158,"shore_carve_band_px":10,"upload_ms":0.066,"wall_ms":45.685}],"logical_size":"(1664, 1032)","mode":"tiled","path":"visual_tiled_static","profile":"desktop_high","renderer":"mobile","requested_budget_px":1716216,"requested_texels_per_hex":16.0,"requested_tile_world_span":"(704.0, 704.0)","requested_world_units_per_texel":1.375,"tile_world_area":270355.817993164,"tile_world_span":"(571.5768, 473.0)","total_ms":856.094,"visual_domain":"[P: (0.0, -44.0), S: (2286.307, 1419.0)]","wrap_period_x":2286.30706599092,"wrap_x":true}
WARNING: Loaded resource as image file, this will not work on export: 'res://assets/textures/terrain_materials/organic.png'. Instead, import the image file as an Image resource and load it normally as a resource.
   at: load (core/io/image.cpp:2756)
   GDScript backtrace (most recent call first):
       [0] _build_terrain_material_tex (res://scripts/rendering/map_baker.gd:360)
       [1] get_or_build_shared_terrain_material_tex (res://scripts/rendering/map_baker.gd:343)
       [2] bake_world (res://scripts/rendering/map_baker.gd:1187)
       [3] _yield_generation_frame (res://scripts/rendering/map_baker.gd:1225)
WARNING: Loaded resource as image file, this will not work on export: 'res://assets/textures/terrain_materials/dry_sand.png'. Instead, import the image file as an Image resource and load it normally as a resource.
   at: load (core/io/image.cpp:2756)
   GDScript backtrace (most recent call first):
       [0] _build_terrain_material_tex (res://scripts/rendering/map_baker.gd:360)
       [1] get_or_build_shared_terrain_material_tex (res://scripts/rendering/map_baker.gd:343)
       [2] bake_world (res://scripts/rendering/map_baker.gd:1187)
       [3] _yield_generation_frame (res://scripts/rendering/map_baker.gd:1225)
WARNING: Loaded resource as image file, this will not work on export: 'res://assets/textures/terrain_materials/rock.png'. Instead, import the image file as an Image resource and load it normally as a resource.
   at: load (core/io/image.cpp:2756)
   GDScript backtrace (most recent call first):
       [0] _build_terrain_material_tex (res://scripts/rendering/map_baker.gd:360)
       [1] get_or_build_shared_terrain_material_tex (res://scripts/rendering/map_baker.gd:343)
       [2] bake_world (res://scripts/rendering/map_baker.gd:1187)
       [3] _yield_generation_frame (res://scripts/rendering/map_baker.gd:1225)
WARNING: Loaded resource as image file, this will not work on export: 'res://assets/textures/terrain_materials/snow_wet.png'. Instead, import the image file as an Image resource and load it normally as a resource.
   at: load (core/io/image.cpp:2756)
   GDScript backtrace (most recent call first):
       [0] _build_terrain_material_tex (res://scripts/rendering/map_baker.gd:360)
       [1] get_or_build_shared_terrain_material_tex (res://scripts/rendering/map_baker.gd:343)
       [2] bake_world (res://scripts/rendering/map_baker.gd:1187)
       [3] _yield_generation_frame (res://scripts/rendering/map_baker.gd:1225)
  cell LUT encode: deferred until DCWorldExt bind
  encode: 3194ms
MapBaker v6: total 3354ms
MapGenerator v7: bake 3381ms
MapGenerator: skip _compute_ocean_currents (physical-hex path writes per-cell directly)
MapGenerator: skip _compute_terrain_perturbed_wind (physical-hex solver writes per-cell)
[SUS] sim budget strict=false frame=8.00ms warn=2.00ms slice=0.75ms upload=1.50ms scheduler=DCSystemScheduler native_sus=auto
[DCWorldExt] bind_map_data: 148 components bound (auto-registered=148; snapshot model; see world_ext.cpp comment & charter Â§11)
[DataCore] _data_core_world_ext bound=true (climate co-processor; class=DCWorldExt)
[native_world] configure rc=0 reason=configured cells=2400 wrap_period_x=103.923
[native_generation] path=gdext n=2400 published=9 native_ms=0.103 compute_ms=0.056 flush_ms=0.047
[hex_cell] facade ENABLED (2400 cells bound; ext=true)
[DataCore] _baker climate_profile injected=true (fixes WorldData.config==null sea_ice prepare path)
[phys_solve][oneshot] OK slp=0.81ms wind=0.45ms psi=0.31ms(ran=true) upwelling=0.06ms total=2.05ms
PhysicalCirculation solve@phase=1.50 total=3ms (C++ one-shot run_physical_solve_pass)
  wind/ocean pixel buffers: skipped (ocean_current_visual off)
[physical_init] deferred native refresh complete: 3ms
[cell_lut] deferred encode: 1ms path=gdext
[bio-occupancy] seed landmasses=10 provinces=10 species=20 secondary_hearths=22
[bio-occupancy]   bio.maize envelope=56 hearth=17 seeded_landmasses=1 primary_landmass=8 primary_envelope=31 occupied=17 occupied/envelope=0.55
[bio-occupancy]   bio.wheat envelope=225 hearth=58 seeded_landmasses=3 primary_landmass=1 primary_envelope=21 occupied=58 occupied/envelope=2.76
[bio-occupancy]   bio.rice envelope=71 hearth=19 seeded_landmasses=4 primary_landmass=2 primary_envelope=23 occupied=19 occupied/envelope=0.83
[bio-occupancy]   bio.potato envelope=163 hearth=55 seeded_landmasses=3 primary_landmass=8 primary_envelope=86 occupied=55 occupied/envelope=0.64
[bio-occupancy]   bio.horse envelope=242 hearth=48 seeded_landmasses=4 primary_landmass=2 primary_envelope=70 occupied=48 occupied/envelope=0.69
[bio-occupancy]   bio.cotton envelope=119 hearth=12 seeded_landmasses=1 primary_landmass=7 primary_envelope=22 occupied=12 occupied/envelope=0.55
[bio-occupancy]   bio.flax envelope=212 hearth=17 seeded_landmasses=2 primary_landmass=1 primary_envelope=21 occupied=17 occupied/envelope=0.81
[bio-occupancy]   bio.spice envelope=100 hearth=8 seeded_landmasses=2 primary_landmass=2 primary_envelope=26 occupied=8 occupied/envelope=0.31
[bio-occupancy]   bio.rubber envelope=56 hearth=7 seeded_landmasses=1 primary_landmass=7 primary_envelope=15 occupied=7 occupied/envelope=0.47
[bio-occupancy]   bio.sheep envelope=34 hearth=8 seeded_landmasses=1 primary_landmass=8 primary_envelope=17 occupied=8 occupied/envelope=0.47
[bio-occupancy]   bio.goat envelope=405 hearth=98 seeded_landmasses=4 primary_landmass=8 primary_envelope=187 occupied=98 occupied/envelope=0.52
[bio-occupancy]   bio.cattle envelope=13 hearth=5 seeded_landmasses=1 primary_landmass=8 primary_envelope=11 occupied=5 occupied/envelope=0.45
[bio-occupancy]   bio.pig envelope=287 hearth=89 seeded_landmasses=5 primary_landmass=8 primary_envelope=129 occupied=89 occupied/envelope=0.69
[bio-occupancy]   bio.camel envelope=45 hearth=6 seeded_landmasses=1 primary_landmass=6 primary_envelope=13 occupied=6 occupied/envelope=0.46
[bio-occupancy]   bio.yak envelope=192 hearth=68 seeded_landmasses=3 primary_landmass=2 primary_envelope=83 occupied=68 occupied/envelope=0.82
[bio-occupancy]   bio.silkworm envelope=144 hearth=23 seeded_landmasses=1 primary_landmass=8 primary_envelope=57 occupied=23 occupied/envelope=0.40
[bio-occupancy]   bio.reed envelope=148 hearth=31 seeded_landmasses=4 primary_landmass=8 primary_envelope=60 occupied=31 occupied/envelope=0.52
[bio-occupancy]   bio.bast_fiber envelope=279 hearth=65 seeded_landmasses=1 primary_landmass=8 primary_envelope=136 occupied=65 occupied/envelope=0.48
[bio-occupancy]   bio.dye_plant envelope=122 hearth=38 seeded_landmasses=2 primary_landmass=8 primary_envelope=53 occupied=38 occupied/envelope=0.72
[bio-occupancy]   bio.medicinal_herb envelope=371 hearth=151 seeded_landmasses=5 primary_landmass=8 primary_envelope=168 occupied=151 occupied/envelope=0.90
[bio-occupancy]   landmass 1 classes=cold_grazer, fiber_forest, dry_grazer, highland_food, open_food, open_grazer, fiber_open, forest_grazer foods=potato, wheat
[bio-occupancy]   landmass 2 classes=cold_grazer, fiber_forest, dry_grazer, open_grazer, fiber_wet, forest_grazer, open_food, highland_food, fiber_open, wetland_food, tropical foods=wheat, potato, rice
[bio-occupancy]   landmass 3 classes=none foods=none
[bio-occupancy]   landmass 4 classes=none foods=none
[bio-occupancy]   landmass 5 classes=none foods=none
[bio-occupancy]   landmass 6 classes=wetland_food, forest_grazer, fiber_wet, fiber_forest, open_grazer, dry_grazer, fiber_open, tropical foods=rice
[bio-occupancy]   landmass 7 classes=fiber_open, tropical, dry_grazer, open_food, open_grazer, fiber_forest, wetland_food, forest_grazer, fiber_wet foods=wheat, rice
[bio-occupancy]   landmass 8 classes=tropical, fiber_open, forest_grazer, dry_grazer, open_food, fiber_forest, wetland_food, open_grazer, highland_food, fiber_wet, cold_grazer foods=maize, rice, potato
[bio-occupancy]   landmass 9 classes=none foods=none
[bio-occupancy]   landmass 10 classes=none foods=none
[weather] gdext acceleration ON (class=DCWorldExt)
[weather] gdext field commit ON
[weather] gdext distribute ON
[weather] gdext summary ON
[weather] hexcell facade ON (skip AoS double-write in hot loop)
[weather] gdext resident knobs ON (class=KnobsHandle)
[economy] ACTIVE native graph cells=2400 goods=134 cohorts=24 epoch_days=1 trade=ACTIVE topology_ready=true topology_generation=1 bootstrap=starter_settlement_bootstrap_v9 founder_families=6 founder_people=6
[country] ACTIVE native authority countries=6 cells=2400 generation=1
[weather/knobs] resident KnobsHandle path ACTIVE — first to_*_knobs_dict hit (field_rebuild_count=1 expected ≤1; stable Hz target ≤1 Hz)
[native_daily] ACTIVE: registered native_daily_sim + natural_resource_daily + bio_occupancy_daily; retained season_refresh + ocean_currents boundary jobs
[DCSystemScheduler] topology: ["season_refresh", "trigger_runtime", "ideology_runtime", "effect_runtime", "modifier_daily", "gameplay_effect", "natural_resource_daily", "bio_occupancy_daily", "enum_atlas_upload", "ocean_currents", "native_daily_sim", "dynamic_visual_atlas_upload", "country_daily", "economy_daily"]
WARNING: [runtime-climate-round] no ClimateDailySystem; SHADOW capture carries no shared pass input
   at: push_warning (core/variant/variant_utility.cpp:1034)
   GDScript backtrace (most recent call first):
       [0] _build_runtime_climate_round_input (res://scripts/geography/map_generator.gd:4651)
       [1] capture_runtime_inputs_for_worker (res://scripts/geography/map_generator.gd:2351)
       [2] generate_world (res://scripts/game/world_runtime_host.gd:609)
       [3] generate (res://scripts/geography/map_generator.gd:1606)
       [4] _yield_generation_frame (res://scripts/geography/map_generator.gd:19867)
WARNING: [runtime-worker] Ideology opinion publish deferred: ideology_opinion_snapshot_invalid
   at: push_warning (core/variant/variant_utility.cpp:1034)
   GDScript backtrace (most recent call first):
       [0] _start_production_shadow_worker (res://scripts/game/world_runtime_host.gd:700)
       [1] generate_world (res://scripts/game/world_runtime_host.gd:618)
       [2] generate (res://scripts/geography/map_generator.gd:1606)
       [3] _yield_generation_frame (res://scripts/geography/map_generator.gd:19867)
[runtime-worker] production ACTIVE started mask=4095 auto_pod=true
[runtime-day-wait] day=1 env_day=0 missing=0x3ff economy_input=-1
[building-visual] intel_refresh requested=32 changed=1 known=1 catalog=400 resident=0 body=0 queued=0 zoom=1.000
[DCSystemScheduler][RT] ocean_skip#1 tick=1 reason=policy_gated slices=0 elapsed=0.000 progress=0.000 source=day_changed
[climate][publish] day=0 round_ran=1 prod_stage=0xff scalar_mask=0x7f alb=0 veg=0 fb=0 weather=0 sr=0 ok=1
[climate/worker][b8] physics_knobs day=1 ready=0 missing=physics_knobs
[climate-kernel][round] shared=1 ok=1 n_cells=2400 mask=0x1FF ran=0x1FF starved=0x0 knobs_cells=2400
[country][parity] worker_day=1 uncompared reference_range=-1..-1 depth=0
[DCSystemScheduler][RT] ocean_skip#2 tick=2 reason=policy_gated slices=0 elapsed=0.000 progress=0.000 source=day_changed
[climate/writeback][b8] day=1 vapor store0=0 map0=0 dirty_fields=42 applied=42
[phys/knobs] projection ready: slp=31 wind=33 psi=26 up=10
[climate/worker][b8] physics_knobs day=2 ready=1 missing=
[climate/worker][b8] paw day=2 cell=68 moisture=0.717273 wb30=0 soil=0 paw=0.717273 zeros(water=1544 land=5) nonzero=851 weights(wb=0.35 soil=0.25 dry=0.65) round=1 distribute=0 hydrology=0
[country][parity] worker_day=2 uncompared reference_range=-1..-1 depth=0
[economy-mirror-cost] day=2 capture_ms=2.966 import_ms=4.853
[climate/writeback][b8] day=2 vapor store0=0 map0=0 dirty_fields=52 applied=52
[climate/worker][b8] physics_knobs day=3 ready=1 missing=
[climate/worker][b8] paw day=3 cell=68 moisture=0.713466 wb30=0 soil=0 paw=0.713466 zeros(water=1544 land=7) nonzero=849 weights(wb=0.35 soil=0.25 dry=0.65) round=1 distribute=0 hydrology=0
[country][parity] worker_day=3 uncompared reference_range=-1..-1 depth=0
[climate/worker][b8] physics_knobs day=4 ready=1 missing=
[climate/worker][b8] paw day=4 cell=68 moisture=0.715778 wb30=0 soil=0 paw=0.715778 zeros(water=1544 land=7) nonzero=849 weights(wb=0.35 soil=0.25 dry=0.65) round=1 distribute=1 hydrology=0
[climate/writeback][b8] day=3 vapor store0=0 map0=0 dirty_fields=52 applied=52
[climate/worker][b8] cyclone_gate day=4 input_enabled=0 force_env=0 effective=0
[climate/worker][b8] weather_solve day=4 cells=2400 psi=1 vapor0=0.112017 precip0=0 cloud0=0.0423329 type0=0 field_init0=1
[country][parity] worker_day=4 uncompared reference_range=-1..-1 depth=0
[climate/worker][b8] physics_knobs day=5 ready=1 missing=
[climate/worker][b8] paw day=5 cell=68 moisture=0.712787 wb30=-0.000135617 soil=0 paw=0.712699 zeros(water=1544 land=7) nonzero=849 weights(wb=0.35 soil=0.25 dry=0.65) round=1 distribute=0 hydrology=0
[climate/writeback][b8] day=4 vapor store0=0.112017 map0=0.112017 dirty_fields=54 applied=54
[country][parity] worker_day=5 uncompared reference_range=-1..-1 depth=0
[climate/worker][b8] physics_knobs day=6 ready=1 missing=
[climate/worker][b8] paw day=6 cell=68 moisture=0.714593 wb30=-0.000135617 soil=-0.000325482 paw=0.714504 zeros(water=1544 land=7) nonzero=849 weights(wb=0.35 soil=0.25 dry=0.65) round=1 distribute=0 hydrology=0
[country][parity] worker_day=6 uncompared reference_range=-1..-1 depth=0
[climate/worker][b8] paw day=7 cell=68 moisture=0.715078 wb30=-0.000135617 soil=-0.000325482 paw=0.71499 zeros(water=1544 land=7) nonzero=849 weights(wb=0.35 soil=0.25 dry=0.65) round=1 distribute=0 hydrology=0
[country][parity] worker_day=7 uncompared reference_range=-1..-1 depth=0
[climate/worker][b8] paw day=8 cell=68 moisture=0.716491 wb30=-0.000135617 soil=-0.000325482 paw=0.716403 zeros(water=1544 land=7) nonzero=849 weights(wb=0.35 soil=0.25 dry=0.65) round=1 distribute=0 hydrology=0
[country][parity] worker_day=8 uncompared reference_range=-1..-1 depth=0
[climate/worker][b8] paw day=9 cell=68 moisture=0.716771 wb30=-0.000135617 soil=-0.000325482 paw=0.716683 zeros(water=1544 land=7) nonzero=849 weights(wb=0.35 soil=0.25 dry=0.65) round=1 distribute=0 hydrology=0
[climate/worker][b8] paw day=10 cell=68 moisture=0.717877 wb30=-0.000135617 soil=-0.000325482 paw=0.717789 zeros(water=1544 land=7) nonzero=849 weights(wb=0.35 soil=0.25 dry=0.65) round=1 distribute=0 hydrology=0
[climate/worker][b8] paw day=11 cell=68 moisture=0.718078 wb30=-0.000135617 soil=-0.000325482 paw=0.71799 zeros(water=1544 land=7) nonzero=849 weights(wb=0.35 soil=0.25 dry=0.65) round=1 distribute=0 hydrology=0
[climate/worker][b8] paw day=12 cell=68 moisture=0.71892 wb30=-0.000135617 soil=-0.000325482 paw=0.718832 zeros(water=1544 land=7) nonzero=849 weights(wb=0.35 soil=0.25 dry=0.65) round=1 distribute=1 hydrology=0
[climate/worker][b8] cyclone_gate day=12 input_enabled=0 force_env=0 effective=0
[climate/worker][b8] weather_solve day=12 cells=2400 psi=1 vapor0=0.102364 precip0=0 cloud0=0.0525435 type0=0 field_init0=1
[climate/worker][b8] paw day=13 cell=68 moisture=0.719072 wb30=-0.000268144 soil=-0.000325482 paw=0.718898 zeros(water=1544 land=7) nonzero=849 weights(wb=0.35 soil=0.25 dry=0.65) round=1 distribute=0 hydrology=0
[climate/worker][b8] weather_solve day=20 cells=2400 psi=1 vapor0=0.0766524 precip0=0 cloud0=0.0382033 type0=0 field_init0=1
[climate/worker][b8] weather_solve day=28 cells=2400 psi=1 vapor0=0.0765547 precip0=0 cloud0=0.0372918 type0=0 field_init0=1
[clock/step] delta=6.9ms speed=50x target=0.35d cap=1.67d/f cost=4.80ms ran=0 pulse=0.00ms loop=0.00ms full=0.32ms carry=0.96 barrier=
[clock/step] delta=6.9ms speed=50x target=0.35d cap=6.58d/f cost=1.22ms ran=0 pulse=0.00ms loop=0.00ms full=0.38ms carry=0.81 barrier=
[economy-open-finish] day=100 country=0.312 workset=0.021 fiscal=0.031 csr=0.004 recovery=0.001 vectors=0.680 audit=0.427 commands=0.000
[economy-prelude-cost] day=100 ms=1.725 pending=0
[economy-aggregate-cost] day=100 publish_ms=2.157 native_hash_ms=1.616
[economy-ledger-cost] day=100 copy_ms=0.622 validate_ms=0.146 hash_ms=1.143 cohorts=384 markets=321600
[economy-boundary-cost] day=100 formulas_ms=7.616 stages_ms=5.634 mirror_ms=3.176
[runtime-day-cost] day=100 ok=1 ms=15.021
[clock/step] delta=6.9ms speed=50x target=0.34d cap=6.01d/f cost=1.33ms ran=0 pulse=0.00ms loop=0.00ms full=0.27ms carry=0.40 barrier=
[clock/step] delta=6.9ms speed=50x target=0.34d cap=4.69d/f cost=1.70ms ran=0 pulse=0.00ms loop=0.00ms full=0.42ms carry=0.70 barrier=
[clock/step] delta=6.9ms speed=50x target=0.35d cap=6.40d/f cost=1.25ms ran=0 pulse=0.00ms loop=0.00ms full=0.24ms carry=0.49 barrier=
[economy-open-finish] day=200 country=0.308 workset=0.020 fiscal=0.031 csr=0.004 recovery=0.001 vectors=0.589 audit=0.408 commands=0.000
[economy-prelude-cost] day=200 ms=1.606 pending=0
[economy-aggregate-cost] day=200 publish_ms=2.159 native_hash_ms=1.730
[economy-ledger-cost] day=200 copy_ms=0.439 validate_ms=0.141 hash_ms=1.117 cohorts=384 markets=321600
[economy-boundary-cost] day=200 formulas_ms=7.566 stages_ms=5.709 mirror_ms=2.890
[runtime-day-cost] day=200 ok=1 ms=13.652
[perf-record] start (start_tick=221 mode=CORE detail_period=1)
[stage-c/client] recording mode=ACTIVE worker=ACTIVE seconds=60.00 output=D:/Godot/ProjectKeynes/Project.Keynes/tmp/economy_opt/baseline
[clock/step] delta=6.9ms speed=50x target=0.34d cap=2.34d/f cost=3.42ms ran=0 pulse=0.00ms loop=0.00ms full=0.19ms carry=0.69 barrier=
[clock/step] delta=6.9ms speed=50x target=0.34d cap=7.43d/f cost=0.96ms ran=1 pulse=0.00ms loop=0.48ms full=0.69ms carry=0.31 barrier=climate_input_capacity_day_barrier
[clock/step] delta=6.9ms speed=50x target=0.34d cap=8.00d/f cost=0.81ms ran=0 pulse=0.00ms loop=0.00ms full=0.21ms carry=0.58 barrier=
[economy-open-finish] day=300 country=0.498 workset=0.028 fiscal=0.037 csr=0.004 recovery=0.001 vectors=0.558 audit=0.672 commands=0.000
[economy-prelude-cost] day=300 ms=2.253 pending=0
[economy-aggregate-cost] day=300 publish_ms=1.844 native_hash_ms=1.404
[economy-ledger-cost] day=300 copy_ms=0.807 validate_ms=0.139 hash_ms=1.137 cohorts=384 markets=321600
[economy-boundary-cost] day=300 formulas_ms=7.562 stages_ms=5.058 mirror_ms=3.285
[runtime-day-cost] day=300 ok=1 ms=18.508
[clock/step] delta=6.9ms speed=50x target=0.34d cap=2.31d/f cost=3.40ms ran=1 pulse=0.00ms loop=3.15ms full=3.34ms carry=0.26 barrier=
[clock/step] delta=6.9ms speed=50x target=0.34d cap=7.50d/f cost=1.07ms ran=0 pulse=0.00ms loop=0.00ms full=0.29ms carry=0.45 barrier=
[economy-open-finish] day=400 country=0.329 workset=0.021 fiscal=0.032 csr=0.005 recovery=0.001 vectors=0.568 audit=0.456 commands=0.000
[economy-prelude-cost] day=400 ms=1.679 pending=0
[economy-aggregate-cost] day=400 publish_ms=1.876 native_hash_ms=1.882
[economy-ledger-cost] day=400 copy_ms=0.470 validate_ms=0.168 hash_ms=1.140 cohorts=384 markets=321600
[economy-boundary-cost] day=400 formulas_ms=7.640 stages_ms=5.694 mirror_ms=3.021
[runtime-day-cost] day=400 ok=1 ms=14.466
[clock/step] delta=6.9ms speed=50x target=0.34d cap=3.07d/f cost=2.84ms ran=1 pulse=0.00ms loop=3.80ms full=4.02ms carry=0.34 barrier=
[clock/step] delta=6.9ms speed=50x target=0.34d cap=2.85d/f cost=2.80ms ran=0 pulse=0.00ms loop=0.00ms full=0.35ms carry=0.95 barrier=
[clock/step] delta=6.9ms speed=50x target=0.34d cap=2.79d/f cost=2.87ms ran=0 pulse=0.00ms loop=0.00ms full=0.23ms carry=0.50 barrier=
[economy-open-finish] day=500 country=0.305 workset=0.021 fiscal=0.029 csr=0.004 recovery=0.001 vectors=0.529 audit=0.666 commands=0.000
[economy-prelude-cost] day=500 ms=2.062 pending=0
[economy-aggregate-cost] day=500 publish_ms=1.867 native_hash_ms=1.418
[economy-ledger-cost] day=500 copy_ms=0.429 validate_ms=0.143 hash_ms=1.141 cohorts=384 markets=321600
[economy-boundary-cost] day=500 formulas_ms=7.507 stages_ms=5.198 mirror_ms=2.948
[runtime-day-cost] day=500 ok=1 ms=14.794
[clock/step] delta=6.9ms speed=50x target=0.35d cap=7.59d/f cost=1.05ms ran=0 pulse=0.00ms loop=0.00ms full=0.23ms carry=0.55 barrier=
[clock/step] delta=6.9ms speed=50x target=0.34d cap=6.05d/f cost=2.03ms ran=1 pulse=0.00ms loop=4.83ms full=5.22ms carry=0.07 barrier=
[economy-open-finish] day=600 country=0.323 workset=0.023 fiscal=0.035 csr=0.004 recovery=0.000 vectors=0.663 audit=0.429 commands=0.000
[economy-prelude-cost] day=600 ms=1.741 pending=0
[economy-aggregate-cost] day=600 publish_ms=2.409 native_hash_ms=1.417
[economy-ledger-cost] day=600 copy_ms=0.609 validate_ms=0.163 hash_ms=1.169 cohorts=384 markets=321600
[economy-boundary-cost] day=600 formulas_ms=8.337 stages_ms=6.330 mirror_ms=3.167
[runtime-day-cost] day=600 ok=1 ms=16.214
[clock/step] delta=6.9ms speed=50x target=0.35d cap=7.67d/f cost=1.04ms ran=0 pulse=0.00ms loop=0.00ms full=0.31ms carry=0.84 barrier=
[clock/step] delta=6.9ms speed=50x target=0.34d cap=2.43d/f cost=3.33ms ran=1 pulse=0.00ms loop=3.46ms full=3.67ms carry=0.27 barrier=
[clock/step] delta=6.9ms speed=50x target=0.34d cap=4.27d/f cost=1.59ms ran=1 pulse=0.00ms loop=0.45ms full=0.66ms carry=0.20 barrier=climate_input_capacity_day_barrier
[economy-open-finish] day=700 country=0.305 workset=0.022 fiscal=0.032 csr=0.004 recovery=0.000 vectors=0.533 audit=0.413 commands=0.000
[economy-prelude-cost] day=700 ms=1.587 pending=0
[economy-aggregate-cost] day=700 publish_ms=1.893 native_hash_ms=1.395
[economy-ledger-cost] day=700 copy_ms=0.526 validate_ms=0.139 hash_ms=1.119 cohorts=384 markets=321600
[economy-boundary-cost] day=700 formulas_ms=7.492 stages_ms=5.648 mirror_ms=2.975
[runtime-day-cost] day=700 ok=1 ms=15.033
[clock/step] delta=6.9ms speed=50x target=0.35d cap=2.80d/f cost=2.85ms ran=0 pulse=0.00ms loop=0.00ms full=0.19ms carry=0.90 barrier=
[clock/step] delta=6.7ms speed=50x target=0.33d cap=2.30d/f cost=3.48ms ran=0 pulse=0.00ms loop=0.00ms full=0.21ms carry=0.64 barrier=
[clock/step] delta=6.9ms speed=50x target=0.34d cap=8.00d/f cost=0.53ms ran=0 pulse=0.00ms loop=0.00ms full=0.29ms carry=0.91 barrier=
[economy-open-finish] day=800 country=0.343 workset=0.029 fiscal=0.032 csr=0.004 recovery=0.001 vectors=0.576 audit=0.464 commands=0.001
[economy-prelude-cost] day=800 ms=1.787 pending=0
[economy-aggregate-cost] day=800 publish_ms=2.174 native_hash_ms=1.521
[economy-ledger-cost] day=800 copy_ms=0.945 validate_ms=0.156 hash_ms=1.272 cohorts=384 markets=321600
[economy-boundary-cost] day=800 formulas_ms=8.879 stages_ms=6.814 mirror_ms=3.610
[runtime-day-cost] day=800 ok=1 ms=16.049
[clock/step] delta=6.9ms speed=50x target=0.34d cap=6.23d/f cost=1.77ms ran=1 pulse=0.00ms loop=3.72ms full=3.92ms carry=0.18 barrier=
[clock/step] delta=6.9ms speed=50x target=0.34d cap=5.68d/f cost=1.41ms ran=0 pulse=0.00ms loop=0.00ms full=0.28ms carry=0.83 barrier=
[economy-open-finish] day=900 country=0.380 workset=0.028 fiscal=0.036 csr=0.005 recovery=0.001 vectors=0.810 audit=0.453 commands=0.000
[economy-prelude-cost] day=900 ms=1.998 pending=0
[economy-aggregate-cost] day=900 publish_ms=3.714 native_hash_ms=1.589
[economy-ledger-cost] day=900 copy_ms=1.180 validate_ms=0.288 hash_ms=1.631 cohorts=384 markets=321600
[economy-boundary-cost] day=900 formulas_ms=10.539 stages_ms=8.263 mirror_ms=4.584
[runtime-day-cost] day=900 ok=1 ms=21.101
[clock/step] delta=6.9ms speed=50x target=0.35d cap=4.54d/f cost=1.48ms ran=1 pulse=0.00ms loop=0.38ms full=0.55ms carry=0.09 barrier=climate_input_capacity_day_barrier
[clock/step] delta=6.9ms speed=50x target=0.34d cap=2.74d/f cost=2.92ms ran=0 pulse=0.00ms loop=0.00ms full=0.22ms carry=0.84 barrier=
[clock/step] delta=6.9ms speed=50x target=0.34d cap=3.83d/f cost=2.09ms ran=0 pulse=0.00ms loop=0.00ms full=0.26ms carry=0.42 barrier=
[economy-open-finish] day=1000 country=0.323 workset=0.022 fiscal=0.036 csr=0.004 recovery=0.001 vectors=0.579 audit=0.440 commands=0.001
[economy-prelude-cost] day=1000 ms=1.690 pending=0
[economy-aggregate-cost] day=1000 publish_ms=1.937 native_hash_ms=1.727
[economy-ledger-cost] day=1000 copy_ms=0.670 validate_ms=0.156 hash_ms=1.407 cohorts=384 markets=321600
[economy-boundary-cost] day=1000 formulas_ms=8.437 stages_ms=6.486 mirror_ms=4.556
[runtime-day-cost] day=1000 ok=1 ms=16.367
[clock/step] delta=6.9ms speed=50x target=0.34d cap=3.80d/f cost=1.76ms ran=1 pulse=0.00ms loop=0.39ms full=0.84ms carry=0.31 barrier=climate_input_capacity_day_barrier
[clock/step] delta=6.9ms speed=50x target=0.34d cap=5.54d/f cost=1.44ms ran=0 pulse=0.00ms loop=0.00ms full=0.26ms carry=0.59 barrier=
[clock/step] delta=6.9ms speed=50x target=0.35d cap=4.03d/f cost=1.99ms ran=0 pulse=0.00ms loop=0.00ms full=0.34ms carry=0.61 barrier=
[economy-open-finish] day=1100 country=0.405 workset=0.031 fiscal=0.038 csr=0.005 recovery=0.001 vectors=1.010 audit=0.820 commands=0.001
[economy-prelude-cost] day=1100 ms=2.749 pending=0
[economy-aggregate-cost] day=1100 publish_ms=2.047 native_hash_ms=1.448
[economy-ledger-cost] day=1100 copy_ms=0.558 validate_ms=0.166 hash_ms=1.214 cohorts=384 markets=321600
[economy-boundary-cost] day=1100 formulas_ms=9.713 stages_ms=6.572 mirror_ms=3.204
[runtime-day-cost] day=1100 ok=1 ms=17.314
[clock/step] delta=6.9ms speed=50x target=0.34d cap=5.76d/f cost=1.39ms ran=0 pulse=0.00ms loop=0.00ms full=0.23ms carry=0.63 barrier=
[clock/step] delta=6.9ms speed=50x target=0.34d cap=2.39d/f cost=3.35ms ran=0 pulse=0.00ms loop=0.00ms full=0.33ms carry=0.94 barrier=
[economy-open-finish] day=1200 country=0.313 workset=0.021 fiscal=0.034 csr=0.005 recovery=0.001 vectors=0.580 audit=0.418 commands=0.001
[economy-prelude-cost] day=1200 ms=1.690 pending=0
[economy-aggregate-cost] day=1200 publish_ms=2.918 native_hash_ms=3.642
[economy-ledger-cost] day=1200 copy_ms=0.736 validate_ms=0.278 hash_ms=2.120 cohorts=384 markets=321600
[economy-boundary-cost] day=1200 formulas_ms=11.870 stages_ms=9.919 mirror_ms=5.548
[runtime-day-cost] day=1200 ok=1 ms=21.503
[clock/step] delta=6.9ms speed=50x target=0.34d cap=8.00d/f cost=0.82ms ran=0 pulse=0.00ms loop=0.00ms full=0.31ms carry=0.99 barrier=
[clock/step] delta=6.9ms speed=50x target=0.34d cap=8.00d/f cost=0.57ms ran=0 pulse=0.00ms loop=0.00ms full=0.35ms carry=0.37 barrier=
[clock/step] delta=6.9ms speed=50x target=0.35d cap=6.10d/f cost=1.31ms ran=0 pulse=0.00ms loop=0.00ms full=0.23ms carry=0.73 barrier=
[economy-open-finish] day=1300 country=0.540 workset=0.029 fiscal=0.026 csr=0.005 recovery=0.002 vectors=1.558 audit=0.618 commands=0.001
[economy-prelude-cost] day=1300 ms=3.357 pending=0
[economy-aggregate-cost] day=1300 publish_ms=3.270 native_hash_ms=2.864
[economy-ledger-cost] day=1300 copy_ms=1.709 validate_ms=0.315 hash_ms=3.073 cohorts=384 markets=321600
[economy-boundary-cost] day=1300 formulas_ms=16.255 stages_ms=12.552 mirror_ms=7.704
[runtime-day-cost] day=1300 ok=1 ms=30.898
[clock/step] delta=6.9ms speed=50x target=0.35d cap=6.88d/f cost=2.13ms ran=1 pulse=0.00ms loop=6.01ms full=6.47ms carry=0.21 barrier=
[clock/step] delta=6.9ms speed=50x target=0.35d cap=4.25d/f cost=1.88ms ran=0 pulse=0.08ms loop=0.00ms full=0.34ms carry=0.29 barrier=climate_input_capacity_day_barrier
[clock/step] delta=6.9ms speed=50x target=0.35d cap=4.54d/f cost=1.76ms ran=0 pulse=0.00ms loop=0.00ms full=0.28ms carry=0.83 barrier=
[economy-open-finish] day=1400 country=0.325 workset=0.022 fiscal=0.032 csr=0.005 recovery=0.001 vectors=0.629 audit=0.428 commands=0.000
[economy-prelude-cost] day=1400 ms=1.734 pending=0
[economy-aggregate-cost] day=1400 publish_ms=2.582 native_hash_ms=2.291
[economy-ledger-cost] day=1400 copy_ms=0.829 validate_ms=0.157 hash_ms=1.384 cohorts=384 markets=321600
[economy-boundary-cost] day=1400 formulas_ms=9.872 stages_ms=7.875 mirror_ms=3.915
[runtime-day-cost] day=1400 ok=1 ms=17.899
[clock/step] delta=6.9ms speed=50x target=0.34d cap=7.09d/f cost=1.13ms ran=0 pulse=0.00ms loop=0.00ms full=0.24ms carry=0.43 barrier=
[clock/step] delta=6.9ms speed=50x target=0.34d cap=8.00d/f cost=0.57ms ran=0 pulse=0.00ms loop=0.00ms full=0.39ms carry=0.56 barrier=
[clock/step] delta=6.9ms speed=50x target=0.35d cap=4.89d/f cost=1.64ms ran=0 pulse=0.00ms loop=0.00ms full=0.34ms carry=0.68 barrier=
[economy-open-finish] day=1500 country=0.355 workset=0.026 fiscal=0.025 csr=0.005 recovery=0.001 vectors=0.623 audit=0.541 commands=0.000
[economy-prelude-cost] day=1500 ms=1.952 pending=0
[economy-aggregate-cost] day=1500 publish_ms=2.950 native_hash_ms=2.807
[economy-ledger-cost] day=1500 copy_ms=0.967 validate_ms=0.300 hash_ms=2.301 cohorts=384 markets=321600
[economy-boundary-cost] day=1500 formulas_ms=11.893 stages_ms=9.639 mirror_ms=5.923
[runtime-day-cost] day=1500 ok=1 ms=22.809
[clock/step] delta=6.9ms speed=50x target=0.35d cap=8.00d/f cost=0.60ms ran=0 pulse=0.00ms loop=0.00ms full=0.32ms carry=0.82 barrier=
[clock/step] delta=6.7ms speed=50x target=0.33d cap=6.93d/f cost=1.15ms ran=0 pulse=0.07ms loop=0.00ms full=0.35ms carry=0.10 barrier=climate_input_capacity_day_barrier
[clock/step] delta=6.9ms speed=50x target=0.34d cap=8.00d/f cost=0.92ms ran=1 pulse=0.00ms loop=0.69ms full=1.03ms carry=0.17 barrier=climate_input_capacity_day_barrier
[economy-open-finish] day=1600 country=0.594 workset=0.032 fiscal=0.059 csr=0.003 recovery=0.001 vectors=1.069 audit=0.888 commands=0.000
[economy-prelude-cost] day=1600 ms=2.960 pending=0
[economy-aggregate-cost] day=1600 publish_ms=2.257 native_hash_ms=1.466
[economy-ledger-cost] day=1600 copy_ms=0.596 validate_ms=0.147 hash_ms=1.188 cohorts=384 markets=321600
[economy-boundary-cost] day=1600 formulas_ms=10.192 stages_ms=6.705 mirror_ms=3.175
[runtime-day-cost] day=1600 ok=1 ms=17.775
[clock/step] delta=6.9ms speed=50x target=0.35d cap=6.17d/f cost=1.30ms ran=0 pulse=0.00ms loop=0.00ms full=0.28ms carry=0.38 barrier=
[clock/step] delta=6.9ms speed=50x target=0.34d cap=5.98d/f cost=1.34ms ran=0 pulse=0.00ms loop=0.00ms full=0.25ms carry=0.46 barrier=
[clock/step] delta=7.1ms speed=50x target=0.36d cap=7.54d/f cost=1.06ms ran=0 pulse=0.00ms loop=0.00ms full=0.27ms carry=0.39 barrier=
[economy-open-finish] day=1700 country=0.557 workset=0.029 fiscal=0.059 csr=0.004 recovery=0.001 vectors=1.248 audit=0.828 commands=0.001
[economy-prelude-cost] day=1700 ms=3.118 pending=0
[economy-aggregate-cost] day=1700 publish_ms=2.586 native_hash_ms=1.604
[economy-ledger-cost] day=1700 copy_ms=0.689 validate_ms=0.166 hash_ms=1.326 cohorts=384 markets=321600
[economy-boundary-cost] day=1700 formulas_ms=11.090 stages_ms=7.683 mirror_ms=3.489
[runtime-day-cost] day=1700 ok=1 ms=19.123
[clock/step] delta=6.9ms speed=50x target=0.34d cap=8.00d/f cost=0.78ms ran=0 pulse=0.00ms loop=0.00ms full=0.35ms carry=0.72 barrier=
[clock/step] delta=6.9ms speed=50x target=0.35d cap=4.60d/f cost=1.74ms ran=0 pulse=0.00ms loop=0.00ms full=0.23ms carry=0.64 barrier=
[clock/step] delta=7.1ms speed=50x target=0.36d cap=6.28d/f cost=1.27ms ran=0 pulse=0.00ms loop=0.00ms full=0.53ms carry=0.51 barrier=
[economy-open-finish] day=1800 country=0.586 workset=0.029 fiscal=0.165 csr=0.004 recovery=0.002 vectors=0.675 audit=0.419 commands=0.001
[economy-prelude-cost] day=1800 ms=2.177 pending=0
[clock/step] delta=6.9ms speed=50x target=0.34d cap=6.22d/f cost=1.29ms ran=0 pulse=0.00ms loop=0.00ms full=0.25ms carry=0.63 barrier=
[economy-aggregate-cost] day=1800 publish_ms=2.617 native_hash_ms=2.196
[economy-ledger-cost] day=1800 copy_ms=0.422 validate_ms=0.143 hash_ms=1.265 cohorts=384 markets=321600
[economy-boundary-cost] day=1800 formulas_ms=10.825 stages_ms=8.144 mirror_ms=3.058
[runtime-day-cost] day=1800 ok=1 ms=19.691
[clock/step] delta=6.9ms speed=50x target=0.35d cap=5.40d/f cost=1.48ms ran=0 pulse=0.00ms loop=0.00ms full=0.25ms carry=0.56 barrier=
[clock/step] delta=6.9ms speed=50x target=0.35d cap=8.00d/f cost=0.56ms ran=0 pulse=0.00ms loop=0.00ms full=0.24ms carry=0.78 barrier=
[clock/step] delta=6.9ms speed=50x target=0.35d cap=8.00d/f cost=0.77ms ran=0 pulse=0.00ms loop=0.00ms full=0.24ms carry=0.80 barrier=
[economy-open-finish] day=1900 country=0.350 workset=0.025 fiscal=0.036 csr=0.004 recovery=0.001 vectors=0.661 audit=0.431 commands=0.000
[economy-prelude-cost] day=1900 ms=1.814 pending=0
[economy-aggregate-cost] day=1900 publish_ms=2.128 native_hash_ms=1.442
[economy-ledger-cost] day=1900 copy_ms=0.552 validate_ms=0.139 hash_ms=1.157 cohorts=384 markets=321600
[economy-boundary-cost] day=1900 formulas_ms=8.657 stages_ms=6.518 mirror_ms=3.047
[runtime-day-cost] day=1900 ok=1 ms=16.269
[clock/step] delta=6.7ms speed=50x target=0.33d cap=8.00d/f cost=0.92ms ran=1 pulse=0.00ms loop=0.78ms full=1.20ms carry=0.16 barrier=climate_input_capacity_day_barrier
[clock/step] delta=6.9ms speed=50x target=0.35d cap=8.00d/f cost=0.97ms ran=0 pulse=0.00ms loop=0.00ms full=0.30ms carry=0.39 barrier=
[economy-open-finish] day=2000 country=0.302 workset=0.020 fiscal=0.030 csr=0.004 recovery=0.001 vectors=0.553 audit=0.677 commands=0.000
[economy-prelude-cost] day=2000 ms=1.898 pending=0
[economy-aggregate-cost] day=2000 publish_ms=1.876 native_hash_ms=1.401
[economy-ledger-cost] day=2000 copy_ms=0.601 validate_ms=0.138 hash_ms=1.154 cohorts=384 markets=321600
[economy-boundary-cost] day=2000 formulas_ms=8.241 stages_ms=6.097 mirror_ms=3.100
[runtime-day-cost] day=2000 ok=1 ms=14.548
[clock/step] delta=6.9ms speed=50x target=0.35d cap=2.51d/f cost=3.19ms ran=0 pulse=0.00ms loop=0.00ms full=0.20ms carry=0.46 barrier=
[clock/step] delta=6.9ms speed=50x target=0.35d cap=8.00d/f cost=0.91ms ran=0 pulse=0.00ms loop=0.00ms full=0.52ms carry=0.96 barrier=
[clock/step] delta=6.9ms speed=50x target=0.34d cap=4.09d/f cost=1.95ms ran=0 pulse=0.00ms loop=0.00ms full=0.21ms carry=0.54 barrier=
[economy-open-finish] day=2100 country=0.302 workset=0.021 fiscal=0.031 csr=0.004 recovery=0.001 vectors=0.589 audit=0.433 commands=0.001
[economy-prelude-cost] day=2100 ms=1.667 pending=0
[economy-aggregate-cost] day=2100 publish_ms=1.736 native_hash_ms=1.381
[economy-ledger-cost] day=2100 copy_ms=0.800 validate_ms=0.146 hash_ms=1.284 cohorts=384 markets=321600
[economy-boundary-cost] day=2100 formulas_ms=7.833 stages_ms=5.917 mirror_ms=3.545
[runtime-day-cost] day=2100 ok=1 ms=16.255
[clock/step] delta=6.9ms speed=50x target=0.34d cap=3.34d/f cost=2.00ms ran=1 pulse=0.00ms loop=0.45ms full=0.63ms carry=0.12 barrier=climate_input_capacity_day_barrier
[clock/step] delta=6.9ms speed=50x target=0.34d cap=6.72d/f cost=1.76ms ran=1 pulse=0.00ms loop=4.05ms full=4.28ms carry=0.10 barrier=climate_input_capacity_day_barrier
[clock/step] delta=6.9ms speed=50x target=0.35d cap=2.62d/f cost=3.05ms ran=0 pulse=0.00ms loop=0.00ms full=0.28ms carry=0.59 barrier=
[economy-open-finish] day=2200 country=0.307 workset=0.022 fiscal=0.032 csr=0.004 recovery=0.001 vectors=0.512 audit=0.440 commands=0.000
[economy-prelude-cost] day=2200 ms=1.586 pending=0
[economy-aggregate-cost] day=2200 publish_ms=1.952 native_hash_ms=2.268
[economy-ledger-cost] day=2200 copy_ms=0.731 validate_ms=0.169 hash_ms=1.188 cohorts=384 markets=321600
[economy-boundary-cost] day=2200 formulas_ms=8.543 stages_ms=6.713 mirror_ms=3.811
[runtime-day-cost] day=2200 ok=1 ms=15.727
[clock/step] delta=6.9ms speed=50x target=0.35d cap=6.25d/f cost=1.28ms ran=0 pulse=0.08ms loop=0.00ms full=0.40ms carry=0.09 barrier=climate_input_capacity_day_barrier
[clock/step] delta=6.9ms speed=50x target=0.35d cap=7.84d/f cost=1.02ms ran=0 pulse=0.08ms loop=0.00ms full=0.39ms carry=0.07 barrier=climate_input_capacity_day_barrier
[clock/step] delta=6.9ms speed=50x target=0.34d cap=5.33d/f cost=1.50ms ran=0 pulse=0.11ms loop=0.00ms full=0.51ms carry=0.02 barrier=climate_input_capacity_day_barrier
[economy-open-finish] day=2300 country=0.318 workset=0.021 fiscal=0.030 csr=0.004 recovery=0.001 vectors=0.627 audit=0.907 commands=0.001
[economy-prelude-cost] day=2300 ms=2.276 pending=0
[economy-aggregate-cost] day=2300 publish_ms=2.215 native_hash_ms=1.421
[economy-ledger-cost] day=2300 copy_ms=0.487 validate_ms=0.169 hash_ms=1.227 cohorts=384 markets=321600
[economy-boundary-cost] day=2300 formulas_ms=9.995 stages_ms=7.459 mirror_ms=3.188
[runtime-day-cost] day=2300 ok=1 ms=17.138
[clock/step] delta=6.9ms speed=50x target=0.35d cap=5.39d/f cost=1.48ms ran=0 pulse=0.00ms loop=0.00ms full=0.33ms carry=0.74 barrier=
[clock/step] delta=6.9ms speed=50x target=0.34d cap=2.98d/f cost=2.30ms ran=1 pulse=0.00ms loop=0.75ms full=0.95ms carry=0.07 barrier=climate_input_capacity_day_barrier
[economy-open-finish] day=2400 country=0.327 workset=0.026 fiscal=0.035 csr=0.005 recovery=0.001 vectors=0.561 audit=0.412 commands=0.000
[economy-prelude-cost] day=2400 ms=1.622 pending=0
[economy-aggregate-cost] day=2400 publish_ms=1.978 native_hash_ms=1.528
[economy-ledger-cost] day=2400 copy_ms=0.575 validate_ms=0.170 hash_ms=1.273 cohorts=384 markets=321600
[economy-boundary-cost] day=2400 formulas_ms=8.352 stages_ms=6.474 mirror_ms=3.306
[runtime-day-cost] day=2400 ok=1 ms=15.754
[clock/step] delta=6.9ms speed=50x target=0.35d cap=8.00d/f cost=0.75ms ran=0 pulse=0.00ms loop=0.00ms full=0.42ms carry=0.82 barrier=
[clock/step] delta=6.9ms speed=50x target=0.34d cap=8.00d/f cost=0.84ms ran=0 pulse=0.00ms loop=0.00ms full=0.29ms carry=0.87 barrier=
[clock/step] delta=6.9ms speed=50x target=0.35d cap=5.70d/f cost=1.40ms ran=0 pulse=0.00ms loop=0.00ms full=0.25ms carry=0.45 barrier=
[economy-open-finish] day=2500 country=0.366 workset=0.028 fiscal=0.034 csr=0.004 recovery=0.005 vectors=0.652 audit=0.431 commands=0.000
[economy-prelude-cost] day=2500 ms=1.803 pending=0
[economy-aggregate-cost] day=2500 publish_ms=1.831 native_hash_ms=1.349
[economy-ledger-cost] day=2500 copy_ms=0.395 validate_ms=0.140 hash_ms=1.119 cohorts=384 markets=321600
[economy-boundary-cost] day=2500 formulas_ms=8.283 stages_ms=6.230 mirror_ms=2.862
[runtime-day-cost] day=2500 ok=1 ms=14.981
[clock/step] delta=6.9ms speed=50x target=0.34d cap=8.00d/f cost=0.86ms ran=0 pulse=0.00ms loop=0.00ms full=0.34ms carry=0.88 barrier=
[clock/step] delta=6.9ms speed=50x target=0.35d cap=3.35d/f cost=2.39ms ran=0 pulse=0.00ms loop=0.00ms full=0.46ms carry=0.75 barrier=
[clock/step] delta=6.9ms speed=50x target=0.35d cap=5.36d/f cost=1.49ms ran=0 pulse=0.00ms loop=0.00ms full=0.29ms carry=0.87 barrier=
[economy-open-finish] day=2600 country=0.302 workset=0.025 fiscal=0.033 csr=0.004 recovery=0.001 vectors=0.556 audit=0.415 commands=0.000
[economy-prelude-cost] day=2600 ms=1.610 pending=0
[economy-aggregate-cost] day=2600 publish_ms=1.899 native_hash_ms=1.473
[economy-ledger-cost] day=2600 copy_ms=0.566 validate_ms=0.157 hash_ms=1.218 cohorts=384 markets=321600
[economy-boundary-cost] day=2600 formulas_ms=8.901 stages_ms=7.044 mirror_ms=3.128
[runtime-day-cost] day=2600 ok=1 ms=15.187
[clock/step] delta=6.9ms speed=50x target=0.34d cap=3.31d/f cost=2.01ms ran=1 pulse=0.00ms loop=0.40ms full=0.59ms carry=0.13 barrier=climate_input_capacity_day_barrier
[clock/step] delta=6.9ms speed=50x target=0.35d cap=8.00d/f cost=0.64ms ran=0 pulse=0.00ms loop=0.00ms full=0.31ms carry=0.97 barrier=
[clock/step] delta=6.9ms speed=50x target=0.35d cap=8.00d/f cost=0.64ms ran=1 pulse=0.00ms loop=0.26ms full=0.40ms carry=0.04 barrier=climate_input_capacity_day_barrier
[economy-open-finish] day=2700 country=0.328 workset=0.027 fiscal=0.038 csr=0.004 recovery=0.001 vectors=0.604 audit=0.443 commands=0.000
[economy-prelude-cost] day=2700 ms=1.795 pending=0
[economy-aggregate-cost] day=2700 publish_ms=2.782 native_hash_ms=1.846
[economy-ledger-cost] day=2700 copy_ms=1.305 validate_ms=0.178 hash_ms=1.765 cohorts=384 markets=321600
[economy-boundary-cost] day=2700 formulas_ms=10.766 stages_ms=8.695 mirror_ms=4.894
[runtime-day-cost] day=2700 ok=1 ms=20.667
[clock/step] delta=6.9ms speed=50x target=0.34d cap=4.14d/f cost=1.93ms ran=0 pulse=0.00ms loop=0.00ms full=0.20ms carry=0.62 barrier=
[clock/step] delta=6.9ms speed=50x target=0.35d cap=7.51d/f cost=1.07ms ran=0 pulse=0.00ms loop=0.00ms full=0.28ms carry=0.45 barrier=
[clock/step] delta=6.9ms speed=50x target=0.35d cap=8.00d/f cost=0.88ms ran=1 pulse=0.00ms loop=0.48ms full=0.70ms carry=0.09 barrier=climate_input_capacity_day_barrier
[economy-open-finish] day=2800 country=0.605 workset=0.029 fiscal=0.059 csr=0.003 recovery=0.001 vectors=1.202 audit=0.541 commands=0.000
[economy-prelude-cost] day=2800 ms=2.787 pending=0
[economy-aggregate-cost] day=2800 publish_ms=2.547 native_hash_ms=1.859
[economy-ledger-cost] day=2800 copy_ms=0.828 validate_ms=0.168 hash_ms=1.792 cohorts=384 markets=321600
[economy-boundary-cost] day=2800 formulas_ms=10.866 stages_ms=7.700 mirror_ms=4.346
[runtime-day-cost] day=2800 ok=1 ms=18.833
[perf-record] exported rows=2577 cols=234 → D:/Godot/ProjectKeynes/Project.Keynes/tmp/economy_opt/baseline/perf.csv
[stage-c/client] complete mode=ACTIVE frames=8653 fast_ticks=2577 perf=D:/Godot/ProjectKeynes/Project.Keynes/tmp/economy_opt/baseline/perf.csv
ERROR: [stage-c/client] health failed: native rate 43.081 < 49.000
   at: push_error (core/variant/variant_utility.cpp:1024)
   GDScript backtrace (most recent call first):
       [0] _finish_recording (res://tests/authority_stage_c_client_runner.gd:414)
       [1] _process (res://tests/authority_stage_c_client_runner.gd:326)
ERROR: 44 RID allocations of type 'PN13RendererDummy14TextureStorage12DummyTextureE' were leaked at exit.
ERROR: 16 RID allocations of type 'PN18TextServerAdvanced22ShapedTextDataAdvancedE' were leaked at exit.
ERROR: 1 RID allocations of type 'PN18TextServerAdvanced12FontAdvancedE' were leaked at exit.
WARNING: ObjectDB instances leaked at exit (run with --verbose for details).
   at: cleanup (core/object/object.cpp:2641)
ERROR: 986 resources still in use at exit (run with --verbose for details).
   at: clear (core/io/resource.cpp:810)
