Godot Engine v4.6.2.stable.official.71f334935 - https://godotengine.org

  [PASS] catalog compiles
  [PASS] country bootstraps
  [PASS] configure_economy ok
  [PASS] bootstrap_economy ok
  [PASS] country bootstraps
  [PASS] configure_economy ok
  [PASS] bootstrap_economy ok
[economy-open-finish] day=0 country=0.052 workset=0.015 fiscal=0.008 csr=0.001 recovery=0.000 vectors=0.002 audit=0.003 commands=0.001
  [PASS] compact day 0 done
[economy-open-finish] day=0 country=0.043 workset=0.012 fiscal=0.005 csr=0.000 recovery=0.000 vectors=0.001 audit=0.003 commands=0.000
  [PASS] stage_ops day 0 done
OPT_HASH day=0 hash=243278963189438385
  [PASS] day 0 state_hash matches
  [PASS] compact day 0 population_error==0
  [PASS] compact day 0 money_error==0
  [PASS] compact day 0 goods_error==0
  [PASS] compact day 1 done
  [PASS] stage_ops day 1 done
OPT_HASH day=1 hash=4123029245366214913
  [PASS] day 1 state_hash matches
  [PASS] compact day 1 population_error==0
  [PASS] compact day 1 money_error==0
  [PASS] compact day 1 goods_error==0
  [PASS] compact day 2 done
  [PASS] stage_ops day 2 done
OPT_HASH day=2 hash=2365418625039363763
  [PASS] day 2 state_hash matches
  [PASS] compact day 2 population_error==0
  [PASS] compact day 2 money_error==0
  [PASS] compact day 2 goods_error==0
  [PASS] compact day 3 done
  [PASS] stage_ops day 3 done
OPT_HASH day=3 hash=8335056964397978175
  [PASS] day 3 state_hash matches
  [PASS] compact day 3 population_error==0
  [PASS] compact day 3 money_error==0
  [PASS] compact day 3 goods_error==0
  [PASS] compact day 4 done
  [PASS] stage_ops day 4 done
OPT_HASH day=4 hash=3552977173394553489
  [PASS] day 4 state_hash matches
  [PASS] compact day 4 population_error==0
  [PASS] compact day 4 money_error==0
  [PASS] compact day 4 goods_error==0
  [PASS] compact day 5 done
  [PASS] stage_ops day 5 done
OPT_HASH day=5 hash=9034537564162461623
  [PASS] day 5 state_hash matches
  [PASS] compact day 5 population_error==0
  [PASS] compact day 5 money_error==0
  [PASS] compact day 5 goods_error==0
  [PASS] compact day 6 done
  [PASS] stage_ops day 6 done
OPT_HASH day=6 hash=9069622461866493891
  [PASS] day 6 state_hash matches
  [PASS] compact day 6 population_error==0
  [PASS] compact day 6 money_error==0
  [PASS] compact day 6 goods_error==0
  [PASS] compact day 7 done
  [PASS] stage_ops day 7 done
OPT_HASH day=7 hash=5498393461217046353
  [PASS] day 7 state_hash matches
  [PASS] compact day 7 population_error==0
  [PASS] compact day 7 money_error==0
  [PASS] compact day 7 goods_error==0
  [PASS] compact day 8 done
  [PASS] stage_ops day 8 done
OPT_HASH day=8 hash=5578641345524727793
  [PASS] day 8 state_hash matches
  [PASS] compact day 8 population_error==0
  [PASS] compact day 8 money_error==0
  [PASS] compact day 8 goods_error==0
  [PASS] compact day 9 done
  [PASS] stage_ops day 9 done
OPT_HASH day=9 hash=2589907043514979737
  [PASS] day 9 state_hash matches
  [PASS] compact day 9 population_error==0
  [PASS] compact day 9 money_error==0
  [PASS] compact day 9 goods_error==0
  [PASS] compact day 10 done
  [PASS] stage_ops day 10 done
OPT_HASH day=10 hash=9122864754226184613
  [PASS] day 10 state_hash matches
  [PASS] compact day 10 population_error==0
  [PASS] compact day 10 money_error==0
  [PASS] compact day 10 goods_error==0
  [PASS] compact day 11 done
  [PASS] stage_ops day 11 done
OPT_HASH day=11 hash=1473885003459161987
  [PASS] day 11 state_hash matches
  [PASS] compact day 11 population_error==0
  [PASS] compact day 11 money_error==0
  [PASS] compact day 11 goods_error==0
  [PASS] compact day 12 done
  [PASS] stage_ops day 12 done
OPT_HASH day=12 hash=1116142522943504641
  [PASS] day 12 state_hash matches
  [PASS] compact day 12 population_error==0
  [PASS] compact day 12 money_error==0
  [PASS] compact day 12 goods_error==0
  [PASS] compact day 13 done
  [PASS] stage_ops day 13 done
OPT_HASH day=13 hash=3520133115909832873
  [PASS] day 13 state_hash matches
  [PASS] compact day 13 population_error==0
  [PASS] compact day 13 money_error==0
  [PASS] compact day 13 goods_error==0
  [PASS] compact day 14 done
  [PASS] stage_ops day 14 done
OPT_HASH day=14 hash=1591481409029287521
  [PASS] day 14 state_hash matches
  [PASS] compact day 14 population_error==0
  [PASS] compact day 14 money_error==0
  [PASS] compact day 14 goods_error==0
  [PASS] compact day 15 done
  [PASS] stage_ops day 15 done
OPT_HASH day=15 hash=5692916371940774299
  [PASS] day 15 state_hash matches
  [PASS] compact day 15 population_error==0
  [PASS] compact day 15 money_error==0
  [PASS] compact day 15 goods_error==0
  [PASS] compact day 16 done
  [PASS] stage_ops day 16 done
OPT_HASH day=16 hash=9045970191173442889
  [PASS] day 16 state_hash matches
  [PASS] compact day 16 population_error==0
  [PASS] compact day 16 money_error==0
  [PASS] compact day 16 goods_error==0
  [PASS] compact day 17 done
  [PASS] stage_ops day 17 done
OPT_HASH day=17 hash=465006324917533279
  [PASS] day 17 state_hash matches
  [PASS] compact day 17 population_error==0
  [PASS] compact day 17 money_error==0
  [PASS] compact day 17 goods_error==0
  [PASS] compact day 18 done
  [PASS] stage_ops day 18 done
OPT_HASH day=18 hash=2883048608580793949
  [PASS] day 18 state_hash matches
  [PASS] compact day 18 population_error==0
  [PASS] compact day 18 money_error==0
  [PASS] compact day 18 goods_error==0
  [PASS] compact day 19 done
  [PASS] stage_ops day 19 done
OPT_HASH day=19 hash=3696714223255110305
  [PASS] day 19 state_hash matches
  [PASS] compact day 19 population_error==0
  [PASS] compact day 19 money_error==0
  [PASS] compact day 19 goods_error==0
  [PASS] compact day 20 done
  [PASS] stage_ops day 20 done
OPT_HASH day=20 hash=7254691738287586903
  [PASS] day 20 state_hash matches
  [PASS] compact day 20 population_error==0
  [PASS] compact day 20 money_error==0
  [PASS] compact day 20 goods_error==0
  [PASS] compact day 21 done
  [PASS] stage_ops day 21 done
OPT_HASH day=21 hash=5311505343306134705
  [PASS] day 21 state_hash matches
  [PASS] compact day 21 population_error==0
  [PASS] compact day 21 money_error==0
  [PASS] compact day 21 goods_error==0
  [PASS] compact day 22 done
  [PASS] stage_ops day 22 done
OPT_HASH day=22 hash=5871714643626052371
  [PASS] day 22 state_hash matches
  [PASS] compact day 22 population_error==0
  [PASS] compact day 22 money_error==0
  [PASS] compact day 22 goods_error==0
  [PASS] compact day 23 done
  [PASS] stage_ops day 23 done
OPT_HASH day=23 hash=3513058053603310413
  [PASS] day 23 state_hash matches
  [PASS] compact day 23 population_error==0
  [PASS] compact day 23 money_error==0
  [PASS] compact day 23 goods_error==0
  [PASS] compact day 24 done
  [PASS] stage_ops day 24 done
OPT_HASH day=24 hash=995297622061262143
  [PASS] day 24 state_hash matches
  [PASS] compact day 24 population_error==0
  [PASS] compact day 24 money_error==0
  [PASS] compact day 24 goods_error==0
  [PASS] compact day 25 done
  [PASS] stage_ops day 25 done
OPT_HASH day=25 hash=6805168094695649965
  [PASS] day 25 state_hash matches
  [PASS] compact day 25 population_error==0
  [PASS] compact day 25 money_error==0
  [PASS] compact day 25 goods_error==0
  [PASS] compact day 26 done
  [PASS] stage_ops day 26 done
OPT_HASH day=26 hash=5869891411071302565
  [PASS] day 26 state_hash matches
  [PASS] compact day 26 population_error==0
  [PASS] compact day 26 money_error==0
  [PASS] compact day 26 goods_error==0
  [PASS] compact day 27 done
  [PASS] stage_ops day 27 done
OPT_HASH day=27 hash=309710772060116353
  [PASS] day 27 state_hash matches
  [PASS] compact day 27 population_error==0
  [PASS] compact day 27 money_error==0
  [PASS] compact day 27 goods_error==0
  [PASS] compact day 28 done
  [PASS] stage_ops day 28 done
OPT_HASH day=28 hash=9161956608472283545
  [PASS] day 28 state_hash matches
  [PASS] compact day 28 population_error==0
  [PASS] compact day 28 money_error==0
  [PASS] compact day 28 goods_error==0
  [PASS] compact day 29 done
  [PASS] stage_ops day 29 done
OPT_HASH day=29 hash=6080257124905180789
  [PASS] day 29 state_hash matches
  [PASS] compact day 29 population_error==0
  [PASS] compact day 29 money_error==0
  [PASS] compact day 29 goods_error==0
  [PASS] soak_parity_ok latched
  [PASS] stage_ops worker starts for ingress check
  [PASS] legacy submit refused under stage_ops writer
runtime_economy_stage_ops_soak_parity_test checks=190 failures=0
ERROR: 11 RID allocations of type 'PN13RendererDummy14TextureStorage12DummyTextureE' were leaked at exit.
ERROR: 1 RID allocations of type 'PN18TextServerAdvanced12FontAdvancedE' were leaked at exit.
WARNING: ObjectDB instances leaked at exit (run with --verbose for details).
   at: cleanup (core/object/object.cpp:2641)
ERROR: 276 resources still in use at exit (run with --verbose for details).
   at: clear (core/io/resource.cpp:810)
