Godot Engine v4.6.2.stable.official.71f334935 - https://godotengine.org

[ui-layout-diag/bind_ui] is_web=false viewport_visible_rect=[P: (0.0, 0.0), S: (51.2, 51.2)] window_size=(64, 64) content_scale_factor=1.250 content_scale_mode=0 device_pixel_ratio=-1.000 top_bar_rect=[P: (0.0, 0.0), S: (543.0, 56.0)] right_panel_rect=[P: (-408.8, 68.0), S: (460.0, 366.0)] country_action_bar_rect=[P: (8.0, -30.8), S: (336.0, 74.0)]
[stage-c] authority=ACTIVE worker=ACTIVE
[building-visual] queue_probe ticks=1 queued=0 chunk=-1 camera_rect=[P: (-25.6, -25.6), S: (51.2, 51.2)] prefetch=false zoom=1.000
[building-visual] queue_probe ticks=2 queued=0 chunk=-1 camera_rect=[P: (-25.6, -25.6), S: (51.2, 51.2)] prefetch=false zoom=1.000
[native_generation/base] path=gdext algorithm=post_base_priority_flood_hydrology_v3 n=2400 native_ms=6.750 water=1553 land=847
[native_generation/post_base] path=gdext algorithm=post_base_priority_flood_hydrology_v3 n=2400 native_ms=1.456 lakes=4 rivers=105 volcanoes=0
[native_generation/vegetation] native_ms=0.515 candidates=841 none=1169 score=[0.000,1.236,1.114] plant_water_land=856 river_adjacent_desert=0 coastal_highland_desert=0 terrain_weight=[0.180,1.200]
[native_generation/qa] single_water=0 tiny<=3=0 small<=5=0 bodies=1 largest=1544 | land_below_sea=0.7% | terr_distinct=21 entropy=3.183bit | river_ratio=4.375%
MapGenerator v7: per-cell 74ms (2400 cells, path=gdext)
[building-visual] queue_probe ticks=3 queued=0 chunk=-1 camera_rect=[P: (-25.6, -25.6), S: (51.2, 51.2)] prefetch=false zoom=1.000
MapBaker v6: hm=(1024, 606) seed=1735228708
    [fused] terrain=72.5ms erosion=3.0ms(ok=true) river=13.2ms(ok=true) latitude=0.1ms coast_sdf=4.7ms(ok=true)
  geometry fields (fused C++): 165ms
  physical circulation hex solve: deferred until DCWorldExt bind (ext=true idx=true soa=false)
  wind/ocean pixel buffers: skipped (ocean_current_visual off)
  visual tiles: {"degradation_reason":"","effective_budget_px":1717248,"effective_texels_per_hex":16.0059221751742,"effective_world_units_per_texel":"(1.373983, 1.375)","estimated_peak_bytes":68402880,"estimated_resident_bytes":40340160,"fallback_reason":"","generation_id":1,"grid_size":"(4, 3)","gutter_px":2,"hex_size":22.0,"horizon_path":"neutral_pending","interior_size":"(416, 344)","layer_size":"(420, 348)","layers":[{"bake_ms":55.6855,"coast_sdf_max_dist_px":13.6162309214075,"distance_scale":1.70202886517594,"edge_distance_saturate_hex":0.9,"edge_distance_units":"normalized_hex_center_gap","hashes":{"edge_distance":-4603098080143260562,"edge_neighbor":4057764273350575789,"height":-9124830669634210576,"map_index":1015450256520461008,"terrain_detail":1415298026641868910,"terrain_normal":4240255112308713771,"water_depth":2330624858830770480},"layer":0,"normal_radius_px":"(22, 22)","raster_scale":"(1.701088, 1.70297)","river_sdf_max_dist_px":5.9571010281158,"shore_carve_band_px":10,"upload_ms":0.125,"wall_ms":55.986},{"bake_ms":71.818,"coast_sdf_max_dist_px":13.6162309214075,"distance_scale":1.70202886517594,"edge_distance_saturate_hex":0.9,"edge_distance_units":"normalized_hex_center_gap","hashes":{"edge_distance":4583573183968817086,"edge_neighbor":6466940111421570636,"height":5790856781181676511,"map_index":5990047724644026299,"terrain_detail":1806575389526097655,"terrain_normal":3908465376956190299,"water_depth":2547432928052609473},"layer":1,"normal_radius_px":"(22, 22)","raster_scale":"(1.701088, 1.70297)","river_sdf_max_dist_px":5.9571010281158,"shore_carve_band_px":10,"upload_ms":0.112,"wall_ms":72.102},{"bake_ms":75.2227,"coast_sdf_max_dist_px":13.6162309214075,"distance_scale":1.70202886517594,"edge_distance_saturate_hex":0.9,"edge_distance_units":"normalized_hex_center_gap","hashes":{"edge_distance":-2526323355750389439,"edge_neighbor":7015029410290978361,"height":-8150332218754556700,"map_index":329090656303652193,"terrain_detail":-392433696576850044,"terrain_normal":-4965863177888236808,"water_depth":-7217348512352819415},"layer":2,"normal_radius_px":"(22, 22)","raster_scale":"(1.701088, 1.70297)","river_sdf_max_dist_px":5.9571010281158,"shore_carve_band_px":10,"upload_ms":0.071,"wall_ms":75.402},{"bake_ms":105.7777,"coast_sdf_max_dist_px":13.6162309214075,"distance_scale":1.70202886517594,"edge_distance_saturate_hex":0.9,"edge_distance_units":"normalized_hex_center_gap","hashes":{"edge_distance":-4179826732684646787,"edge_neighbor":-5337848294581530626,"height":-7426228563537643593,"map_index":1239439826928151201,"terrain_detail":-8513326582372265254,"terrain_normal":8092780547537771097,"water_depth":-6092640318278072007},"layer":3,"normal_radius_px":"(22, 22)","raster_scale":"(1.701088, 1.70297)","river_sdf_max_dist_px":5.9571010281158,"shore_carve_band_px":10,"upload_ms":0.083,"wall_ms":105.982},{"bake_ms":64.8784,"coast_sdf_max_dist_px":13.6162309214075,"distance_scale":1.70202886517594,"edge_distance_saturate_hex":0.9,"edge_distance_units":"normalized_hex_center_gap","hashes":{"edge_distance":2136869506241081992,"edge_neighbor":-8797880867138963685,"height":-4924567352001132959,"map_index":-4231209514887179977,"terrain_detail":8772909128008927660,"terrain_normal":-6784207502925496102,"water_depth":-7492134226470272506},"layer":4,"normal_radius_px":"(22, 22)","raster_scale":"(1.701088, 1.70297)","river_sdf_max_dist_px":5.9571010281158,"shore_carve_band_px":10,"upload_ms":0.077,"wall_ms":65.088},{"bake_ms":109.0524,"coast_sdf_max_dist_px":13.6162309214075,"distance_scale":1.70202886517594,"edge_distance_saturate_hex":0.9,"edge_distance_units":"normalized_hex_center_gap","hashes":{"edge_distance":6673149775916606392,"edge_neighbor":-8413630352766524385,"height":-6889378239635599087,"map_index":-3551392040916973266,"terrain_detail":1687709548716503895,"terrain_normal":3946453442722986154,"water_depth":6600269933117438995},"layer":5,"normal_radius_px":"(22, 22)","raster_scale":"(1.701088, 1.70297)","river_sdf_max_dist_px":5.9571010281158,"shore_carve_band_px":10,"upload_ms":0.066,"wall_ms":109.233},{"bake_ms":69.587,"coast_sdf_max_dist_px":13.6162309214075,"distance_scale":1.70202886517594,"edge_distance_saturate_hex":0.9,"edge_distance_units":"normalized_hex_center_gap","hashes":{"edge_distance":361706081270387103,"edge_neighbor":-8688139845739281855,"height":699499231114171702,"map_index":-2682228531129457940,"terrain_detail":-8811551234231146331,"terrain_normal":-265631937775218288,"water_depth":6856409090380917935},"layer":6,"normal_radius_px":"(22, 22)","raster_scale":"(1.701088, 1.70297)","river_sdf_max_dist_px":5.9571010281158,"shore_carve_band_px":10,"upload_ms":0.114,"wall_ms":69.841},{"bake_ms":78.0957,"coast_sdf_max_dist_px":13.6162309214075,"distance_scale":1.70202886517594,"edge_distance_saturate_hex":0.9,"edge_distance_units":"normalized_hex_center_gap","hashes":{"edge_distance":-6250500223095183093,"edge_neighbor":5418444607076768559,"height":1419229568066409352,"map_index":4380956599171502337,"terrain_detail":-894743883384344824,"terrain_normal":4459428523621274975,"water_depth":-6366031586637808975},"layer":7,"normal_radius_px":"(22, 22)","raster_scale":"(1.701088, 1.70297)","river_sdf_max_dist_px":5.9571010281158,"shore_carve_band_px":10,"upload_ms":0.062,"wall_ms":78.278},{"bake_ms":77.2561,"coast_sdf_max_dist_px":13.6162309214075,"distance_scale":1.70202886517594,"edge_distance_saturate_hex":0.9,"edge_distance_units":"normalized_hex_center_gap","hashes":{"edge_distance":8492285698888321900,"edge_neighbor":3199635046979891388,"height":4828838600007938123,"map_index":-7514139010467297966,"terrain_detail":-8950604297692130837,"terrain_normal":-3593785506946687824,"water_depth":5761060537573716235},"layer":8,"normal_radius_px":"(22, 22)","raster_scale":"(1.701088, 1.70297)","river_sdf_max_dist_px":5.9571010281158,"shore_carve_band_px":10,"upload_ms":0.065,"wall_ms":77.418},{"bake_ms":102.9198,"coast_sdf_max_dist_px":13.6162309214075,"distance_scale":1.70202886517594,"edge_distance_saturate_hex":0.9,"edge_distance_units":"normalized_hex_center_gap","hashes":{"edge_distance":9117926548072241235,"edge_neighbor":-7557104988675294500,"height":618468365387938347,"map_index":-5885543932102826664,"terrain_detail":3877245088374033799,"terrain_normal":-6778421208245397131,"water_depth":2200779154463963187},"layer":9,"normal_radius_px":"(22, 22)","raster_scale":"(1.701088, 1.70297)","river_sdf_max_dist_px":5.9571010281158,"shore_carve_band_px":10,"upload_ms":0.083,"wall_ms":103.135},{"bake_ms":52.5261,"coast_sdf_max_dist_px":13.6162309214075,"distance_scale":1.70202886517594,"edge_distance_saturate_hex":0.9,"edge_distance_units":"normalized_hex_center_gap","hashes":{"edge_distance":-3745585455065177449,"edge_neighbor":2404961067888014635,"height":-3115442796632843800,"map_index":-6211809985430628861,"terrain_detail":1161812488860344551,"terrain_normal":6456972146840247766,"water_depth":1987210436922770546},"layer":10,"normal_radius_px":"(22, 22)","raster_scale":"(1.701088, 1.70297)","river_sdf_max_dist_px":5.9571010281158,"shore_carve_band_px":10,"upload_ms":0.063,"wall_ms":52.698},{"bake_ms":45.0662,"coast_sdf_max_dist_px":13.6162309214075,"distance_scale":1.70202886517594,"edge_distance_saturate_hex":0.9,"edge_distance_units":"normalized_hex_center_gap","hashes":{"edge_distance":-1470570636688572573,"edge_neighbor":-6057560351645416949,"height":-5827593206795043862,"map_index":-2248414732901839783,"terrain_detail":7630543887994105174,"terrain_normal":8582387156502791927,"water_depth":-6103088449435849452},"layer":11,"normal_radius_px":"(22, 22)","raster_scale":"(1.701088, 1.70297)","river_sdf_max_dist_px":5.9571010281158,"shore_carve_band_px":10,"upload_ms":0.066,"wall_ms":45.229}],"logical_size":"(1664, 1032)","mode":"tiled","path":"visual_tiled_static","profile":"desktop_high","renderer":"mobile","requested_budget_px":1716216,"requested_texels_per_hex":16.0,"requested_tile_world_span":"(704.0, 704.0)","requested_world_units_per_texel":1.375,"tile_world_area":270355.817993164,"tile_world_span":"(571.5768, 473.0)","total_ms":914.836,"visual_domain":"[P: (0.0, -44.0), S: (2286.307, 1419.0)]","wrap_period_x":2286.30706599092,"wrap_x":true}
WARNING: Loaded resource as image file, this will not work on export: 'res://assets/textures/terrain_materials/organic.png'. Instead, import the image file as an Image resource and load it normally as a resource.
   at: load (core/io/image.cpp:2756)
   GDScript backtrace (most recent call first):
       [0] _build_terrain_material_tex (res://scripts/rendering/map_baker.gd:360)
       [1] get_or_build_shared_terrain_material_tex (res://scripts/rendering/map_baker.gd:343)
       [2] bake_world (res://scripts/rendering/map_baker.gd:1187)
       [3] _yield_generation_frame (res://scripts/rendering/map_baker.gd:1225)
WARNING: Loaded resource as image file, this will not work on export: 'res://assets/textures/terrain_materials/dry_sand.png'. Instead, import the image file as an Image resource and load it normally as a resource.
   at: load (core/io/image.cpp:2756)
   GDScript backtrace (most recent call first):
       [0] _build_terrain_material_tex (res://scripts/rendering/map_baker.gd:360)
       [1] get_or_build_shared_terrain_material_tex (res://scripts/rendering/map_baker.gd:343)
       [2] bake_world (res://scripts/rendering/map_baker.gd:1187)
       [3] _yield_generation_frame (res://scripts/rendering/map_baker.gd:1225)
WARNING: Loaded resource as image file, this will not work on export: 'res://assets/textures/terrain_materials/rock.png'. Instead, import the image file as an Image resource and load it normally as a resource.
   at: load (core/io/image.cpp:2756)
   GDScript backtrace (most recent call first):
       [0] _build_terrain_material_tex (res://scripts/rendering/map_baker.gd:360)
       [1] get_or_build_shared_terrain_material_tex (res://scripts/rendering/map_baker.gd:343)
       [2] bake_world (res://scripts/rendering/map_baker.gd:1187)
       [3] _yield_generation_frame (res://scripts/rendering/map_baker.gd:1225)
WARNING: Loaded resource as image file, this will not work on export: 'res://assets/textures/terrain_materials/snow_wet.png'. Instead, import the image file as an Image resource and load it normally as a resource.
   at: load (core/io/image.cpp:2756)
   GDScript backtrace (most recent call first):
       [0] _build_terrain_material_tex (res://scripts/rendering/map_baker.gd:360)
       [1] get_or_build_shared_terrain_material_tex (res://scripts/rendering/map_baker.gd:343)
       [2] bake_world (res://scripts/rendering/map_baker.gd:1187)
       [3] _yield_generation_frame (res://scripts/rendering/map_baker.gd:1225)
  cell LUT encode: deferred until DCWorldExt bind
  encode: 3874ms
MapBaker v6: total 4048ms
MapGenerator v7: bake 4082ms
MapGenerator: skip _compute_ocean_currents (physical-hex path writes per-cell directly)
MapGenerator: skip _compute_terrain_perturbed_wind (physical-hex solver writes per-cell)
[SUS] sim budget strict=false frame=8.00ms warn=2.00ms slice=0.75ms upload=1.50ms scheduler=DCSystemScheduler native_sus=auto
[DCWorldExt] bind_map_data: 148 components bound (auto-registered=148; snapshot model; see world_ext.cpp comment & charter Â§11)
[DataCore] _data_core_world_ext bound=true (climate co-processor; class=DCWorldExt)
[native_world] configure rc=0 reason=configured cells=2400 wrap_period_x=103.923
[native_generation] path=gdext n=2400 published=9 native_ms=0.135 compute_ms=0.070 flush_ms=0.065
[hex_cell] facade ENABLED (2400 cells bound; ext=true)
[DataCore] _baker climate_profile injected=true (fixes WorldData.config==null sea_ice prepare path)
[phys_solve][oneshot] OK slp=0.90ms wind=0.62ms psi=0.31ms(ran=true) upwelling=0.07ms total=2.40ms
PhysicalCirculation solve@phase=1.50 total=3ms (C++ one-shot run_physical_solve_pass)
  wind/ocean pixel buffers: skipped (ocean_current_visual off)
[physical_init] deferred native refresh complete: 3ms
[cell_lut] deferred encode: 1ms path=gdext
[bio-occupancy] seed landmasses=10 provinces=10 species=20 secondary_hearths=22
[bio-occupancy]   bio.maize envelope=56 hearth=17 seeded_landmasses=1 primary_landmass=8 primary_envelope=31 occupied=17 occupied/envelope=0.55
[bio-occupancy]   bio.wheat envelope=225 hearth=58 seeded_landmasses=3 primary_landmass=1 primary_envelope=21 occupied=58 occupied/envelope=2.76
[bio-occupancy]   bio.rice envelope=71 hearth=19 seeded_landmasses=4 primary_landmass=2 primary_envelope=23 occupied=19 occupied/envelope=0.83
[bio-occupancy]   bio.potato envelope=163 hearth=55 seeded_landmasses=3 primary_landmass=8 primary_envelope=86 occupied=55 occupied/envelope=0.64
[bio-occupancy]   bio.horse envelope=242 hearth=48 seeded_landmasses=4 primary_landmass=2 primary_envelope=70 occupied=48 occupied/envelope=0.69
[bio-occupancy]   bio.cotton envelope=119 hearth=12 seeded_landmasses=1 primary_landmass=7 primary_envelope=22 occupied=12 occupied/envelope=0.55
[bio-occupancy]   bio.flax envelope=212 hearth=17 seeded_landmasses=2 primary_landmass=1 primary_envelope=21 occupied=17 occupied/envelope=0.81
[bio-occupancy]   bio.spice envelope=100 hearth=8 seeded_landmasses=2 primary_landmass=2 primary_envelope=26 occupied=8 occupied/envelope=0.31
[bio-occupancy]   bio.rubber envelope=56 hearth=7 seeded_landmasses=1 primary_landmass=7 primary_envelope=15 occupied=7 occupied/envelope=0.47
[bio-occupancy]   bio.sheep envelope=34 hearth=8 seeded_landmasses=1 primary_landmass=8 primary_envelope=17 occupied=8 occupied/envelope=0.47
[bio-occupancy]   bio.goat envelope=405 hearth=98 seeded_landmasses=4 primary_landmass=8 primary_envelope=187 occupied=98 occupied/envelope=0.52
[bio-occupancy]   bio.cattle envelope=13 hearth=5 seeded_landmasses=1 primary_landmass=8 primary_envelope=11 occupied=5 occupied/envelope=0.45
[bio-occupancy]   bio.pig envelope=287 hearth=89 seeded_landmasses=5 primary_landmass=8 primary_envelope=129 occupied=89 occupied/envelope=0.69
[bio-occupancy]   bio.camel envelope=45 hearth=6 seeded_landmasses=1 primary_landmass=6 primary_envelope=13 occupied=6 occupied/envelope=0.46
[bio-occupancy]   bio.yak envelope=192 hearth=68 seeded_landmasses=3 primary_landmass=2 primary_envelope=83 occupied=68 occupied/envelope=0.82
[bio-occupancy]   bio.silkworm envelope=144 hearth=23 seeded_landmasses=1 primary_landmass=8 primary_envelope=57 occupied=23 occupied/envelope=0.40
[bio-occupancy]   bio.reed envelope=148 hearth=31 seeded_landmasses=4 primary_landmass=8 primary_envelope=60 occupied=31 occupied/envelope=0.52
[bio-occupancy]   bio.bast_fiber envelope=279 hearth=65 seeded_landmasses=1 primary_landmass=8 primary_envelope=136 occupied=65 occupied/envelope=0.48
[bio-occupancy]   bio.dye_plant envelope=122 hearth=38 seeded_landmasses=2 primary_landmass=8 primary_envelope=53 occupied=38 occupied/envelope=0.72
[bio-occupancy]   bio.medicinal_herb envelope=371 hearth=151 seeded_landmasses=5 primary_landmass=8 primary_envelope=168 occupied=151 occupied/envelope=0.90
[bio-occupancy]   landmass 1 classes=cold_grazer, fiber_forest, dry_grazer, highland_food, open_food, open_grazer, fiber_open, forest_grazer foods=potato, wheat
[bio-occupancy]   landmass 2 classes=cold_grazer, fiber_forest, dry_grazer, open_grazer, fiber_wet, forest_grazer, open_food, highland_food, fiber_open, wetland_food, tropical foods=wheat, potato, rice
[bio-occupancy]   landmass 3 classes=none foods=none
[bio-occupancy]   landmass 4 classes=none foods=none
[bio-occupancy]   landmass 5 classes=none foods=none
[bio-occupancy]   landmass 6 classes=wetland_food, forest_grazer, fiber_wet, fiber_forest, open_grazer, dry_grazer, fiber_open, tropical foods=rice
[bio-occupancy]   landmass 7 classes=fiber_open, tropical, dry_grazer, open_food, open_grazer, fiber_forest, wetland_food, forest_grazer, fiber_wet foods=wheat, rice
[bio-occupancy]   landmass 8 classes=tropical, fiber_open, forest_grazer, dry_grazer, open_food, fiber_forest, wetland_food, open_grazer, highland_food, fiber_wet, cold_grazer foods=maize, rice, potato
[bio-occupancy]   landmass 9 classes=none foods=none
[bio-occupancy]   landmass 10 classes=none foods=none
[weather] gdext acceleration ON (class=DCWorldExt)
[weather] gdext field commit ON
[weather] gdext distribute ON
[weather] gdext summary ON
[weather] hexcell facade ON (skip AoS double-write in hot loop)
[weather] gdext resident knobs ON (class=KnobsHandle)
[economy] ACTIVE native graph cells=2400 goods=134 cohorts=24 epoch_days=1 trade=ACTIVE topology_ready=true topology_generation=1 bootstrap=starter_settlement_bootstrap_v9 founder_families=6 founder_people=6
[country] ACTIVE native authority countries=6 cells=2400 generation=1
[weather/knobs] resident KnobsHandle path ACTIVE — first to_*_knobs_dict hit (field_rebuild_count=1 expected ≤1; stable Hz target ≤1 Hz)
[native_daily] ACTIVE: registered native_daily_sim + natural_resource_daily + bio_occupancy_daily; retained season_refresh + ocean_currents boundary jobs
[DCSystemScheduler] topology: ["season_refresh", "trigger_runtime", "ideology_runtime", "effect_runtime", "modifier_daily", "gameplay_effect", "natural_resource_daily", "bio_occupancy_daily", "enum_atlas_upload", "ocean_currents", "native_daily_sim", "dynamic_visual_atlas_upload", "country_daily", "economy_daily"]
WARNING: [runtime-climate-round] no ClimateDailySystem; SHADOW capture carries no shared pass input
   at: push_warning (core/variant/variant_utility.cpp:1034)
   GDScript backtrace (most recent call first):
       [0] _build_runtime_climate_round_input (res://scripts/geography/map_generator.gd:4651)
       [1] capture_runtime_inputs_for_worker (res://scripts/geography/map_generator.gd:2351)
       [2] generate_world (res://scripts/game/world_runtime_host.gd:609)
       [3] generate (res://scripts/geography/map_generator.gd:1606)
       [4] _yield_generation_frame (res://scripts/geography/map_generator.gd:19867)
WARNING: [runtime-worker] Ideology opinion publish deferred: ideology_opinion_snapshot_invalid
   at: push_warning (core/variant/variant_utility.cpp:1034)
   GDScript backtrace (most recent call first):
       [0] _start_production_shadow_worker (res://scripts/game/world_runtime_host.gd:700)
       [1] generate_world (res://scripts/game/world_runtime_host.gd:618)
       [2] generate (res://scripts/geography/map_generator.gd:1606)
       [3] _yield_generation_frame (res://scripts/geography/map_generator.gd:19867)
[runtime-worker] production ACTIVE started mask=4095 auto_pod=true
[runtime-day-wait] day=1 env_day=0 missing=0x3ff economy_input=-1
[building-visual] intel_refresh requested=32 changed=1 known=1 catalog=400 resident=0 body=0 queued=0 zoom=1.000
[DCSystemScheduler][RT] ocean_skip#1 tick=1 reason=policy_gated slices=0 elapsed=0.000 progress=0.000 source=day_changed
[climate][publish] day=0 round_ran=1 prod_stage=0xff scalar_mask=0x7f alb=0 veg=0 fb=0 weather=0 sr=0 ok=1
[climate/worker][b8] physics_knobs day=1 ready=0 missing=physics_knobs
[climate-kernel][round] shared=1 ok=1 n_cells=2400 mask=0x1FF ran=0x1FF starved=0x0 knobs_cells=2400
[country][parity] worker_day=1 uncompared reference_range=-1..-1 depth=0
[DCSystemScheduler][RT] ocean_skip#2 tick=2 reason=policy_gated slices=0 elapsed=0.000 progress=0.000 source=day_changed
[economy-mirror-cost] day=1 capture_ms=2.898 import_ms=4.899
[climate/writeback][b8] day=1 vapor store0=0 map0=0 dirty_fields=42 applied=42
[phys/knobs] projection ready: slp=31 wind=33 psi=26 up=10
[climate/worker][b8] physics_knobs day=2 ready=1 missing=
[climate/worker][b8] paw day=2 cell=68 moisture=0.717273 wb30=0 soil=0 paw=0.717273 zeros(water=1544 land=5) nonzero=851 weights(wb=0.35 soil=0.25 dry=0.65) round=1 distribute=0 hydrology=0
[climate/worker][b8] physics_knobs day=3 ready=1 missing=
[climate/worker][b8] paw day=3 cell=68 moisture=0.713239 wb30=0 soil=0 paw=0.713239 zeros(water=1544 land=7) nonzero=849 weights(wb=0.35 soil=0.25 dry=0.65) round=1 distribute=0 hydrology=0
[country][parity] worker_day=3 uncompared reference_range=2..2 depth=1
[climate/writeback][b8] day=2 vapor store0=0 map0=0 dirty_fields=52 applied=52
[climate/worker][b8] physics_knobs day=4 ready=1 missing=
[climate/worker][b8] paw day=4 cell=68 moisture=0.715716 wb30=0 soil=0 paw=0.715716 zeros(water=1544 land=7) nonzero=849 weights(wb=0.35 soil=0.25 dry=0.65) round=1 distribute=1 hydrology=0
[climate/worker][b8] cyclone_gate day=4 input_enabled=0 force_env=0 effective=0
[climate/writeback][b8] day=3 vapor store0=0 map0=0 dirty_fields=52 applied=52
[climate/worker][b8] weather_solve day=4 cells=2400 psi=1 vapor0=0.112011 precip0=0 cloud0=0.0423401 type0=0 field_init0=1
[country][parity] worker_day=4 uncompared reference_range=2..2 depth=1
[climate/worker][b8] physics_knobs day=5 ready=1 missing=
[climate/worker][b8] paw day=5 cell=68 moisture=0.71271 wb30=-0.0001356 soil=0 paw=0.712622 zeros(water=1544 land=7) nonzero=849 weights(wb=0.35 soil=0.25 dry=0.65) round=1 distribute=0 hydrology=0
[country][parity] worker_day=5 uncompared reference_range=2..2 depth=1
[climate/writeback][b8] day=4 vapor store0=0.112011 map0=0.112011 dirty_fields=54 applied=54
[climate/worker][b8] physics_knobs day=6 ready=1 missing=
[climate/worker][b8] paw day=6 cell=68 moisture=0.714546 wb30=-0.0001356 soil=0 paw=0.714458 zeros(water=1544 land=7) nonzero=849 weights(wb=0.35 soil=0.25 dry=0.65) round=1 distribute=0 hydrology=0
[country][parity] worker_day=6 uncompared reference_range=2..2 depth=1
[climate/worker][b8] paw day=7 cell=68 moisture=0.714546 wb30=-0.0001356 soil=-0.00032544 paw=0.714458 zeros(water=1544 land=7) nonzero=849 weights(wb=0.35 soil=0.25 dry=0.65) round=1 distribute=0 hydrology=0
[country][parity] worker_day=7 uncompared reference_range=2..2 depth=1
[climate/worker][b8] paw day=8 cell=68 moisture=0.71502 wb30=-0.0001356 soil=-0.00032544 paw=0.714932 zeros(water=1544 land=7) nonzero=849 weights(wb=0.35 soil=0.25 dry=0.65) round=1 distribute=0 hydrology=0
[country][parity] worker_day=8 uncompared reference_range=2..2 depth=1
[climate/worker][b8] paw day=9 cell=68 moisture=0.716405 wb30=-0.0001356 soil=-0.00032544 paw=0.716317 zeros(water=1544 land=7) nonzero=849 weights(wb=0.35 soil=0.25 dry=0.65) round=1 distribute=0 hydrology=0
[country][parity] worker_day=9 uncompared reference_range=2..2 depth=1
[climate/worker][b8] paw day=10 cell=68 moisture=0.716405 wb30=-0.0001356 soil=-0.00032544 paw=0.716316 zeros(water=1544 land=7) nonzero=849 weights(wb=0.35 soil=0.25 dry=0.65) round=1 distribute=0 hydrology=0
[climate/worker][b8] paw day=11 cell=68 moisture=0.716751 wb30=-0.0001356 soil=-0.00032544 paw=0.716662 zeros(water=1544 land=7) nonzero=849 weights(wb=0.35 soil=0.25 dry=0.65) round=1 distribute=0 hydrology=0
[climate/worker][b8] paw day=12 cell=68 moisture=0.717781 wb30=-0.0001356 soil=-0.00032544 paw=0.717693 zeros(water=1544 land=7) nonzero=849 weights(wb=0.35 soil=0.25 dry=0.65) round=1 distribute=1 hydrology=0
[climate/worker][b8] cyclone_gate day=12 input_enabled=0 force_env=0 effective=0
[climate/worker][b8] weather_solve day=12 cells=2400 psi=1 vapor0=0.102252 precip0=0 cloud0=0.0527695 type0=0 field_init0=1
[climate/worker][b8] paw day=13 cell=68 moisture=0.717781 wb30=-0.000267833 soil=-0.00032544 paw=0.717607 zeros(water=1544 land=7) nonzero=849 weights(wb=0.35 soil=0.25 dry=0.65) round=1 distribute=0 hydrology=0
[climate/worker][b8] weather_solve day=20 cells=2400 psi=1 vapor0=0.0767804 precip0=0 cloud0=0.0370246 type0=0 field_init0=1
[clock/step] delta=6.9ms speed=50x target=0.35d cap=4.37d/f cost=1.83ms ran=0 pulse=0.00ms loop=0.00ms full=0.29ms carry=0.83 barrier=
[climate/worker][b8] weather_solve day=28 cells=2400 psi=1 vapor0=0.0765913 precip0=0 cloud0=0.0366201 type0=0 field_init0=1
[clock/step] delta=6.9ms speed=50x target=0.35d cap=8.00d/f cost=0.60ms ran=0 pulse=0.00ms loop=0.00ms full=0.27ms carry=0.41 barrier=
[clock/step] delta=6.9ms speed=50x target=0.35d cap=4.40d/f cost=1.82ms ran=0 pulse=0.13ms loop=0.00ms full=0.57ms carry=0.03 barrier=climate_input_capacity_day_barrier
[economy-open-finish] day=100 country=0.596 workset=0.029 fiscal=0.072 csr=0.005 recovery=0.001 vectors=1.382 audit=0.443 commands=0.001
[economy-prelude-cost] day=100 ms=2.909 pending=0
[economy-aggregate-cost] day=100 publish_ms=2.428 native_hash_ms=1.118
[economy-ledger-cost] day=100 copy_ms=0.629 validate_ms=0.148 hash_ms=0.803 cohorts=384 markets=321600
[economy-boundary-cost] day=100 formulas_ms=9.893 stages_ms=6.599 mirror_ms=2.867
[runtime-day-cost] day=100 ok=1 ms=19.485
[clock/step] delta=6.9ms speed=50x target=0.35d cap=6.58d/f cost=1.22ms ran=0 pulse=0.00ms loop=0.00ms full=0.35ms carry=0.60 barrier=
[clock/step] delta=6.9ms speed=50x target=0.34d cap=7.31d/f cost=1.09ms ran=0 pulse=0.00ms loop=0.00ms full=0.55ms carry=0.87 barrier=
[perf-record] start (start_tick=190 mode=CORE detail_period=1)
[stage-c/client] recording mode=ACTIVE worker=ACTIVE seconds=30.00 output=D:/Godot/ProjectKeynes/Project.Keynes/tmp/economy_opt/soak_hash_lane
[clock/step] delta=6.9ms speed=50x target=0.35d cap=8.00d/f cost=0.61ms ran=0 pulse=0.00ms loop=0.00ms full=0.26ms carry=0.36 barrier=
[economy-open-finish] day=200 country=0.453 workset=0.027 fiscal=0.035 csr=0.006 recovery=0.001 vectors=0.866 audit=0.462 commands=0.001
[economy-prelude-cost] day=200 ms=2.226 pending=0
[economy-aggregate-cost] day=200 publish_ms=2.175 native_hash_ms=1.192
[economy-ledger-cost] day=200 copy_ms=0.924 validate_ms=0.191 hash_ms=0.790 cohorts=384 markets=321600
[economy-boundary-cost] day=200 formulas_ms=9.181 stages_ms=6.474 mirror_ms=3.320
[runtime-day-cost] day=200 ok=1 ms=16.301
[clock/step] delta=6.9ms speed=50x target=0.35d cap=8.00d/f cost=0.72ms ran=1 pulse=0.00ms loop=0.76ms full=1.14ms carry=0.33 barrier=climate_input_capacity_day_barrier
[clock/step] delta=6.9ms speed=50x target=0.35d cap=8.00d/f cost=0.59ms ran=1 pulse=0.00ms loop=0.61ms full=0.96ms carry=0.09 barrier=climate_input_capacity_day_barrier
[clock/step] delta=6.9ms speed=50x target=0.35d cap=8.00d/f cost=0.72ms ran=1 pulse=0.00ms loop=0.83ms full=1.24ms carry=0.27 barrier=climate_input_capacity_day_barrier
[economy-open-finish] day=300 country=0.319 workset=0.025 fiscal=0.038 csr=0.005 recovery=0.001 vectors=0.546 audit=0.775 commands=0.001
[economy-prelude-cost] day=300 ms=2.418 pending=0
[economy-aggregate-cost] day=300 publish_ms=2.408 native_hash_ms=1.308
[economy-ledger-cost] day=300 copy_ms=0.835 validate_ms=0.166 hash_ms=1.010 cohorts=384 markets=321600
[economy-boundary-cost] day=300 formulas_ms=9.580 stages_ms=6.857 mirror_ms=3.374
[runtime-day-cost] day=300 ok=1 ms=19.467
[clock/step] delta=6.9ms speed=50x target=0.34d cap=8.00d/f cost=0.65ms ran=0 pulse=0.00ms loop=0.00ms full=0.34ms carry=0.80 barrier=
[clock/step] delta=8.3ms speed=50x target=0.42d cap=2.75d/f cost=2.91ms ran=0 pulse=0.00ms loop=0.00ms full=0.33ms carry=0.96 barrier=
[clock/step] delta=6.9ms speed=50x target=0.35d cap=8.00d/f cost=0.92ms ran=0 pulse=0.10ms loop=0.00ms full=0.53ms carry=0.33 barrier=climate_input_capacity_day_barrier
[economy-open-finish] day=400 country=0.590 workset=0.029 fiscal=0.034 csr=0.005 recovery=0.001 vectors=0.795 audit=0.498 commands=0.001
[economy-prelude-cost] day=400 ms=2.534 pending=0
[economy-aggregate-cost] day=400 publish_ms=2.061 native_hash_ms=1.419
[economy-ledger-cost] day=400 copy_ms=0.759 validate_ms=0.274 hash_ms=1.395 cohorts=384 markets=321600
[economy-boundary-cost] day=400 formulas_ms=9.796 stages_ms=6.779 mirror_ms=4.524
[runtime-day-cost] day=400 ok=1 ms=18.756
[clock/step] delta=6.9ms speed=50x target=0.35d cap=8.00d/f cost=0.69ms ran=1 pulse=0.00ms loop=0.43ms full=0.62ms carry=0.01 barrier=climate_input_capacity_day_barrier
[clock/step] delta=6.9ms speed=50x target=0.35d cap=8.00d/f cost=0.65ms ran=0 pulse=0.00ms loop=0.00ms full=0.28ms carry=0.69 barrier=
[clock/step] delta=6.9ms speed=50x target=0.35d cap=8.00d/f cost=0.54ms ran=0 pulse=0.09ms loop=0.00ms full=0.39ms carry=0.03 barrier=climate_input_capacity_day_barrier
[economy-open-finish] day=500 country=0.496 workset=0.031 fiscal=0.064 csr=0.006 recovery=0.001 vectors=0.893 audit=0.909 commands=0.001
[economy-prelude-cost] day=500 ms=3.186 pending=0
[economy-aggregate-cost] day=500 publish_ms=2.004 native_hash_ms=1.070
[economy-ledger-cost] day=500 copy_ms=0.633 validate_ms=0.163 hash_ms=0.827 cohorts=384 markets=321600
[economy-boundary-cost] day=500 formulas_ms=10.194 stages_ms=6.576 mirror_ms=2.947
[runtime-day-cost] day=500 ok=1 ms=18.093
[clock/step] delta=6.9ms speed=50x target=0.34d cap=5.16d/f cost=1.34ms ran=1 pulse=0.00ms loop=0.48ms full=0.65ms carry=0.24 barrier=climate_input_capacity_day_barrier
[clock/step] delta=6.9ms speed=50x target=0.35d cap=8.00d/f cost=0.62ms ran=1 pulse=0.00ms loop=0.83ms full=1.28ms carry=0.19 barrier=climate_input_capacity_day_barrier
[clock/step] delta=6.9ms speed=50x target=0.35d cap=8.00d/f cost=0.63ms ran=0 pulse=0.13ms loop=0.00ms full=0.65ms carry=0.18 barrier=climate_input_capacity_day_barrier
[economy-open-finish] day=600 country=0.320 workset=0.025 fiscal=0.031 csr=0.005 recovery=0.001 vectors=0.560 audit=0.437 commands=0.000
[economy-prelude-cost] day=600 ms=1.706 pending=0
[economy-aggregate-cost] day=600 publish_ms=2.945 native_hash_ms=1.341
[economy-ledger-cost] day=600 copy_ms=1.127 validate_ms=0.258 hash_ms=1.589 cohorts=384 markets=321600
[economy-boundary-cost] day=600 formulas_ms=10.211 stages_ms=8.233 mirror_ms=4.989
[runtime-day-cost] day=600 ok=1 ms=20.611
[clock/step] delta=6.9ms speed=50x target=0.35d cap=8.00d/f cost=0.65ms ran=0 pulse=0.14ms loop=0.00ms full=0.69ms carry=0.20 barrier=climate_input_capacity_day_barrier
[clock/step] delta=6.9ms speed=50x target=0.35d cap=8.00d/f cost=0.55ms ran=0 pulse=0.11ms loop=0.00ms full=0.54ms carry=0.27 barrier=climate_input_capacity_day_barrier
[clock/step] delta=6.9ms speed=50x target=0.35d cap=6.38d/f cost=1.25ms ran=0 pulse=0.00ms loop=0.00ms full=0.49ms carry=0.90 barrier=
[economy-open-finish] day=700 country=0.591 workset=0.032 fiscal=0.033 csr=0.005 recovery=0.001 vectors=0.574 audit=0.484 commands=0.001
[economy-prelude-cost] day=700 ms=2.104 pending=0
[economy-aggregate-cost] day=700 publish_ms=1.813 native_hash_ms=1.227
[economy-ledger-cost] day=700 copy_ms=0.867 validate_ms=0.297 hash_ms=1.287 cohorts=384 markets=321600
[economy-boundary-cost] day=700 formulas_ms=8.261 stages_ms=5.802 mirror_ms=3.814
[runtime-day-cost] day=700 ok=1 ms=17.219
[clock/step] delta=7.1ms speed=50x target=0.36d cap=2.28d/f cost=2.90ms ran=1 pulse=0.00ms loop=0.45ms full=0.75ms carry=0.10 barrier=climate_input_capacity_day_barrier
[clock/step] delta=6.9ms speed=50x target=0.35d cap=8.00d/f cost=0.83ms ran=0 pulse=0.00ms loop=0.00ms full=0.43ms carry=0.87 barrier=
[clock/step] delta=6.9ms speed=50x target=0.35d cap=8.00d/f cost=0.55ms ran=1 pulse=0.00ms loop=0.41ms full=0.59ms carry=0.22 barrier=climate_input_capacity_day_barrier
[economy-open-finish] day=800 country=0.426 workset=0.051 fiscal=0.044 csr=0.004 recovery=0.001 vectors=0.722 audit=0.604 commands=0.001
[economy-prelude-cost] day=800 ms=2.351 pending=0
[economy-aggregate-cost] day=800 publish_ms=2.920 native_hash_ms=1.990
[economy-ledger-cost] day=800 copy_ms=1.579 validate_ms=0.300 hash_ms=1.960 cohorts=384 markets=321600
[economy-boundary-cost] day=800 formulas_ms=12.336 stages_ms=9.619 mirror_ms=6.282
[runtime-day-cost] day=800 ok=1 ms=24.009
[clock/step] delta=6.9ms speed=50x target=0.35d cap=8.00d/f cost=0.68ms ran=0 pulse=0.00ms loop=0.00ms full=0.55ms carry=0.88 barrier=
[clock/step] delta=6.9ms speed=50x target=0.35d cap=8.00d/f cost=0.65ms ran=0 pulse=0.09ms loop=0.00ms full=0.45ms carry=0.27 barrier=climate_input_capacity_day_barrier
[clock/step] delta=6.9ms speed=50x target=0.35d cap=8.00d/f cost=0.63ms ran=0 pulse=0.09ms loop=0.00ms full=0.46ms carry=0.06 barrier=climate_input_capacity_day_barrier
[economy-open-finish] day=900 country=0.345 workset=0.022 fiscal=0.031 csr=0.004 recovery=0.001 vectors=0.744 audit=0.506 commands=0.001
[economy-prelude-cost] day=900 ms=2.010 pending=0
[economy-aggregate-cost] day=900 publish_ms=2.758 native_hash_ms=1.722
[economy-ledger-cost] day=900 copy_ms=0.623 validate_ms=0.198 hash_ms=0.780 cohorts=384 markets=321600
[economy-boundary-cost] day=900 formulas_ms=11.408 stages_ms=9.129 mirror_ms=2.963
[runtime-day-cost] day=900 ok=1 ms=21.453
[clock/step] delta=6.9ms speed=50x target=0.35d cap=8.00d/f cost=0.55ms ran=0 pulse=0.09ms loop=0.00ms full=0.44ms carry=0.05 barrier=climate_input_capacity_day_barrier
[clock/step] delta=6.9ms speed=50x target=0.34d cap=8.00d/f cost=0.91ms ran=0 pulse=0.00ms loop=0.00ms full=0.27ms carry=0.38 barrier=
[clock/step] delta=6.9ms speed=50x target=0.34d cap=8.00d/f cost=0.51ms ran=0 pulse=0.10ms loop=0.00ms full=0.44ms carry=0.16 barrier=climate_input_capacity_day_barrier
[economy-open-finish] day=1000 country=0.550 workset=0.030 fiscal=0.062 csr=0.004 recovery=0.001 vectors=0.741 audit=0.476 commands=0.001
[economy-prelude-cost] day=1000 ms=2.259 pending=0
[economy-aggregate-cost] day=1000 publish_ms=1.890 native_hash_ms=1.388
[economy-ledger-cost] day=1000 copy_ms=0.555 validate_ms=0.147 hash_ms=0.829 cohorts=384 markets=321600
[economy-boundary-cost] day=1000 formulas_ms=9.344 stages_ms=6.663 mirror_ms=2.899
[runtime-day-cost] day=1000 ok=1 ms=16.192
[clock/step] delta=6.9ms speed=50x target=0.34d cap=8.00d/f cost=0.62ms ran=0 pulse=0.00ms loop=0.00ms full=0.46ms carry=0.95 barrier=
[clock/step] delta=6.9ms speed=50x target=0.35d cap=6.35d/f cost=1.26ms ran=0 pulse=0.00ms loop=0.00ms full=0.15ms carry=0.93 barrier=
[clock/step] delta=8.3ms speed=50x target=0.42d cap=2.73d/f cost=2.46ms ran=1 pulse=0.00ms loop=0.58ms full=1.00ms carry=0.38 barrier=climate_input_capacity_day_barrier
[economy-open-finish] day=1100 country=0.374 workset=0.026 fiscal=0.033 csr=0.005 recovery=0.001 vectors=0.683 audit=0.774 commands=0.001
[economy-prelude-cost] day=1100 ms=2.285 pending=0
[economy-aggregate-cost] day=1100 publish_ms=2.579 native_hash_ms=1.231
[economy-ledger-cost] day=1100 copy_ms=1.217 validate_ms=0.290 hash_ms=1.393 cohorts=384 markets=321600
[economy-boundary-cost] day=1100 formulas_ms=11.222 stages_ms=8.651 mirror_ms=4.222
[runtime-day-cost] day=1100 ok=1 ms=21.240
[clock/step] delta=6.9ms speed=50x target=0.35d cap=8.00d/f cost=0.99ms ran=0 pulse=0.13ms loop=0.00ms full=0.72ms carry=0.25 barrier=climate_input_capacity_day_barrier
[clock/step] delta=7.4ms speed=50x target=0.37d cap=8.00d/f cost=0.74ms ran=1 pulse=0.00ms loop=0.45ms full=0.68ms carry=0.30 barrier=climate_input_capacity_day_barrier
[clock/step] delta=6.9ms speed=50x target=0.34d cap=7.47d/f cost=1.07ms ran=0 pulse=0.00ms loop=0.00ms full=0.51ms carry=0.73 barrier=
[economy-open-finish] day=1200 country=0.450 workset=0.026 fiscal=0.034 csr=0.005 recovery=0.001 vectors=0.754 audit=0.539 commands=0.001
[economy-prelude-cost] day=1200 ms=2.188 pending=0
[economy-aggregate-cost] day=1200 publish_ms=2.753 native_hash_ms=1.289
[economy-ledger-cost] day=1200 copy_ms=0.601 validate_ms=0.200 hash_ms=0.808 cohorts=384 markets=321600
[economy-boundary-cost] day=1200 formulas_ms=9.964 stages_ms=7.476 mirror_ms=3.332
[runtime-day-cost] day=1200 ok=1 ms=18.069
[clock/step] delta=6.9ms speed=50x target=0.34d cap=8.00d/f cost=0.49ms ran=0 pulse=0.00ms loop=0.00ms full=0.31ms carry=0.83 barrier=
[clock/step] delta=6.9ms speed=50x target=0.34d cap=8.00d/f cost=0.91ms ran=0 pulse=0.10ms loop=0.00ms full=0.42ms carry=0.19 barrier=climate_input_capacity_day_barrier
[clock/step] delta=6.9ms speed=50x target=0.35d cap=7.07d/f cost=1.13ms ran=0 pulse=0.17ms loop=0.00ms full=0.84ms carry=0.05 barrier=climate_input_capacity_day_barrier
[economy-open-finish] day=1300 country=0.649 workset=0.035 fiscal=0.074 csr=0.004 recovery=0.001 vectors=1.219 audit=0.846 commands=0.001
[economy-prelude-cost] day=1300 ms=3.335 pending=0
[economy-aggregate-cost] day=1300 publish_ms=2.407 native_hash_ms=1.431
[economy-ledger-cost] day=1300 copy_ms=0.559 validate_ms=0.203 hash_ms=1.012 cohorts=384 markets=321600
[economy-boundary-cost] day=1300 formulas_ms=11.260 stages_ms=7.335 mirror_ms=3.172
[runtime-day-cost] day=1300 ok=1 ms=20.149
[clock/step] delta=6.9ms speed=50x target=0.35d cap=8.00d/f cost=0.59ms ran=0 pulse=0.00ms loop=0.00ms full=0.34ms carry=1.00 barrier=
[clock/step] delta=6.9ms speed=50x target=0.34d cap=8.00d/f cost=0.53ms ran=1 pulse=0.00ms loop=0.41ms full=0.59ms carry=0.01 barrier=climate_input_capacity_day_barrier
[perf-record] exported rows=1189 cols=234 → D:/Godot/ProjectKeynes/Project.Keynes/tmp/economy_opt/soak_hash_lane/perf.csv
[stage-c/client] complete mode=ACTIVE frames=4314 fast_ticks=1189 perf=D:/Godot/ProjectKeynes/Project.Keynes/tmp/economy_opt/soak_hash_lane/perf.csv
ERROR: 44 RID allocations of type 'PN13RendererDummy14TextureStorage12DummyTextureE' were leaked at exit.
ERROR: 16 RID allocations of type 'PN18TextServerAdvanced22ShapedTextDataAdvancedE' were leaked at exit.
ERROR: 1 RID allocations of type 'PN18TextServerAdvanced12FontAdvancedE' were leaked at exit.
WARNING: ObjectDB instances leaked at exit (run with --verbose for details).
   at: cleanup (core/object/object.cpp:2641)
ERROR: 986 resources still in use at exit (run with --verbose for details).
   at: clear (core/io/resource.cpp:810)
