Godot Engine v4.6.2.stable.official.71f334935 - https://godotengine.org

[ui-layout-diag/bind_ui] is_web=false viewport_visible_rect=[P: (0.0, 0.0), S: (51.2, 51.2)] window_size=(64, 64) content_scale_factor=1.250 content_scale_mode=0 device_pixel_ratio=-1.000 top_bar_rect=[P: (0.0, 0.0), S: (543.0, 56.0)] right_panel_rect=[P: (-408.8, 68.0), S: (460.0, 366.0)] country_action_bar_rect=[P: (8.0, -30.8), S: (336.0, 74.0)]
[stage-c] authority=ACTIVE worker=ACTIVE
[building-visual] queue_probe ticks=1 queued=0 chunk=-1 camera_rect=[P: (-25.6, -25.6), S: (51.2, 51.2)] prefetch=false zoom=1.000
[building-visual] queue_probe ticks=2 queued=0 chunk=-1 camera_rect=[P: (-25.6, -25.6), S: (51.2, 51.2)] prefetch=false zoom=1.000
[native_generation/base] path=gdext algorithm=post_base_priority_flood_hydrology_v3 n=2400 native_ms=9.223 water=1553 land=847
[native_generation/post_base] path=gdext algorithm=post_base_priority_flood_hydrology_v3 n=2400 native_ms=2.073 lakes=4 rivers=105 volcanoes=0
[native_generation/vegetation] native_ms=0.734 candidates=841 none=1169 score=[0.000,1.236,1.114] plant_water_land=856 river_adjacent_desert=0 coastal_highland_desert=0 terrain_weight=[0.180,1.200]
[native_generation/qa] single_water=0 tiny<=3=0 small<=5=0 bodies=1 largest=1544 | land_below_sea=0.7% | terr_distinct=21 entropy=3.183bit | river_ratio=4.375%
MapGenerator v7: per-cell 83ms (2400 cells, path=gdext)
[building-visual] queue_probe ticks=3 queued=0 chunk=-1 camera_rect=[P: (-25.6, -25.6), S: (51.2, 51.2)] prefetch=false zoom=1.000
MapBaker v6: hm=(1024, 606) seed=1735228708
    [fused] terrain=73.5ms erosion=2.8ms(ok=true) river=12.7ms(ok=true) latitude=0.1ms coast_sdf=4.4ms(ok=true)
  geometry fields (fused C++): 166ms
  physical circulation hex solve: deferred until DCWorldExt bind (ext=true idx=true soa=false)
  wind/ocean pixel buffers: skipped (ocean_current_visual off)
  visual tiles: {"degradation_reason":"","effective_budget_px":1717248,"effective_texels_per_hex":16.0059221751742,"effective_world_units_per_texel":"(1.373983, 1.375)","estimated_peak_bytes":68402880,"estimated_resident_bytes":40340160,"fallback_reason":"","generation_id":1,"grid_size":"(4, 3)","gutter_px":2,"hex_size":22.0,"horizon_path":"neutral_pending","interior_size":"(416, 344)","layer_size":"(420, 348)","layers":[{"bake_ms":57.8028,"coast_sdf_max_dist_px":13.6162309214075,"distance_scale":1.70202886517594,"edge_distance_saturate_hex":0.9,"edge_distance_units":"normalized_hex_center_gap","hashes":{"edge_distance":-4603098080143260562,"edge_neighbor":4057764273350575789,"height":-9124830669634210576,"map_index":1015450256520461008,"terrain_detail":1415298026641868910,"terrain_normal":4240255112308713771,"water_depth":2330624858830770480},"layer":0,"normal_radius_px":"(22, 22)","raster_scale":"(1.701088, 1.70297)","river_sdf_max_dist_px":5.9571010281158,"shore_carve_band_px":10,"upload_ms":0.082,"wall_ms":58.064},{"bake_ms":79.8877,"coast_sdf_max_dist_px":13.6162309214075,"distance_scale":1.70202886517594,"edge_distance_saturate_hex":0.9,"edge_distance_units":"normalized_hex_center_gap","hashes":{"edge_distance":4583573183968817086,"edge_neighbor":6466940111421570636,"height":5790856781181676511,"map_index":5990047724644026299,"terrain_detail":1806575389526097655,"terrain_normal":3908465376956190299,"water_depth":2547432928052609473},"layer":1,"normal_radius_px":"(22, 22)","raster_scale":"(1.701088, 1.70297)","river_sdf_max_dist_px":5.9571010281158,"shore_carve_band_px":10,"upload_ms":0.081,"wall_ms":80.075},{"bake_ms":77.7275,"coast_sdf_max_dist_px":13.6162309214075,"distance_scale":1.70202886517594,"edge_distance_saturate_hex":0.9,"edge_distance_units":"normalized_hex_center_gap","hashes":{"edge_distance":-2526323355750389439,"edge_neighbor":7015029410290978361,"height":-8150332218754556700,"map_index":329090656303652193,"terrain_detail":-392433696576850044,"terrain_normal":-4965863177888236808,"water_depth":-7217348512352819415},"layer":2,"normal_radius_px":"(22, 22)","raster_scale":"(1.701088, 1.70297)","river_sdf_max_dist_px":5.9571010281158,"shore_carve_band_px":10,"upload_ms":0.073,"wall_ms":77.922},{"bake_ms":113.4216,"coast_sdf_max_dist_px":13.6162309214075,"distance_scale":1.70202886517594,"edge_distance_saturate_hex":0.9,"edge_distance_units":"normalized_hex_center_gap","hashes":{"edge_distance":-4179826732684646787,"edge_neighbor":-5337848294581530626,"height":-7426228563537643593,"map_index":1239439826928151201,"terrain_detail":-8513326582372265254,"terrain_normal":8092780547537771097,"water_depth":-6092640318278072007},"layer":3,"normal_radius_px":"(22, 22)","raster_scale":"(1.701088, 1.70297)","river_sdf_max_dist_px":5.9571010281158,"shore_carve_band_px":10,"upload_ms":0.067,"wall_ms":113.606},{"bake_ms":61.1965,"coast_sdf_max_dist_px":13.6162309214075,"distance_scale":1.70202886517594,"edge_distance_saturate_hex":0.9,"edge_distance_units":"normalized_hex_center_gap","hashes":{"edge_distance":2136869506241081992,"edge_neighbor":-8797880867138963685,"height":-4924567352001132959,"map_index":-4231209514887179977,"terrain_detail":8772909128008927660,"terrain_normal":-6784207502925496102,"water_depth":-7492134226470272506},"layer":4,"normal_radius_px":"(22, 22)","raster_scale":"(1.701088, 1.70297)","river_sdf_max_dist_px":5.9571010281158,"shore_carve_band_px":10,"upload_ms":0.061,"wall_ms":61.364},{"bake_ms":113.9538,"coast_sdf_max_dist_px":13.6162309214075,"distance_scale":1.70202886517594,"edge_distance_saturate_hex":0.9,"edge_distance_units":"normalized_hex_center_gap","hashes":{"edge_distance":6673149775916606392,"edge_neighbor":-8413630352766524385,"height":-6889378239635599087,"map_index":-3551392040916973266,"terrain_detail":1687709548716503895,"terrain_normal":3946453442722986154,"water_depth":6600269933117438995},"layer":5,"normal_radius_px":"(22, 22)","raster_scale":"(1.701088, 1.70297)","river_sdf_max_dist_px":5.9571010281158,"shore_carve_band_px":10,"upload_ms":0.067,"wall_ms":114.124},{"bake_ms":72.9612,"coast_sdf_max_dist_px":13.6162309214075,"distance_scale":1.70202886517594,"edge_distance_saturate_hex":0.9,"edge_distance_units":"normalized_hex_center_gap","hashes":{"edge_distance":361706081270387103,"edge_neighbor":-8688139845739281855,"height":699499231114171702,"map_index":-2682228531129457940,"terrain_detail":-8811551234231146331,"terrain_normal":-265631937775218288,"water_depth":6856409090380917935},"layer":6,"normal_radius_px":"(22, 22)","raster_scale":"(1.701088, 1.70297)","river_sdf_max_dist_px":5.9571010281158,"shore_carve_band_px":10,"upload_ms":0.062,"wall_ms":73.118},{"bake_ms":78.3177,"coast_sdf_max_dist_px":13.6162309214075,"distance_scale":1.70202886517594,"edge_distance_saturate_hex":0.9,"edge_distance_units":"normalized_hex_center_gap","hashes":{"edge_distance":-6250500223095183093,"edge_neighbor":5418444607076768559,"height":1419229568066409352,"map_index":4380956599171502337,"terrain_detail":-894743883384344824,"terrain_normal":4459428523621274975,"water_depth":-6366031586637808975},"layer":7,"normal_radius_px":"(22, 22)","raster_scale":"(1.701088, 1.70297)","river_sdf_max_dist_px":5.9571010281158,"shore_carve_band_px":10,"upload_ms":0.082,"wall_ms":78.519},{"bake_ms":77.0307,"coast_sdf_max_dist_px":13.6162309214075,"distance_scale":1.70202886517594,"edge_distance_saturate_hex":0.9,"edge_distance_units":"normalized_hex_center_gap","hashes":{"edge_distance":8492285698888321900,"edge_neighbor":3199635046979891388,"height":4828838600007938123,"map_index":-7514139010467297966,"terrain_detail":-8950604297692130837,"terrain_normal":-3593785506946687824,"water_depth":5761060537573716235},"layer":8,"normal_radius_px":"(22, 22)","raster_scale":"(1.701088, 1.70297)","river_sdf_max_dist_px":5.9571010281158,"shore_carve_band_px":10,"upload_ms":0.069,"wall_ms":77.219},{"bake_ms":104.2988,"coast_sdf_max_dist_px":13.6162309214075,"distance_scale":1.70202886517594,"edge_distance_saturate_hex":0.9,"edge_distance_units":"normalized_hex_center_gap","hashes":{"edge_distance":9117926548072241235,"edge_neighbor":-7557104988675294500,"height":618468365387938347,"map_index":-5885543932102826664,"terrain_detail":3877245088374033799,"terrain_normal":-6778421208245397131,"water_depth":2200779154463963187},"layer":9,"normal_radius_px":"(22, 22)","raster_scale":"(1.701088, 1.70297)","river_sdf_max_dist_px":5.9571010281158,"shore_carve_band_px":10,"upload_ms":0.073,"wall_ms":104.486},{"bake_ms":50.0196,"coast_sdf_max_dist_px":13.6162309214075,"distance_scale":1.70202886517594,"edge_distance_saturate_hex":0.9,"edge_distance_units":"normalized_hex_center_gap","hashes":{"edge_distance":-3745585455065177449,"edge_neighbor":2404961067888014635,"height":-3115442796632843800,"map_index":-6211809985430628861,"terrain_detail":1161812488860344551,"terrain_normal":6456972146840247766,"water_depth":1987210436922770546},"layer":10,"normal_radius_px":"(22, 22)","raster_scale":"(1.701088, 1.70297)","river_sdf_max_dist_px":5.9571010281158,"shore_carve_band_px":10,"upload_ms":0.075,"wall_ms":50.203},{"bake_ms":45.1392,"coast_sdf_max_dist_px":13.6162309214075,"distance_scale":1.70202886517594,"edge_distance_saturate_hex":0.9,"edge_distance_units":"normalized_hex_center_gap","hashes":{"edge_distance":-1470570636688572573,"edge_neighbor":-6057560351645416949,"height":-5827593206795043862,"map_index":-2248414732901839783,"terrain_detail":7630543887994105174,"terrain_normal":8582387156502791927,"water_depth":-6103088449435849452},"layer":11,"normal_radius_px":"(22, 22)","raster_scale":"(1.701088, 1.70297)","river_sdf_max_dist_px":5.9571010281158,"shore_carve_band_px":10,"upload_ms":0.078,"wall_ms":45.335}],"logical_size":"(1664, 1032)","mode":"tiled","path":"visual_tiled_static","profile":"desktop_high","renderer":"mobile","requested_budget_px":1716216,"requested_texels_per_hex":16.0,"requested_tile_world_span":"(704.0, 704.0)","requested_world_units_per_texel":1.375,"tile_world_area":270355.817993164,"tile_world_span":"(571.5768, 473.0)","total_ms":938.0,"visual_domain":"[P: (0.0, -44.0), S: (2286.307, 1419.0)]","wrap_period_x":2286.30706599092,"wrap_x":true}
WARNING: Loaded resource as image file, this will not work on export: 'res://assets/textures/terrain_materials/organic.png'. Instead, import the image file as an Image resource and load it normally as a resource.
   at: load (core/io/image.cpp:2756)
   GDScript backtrace (most recent call first):
       [0] _build_terrain_material_tex (res://scripts/rendering/map_baker.gd:360)
       [1] get_or_build_shared_terrain_material_tex (res://scripts/rendering/map_baker.gd:343)
       [2] bake_world (res://scripts/rendering/map_baker.gd:1187)
       [3] _yield_generation_frame (res://scripts/rendering/map_baker.gd:1225)
WARNING: Loaded resource as image file, this will not work on export: 'res://assets/textures/terrain_materials/dry_sand.png'. Instead, import the image file as an Image resource and load it normally as a resource.
   at: load (core/io/image.cpp:2756)
   GDScript backtrace (most recent call first):
       [0] _build_terrain_material_tex (res://scripts/rendering/map_baker.gd:360)
       [1] get_or_build_shared_terrain_material_tex (res://scripts/rendering/map_baker.gd:343)
       [2] bake_world (res://scripts/rendering/map_baker.gd:1187)
       [3] _yield_generation_frame (res://scripts/rendering/map_baker.gd:1225)
WARNING: Loaded resource as image file, this will not work on export: 'res://assets/textures/terrain_materials/rock.png'. Instead, import the image file as an Image resource and load it normally as a resource.
   at: load (core/io/image.cpp:2756)
   GDScript backtrace (most recent call first):
       [0] _build_terrain_material_tex (res://scripts/rendering/map_baker.gd:360)
       [1] get_or_build_shared_terrain_material_tex (res://scripts/rendering/map_baker.gd:343)
       [2] bake_world (res://scripts/rendering/map_baker.gd:1187)
       [3] _yield_generation_frame (res://scripts/rendering/map_baker.gd:1225)
WARNING: Loaded resource as image file, this will not work on export: 'res://assets/textures/terrain_materials/snow_wet.png'. Instead, import the image file as an Image resource and load it normally as a resource.
   at: load (core/io/image.cpp:2756)
   GDScript backtrace (most recent call first):
       [0] _build_terrain_material_tex (res://scripts/rendering/map_baker.gd:360)
       [1] get_or_build_shared_terrain_material_tex (res://scripts/rendering/map_baker.gd:343)
       [2] bake_world (res://scripts/rendering/map_baker.gd:1187)
       [3] _yield_generation_frame (res://scripts/rendering/map_baker.gd:1225)
  cell LUT encode: deferred until DCWorldExt bind
  encode: 3753ms
MapBaker v6: total 3927ms
MapGenerator v7: bake 3961ms
MapGenerator: skip _compute_ocean_currents (physical-hex path writes per-cell directly)
MapGenerator: skip _compute_terrain_perturbed_wind (physical-hex solver writes per-cell)
[SUS] sim budget strict=false frame=8.00ms warn=2.00ms slice=0.75ms upload=1.50ms scheduler=DCSystemScheduler native_sus=auto
[DCWorldExt] bind_map_data: 148 components bound (auto-registered=148; snapshot model; see world_ext.cpp comment & charter Â§11)
[DataCore] _data_core_world_ext bound=true (climate co-processor; class=DCWorldExt)
[native_world] configure rc=0 reason=configured cells=2400 wrap_period_x=103.923
[native_generation] path=gdext n=2400 published=9 native_ms=0.128 compute_ms=0.072 flush_ms=0.056
[hex_cell] facade ENABLED (2400 cells bound; ext=true)
[DataCore] _baker climate_profile injected=true (fixes WorldData.config==null sea_ice prepare path)
[phys_solve][oneshot] OK slp=0.99ms wind=0.42ms psi=0.34ms(ran=true) upwelling=0.03ms total=2.25ms
PhysicalCirculation solve@phase=1.50 total=3ms (C++ one-shot run_physical_solve_pass)
  wind/ocean pixel buffers: skipped (ocean_current_visual off)
[physical_init] deferred native refresh complete: 3ms
[cell_lut] deferred encode: 2ms path=gdext
[bio-occupancy] seed landmasses=10 provinces=10 species=20 secondary_hearths=22
[bio-occupancy]   bio.maize envelope=56 hearth=17 seeded_landmasses=1 primary_landmass=8 primary_envelope=31 occupied=17 occupied/envelope=0.55
[bio-occupancy]   bio.wheat envelope=225 hearth=58 seeded_landmasses=3 primary_landmass=1 primary_envelope=21 occupied=58 occupied/envelope=2.76
[bio-occupancy]   bio.rice envelope=71 hearth=19 seeded_landmasses=4 primary_landmass=2 primary_envelope=23 occupied=19 occupied/envelope=0.83
[bio-occupancy]   bio.potato envelope=163 hearth=55 seeded_landmasses=3 primary_landmass=8 primary_envelope=86 occupied=55 occupied/envelope=0.64
[bio-occupancy]   bio.horse envelope=242 hearth=48 seeded_landmasses=4 primary_landmass=2 primary_envelope=70 occupied=48 occupied/envelope=0.69
[bio-occupancy]   bio.cotton envelope=119 hearth=12 seeded_landmasses=1 primary_landmass=7 primary_envelope=22 occupied=12 occupied/envelope=0.55
[bio-occupancy]   bio.flax envelope=212 hearth=17 seeded_landmasses=2 primary_landmass=1 primary_envelope=21 occupied=17 occupied/envelope=0.81
[bio-occupancy]   bio.spice envelope=100 hearth=8 seeded_landmasses=2 primary_landmass=2 primary_envelope=26 occupied=8 occupied/envelope=0.31
[bio-occupancy]   bio.rubber envelope=56 hearth=7 seeded_landmasses=1 primary_landmass=7 primary_envelope=15 occupied=7 occupied/envelope=0.47
[bio-occupancy]   bio.sheep envelope=34 hearth=8 seeded_landmasses=1 primary_landmass=8 primary_envelope=17 occupied=8 occupied/envelope=0.47
[bio-occupancy]   bio.goat envelope=405 hearth=98 seeded_landmasses=4 primary_landmass=8 primary_envelope=187 occupied=98 occupied/envelope=0.52
[bio-occupancy]   bio.cattle envelope=13 hearth=5 seeded_landmasses=1 primary_landmass=8 primary_envelope=11 occupied=5 occupied/envelope=0.45
[bio-occupancy]   bio.pig envelope=287 hearth=89 seeded_landmasses=5 primary_landmass=8 primary_envelope=129 occupied=89 occupied/envelope=0.69
[bio-occupancy]   bio.camel envelope=45 hearth=6 seeded_landmasses=1 primary_landmass=6 primary_envelope=13 occupied=6 occupied/envelope=0.46
[bio-occupancy]   bio.yak envelope=192 hearth=68 seeded_landmasses=3 primary_landmass=2 primary_envelope=83 occupied=68 occupied/envelope=0.82
[bio-occupancy]   bio.silkworm envelope=144 hearth=23 seeded_landmasses=1 primary_landmass=8 primary_envelope=57 occupied=23 occupied/envelope=0.40
[bio-occupancy]   bio.reed envelope=148 hearth=31 seeded_landmasses=4 primary_landmass=8 primary_envelope=60 occupied=31 occupied/envelope=0.52
[bio-occupancy]   bio.bast_fiber envelope=279 hearth=65 seeded_landmasses=1 primary_landmass=8 primary_envelope=136 occupied=65 occupied/envelope=0.48
[bio-occupancy]   bio.dye_plant envelope=122 hearth=38 seeded_landmasses=2 primary_landmass=8 primary_envelope=53 occupied=38 occupied/envelope=0.72
[bio-occupancy]   bio.medicinal_herb envelope=371 hearth=151 seeded_landmasses=5 primary_landmass=8 primary_envelope=168 occupied=151 occupied/envelope=0.90
[bio-occupancy]   landmass 1 classes=cold_grazer, fiber_forest, dry_grazer, highland_food, open_food, open_grazer, fiber_open, forest_grazer foods=potato, wheat
[bio-occupancy]   landmass 2 classes=cold_grazer, fiber_forest, dry_grazer, open_grazer, fiber_wet, forest_grazer, open_food, highland_food, fiber_open, wetland_food, tropical foods=wheat, potato, rice
[bio-occupancy]   landmass 3 classes=none foods=none
[bio-occupancy]   landmass 4 classes=none foods=none
[bio-occupancy]   landmass 5 classes=none foods=none
[bio-occupancy]   landmass 6 classes=wetland_food, forest_grazer, fiber_wet, fiber_forest, open_grazer, dry_grazer, fiber_open, tropical foods=rice
[bio-occupancy]   landmass 7 classes=fiber_open, tropical, dry_grazer, open_food, open_grazer, fiber_forest, wetland_food, forest_grazer, fiber_wet foods=wheat, rice
[bio-occupancy]   landmass 8 classes=tropical, fiber_open, forest_grazer, dry_grazer, open_food, fiber_forest, wetland_food, open_grazer, highland_food, fiber_wet, cold_grazer foods=maize, rice, potato
[bio-occupancy]   landmass 9 classes=none foods=none
[bio-occupancy]   landmass 10 classes=none foods=none
[weather] gdext acceleration ON (class=DCWorldExt)
[weather] gdext field commit ON
[weather] gdext distribute ON
[weather] gdext summary ON
[weather] hexcell facade ON (skip AoS double-write in hot loop)
[weather] gdext resident knobs ON (class=KnobsHandle)
[economy] ACTIVE native graph cells=2400 goods=134 cohorts=24 epoch_days=1 trade=ACTIVE topology_ready=true topology_generation=1 bootstrap=starter_settlement_bootstrap_v9 founder_families=6 founder_people=6
[country] ACTIVE native authority countries=6 cells=2400 generation=1
[weather/knobs] resident KnobsHandle path ACTIVE — first to_*_knobs_dict hit (field_rebuild_count=1 expected ≤1; stable Hz target ≤1 Hz)
[native_daily] ACTIVE: registered native_daily_sim + natural_resource_daily + bio_occupancy_daily; retained season_refresh + ocean_currents boundary jobs
[DCSystemScheduler] topology: ["season_refresh", "trigger_runtime", "ideology_runtime", "effect_runtime", "modifier_daily", "gameplay_effect", "natural_resource_daily", "bio_occupancy_daily", "enum_atlas_upload", "ocean_currents", "native_daily_sim", "dynamic_visual_atlas_upload", "country_daily", "economy_daily"]
WARNING: [runtime-climate-round] no ClimateDailySystem; SHADOW capture carries no shared pass input
   at: push_warning (core/variant/variant_utility.cpp:1034)
   GDScript backtrace (most recent call first):
       [0] _build_runtime_climate_round_input (res://scripts/geography/map_generator.gd:4651)
       [1] capture_runtime_inputs_for_worker (res://scripts/geography/map_generator.gd:2351)
       [2] generate_world (res://scripts/game/world_runtime_host.gd:609)
       [3] generate (res://scripts/geography/map_generator.gd:1606)
       [4] _yield_generation_frame (res://scripts/geography/map_generator.gd:19867)
WARNING: [runtime-worker] Ideology opinion publish deferred: ideology_opinion_snapshot_invalid
   at: push_warning (core/variant/variant_utility.cpp:1034)
   GDScript backtrace (most recent call first):
       [0] _start_production_shadow_worker (res://scripts/game/world_runtime_host.gd:700)
       [1] generate_world (res://scripts/game/world_runtime_host.gd:618)
       [2] generate (res://scripts/geography/map_generator.gd:1606)
       [3] _yield_generation_frame (res://scripts/geography/map_generator.gd:19867)
[runtime-worker] production ACTIVE started mask=4095 auto_pod=true
[runtime-day-wait] day=1 env_day=0 missing=0x3ff economy_input=-1
[building-visual] intel_refresh requested=32 changed=1 known=1 catalog=400 resident=0 body=0 queued=0 zoom=1.000
[DCSystemScheduler][RT] ocean_skip#1 tick=1 reason=policy_gated slices=0 elapsed=0.000 progress=0.000 source=day_changed
[climate][publish] day=0 round_ran=1 prod_stage=0xff scalar_mask=0x7f alb=0 veg=0 fb=0 weather=0 sr=0 ok=1
[climate/worker][b8] physics_knobs day=1 ready=0 missing=physics_knobs
[climate-kernel][round] shared=1 ok=1 n_cells=2400 mask=0x1FF ran=0x1FF starved=0x0 knobs_cells=2400
[country][parity] worker_day=1 uncompared reference_range=-1..-1 depth=0
[DCSystemScheduler][RT] ocean_skip#2 tick=2 reason=policy_gated slices=0 elapsed=0.000 progress=0.000 source=day_changed
[climate/writeback][b8] day=1 vapor store0=0 map0=0 dirty_fields=42 applied=42
[phys/knobs] projection ready: slp=31 wind=33 psi=26 up=10
[climate/worker][b8] physics_knobs day=2 ready=1 missing=
[climate/worker][b8] paw day=2 cell=68 moisture=0.717273 wb30=0 soil=0 paw=0.717273 zeros(water=1544 land=5) nonzero=851 weights(wb=0.35 soil=0.25 dry=0.65) round=1 distribute=0 hydrology=0
[country][parity] worker_day=2 uncompared reference_range=-1..-1 depth=0
[economy-mirror-cost] day=2 capture_ms=3.445 import_ms=5.347
[climate/worker][b8] physics_knobs day=3 ready=1 missing=
[climate/worker][b8] paw day=3 cell=68 moisture=0.713462 wb30=0 soil=0 paw=0.713462 zeros(water=1544 land=7) nonzero=849 weights(wb=0.35 soil=0.25 dry=0.65) round=1 distribute=0 hydrology=0
[climate/writeback][b8] day=2 vapor store0=0 map0=0 dirty_fields=52 applied=52
[country][parity] worker_day=3 uncompared reference_range=-1..-1 depth=0
[climate/worker][b8] physics_knobs day=4 ready=1 missing=
[climate/worker][b8] paw day=4 cell=68 moisture=0.71567 wb30=0 soil=0 paw=0.71567 zeros(water=1544 land=7) nonzero=849 weights(wb=0.35 soil=0.25 dry=0.65) round=1 distribute=1 hydrology=0
[climate/writeback][b8] day=3 vapor store0=0 map0=0 dirty_fields=52 applied=52
[climate/worker][b8] cyclone_gate day=4 input_enabled=0 force_env=0 effective=0
[climate/worker][b8] weather_solve day=4 cells=2400 psi=1 vapor0=0.111618 precip0=0 cloud0=0.0428539 type0=0 field_init0=1
[country][parity] worker_day=4 uncompared reference_range=-1..-1 depth=0
[climate/worker][b8] physics_knobs day=5 ready=1 missing=
[climate/worker][b8] paw day=5 cell=68 moisture=0.715716 wb30=-0.000136284 soil=0 paw=0.715628 zeros(water=1544 land=7) nonzero=849 weights(wb=0.35 soil=0.25 dry=0.65) round=1 distribute=0 hydrology=0
[country][parity] worker_day=5 uncompared reference_range=-1..-1 depth=0
[climate/writeback][b8] day=4 vapor store0=0.111618 map0=0.111618 dirty_fields=54 applied=54
[climate/worker][b8] physics_knobs day=6 ready=1 missing=
[climate/worker][b8] paw day=6 cell=68 moisture=0.712846 wb30=-0.000136284 soil=0 paw=0.712757 zeros(water=1544 land=7) nonzero=849 weights(wb=0.35 soil=0.25 dry=0.65) round=1 distribute=0 hydrology=0
[country][parity] worker_day=6 uncompared reference_range=-1..-1 depth=0
[climate/worker][b8] paw day=7 cell=68 moisture=0.714521 wb30=-0.000136284 soil=-0.000327081 paw=0.714433 zeros(water=1544 land=7) nonzero=849 weights(wb=0.35 soil=0.25 dry=0.65) round=1 distribute=0 hydrology=0
[country][parity] worker_day=7 uncompared reference_range=-1..-1 depth=0
[climate/worker][b8] paw day=8 cell=68 moisture=0.717266 wb30=-0.000136284 soil=-0.000327081 paw=0.717177 zeros(water=1544 land=7) nonzero=849 weights(wb=0.35 soil=0.25 dry=0.65) round=1 distribute=0 hydrology=0
[country][parity] worker_day=8 uncompared reference_range=-1..-1 depth=0
[climate/worker][b8] paw day=9 cell=68 moisture=0.715071 wb30=-0.000136284 soil=-0.000327081 paw=0.714982 zeros(water=1544 land=7) nonzero=849 weights(wb=0.35 soil=0.25 dry=0.65) round=1 distribute=0 hydrology=0
[climate/worker][b8] paw day=10 cell=68 moisture=0.716347 wb30=-0.000136284 soil=-0.000327081 paw=0.716258 zeros(water=1544 land=7) nonzero=849 weights(wb=0.35 soil=0.25 dry=0.65) round=1 distribute=0 hydrology=0
[climate/worker][b8] paw day=11 cell=68 moisture=0.718435 wb30=-0.000136284 soil=-0.000327081 paw=0.718347 zeros(water=1544 land=7) nonzero=849 weights(wb=0.35 soil=0.25 dry=0.65) round=1 distribute=0 hydrology=0
[climate/worker][b8] paw day=12 cell=68 moisture=0.716766 wb30=-0.000136284 soil=-0.000327081 paw=0.716677 zeros(water=1544 land=7) nonzero=849 weights(wb=0.35 soil=0.25 dry=0.65) round=1 distribute=1 hydrology=0
[climate/worker][b8] cyclone_gate day=12 input_enabled=0 force_env=0 effective=0
[climate/worker][b8] weather_solve day=12 cells=2400 psi=1 vapor0=0.10245 precip0=0 cloud0=0.0526467 type0=0 field_init0=1
[climate/worker][b8] paw day=13 cell=68 moisture=0.716766 wb30=-0.000268264 soil=-0.000327081 paw=0.716592 zeros(water=1544 land=7) nonzero=849 weights(wb=0.35 soil=0.25 dry=0.65) round=1 distribute=0 hydrology=0
[climate/worker][b8] weather_solve day=20 cells=2400 psi=1 vapor0=0.0769802 precip0=0 cloud0=0.0373038 type0=0 field_init0=1
[clock/step] delta=6.9ms speed=50x target=0.34d cap=4.24d/f cost=1.89ms ran=0 pulse=0.00ms loop=0.00ms full=0.36ms carry=0.97 barrier=
[climate/worker][b8] weather_solve day=28 cells=2400 psi=1 vapor0=0.0774226 precip0=0 cloud0=0.0365195 type0=0 field_init0=1
[clock/step] delta=6.9ms speed=50x target=0.34d cap=8.00d/f cost=0.71ms ran=0 pulse=0.00ms loop=0.00ms full=0.37ms carry=0.75 barrier=
[clock/step] delta=6.9ms speed=50x target=0.35d cap=3.23d/f cost=2.48ms ran=0 pulse=0.00ms loop=0.00ms full=0.49ms carry=0.94 barrier=
[economy-open-finish] day=100 country=0.474 workset=0.025 fiscal=0.032 csr=0.005 recovery=0.001 vectors=0.944 audit=0.451 commands=0.000
[economy-prelude-cost] day=100 ms=2.256 pending=0
[economy-aggregate-cost] day=100 publish_ms=2.667 native_hash_ms=1.181
[economy-ledger-cost] day=100 copy_ms=0.569 validate_ms=0.202 hash_ms=0.784 cohorts=384 markets=321600
[economy-boundary-cost] day=100 formulas_ms=9.149 stages_ms=6.610 mirror_ms=2.962
[runtime-day-cost] day=100 ok=1 ms=16.851
[clock/step] delta=6.9ms speed=50x target=0.35d cap=6.48d/f cost=1.23ms ran=0 pulse=0.00ms loop=0.00ms full=0.50ms carry=0.68 barrier=
[clock/step] delta=6.9ms speed=50x target=0.35d cap=6.76d/f cost=1.18ms ran=0 pulse=0.11ms loop=0.00ms full=0.40ms carry=0.21 barrier=climate_input_capacity_day_barrier
[perf-record] start (start_tick=184 mode=CORE detail_period=1)
[stage-c/client] recording mode=ACTIVE worker=ACTIVE seconds=60.00 output=D:/Godot/ProjectKeynes/Project.Keynes/tmp/economy_opt/soak_current
[clock/step] delta=6.9ms speed=50x target=0.34d cap=6.06d/f cost=1.32ms ran=0 pulse=0.00ms loop=0.00ms full=0.34ms carry=0.48 barrier=
[economy-open-finish] day=200 country=0.630 workset=0.029 fiscal=0.037 csr=0.005 recovery=0.001 vectors=1.264 audit=0.898 commands=0.001
[economy-prelude-cost] day=200 ms=3.353 pending=0
[economy-aggregate-cost] day=200 publish_ms=2.686 native_hash_ms=1.202
[economy-ledger-cost] day=200 copy_ms=0.625 validate_ms=0.306 hash_ms=0.977 cohorts=384 markets=321600
[economy-boundary-cost] day=200 formulas_ms=10.736 stages_ms=6.934 mirror_ms=3.341
[runtime-day-cost] day=200 ok=1 ms=19.102
[clock/step] delta=7.1ms speed=50x target=0.36d cap=8.00d/f cost=0.72ms ran=0 pulse=0.08ms loop=0.00ms full=0.48ms carry=0.05 barrier=climate_input_capacity_day_barrier
[clock/step] delta=6.9ms speed=50x target=0.34d cap=8.00d/f cost=0.64ms ran=1 pulse=0.00ms loop=0.46ms full=0.68ms carry=0.27 barrier=climate_input_capacity_day_barrier
[clock/step] delta=6.9ms speed=50x target=0.35d cap=8.00d/f cost=0.61ms ran=1 pulse=0.00ms loop=0.47ms full=0.73ms carry=0.20 barrier=climate_input_capacity_day_barrier
[economy-open-finish] day=300 country=0.924 workset=0.029 fiscal=0.068 csr=0.005 recovery=0.001 vectors=1.067 audit=0.546 commands=0.001
[economy-prelude-cost] day=300 ms=3.194 pending=0
[economy-aggregate-cost] day=300 publish_ms=3.193 native_hash_ms=2.008
[economy-ledger-cost] day=300 copy_ms=0.910 validate_ms=0.313 hash_ms=1.420 cohorts=384 markets=321600
[economy-boundary-cost] day=300 formulas_ms=11.518 stages_ms=7.705 mirror_ms=4.980
[runtime-day-cost] day=300 ok=1 ms=24.529
[clock/step] delta=6.9ms speed=50x target=0.34d cap=8.00d/f cost=0.58ms ran=1 pulse=0.00ms loop=0.55ms full=0.74ms carry=0.06 barrier=climate_input_capacity_day_barrier
[clock/step] delta=6.9ms speed=50x target=0.35d cap=8.00d/f cost=0.64ms ran=0 pulse=0.12ms loop=0.00ms full=0.52ms carry=0.29 barrier=climate_input_capacity_day_barrier
[clock/step] delta=6.9ms speed=50x target=0.34d cap=8.00d/f cost=0.57ms ran=0 pulse=0.00ms loop=0.00ms full=0.25ms carry=0.60 barrier=
[economy-open-finish] day=400 country=0.564 workset=0.026 fiscal=0.033 csr=0.005 recovery=0.001 vectors=0.859 audit=0.617 commands=0.001
[economy-prelude-cost] day=400 ms=2.518 pending=0
[economy-aggregate-cost] day=400 publish_ms=3.052 native_hash_ms=1.693
[economy-ledger-cost] day=400 copy_ms=0.982 validate_ms=0.305 hash_ms=1.207 cohorts=384 markets=321600
[economy-boundary-cost] day=400 formulas_ms=11.202 stages_ms=8.125 mirror_ms=4.141
[runtime-day-cost] day=400 ok=1 ms=19.630
[clock/step] delta=6.9ms speed=50x target=0.34d cap=8.00d/f cost=0.59ms ran=1 pulse=0.00ms loop=0.51ms full=0.98ms carry=0.32 barrier=climate_input_capacity_day_barrier
[clock/step] delta=6.9ms speed=50x target=0.35d cap=4.58d/f cost=1.75ms ran=0 pulse=0.14ms loop=0.00ms full=0.60ms carry=0.31 barrier=climate_input_capacity_day_barrier
[clock/step] delta=6.9ms speed=50x target=0.35d cap=8.00d/f cost=0.65ms ran=0 pulse=0.00ms loop=0.00ms full=0.58ms carry=0.56 barrier=
[economy-open-finish] day=500 country=0.329 workset=0.026 fiscal=0.035 csr=0.004 recovery=0.001 vectors=0.794 audit=0.775 commands=0.001
[economy-prelude-cost] day=500 ms=2.404 pending=0
[economy-aggregate-cost] day=500 publish_ms=3.097 native_hash_ms=1.472
[economy-ledger-cost] day=500 copy_ms=0.788 validate_ms=0.230 hash_ms=1.337 cohorts=384 markets=321600
[economy-boundary-cost] day=500 formulas_ms=10.886 stages_ms=8.213 mirror_ms=4.063
[runtime-day-cost] day=500 ok=1 ms=20.318
[clock/step] delta=6.9ms speed=50x target=0.35d cap=5.48d/f cost=1.27ms ran=1 pulse=0.00ms loop=0.51ms full=0.78ms carry=0.12 barrier=climate_input_capacity_day_barrier
[clock/step] delta=6.9ms speed=50x target=0.35d cap=4.97d/f cost=1.61ms ran=0 pulse=0.08ms loop=0.00ms full=0.29ms carry=0.34 barrier=climate_input_capacity_day_barrier
[clock/step] delta=6.9ms speed=50x target=0.35d cap=8.00d/f cost=0.98ms ran=0 pulse=0.07ms loop=0.00ms full=0.35ms carry=0.02 barrier=climate_input_capacity_day_barrier
[economy-open-finish] day=600 country=0.337 workset=0.023 fiscal=0.036 csr=0.005 recovery=0.001 vectors=0.583 audit=0.821 commands=0.001
[economy-prelude-cost] day=600 ms=2.148 pending=0
[economy-aggregate-cost] day=600 publish_ms=2.644 native_hash_ms=1.167
[economy-ledger-cost] day=600 copy_ms=0.640 validate_ms=0.153 hash_ms=0.909 cohorts=384 markets=321600
[economy-boundary-cost] day=600 formulas_ms=9.326 stages_ms=6.909 mirror_ms=2.984
[runtime-day-cost] day=600 ok=1 ms=18.089
[clock/step] delta=6.9ms speed=50x target=0.35d cap=6.66d/f cost=1.20ms ran=0 pulse=0.00ms loop=0.00ms full=0.27ms carry=0.74 barrier=
[clock/step] delta=6.9ms speed=50x target=0.35d cap=8.00d/f cost=0.61ms ran=0 pulse=0.00ms loop=0.00ms full=0.49ms carry=0.71 barrier=
[clock/step] delta=6.9ms speed=50x target=0.34d cap=8.00d/f cost=0.62ms ran=0 pulse=0.00ms loop=0.00ms full=0.35ms carry=0.38 barrier=
[economy-open-finish] day=700 country=0.405 workset=0.021 fiscal=0.032 csr=0.005 recovery=0.001 vectors=1.002 audit=0.858 commands=0.002
[economy-prelude-cost] day=700 ms=2.729 pending=0
[economy-aggregate-cost] day=700 publish_ms=2.667 native_hash_ms=1.487
[economy-ledger-cost] day=700 copy_ms=0.884 validate_ms=0.150 hash_ms=0.880 cohorts=384 markets=321600
[economy-boundary-cost] day=700 formulas_ms=10.229 stages_ms=7.058 mirror_ms=3.590
[runtime-day-cost] day=700 ok=1 ms=19.094
[clock/step] delta=6.9ms speed=50x target=0.35d cap=8.00d/f cost=0.54ms ran=0 pulse=0.00ms loop=0.00ms full=0.34ms carry=1.00 barrier=
[clock/step] delta=6.9ms speed=50x target=0.34d cap=8.00d/f cost=0.83ms ran=0 pulse=0.00ms loop=0.00ms full=0.27ms carry=0.46 barrier=
[clock/step] delta=6.9ms speed=50x target=0.34d cap=8.00d/f cost=0.53ms ran=1 pulse=0.00ms loop=0.65ms full=0.99ms carry=0.28 barrier=climate_input_capacity_day_barrier
[economy-open-finish] day=800 country=0.366 workset=0.028 fiscal=0.032 csr=0.005 recovery=0.001 vectors=0.704 audit=0.656 commands=0.001
[economy-prelude-cost] day=800 ms=2.091 pending=0
[economy-aggregate-cost] day=800 publish_ms=2.606 native_hash_ms=1.124
[economy-ledger-cost] day=800 copy_ms=0.586 validate_ms=0.157 hash_ms=0.799 cohorts=384 markets=321600
[economy-boundary-cost] day=800 formulas_ms=9.504 stages_ms=7.119 mirror_ms=3.246
[runtime-day-cost] day=800 ok=1 ms=16.969
[clock/step] delta=8.3ms speed=50x target=0.42d cap=2.42d/f cost=2.74ms ran=1 pulse=0.00ms loop=0.45ms full=0.71ms carry=0.09 barrier=climate_input_capacity_day_barrier
[clock/step] delta=6.9ms speed=50x target=0.35d cap=8.00d/f cost=0.55ms ran=1 pulse=0.00ms loop=0.55ms full=0.79ms carry=0.21 barrier=climate_input_capacity_day_barrier
[clock/step] delta=6.9ms speed=50x target=0.35d cap=7.79d/f cost=1.03ms ran=0 pulse=0.00ms loop=0.00ms full=0.33ms carry=0.85 barrier=
[economy-open-finish] day=900 country=0.402 workset=0.054 fiscal=0.048 csr=0.005 recovery=0.001 vectors=0.660 audit=0.544 commands=0.001
[economy-prelude-cost] day=900 ms=2.015 pending=0
[economy-aggregate-cost] day=900 publish_ms=2.258 native_hash_ms=1.090
[economy-ledger-cost] day=900 copy_ms=0.442 validate_ms=0.154 hash_ms=0.691 cohorts=384 markets=321600
[economy-boundary-cost] day=900 formulas_ms=8.694 stages_ms=6.252 mirror_ms=2.593
[runtime-day-cost] day=900 ok=1 ms=16.984
[clock/step] delta=6.9ms speed=50x target=0.34d cap=8.00d/f cost=0.63ms ran=0 pulse=0.00ms loop=0.00ms full=0.42ms carry=0.69 barrier=
[clock/step] delta=6.9ms speed=50x target=0.35d cap=8.00d/f cost=0.58ms ran=1 pulse=0.00ms loop=0.55ms full=0.84ms carry=0.15 barrier=climate_input_capacity_day_barrier
[clock/step] delta=6.9ms speed=50x target=0.35d cap=8.00d/f cost=0.50ms ran=0 pulse=0.00ms loop=0.00ms full=0.32ms carry=0.80 barrier=
[economy-open-finish] day=1000 country=0.586 workset=0.022 fiscal=0.031 csr=0.005 recovery=0.001 vectors=0.778 audit=0.568 commands=0.001
[economy-prelude-cost] day=1000 ms=2.278 pending=0
[economy-aggregate-cost] day=1000 publish_ms=2.377 native_hash_ms=1.190
[economy-ledger-cost] day=1000 copy_ms=0.464 validate_ms=0.148 hash_ms=0.714 cohorts=384 markets=321600
[economy-boundary-cost] day=1000 formulas_ms=9.308 stages_ms=6.550 mirror_ms=2.593
[runtime-day-cost] day=1000 ok=1 ms=15.563
[clock/step] delta=6.9ms speed=50x target=0.34d cap=8.00d/f cost=0.59ms ran=0 pulse=0.00ms loop=0.00ms full=0.35ms carry=0.85 barrier=
[clock/step] delta=6.9ms speed=50x target=0.34d cap=8.00d/f cost=0.58ms ran=0 pulse=0.00ms loop=0.00ms full=0.35ms carry=0.57 barrier=
[clock/step] delta=6.9ms speed=50x target=0.35d cap=8.00d/f cost=0.53ms ran=0 pulse=0.36ms loop=0.00ms full=0.82ms carry=0.11 barrier=climate_input_capacity_day_barrier
[economy-open-finish] day=1100 country=0.514 workset=0.021 fiscal=0.029 csr=0.005 recovery=0.001 vectors=0.698 audit=0.808 commands=0.001
[economy-prelude-cost] day=1100 ms=2.363 pending=0
[economy-aggregate-cost] day=1100 publish_ms=2.405 native_hash_ms=1.154
[economy-ledger-cost] day=1100 copy_ms=0.450 validate_ms=0.155 hash_ms=0.703 cohorts=384 markets=321600
[economy-boundary-cost] day=1100 formulas_ms=9.955 stages_ms=7.332 mirror_ms=2.536
[runtime-day-cost] day=1100 ok=1 ms=17.203
[clock/step] delta=6.9ms speed=50x target=0.35d cap=8.00d/f cost=0.57ms ran=0 pulse=0.09ms loop=0.00ms full=0.46ms carry=0.09 barrier=climate_input_capacity_day_barrier
[clock/step] delta=6.9ms speed=50x target=0.35d cap=8.00d/f cost=0.59ms ran=0 pulse=0.11ms loop=0.00ms full=0.55ms carry=0.34 barrier=climate_input_capacity_day_barrier
[clock/step] delta=6.9ms speed=50x target=0.34d cap=8.00d/f cost=0.62ms ran=0 pulse=0.13ms loop=0.00ms full=0.66ms carry=0.13 barrier=climate_input_capacity_day_barrier
[economy-open-finish] day=1200 country=0.337 workset=0.027 fiscal=0.033 csr=0.005 recovery=0.001 vectors=0.875 audit=0.749 commands=0.001
[economy-prelude-cost] day=1200 ms=2.350 pending=0
[economy-aggregate-cost] day=1200 publish_ms=2.864 native_hash_ms=1.742
[economy-ledger-cost] day=1200 copy_ms=0.559 validate_ms=0.156 hash_ms=0.784 cohorts=384 markets=321600
[economy-boundary-cost] day=1200 formulas_ms=10.847 stages_ms=8.207 mirror_ms=3.206
[runtime-day-cost] day=1200 ok=1 ms=18.787
[clock/step] delta=6.9ms speed=50x target=0.35d cap=8.00d/f cost=0.95ms ran=0 pulse=0.22ms loop=0.00ms full=0.50ms carry=0.07 barrier=climate_input_capacity_day_barrier
[clock/step] delta=6.9ms speed=50x target=0.34d cap=8.00d/f cost=0.65ms ran=1 pulse=0.00ms loop=0.59ms full=0.91ms carry=0.20 barrier=climate_input_capacity_day_barrier
[clock/step] delta=6.9ms speed=50x target=0.35d cap=7.45d/f cost=1.07ms ran=0 pulse=0.07ms loop=0.00ms full=0.34ms carry=0.04 barrier=climate_input_capacity_day_barrier
[economy-open-finish] day=1300 country=0.328 workset=0.019 fiscal=0.029 csr=0.004 recovery=0.001 vectors=0.673 audit=0.468 commands=0.001
[economy-prelude-cost] day=1300 ms=1.824 pending=0
[economy-aggregate-cost] day=1300 publish_ms=2.329 native_hash_ms=1.140
[economy-ledger-cost] day=1300 copy_ms=0.412 validate_ms=0.168 hash_ms=0.884 cohorts=384 markets=321600
[economy-boundary-cost] day=1300 formulas_ms=8.360 stages_ms=6.236 mirror_ms=2.808
[runtime-day-cost] day=1300 ok=1 ms=15.823
[clock/step] delta=6.9ms speed=50x target=0.34d cap=8.00d/f cost=0.46ms ran=0 pulse=0.00ms loop=0.00ms full=0.43ms carry=0.92 barrier=
[clock/step] delta=6.9ms speed=50x target=0.35d cap=4.54d/f cost=1.76ms ran=0 pulse=0.00ms loop=0.00ms full=0.27ms carry=0.99 barrier=
[clock/step] delta=7.6ms speed=50x target=0.38d cap=4.10d/f cost=1.95ms ran=0 pulse=0.00ms loop=0.00ms full=0.28ms carry=0.97 barrier=
[economy-open-finish] day=1400 country=0.440 workset=0.024 fiscal=0.032 csr=0.005 recovery=0.001 vectors=0.854 audit=0.703 commands=0.001
[economy-prelude-cost] day=1400 ms=2.372 pending=0
[economy-aggregate-cost] day=1400 publish_ms=2.572 native_hash_ms=1.264
[economy-ledger-cost] day=1400 copy_ms=0.572 validate_ms=0.162 hash_ms=0.951 cohorts=384 markets=321600
[economy-boundary-cost] day=1400 formulas_ms=10.035 stages_ms=7.108 mirror_ms=3.046
[runtime-day-cost] day=1400 ok=1 ms=17.523
[clock/step] delta=6.9ms speed=50x target=0.34d cap=8.00d/f cost=0.87ms ran=0 pulse=0.12ms loop=0.00ms full=0.47ms carry=0.32 barrier=climate_input_capacity_day_barrier
[clock/step] delta=6.9ms speed=50x target=0.35d cap=8.00d/f cost=0.49ms ran=0 pulse=0.00ms loop=0.00ms full=0.35ms carry=0.72 barrier=
[clock/step] delta=7.4ms speed=50x target=0.37d cap=5.94d/f cost=1.18ms ran=1 pulse=0.00ms loop=0.52ms full=0.94ms carry=0.05 barrier=climate_input_capacity_day_barrier
[clock/step] delta=6.9ms speed=50x target=0.35d cap=8.00d/f cost=0.60ms ran=1 pulse=0.00ms loop=0.63ms full=0.96ms carry=0.01 barrier=climate_input_capacity_day_barrier
[economy-open-finish] day=1500 country=0.336 workset=0.023 fiscal=0.033 csr=0.059 recovery=0.001 vectors=0.729 audit=0.503 commands=0.001
[economy-prelude-cost] day=1500 ms=1.971 pending=0
[economy-aggregate-cost] day=1500 publish_ms=2.601 native_hash_ms=1.360
[economy-ledger-cost] day=1500 copy_ms=0.762 validate_ms=0.294 hash_ms=1.172 cohorts=384 markets=321600
[economy-boundary-cost] day=1500 formulas_ms=9.223 stages_ms=6.939 mirror_ms=3.712
[runtime-day-cost] day=1500 ok=1 ms=19.584
[clock/step] delta=6.9ms speed=50x target=0.35d cap=8.00d/f cost=0.81ms ran=0 pulse=0.00ms loop=0.00ms full=0.33ms carry=0.97 barrier=
[clock/step] delta=6.9ms speed=50x target=0.35d cap=8.00d/f cost=0.63ms ran=0 pulse=0.00ms loop=0.00ms full=0.27ms carry=0.56 barrier=
[clock/step] delta=6.7ms speed=50x target=0.33d cap=2.31d/f cost=3.46ms ran=0 pulse=0.12ms loop=0.00ms full=0.59ms carry=0.01 barrier=climate_input_capacity_day_barrier
[economy-open-finish] day=1600 country=0.661 workset=0.031 fiscal=0.084 csr=0.005 recovery=0.001 vectors=1.201 audit=0.785 commands=0.001
[economy-prelude-cost] day=1600 ms=3.184 pending=0
[economy-aggregate-cost] day=1600 publish_ms=2.882 native_hash_ms=1.312
[economy-ledger-cost] day=1600 copy_ms=1.372 validate_ms=0.295 hash_ms=1.327 cohorts=384 markets=321600
[economy-boundary-cost] day=1600 formulas_ms=12.386 stages_ms=8.651 mirror_ms=4.737
[runtime-day-cost] day=1600 ok=1 ms=22.446
[clock/step] delta=6.9ms speed=50x target=0.35d cap=8.00d/f cost=0.55ms ran=1 pulse=0.00ms loop=0.60ms full=0.90ms carry=0.32 barrier=climate_input_capacity_day_barrier
[clock/step] delta=6.9ms speed=50x target=0.35d cap=8.00d/f cost=0.55ms ran=0 pulse=0.00ms loop=0.00ms full=0.24ms carry=0.40 barrier=
[clock/step] delta=6.7ms speed=50x target=0.33d cap=8.00d/f cost=0.54ms ran=0 pulse=0.00ms loop=0.00ms full=0.56ms carry=0.34 barrier=
[economy-open-finish] day=1700 country=0.499 workset=0.032 fiscal=0.036 csr=0.005 recovery=0.001 vectors=1.310 audit=0.856 commands=0.001
[economy-prelude-cost] day=1700 ms=3.077 pending=0
[economy-aggregate-cost] day=1700 publish_ms=3.241 native_hash_ms=2.175
[economy-ledger-cost] day=1700 copy_ms=1.224 validate_ms=0.295 hash_ms=1.535 cohorts=384 markets=321600
[economy-boundary-cost] day=1700 formulas_ms=13.706 stages_ms=10.300 mirror_ms=4.764
[runtime-day-cost] day=1700 ok=1 ms=23.401
[clock/step] delta=6.9ms speed=50x target=0.35d cap=4.38d/f cost=1.57ms ran=1 pulse=0.00ms loop=0.56ms full=0.86ms carry=0.10 barrier=climate_input_capacity_day_barrier
[clock/step] delta=6.9ms speed=50x target=0.35d cap=8.00d/f cost=1.53ms ran=1 pulse=0.00ms loop=5.27ms full=5.52ms carry=0.05 barrier=climate_input_capacity_day_barrier
[clock/step] delta=6.9ms speed=50x target=0.35d cap=8.00d/f cost=0.83ms ran=0 pulse=0.12ms loop=0.00ms full=0.56ms carry=0.02 barrier=climate_input_capacity_day_barrier
[economy-open-finish] day=1800 country=0.443 workset=0.023 fiscal=0.032 csr=0.005 recovery=0.001 vectors=1.072 audit=0.920 commands=0.001
[economy-prelude-cost] day=1800 ms=2.930 pending=0
[economy-aggregate-cost] day=1800 publish_ms=2.768 native_hash_ms=1.131
[economy-ledger-cost] day=1800 copy_ms=0.554 validate_ms=0.154 hash_ms=0.817 cohorts=384 markets=321600
[economy-boundary-cost] day=1800 formulas_ms=10.886 stages_ms=7.517 mirror_ms=2.879
[runtime-day-cost] day=1800 ok=1 ms=20.154
[clock/step] delta=7.4ms speed=50x target=0.37d cap=2.86d/f cost=2.79ms ran=0 pulse=0.00ms loop=0.02ms full=0.54ms carry=0.71 barrier=
[clock/step] delta=6.9ms speed=50x target=0.34d cap=8.00d/f cost=0.68ms ran=1 pulse=0.00ms loop=0.33ms full=0.50ms carry=0.19 barrier=climate_input_capacity_day_barrier
[clock/step] delta=6.9ms speed=50x target=0.34d cap=8.00d/f cost=0.81ms ran=1 pulse=0.00ms loop=0.65ms full=0.94ms carry=0.26 barrier=climate_input_capacity_day_barrier
[economy-open-finish] day=1900 country=0.655 workset=0.028 fiscal=0.067 csr=0.004 recovery=0.001 vectors=1.266 audit=0.895 commands=0.001
[economy-prelude-cost] day=1900 ms=3.366 pending=0
[economy-aggregate-cost] day=1900 publish_ms=2.312 native_hash_ms=1.189
[economy-ledger-cost] day=1900 copy_ms=0.758 validate_ms=0.294 hash_ms=1.315 cohorts=384 markets=321600
[economy-boundary-cost] day=1900 formulas_ms=10.690 stages_ms=6.763 mirror_ms=3.836
[runtime-day-cost] day=1900 ok=1 ms=20.261
[clock/step] delta=6.9ms speed=50x target=0.35d cap=8.00d/f cost=0.90ms ran=1 pulse=0.00ms loop=0.82ms full=1.28ms carry=0.07 barrier=climate_input_capacity_day_barrier
[clock/step] delta=6.9ms speed=50x target=0.34d cap=8.00d/f cost=0.94ms ran=0 pulse=0.09ms loop=0.00ms full=0.33ms carry=0.00 barrier=climate_input_capacity_day_barrier
[clock/step] delta=6.9ms speed=50x target=0.35d cap=8.00d/f cost=0.70ms ran=0 pulse=0.00ms loop=0.00ms full=0.40ms carry=0.85 barrier=
[economy-open-finish] day=2000 country=0.400 workset=0.023 fiscal=0.031 csr=0.005 recovery=0.001 vectors=0.566 audit=0.741 commands=0.001
[economy-prelude-cost] day=2000 ms=2.091 pending=0
[economy-aggregate-cost] day=2000 publish_ms=2.631 native_hash_ms=1.295
[economy-ledger-cost] day=2000 copy_ms=0.495 validate_ms=0.170 hash_ms=0.705 cohorts=384 markets=321600
[economy-boundary-cost] day=2000 formulas_ms=10.453 stages_ms=7.912 mirror_ms=3.306
[runtime-day-cost] day=2000 ok=1 ms=18.010
[clock/step] delta=6.9ms speed=50x target=0.34d cap=8.00d/f cost=0.62ms ran=1 pulse=0.00ms loop=0.51ms full=0.89ms carry=0.05 barrier=climate_input_capacity_day_barrier
[clock/step] delta=6.9ms speed=50x target=0.34d cap=8.00d/f cost=0.45ms ran=1 pulse=0.00ms loop=0.41ms full=0.62ms carry=0.12 barrier=climate_input_capacity_day_barrier
[clock/step] delta=6.9ms speed=50x target=0.35d cap=8.00d/f cost=0.56ms ran=1 pulse=0.00ms loop=0.53ms full=0.88ms carry=0.01 barrier=climate_input_capacity_day_barrier
[economy-open-finish] day=2100 country=0.615 workset=0.031 fiscal=0.075 csr=0.005 recovery=0.001 vectors=1.090 audit=0.631 commands=0.001
[economy-prelude-cost] day=2100 ms=2.796 pending=0
[economy-aggregate-cost] day=2100 publish_ms=2.458 native_hash_ms=1.571
[economy-ledger-cost] day=2100 copy_ms=0.476 validate_ms=0.170 hash_ms=0.891 cohorts=384 markets=321600
[economy-boundary-cost] day=2100 formulas_ms=10.465 stages_ms=7.148 mirror_ms=3.351
[runtime-day-cost] day=2100 ok=1 ms=20.322
[clock/step] delta=6.9ms speed=50x target=0.35d cap=8.00d/f cost=0.58ms ran=0 pulse=0.00ms loop=0.00ms full=0.42ms carry=0.69 barrier=
[clock/step] delta=6.9ms speed=50x target=0.35d cap=8.00d/f cost=0.56ms ran=1 pulse=0.00ms loop=0.60ms full=0.93ms carry=0.24 barrier=climate_input_capacity_day_barrier
[clock/step] delta=6.9ms speed=50x target=0.35d cap=8.00d/f cost=0.59ms ran=0 pulse=0.00ms loop=0.00ms full=0.46ms carry=0.95 barrier=
[economy-open-finish] day=2200 country=0.646 workset=0.028 fiscal=0.069 csr=0.005 recovery=0.001 vectors=1.167 audit=0.799 commands=0.001
[economy-prelude-cost] day=2200 ms=3.085 pending=0
[economy-aggregate-cost] day=2200 publish_ms=2.483 native_hash_ms=1.650
[economy-ledger-cost] day=2200 copy_ms=0.579 validate_ms=0.181 hash_ms=0.813 cohorts=384 markets=321600
[economy-boundary-cost] day=2200 formulas_ms=11.455 stages_ms=7.822 mirror_ms=3.050
[runtime-day-cost] day=2200 ok=1 ms=19.572
[clock/step] delta=6.9ms speed=50x target=0.35d cap=8.00d/f cost=0.58ms ran=0 pulse=0.00ms loop=0.00ms full=0.55ms carry=0.84 barrier=
[clock/step] delta=6.9ms speed=50x target=0.35d cap=5.15d/f cost=1.55ms ran=0 pulse=0.00ms loop=0.00ms full=0.26ms carry=0.88 barrier=
[clock/step] delta=6.9ms speed=50x target=0.35d cap=4.77d/f cost=1.68ms ran=0 pulse=0.16ms loop=0.00ms full=0.61ms carry=0.06 barrier=climate_input_capacity_day_barrier
[economy-open-finish] day=2300 country=0.457 workset=0.021 fiscal=0.032 csr=0.005 recovery=0.001 vectors=0.655 audit=0.463 commands=0.001
[economy-prelude-cost] day=2300 ms=2.041 pending=0
[economy-aggregate-cost] day=2300 publish_ms=3.096 native_hash_ms=1.319
[economy-ledger-cost] day=2300 copy_ms=0.580 validate_ms=0.171 hash_ms=1.062 cohorts=384 markets=321600
[economy-boundary-cost] day=2300 formulas_ms=10.975 stages_ms=8.269 mirror_ms=3.405
[runtime-day-cost] day=2300 ok=1 ms=20.059
[clock/step] delta=6.9ms speed=50x target=0.35d cap=8.00d/f cost=0.53ms ran=0 pulse=0.00ms loop=0.00ms full=0.40ms carry=0.49 barrier=
[clock/step] delta=6.9ms speed=50x target=0.35d cap=5.54d/f cost=1.44ms ran=0 pulse=0.00ms loop=0.00ms full=0.35ms carry=0.51 barrier=
[clock/step] delta=7.1ms speed=50x target=0.36d cap=6.11d/f cost=1.16ms ran=1 pulse=0.00ms loop=0.57ms full=0.83ms carry=0.33 barrier=climate_input_capacity_day_barrier
[economy-open-finish] day=2400 country=0.328 workset=0.021 fiscal=0.058 csr=0.005 recovery=0.001 vectors=0.753 audit=0.552 commands=0.001
[economy-prelude-cost] day=2400 ms=2.244 pending=0
[economy-aggregate-cost] day=2400 publish_ms=2.963 native_hash_ms=1.181
[economy-ledger-cost] day=2400 copy_ms=0.873 validate_ms=0.161 hash_ms=1.084 cohorts=384 markets=321600
[economy-boundary-cost] day=2400 formulas_ms=11.579 stages_ms=8.827 mirror_ms=3.431
[runtime-day-cost] day=2400 ok=1 ms=21.380
[clock/step] delta=6.9ms speed=50x target=0.35d cap=8.00d/f cost=0.77ms ran=0 pulse=0.00ms loop=0.00ms full=0.24ms carry=0.86 barrier=
[clock/step] delta=6.9ms speed=50x target=0.35d cap=8.00d/f cost=0.80ms ran=0 pulse=0.00ms loop=0.00ms full=0.47ms carry=0.46 barrier=
[clock/step] delta=6.9ms speed=50x target=0.35d cap=8.00d/f cost=0.72ms ran=0 pulse=0.10ms loop=0.00ms full=0.55ms carry=0.28 barrier=climate_input_capacity_day_barrier
[economy-open-finish] day=2500 country=0.511 workset=0.030 fiscal=0.070 csr=0.005 recovery=0.001 vectors=0.945 audit=0.614 commands=0.001
[economy-prelude-cost] day=2500 ms=2.629 pending=0
[economy-aggregate-cost] day=2500 publish_ms=2.702 native_hash_ms=1.236
[economy-ledger-cost] day=2500 copy_ms=0.486 validate_ms=0.160 hash_ms=0.716 cohorts=384 markets=321600
[economy-boundary-cost] day=2500 formulas_ms=10.379 stages_ms=7.484 mirror_ms=3.400
[runtime-day-cost] day=2500 ok=1 ms=18.606
[clock/step] delta=6.9ms speed=50x target=0.35d cap=8.00d/f cost=0.66ms ran=0 pulse=0.00ms loop=0.00ms full=0.30ms carry=0.57 barrier=
[perf-record] exported rows=2340 cols=234 → D:/Godot/ProjectKeynes/Project.Keynes/tmp/economy_opt/soak_current/perf.csv
[stage-c/client] complete mode=ACTIVE frames=8624 fast_ticks=2340 perf=D:/Godot/ProjectKeynes/Project.Keynes/tmp/economy_opt/soak_current/perf.csv
ERROR: 44 RID allocations of type 'PN13RendererDummy14TextureStorage12DummyTextureE' were leaked at exit.
ERROR: 16 RID allocations of type 'PN18TextServerAdvanced22ShapedTextDataAdvancedE' were leaked at exit.
ERROR: 1 RID allocations of type 'PN18TextServerAdvanced12FontAdvancedE' were leaked at exit.
WARNING: ObjectDB instances leaked at exit (run with --verbose for details).
   at: cleanup (core/object/object.cpp:2641)
ERROR: 986 resources still in use at exit (run with --verbose for details).
   at: clear (core/io/resource.cpp:810)
