Godot Engine v4.6.2.stable.official.71f334935 - https://godotengine.org

[ui-layout-diag/bind_ui] is_web=false viewport_visible_rect=[P: (0.0, 0.0), S: (51.2, 51.2)] window_size=(64, 64) content_scale_factor=1.250 content_scale_mode=0 device_pixel_ratio=-1.000 top_bar_rect=[P: (0.0, 0.0), S: (543.0, 56.0)] right_panel_rect=[P: (-408.8, 68.0), S: (460.0, 366.0)] country_action_bar_rect=[P: (8.0, -30.8), S: (336.0, 74.0)]
[stage-c] authority=ACTIVE worker=ACTIVE
[building-visual] queue_probe ticks=1 queued=0 chunk=-1 camera_rect=[P: (-25.6, -25.6), S: (51.2, 51.2)] prefetch=false zoom=1.000
[building-visual] queue_probe ticks=2 queued=0 chunk=-1 camera_rect=[P: (-25.6, -25.6), S: (51.2, 51.2)] prefetch=false zoom=1.000
[native_generation/base] path=gdext algorithm=post_base_priority_flood_hydrology_v3 n=2400 native_ms=7.731 water=1553 land=847
[native_generation/post_base] path=gdext algorithm=post_base_priority_flood_hydrology_v3 n=2400 native_ms=1.616 lakes=4 rivers=105 volcanoes=0
[native_generation/vegetation] native_ms=0.599 candidates=841 none=1169 score=[0.000,1.236,1.114] plant_water_land=856 river_adjacent_desert=0 coastal_highland_desert=0 terrain_weight=[0.180,1.200]
[native_generation/qa] single_water=0 tiny<=3=0 small<=5=0 bodies=1 largest=1544 | land_below_sea=0.7% | terr_distinct=21 entropy=3.183bit | river_ratio=4.375%
MapGenerator v7: per-cell 87ms (2400 cells, path=gdext)
[building-visual] queue_probe ticks=3 queued=0 chunk=-1 camera_rect=[P: (-25.6, -25.6), S: (51.2, 51.2)] prefetch=false zoom=1.000
MapBaker v6: hm=(1024, 606) seed=1735228708
    [fused] terrain=72.6ms erosion=2.5ms(ok=true) river=15.0ms(ok=true) latitude=0.1ms coast_sdf=4.6ms(ok=true)
  geometry fields (fused C++): 165ms
  physical circulation hex solve: deferred until DCWorldExt bind (ext=true idx=true soa=false)
  wind/ocean pixel buffers: skipped (ocean_current_visual off)
  visual tiles: {"degradation_reason":"","effective_budget_px":1717248,"effective_texels_per_hex":16.0059221751742,"effective_world_units_per_texel":"(1.373983, 1.375)","estimated_peak_bytes":68402880,"estimated_resident_bytes":40340160,"fallback_reason":"","generation_id":1,"grid_size":"(4, 3)","gutter_px":2,"hex_size":22.0,"horizon_path":"neutral_pending","interior_size":"(416, 344)","layer_size":"(420, 348)","layers":[{"bake_ms":53.3808,"coast_sdf_max_dist_px":13.6162309214075,"distance_scale":1.70202886517594,"edge_distance_saturate_hex":0.9,"edge_distance_units":"normalized_hex_center_gap","hashes":{"edge_distance":-4603098080143260562,"edge_neighbor":4057764273350575789,"height":-9124830669634210576,"map_index":1015450256520461008,"terrain_detail":1415298026641868910,"terrain_normal":4240255112308713771,"water_depth":2330624858830770480},"layer":0,"normal_radius_px":"(22, 22)","raster_scale":"(1.701088, 1.70297)","river_sdf_max_dist_px":5.9571010281158,"shore_carve_band_px":10,"upload_ms":0.058,"wall_ms":53.571},{"bake_ms":66.1297,"coast_sdf_max_dist_px":13.6162309214075,"distance_scale":1.70202886517594,"edge_distance_saturate_hex":0.9,"edge_distance_units":"normalized_hex_center_gap","hashes":{"edge_distance":4583573183968817086,"edge_neighbor":6466940111421570636,"height":5790856781181676511,"map_index":5990047724644026299,"terrain_detail":1806575389526097655,"terrain_normal":3908465376956190299,"water_depth":2547432928052609473},"layer":1,"normal_radius_px":"(22, 22)","raster_scale":"(1.701088, 1.70297)","river_sdf_max_dist_px":5.9571010281158,"shore_carve_band_px":10,"upload_ms":0.077,"wall_ms":66.321},{"bake_ms":69.0663,"coast_sdf_max_dist_px":13.6162309214075,"distance_scale":1.70202886517594,"edge_distance_saturate_hex":0.9,"edge_distance_units":"normalized_hex_center_gap","hashes":{"edge_distance":-2526323355750389439,"edge_neighbor":7015029410290978361,"height":-8150332218754556700,"map_index":329090656303652193,"terrain_detail":-392433696576850044,"terrain_normal":-4965863177888236808,"water_depth":-7217348512352819415},"layer":2,"normal_radius_px":"(22, 22)","raster_scale":"(1.701088, 1.70297)","river_sdf_max_dist_px":5.9571010281158,"shore_carve_band_px":10,"upload_ms":0.073,"wall_ms":69.258},{"bake_ms":108.4737,"coast_sdf_max_dist_px":13.6162309214075,"distance_scale":1.70202886517594,"edge_distance_saturate_hex":0.9,"edge_distance_units":"normalized_hex_center_gap","hashes":{"edge_distance":-4179826732684646787,"edge_neighbor":-5337848294581530626,"height":-7426228563537643593,"map_index":1239439826928151201,"terrain_detail":-8513326582372265254,"terrain_normal":8092780547537771097,"water_depth":-6092640318278072007},"layer":3,"normal_radius_px":"(22, 22)","raster_scale":"(1.701088, 1.70297)","river_sdf_max_dist_px":5.9571010281158,"shore_carve_band_px":10,"upload_ms":0.073,"wall_ms":108.644},{"bake_ms":61.5216,"coast_sdf_max_dist_px":13.6162309214075,"distance_scale":1.70202886517594,"edge_distance_saturate_hex":0.9,"edge_distance_units":"normalized_hex_center_gap","hashes":{"edge_distance":2136869506241081992,"edge_neighbor":-8797880867138963685,"height":-4924567352001132959,"map_index":-4231209514887179977,"terrain_detail":8772909128008927660,"terrain_normal":-6784207502925496102,"water_depth":-7492134226470272506},"layer":4,"normal_radius_px":"(22, 22)","raster_scale":"(1.701088, 1.70297)","river_sdf_max_dist_px":5.9571010281158,"shore_carve_band_px":10,"upload_ms":0.075,"wall_ms":61.699},{"bake_ms":110.9946,"coast_sdf_max_dist_px":13.6162309214075,"distance_scale":1.70202886517594,"edge_distance_saturate_hex":0.9,"edge_distance_units":"normalized_hex_center_gap","hashes":{"edge_distance":6673149775916606392,"edge_neighbor":-8413630352766524385,"height":-6889378239635599087,"map_index":-3551392040916973266,"terrain_detail":1687709548716503895,"terrain_normal":3946453442722986154,"water_depth":6600269933117438995},"layer":5,"normal_radius_px":"(22, 22)","raster_scale":"(1.701088, 1.70297)","river_sdf_max_dist_px":5.9571010281158,"shore_carve_band_px":10,"upload_ms":0.074,"wall_ms":111.186},{"bake_ms":71.0046,"coast_sdf_max_dist_px":13.6162309214075,"distance_scale":1.70202886517594,"edge_distance_saturate_hex":0.9,"edge_distance_units":"normalized_hex_center_gap","hashes":{"edge_distance":361706081270387103,"edge_neighbor":-8688139845739281855,"height":699499231114171702,"map_index":-2682228531129457940,"terrain_detail":-8811551234231146331,"terrain_normal":-265631937775218288,"water_depth":6856409090380917935},"layer":6,"normal_radius_px":"(22, 22)","raster_scale":"(1.701088, 1.70297)","river_sdf_max_dist_px":5.9571010281158,"shore_carve_band_px":10,"upload_ms":0.078,"wall_ms":71.203},{"bake_ms":81.2188,"coast_sdf_max_dist_px":13.6162309214075,"distance_scale":1.70202886517594,"edge_distance_saturate_hex":0.9,"edge_distance_units":"normalized_hex_center_gap","hashes":{"edge_distance":-6250500223095183093,"edge_neighbor":5418444607076768559,"height":1419229568066409352,"map_index":4380956599171502337,"terrain_detail":-894743883384344824,"terrain_normal":4459428523621274975,"water_depth":-6366031586637808975},"layer":7,"normal_radius_px":"(22, 22)","raster_scale":"(1.701088, 1.70297)","river_sdf_max_dist_px":5.9571010281158,"shore_carve_band_px":10,"upload_ms":0.067,"wall_ms":81.395},{"bake_ms":75.0323,"coast_sdf_max_dist_px":13.6162309214075,"distance_scale":1.70202886517594,"edge_distance_saturate_hex":0.9,"edge_distance_units":"normalized_hex_center_gap","hashes":{"edge_distance":8492285698888321900,"edge_neighbor":3199635046979891388,"height":4828838600007938123,"map_index":-7514139010467297966,"terrain_detail":-8950604297692130837,"terrain_normal":-3593785506946687824,"water_depth":5761060537573716235},"layer":8,"normal_radius_px":"(22, 22)","raster_scale":"(1.701088, 1.70297)","river_sdf_max_dist_px":5.9571010281158,"shore_carve_band_px":10,"upload_ms":0.076,"wall_ms":75.219},{"bake_ms":107.4224,"coast_sdf_max_dist_px":13.6162309214075,"distance_scale":1.70202886517594,"edge_distance_saturate_hex":0.9,"edge_distance_units":"normalized_hex_center_gap","hashes":{"edge_distance":9117926548072241235,"edge_neighbor":-7557104988675294500,"height":618468365387938347,"map_index":-5885543932102826664,"terrain_detail":3877245088374033799,"terrain_normal":-6778421208245397131,"water_depth":2200779154463963187},"layer":9,"normal_radius_px":"(22, 22)","raster_scale":"(1.701088, 1.70297)","river_sdf_max_dist_px":5.9571010281158,"shore_carve_band_px":10,"upload_ms":0.081,"wall_ms":107.629},{"bake_ms":53.4526,"coast_sdf_max_dist_px":13.6162309214075,"distance_scale":1.70202886517594,"edge_distance_saturate_hex":0.9,"edge_distance_units":"normalized_hex_center_gap","hashes":{"edge_distance":-3745585455065177449,"edge_neighbor":2404961067888014635,"height":-3115442796632843800,"map_index":-6211809985430628861,"terrain_detail":1161812488860344551,"terrain_normal":6456972146840247766,"water_depth":1987210436922770546},"layer":10,"normal_radius_px":"(22, 22)","raster_scale":"(1.701088, 1.70297)","river_sdf_max_dist_px":5.9571010281158,"shore_carve_band_px":10,"upload_ms":0.061,"wall_ms":53.619},{"bake_ms":47.5835,"coast_sdf_max_dist_px":13.6162309214075,"distance_scale":1.70202886517594,"edge_distance_saturate_hex":0.9,"edge_distance_units":"normalized_hex_center_gap","hashes":{"edge_distance":-1470570636688572573,"edge_neighbor":-6057560351645416949,"height":-5827593206795043862,"map_index":-2248414732901839783,"terrain_detail":7630543887994105174,"terrain_normal":8582387156502791927,"water_depth":-6103088449435849452},"layer":11,"normal_radius_px":"(22, 22)","raster_scale":"(1.701088, 1.70297)","river_sdf_max_dist_px":5.9571010281158,"shore_carve_band_px":10,"upload_ms":0.105,"wall_ms":47.838}],"logical_size":"(1664, 1032)","mode":"tiled","path":"visual_tiled_static","profile":"desktop_high","renderer":"mobile","requested_budget_px":1716216,"requested_texels_per_hex":16.0,"requested_tile_world_span":"(704.0, 704.0)","requested_world_units_per_texel":1.375,"tile_world_area":270355.817993164,"tile_world_span":"(571.5768, 473.0)","total_ms":911.542,"visual_domain":"[P: (0.0, -44.0), S: (2286.307, 1419.0)]","wrap_period_x":2286.30706599092,"wrap_x":true}
WARNING: Loaded resource as image file, this will not work on export: 'res://assets/textures/terrain_materials/organic.png'. Instead, import the image file as an Image resource and load it normally as a resource.
   at: load (core/io/image.cpp:2756)
   GDScript backtrace (most recent call first):
       [0] _build_terrain_material_tex (res://scripts/rendering/map_baker.gd:360)
       [1] get_or_build_shared_terrain_material_tex (res://scripts/rendering/map_baker.gd:343)
       [2] bake_world (res://scripts/rendering/map_baker.gd:1187)
       [3] _yield_generation_frame (res://scripts/rendering/map_baker.gd:1225)
WARNING: Loaded resource as image file, this will not work on export: 'res://assets/textures/terrain_materials/dry_sand.png'. Instead, import the image file as an Image resource and load it normally as a resource.
   at: load (core/io/image.cpp:2756)
   GDScript backtrace (most recent call first):
       [0] _build_terrain_material_tex (res://scripts/rendering/map_baker.gd:360)
       [1] get_or_build_shared_terrain_material_tex (res://scripts/rendering/map_baker.gd:343)
       [2] bake_world (res://scripts/rendering/map_baker.gd:1187)
       [3] _yield_generation_frame (res://scripts/rendering/map_baker.gd:1225)
WARNING: Loaded resource as image file, this will not work on export: 'res://assets/textures/terrain_materials/rock.png'. Instead, import the image file as an Image resource and load it normally as a resource.
   at: load (core/io/image.cpp:2756)
   GDScript backtrace (most recent call first):
       [0] _build_terrain_material_tex (res://scripts/rendering/map_baker.gd:360)
       [1] get_or_build_shared_terrain_material_tex (res://scripts/rendering/map_baker.gd:343)
       [2] bake_world (res://scripts/rendering/map_baker.gd:1187)
       [3] _yield_generation_frame (res://scripts/rendering/map_baker.gd:1225)
WARNING: Loaded resource as image file, this will not work on export: 'res://assets/textures/terrain_materials/snow_wet.png'. Instead, import the image file as an Image resource and load it normally as a resource.
   at: load (core/io/image.cpp:2756)
   GDScript backtrace (most recent call first):
       [0] _build_terrain_material_tex (res://scripts/rendering/map_baker.gd:360)
       [1] get_or_build_shared_terrain_material_tex (res://scripts/rendering/map_baker.gd:343)
       [2] bake_world (res://scripts/rendering/map_baker.gd:1187)
       [3] _yield_generation_frame (res://scripts/rendering/map_baker.gd:1225)
  cell LUT encode: deferred until DCWorldExt bind
  encode: 4088ms
MapBaker v6: total 4262ms
MapGenerator v7: bake 4296ms
MapGenerator: skip _compute_ocean_currents (physical-hex path writes per-cell directly)
MapGenerator: skip _compute_terrain_perturbed_wind (physical-hex solver writes per-cell)
[SUS] sim budget strict=false frame=8.00ms warn=2.00ms slice=0.75ms upload=1.50ms scheduler=DCSystemScheduler native_sus=auto
[DCWorldExt] bind_map_data: 148 components bound (auto-registered=148; snapshot model; see world_ext.cpp comment & charter Â§11)
[DataCore] _data_core_world_ext bound=true (climate co-processor; class=DCWorldExt)
[native_world] configure rc=0 reason=configured cells=2400 wrap_period_x=103.923
[native_generation] path=gdext n=2400 published=9 native_ms=0.122 compute_ms=0.056 flush_ms=0.066
[hex_cell] facade ENABLED (2400 cells bound; ext=true)
[DataCore] _baker climate_profile injected=true (fixes WorldData.config==null sea_ice prepare path)
[phys_solve][oneshot] OK slp=1.45ms wind=0.56ms psi=0.61ms(ran=true) upwelling=0.07ms total=3.27ms
PhysicalCirculation solve@phase=1.50 total=4ms (C++ one-shot run_physical_solve_pass)
  wind/ocean pixel buffers: skipped (ocean_current_visual off)
[physical_init] deferred native refresh complete: 4ms
[cell_lut] deferred encode: 2ms path=gdext
[bio-occupancy] seed landmasses=10 provinces=10 species=20 secondary_hearths=22
[bio-occupancy]   bio.maize envelope=56 hearth=17 seeded_landmasses=1 primary_landmass=8 primary_envelope=31 occupied=17 occupied/envelope=0.55
[bio-occupancy]   bio.wheat envelope=225 hearth=58 seeded_landmasses=3 primary_landmass=1 primary_envelope=21 occupied=58 occupied/envelope=2.76
[bio-occupancy]   bio.rice envelope=71 hearth=19 seeded_landmasses=4 primary_landmass=2 primary_envelope=23 occupied=19 occupied/envelope=0.83
[bio-occupancy]   bio.potato envelope=163 hearth=55 seeded_landmasses=3 primary_landmass=8 primary_envelope=86 occupied=55 occupied/envelope=0.64
[bio-occupancy]   bio.horse envelope=242 hearth=48 seeded_landmasses=4 primary_landmass=2 primary_envelope=70 occupied=48 occupied/envelope=0.69
[bio-occupancy]   bio.cotton envelope=119 hearth=12 seeded_landmasses=1 primary_landmass=7 primary_envelope=22 occupied=12 occupied/envelope=0.55
[bio-occupancy]   bio.flax envelope=212 hearth=17 seeded_landmasses=2 primary_landmass=1 primary_envelope=21 occupied=17 occupied/envelope=0.81
[bio-occupancy]   bio.spice envelope=100 hearth=8 seeded_landmasses=2 primary_landmass=2 primary_envelope=26 occupied=8 occupied/envelope=0.31
[bio-occupancy]   bio.rubber envelope=56 hearth=7 seeded_landmasses=1 primary_landmass=7 primary_envelope=15 occupied=7 occupied/envelope=0.47
[bio-occupancy]   bio.sheep envelope=34 hearth=8 seeded_landmasses=1 primary_landmass=8 primary_envelope=17 occupied=8 occupied/envelope=0.47
[bio-occupancy]   bio.goat envelope=405 hearth=98 seeded_landmasses=4 primary_landmass=8 primary_envelope=187 occupied=98 occupied/envelope=0.52
[bio-occupancy]   bio.cattle envelope=13 hearth=5 seeded_landmasses=1 primary_landmass=8 primary_envelope=11 occupied=5 occupied/envelope=0.45
[bio-occupancy]   bio.pig envelope=287 hearth=89 seeded_landmasses=5 primary_landmass=8 primary_envelope=129 occupied=89 occupied/envelope=0.69
[bio-occupancy]   bio.camel envelope=45 hearth=6 seeded_landmasses=1 primary_landmass=6 primary_envelope=13 occupied=6 occupied/envelope=0.46
[bio-occupancy]   bio.yak envelope=192 hearth=68 seeded_landmasses=3 primary_landmass=2 primary_envelope=83 occupied=68 occupied/envelope=0.82
[bio-occupancy]   bio.silkworm envelope=144 hearth=23 seeded_landmasses=1 primary_landmass=8 primary_envelope=57 occupied=23 occupied/envelope=0.40
[bio-occupancy]   bio.reed envelope=148 hearth=31 seeded_landmasses=4 primary_landmass=8 primary_envelope=60 occupied=31 occupied/envelope=0.52
[bio-occupancy]   bio.bast_fiber envelope=279 hearth=65 seeded_landmasses=1 primary_landmass=8 primary_envelope=136 occupied=65 occupied/envelope=0.48
[bio-occupancy]   bio.dye_plant envelope=122 hearth=38 seeded_landmasses=2 primary_landmass=8 primary_envelope=53 occupied=38 occupied/envelope=0.72
[bio-occupancy]   bio.medicinal_herb envelope=371 hearth=151 seeded_landmasses=5 primary_landmass=8 primary_envelope=168 occupied=151 occupied/envelope=0.90
[bio-occupancy]   landmass 1 classes=cold_grazer, fiber_forest, dry_grazer, highland_food, open_food, open_grazer, fiber_open, forest_grazer foods=potato, wheat
[bio-occupancy]   landmass 2 classes=cold_grazer, fiber_forest, dry_grazer, open_grazer, fiber_wet, forest_grazer, open_food, highland_food, fiber_open, wetland_food, tropical foods=wheat, potato, rice
[bio-occupancy]   landmass 3 classes=none foods=none
[bio-occupancy]   landmass 4 classes=none foods=none
[bio-occupancy]   landmass 5 classes=none foods=none
[bio-occupancy]   landmass 6 classes=wetland_food, forest_grazer, fiber_wet, fiber_forest, open_grazer, dry_grazer, fiber_open, tropical foods=rice
[bio-occupancy]   landmass 7 classes=fiber_open, tropical, dry_grazer, open_food, open_grazer, fiber_forest, wetland_food, forest_grazer, fiber_wet foods=wheat, rice
[bio-occupancy]   landmass 8 classes=tropical, fiber_open, forest_grazer, dry_grazer, open_food, fiber_forest, wetland_food, open_grazer, highland_food, fiber_wet, cold_grazer foods=maize, rice, potato
[bio-occupancy]   landmass 9 classes=none foods=none
[bio-occupancy]   landmass 10 classes=none foods=none
[weather] gdext acceleration ON (class=DCWorldExt)
[weather] gdext field commit ON
[weather] gdext distribute ON
[weather] gdext summary ON
[weather] hexcell facade ON (skip AoS double-write in hot loop)
[weather] gdext resident knobs ON (class=KnobsHandle)
[economy] ACTIVE native graph cells=2400 goods=134 cohorts=24 epoch_days=1 trade=ACTIVE topology_ready=true topology_generation=1 bootstrap=starter_settlement_bootstrap_v9 founder_families=6 founder_people=6
[country] ACTIVE native authority countries=6 cells=2400 generation=1
[weather/knobs] resident KnobsHandle path ACTIVE — first to_*_knobs_dict hit (field_rebuild_count=1 expected ≤1; stable Hz target ≤1 Hz)
[native_daily] ACTIVE: registered native_daily_sim + natural_resource_daily + bio_occupancy_daily; retained season_refresh + ocean_currents boundary jobs
[DCSystemScheduler] topology: ["season_refresh", "trigger_runtime", "ideology_runtime", "effect_runtime", "modifier_daily", "gameplay_effect", "natural_resource_daily", "bio_occupancy_daily", "enum_atlas_upload", "ocean_currents", "native_daily_sim", "dynamic_visual_atlas_upload", "country_daily", "economy_daily"]
WARNING: [runtime-climate-round] no ClimateDailySystem; SHADOW capture carries no shared pass input
   at: push_warning (core/variant/variant_utility.cpp:1034)
   GDScript backtrace (most recent call first):
       [0] _build_runtime_climate_round_input (res://scripts/geography/map_generator.gd:4651)
       [1] capture_runtime_inputs_for_worker (res://scripts/geography/map_generator.gd:2351)
       [2] generate_world (res://scripts/game/world_runtime_host.gd:609)
       [3] generate (res://scripts/geography/map_generator.gd:1606)
       [4] _yield_generation_frame (res://scripts/geography/map_generator.gd:19867)
WARNING: [runtime-worker] Ideology opinion publish deferred: ideology_opinion_snapshot_invalid
   at: push_warning (core/variant/variant_utility.cpp:1034)
   GDScript backtrace (most recent call first):
       [0] _start_production_shadow_worker (res://scripts/game/world_runtime_host.gd:700)
       [1] generate_world (res://scripts/game/world_runtime_host.gd:618)
       [2] generate (res://scripts/geography/map_generator.gd:1606)
       [3] _yield_generation_frame (res://scripts/geography/map_generator.gd:19867)
[runtime-day-wait] day=1 env_day=0 missing=0x3ff economy_input=-1
[runtime-worker] production ACTIVE started mask=4095 auto_pod=true
[building-visual] intel_refresh requested=32 changed=1 known=1 catalog=400 resident=0 body=0 queued=0 zoom=1.000
[DCSystemScheduler][RT] ocean_skip#1 tick=1 reason=policy_gated slices=0 elapsed=0.000 progress=0.000 source=day_changed
[climate][publish] day=0 round_ran=1 prod_stage=0xff scalar_mask=0x7f alb=0 veg=0 fb=0 weather=0 sr=0 ok=1
[climate/worker][b8] physics_knobs day=1 ready=0 missing=physics_knobs
[climate-kernel][round] shared=1 ok=1 n_cells=2400 mask=0x1FF ran=0x1FF starved=0x0 knobs_cells=2400
[DCSystemScheduler][RT] ocean_skip#2 tick=2 reason=policy_gated slices=0 elapsed=0.000 progress=0.000 source=day_changed
[country][parity] worker_day=1 uncompared reference_range=-1..-1 depth=0
[economy-mirror-cost] day=1 capture_ms=2.743 import_ms=4.963
[climate/writeback][b8] day=1 vapor store0=0 map0=0 dirty_fields=42 applied=42
[phys/knobs] projection ready: slp=31 wind=33 psi=26 up=10
[climate/worker][b8] physics_knobs day=2 ready=1 missing=
[climate/worker][b8] paw day=2 cell=68 moisture=0.717273 wb30=0 soil=0 paw=0.717273 zeros(water=1544 land=5) nonzero=851 weights(wb=0.35 soil=0.25 dry=0.65) round=1 distribute=0 hydrology=0
[climate/worker][b8] physics_knobs day=3 ready=1 missing=
[climate/worker][b8] paw day=3 cell=68 moisture=0.71349 wb30=0 soil=0 paw=0.71349 zeros(water=1544 land=7) nonzero=849 weights(wb=0.35 soil=0.25 dry=0.65) round=1 distribute=0 hydrology=0
[climate/writeback][b8] day=2 vapor store0=0 map0=0 dirty_fields=52 applied=52
[country][parity] worker_day=3 uncompared reference_range=2..2 depth=1
[climate/worker][b8] physics_knobs day=4 ready=1 missing=
[climate/writeback][b8] day=3 vapor store0=0 map0=0 dirty_fields=52 applied=52
[climate/worker][b8] paw day=4 cell=68 moisture=0.71574 wb30=0 soil=0 paw=0.71574 zeros(water=1544 land=7) nonzero=849 weights(wb=0.35 soil=0.25 dry=0.65) round=1 distribute=1 hydrology=0
[climate/worker][b8] cyclone_gate day=4 input_enabled=0 force_env=0 effective=0
[climate/worker][b8] weather_solve day=4 cells=2400 psi=1 vapor0=0.11215 precip0=0 cloud0=0.0421584 type0=0 field_init0=1
[country][parity] worker_day=4 uncompared reference_range=2..2 depth=1
[climate/worker][b8] physics_knobs day=5 ready=1 missing=
[climate/worker][b8] paw day=5 cell=68 moisture=0.712867 wb30=-0.000135636 soil=0 paw=0.712779 zeros(water=1544 land=7) nonzero=849 weights(wb=0.35 soil=0.25 dry=0.65) round=1 distribute=0 hydrology=0
[country][parity] worker_day=5 uncompared reference_range=2..2 depth=1
[climate/writeback][b8] day=4 vapor store0=0.11215 map0=0.11215 dirty_fields=54 applied=54
[climate/worker][b8] physics_knobs day=6 ready=1 missing=
[climate/worker][b8] paw day=6 cell=68 moisture=0.714516 wb30=-0.000135636 soil=-0.000325526 paw=0.714428 zeros(water=1544 land=7) nonzero=849 weights(wb=0.35 soil=0.25 dry=0.65) round=1 distribute=0 hydrology=0
[country][parity] worker_day=6 uncompared reference_range=2..2 depth=1
[climate/worker][b8] paw day=7 cell=68 moisture=0.71509 wb30=-0.000135636 soil=-0.000325526 paw=0.715002 zeros(water=1544 land=7) nonzero=849 weights(wb=0.35 soil=0.25 dry=0.65) round=1 distribute=0 hydrology=0
[country][parity] worker_day=7 uncompared reference_range=2..2 depth=1
[climate/worker][b8] paw day=8 cell=68 moisture=0.716386 wb30=-0.000135636 soil=-0.000325526 paw=0.716298 zeros(water=1544 land=7) nonzero=849 weights(wb=0.35 soil=0.25 dry=0.65) round=1 distribute=0 hydrology=0
[country][parity] worker_day=8 uncompared reference_range=2..2 depth=1
[climate/worker][b8] paw day=9 cell=68 moisture=0.716821 wb30=-0.000135636 soil=-0.000325526 paw=0.716733 zeros(water=1544 land=7) nonzero=849 weights(wb=0.35 soil=0.25 dry=0.65) round=1 distribute=0 hydrology=0
[country][parity] worker_day=9 uncompared reference_range=2..2 depth=1
[climate/worker][b8] paw day=10 cell=68 moisture=0.717797 wb30=-0.000135636 soil=-0.000325526 paw=0.717709 zeros(water=1544 land=7) nonzero=849 weights(wb=0.35 soil=0.25 dry=0.65) round=1 distribute=0 hydrology=0
[climate/worker][b8] paw day=11 cell=68 moisture=0.718099 wb30=-0.000135636 soil=-0.000325526 paw=0.71801 zeros(water=1544 land=7) nonzero=849 weights(wb=0.35 soil=0.25 dry=0.65) round=1 distribute=0 hydrology=0
[climate/worker][b8] paw day=12 cell=68 moisture=0.718867 wb30=-0.000135636 soil=-0.000325526 paw=0.718778 zeros(water=1544 land=7) nonzero=849 weights(wb=0.35 soil=0.25 dry=0.65) round=1 distribute=1 hydrology=0
[climate/worker][b8] cyclone_gate day=12 input_enabled=0 force_env=0 effective=0
[climate/worker][b8] weather_solve day=12 cells=2400 psi=1 vapor0=0.102439 precip0=0 cloud0=0.052471 type0=0 field_init0=1
[climate/worker][b8] paw day=13 cell=68 moisture=0.719087 wb30=-0.000268165 soil=-0.000325526 paw=0.718913 zeros(water=1544 land=7) nonzero=849 weights(wb=0.35 soil=0.25 dry=0.65) round=1 distribute=0 hydrology=0
[climate/worker][b8] weather_solve day=20 cells=2400 psi=1 vapor0=0.0770413 precip0=0 cloud0=0.0384417 type0=0 field_init0=1
[clock/step] delta=6.9ms speed=50x target=0.35d cap=3.01d/f cost=2.66ms ran=0 pulse=0.00ms loop=0.00ms full=0.28ms carry=0.50 barrier=
[climate/worker][b8] weather_solve day=28 cells=2400 psi=1 vapor0=0.0765828 precip0=0 cloud0=0.0376586 type0=0 field_init0=1
[clock/step] delta=6.9ms speed=50x target=0.34d cap=8.00d/f cost=0.68ms ran=1 pulse=0.00ms loop=0.80ms full=1.15ms carry=0.29 barrier=climate_input_capacity_day_barrier
[clock/step] delta=6.9ms speed=50x target=0.35d cap=7.85d/f cost=1.02ms ran=0 pulse=0.00ms loop=0.00ms full=0.27ms carry=0.93 barrier=
[economy-open-finish] day=100 country=0.457 workset=0.024 fiscal=0.031 csr=0.005 recovery=0.001 vectors=1.196 audit=0.615 commands=0.001
[economy-prelude-cost] day=100 ms=2.669 pending=0
[economy-aggregate-cost] day=100 publish_ms=2.255 native_hash_ms=1.075
[economy-ledger-cost] day=100 copy_ms=0.472 validate_ms=0.239 hash_ms=0.984 cohorts=384 markets=321600
[economy-boundary-cost] day=100 formulas_ms=8.737 stages_ms=5.714 mirror_ms=2.985
[runtime-day-cost] day=100 ok=1 ms=16.916
[clock/step] delta=6.9ms speed=50x target=0.35d cap=8.00d/f cost=0.65ms ran=0 pulse=0.12ms loop=0.00ms full=0.57ms carry=0.17 barrier=climate_input_capacity_day_barrier
[clock/step] delta=6.8ms speed=50x target=0.34d cap=5.90d/f cost=1.36ms ran=0 pulse=0.00ms loop=0.00ms full=0.34ms carry=0.76 barrier=
[perf-record] start (start_tick=199 mode=CORE detail_period=1)
[stage-c/client] recording mode=ACTIVE worker=ACTIVE seconds=60.00 output=D:/Godot/ProjectKeynes/Project.Keynes/tmp/economy_opt/soak_final_2
[clock/step] delta=6.9ms speed=50x target=0.35d cap=8.00d/f cost=0.95ms ran=0 pulse=0.00ms loop=0.00ms full=0.24ms carry=0.68 barrier=
[economy-open-finish] day=200 country=0.318 workset=0.021 fiscal=0.030 csr=0.004 recovery=0.001 vectors=0.612 audit=0.406 commands=0.001
[economy-prelude-cost] day=200 ms=1.694 pending=0
[economy-aggregate-cost] day=200 publish_ms=2.083 native_hash_ms=1.072
[economy-ledger-cost] day=200 copy_ms=0.554 validate_ms=0.170 hash_ms=0.792 cohorts=384 markets=321600
[economy-boundary-cost] day=200 formulas_ms=7.440 stages_ms=5.349 mirror_ms=2.836
[runtime-day-cost] day=200 ok=1 ms=14.178
[clock/step] delta=6.8ms speed=50x target=0.34d cap=8.00d/f cost=0.52ms ran=0 pulse=0.00ms loop=0.00ms full=0.25ms carry=0.91 barrier=
[clock/step] delta=8.9ms speed=50x target=0.45d cap=4.50d/f cost=1.78ms ran=0 pulse=0.00ms loop=0.00ms full=0.34ms carry=0.73 barrier=
[economy-open-finish] day=300 country=0.620 workset=0.045 fiscal=0.089 csr=0.004 recovery=0.001 vectors=0.890 audit=0.931 commands=0.001
[economy-prelude-cost] day=300 ms=3.083 pending=0
[economy-aggregate-cost] day=300 publish_ms=2.863 native_hash_ms=1.036
[economy-ledger-cost] day=300 copy_ms=0.511 validate_ms=0.147 hash_ms=0.698 cohorts=384 markets=321600
[economy-boundary-cost] day=300 formulas_ms=10.851 stages_ms=7.186 mirror_ms=2.933
[runtime-day-cost] day=300 ok=1 ms=21.153
[clock/step] delta=6.9ms speed=50x target=0.35d cap=8.00d/f cost=0.64ms ran=0 pulse=0.00ms loop=0.00ms full=0.35ms carry=0.97 barrier=
[clock/step] delta=7.1ms speed=50x target=0.36d cap=8.00d/f cost=0.85ms ran=0 pulse=0.00ms loop=0.00ms full=0.24ms carry=0.53 barrier=
[clock/step] delta=6.3ms speed=50x target=0.31d cap=4.21d/f cost=2.46ms ran=1 pulse=0.00ms loop=4.67ms full=5.13ms carry=0.16 barrier=
[economy-open-finish] day=400 country=0.453 workset=0.027 fiscal=0.034 csr=0.005 recovery=0.001 vectors=0.966 audit=0.930 commands=0.001
[economy-prelude-cost] day=400 ms=2.734 pending=0
[economy-aggregate-cost] day=400 publish_ms=2.469 native_hash_ms=1.104
[economy-ledger-cost] day=400 copy_ms=0.568 validate_ms=0.151 hash_ms=1.086 cohorts=384 markets=321600
[economy-boundary-cost] day=400 formulas_ms=9.707 stages_ms=6.561 mirror_ms=3.648
[runtime-day-cost] day=400 ok=1 ms=17.528
[clock/step] delta=6.9ms speed=50x target=0.35d cap=8.00d/f cost=0.62ms ran=1 pulse=0.00ms loop=0.44ms full=0.68ms carry=0.06 barrier=climate_input_capacity_day_barrier
[clock/step] delta=6.9ms speed=50x target=0.34d cap=8.00d/f cost=0.69ms ran=1 pulse=0.00ms loop=0.50ms full=0.78ms carry=0.17 barrier=climate_input_capacity_day_barrier
[clock/step] delta=6.9ms speed=50x target=0.35d cap=8.00d/f cost=0.54ms ran=0 pulse=0.00ms loop=0.00ms full=0.31ms carry=0.43 barrier=
[economy-open-finish] day=500 country=0.606 workset=0.029 fiscal=0.069 csr=0.004 recovery=0.001 vectors=1.134 audit=0.915 commands=0.001
[economy-prelude-cost] day=500 ms=3.248 pending=0
[economy-aggregate-cost] day=500 publish_ms=3.510 native_hash_ms=2.028
[economy-ledger-cost] day=500 copy_ms=0.733 validate_ms=0.200 hash_ms=1.300 cohorts=384 markets=321600
[economy-boundary-cost] day=500 formulas_ms=13.116 stages_ms=9.297 mirror_ms=4.973
[runtime-day-cost] day=500 ok=1 ms=24.640
[clock/step] delta=6.9ms speed=50x target=0.35d cap=8.00d/f cost=0.51ms ran=0 pulse=0.00ms loop=0.00ms full=0.31ms carry=0.99 barrier=
[clock/step] delta=6.9ms speed=50x target=0.35d cap=2.60d/f cost=3.07ms ran=0 pulse=0.00ms loop=0.00ms full=0.24ms carry=0.79 barrier=
[clock/step] delta=6.9ms speed=50x target=0.34d cap=8.00d/f cost=0.78ms ran=0 pulse=0.00ms loop=0.00ms full=0.33ms carry=0.84 barrier=
[economy-open-finish] day=600 country=0.516 workset=0.028 fiscal=0.034 csr=0.005 recovery=0.001 vectors=0.642 audit=0.429 commands=0.001
[economy-prelude-cost] day=600 ms=2.011 pending=0
[economy-aggregate-cost] day=600 publish_ms=3.363 native_hash_ms=1.974
[economy-ledger-cost] day=600 copy_ms=0.548 validate_ms=0.147 hash_ms=1.511 cohorts=384 markets=321600
[economy-boundary-cost] day=600 formulas_ms=10.275 stages_ms=7.740 mirror_ms=4.286
[runtime-day-cost] day=600 ok=1 ms=19.644
[clock/step] delta=6.9ms speed=50x target=0.34d cap=8.00d/f cost=0.88ms ran=0 pulse=0.00ms loop=0.00ms full=0.25ms carry=0.94 barrier=
[clock/step] delta=6.9ms speed=50x target=0.34d cap=8.00d/f cost=0.85ms ran=0 pulse=0.00ms loop=0.00ms full=0.33ms carry=0.70 barrier=
[clock/step] delta=6.9ms speed=50x target=0.35d cap=8.00d/f cost=0.62ms ran=0 pulse=0.00ms loop=0.00ms full=0.31ms carry=0.63 barrier=
[economy-open-finish] day=700 country=0.437 workset=0.032 fiscal=0.065 csr=0.004 recovery=0.001 vectors=1.197 audit=0.583 commands=0.001
[economy-prelude-cost] day=700 ms=2.669 pending=0
[economy-aggregate-cost] day=700 publish_ms=2.530 native_hash_ms=1.333
[economy-ledger-cost] day=700 copy_ms=0.925 validate_ms=0.150 hash_ms=1.385 cohorts=384 markets=321600
[economy-boundary-cost] day=700 formulas_ms=10.722 stages_ms=7.599 mirror_ms=4.011
[runtime-day-cost] day=700 ok=1 ms=20.102
[clock/step] delta=6.9ms speed=50x target=0.34d cap=8.00d/f cost=0.79ms ran=0 pulse=0.00ms loop=0.00ms full=0.30ms carry=0.55 barrier=
[clock/step] delta=6.7ms speed=50x target=0.33d cap=3.72d/f cost=2.15ms ran=0 pulse=0.00ms loop=0.00ms full=0.21ms carry=0.71 barrier=
[clock/step] delta=6.9ms speed=50x target=0.35d cap=8.00d/f cost=0.63ms ran=0 pulse=0.00ms loop=0.00ms full=0.36ms carry=0.92 barrier=
[economy-open-finish] day=800 country=0.568 workset=0.032 fiscal=0.074 csr=0.005 recovery=0.001 vectors=0.861 audit=0.527 commands=0.000
[economy-prelude-cost] day=800 ms=2.401 pending=0
[economy-aggregate-cost] day=800 publish_ms=2.743 native_hash_ms=1.280
[economy-ledger-cost] day=800 copy_ms=0.483 validate_ms=0.267 hash_ms=1.130 cohorts=384 markets=321600
[economy-boundary-cost] day=800 formulas_ms=9.773 stages_ms=6.915 mirror_ms=3.243
[runtime-day-cost] day=800 ok=1 ms=17.822
[clock/step] delta=6.9ms speed=50x target=0.35d cap=8.00d/f cost=0.56ms ran=0 pulse=0.15ms loop=0.00ms full=0.54ms carry=0.25 barrier=climate_input_capacity_day_barrier
[clock/step] delta=6.9ms speed=50x target=0.35d cap=7.16d/f cost=1.12ms ran=0 pulse=0.00ms loop=0.00ms full=0.35ms carry=0.59 barrier=
[clock/step] delta=6.9ms speed=50x target=0.35d cap=7.52d/f cost=1.00ms ran=1 pulse=0.00ms loop=0.73ms full=1.06ms carry=0.31 barrier=climate_input_capacity_day_barrier
[economy-open-finish] day=900 country=0.640 workset=0.030 fiscal=0.067 csr=0.004 recovery=0.001 vectors=1.291 audit=0.899 commands=0.001
[economy-prelude-cost] day=900 ms=3.442 pending=0
[economy-aggregate-cost] day=900 publish_ms=2.963 native_hash_ms=2.019
[economy-ledger-cost] day=900 copy_ms=0.769 validate_ms=0.309 hash_ms=1.432 cohorts=384 markets=321600
[economy-boundary-cost] day=900 formulas_ms=13.262 stages_ms=9.282 mirror_ms=5.095
[runtime-day-cost] day=900 ok=1 ms=25.784
[clock/step] delta=6.9ms speed=50x target=0.35d cap=8.00d/f cost=0.76ms ran=0 pulse=0.15ms loop=0.00ms full=0.43ms carry=0.13 barrier=climate_input_capacity_day_barrier
[clock/step] delta=6.9ms speed=50x target=0.35d cap=5.57d/f cost=1.26ms ran=1 pulse=0.00ms loop=0.55ms full=0.73ms carry=0.15 barrier=climate_input_capacity_day_barrier
[clock/step] delta=6.9ms speed=50x target=0.34d cap=8.00d/f cost=0.69ms ran=0 pulse=0.00ms loop=0.00ms full=0.43ms carry=0.39 barrier=
[economy-open-finish] day=1000 country=0.550 workset=0.045 fiscal=0.042 csr=0.023 recovery=0.001 vectors=0.626 audit=0.477 commands=0.001
[economy-prelude-cost] day=1000 ms=2.170 pending=0
[economy-aggregate-cost] day=1000 publish_ms=2.893 native_hash_ms=1.819
[economy-ledger-cost] day=1000 copy_ms=1.494 validate_ms=0.297 hash_ms=1.988 cohorts=384 markets=321600
[economy-boundary-cost] day=1000 formulas_ms=10.808 stages_ms=8.220 mirror_ms=5.372
[runtime-day-cost] day=1000 ok=1 ms=20.292
[clock/step] delta=6.9ms speed=50x target=0.35d cap=8.00d/f cost=0.60ms ran=1 pulse=0.00ms loop=0.67ms full=1.08ms carry=0.15 barrier=climate_input_capacity_day_barrier
[clock/step] delta=6.9ms speed=50x target=0.35d cap=8.00d/f cost=0.90ms ran=0 pulse=0.00ms loop=0.00ms full=0.25ms carry=0.44 barrier=
[clock/step] delta=6.9ms speed=50x target=0.35d cap=8.00d/f cost=0.60ms ran=0 pulse=0.09ms loop=0.00ms full=0.41ms carry=0.02 barrier=climate_input_capacity_day_barrier
[economy-open-finish] day=1100 country=0.321 workset=0.022 fiscal=0.033 csr=0.004 recovery=0.001 vectors=1.019 audit=0.910 commands=0.001
[economy-prelude-cost] day=1100 ms=2.756 pending=0
[economy-aggregate-cost] day=1100 publish_ms=2.627 native_hash_ms=1.879
[economy-ledger-cost] day=1100 copy_ms=0.893 validate_ms=0.295 hash_ms=1.374 cohorts=384 markets=321600
[economy-boundary-cost] day=1100 formulas_ms=11.815 stages_ms=8.585 mirror_ms=4.281
[runtime-day-cost] day=1100 ok=1 ms=21.466
[clock/step] delta=6.9ms speed=50x target=0.35d cap=8.00d/f cost=0.61ms ran=0 pulse=0.00ms loop=0.00ms full=0.32ms carry=0.94 barrier=
[clock/step] delta=6.9ms speed=50x target=0.35d cap=3.79d/f cost=1.80ms ran=1 pulse=0.00ms loop=0.53ms full=0.95ms carry=0.18 barrier=climate_input_capacity_day_barrier
[clock/step] delta=6.7ms speed=50x target=0.33d cap=8.00d/f cost=0.64ms ran=0 pulse=0.00ms loop=0.00ms full=0.45ms carry=0.35 barrier=
[economy-open-finish] day=1200 country=0.464 workset=0.025 fiscal=0.034 csr=0.005 recovery=0.001 vectors=0.770 audit=0.432 commands=0.001
[economy-prelude-cost] day=1200 ms=2.187 pending=0
[economy-aggregate-cost] day=1200 publish_ms=3.408 native_hash_ms=1.698
[economy-ledger-cost] day=1200 copy_ms=1.196 validate_ms=0.160 hash_ms=1.122 cohorts=384 markets=321600
[economy-boundary-cost] day=1200 formulas_ms=11.674 stages_ms=8.714 mirror_ms=4.604
[runtime-day-cost] day=1200 ok=1 ms=21.740
[clock/step] delta=6.9ms speed=50x target=0.34d cap=8.00d/f cost=0.64ms ran=0 pulse=0.19ms loop=0.00ms full=0.61ms carry=0.12 barrier=climate_input_capacity_day_barrier
[clock/step] delta=6.9ms speed=50x target=0.34d cap=5.61d/f cost=1.43ms ran=0 pulse=0.00ms loop=0.00ms full=0.20ms carry=0.91 barrier=
[clock/step] delta=6.9ms speed=50x target=0.35d cap=7.07d/f cost=1.13ms ran=0 pulse=0.00ms loop=0.00ms full=0.36ms carry=0.35 barrier=
[economy-open-finish] day=1300 country=0.642 workset=0.031 fiscal=0.094 csr=0.005 recovery=0.001 vectors=0.726 audit=0.792 commands=0.001
[economy-prelude-cost] day=1300 ms=2.659 pending=0
[economy-aggregate-cost] day=1300 publish_ms=2.859 native_hash_ms=1.085
[economy-ledger-cost] day=1300 copy_ms=0.672 validate_ms=0.153 hash_ms=0.838 cohorts=384 markets=321600
[economy-boundary-cost] day=1300 formulas_ms=10.727 stages_ms=7.510 mirror_ms=3.008
[runtime-day-cost] day=1300 ok=1 ms=18.689
[clock/step] delta=6.9ms speed=50x target=0.35d cap=8.00d/f cost=0.50ms ran=0 pulse=0.00ms loop=0.00ms full=0.44ms carry=0.64 barrier=
[clock/step] delta=6.9ms speed=50x target=0.35d cap=8.00d/f cost=0.80ms ran=1 pulse=0.00ms loop=0.48ms full=0.68ms carry=0.01 barrier=climate_input_capacity_day_barrier
[clock/step] delta=7.1ms speed=50x target=0.36d cap=8.00d/f cost=0.75ms ran=0 pulse=0.00ms loop=0.00ms full=0.42ms carry=0.65 barrier=
[economy-open-finish] day=1400 country=0.369 workset=0.021 fiscal=0.029 csr=0.005 recovery=0.001 vectors=0.655 audit=0.426 commands=0.001
[economy-prelude-cost] day=1400 ms=1.997 pending=0
[economy-aggregate-cost] day=1400 publish_ms=4.327 native_hash_ms=1.727
[economy-ledger-cost] day=1400 copy_ms=0.552 validate_ms=0.146 hash_ms=0.756 cohorts=384 markets=321600
[economy-boundary-cost] day=1400 formulas_ms=13.285 stages_ms=11.002 mirror_ms=2.766
[runtime-day-cost] day=1400 ok=1 ms=21.360
[clock/step] delta=6.9ms speed=50x target=0.35d cap=8.00d/f cost=0.65ms ran=0 pulse=0.16ms loop=0.00ms full=0.60ms carry=0.24 barrier=climate_input_capacity_day_barrier
[clock/step] delta=6.9ms speed=50x target=0.35d cap=8.00d/f cost=0.57ms ran=0 pulse=0.00ms loop=0.00ms full=0.40ms carry=0.66 barrier=
[clock/step] delta=6.7ms speed=50x target=0.33d cap=8.00d/f cost=0.64ms ran=0 pulse=0.00ms loop=0.00ms full=0.30ms carry=0.60 barrier=
[economy-open-finish] day=1500 country=0.594 workset=0.033 fiscal=0.070 csr=0.004 recovery=0.001 vectors=1.342 audit=0.952 commands=0.001
[economy-prelude-cost] day=1500 ms=3.441 pending=0
[economy-aggregate-cost] day=1500 publish_ms=3.233 native_hash_ms=1.358
[economy-ledger-cost] day=1500 copy_ms=0.644 validate_ms=0.153 hash_ms=1.072 cohorts=384 markets=321600
[economy-boundary-cost] day=1500 formulas_ms=12.776 stages_ms=8.941 mirror_ms=3.347
[runtime-day-cost] day=1500 ok=1 ms=22.985
[clock/step] delta=6.9ms speed=50x target=0.34d cap=8.00d/f cost=0.54ms ran=0 pulse=0.00ms loop=0.00ms full=0.59ms carry=0.66 barrier=
[clock/step] delta=6.9ms speed=50x target=0.34d cap=8.00d/f cost=0.48ms ran=0 pulse=0.00ms loop=0.00ms full=0.58ms carry=0.48 barrier=
[clock/step] delta=6.9ms speed=50x target=0.34d cap=8.00d/f cost=0.53ms ran=0 pulse=0.00ms loop=0.00ms full=0.25ms carry=0.62 barrier=
[economy-open-finish] day=1600 country=0.525 workset=0.032 fiscal=0.063 csr=0.005 recovery=0.001 vectors=0.959 audit=0.919 commands=0.001
[economy-prelude-cost] day=1600 ms=2.885 pending=0
[economy-aggregate-cost] day=1600 publish_ms=3.032 native_hash_ms=1.185
[economy-ledger-cost] day=1600 copy_ms=0.493 validate_ms=0.168 hash_ms=0.806 cohorts=384 markets=321600
[economy-boundary-cost] day=1600 formulas_ms=10.466 stages_ms=7.211 mirror_ms=3.039
[runtime-day-cost] day=1600 ok=1 ms=17.426
[clock/step] delta=6.9ms speed=50x target=0.34d cap=6.40d/f cost=1.25ms ran=0 pulse=0.08ms loop=0.00ms full=0.34ms carry=0.00 barrier=climate_input_capacity_day_barrier
[clock/step] delta=6.9ms speed=50x target=0.35d cap=8.00d/f cost=0.58ms ran=0 pulse=0.00ms loop=0.00ms full=0.35ms carry=0.86 barrier=
[clock/step] delta=6.9ms speed=50x target=0.35d cap=5.43d/f cost=1.47ms ran=0 pulse=0.00ms loop=0.00ms full=0.22ms carry=0.94 barrier=
[economy-open-finish] day=1700 country=0.386 workset=0.043 fiscal=0.026 csr=0.005 recovery=0.001 vectors=1.051 audit=0.517 commands=0.001
[economy-prelude-cost] day=1700 ms=2.395 pending=0
[economy-aggregate-cost] day=1700 publish_ms=2.327 native_hash_ms=1.312
[economy-ledger-cost] day=1700 copy_ms=0.557 validate_ms=0.145 hash_ms=0.798 cohorts=384 markets=321600
[economy-boundary-cost] day=1700 formulas_ms=9.695 stages_ms=7.004 mirror_ms=2.862
[runtime-day-cost] day=1700 ok=1 ms=17.763
[clock/step] delta=6.9ms speed=50x target=0.35d cap=8.00d/f cost=0.46ms ran=1 pulse=0.00ms loop=0.38ms full=0.55ms carry=0.09 barrier=climate_input_capacity_day_barrier
[clock/step] delta=6.9ms speed=50x target=0.35d cap=8.00d/f cost=0.95ms ran=0 pulse=0.08ms loop=0.00ms full=0.36ms carry=0.16 barrier=climate_input_capacity_day_barrier
[clock/step] delta=7.1ms speed=50x target=0.36d cap=8.00d/f cost=0.58ms ran=0 pulse=0.10ms loop=0.00ms full=0.45ms carry=0.06 barrier=climate_input_capacity_day_barrier
[clock/step] delta=6.9ms speed=50x target=0.35d cap=8.00d/f cost=0.61ms ran=1 pulse=0.00ms loop=0.58ms full=0.99ms carry=0.03 barrier=climate_input_capacity_day_barrier
[economy-open-finish] day=1800 country=0.440 workset=0.021 fiscal=0.031 csr=0.004 recovery=0.001 vectors=0.753 audit=0.603 commands=0.001
[economy-prelude-cost] day=1800 ms=2.255 pending=0
[economy-aggregate-cost] day=1800 publish_ms=2.745 native_hash_ms=2.156
[economy-ledger-cost] day=1800 copy_ms=0.454 validate_ms=0.150 hash_ms=1.069 cohorts=384 markets=321600
[economy-boundary-cost] day=1800 formulas_ms=13.005 stages_ms=10.381 mirror_ms=3.215
[runtime-day-cost] day=1800 ok=1 ms=21.369
[clock/step] delta=6.9ms speed=50x target=0.35d cap=8.00d/f cost=0.85ms ran=0 pulse=0.00ms loop=0.00ms full=0.29ms carry=0.53 barrier=
[clock/step] delta=6.9ms speed=50x target=0.35d cap=8.00d/f cost=0.52ms ran=0 pulse=0.09ms loop=0.00ms full=0.38ms carry=0.09 barrier=climate_input_capacity_day_barrier
[clock/step] delta=6.9ms speed=50x target=0.35d cap=7.41d/f cost=1.08ms ran=0 pulse=0.00ms loop=0.00ms full=0.26ms carry=0.99 barrier=
[economy-open-finish] day=1900 country=0.423 workset=0.021 fiscal=0.029 csr=0.005 recovery=0.001 vectors=0.744 audit=0.478 commands=0.001
[economy-prelude-cost] day=1900 ms=2.058 pending=0
[economy-aggregate-cost] day=1900 publish_ms=2.638 native_hash_ms=1.488
[economy-ledger-cost] day=1900 copy_ms=0.488 validate_ms=0.239 hash_ms=0.787 cohorts=384 markets=321600
[economy-boundary-cost] day=1900 formulas_ms=10.499 stages_ms=7.917 mirror_ms=3.075
[runtime-day-cost] day=1900 ok=1 ms=19.155
[clock/step] delta=6.9ms speed=50x target=0.34d cap=8.00d/f cost=0.57ms ran=0 pulse=0.00ms loop=0.00ms full=0.44ms carry=0.78 barrier=
[clock/step] delta=6.9ms speed=50x target=0.35d cap=8.00d/f cost=0.59ms ran=0 pulse=0.00ms loop=0.00ms full=0.23ms carry=0.96 barrier=
[clock/step] delta=6.9ms speed=50x target=0.35d cap=8.00d/f cost=0.51ms ran=0 pulse=0.00ms loop=0.00ms full=0.30ms carry=0.78 barrier=
[economy-open-finish] day=2000 country=0.322 workset=0.021 fiscal=0.032 csr=0.004 recovery=0.001 vectors=0.815 audit=0.524 commands=0.001
[economy-prelude-cost] day=2000 ms=2.013 pending=0
[economy-aggregate-cost] day=2000 publish_ms=2.555 native_hash_ms=1.161
[economy-ledger-cost] day=2000 copy_ms=0.588 validate_ms=0.164 hash_ms=0.794 cohorts=384 markets=321600
[economy-boundary-cost] day=2000 formulas_ms=9.859 stages_ms=7.446 mirror_ms=2.854
[runtime-day-cost] day=2000 ok=1 ms=16.945
[clock/step] delta=6.9ms speed=50x target=0.34d cap=8.00d/f cost=0.78ms ran=0 pulse=0.09ms loop=0.00ms full=0.35ms carry=0.13 barrier=climate_input_capacity_day_barrier
[clock/step] delta=6.9ms speed=50x target=0.35d cap=8.00d/f cost=0.60ms ran=0 pulse=0.09ms loop=0.00ms full=0.43ms carry=0.34 barrier=climate_input_capacity_day_barrier
[clock/step] delta=6.9ms speed=50x target=0.35d cap=6.16d/f cost=1.30ms ran=0 pulse=0.00ms loop=0.00ms full=0.24ms carry=0.94 barrier=
[economy-open-finish] day=2100 country=0.312 workset=0.020 fiscal=0.029 csr=0.004 recovery=0.001 vectors=0.600 audit=0.706 commands=0.001
[economy-prelude-cost] day=2100 ms=1.974 pending=0
[economy-aggregate-cost] day=2100 publish_ms=2.338 native_hash_ms=1.159
[economy-ledger-cost] day=2100 copy_ms=0.403 validate_ms=0.183 hash_ms=0.712 cohorts=384 markets=321600
[economy-boundary-cost] day=2100 formulas_ms=8.945 stages_ms=6.604 mirror_ms=2.716
[runtime-day-cost] day=2100 ok=1 ms=17.584
[clock/step] delta=6.9ms speed=50x target=0.35d cap=6.94d/f cost=1.15ms ran=0 pulse=0.00ms loop=0.00ms full=0.39ms carry=0.74 barrier=
[clock/step] delta=6.9ms speed=50x target=0.35d cap=8.00d/f cost=0.51ms ran=0 pulse=0.00ms loop=0.00ms full=0.43ms carry=0.56 barrier=
[clock/step] delta=6.9ms speed=50x target=0.35d cap=2.71d/f cost=2.95ms ran=0 pulse=0.00ms loop=0.00ms full=0.23ms carry=0.44 barrier=
[economy-open-finish] day=2200 country=0.334 workset=0.022 fiscal=0.034 csr=0.005 recovery=0.001 vectors=0.567 audit=0.442 commands=0.001
[economy-prelude-cost] day=2200 ms=1.708 pending=0
[economy-aggregate-cost] day=2200 publish_ms=2.519 native_hash_ms=1.267
[economy-ledger-cost] day=2200 copy_ms=0.444 validate_ms=0.147 hash_ms=0.752 cohorts=384 markets=321600
[economy-boundary-cost] day=2200 formulas_ms=8.843 stages_ms=6.868 mirror_ms=2.736
[runtime-day-cost] day=2200 ok=1 ms=15.758
[clock/step] delta=6.9ms speed=50x target=0.35d cap=8.00d/f cost=0.53ms ran=0 pulse=0.00ms loop=0.00ms full=0.47ms carry=0.86 barrier=
[clock/step] delta=6.9ms speed=50x target=0.35d cap=8.00d/f cost=0.95ms ran=0 pulse=0.08ms loop=0.00ms full=0.46ms carry=0.05 barrier=climate_input_capacity_day_barrier
[clock/step] delta=6.9ms speed=50x target=0.35d cap=3.84d/f cost=2.08ms ran=0 pulse=0.00ms loop=0.00ms full=0.22ms carry=0.66 barrier=
[economy-open-finish] day=2300 country=0.356 workset=0.025 fiscal=0.035 csr=0.004 recovery=0.001 vectors=0.601 audit=0.494 commands=0.000
[economy-prelude-cost] day=2300 ms=1.846 pending=0
[economy-aggregate-cost] day=2300 publish_ms=2.770 native_hash_ms=1.164
[economy-ledger-cost] day=2300 copy_ms=0.741 validate_ms=0.162 hash_ms=0.851 cohorts=384 markets=321600
[economy-boundary-cost] day=2300 formulas_ms=9.401 stages_ms=7.271 mirror_ms=3.162
[runtime-day-cost] day=2300 ok=1 ms=17.155
[clock/step] delta=6.9ms speed=50x target=0.35d cap=8.00d/f cost=0.59ms ran=0 pulse=0.08ms loop=0.00ms full=0.59ms carry=0.03 barrier=climate_input_capacity_day_barrier
[clock/step] delta=6.9ms speed=50x target=0.35d cap=8.00d/f cost=0.68ms ran=1 pulse=0.00ms loop=0.57ms full=0.83ms carry=0.31 barrier=climate_input_capacity_day_barrier
[clock/step] delta=6.9ms speed=50x target=0.35d cap=8.00d/f cost=0.80ms ran=0 pulse=0.00ms loop=0.00ms full=0.36ms carry=0.90 barrier=
[economy-open-finish] day=2400 country=0.410 workset=0.030 fiscal=0.040 csr=0.005 recovery=0.001 vectors=0.752 audit=0.632 commands=0.001
[economy-prelude-cost] day=2400 ms=2.264 pending=0
[economy-aggregate-cost] day=2400 publish_ms=2.894 native_hash_ms=2.151
[economy-ledger-cost] day=2400 copy_ms=0.607 validate_ms=0.316 hash_ms=0.868 cohorts=384 markets=321600
[economy-boundary-cost] day=2400 formulas_ms=12.061 stages_ms=9.382 mirror_ms=3.274
[runtime-day-cost] day=2400 ok=1 ms=22.231
[clock/step] delta=6.9ms speed=50x target=0.35d cap=8.00d/f cost=0.79ms ran=0 pulse=0.00ms loop=0.00ms full=0.43ms carry=0.94 barrier=
[clock/step] delta=6.9ms speed=50x target=0.35d cap=8.00d/f cost=0.50ms ran=0 pulse=0.00ms loop=0.00ms full=0.31ms carry=0.97 barrier=
[clock/step] delta=6.9ms speed=50x target=0.35d cap=7.51d/f cost=1.06ms ran=0 pulse=0.00ms loop=0.00ms full=0.24ms carry=0.85 barrier=
[economy-open-finish] day=2500 country=0.656 workset=0.037 fiscal=0.073 csr=0.004 recovery=0.001 vectors=1.275 audit=0.783 commands=0.001
[economy-prelude-cost] day=2500 ms=3.282 pending=0
[economy-aggregate-cost] day=2500 publish_ms=3.988 native_hash_ms=1.343
[economy-ledger-cost] day=2500 copy_ms=1.032 validate_ms=0.166 hash_ms=1.159 cohorts=384 markets=321600
[economy-boundary-cost] day=2500 formulas_ms=13.904 stages_ms=10.007 mirror_ms=4.154
[runtime-day-cost] day=2500 ok=1 ms=25.053
[clock/step] delta=6.9ms speed=50x target=0.35d cap=8.00d/f cost=0.73ms ran=0 pulse=0.00ms loop=0.00ms full=0.51ms carry=0.83 barrier=
[clock/step] delta=6.9ms speed=50x target=0.35d cap=8.00d/f cost=0.53ms ran=0 pulse=0.00ms loop=0.00ms full=0.30ms carry=0.46 barrier=
[perf-record] exported rows=2359 cols=234 → D:/Godot/ProjectKeynes/Project.Keynes/tmp/economy_opt/soak_final_2/perf.csv
[stage-c/client] complete mode=ACTIVE frames=8632 fast_ticks=2359 perf=D:/Godot/ProjectKeynes/Project.Keynes/tmp/economy_opt/soak_final_2/perf.csv
ERROR: 44 RID allocations of type 'PN13RendererDummy14TextureStorage12DummyTextureE' were leaked at exit.
ERROR: 16 RID allocations of type 'PN18TextServerAdvanced22ShapedTextDataAdvancedE' were leaked at exit.
ERROR: 1 RID allocations of type 'PN18TextServerAdvanced12FontAdvancedE' were leaked at exit.
WARNING: ObjectDB instances leaked at exit (run with --verbose for details).
   at: cleanup (core/object/object.cpp:2641)
ERROR: 986 resources still in use at exit (run with --verbose for details).
   at: clear (core/io/resource.cpp:810)
