Godot Engine v4.6.2.stable.official.71f334935 - https://godotengine.org

[ui-layout-diag/bind_ui] is_web=false viewport_visible_rect=[P: (0.0, 0.0), S: (51.2, 51.2)] window_size=(64, 64) content_scale_factor=1.250 content_scale_mode=0 device_pixel_ratio=-1.000 top_bar_rect=[P: (0.0, 0.0), S: (543.0, 56.0)] right_panel_rect=[P: (-408.8, 68.0), S: (460.0, 366.0)] country_action_bar_rect=[P: (8.0, -30.8), S: (336.0, 74.0)]
[stage-c] authority=ACTIVE worker=ACTIVE
[building-visual] queue_probe ticks=1 queued=0 chunk=-1 camera_rect=[P: (-25.6, -25.6), S: (51.2, 51.2)] prefetch=false zoom=1.000
[building-visual] queue_probe ticks=2 queued=0 chunk=-1 camera_rect=[P: (-25.6, -25.6), S: (51.2, 51.2)] prefetch=false zoom=1.000
[native_generation/base] path=gdext algorithm=post_base_priority_flood_hydrology_v3 n=2400 native_ms=7.611 water=1553 land=847
[native_generation/post_base] path=gdext algorithm=post_base_priority_flood_hydrology_v3 n=2400 native_ms=1.380 lakes=4 rivers=105 volcanoes=0
[native_generation/vegetation] native_ms=0.488 candidates=841 none=1169 score=[0.000,1.236,1.114] plant_water_land=856 river_adjacent_desert=0 coastal_highland_desert=0 terrain_weight=[0.180,1.200]
[native_generation/qa] single_water=0 tiny<=3=0 small<=5=0 bodies=1 largest=1544 | land_below_sea=0.7% | terr_distinct=21 entropy=3.183bit | river_ratio=4.375%
MapGenerator v7: per-cell 61ms (2400 cells, path=gdext)
[building-visual] queue_probe ticks=3 queued=0 chunk=-1 camera_rect=[P: (-25.6, -25.6), S: (51.2, 51.2)] prefetch=false zoom=1.000
MapBaker v6: hm=(1024, 606) seed=1735228708
    [fused] terrain=70.4ms erosion=3.5ms(ok=true) river=13.6ms(ok=true) latitude=0.1ms coast_sdf=5.1ms(ok=true)
  geometry fields (fused C++): 161ms
  physical circulation hex solve: deferred until DCWorldExt bind (ext=true idx=true soa=false)
  wind/ocean pixel buffers: skipped (ocean_current_visual off)
  visual tiles: {"degradation_reason":"","effective_budget_px":1717248,"effective_texels_per_hex":16.0059221751742,"effective_world_units_per_texel":"(1.373983, 1.375)","estimated_peak_bytes":68402880,"estimated_resident_bytes":40340160,"fallback_reason":"","generation_id":1,"grid_size":"(4, 3)","gutter_px":2,"hex_size":22.0,"horizon_path":"neutral_pending","interior_size":"(416, 344)","layer_size":"(420, 348)","layers":[{"bake_ms":54.9758,"coast_sdf_max_dist_px":13.6162309214075,"distance_scale":1.70202886517594,"edge_distance_saturate_hex":0.9,"edge_distance_units":"normalized_hex_center_gap","hashes":{"edge_distance":-4603098080143260562,"edge_neighbor":4057764273350575789,"height":-9124830669634210576,"map_index":1015450256520461008,"terrain_detail":1415298026641868910,"terrain_normal":4240255112308713771,"water_depth":2330624858830770480},"layer":0,"normal_radius_px":"(22, 22)","raster_scale":"(1.701088, 1.70297)","river_sdf_max_dist_px":5.9571010281158,"shore_carve_band_px":10,"upload_ms":0.089,"wall_ms":55.223},{"bake_ms":72.6537,"coast_sdf_max_dist_px":13.6162309214075,"distance_scale":1.70202886517594,"edge_distance_saturate_hex":0.9,"edge_distance_units":"normalized_hex_center_gap","hashes":{"edge_distance":4583573183968817086,"edge_neighbor":6466940111421570636,"height":5790856781181676511,"map_index":5990047724644026299,"terrain_detail":1806575389526097655,"terrain_normal":3908465376956190299,"water_depth":2547432928052609473},"layer":1,"normal_radius_px":"(22, 22)","raster_scale":"(1.701088, 1.70297)","river_sdf_max_dist_px":5.9571010281158,"shore_carve_band_px":10,"upload_ms":0.154,"wall_ms":72.975},{"bake_ms":76.6846,"coast_sdf_max_dist_px":13.6162309214075,"distance_scale":1.70202886517594,"edge_distance_saturate_hex":0.9,"edge_distance_units":"normalized_hex_center_gap","hashes":{"edge_distance":-2526323355750389439,"edge_neighbor":7015029410290978361,"height":-8150332218754556700,"map_index":329090656303652193,"terrain_detail":-392433696576850044,"terrain_normal":-4965863177888236808,"water_depth":-7217348512352819415},"layer":2,"normal_radius_px":"(22, 22)","raster_scale":"(1.701088, 1.70297)","river_sdf_max_dist_px":5.9571010281158,"shore_carve_band_px":10,"upload_ms":0.095,"wall_ms":76.921},{"bake_ms":131.1729,"coast_sdf_max_dist_px":13.6162309214075,"distance_scale":1.70202886517594,"edge_distance_saturate_hex":0.9,"edge_distance_units":"normalized_hex_center_gap","hashes":{"edge_distance":-4179826732684646787,"edge_neighbor":-5337848294581530626,"height":-7426228563537643593,"map_index":1239439826928151201,"terrain_detail":-8513326582372265254,"terrain_normal":8092780547537771097,"water_depth":-6092640318278072007},"layer":3,"normal_radius_px":"(22, 22)","raster_scale":"(1.701088, 1.70297)","river_sdf_max_dist_px":5.9571010281158,"shore_carve_band_px":10,"upload_ms":0.11,"wall_ms":131.455},{"bake_ms":71.8475,"coast_sdf_max_dist_px":13.6162309214075,"distance_scale":1.70202886517594,"edge_distance_saturate_hex":0.9,"edge_distance_units":"normalized_hex_center_gap","hashes":{"edge_distance":2136869506241081992,"edge_neighbor":-8797880867138963685,"height":-4924567352001132959,"map_index":-4231209514887179977,"terrain_detail":8772909128008927660,"terrain_normal":-6784207502925496102,"water_depth":-7492134226470272506},"layer":4,"normal_radius_px":"(22, 22)","raster_scale":"(1.701088, 1.70297)","river_sdf_max_dist_px":5.9571010281158,"shore_carve_band_px":10,"upload_ms":0.205,"wall_ms":72.21},{"bake_ms":120.2185,"coast_sdf_max_dist_px":13.6162309214075,"distance_scale":1.70202886517594,"edge_distance_saturate_hex":0.9,"edge_distance_units":"normalized_hex_center_gap","hashes":{"edge_distance":6673149775916606392,"edge_neighbor":-8413630352766524385,"height":-6889378239635599087,"map_index":-3551392040916973266,"terrain_detail":1687709548716503895,"terrain_normal":3946453442722986154,"water_depth":6600269933117438995},"layer":5,"normal_radius_px":"(22, 22)","raster_scale":"(1.701088, 1.70297)","river_sdf_max_dist_px":5.9571010281158,"shore_carve_band_px":10,"upload_ms":0.099,"wall_ms":120.452},{"bake_ms":71.4183,"coast_sdf_max_dist_px":13.6162309214075,"distance_scale":1.70202886517594,"edge_distance_saturate_hex":0.9,"edge_distance_units":"normalized_hex_center_gap","hashes":{"edge_distance":361706081270387103,"edge_neighbor":-8688139845739281855,"height":699499231114171702,"map_index":-2682228531129457940,"terrain_detail":-8811551234231146331,"terrain_normal":-265631937775218288,"water_depth":6856409090380917935},"layer":6,"normal_radius_px":"(22, 22)","raster_scale":"(1.701088, 1.70297)","river_sdf_max_dist_px":5.9571010281158,"shore_carve_band_px":10,"upload_ms":0.066,"wall_ms":71.586},{"bake_ms":87.248,"coast_sdf_max_dist_px":13.6162309214075,"distance_scale":1.70202886517594,"edge_distance_saturate_hex":0.9,"edge_distance_units":"normalized_hex_center_gap","hashes":{"edge_distance":-6250500223095183093,"edge_neighbor":5418444607076768559,"height":1419229568066409352,"map_index":4380956599171502337,"terrain_detail":-894743883384344824,"terrain_normal":4459428523621274975,"water_depth":-6366031586637808975},"layer":7,"normal_radius_px":"(22, 22)","raster_scale":"(1.701088, 1.70297)","river_sdf_max_dist_px":5.9571010281158,"shore_carve_band_px":10,"upload_ms":0.127,"wall_ms":87.547},{"bake_ms":76.309,"coast_sdf_max_dist_px":13.6162309214075,"distance_scale":1.70202886517594,"edge_distance_saturate_hex":0.9,"edge_distance_units":"normalized_hex_center_gap","hashes":{"edge_distance":8492285698888321900,"edge_neighbor":3199635046979891388,"height":4828838600007938123,"map_index":-7514139010467297966,"terrain_detail":-8950604297692130837,"terrain_normal":-3593785506946687824,"water_depth":5761060537573716235},"layer":8,"normal_radius_px":"(22, 22)","raster_scale":"(1.701088, 1.70297)","river_sdf_max_dist_px":5.9571010281158,"shore_carve_band_px":10,"upload_ms":0.08,"wall_ms":76.532},{"bake_ms":108.9479,"coast_sdf_max_dist_px":13.6162309214075,"distance_scale":1.70202886517594,"edge_distance_saturate_hex":0.9,"edge_distance_units":"normalized_hex_center_gap","hashes":{"edge_distance":9117926548072241235,"edge_neighbor":-7557104988675294500,"height":618468365387938347,"map_index":-5885543932102826664,"terrain_detail":3877245088374033799,"terrain_normal":-6778421208245397131,"water_depth":2200779154463963187},"layer":9,"normal_radius_px":"(22, 22)","raster_scale":"(1.701088, 1.70297)","river_sdf_max_dist_px":5.9571010281158,"shore_carve_band_px":10,"upload_ms":0.125,"wall_ms":109.275},{"bake_ms":60.4675,"coast_sdf_max_dist_px":13.6162309214075,"distance_scale":1.70202886517594,"edge_distance_saturate_hex":0.9,"edge_distance_units":"normalized_hex_center_gap","hashes":{"edge_distance":-3745585455065177449,"edge_neighbor":2404961067888014635,"height":-3115442796632843800,"map_index":-6211809985430628861,"terrain_detail":1161812488860344551,"terrain_normal":6456972146840247766,"water_depth":1987210436922770546},"layer":10,"normal_radius_px":"(22, 22)","raster_scale":"(1.701088, 1.70297)","river_sdf_max_dist_px":5.9571010281158,"shore_carve_band_px":10,"upload_ms":0.194,"wall_ms":60.838},{"bake_ms":41.875,"coast_sdf_max_dist_px":13.6162309214075,"distance_scale":1.70202886517594,"edge_distance_saturate_hex":0.9,"edge_distance_units":"normalized_hex_center_gap","hashes":{"edge_distance":-1470570636688572573,"edge_neighbor":-6057560351645416949,"height":-5827593206795043862,"map_index":-2248414732901839783,"terrain_detail":7630543887994105174,"terrain_normal":8582387156502791927,"water_depth":-6103088449435849452},"layer":11,"normal_radius_px":"(22, 22)","raster_scale":"(1.701088, 1.70297)","river_sdf_max_dist_px":5.9571010281158,"shore_carve_band_px":10,"upload_ms":0.064,"wall_ms":42.082}],"logical_size":"(1664, 1032)","mode":"tiled","path":"visual_tiled_static","profile":"desktop_high","renderer":"mobile","requested_budget_px":1716216,"requested_texels_per_hex":16.0,"requested_tile_world_span":"(704.0, 704.0)","requested_world_units_per_texel":1.375,"tile_world_area":270355.817993164,"tile_world_span":"(571.5768, 473.0)","total_ms":981.978,"visual_domain":"[P: (0.0, -44.0), S: (2286.307, 1419.0)]","wrap_period_x":2286.30706599092,"wrap_x":true}
WARNING: Loaded resource as image file, this will not work on export: 'res://assets/textures/terrain_materials/organic.png'. Instead, import the image file as an Image resource and load it normally as a resource.
   at: load (core/io/image.cpp:2756)
   GDScript backtrace (most recent call first):
       [0] _build_terrain_material_tex (res://scripts/rendering/map_baker.gd:360)
       [1] get_or_build_shared_terrain_material_tex (res://scripts/rendering/map_baker.gd:343)
       [2] bake_world (res://scripts/rendering/map_baker.gd:1187)
       [3] _yield_generation_frame (res://scripts/rendering/map_baker.gd:1225)
WARNING: Loaded resource as image file, this will not work on export: 'res://assets/textures/terrain_materials/dry_sand.png'. Instead, import the image file as an Image resource and load it normally as a resource.
   at: load (core/io/image.cpp:2756)
   GDScript backtrace (most recent call first):
       [0] _build_terrain_material_tex (res://scripts/rendering/map_baker.gd:360)
       [1] get_or_build_shared_terrain_material_tex (res://scripts/rendering/map_baker.gd:343)
       [2] bake_world (res://scripts/rendering/map_baker.gd:1187)
       [3] _yield_generation_frame (res://scripts/rendering/map_baker.gd:1225)
WARNING: Loaded resource as image file, this will not work on export: 'res://assets/textures/terrain_materials/rock.png'. Instead, import the image file as an Image resource and load it normally as a resource.
   at: load (core/io/image.cpp:2756)
   GDScript backtrace (most recent call first):
       [0] _build_terrain_material_tex (res://scripts/rendering/map_baker.gd:360)
       [1] get_or_build_shared_terrain_material_tex (res://scripts/rendering/map_baker.gd:343)
       [2] bake_world (res://scripts/rendering/map_baker.gd:1187)
       [3] _yield_generation_frame (res://scripts/rendering/map_baker.gd:1225)
WARNING: Loaded resource as image file, this will not work on export: 'res://assets/textures/terrain_materials/snow_wet.png'. Instead, import the image file as an Image resource and load it normally as a resource.
   at: load (core/io/image.cpp:2756)
   GDScript backtrace (most recent call first):
       [0] _build_terrain_material_tex (res://scripts/rendering/map_baker.gd:360)
       [1] get_or_build_shared_terrain_material_tex (res://scripts/rendering/map_baker.gd:343)
       [2] bake_world (res://scripts/rendering/map_baker.gd:1187)
       [3] _yield_generation_frame (res://scripts/rendering/map_baker.gd:1225)
  cell LUT encode: deferred until DCWorldExt bind
  encode: 3792ms
MapBaker v6: total 3961ms
MapGenerator v7: bake 3985ms
MapGenerator: skip _compute_ocean_currents (physical-hex path writes per-cell directly)
MapGenerator: skip _compute_terrain_perturbed_wind (physical-hex solver writes per-cell)
[SUS] sim budget strict=false frame=8.00ms warn=2.00ms slice=0.75ms upload=1.50ms scheduler=DCSystemScheduler native_sus=auto
[DCWorldExt] bind_map_data: 148 components bound (auto-registered=148; snapshot model; see world_ext.cpp comment & charter Â§11)
[DataCore] _data_core_world_ext bound=true (climate co-processor; class=DCWorldExt)
[native_world] configure rc=0 reason=configured cells=2400 wrap_period_x=103.923
[native_generation] path=gdext n=2400 published=9 native_ms=0.096 compute_ms=0.052 flush_ms=0.044
[hex_cell] facade ENABLED (2400 cells bound; ext=true)
[DataCore] _baker climate_profile injected=true (fixes WorldData.config==null sea_ice prepare path)
[phys_solve][oneshot] OK slp=0.89ms wind=0.33ms psi=0.28ms(ran=true) upwelling=0.06ms total=1.95ms
PhysicalCirculation solve@phase=1.50 total=2ms (C++ one-shot run_physical_solve_pass)
  wind/ocean pixel buffers: skipped (ocean_current_visual off)
[physical_init] deferred native refresh complete: 2ms
[cell_lut] deferred encode: 1ms path=gdext
[bio-occupancy] seed landmasses=10 provinces=10 species=20 secondary_hearths=22
[bio-occupancy]   bio.maize envelope=56 hearth=17 seeded_landmasses=1 primary_landmass=8 primary_envelope=31 occupied=17 occupied/envelope=0.55
[bio-occupancy]   bio.wheat envelope=225 hearth=58 seeded_landmasses=3 primary_landmass=1 primary_envelope=21 occupied=58 occupied/envelope=2.76
[bio-occupancy]   bio.rice envelope=71 hearth=19 seeded_landmasses=4 primary_landmass=2 primary_envelope=23 occupied=19 occupied/envelope=0.83
[bio-occupancy]   bio.potato envelope=163 hearth=55 seeded_landmasses=3 primary_landmass=8 primary_envelope=86 occupied=55 occupied/envelope=0.64
[bio-occupancy]   bio.horse envelope=242 hearth=48 seeded_landmasses=4 primary_landmass=2 primary_envelope=70 occupied=48 occupied/envelope=0.69
[bio-occupancy]   bio.cotton envelope=119 hearth=12 seeded_landmasses=1 primary_landmass=7 primary_envelope=22 occupied=12 occupied/envelope=0.55
[bio-occupancy]   bio.flax envelope=212 hearth=17 seeded_landmasses=2 primary_landmass=1 primary_envelope=21 occupied=17 occupied/envelope=0.81
[bio-occupancy]   bio.spice envelope=100 hearth=8 seeded_landmasses=2 primary_landmass=2 primary_envelope=26 occupied=8 occupied/envelope=0.31
[bio-occupancy]   bio.rubber envelope=56 hearth=7 seeded_landmasses=1 primary_landmass=7 primary_envelope=15 occupied=7 occupied/envelope=0.47
[bio-occupancy]   bio.sheep envelope=34 hearth=8 seeded_landmasses=1 primary_landmass=8 primary_envelope=17 occupied=8 occupied/envelope=0.47
[bio-occupancy]   bio.goat envelope=405 hearth=98 seeded_landmasses=4 primary_landmass=8 primary_envelope=187 occupied=98 occupied/envelope=0.52
[bio-occupancy]   bio.cattle envelope=13 hearth=5 seeded_landmasses=1 primary_landmass=8 primary_envelope=11 occupied=5 occupied/envelope=0.45
[bio-occupancy]   bio.pig envelope=287 hearth=89 seeded_landmasses=5 primary_landmass=8 primary_envelope=129 occupied=89 occupied/envelope=0.69
[bio-occupancy]   bio.camel envelope=45 hearth=6 seeded_landmasses=1 primary_landmass=6 primary_envelope=13 occupied=6 occupied/envelope=0.46
[bio-occupancy]   bio.yak envelope=192 hearth=68 seeded_landmasses=3 primary_landmass=2 primary_envelope=83 occupied=68 occupied/envelope=0.82
[bio-occupancy]   bio.silkworm envelope=144 hearth=23 seeded_landmasses=1 primary_landmass=8 primary_envelope=57 occupied=23 occupied/envelope=0.40
[bio-occupancy]   bio.reed envelope=148 hearth=31 seeded_landmasses=4 primary_landmass=8 primary_envelope=60 occupied=31 occupied/envelope=0.52
[bio-occupancy]   bio.bast_fiber envelope=279 hearth=65 seeded_landmasses=1 primary_landmass=8 primary_envelope=136 occupied=65 occupied/envelope=0.48
[bio-occupancy]   bio.dye_plant envelope=122 hearth=38 seeded_landmasses=2 primary_landmass=8 primary_envelope=53 occupied=38 occupied/envelope=0.72
[bio-occupancy]   bio.medicinal_herb envelope=371 hearth=151 seeded_landmasses=5 primary_landmass=8 primary_envelope=168 occupied=151 occupied/envelope=0.90
[bio-occupancy]   landmass 1 classes=cold_grazer, fiber_forest, dry_grazer, highland_food, open_food, open_grazer, fiber_open, forest_grazer foods=potato, wheat
[bio-occupancy]   landmass 2 classes=cold_grazer, fiber_forest, dry_grazer, open_grazer, fiber_wet, forest_grazer, open_food, highland_food, fiber_open, wetland_food, tropical foods=wheat, potato, rice
[bio-occupancy]   landmass 3 classes=none foods=none
[bio-occupancy]   landmass 4 classes=none foods=none
[bio-occupancy]   landmass 5 classes=none foods=none
[bio-occupancy]   landmass 6 classes=wetland_food, forest_grazer, fiber_wet, fiber_forest, open_grazer, dry_grazer, fiber_open, tropical foods=rice
[bio-occupancy]   landmass 7 classes=fiber_open, tropical, dry_grazer, open_food, open_grazer, fiber_forest, wetland_food, forest_grazer, fiber_wet foods=wheat, rice
[bio-occupancy]   landmass 8 classes=tropical, fiber_open, forest_grazer, dry_grazer, open_food, fiber_forest, wetland_food, open_grazer, highland_food, fiber_wet, cold_grazer foods=maize, rice, potato
[bio-occupancy]   landmass 9 classes=none foods=none
[bio-occupancy]   landmass 10 classes=none foods=none
[weather] gdext acceleration ON (class=DCWorldExt)
[weather] gdext field commit ON
[weather] gdext distribute ON
[weather] gdext summary ON
[weather] hexcell facade ON (skip AoS double-write in hot loop)
[weather] gdext resident knobs ON (class=KnobsHandle)
[economy] ACTIVE native graph cells=2400 goods=134 cohorts=24 epoch_days=1 trade=ACTIVE topology_ready=true topology_generation=1 bootstrap=starter_settlement_bootstrap_v9 founder_families=6 founder_people=6
[country] ACTIVE native authority countries=6 cells=2400 generation=1
[weather/knobs] resident KnobsHandle path ACTIVE — first to_*_knobs_dict hit (field_rebuild_count=1 expected ≤1; stable Hz target ≤1 Hz)
[native_daily] ACTIVE: registered native_daily_sim + natural_resource_daily + bio_occupancy_daily; retained season_refresh + ocean_currents boundary jobs
[DCSystemScheduler] topology: ["season_refresh", "trigger_runtime", "ideology_runtime", "effect_runtime", "modifier_daily", "gameplay_effect", "natural_resource_daily", "bio_occupancy_daily", "enum_atlas_upload", "ocean_currents", "native_daily_sim", "dynamic_visual_atlas_upload", "country_daily", "economy_daily"]
WARNING: [runtime-climate-round] no ClimateDailySystem; SHADOW capture carries no shared pass input
   at: push_warning (core/variant/variant_utility.cpp:1034)
   GDScript backtrace (most recent call first):
       [0] _build_runtime_climate_round_input (res://scripts/geography/map_generator.gd:4651)
       [1] capture_runtime_inputs_for_worker (res://scripts/geography/map_generator.gd:2351)
       [2] generate_world (res://scripts/game/world_runtime_host.gd:609)
       [3] generate (res://scripts/geography/map_generator.gd:1606)
       [4] _yield_generation_frame (res://scripts/geography/map_generator.gd:19867)
WARNING: [runtime-worker] Ideology opinion publish deferred: ideology_opinion_snapshot_invalid
   at: push_warning (core/variant/variant_utility.cpp:1034)
   GDScript backtrace (most recent call first):
       [0] _start_production_shadow_worker (res://scripts/game/world_runtime_host.gd:700)
       [1] generate_world (res://scripts/game/world_runtime_host.gd:618)
       [2] generate (res://scripts/geography/map_generator.gd:1606)
       [3] _yield_generation_frame (res://scripts/geography/map_generator.gd:19867)
[runtime-worker] production ACTIVE started mask=4095 auto_pod=true
[runtime-day-wait] day=1 env_day=0 missing=0x3ff economy_input=-1
[building-visual] intel_refresh requested=32 changed=1 known=1 catalog=400 resident=0 body=0 queued=0 zoom=1.000
[DCSystemScheduler][RT] ocean_skip#1 tick=1 reason=policy_gated slices=0 elapsed=0.000 progress=0.000 source=day_changed
[climate][publish] day=0 round_ran=1 prod_stage=0xff scalar_mask=0x7f alb=0 veg=0 fb=0 weather=0 sr=0 ok=1
[climate/worker][b8] physics_knobs day=1 ready=0 missing=physics_knobs
[climate-kernel][round] shared=1 ok=1 n_cells=2400 mask=0x1FF ran=0x1FF starved=0x0 knobs_cells=2400
[DCSystemScheduler][RT] ocean_skip#2 tick=2 reason=policy_gated slices=0 elapsed=0.000 progress=0.000 source=day_changed
[country][parity] worker_day=1 uncompared reference_range=-1..-1 depth=0
[economy-mirror-cost] day=1 capture_ms=2.599 import_ms=5.154
[climate/writeback][b8] day=1 vapor store0=0 map0=0 dirty_fields=42 applied=42
[phys/knobs] projection ready: slp=31 wind=33 psi=26 up=10
[climate/worker][b8] physics_knobs day=2 ready=1 missing=
[climate/worker][b8] paw day=2 cell=68 moisture=0.717273 wb30=0 soil=0 paw=0.717273 zeros(water=1544 land=5) nonzero=851 weights(wb=0.35 soil=0.25 dry=0.65) round=1 distribute=0 hydrology=0
[climate/worker][b8] physics_knobs day=3 ready=1 missing=
[climate/worker][b8] paw day=3 cell=68 moisture=0.713357 wb30=0 soil=0 paw=0.713357 zeros(water=1544 land=7) nonzero=849 weights(wb=0.35 soil=0.25 dry=0.65) round=1 distribute=0 hydrology=0
[climate/writeback][b8] day=2 vapor store0=0 map0=0 dirty_fields=52 applied=52
[country][parity] worker_day=3 uncompared reference_range=2..2 depth=1
[climate/worker][b8] physics_knobs day=4 ready=1 missing=
[climate/worker][b8] paw day=4 cell=68 moisture=0.715778 wb30=0 soil=0 paw=0.715778 zeros(water=1544 land=7) nonzero=849 weights(wb=0.35 soil=0.25 dry=0.65) round=1 distribute=1 hydrology=0
[climate/worker][b8] cyclone_gate day=4 input_enabled=0 force_env=0 effective=0
[climate/worker][b8] weather_solve day=4 cells=2400 psi=1 vapor0=0.112421 precip0=0 cloud0=0.0418021 type0=0 field_init0=1
[climate/writeback][b8] day=3 vapor store0=0 map0=0 dirty_fields=52 applied=52
[country][parity] worker_day=4 uncompared reference_range=2..2 depth=1
[climate/worker][b8] physics_knobs day=5 ready=1 missing=
[climate/worker][b8] paw day=5 cell=68 moisture=0.712761 wb30=-0.000135612 soil=0 paw=0.712673 zeros(water=1544 land=7) nonzero=849 weights(wb=0.35 soil=0.25 dry=0.65) round=1 distribute=0 hydrology=0
[climate/writeback][b8] day=4 vapor store0=0.112421 map0=0.112421 dirty_fields=54 applied=54
[country][parity] worker_day=5 uncompared reference_range=2..2 depth=1
[climate/worker][b8] physics_knobs day=6 ready=1 missing=
[climate/worker][b8] paw day=6 cell=68 moisture=0.714623 wb30=-0.000135612 soil=-0.000325468 paw=0.714535 zeros(water=1544 land=7) nonzero=849 weights(wb=0.35 soil=0.25 dry=0.65) round=1 distribute=0 hydrology=0
[country][parity] worker_day=6 uncompared reference_range=2..2 depth=1
[climate/worker][b8] paw day=7 cell=68 moisture=0.71511 wb30=-0.000135612 soil=-0.000325468 paw=0.715022 zeros(water=1544 land=7) nonzero=849 weights(wb=0.35 soil=0.25 dry=0.65) round=1 distribute=0 hydrology=0
[country][parity] worker_day=7 uncompared reference_range=2..2 depth=1
[climate/worker][b8] paw day=8 cell=68 moisture=0.716469 wb30=-0.000135612 soil=-0.000325468 paw=0.71638 zeros(water=1544 land=7) nonzero=849 weights(wb=0.35 soil=0.25 dry=0.65) round=1 distribute=0 hydrology=0
[country][parity] worker_day=8 uncompared reference_range=2..2 depth=1
[climate/worker][b8] paw day=9 cell=68 moisture=0.716831 wb30=-0.000135612 soil=-0.000325468 paw=0.716743 zeros(water=1544 land=7) nonzero=849 weights(wb=0.35 soil=0.25 dry=0.65) round=1 distribute=0 hydrology=0
[country][parity] worker_day=9 uncompared reference_range=2..2 depth=1
[climate/worker][b8] paw day=10 cell=68 moisture=0.717854 wb30=-0.000135612 soil=-0.000325468 paw=0.717766 zeros(water=1544 land=7) nonzero=849 weights(wb=0.35 soil=0.25 dry=0.65) round=1 distribute=0 hydrology=0
[climate/worker][b8] paw day=11 cell=68 moisture=0.718105 wb30=-0.000135612 soil=-0.000325468 paw=0.718017 zeros(water=1544 land=7) nonzero=849 weights(wb=0.35 soil=0.25 dry=0.65) round=1 distribute=0 hydrology=0
[climate/worker][b8] paw day=12 cell=68 moisture=0.718884 wb30=-0.000135612 soil=-0.000325468 paw=0.718796 zeros(water=1544 land=7) nonzero=849 weights(wb=0.35 soil=0.25 dry=0.65) round=1 distribute=1 hydrology=0
[climate/worker][b8] cyclone_gate day=12 input_enabled=0 force_env=0 effective=0
[climate/worker][b8] weather_solve day=12 cells=2400 psi=1 vapor0=0.102678 precip0=0 cloud0=0.0522108 type0=0 field_init0=1
[climate/worker][b8] paw day=13 cell=68 moisture=0.719076 wb30=-0.000268139 soil=-0.000325468 paw=0.718902 zeros(water=1544 land=7) nonzero=849 weights(wb=0.35 soil=0.25 dry=0.65) round=1 distribute=0 hydrology=0
[climate/worker][b8] weather_solve day=20 cells=2400 psi=1 vapor0=0.0770114 precip0=0 cloud0=0.0388876 type0=0 field_init0=1
[clock/step] delta=6.9ms speed=50x target=0.35d cap=1.84d/f cost=4.36ms ran=0 pulse=0.00ms loop=0.00ms full=0.46ms carry=0.65 barrier=
[climate/worker][b8] weather_solve day=28 cells=2400 psi=1 vapor0=0.0768645 precip0=0 cloud0=0.0379231 type0=0 field_init0=1
[clock/step] delta=7.1ms speed=50x target=0.36d cap=8.00d/f cost=0.75ms ran=0 pulse=0.00ms loop=0.00ms full=0.47ms carry=0.45 barrier=
[clock/step] delta=6.9ms speed=50x target=0.35d cap=8.00d/f cost=0.62ms ran=0 pulse=0.00ms loop=0.00ms full=0.30ms carry=0.79 barrier=
[economy-open-finish] day=100 country=0.640 workset=0.035 fiscal=0.091 csr=0.005 recovery=0.001 vectors=1.457 audit=1.038 commands=0.001
[economy-prelude-cost] day=100 ms=3.934 pending=0
[economy-aggregate-cost] day=100 publish_ms=2.722 native_hash_ms=1.692
[economy-ledger-cost] day=100 copy_ms=0.757 validate_ms=0.146 hash_ms=0.926 cohorts=384 markets=321600
[economy-boundary-cost] day=100 formulas_ms=12.889 stages_ms=8.427 mirror_ms=3.643
[runtime-day-cost] day=100 ok=1 ms=22.769
[clock/step] delta=6.9ms speed=50x target=0.34d cap=8.00d/f cost=0.99ms ran=0 pulse=0.00ms loop=0.00ms full=0.23ms carry=0.90 barrier=
[clock/step] delta=6.9ms speed=50x target=0.34d cap=2.92d/f cost=2.74ms ran=0 pulse=0.00ms loop=0.00ms full=0.31ms carry=0.97 barrier=
[perf-record] start (start_tick=190 mode=CORE detail_period=1)
[stage-c/client] recording mode=ACTIVE worker=ACTIVE seconds=60.00 output=D:/Godot/ProjectKeynes/Project.Keynes/tmp/economy_opt/soak_5
[clock/step] delta=6.9ms speed=50x target=0.34d cap=2.36d/f cost=3.39ms ran=0 pulse=0.00ms loop=0.00ms full=0.26ms carry=0.95 barrier=
[economy-open-finish] day=200 country=0.295 workset=0.019 fiscal=0.030 csr=0.005 recovery=0.001 vectors=0.746 audit=0.443 commands=0.000
[economy-prelude-cost] day=200 ms=1.812 pending=0
[economy-aggregate-cost] day=200 publish_ms=1.427 native_hash_ms=1.028
[economy-ledger-cost] day=200 copy_ms=0.951 validate_ms=0.191 hash_ms=0.715 cohorts=384 markets=321600
[economy-boundary-cost] day=200 formulas_ms=6.358 stages_ms=4.306 mirror_ms=3.027
[runtime-day-cost] day=200 ok=1 ms=12.823
[clock/step] delta=6.9ms speed=50x target=0.35d cap=8.00d/f cost=0.81ms ran=0 pulse=0.11ms loop=0.00ms full=0.50ms carry=0.25 barrier=climate_input_capacity_day_barrier
[clock/step] delta=6.9ms speed=50x target=0.34d cap=8.00d/f cost=0.73ms ran=1 pulse=0.00ms loop=0.67ms full=1.00ms carry=0.17 barrier=climate_input_capacity_day_barrier
[clock/step] delta=6.9ms speed=50x target=0.35d cap=8.00d/f cost=0.61ms ran=1 pulse=0.00ms loop=0.81ms full=1.27ms carry=0.08 barrier=climate_input_capacity_day_barrier
[economy-open-finish] day=300 country=0.598 workset=0.022 fiscal=0.030 csr=0.005 recovery=0.001 vectors=0.572 audit=0.428 commands=0.000
[economy-prelude-cost] day=300 ms=2.009 pending=0
[economy-aggregate-cost] day=300 publish_ms=1.901 native_hash_ms=1.081
[economy-ledger-cost] day=300 copy_ms=0.837 validate_ms=0.143 hash_ms=0.875 cohorts=384 markets=321600
[economy-boundary-cost] day=300 formulas_ms=7.525 stages_ms=5.086 mirror_ms=3.095
[runtime-day-cost] day=300 ok=1 ms=15.437
[clock/step] delta=6.7ms speed=50x target=0.33d cap=8.00d/f cost=0.64ms ran=0 pulse=0.00ms loop=0.00ms full=0.35ms carry=0.79 barrier=
[clock/step] delta=6.9ms speed=50x target=0.34d cap=7.43d/f cost=1.08ms ran=0 pulse=0.00ms loop=0.00ms full=0.25ms carry=0.59 barrier=
[clock/step] delta=6.9ms speed=50x target=0.34d cap=2.13d/f cost=3.75ms ran=1 pulse=0.00ms loop=3.71ms full=3.88ms carry=0.22 barrier=
[economy-open-finish] day=400 country=0.338 workset=0.089 fiscal=0.058 csr=0.004 recovery=0.001 vectors=0.612 audit=0.562 commands=0.001
[economy-prelude-cost] day=400 ms=2.026 pending=0
[economy-aggregate-cost] day=400 publish_ms=2.315 native_hash_ms=2.039
[economy-ledger-cost] day=400 copy_ms=0.852 validate_ms=0.287 hash_ms=0.927 cohorts=384 markets=321600
[economy-boundary-cost] day=400 formulas_ms=10.616 stages_ms=8.300 mirror_ms=3.449
[runtime-day-cost] day=400 ok=1 ms=18.006
[clock/step] delta=6.9ms speed=50x target=0.35d cap=8.00d/f cost=2.00ms ran=1 pulse=0.00ms loop=7.45ms full=7.81ms carry=0.34 barrier=
[clock/step] delta=8.3ms speed=50x target=0.42d cap=3.05d/f cost=2.20ms ran=1 pulse=0.00ms loop=0.51ms full=0.79ms carry=0.20 barrier=climate_input_capacity_day_barrier
[clock/step] delta=6.9ms speed=50x target=0.34d cap=2.30d/f cost=3.47ms ran=1 pulse=0.00ms loop=3.45ms full=3.63ms carry=0.06 barrier=
[economy-open-finish] day=500 country=0.608 workset=0.036 fiscal=0.031 csr=0.005 recovery=0.001 vectors=1.142 audit=0.849 commands=0.001
[economy-prelude-cost] day=500 ms=3.120 pending=0
[economy-aggregate-cost] day=500 publish_ms=2.277 native_hash_ms=2.160
[economy-ledger-cost] day=500 copy_ms=0.864 validate_ms=0.218 hash_ms=1.121 cohorts=384 markets=321600
[economy-boundary-cost] day=500 formulas_ms=11.862 stages_ms=8.450 mirror_ms=4.447
[runtime-day-cost] day=500 ok=1 ms=21.854
[clock/step] delta=7.1ms speed=50x target=0.36d cap=8.00d/f cost=0.90ms ran=0 pulse=0.13ms loop=0.00ms full=0.61ms carry=0.10 barrier=climate_input_capacity_day_barrier
[clock/step] delta=6.9ms speed=50x target=0.35d cap=7.21d/f cost=1.11ms ran=0 pulse=0.00ms loop=0.00ms full=0.27ms carry=0.91 barrier=
[clock/step] delta=6.9ms speed=50x target=0.34d cap=2.51d/f cost=3.19ms ran=0 pulse=0.00ms loop=0.00ms full=0.23ms carry=0.63 barrier=
[economy-open-finish] day=600 country=0.644 workset=0.033 fiscal=0.071 csr=0.005 recovery=0.001 vectors=1.222 audit=0.951 commands=0.001
[economy-prelude-cost] day=600 ms=3.512 pending=0
[economy-aggregate-cost] day=600 publish_ms=2.961 native_hash_ms=1.107
[economy-ledger-cost] day=600 copy_ms=0.643 validate_ms=0.158 hash_ms=0.779 cohorts=384 markets=321600
[economy-boundary-cost] day=600 formulas_ms=12.028 stages_ms=7.939 mirror_ms=2.947
[runtime-day-cost] day=600 ok=1 ms=20.291
[clock/step] delta=7.1ms speed=50x target=0.36d cap=8.00d/f cost=0.54ms ran=0 pulse=0.00ms loop=0.00ms full=0.26ms carry=0.74 barrier=
[clock/step] delta=6.9ms speed=50x target=0.34d cap=4.63d/f cost=1.73ms ran=0 pulse=0.00ms loop=0.00ms full=0.47ms carry=0.85 barrier=
[clock/step] delta=6.9ms speed=50x target=0.34d cap=4.66d/f cost=1.72ms ran=0 pulse=0.00ms loop=0.00ms full=0.48ms carry=0.47 barrier=
[economy-open-finish] day=700 country=0.664 workset=0.031 fiscal=0.058 csr=0.004 recovery=0.001 vectors=1.254 audit=0.830 commands=0.006
[economy-prelude-cost] day=700 ms=3.278 pending=0
[economy-aggregate-cost] day=700 publish_ms=3.284 native_hash_ms=2.248
[economy-ledger-cost] day=700 copy_ms=1.657 validate_ms=0.306 hash_ms=1.491 cohorts=384 markets=321600
[economy-boundary-cost] day=700 formulas_ms=14.417 stages_ms=10.499 mirror_ms=5.011
[runtime-day-cost] day=700 ok=1 ms=26.524
[clock/step] delta=6.9ms speed=50x target=0.35d cap=2.32d/f cost=2.83ms ran=1 pulse=0.00ms loop=0.39ms full=0.56ms carry=0.30 barrier=climate_input_capacity_day_barrier
[clock/step] delta=6.9ms speed=50x target=0.34d cap=2.66d/f cost=3.00ms ran=0 pulse=0.00ms loop=0.00ms full=0.25ms carry=0.81 barrier=
[clock/step] delta=6.9ms speed=50x target=0.35d cap=7.73d/f cost=1.03ms ran=0 pulse=0.00ms loop=0.00ms full=0.46ms carry=0.37 barrier=
[economy-open-finish] day=800 country=0.351 workset=0.024 fiscal=0.035 csr=0.005 recovery=0.001 vectors=0.626 audit=0.481 commands=0.000
[economy-prelude-cost] day=800 ms=1.856 pending=0
[economy-aggregate-cost] day=800 publish_ms=3.719 native_hash_ms=1.190
[economy-ledger-cost] day=800 copy_ms=0.552 validate_ms=0.157 hash_ms=0.885 cohorts=384 markets=321600
[economy-boundary-cost] day=800 formulas_ms=10.332 stages_ms=8.165 mirror_ms=2.953
[runtime-day-cost] day=800 ok=1 ms=17.282
[clock/step] delta=6.9ms speed=50x target=0.35d cap=8.00d/f cost=0.64ms ran=0 pulse=0.00ms loop=0.00ms full=0.30ms carry=0.71 barrier=
[clock/step] delta=6.9ms speed=50x target=0.35d cap=2.46d/f cost=2.69ms ran=1 pulse=0.00ms loop=0.46ms full=0.66ms carry=0.08 barrier=climate_input_capacity_day_barrier
[clock/step] delta=6.9ms speed=50x target=0.35d cap=8.00d/f cost=0.67ms ran=0 pulse=0.19ms loop=0.01ms full=0.77ms carry=0.03 barrier=climate_input_capacity_day_barrier
[economy-open-finish] day=900 country=0.681 workset=0.037 fiscal=0.138 csr=0.006 recovery=0.001 vectors=1.227 audit=0.855 commands=0.001
[economy-prelude-cost] day=900 ms=3.639 pending=0
[economy-aggregate-cost] day=900 publish_ms=3.313 native_hash_ms=1.274
[economy-ledger-cost] day=900 copy_ms=0.585 validate_ms=0.187 hash_ms=0.838 cohorts=384 markets=321600
[economy-boundary-cost] day=900 formulas_ms=13.401 stages_ms=9.097 mirror_ms=2.978
[runtime-day-cost] day=900 ok=1 ms=25.537
[clock/step] delta=6.9ms speed=50x target=0.34d cap=8.00d/f cost=0.67ms ran=0 pulse=0.00ms loop=0.00ms full=0.26ms carry=0.66 barrier=
[clock/step] delta=6.9ms speed=50x target=0.35d cap=2.71d/f cost=2.95ms ran=0 pulse=0.00ms loop=0.00ms full=0.32ms carry=0.65 barrier=
[clock/step] delta=6.9ms speed=50x target=0.35d cap=4.92d/f cost=1.63ms ran=0 pulse=0.08ms loop=0.00ms full=0.36ms carry=0.14 barrier=climate_input_capacity_day_barrier
[economy-open-finish] day=1000 country=0.337 workset=0.021 fiscal=0.030 csr=0.005 recovery=0.001 vectors=0.639 audit=0.533 commands=0.001
[economy-prelude-cost] day=1000 ms=1.930 pending=0
[economy-aggregate-cost] day=1000 publish_ms=2.478 native_hash_ms=1.357
[economy-ledger-cost] day=1000 copy_ms=0.648 validate_ms=0.167 hash_ms=0.824 cohorts=384 markets=321600
[economy-boundary-cost] day=1000 formulas_ms=9.322 stages_ms=7.115 mirror_ms=3.002
[runtime-day-cost] day=1000 ok=1 ms=15.837
[clock/step] delta=7.1ms speed=50x target=0.36d cap=8.00d/f cost=0.67ms ran=0 pulse=0.00ms loop=0.00ms full=0.27ms carry=0.78 barrier=
[clock/step] delta=6.9ms speed=50x target=0.35d cap=2.49d/f cost=3.39ms ran=1 pulse=0.00ms loop=4.08ms full=4.26ms carry=0.28 barrier=
[economy-open-finish] day=1100 country=0.312 workset=0.023 fiscal=0.036 csr=0.005 recovery=0.001 vectors=0.581 audit=0.424 commands=0.000
[economy-prelude-cost] day=1100 ms=1.666 pending=0
[economy-aggregate-cost] day=1100 publish_ms=1.563 native_hash_ms=1.033
[economy-ledger-cost] day=1100 copy_ms=0.503 validate_ms=0.141 hash_ms=0.744 cohorts=384 markets=321600
[economy-boundary-cost] day=1100 formulas_ms=7.083 stages_ms=5.163 mirror_ms=2.587
[runtime-day-cost] day=1100 ok=1 ms=14.021
[clock/step] delta=6.9ms speed=50x target=0.35d cap=8.00d/f cost=0.77ms ran=1 pulse=0.00ms loop=0.60ms full=0.90ms carry=0.07 barrier=climate_input_capacity_day_barrier
[clock/step] delta=6.9ms speed=50x target=0.35d cap=8.00d/f cost=0.56ms ran=0 pulse=0.00ms loop=0.00ms full=0.23ms carry=0.56 barrier=
[clock/step] delta=6.9ms speed=50x target=0.35d cap=3.02d/f cost=2.65ms ran=0 pulse=0.00ms loop=0.00ms full=0.23ms carry=0.41 barrier=
[economy-open-finish] day=1200 country=0.316 workset=0.022 fiscal=0.034 csr=0.004 recovery=0.001 vectors=0.610 audit=0.442 commands=0.001
[economy-prelude-cost] day=1200 ms=1.785 pending=0
[economy-aggregate-cost] day=1200 publish_ms=1.875 native_hash_ms=0.964
[economy-ledger-cost] day=1200 copy_ms=0.424 validate_ms=0.140 hash_ms=0.696 cohorts=384 markets=321600
[economy-boundary-cost] day=1200 formulas_ms=7.620 stages_ms=5.571 mirror_ms=2.423
[runtime-day-cost] day=1200 ok=1 ms=14.294
[clock/step] delta=6.9ms speed=50x target=0.34d cap=4.35d/f cost=1.84ms ran=0 pulse=0.00ms loop=0.00ms full=0.43ms carry=0.94 barrier=
[clock/step] delta=6.7ms speed=50x target=0.33d cap=6.74d/f cost=1.04ms ran=1 pulse=0.00ms loop=0.44ms full=0.62ms carry=0.17 barrier=climate_input_capacity_day_barrier
[clock/step] delta=7.1ms speed=50x target=0.36d cap=8.00d/f cost=0.90ms ran=1 pulse=0.00ms loop=0.56ms full=0.91ms carry=0.00 barrier=climate_input_capacity_day_barrier
[economy-open-finish] day=1300 country=0.309 workset=0.024 fiscal=0.031 csr=0.004 recovery=0.001 vectors=0.583 audit=0.414 commands=0.000
[economy-prelude-cost] day=1300 ms=1.654 pending=0
[economy-aggregate-cost] day=1300 publish_ms=1.775 native_hash_ms=1.012
[economy-ledger-cost] day=1300 copy_ms=0.444 validate_ms=0.138 hash_ms=0.682 cohorts=384 markets=321600
[economy-boundary-cost] day=1300 formulas_ms=7.607 stages_ms=5.713 mirror_ms=2.501
[runtime-day-cost] day=1300 ok=1 ms=14.188
[clock/step] delta=6.9ms speed=50x target=0.34d cap=3.38d/f cost=2.37ms ran=0 pulse=0.00ms loop=0.00ms full=0.26ms carry=0.38 barrier=
[clock/step] delta=7.4ms speed=50x target=0.37d cap=8.00d/f cost=0.92ms ran=0 pulse=0.18ms loop=0.00ms full=0.82ms carry=0.27 barrier=climate_input_capacity_day_barrier
[clock/step] delta=7.8ms speed=50x target=0.39d cap=6.66d/f cost=1.20ms ran=0 pulse=0.00ms loop=0.00ms full=0.30ms carry=0.44 barrier=
[clock/step] delta=6.9ms speed=50x target=0.34d cap=8.00d/f cost=0.77ms ran=1 pulse=0.00ms loop=0.64ms full=0.96ms carry=0.16 barrier=climate_input_capacity_day_barrier
[economy-open-finish] day=1400 country=0.782 workset=0.044 fiscal=0.106 csr=0.006 recovery=0.001 vectors=1.492 audit=0.839 commands=0.001
[economy-prelude-cost] day=1400 ms=3.808 pending=0
[economy-aggregate-cost] day=1400 publish_ms=2.766 native_hash_ms=1.324
[economy-ledger-cost] day=1400 copy_ms=1.559 validate_ms=0.420 hash_ms=2.272 cohorts=384 markets=321600
[economy-boundary-cost] day=1400 formulas_ms=13.636 stages_ms=9.362 mirror_ms=6.509
[runtime-day-cost] day=1400 ok=1 ms=24.557
[clock/step] delta=7.1ms speed=50x target=0.36d cap=8.00d/f cost=0.90ms ran=0 pulse=0.11ms loop=0.00ms full=0.57ms carry=0.05 barrier=climate_input_capacity_day_barrier
[clock/step] delta=7.1ms speed=50x target=0.36d cap=8.00d/f cost=0.70ms ran=0 pulse=0.13ms loop=0.00ms full=0.65ms carry=0.14 barrier=climate_input_capacity_day_barrier
[clock/step] delta=6.7ms speed=50x target=0.33d cap=2.32d/f cost=3.45ms ran=0 pulse=0.00ms loop=0.00ms full=0.48ms carry=0.90 barrier=
[economy-open-finish] day=1500 country=0.642 workset=0.031 fiscal=0.078 csr=0.005 recovery=0.001 vectors=1.429 audit=1.024 commands=0.001
[economy-prelude-cost] day=1500 ms=3.778 pending=0
[economy-aggregate-cost] day=1500 publish_ms=3.991 native_hash_ms=2.066
[economy-ledger-cost] day=1500 copy_ms=1.255 validate_ms=0.281 hash_ms=1.607 cohorts=384 markets=321600
[economy-boundary-cost] day=1500 formulas_ms=16.579 stages_ms=12.226 mirror_ms=5.201
[runtime-day-cost] day=1500 ok=1 ms=30.706
[clock/step] delta=7.1ms speed=50x target=0.36d cap=4.78d/f cost=1.46ms ran=1 pulse=0.00ms loop=0.61ms full=0.94ms carry=0.18 barrier=climate_input_capacity_day_barrier
[clock/step] delta=6.9ms speed=50x target=0.35d cap=8.00d/f cost=0.88ms ran=0 pulse=0.00ms loop=0.00ms full=0.19ms carry=0.93 barrier=
[clock/step] delta=6.9ms speed=50x target=0.35d cap=4.83d/f cost=1.66ms ran=0 pulse=0.00ms loop=0.00ms full=0.40ms carry=0.96 barrier=
[economy-open-finish] day=1600 country=0.645 workset=0.031 fiscal=0.085 csr=0.005 recovery=0.001 vectors=1.259 audit=1.347 commands=0.001
[economy-prelude-cost] day=1600 ms=3.905 pending=0
[economy-aggregate-cost] day=1600 publish_ms=2.652 native_hash_ms=1.749
[economy-ledger-cost] day=1600 copy_ms=1.155 validate_ms=0.277 hash_ms=0.793 cohorts=384 markets=321600
[economy-boundary-cost] day=1600 formulas_ms=13.732 stages_ms=9.145 mirror_ms=3.602
[runtime-day-cost] day=1600 ok=1 ms=22.889
[clock/step] delta=7.1ms speed=50x target=0.36d cap=8.00d/f cost=0.53ms ran=0 pulse=0.00ms loop=0.00ms full=0.50ms carry=0.83 barrier=
[clock/step] delta=7.1ms speed=50x target=0.36d cap=6.52d/f cost=1.23ms ran=0 pulse=0.00ms loop=0.00ms full=0.25ms carry=0.50 barrier=
[clock/step] delta=6.9ms speed=50x target=0.35d cap=3.09d/f cost=2.59ms ran=0 pulse=0.00ms loop=0.00ms full=0.36ms carry=0.40 barrier=
[economy-open-finish] day=1700 country=0.588 workset=0.027 fiscal=0.073 csr=0.005 recovery=0.001 vectors=1.165 audit=0.910 commands=0.001
[economy-prelude-cost] day=1700 ms=3.193 pending=0
[economy-aggregate-cost] day=1700 publish_ms=2.391 native_hash_ms=2.235
[economy-ledger-cost] day=1700 copy_ms=1.249 validate_ms=0.164 hash_ms=0.807 cohorts=384 markets=321600
[economy-boundary-cost] day=1700 formulas_ms=11.139 stages_ms=7.426 mirror_ms=3.556
[runtime-day-cost] day=1700 ok=1 ms=21.540
[clock/step] delta=6.9ms speed=50x target=0.34d cap=7.82d/f cost=1.02ms ran=0 pulse=0.00ms loop=0.00ms full=0.59ms carry=0.37 barrier=
[clock/step] delta=6.9ms speed=50x target=0.34d cap=6.63d/f cost=1.21ms ran=0 pulse=0.00ms loop=0.00ms full=0.44ms carry=0.75 barrier=
[clock/step] delta=6.9ms speed=50x target=0.35d cap=8.00d/f cost=0.83ms ran=0 pulse=0.00ms loop=0.00ms full=0.60ms carry=0.53 barrier=
[clock/step] delta=6.9ms speed=50x target=0.35d cap=8.00d/f cost=0.54ms ran=1 pulse=0.00ms loop=0.48ms full=0.77ms carry=0.08 barrier=climate_input_capacity_day_barrier
[economy-open-finish] day=1800 country=0.327 workset=0.020 fiscal=0.033 csr=0.005 recovery=0.001 vectors=1.157 audit=0.914 commands=0.001
[economy-prelude-cost] day=1800 ms=2.901 pending=0
[economy-aggregate-cost] day=1800 publish_ms=1.933 native_hash_ms=1.148
[economy-ledger-cost] day=1800 copy_ms=0.623 validate_ms=0.150 hash_ms=0.828 cohorts=384 markets=321600
[economy-boundary-cost] day=1800 formulas_ms=10.008 stages_ms=6.674 mirror_ms=2.880
[runtime-day-cost] day=1800 ok=1 ms=17.242
[clock/step] delta=7.1ms speed=50x target=0.36d cap=7.18d/f cost=1.11ms ran=0 pulse=0.00ms loop=0.00ms full=0.25ms carry=0.82 barrier=
[clock/step] delta=6.9ms speed=50x target=0.35d cap=8.00d/f cost=0.68ms ran=1 pulse=0.00ms loop=0.70ms full=1.24ms carry=0.03 barrier=climate_input_capacity_day_barrier
[clock/step] delta=6.7ms speed=50x target=0.33d cap=8.00d/f cost=0.58ms ran=0 pulse=0.00ms loop=0.00ms full=0.20ms carry=0.68 barrier=
[economy-open-finish] day=1900 country=0.382 workset=0.021 fiscal=0.030 csr=0.005 recovery=0.001 vectors=0.874 audit=0.585 commands=0.000
[economy-prelude-cost] day=1900 ms=2.226 pending=0
[economy-aggregate-cost] day=1900 publish_ms=2.296 native_hash_ms=1.898
[economy-ledger-cost] day=1900 copy_ms=0.713 validate_ms=0.238 hash_ms=1.396 cohorts=384 markets=321600
[economy-boundary-cost] day=1900 formulas_ms=10.399 stages_ms=7.744 mirror_ms=4.678
[runtime-day-cost] day=1900 ok=1 ms=20.617
[clock/step] delta=6.9ms speed=50x target=0.35d cap=4.40d/f cost=1.82ms ran=0 pulse=0.07ms loop=0.00ms full=0.34ms carry=0.01 barrier=climate_input_capacity_day_barrier
[clock/step] delta=6.9ms speed=50x target=0.34d cap=8.00d/f cost=0.54ms ran=0 pulse=0.08ms loop=0.00ms full=0.39ms carry=0.19 barrier=climate_input_capacity_day_barrier
[clock/step] delta=6.9ms speed=50x target=0.35d cap=8.00d/f cost=0.56ms ran=0 pulse=0.12ms loop=0.00ms full=0.56ms carry=0.26 barrier=climate_input_capacity_day_barrier
[economy-open-finish] day=2000 country=0.310 workset=0.024 fiscal=0.036 csr=0.004 recovery=0.001 vectors=0.744 audit=0.438 commands=0.001
[economy-prelude-cost] day=2000 ms=1.892 pending=0
[economy-aggregate-cost] day=2000 publish_ms=2.162 native_hash_ms=1.058
[economy-ledger-cost] day=2000 copy_ms=0.432 validate_ms=0.139 hash_ms=0.667 cohorts=384 markets=321600
[economy-boundary-cost] day=2000 formulas_ms=9.002 stages_ms=6.831 mirror_ms=2.401
[runtime-day-cost] day=2000 ok=1 ms=15.090
[clock/step] delta=6.9ms speed=50x target=0.34d cap=5.90d/f cost=1.36ms ran=0 pulse=0.09ms loop=0.00ms full=0.44ms carry=0.02 barrier=climate_input_capacity_day_barrier
[clock/step] delta=6.9ms speed=50x target=0.34d cap=8.00d/f cost=0.53ms ran=0 pulse=0.24ms loop=0.00ms full=0.72ms carry=0.03 barrier=climate_input_capacity_day_barrier
[clock/step] delta=7.1ms speed=50x target=0.36d cap=8.00d/f cost=0.50ms ran=0 pulse=0.00ms loop=0.00ms full=0.26ms carry=0.40 barrier=
[economy-open-finish] day=2100 country=0.302 workset=0.021 fiscal=0.031 csr=0.005 recovery=0.001 vectors=0.560 audit=0.416 commands=0.000
[economy-prelude-cost] day=2100 ms=1.639 pending=0
[economy-aggregate-cost] day=2100 publish_ms=1.596 native_hash_ms=0.979
[economy-ledger-cost] day=2100 copy_ms=0.433 validate_ms=0.135 hash_ms=0.722 cohorts=384 markets=321600
[economy-boundary-cost] day=2100 formulas_ms=7.556 stages_ms=5.666 mirror_ms=2.525
[runtime-day-cost] day=2100 ok=1 ms=16.167
[clock/step] delta=7.6ms speed=50x target=0.38d cap=3.65d/f cost=2.19ms ran=0 pulse=0.00ms loop=0.00ms full=0.27ms carry=0.81 barrier=
[clock/step] delta=6.9ms speed=50x target=0.34d cap=8.00d/f cost=0.52ms ran=1 pulse=0.00ms loop=0.42ms full=0.85ms carry=0.25 barrier=climate_input_capacity_day_barrier
[clock/step] delta=7.4ms speed=50x target=0.37d cap=2.60d/f cost=2.54ms ran=1 pulse=0.00ms loop=0.37ms full=0.53ms carry=0.02 barrier=climate_input_capacity_day_barrier
[economy-open-finish] day=2200 country=0.319 workset=0.020 fiscal=0.031 csr=0.005 recovery=0.001 vectors=0.542 audit=0.500 commands=0.001
[economy-prelude-cost] day=2200 ms=1.836 pending=0
[economy-aggregate-cost] day=2200 publish_ms=1.992 native_hash_ms=1.046
[economy-ledger-cost] day=2200 copy_ms=0.602 validate_ms=0.142 hash_ms=0.778 cohorts=384 markets=321600
[economy-boundary-cost] day=2200 formulas_ms=8.516 stages_ms=6.322 mirror_ms=2.789
[runtime-day-cost] day=2200 ok=1 ms=15.062
[clock/step] delta=6.9ms speed=50x target=0.35d cap=6.55d/f cost=1.06ms ran=1 pulse=0.00ms loop=0.41ms full=0.60ms carry=0.01 barrier=climate_input_capacity_day_barrier
[clock/step] delta=6.9ms speed=50x target=0.35d cap=8.00d/f cost=0.56ms ran=0 pulse=0.00ms loop=0.00ms full=0.50ms carry=0.53 barrier=
[clock/step] delta=6.7ms speed=50x target=0.33d cap=2.84d/f cost=2.82ms ran=0 pulse=0.00ms loop=0.00ms full=0.24ms carry=0.60 barrier=
[economy-open-finish] day=2300 country=0.360 workset=0.056 fiscal=0.094 csr=0.005 recovery=0.001 vectors=1.180 audit=0.868 commands=0.001
[economy-prelude-cost] day=2300 ms=3.077 pending=0
[economy-aggregate-cost] day=2300 publish_ms=2.540 native_hash_ms=2.057
[economy-ledger-cost] day=2300 copy_ms=1.038 validate_ms=0.286 hash_ms=1.514 cohorts=384 markets=321600
[economy-boundary-cost] day=2300 formulas_ms=12.532 stages_ms=9.167 mirror_ms=5.314
[runtime-day-cost] day=2300 ok=1 ms=23.237
[clock/step] delta=6.9ms speed=50x target=0.35d cap=8.00d/f cost=0.90ms ran=0 pulse=0.00ms loop=0.00ms full=0.44ms carry=0.39 barrier=
[clock/step] delta=7.1ms speed=50x target=0.36d cap=8.00d/f cost=0.72ms ran=0 pulse=0.08ms loop=0.00ms full=0.30ms carry=0.29 barrier=climate_input_capacity_day_barrier
[clock/step] delta=6.9ms speed=50x target=0.35d cap=6.97d/f cost=1.64ms ran=1 pulse=0.00ms loop=3.63ms full=3.83ms carry=0.16 barrier=
[economy-open-finish] day=2400 country=0.622 workset=0.030 fiscal=0.065 csr=0.004 recovery=0.001 vectors=1.198 audit=0.912 commands=0.001
[economy-prelude-cost] day=2400 ms=3.350 pending=0
[economy-aggregate-cost] day=2400 publish_ms=3.336 native_hash_ms=2.073
[economy-ledger-cost] day=2400 copy_ms=1.690 validate_ms=0.332 hash_ms=1.569 cohorts=384 markets=321600
[economy-boundary-cost] day=2400 formulas_ms=14.141 stages_ms=10.193 mirror_ms=5.787
[runtime-day-cost] day=2400 ok=1 ms=26.483
[clock/step] delta=6.9ms speed=50x target=0.35d cap=8.00d/f cost=0.56ms ran=0 pulse=0.08ms loop=0.00ms full=0.38ms carry=0.16 barrier=climate_input_capacity_day_barrier
[clock/step] delta=6.9ms speed=50x target=0.35d cap=8.00d/f cost=0.56ms ran=0 pulse=0.00ms loop=0.00ms full=0.40ms carry=0.61 barrier=
[clock/step] delta=6.9ms speed=50x target=0.35d cap=5.70d/f cost=1.40ms ran=0 pulse=0.00ms loop=0.00ms full=0.40ms carry=0.37 barrier=
[economy-open-finish] day=2500 country=0.618 workset=0.030 fiscal=0.070 csr=0.005 recovery=0.001 vectors=1.229 audit=0.932 commands=0.001
[economy-prelude-cost] day=2500 ms=3.420 pending=0
[economy-aggregate-cost] day=2500 publish_ms=2.679 native_hash_ms=1.623
[economy-ledger-cost] day=2500 copy_ms=0.584 validate_ms=0.155 hash_ms=0.788 cohorts=384 markets=321600
[economy-boundary-cost] day=2500 formulas_ms=12.077 stages_ms=8.104 mirror_ms=2.850
[runtime-day-cost] day=2500 ok=1 ms=19.246
[perf-record] exported rows=2303 cols=234 → D:/Godot/ProjectKeynes/Project.Keynes/tmp/economy_opt/soak_5/perf.csv
[stage-c/client] complete mode=ACTIVE frames=8523 fast_ticks=2303 perf=D:/Godot/ProjectKeynes/Project.Keynes/tmp/economy_opt/soak_5/perf.csv
ERROR: [stage-c/client] health failed: native rate 38.665 < 49.000
   at: push_error (core/variant/variant_utility.cpp:1024)
   GDScript backtrace (most recent call first):
       [0] _finish_recording (res://tests/authority_stage_c_client_runner.gd:414)
       [1] _process (res://tests/authority_stage_c_client_runner.gd:326)
ERROR: 44 RID allocations of type 'PN13RendererDummy14TextureStorage12DummyTextureE' were leaked at exit.
ERROR: 16 RID allocations of type 'PN18TextServerAdvanced22ShapedTextDataAdvancedE' were leaked at exit.
ERROR: 1 RID allocations of type 'PN18TextServerAdvanced12FontAdvancedE' were leaked at exit.
WARNING: ObjectDB instances leaked at exit (run with --verbose for details).
   at: cleanup (core/object/object.cpp:2641)
ERROR: 986 resources still in use at exit (run with --verbose for details).
   at: clear (core/io/resource.cpp:810)
