Godot Engine v4.6.2.stable.official.71f334935 - https://godotengine.org

[ui-layout-diag/bind_ui] is_web=false viewport_visible_rect=[P: (0.0, 0.0), S: (51.2, 51.2)] window_size=(64, 64) content_scale_factor=1.250 content_scale_mode=0 device_pixel_ratio=-1.000 top_bar_rect=[P: (0.0, 0.0), S: (543.0, 56.0)] right_panel_rect=[P: (-408.8, 68.0), S: (460.0, 366.0)] country_action_bar_rect=[P: (8.0, -30.8), S: (336.0, 74.0)]
[stage-c] authority=ACTIVE worker=ACTIVE
[building-visual] queue_probe ticks=1 queued=0 chunk=-1 camera_rect=[P: (-25.6, -25.6), S: (51.2, 51.2)] prefetch=false zoom=1.000
[building-visual] queue_probe ticks=2 queued=0 chunk=-1 camera_rect=[P: (-25.6, -25.6), S: (51.2, 51.2)] prefetch=false zoom=1.000
[native_generation/base] path=gdext algorithm=post_base_priority_flood_hydrology_v3 n=2400 native_ms=6.654 water=1553 land=847
[native_generation/post_base] path=gdext algorithm=post_base_priority_flood_hydrology_v3 n=2400 native_ms=1.559 lakes=4 rivers=105 volcanoes=0
[native_generation/vegetation] native_ms=0.520 candidates=841 none=1169 score=[0.000,1.236,1.114] plant_water_land=856 river_adjacent_desert=0 coastal_highland_desert=0 terrain_weight=[0.180,1.200]
[native_generation/qa] single_water=0 tiny<=3=0 small<=5=0 bodies=1 largest=1544 | land_below_sea=0.7% | terr_distinct=21 entropy=3.183bit | river_ratio=4.375%
MapGenerator v7: per-cell 69ms (2400 cells, path=gdext)
[building-visual] queue_probe ticks=3 queued=0 chunk=-1 camera_rect=[P: (-25.6, -25.6), S: (51.2, 51.2)] prefetch=false zoom=1.000
MapBaker v6: hm=(1024, 606) seed=1735228708
    [fused] terrain=70.5ms erosion=3.1ms(ok=true) river=13.0ms(ok=true) latitude=0.1ms coast_sdf=4.8ms(ok=true)
  geometry fields (fused C++): 162ms
  physical circulation hex solve: deferred until DCWorldExt bind (ext=true idx=true soa=false)
  wind/ocean pixel buffers: skipped (ocean_current_visual off)
  visual tiles: {"degradation_reason":"","effective_budget_px":1717248,"effective_texels_per_hex":16.0059221751742,"effective_world_units_per_texel":"(1.373983, 1.375)","estimated_peak_bytes":68402880,"estimated_resident_bytes":40340160,"fallback_reason":"","generation_id":1,"grid_size":"(4, 3)","gutter_px":2,"hex_size":22.0,"horizon_path":"neutral_pending","interior_size":"(416, 344)","layer_size":"(420, 348)","layers":[{"bake_ms":58.1299,"coast_sdf_max_dist_px":13.6162309214075,"distance_scale":1.70202886517594,"edge_distance_saturate_hex":0.9,"edge_distance_units":"normalized_hex_center_gap","hashes":{"edge_distance":-4603098080143260562,"edge_neighbor":4057764273350575789,"height":-9124830669634210576,"map_index":1015450256520461008,"terrain_detail":1415298026641868910,"terrain_normal":4240255112308713771,"water_depth":2330624858830770480},"layer":0,"normal_radius_px":"(22, 22)","raster_scale":"(1.701088, 1.70297)","river_sdf_max_dist_px":5.9571010281158,"shore_carve_band_px":10,"upload_ms":0.065,"wall_ms":58.298},{"bake_ms":60.1083,"coast_sdf_max_dist_px":13.6162309214075,"distance_scale":1.70202886517594,"edge_distance_saturate_hex":0.9,"edge_distance_units":"normalized_hex_center_gap","hashes":{"edge_distance":4583573183968817086,"edge_neighbor":6466940111421570636,"height":5790856781181676511,"map_index":5990047724644026299,"terrain_detail":1806575389526097655,"terrain_normal":3908465376956190299,"water_depth":2547432928052609473},"layer":1,"normal_radius_px":"(22, 22)","raster_scale":"(1.701088, 1.70297)","river_sdf_max_dist_px":5.9571010281158,"shore_carve_band_px":10,"upload_ms":0.06,"wall_ms":60.253},{"bake_ms":62.9255,"coast_sdf_max_dist_px":13.6162309214075,"distance_scale":1.70202886517594,"edge_distance_saturate_hex":0.9,"edge_distance_units":"normalized_hex_center_gap","hashes":{"edge_distance":-2526323355750389439,"edge_neighbor":7015029410290978361,"height":-8150332218754556700,"map_index":329090656303652193,"terrain_detail":-392433696576850044,"terrain_normal":-4965863177888236808,"water_depth":-7217348512352819415},"layer":2,"normal_radius_px":"(22, 22)","raster_scale":"(1.701088, 1.70297)","river_sdf_max_dist_px":5.9571010281158,"shore_carve_band_px":10,"upload_ms":0.067,"wall_ms":63.089},{"bake_ms":95.2236,"coast_sdf_max_dist_px":13.6162309214075,"distance_scale":1.70202886517594,"edge_distance_saturate_hex":0.9,"edge_distance_units":"normalized_hex_center_gap","hashes":{"edge_distance":-4179826732684646787,"edge_neighbor":-5337848294581530626,"height":-7426228563537643593,"map_index":1239439826928151201,"terrain_detail":-8513326582372265254,"terrain_normal":8092780547537771097,"water_depth":-6092640318278072007},"layer":3,"normal_radius_px":"(22, 22)","raster_scale":"(1.701088, 1.70297)","river_sdf_max_dist_px":5.9571010281158,"shore_carve_band_px":10,"upload_ms":0.083,"wall_ms":95.408},{"bake_ms":55.7827,"coast_sdf_max_dist_px":13.6162309214075,"distance_scale":1.70202886517594,"edge_distance_saturate_hex":0.9,"edge_distance_units":"normalized_hex_center_gap","hashes":{"edge_distance":2136869506241081992,"edge_neighbor":-8797880867138963685,"height":-4924567352001132959,"map_index":-4231209514887179977,"terrain_detail":8772909128008927660,"terrain_normal":-6784207502925496102,"water_depth":-7492134226470272506},"layer":4,"normal_radius_px":"(22, 22)","raster_scale":"(1.701088, 1.70297)","river_sdf_max_dist_px":5.9571010281158,"shore_carve_band_px":10,"upload_ms":0.081,"wall_ms":55.972},{"bake_ms":93.4241,"coast_sdf_max_dist_px":13.6162309214075,"distance_scale":1.70202886517594,"edge_distance_saturate_hex":0.9,"edge_distance_units":"normalized_hex_center_gap","hashes":{"edge_distance":6673149775916606392,"edge_neighbor":-8413630352766524385,"height":-6889378239635599087,"map_index":-3551392040916973266,"terrain_detail":1687709548716503895,"terrain_normal":3946453442722986154,"water_depth":6600269933117438995},"layer":5,"normal_radius_px":"(22, 22)","raster_scale":"(1.701088, 1.70297)","river_sdf_max_dist_px":5.9571010281158,"shore_carve_band_px":10,"upload_ms":0.125,"wall_ms":93.662},{"bake_ms":64.0232,"coast_sdf_max_dist_px":13.6162309214075,"distance_scale":1.70202886517594,"edge_distance_saturate_hex":0.9,"edge_distance_units":"normalized_hex_center_gap","hashes":{"edge_distance":361706081270387103,"edge_neighbor":-8688139845739281855,"height":699499231114171702,"map_index":-2682228531129457940,"terrain_detail":-8811551234231146331,"terrain_normal":-265631937775218288,"water_depth":6856409090380917935},"layer":6,"normal_radius_px":"(22, 22)","raster_scale":"(1.701088, 1.70297)","river_sdf_max_dist_px":5.9571010281158,"shore_carve_band_px":10,"upload_ms":0.061,"wall_ms":64.191},{"bake_ms":80.2685,"coast_sdf_max_dist_px":13.6162309214075,"distance_scale":1.70202886517594,"edge_distance_saturate_hex":0.9,"edge_distance_units":"normalized_hex_center_gap","hashes":{"edge_distance":-6250500223095183093,"edge_neighbor":5418444607076768559,"height":1419229568066409352,"map_index":4380956599171502337,"terrain_detail":-894743883384344824,"terrain_normal":4459428523621274975,"water_depth":-6366031586637808975},"layer":7,"normal_radius_px":"(22, 22)","raster_scale":"(1.701088, 1.70297)","river_sdf_max_dist_px":5.9571010281158,"shore_carve_band_px":10,"upload_ms":0.059,"wall_ms":80.42},{"bake_ms":73.1905,"coast_sdf_max_dist_px":13.6162309214075,"distance_scale":1.70202886517594,"edge_distance_saturate_hex":0.9,"edge_distance_units":"normalized_hex_center_gap","hashes":{"edge_distance":8492285698888321900,"edge_neighbor":3199635046979891388,"height":4828838600007938123,"map_index":-7514139010467297966,"terrain_detail":-8950604297692130837,"terrain_normal":-3593785506946687824,"water_depth":5761060537573716235},"layer":8,"normal_radius_px":"(22, 22)","raster_scale":"(1.701088, 1.70297)","river_sdf_max_dist_px":5.9571010281158,"shore_carve_band_px":10,"upload_ms":0.077,"wall_ms":73.375},{"bake_ms":98.1977,"coast_sdf_max_dist_px":13.6162309214075,"distance_scale":1.70202886517594,"edge_distance_saturate_hex":0.9,"edge_distance_units":"normalized_hex_center_gap","hashes":{"edge_distance":9117926548072241235,"edge_neighbor":-7557104988675294500,"height":618468365387938347,"map_index":-5885543932102826664,"terrain_detail":3877245088374033799,"terrain_normal":-6778421208245397131,"water_depth":2200779154463963187},"layer":9,"normal_radius_px":"(22, 22)","raster_scale":"(1.701088, 1.70297)","river_sdf_max_dist_px":5.9571010281158,"shore_carve_band_px":10,"upload_ms":0.06,"wall_ms":98.355},{"bake_ms":43.1784,"coast_sdf_max_dist_px":13.6162309214075,"distance_scale":1.70202886517594,"edge_distance_saturate_hex":0.9,"edge_distance_units":"normalized_hex_center_gap","hashes":{"edge_distance":-3745585455065177449,"edge_neighbor":2404961067888014635,"height":-3115442796632843800,"map_index":-6211809985430628861,"terrain_detail":1161812488860344551,"terrain_normal":6456972146840247766,"water_depth":1987210436922770546},"layer":10,"normal_radius_px":"(22, 22)","raster_scale":"(1.701088, 1.70297)","river_sdf_max_dist_px":5.9571010281158,"shore_carve_band_px":10,"upload_ms":0.062,"wall_ms":43.346},{"bake_ms":37.4318,"coast_sdf_max_dist_px":13.6162309214075,"distance_scale":1.70202886517594,"edge_distance_saturate_hex":0.9,"edge_distance_units":"normalized_hex_center_gap","hashes":{"edge_distance":-1470570636688572573,"edge_neighbor":-6057560351645416949,"height":-5827593206795043862,"map_index":-2248414732901839783,"terrain_detail":7630543887994105174,"terrain_normal":8582387156502791927,"water_depth":-6103088449435849452},"layer":11,"normal_radius_px":"(22, 22)","raster_scale":"(1.701088, 1.70297)","river_sdf_max_dist_px":5.9571010281158,"shore_carve_band_px":10,"upload_ms":0.058,"wall_ms":37.58}],"logical_size":"(1664, 1032)","mode":"tiled","path":"visual_tiled_static","profile":"desktop_high","renderer":"mobile","requested_budget_px":1716216,"requested_texels_per_hex":16.0,"requested_tile_world_span":"(704.0, 704.0)","requested_world_units_per_texel":1.375,"tile_world_area":270355.817993164,"tile_world_span":"(571.5768, 473.0)","total_ms":827.61,"visual_domain":"[P: (0.0, -44.0), S: (2286.307, 1419.0)]","wrap_period_x":2286.30706599092,"wrap_x":true}
WARNING: Loaded resource as image file, this will not work on export: 'res://assets/textures/terrain_materials/organic.png'. Instead, import the image file as an Image resource and load it normally as a resource.
   at: load (core/io/image.cpp:2756)
   GDScript backtrace (most recent call first):
       [0] _build_terrain_material_tex (res://scripts/rendering/map_baker.gd:360)
       [1] get_or_build_shared_terrain_material_tex (res://scripts/rendering/map_baker.gd:343)
       [2] bake_world (res://scripts/rendering/map_baker.gd:1187)
       [3] _yield_generation_frame (res://scripts/rendering/map_baker.gd:1225)
WARNING: Loaded resource as image file, this will not work on export: 'res://assets/textures/terrain_materials/dry_sand.png'. Instead, import the image file as an Image resource and load it normally as a resource.
   at: load (core/io/image.cpp:2756)
   GDScript backtrace (most recent call first):
       [0] _build_terrain_material_tex (res://scripts/rendering/map_baker.gd:360)
       [1] get_or_build_shared_terrain_material_tex (res://scripts/rendering/map_baker.gd:343)
       [2] bake_world (res://scripts/rendering/map_baker.gd:1187)
       [3] _yield_generation_frame (res://scripts/rendering/map_baker.gd:1225)
WARNING: Loaded resource as image file, this will not work on export: 'res://assets/textures/terrain_materials/rock.png'. Instead, import the image file as an Image resource and load it normally as a resource.
   at: load (core/io/image.cpp:2756)
   GDScript backtrace (most recent call first):
       [0] _build_terrain_material_tex (res://scripts/rendering/map_baker.gd:360)
       [1] get_or_build_shared_terrain_material_tex (res://scripts/rendering/map_baker.gd:343)
       [2] bake_world (res://scripts/rendering/map_baker.gd:1187)
       [3] _yield_generation_frame (res://scripts/rendering/map_baker.gd:1225)
WARNING: Loaded resource as image file, this will not work on export: 'res://assets/textures/terrain_materials/snow_wet.png'. Instead, import the image file as an Image resource and load it normally as a resource.
   at: load (core/io/image.cpp:2756)
   GDScript backtrace (most recent call first):
       [0] _build_terrain_material_tex (res://scripts/rendering/map_baker.gd:360)
       [1] get_or_build_shared_terrain_material_tex (res://scripts/rendering/map_baker.gd:343)
       [2] bake_world (res://scripts/rendering/map_baker.gd:1187)
       [3] _yield_generation_frame (res://scripts/rendering/map_baker.gd:1225)
  cell LUT encode: deferred until DCWorldExt bind
  encode: 3607ms
MapBaker v6: total 3777ms
MapGenerator v7: bake 3805ms
MapGenerator: skip _compute_ocean_currents (physical-hex path writes per-cell directly)
MapGenerator: skip _compute_terrain_perturbed_wind (physical-hex solver writes per-cell)
[SUS] sim budget strict=false frame=8.00ms warn=2.00ms slice=0.75ms upload=1.50ms scheduler=DCSystemScheduler native_sus=auto
[DCWorldExt] bind_map_data: 148 components bound (auto-registered=148; snapshot model; see world_ext.cpp comment & charter Â§11)
[DataCore] _data_core_world_ext bound=true (climate co-processor; class=DCWorldExt)
[native_world] configure rc=0 reason=configured cells=2400 wrap_period_x=103.923
[native_generation] path=gdext n=2400 published=9 native_ms=0.104 compute_ms=0.052 flush_ms=0.051
[hex_cell] facade ENABLED (2400 cells bound; ext=true)
[DataCore] _baker climate_profile injected=true (fixes WorldData.config==null sea_ice prepare path)
[phys_solve][oneshot] OK slp=0.76ms wind=0.37ms psi=0.29ms(ran=true) upwelling=0.03ms total=1.86ms
PhysicalCirculation solve@phase=1.50 total=2ms (C++ one-shot run_physical_solve_pass)
  wind/ocean pixel buffers: skipped (ocean_current_visual off)
[physical_init] deferred native refresh complete: 2ms
[cell_lut] deferred encode: 1ms path=gdext
[bio-occupancy] seed landmasses=10 provinces=10 species=20 secondary_hearths=22
[bio-occupancy]   bio.maize envelope=56 hearth=17 seeded_landmasses=1 primary_landmass=8 primary_envelope=31 occupied=17 occupied/envelope=0.55
[bio-occupancy]   bio.wheat envelope=225 hearth=58 seeded_landmasses=3 primary_landmass=1 primary_envelope=21 occupied=58 occupied/envelope=2.76
[bio-occupancy]   bio.rice envelope=71 hearth=19 seeded_landmasses=4 primary_landmass=2 primary_envelope=23 occupied=19 occupied/envelope=0.83
[bio-occupancy]   bio.potato envelope=163 hearth=55 seeded_landmasses=3 primary_landmass=8 primary_envelope=86 occupied=55 occupied/envelope=0.64
[bio-occupancy]   bio.horse envelope=242 hearth=48 seeded_landmasses=4 primary_landmass=2 primary_envelope=70 occupied=48 occupied/envelope=0.69
[bio-occupancy]   bio.cotton envelope=119 hearth=12 seeded_landmasses=1 primary_landmass=7 primary_envelope=22 occupied=12 occupied/envelope=0.55
[bio-occupancy]   bio.flax envelope=212 hearth=17 seeded_landmasses=2 primary_landmass=1 primary_envelope=21 occupied=17 occupied/envelope=0.81
[bio-occupancy]   bio.spice envelope=100 hearth=8 seeded_landmasses=2 primary_landmass=2 primary_envelope=26 occupied=8 occupied/envelope=0.31
[bio-occupancy]   bio.rubber envelope=56 hearth=7 seeded_landmasses=1 primary_landmass=7 primary_envelope=15 occupied=7 occupied/envelope=0.47
[bio-occupancy]   bio.sheep envelope=34 hearth=8 seeded_landmasses=1 primary_landmass=8 primary_envelope=17 occupied=8 occupied/envelope=0.47
[bio-occupancy]   bio.goat envelope=405 hearth=98 seeded_landmasses=4 primary_landmass=8 primary_envelope=187 occupied=98 occupied/envelope=0.52
[bio-occupancy]   bio.cattle envelope=13 hearth=5 seeded_landmasses=1 primary_landmass=8 primary_envelope=11 occupied=5 occupied/envelope=0.45
[bio-occupancy]   bio.pig envelope=287 hearth=89 seeded_landmasses=5 primary_landmass=8 primary_envelope=129 occupied=89 occupied/envelope=0.69
[bio-occupancy]   bio.camel envelope=45 hearth=6 seeded_landmasses=1 primary_landmass=6 primary_envelope=13 occupied=6 occupied/envelope=0.46
[bio-occupancy]   bio.yak envelope=192 hearth=68 seeded_landmasses=3 primary_landmass=2 primary_envelope=83 occupied=68 occupied/envelope=0.82
[bio-occupancy]   bio.silkworm envelope=144 hearth=23 seeded_landmasses=1 primary_landmass=8 primary_envelope=57 occupied=23 occupied/envelope=0.40
[bio-occupancy]   bio.reed envelope=148 hearth=31 seeded_landmasses=4 primary_landmass=8 primary_envelope=60 occupied=31 occupied/envelope=0.52
[bio-occupancy]   bio.bast_fiber envelope=279 hearth=65 seeded_landmasses=1 primary_landmass=8 primary_envelope=136 occupied=65 occupied/envelope=0.48
[bio-occupancy]   bio.dye_plant envelope=122 hearth=38 seeded_landmasses=2 primary_landmass=8 primary_envelope=53 occupied=38 occupied/envelope=0.72
[bio-occupancy]   bio.medicinal_herb envelope=371 hearth=151 seeded_landmasses=5 primary_landmass=8 primary_envelope=168 occupied=151 occupied/envelope=0.90
[bio-occupancy]   landmass 1 classes=cold_grazer, fiber_forest, dry_grazer, highland_food, open_food, open_grazer, fiber_open, forest_grazer foods=potato, wheat
[bio-occupancy]   landmass 2 classes=cold_grazer, fiber_forest, dry_grazer, open_grazer, fiber_wet, forest_grazer, open_food, highland_food, fiber_open, wetland_food, tropical foods=wheat, potato, rice
[bio-occupancy]   landmass 3 classes=none foods=none
[bio-occupancy]   landmass 4 classes=none foods=none
[bio-occupancy]   landmass 5 classes=none foods=none
[bio-occupancy]   landmass 6 classes=wetland_food, forest_grazer, fiber_wet, fiber_forest, open_grazer, dry_grazer, fiber_open, tropical foods=rice
[bio-occupancy]   landmass 7 classes=fiber_open, tropical, dry_grazer, open_food, open_grazer, fiber_forest, wetland_food, forest_grazer, fiber_wet foods=wheat, rice
[bio-occupancy]   landmass 8 classes=tropical, fiber_open, forest_grazer, dry_grazer, open_food, fiber_forest, wetland_food, open_grazer, highland_food, fiber_wet, cold_grazer foods=maize, rice, potato
[bio-occupancy]   landmass 9 classes=none foods=none
[bio-occupancy]   landmass 10 classes=none foods=none
[weather] gdext acceleration ON (class=DCWorldExt)
[weather] gdext field commit ON
[weather] gdext distribute ON
[weather] gdext summary ON
[weather] hexcell facade ON (skip AoS double-write in hot loop)
[weather] gdext resident knobs ON (class=KnobsHandle)
[economy] ACTIVE native graph cells=2400 goods=134 cohorts=24 epoch_days=1 trade=ACTIVE topology_ready=true topology_generation=1 bootstrap=starter_settlement_bootstrap_v9 founder_families=6 founder_people=6
[country] ACTIVE native authority countries=6 cells=2400 generation=1
[weather/knobs] resident KnobsHandle path ACTIVE — first to_*_knobs_dict hit (field_rebuild_count=1 expected ≤1; stable Hz target ≤1 Hz)
[native_daily] ACTIVE: registered native_daily_sim + natural_resource_daily + bio_occupancy_daily; retained season_refresh + ocean_currents boundary jobs
[DCSystemScheduler] topology: ["season_refresh", "trigger_runtime", "ideology_runtime", "effect_runtime", "modifier_daily", "gameplay_effect", "natural_resource_daily", "bio_occupancy_daily", "enum_atlas_upload", "ocean_currents", "native_daily_sim", "dynamic_visual_atlas_upload", "country_daily", "economy_daily"]
WARNING: [runtime-climate-round] no ClimateDailySystem; SHADOW capture carries no shared pass input
   at: push_warning (core/variant/variant_utility.cpp:1034)
   GDScript backtrace (most recent call first):
       [0] _build_runtime_climate_round_input (res://scripts/geography/map_generator.gd:4651)
       [1] capture_runtime_inputs_for_worker (res://scripts/geography/map_generator.gd:2351)
       [2] generate_world (res://scripts/game/world_runtime_host.gd:609)
       [3] generate (res://scripts/geography/map_generator.gd:1606)
       [4] _yield_generation_frame (res://scripts/geography/map_generator.gd:19867)
WARNING: [runtime-worker] Ideology opinion publish deferred: ideology_opinion_snapshot_invalid
   at: push_warning (core/variant/variant_utility.cpp:1034)
   GDScript backtrace (most recent call first):
       [0] _start_production_shadow_worker (res://scripts/game/world_runtime_host.gd:700)
       [1] generate_world (res://scripts/game/world_runtime_host.gd:618)
       [2] generate (res://scripts/geography/map_generator.gd:1606)
       [3] _yield_generation_frame (res://scripts/geography/map_generator.gd:19867)
[runtime-worker] production ACTIVE started mask=4095 auto_pod=true
[runtime-day-wait] day=1 env_day=0 missing=0x3ff economy_input=-1
[building-visual] intel_refresh requested=32 changed=1 known=1 catalog=400 resident=0 body=0 queued=0 zoom=1.000
[DCSystemScheduler][RT] ocean_skip#1 tick=1 reason=policy_gated slices=0 elapsed=0.000 progress=0.000 source=day_changed
[climate][publish] day=0 round_ran=1 prod_stage=0xff scalar_mask=0x7f alb=0 veg=0 fb=0 weather=0 sr=0 ok=1
[climate/worker][b8] physics_knobs day=1 ready=0 missing=physics_knobs
[climate-kernel][round] shared=1 ok=1 n_cells=2400 mask=0x1FF ran=0x1FF starved=0x0 knobs_cells=2400
[DCSystemScheduler][RT] ocean_skip#2 tick=2 reason=policy_gated slices=0 elapsed=0.000 progress=0.000 source=day_changed
[country][parity] worker_day=1 uncompared reference_range=-1..-1 depth=0
[economy-mirror-cost] day=1 capture_ms=2.147 import_ms=3.685
[climate/writeback][b8] day=1 vapor store0=0 map0=0 dirty_fields=42 applied=42
[phys/knobs] projection ready: slp=31 wind=33 psi=26 up=10
[climate/worker][b8] physics_knobs day=2 ready=1 missing=
[climate/worker][b8] paw day=2 cell=68 moisture=0.717273 wb30=0 soil=0 paw=0.717273 zeros(water=1544 land=5) nonzero=851 weights(wb=0.35 soil=0.25 dry=0.65) round=1 distribute=0 hydrology=0
[climate/worker][b8] physics_knobs day=3 ready=1 missing=
[climate/worker][b8] paw day=3 cell=68 moisture=0.71356 wb30=0 soil=0 paw=0.71356 zeros(water=1544 land=7) nonzero=849 weights(wb=0.35 soil=0.25 dry=0.65) round=1 distribute=0 hydrology=0
[climate/writeback][b8] day=2 vapor store0=0 map0=0 dirty_fields=52 applied=52
[country][parity] worker_day=3 uncompared reference_range=2..2 depth=1
[climate/worker][b8] physics_knobs day=4 ready=1 missing=
[climate/worker][b8] paw day=4 cell=68 moisture=0.715574 wb30=0 soil=0 paw=0.715574 zeros(water=1544 land=7) nonzero=849 weights(wb=0.35 soil=0.25 dry=0.65) round=1 distribute=1 hydrology=0
[climate/writeback][b8] day=3 vapor store0=0 map0=0 dirty_fields=52 applied=52
[climate/worker][b8] cyclone_gate day=4 input_enabled=0 force_env=0 effective=0
[climate/worker][b8] weather_solve day=4 cells=2400 psi=1 vapor0=0.112137 precip0=0 cloud0=0.0421759 type0=0 field_init0=1
[country][parity] worker_day=4 uncompared reference_range=2..2 depth=1
[climate/worker][b8] physics_knobs day=5 ready=1 missing=
[climate/worker][b8] paw day=5 cell=68 moisture=0.71292 wb30=-0.000135648 soil=0 paw=0.712832 zeros(water=1544 land=7) nonzero=849 weights(wb=0.35 soil=0.25 dry=0.65) round=1 distribute=0 hydrology=0
[country][parity] worker_day=5 uncompared reference_range=2..2 depth=1
[climate/writeback][b8] day=4 vapor store0=0.112137 map0=0.112137 dirty_fields=54 applied=54
[climate/worker][b8] physics_knobs day=6 ready=1 missing=
[climate/worker][b8] paw day=6 cell=68 moisture=0.714438 wb30=-0.000135648 soil=-0.000325554 paw=0.71435 zeros(water=1544 land=7) nonzero=849 weights(wb=0.35 soil=0.25 dry=0.65) round=1 distribute=0 hydrology=0
[country][parity] worker_day=6 uncompared reference_range=2..2 depth=1
[climate/worker][b8] paw day=7 cell=68 moisture=0.715177 wb30=-0.000135648 soil=-0.000325554 paw=0.715089 zeros(water=1544 land=7) nonzero=849 weights(wb=0.35 soil=0.25 dry=0.65) round=1 distribute=0 hydrology=0
[country][parity] worker_day=7 uncompared reference_range=2..2 depth=1
[climate/worker][b8] paw day=8 cell=68 moisture=0.716323 wb30=-0.000135648 soil=-0.000325554 paw=0.716235 zeros(water=1544 land=7) nonzero=849 weights(wb=0.35 soil=0.25 dry=0.65) round=1 distribute=0 hydrology=0
[country][parity] worker_day=8 uncompared reference_range=2..2 depth=1
[climate/worker][b8] paw day=9 cell=68 moisture=0.717745 wb30=-0.000135648 soil=-0.000325554 paw=0.717657 zeros(water=1544 land=7) nonzero=849 weights(wb=0.35 soil=0.25 dry=0.65) round=1 distribute=0 hydrology=0
[country][parity] worker_day=9 uncompared reference_range=2..2 depth=1
[climate/worker][b8] paw day=10 cell=68 moisture=0.717719 wb30=-0.000135648 soil=-0.000325554 paw=0.717631 zeros(water=1544 land=7) nonzero=849 weights(wb=0.35 soil=0.25 dry=0.65) round=1 distribute=0 hydrology=0
[climate/worker][b8] paw day=11 cell=68 moisture=0.718816 wb30=-0.000135648 soil=-0.000325554 paw=0.718728 zeros(water=1544 land=7) nonzero=849 weights(wb=0.35 soil=0.25 dry=0.65) round=1 distribute=0 hydrology=0
[climate/worker][b8] paw day=12 cell=68 moisture=0.718798 wb30=-0.000135648 soil=-0.000325554 paw=0.71871 zeros(water=1544 land=7) nonzero=849 weights(wb=0.35 soil=0.25 dry=0.65) round=1 distribute=1 hydrology=0
[climate/worker][b8] cyclone_gate day=12 input_enabled=0 force_env=0 effective=0
[climate/worker][b8] weather_solve day=12 cells=2400 psi=1 vapor0=0.102492 precip0=0 cloud0=0.0523962 type0=0 field_init0=1
[climate/worker][b8] paw day=13 cell=68 moisture=0.719626 wb30=-0.000268299 soil=-0.000325554 paw=0.719452 zeros(water=1544 land=7) nonzero=849 weights(wb=0.35 soil=0.25 dry=0.65) round=1 distribute=0 hydrology=0
[climate/worker][b8] weather_solve day=20 cells=2400 psi=1 vapor0=0.0765392 precip0=0 cloud0=0.0385373 type0=0 field_init0=1
[climate/worker][b8] weather_solve day=28 cells=2400 psi=1 vapor0=0.0766528 precip0=0 cloud0=0.0686402 type0=0 field_init0=1
[clock/step] delta=6.9ms speed=50x target=0.35d cap=1.71d/f cost=4.67ms ran=0 pulse=0.00ms loop=0.00ms full=0.21ms carry=0.67 barrier=
[clock/step] delta=6.9ms speed=50x target=0.35d cap=3.40d/f cost=2.61ms ran=1 pulse=0.00ms loop=3.63ms full=3.83ms carry=0.34 barrier=
[economy-open-finish] day=100 country=0.319 workset=0.023 fiscal=0.033 csr=0.004 recovery=0.001 vectors=0.689 audit=0.433 commands=0.001
[economy-prelude-cost] day=100 ms=1.782 pending=0
[economy-aggregate-cost] day=100 publish_ms=3.066 native_hash_ms=1.460
[economy-ledger-cost] day=100 copy_ms=0.588 validate_ms=0.153 hash_ms=0.876 cohorts=384 markets=321600
[economy-boundary-cost] day=100 formulas_ms=9.439 stages_ms=7.392 mirror_ms=2.902
[runtime-day-cost] day=100 ok=1 ms=16.356
[clock/step] delta=6.9ms speed=50x target=0.35d cap=3.83d/f cost=2.09ms ran=0 pulse=0.00ms loop=0.00ms full=0.34ms carry=0.39 barrier=
[clock/step] delta=7.7ms speed=50x target=0.38d cap=8.00d/f cost=0.87ms ran=0 pulse=0.00ms loop=0.00ms full=0.46ms carry=0.62 barrier=
[clock/step] delta=6.9ms speed=50x target=0.35d cap=4.97d/f cost=1.61ms ran=0 pulse=0.00ms loop=0.00ms full=0.22ms carry=0.47 barrier=
[economy-open-finish] day=200 country=0.322 workset=0.021 fiscal=0.030 csr=0.004 recovery=0.001 vectors=0.594 audit=0.405 commands=0.001
[economy-prelude-cost] day=200 ms=1.623 pending=0
[economy-aggregate-cost] day=200 publish_ms=1.853 native_hash_ms=1.019
[economy-ledger-cost] day=200 copy_ms=0.714 validate_ms=0.189 hash_ms=1.162 cohorts=384 markets=321600
[economy-boundary-cost] day=200 formulas_ms=6.802 stages_ms=4.932 mirror_ms=4.192
[runtime-day-cost] day=200 ok=1 ms=14.255
[perf-record] start (start_tick=208 mode=CORE detail_period=1)
[stage-c/client] recording mode=ACTIVE worker=ACTIVE seconds=60.00 output=D:/Godot/ProjectKeynes/Project.Keynes/tmp/economy_opt/soak_3
[clock/step] delta=6.9ms speed=50x target=0.35d cap=2.83d/f cost=3.31ms ran=1 pulse=0.00ms loop=5.27ms full=5.47ms carry=0.04 barrier=
[clock/step] delta=8.3ms speed=50x target=0.42d cap=2.29d/f cost=2.90ms ran=1 pulse=0.00ms loop=0.57ms full=0.84ms carry=0.24 barrier=climate_input_capacity_day_barrier
[clock/step] delta=6.9ms speed=50x target=0.34d cap=8.00d/f cost=0.74ms ran=0 pulse=0.00ms loop=0.00ms full=0.22ms carry=0.35 barrier=
[economy-open-finish] day=300 country=0.309 workset=0.019 fiscal=0.029 csr=0.004 recovery=0.001 vectors=0.541 audit=0.416 commands=0.000
[economy-prelude-cost] day=300 ms=1.593 pending=0
[economy-aggregate-cost] day=300 publish_ms=1.755 native_hash_ms=0.964
[economy-ledger-cost] day=300 copy_ms=0.363 validate_ms=0.166 hash_ms=0.721 cohorts=384 markets=321600
[economy-boundary-cost] day=300 formulas_ms=6.315 stages_ms=4.478 mirror_ms=2.433
[runtime-day-cost] day=300 ok=1 ms=13.971
[clock/step] delta=6.9ms speed=50x target=0.34d cap=4.06d/f cost=1.97ms ran=0 pulse=0.16ms loop=0.00ms full=0.73ms carry=0.31 barrier=climate_input_capacity_day_barrier
[clock/step] delta=6.9ms speed=50x target=0.35d cap=2.66d/f cost=3.00ms ran=0 pulse=0.00ms loop=0.00ms full=0.30ms carry=0.93 barrier=
[clock/step] delta=6.9ms speed=50x target=0.34d cap=2.77d/f cost=3.10ms ran=1 pulse=0.00ms loop=3.95ms full=4.25ms carry=0.18 barrier=
[economy-open-finish] day=400 country=0.313 workset=0.021 fiscal=0.033 csr=0.004 recovery=0.001 vectors=0.553 audit=0.422 commands=0.000
[economy-prelude-cost] day=400 ms=1.626 pending=0
[economy-aggregate-cost] day=400 publish_ms=1.717 native_hash_ms=0.969
[economy-ledger-cost] day=400 copy_ms=0.513 validate_ms=0.159 hash_ms=0.767 cohorts=384 markets=321600
[economy-boundary-cost] day=400 formulas_ms=6.955 stages_ms=5.072 mirror_ms=2.881
[runtime-day-cost] day=400 ok=1 ms=13.355
[clock/step] delta=6.9ms speed=50x target=0.34d cap=2.23d/f cost=3.57ms ran=1 pulse=0.00ms loop=3.51ms full=3.69ms carry=0.22 barrier=
[clock/step] delta=6.9ms speed=50x target=0.35d cap=3.54d/f cost=2.26ms ran=0 pulse=0.00ms loop=0.00ms full=0.29ms carry=0.78 barrier=
[economy-open-finish] day=500 country=0.785 workset=0.035 fiscal=0.038 csr=0.005 recovery=0.001 vectors=0.560 audit=0.528 commands=0.001
[economy-prelude-cost] day=500 ms=2.537 pending=0
[economy-aggregate-cost] day=500 publish_ms=1.637 native_hash_ms=1.143
[economy-ledger-cost] day=500 copy_ms=0.457 validate_ms=0.140 hash_ms=0.762 cohorts=384 markets=321600
[economy-boundary-cost] day=500 formulas_ms=8.199 stages_ms=5.217 mirror_ms=2.639
[runtime-day-cost] day=500 ok=1 ms=15.991
[clock/step] delta=6.9ms speed=50x target=0.35d cap=2.18d/f cost=4.01ms ran=1 pulse=0.00ms loop=5.37ms full=5.74ms carry=0.06 barrier=
[clock/step] delta=6.9ms speed=50x target=0.34d cap=2.39d/f cost=3.34ms ran=0 pulse=0.15ms loop=0.00ms full=0.68ms carry=0.05 barrier=climate_input_capacity_day_barrier
[clock/step] delta=6.9ms speed=50x target=0.35d cap=8.00d/f cost=0.93ms ran=1 pulse=0.00ms loop=0.64ms full=1.06ms carry=0.27 barrier=climate_input_capacity_day_barrier
[economy-open-finish] day=600 country=0.585 workset=0.024 fiscal=0.037 csr=0.006 recovery=0.001 vectors=0.536 audit=0.426 commands=0.000
[economy-prelude-cost] day=600 ms=1.992 pending=0
[economy-aggregate-cost] day=600 publish_ms=2.506 native_hash_ms=1.824
[economy-ledger-cost] day=600 copy_ms=0.567 validate_ms=0.147 hash_ms=0.807 cohorts=384 markets=321600
[economy-boundary-cost] day=600 formulas_ms=9.654 stages_ms=7.162 mirror_ms=2.916
[runtime-day-cost] day=600 ok=1 ms=17.717
[clock/step] delta=6.9ms speed=50x target=0.34d cap=2.41d/f cost=3.51ms ran=1 pulse=0.00ms loop=4.22ms full=4.42ms carry=0.07 barrier=
[clock/step] delta=6.9ms speed=50x target=0.34d cap=6.39d/f cost=1.25ms ran=0 pulse=0.12ms loop=0.00ms full=0.56ms carry=0.34 barrier=climate_input_capacity_day_barrier
[economy-open-finish] day=700 country=0.298 workset=0.021 fiscal=0.032 csr=0.004 recovery=0.001 vectors=0.539 audit=0.420 commands=0.001
[economy-prelude-cost] day=700 ms=1.582 pending=0
[clock/step] delta=6.9ms speed=50x target=0.35d cap=8.00d/f cost=0.79ms ran=0 pulse=0.00ms loop=0.00ms full=0.25ms carry=0.50 barrier=
[economy-aggregate-cost] day=700 publish_ms=1.819 native_hash_ms=1.012
[economy-ledger-cost] day=700 copy_ms=0.532 validate_ms=0.214 hash_ms=1.398 cohorts=384 markets=321600
[economy-boundary-cost] day=700 formulas_ms=7.208 stages_ms=5.377 mirror_ms=4.281
[runtime-day-cost] day=700 ok=1 ms=15.801
[clock/step] delta=6.9ms speed=50x target=0.35d cap=2.16d/f cost=3.71ms ran=0 pulse=0.00ms loop=0.00ms full=0.30ms carry=0.71 barrier=
[clock/step] delta=6.9ms speed=50x target=0.34d cap=3.16d/f cost=2.53ms ran=0 pulse=0.00ms loop=0.00ms full=0.27ms carry=0.61 barrier=
[economy-open-finish] day=800 country=0.321 workset=0.022 fiscal=0.032 csr=0.004 recovery=0.001 vectors=0.662 audit=0.640 commands=0.001
[economy-prelude-cost] day=800 ms=1.977 pending=0
[economy-aggregate-cost] day=800 publish_ms=2.177 native_hash_ms=1.078
[economy-ledger-cost] day=800 copy_ms=0.541 validate_ms=0.154 hash_ms=0.977 cohorts=384 markets=321600
[economy-boundary-cost] day=800 formulas_ms=8.089 stages_ms=5.847 mirror_ms=3.001
[runtime-day-cost] day=800 ok=1 ms=14.806
[clock/step] delta=6.9ms speed=50x target=0.34d cap=8.00d/f cost=0.53ms ran=0 pulse=0.00ms loop=0.00ms full=0.51ms carry=0.38 barrier=
[clock/step] delta=6.9ms speed=50x target=0.35d cap=2.71d/f cost=3.29ms ran=1 pulse=0.00ms loop=4.67ms full=4.99ms carry=0.16 barrier=
[clock/step] delta=6.9ms speed=50x target=0.35d cap=8.00d/f cost=0.56ms ran=0 pulse=0.12ms loop=0.00ms full=0.41ms carry=0.11 barrier=climate_input_capacity_day_barrier
[economy-open-finish] day=900 country=0.315 workset=0.022 fiscal=0.033 csr=0.004 recovery=0.001 vectors=0.612 audit=0.509 commands=0.001
[economy-prelude-cost] day=900 ms=1.876 pending=0
[economy-aggregate-cost] day=900 publish_ms=2.177 native_hash_ms=1.621
[economy-ledger-cost] day=900 copy_ms=0.743 validate_ms=0.178 hash_ms=1.262 cohorts=384 markets=321600
[economy-boundary-cost] day=900 formulas_ms=9.867 stages_ms=7.729 mirror_ms=3.754
[runtime-day-cost] day=900 ok=1 ms=18.521
[clock/step] delta=6.9ms speed=50x target=0.35d cap=4.70d/f cost=1.70ms ran=0 pulse=0.00ms loop=0.00ms full=0.44ms carry=0.75 barrier=
[clock/step] delta=6.9ms speed=50x target=0.35d cap=6.34d/f cost=1.26ms ran=0 pulse=0.13ms loop=0.00ms full=0.63ms carry=0.25 barrier=climate_input_capacity_day_barrier
[clock/step] delta=6.9ms speed=50x target=0.35d cap=8.00d/f cost=0.77ms ran=0 pulse=0.07ms loop=0.00ms full=0.34ms carry=0.20 barrier=climate_input_capacity_day_barrier
[economy-open-finish] day=1000 country=0.317 workset=0.024 fiscal=0.034 csr=0.004 recovery=0.001 vectors=0.616 audit=0.436 commands=0.000
[economy-prelude-cost] day=1000 ms=1.716 pending=0
[economy-aggregate-cost] day=1000 publish_ms=2.773 native_hash_ms=2.251
[economy-ledger-cost] day=1000 copy_ms=1.353 validate_ms=0.308 hash_ms=0.996 cohorts=384 markets=321600
[economy-boundary-cost] day=1000 formulas_ms=10.818 stages_ms=8.838 mirror_ms=4.279
[runtime-day-cost] day=1000 ok=1 ms=19.084
[clock/step] delta=6.9ms speed=50x target=0.35d cap=6.42d/f cost=1.25ms ran=0 pulse=0.00ms loop=0.00ms full=0.29ms carry=0.76 barrier=
[clock/step] delta=6.9ms speed=50x target=0.34d cap=8.00d/f cost=0.86ms ran=0 pulse=0.00ms loop=0.00ms full=0.30ms carry=0.72 barrier=
[clock/step] delta=6.9ms speed=50x target=0.34d cap=5.63d/f cost=1.42ms ran=0 pulse=0.00ms loop=0.00ms full=0.44ms carry=0.55 barrier=
[economy-open-finish] day=1100 country=0.317 workset=0.021 fiscal=0.031 csr=0.004 recovery=0.001 vectors=0.737 audit=0.464 commands=0.001
[economy-prelude-cost] day=1100 ms=1.868 pending=0
[economy-aggregate-cost] day=1100 publish_ms=1.557 native_hash_ms=1.016
[economy-ledger-cost] day=1100 copy_ms=0.558 validate_ms=0.170 hash_ms=1.043 cohorts=384 markets=321600
[economy-boundary-cost] day=1100 formulas_ms=7.528 stages_ms=5.403 mirror_ms=3.038
[runtime-day-cost] day=1100 ok=1 ms=14.751
[clock/step] delta=6.7ms speed=50x target=0.33d cap=3.81d/f cost=2.51ms ran=1 pulse=0.00ms loop=4.13ms full=4.32ms carry=0.14 barrier=
[clock/step] delta=6.9ms speed=50x target=0.35d cap=8.00d/f cost=0.51ms ran=1 pulse=0.00ms loop=0.37ms full=0.55ms carry=0.24 barrier=climate_input_capacity_day_barrier
[clock/step] delta=6.9ms speed=50x target=0.34d cap=3.30d/f cost=2.43ms ran=0 pulse=0.00ms loop=0.00ms full=0.23ms carry=0.71 barrier=
[economy-open-finish] day=1200 country=0.306 workset=0.021 fiscal=0.032 csr=0.004 recovery=0.001 vectors=0.601 audit=0.415 commands=0.000
[economy-prelude-cost] day=1200 ms=1.668 pending=0
[economy-aggregate-cost] day=1200 publish_ms=1.922 native_hash_ms=1.042
[economy-ledger-cost] day=1200 copy_ms=0.450 validate_ms=0.149 hash_ms=0.673 cohorts=384 markets=321600
[economy-boundary-cost] day=1200 formulas_ms=7.481 stages_ms=5.550 mirror_ms=2.480
[runtime-day-cost] day=1200 ok=1 ms=13.909
[clock/step] delta=6.9ms speed=50x target=0.34d cap=2.51d/f cost=3.19ms ran=0 pulse=0.00ms loop=0.00ms full=0.34ms carry=0.98 barrier=
[clock/step] delta=6.9ms speed=50x target=0.35d cap=3.16d/f cost=2.08ms ran=1 pulse=0.00ms loop=0.29ms full=0.43ms carry=0.08 barrier=climate_input_capacity_day_barrier
[economy-open-finish] day=1300 country=0.304 workset=0.019 fiscal=0.030 csr=0.004 recovery=0.001 vectors=0.580 audit=0.410 commands=0.000
[economy-prelude-cost] day=1300 ms=1.601 pending=0
[economy-aggregate-cost] day=1300 publish_ms=1.910 native_hash_ms=0.960
[economy-ledger-cost] day=1300 copy_ms=0.407 validate_ms=0.140 hash_ms=0.746 cohorts=384 markets=321600
[economy-boundary-cost] day=1300 formulas_ms=7.492 stages_ms=5.644 mirror_ms=2.823
[runtime-day-cost] day=1300 ok=1 ms=14.506
[clock/step] delta=6.9ms speed=50x target=0.35d cap=3.29d/f cost=2.02ms ran=1 pulse=0.00ms loop=0.40ms full=0.57ms carry=0.24 barrier=climate_input_capacity_day_barrier
[clock/step] delta=6.9ms speed=50x target=0.34d cap=6.03d/f cost=1.33ms ran=0 pulse=0.00ms loop=0.00ms full=0.47ms carry=0.97 barrier=
[clock/step] delta=6.9ms speed=50x target=0.35d cap=4.54d/f cost=1.76ms ran=0 pulse=0.00ms loop=0.00ms full=0.43ms carry=1.00 barrier=
[economy-open-finish] day=1400 country=0.295 workset=0.019 fiscal=0.028 csr=0.004 recovery=0.001 vectors=0.615 audit=0.393 commands=0.000
[economy-prelude-cost] day=1400 ms=1.613 pending=0
[economy-aggregate-cost] day=1400 publish_ms=1.797 native_hash_ms=1.206
[economy-ledger-cost] day=1400 copy_ms=0.562 validate_ms=0.181 hash_ms=0.763 cohorts=384 markets=321600
[economy-boundary-cost] day=1400 formulas_ms=8.351 stages_ms=6.412 mirror_ms=2.811
[runtime-day-cost] day=1400 ok=1 ms=14.233
[clock/step] delta=6.9ms speed=50x target=0.34d cap=2.26d/f cost=3.59ms ran=1 pulse=0.00ms loop=3.77ms full=3.94ms carry=0.11 barrier=
[clock/step] delta=6.9ms speed=50x target=0.34d cap=3.51d/f cost=1.95ms ran=1 pulse=0.00ms loop=0.61ms full=0.83ms carry=0.21 barrier=climate_input_capacity_day_barrier
[clock/step] delta=6.9ms speed=50x target=0.34d cap=2.46d/f cost=3.25ms ran=0 pulse=0.00ms loop=0.00ms full=0.27ms carry=0.73 barrier=
[economy-open-finish] day=1500 country=0.571 workset=0.027 fiscal=0.063 csr=0.005 recovery=0.001 vectors=1.252 audit=0.825 commands=0.001
[economy-prelude-cost] day=1500 ms=3.187 pending=0
[economy-aggregate-cost] day=1500 publish_ms=2.285 native_hash_ms=1.000
[economy-ledger-cost] day=1500 copy_ms=0.489 validate_ms=0.138 hash_ms=0.898 cohorts=384 markets=321600
[economy-boundary-cost] day=1500 formulas_ms=11.301 stages_ms=7.656 mirror_ms=3.330
[runtime-day-cost] day=1500 ok=1 ms=20.950
[clock/step] delta=6.9ms speed=50x target=0.35d cap=4.09d/f cost=1.64ms ran=1 pulse=0.00ms loop=0.38ms full=0.55ms carry=0.13 barrier=climate_input_capacity_day_barrier
[clock/step] delta=6.9ms speed=50x target=0.34d cap=7.59d/f cost=1.05ms ran=0 pulse=0.00ms loop=0.00ms full=0.23ms carry=0.82 barrier=
[economy-open-finish] day=1600 country=0.300 workset=0.020 fiscal=0.029 csr=0.004 recovery=0.001 vectors=0.660 audit=0.433 commands=0.001
[economy-prelude-cost] day=1600 ms=1.743 pending=0
[economy-aggregate-cost] day=1600 publish_ms=1.904 native_hash_ms=0.937
[economy-ledger-cost] day=1600 copy_ms=0.423 validate_ms=0.169 hash_ms=0.736 cohorts=384 markets=321600
[economy-boundary-cost] day=1600 formulas_ms=7.413 stages_ms=5.420 mirror_ms=2.658
[runtime-day-cost] day=1600 ok=1 ms=13.462
[clock/step] delta=6.9ms speed=50x target=0.34d cap=3.74d/f cost=2.14ms ran=0 pulse=0.00ms loop=0.00ms full=0.27ms carry=0.75 barrier=
[clock/step] delta=6.9ms speed=50x target=0.34d cap=8.00d/f cost=0.88ms ran=0 pulse=0.00ms loop=0.00ms full=0.48ms carry=0.74 barrier=
[clock/step] delta=6.9ms speed=50x target=0.34d cap=6.77d/f cost=1.18ms ran=0 pulse=0.00ms loop=0.00ms full=0.20ms carry=0.53 barrier=
[economy-open-finish] day=1700 country=0.304 workset=0.022 fiscal=0.032 csr=0.004 recovery=0.001 vectors=1.641 audit=0.504 commands=0.000
[economy-prelude-cost] day=1700 ms=2.800 pending=0
[economy-aggregate-cost] day=1700 publish_ms=1.527 native_hash_ms=0.920
[economy-ledger-cost] day=1700 copy_ms=0.388 validate_ms=0.139 hash_ms=0.675 cohorts=384 markets=321600
[economy-boundary-cost] day=1700 formulas_ms=8.280 stages_ms=5.232 mirror_ms=2.360
[runtime-day-cost] day=1700 ok=1 ms=14.531
[clock/step] delta=6.9ms speed=50x target=0.35d cap=2.75d/f cost=2.91ms ran=0 pulse=0.00ms loop=0.00ms full=0.23ms carry=0.94 barrier=
[clock/step] delta=6.9ms speed=50x target=0.34d cap=4.65d/f cost=1.47ms ran=1 pulse=0.00ms loop=0.48ms full=0.70ms carry=0.02 barrier=climate_input_capacity_day_barrier
[clock/step] delta=6.9ms speed=50x target=0.34d cap=3.26d/f cost=2.45ms ran=0 pulse=0.00ms loop=0.00ms full=0.19ms carry=0.57 barrier=
[economy-open-finish] day=1800 country=0.323 workset=0.032 fiscal=0.061 csr=0.004 recovery=0.001 vectors=0.640 audit=0.413 commands=0.000
[economy-prelude-cost] day=1800 ms=1.767 pending=0
[economy-aggregate-cost] day=1800 publish_ms=2.155 native_hash_ms=1.190
[economy-ledger-cost] day=1800 copy_ms=0.421 validate_ms=0.151 hash_ms=0.664 cohorts=384 markets=321600
[economy-boundary-cost] day=1800 formulas_ms=8.810 stages_ms=6.793 mirror_ms=2.446
[runtime-day-cost] day=1800 ok=1 ms=15.754
[clock/step] delta=6.9ms speed=50x target=0.35d cap=2.32d/f cost=3.45ms ran=0 pulse=0.00ms loop=0.00ms full=0.28ms carry=0.99 barrier=
[clock/step] delta=6.9ms speed=50x target=0.34d cap=8.00d/f cost=0.81ms ran=0 pulse=0.00ms loop=0.00ms full=0.30ms carry=0.70 barrier=
[economy-open-finish] day=1900 country=0.560 workset=0.027 fiscal=0.064 csr=0.005 recovery=0.001 vectors=1.238 audit=0.851 commands=0.001
[economy-prelude-cost] day=1900 ms=3.196 pending=0
[economy-aggregate-cost] day=1900 publish_ms=1.998 native_hash_ms=1.313
[economy-ledger-cost] day=1900 copy_ms=0.663 validate_ms=0.153 hash_ms=0.983 cohorts=384 markets=321600
[economy-boundary-cost] day=1900 formulas_ms=12.359 stages_ms=8.673 mirror_ms=3.074
[runtime-day-cost] day=1900 ok=1 ms=21.575
[clock/step] delta=6.9ms speed=50x target=0.35d cap=8.00d/f cost=0.61ms ran=0 pulse=0.00ms loop=0.00ms full=0.25ms carry=0.68 barrier=
[clock/step] delta=6.9ms speed=50x target=0.34d cap=5.17d/f cost=1.32ms ran=1 pulse=0.00ms loop=0.40ms full=0.58ms carry=0.14 barrier=climate_input_capacity_day_barrier
[clock/step] delta=6.9ms speed=50x target=0.35d cap=1.93d/f cost=4.14ms ran=0 pulse=0.00ms loop=0.00ms full=0.29ms carry=1.00 barrier=
[economy-open-finish] day=2000 country=0.305 workset=0.022 fiscal=0.033 csr=0.004 recovery=0.001 vectors=0.569 audit=0.553 commands=0.000
[economy-prelude-cost] day=2000 ms=1.781 pending=0
[economy-aggregate-cost] day=2000 publish_ms=1.711 native_hash_ms=1.008
[economy-ledger-cost] day=2000 copy_ms=0.498 validate_ms=0.139 hash_ms=0.682 cohorts=384 markets=321600
[economy-boundary-cost] day=2000 formulas_ms=8.127 stages_ms=6.097 mirror_ms=2.478
[runtime-day-cost] day=2000 ok=1 ms=14.230
[clock/step] delta=6.9ms speed=50x target=0.34d cap=7.83d/f cost=1.02ms ran=0 pulse=0.00ms loop=0.00ms full=0.35ms carry=0.39 barrier=
[clock/step] delta=6.9ms speed=50x target=0.34d cap=8.00d/f cost=0.83ms ran=0 pulse=0.00ms loop=0.00ms full=0.45ms carry=0.97 barrier=
[clock/step] delta=6.9ms speed=50x target=0.34d cap=2.44d/f cost=3.60ms ran=1 pulse=0.00ms loop=4.87ms full=5.04ms carry=0.07 barrier=
[economy-open-finish] day=2100 country=0.304 workset=0.021 fiscal=0.032 csr=0.004 recovery=0.001 vectors=1.032 audit=0.421 commands=0.001
[economy-prelude-cost] day=2100 ms=2.099 pending=0
[economy-aggregate-cost] day=2100 publish_ms=1.863 native_hash_ms=0.986
[economy-ledger-cost] day=2100 copy_ms=0.512 validate_ms=0.138 hash_ms=0.723 cohorts=384 markets=321600
[economy-boundary-cost] day=2100 formulas_ms=8.312 stages_ms=5.909 mirror_ms=2.682
[runtime-day-cost] day=2100 ok=1 ms=15.683
[clock/step] delta=6.9ms speed=50x target=0.34d cap=6.93d/f cost=1.15ms ran=0 pulse=0.00ms loop=0.00ms full=0.22ms carry=0.97 barrier=
[clock/step] delta=6.9ms speed=50x target=0.35d cap=7.31d/f cost=1.09ms ran=0 pulse=0.00ms loop=0.00ms full=0.41ms carry=0.71 barrier=
[clock/step] delta=7.4ms speed=50x target=0.37d cap=4.61d/f cost=1.74ms ran=0 pulse=0.00ms loop=0.00ms full=0.27ms carry=0.74 barrier=
[economy-open-finish] day=2200 country=0.304 workset=0.020 fiscal=0.030 csr=0.004 recovery=0.001 vectors=0.534 audit=0.414 commands=0.000
[economy-prelude-cost] day=2200 ms=1.587 pending=0
[economy-aggregate-cost] day=2200 publish_ms=1.679 native_hash_ms=1.030
[economy-ledger-cost] day=2200 copy_ms=0.486 validate_ms=0.139 hash_ms=0.745 cohorts=384 markets=321600
[economy-boundary-cost] day=2200 formulas_ms=7.612 stages_ms=5.775 mirror_ms=2.598
[runtime-day-cost] day=2200 ok=1 ms=13.643
[clock/step] delta=6.9ms speed=50x target=0.34d cap=2.86d/f cost=3.04ms ran=1 pulse=0.00ms loop=3.99ms full=4.24ms carry=0.25 barrier=
[clock/step] delta=6.9ms speed=50x target=0.34d cap=8.00d/f cost=0.78ms ran=0 pulse=0.13ms loop=0.00ms full=0.57ms carry=0.29 barrier=climate_input_capacity_day_barrier
[clock/step] delta=6.9ms speed=50x target=0.34d cap=8.00d/f cost=0.60ms ran=0 pulse=0.00ms loop=0.00ms full=0.51ms carry=0.89 barrier=
[economy-open-finish] day=2300 country=0.597 workset=0.028 fiscal=0.077 csr=0.004 recovery=0.001 vectors=0.968 audit=0.891 commands=0.001
[economy-prelude-cost] day=2300 ms=3.031 pending=0
[economy-aggregate-cost] day=2300 publish_ms=2.850 native_hash_ms=2.115
[economy-ledger-cost] day=2300 copy_ms=0.694 validate_ms=0.293 hash_ms=1.365 cohorts=384 markets=321600
[economy-boundary-cost] day=2300 formulas_ms=13.451 stages_ms=9.900 mirror_ms=4.860
[runtime-day-cost] day=2300 ok=1 ms=24.756
[clock/step] delta=6.9ms speed=50x target=0.35d cap=8.00d/f cost=0.59ms ran=0 pulse=0.12ms loop=0.00ms full=0.57ms carry=0.31 barrier=climate_input_capacity_day_barrier
[clock/step] delta=7.1ms speed=50x target=0.36d cap=8.00d/f cost=0.65ms ran=0 pulse=0.00ms loop=0.00ms full=0.34ms carry=0.78 barrier=
[clock/step] delta=6.9ms speed=50x target=0.35d cap=6.95d/f cost=1.15ms ran=0 pulse=0.00ms loop=0.00ms full=0.34ms carry=0.58 barrier=
[economy-open-finish] day=2400 country=0.315 workset=0.022 fiscal=0.035 csr=0.004 recovery=0.001 vectors=0.609 audit=0.421 commands=0.001
[economy-prelude-cost] day=2400 ms=1.733 pending=0
[economy-aggregate-cost] day=2400 publish_ms=2.654 native_hash_ms=1.576
[economy-ledger-cost] day=2400 copy_ms=1.094 validate_ms=0.250 hash_ms=1.945 cohorts=384 markets=321600
[economy-boundary-cost] day=2400 formulas_ms=10.349 stages_ms=8.353 mirror_ms=5.215
[runtime-day-cost] day=2400 ok=1 ms=19.866
[clock/step] delta=6.9ms speed=50x target=0.34d cap=7.99d/f cost=1.00ms ran=0 pulse=0.00ms loop=0.00ms full=0.43ms carry=0.79 barrier=
[clock/step] delta=6.9ms speed=50x target=0.35d cap=8.00d/f cost=0.61ms ran=0 pulse=0.00ms loop=0.00ms full=0.34ms carry=0.68 barrier=
[clock/step] delta=6.9ms speed=50x target=0.34d cap=4.00d/f cost=2.00ms ran=0 pulse=0.00ms loop=0.00ms full=0.22ms carry=0.95 barrier=
[economy-open-finish] day=2500 country=0.301 workset=0.019 fiscal=0.029 csr=0.004 recovery=0.001 vectors=0.609 audit=0.412 commands=0.000
[economy-prelude-cost] day=2500 ms=1.630 pending=0
[economy-aggregate-cost] day=2500 publish_ms=1.795 native_hash_ms=1.202
[economy-ledger-cost] day=2500 copy_ms=0.514 validate_ms=0.147 hash_ms=0.766 cohorts=384 markets=321600
[economy-boundary-cost] day=2500 formulas_ms=7.440 stages_ms=5.569 mirror_ms=3.243
[runtime-day-cost] day=2500 ok=1 ms=15.248
[clock/step] delta=6.9ms speed=50x target=0.34d cap=5.84d/f cost=1.37ms ran=0 pulse=0.00ms loop=0.00ms full=0.45ms carry=0.61 barrier=
[clock/step] delta=6.9ms speed=50x target=0.35d cap=6.64d/f cost=1.20ms ran=0 pulse=0.00ms loop=0.00ms full=0.28ms carry=0.86 barrier=
[clock/step] delta=6.9ms speed=50x target=0.34d cap=5.66d/f cost=1.41ms ran=0 pulse=0.00ms loop=0.00ms full=0.30ms carry=0.41 barrier=
[economy-open-finish] day=2600 country=0.618 workset=0.031 fiscal=0.089 csr=0.005 recovery=0.001 vectors=1.277 audit=1.199 commands=0.001
[economy-prelude-cost] day=2600 ms=3.679 pending=0
[economy-aggregate-cost] day=2600 publish_ms=1.690 native_hash_ms=1.094
[economy-ledger-cost] day=2600 copy_ms=0.573 validate_ms=0.147 hash_ms=0.797 cohorts=384 markets=321600
[economy-boundary-cost] day=2600 formulas_ms=10.715 stages_ms=6.472 mirror_ms=2.726
[runtime-day-cost] day=2600 ok=1 ms=17.293
[clock/step] delta=6.9ms speed=50x target=0.35d cap=7.99d/f cost=1.00ms ran=0 pulse=0.11ms loop=0.00ms full=0.45ms carry=0.29 barrier=climate_input_capacity_day_barrier
[clock/step] delta=6.9ms speed=50x target=0.35d cap=8.00d/f cost=0.61ms ran=0 pulse=0.00ms loop=0.00ms full=0.30ms carry=0.58 barrier=
[economy-open-finish] day=2700 country=0.317 workset=0.021 fiscal=0.031 csr=0.005 recovery=0.001 vectors=0.752 audit=0.427 commands=0.000
[economy-prelude-cost] day=2700 ms=1.841 pending=0
[economy-aggregate-cost] day=2700 publish_ms=1.791 native_hash_ms=1.033
[economy-ledger-cost] day=2700 copy_ms=0.483 validate_ms=0.146 hash_ms=0.705 cohorts=384 markets=321600
[economy-boundary-cost] day=2700 formulas_ms=8.057 stages_ms=5.879 mirror_ms=2.516
[runtime-day-cost] day=2700 ok=1 ms=16.148
[clock/step] delta=6.9ms speed=50x target=0.34d cap=2.46d/f cost=3.25ms ran=0 pulse=0.00ms loop=0.00ms full=0.21ms carry=0.50 barrier=
[clock/step] delta=7.4ms speed=50x target=0.37d cap=5.51d/f cost=1.45ms ran=0 pulse=0.00ms loop=0.00ms full=0.55ms carry=0.96 barrier=
[clock/step] delta=6.9ms speed=50x target=0.34d cap=4.37d/f cost=1.60ms ran=1 pulse=0.00ms loop=0.69ms full=0.89ms carry=0.27 barrier=climate_input_capacity_day_barrier
[economy-open-finish] day=2800 country=0.315 workset=0.022 fiscal=0.031 csr=0.004 recovery=0.001 vectors=0.820 audit=0.762 commands=0.000
[economy-prelude-cost] day=2800 ms=2.280 pending=0
[economy-aggregate-cost] day=2800 publish_ms=1.850 native_hash_ms=0.992
[economy-ledger-cost] day=2800 copy_ms=0.401 validate_ms=0.142 hash_ms=0.999 cohorts=384 markets=321600
[economy-boundary-cost] day=2800 formulas_ms=9.718 stages_ms=7.167 mirror_ms=2.788
[runtime-day-cost] day=2800 ok=1 ms=15.809
[clock/step] delta=6.9ms speed=50x target=0.35d cap=4.34d/f cost=1.84ms ran=0 pulse=0.00ms loop=0.00ms full=0.55ms carry=0.76 barrier=
[perf-record] exported rows=2601 cols=234 → D:/Godot/ProjectKeynes/Project.Keynes/tmp/economy_opt/soak_3/perf.csv
[stage-c/client] complete mode=ACTIVE frames=8657 fast_ticks=2601 perf=D:/Godot/ProjectKeynes/Project.Keynes/tmp/economy_opt/soak_3/perf.csv
ERROR: [stage-c/client] health failed: native rate 43.347 < 49.000
   at: push_error (core/variant/variant_utility.cpp:1024)
   GDScript backtrace (most recent call first):
       [0] _finish_recording (res://tests/authority_stage_c_client_runner.gd:414)
       [1] _process (res://tests/authority_stage_c_client_runner.gd:326)
ERROR: 44 RID allocations of type 'PN13RendererDummy14TextureStorage12DummyTextureE' were leaked at exit.
ERROR: 16 RID allocations of type 'PN18TextServerAdvanced22ShapedTextDataAdvancedE' were leaked at exit.
ERROR: 1 RID allocations of type 'PN18TextServerAdvanced12FontAdvancedE' were leaked at exit.
WARNING: ObjectDB instances leaked at exit (run with --verbose for details).
   at: cleanup (core/object/object.cpp:2641)
ERROR: 986 resources still in use at exit (run with --verbose for details).
   at: clear (core/io/resource.cpp:810)
