Godot Engine v4.6.2.stable.official.71f334935 - https://godotengine.org

[ui-layout-diag/bind_ui] is_web=false viewport_visible_rect=[P: (0.0, 0.0), S: (51.2, 51.2)] window_size=(64, 64) content_scale_factor=1.250 content_scale_mode=0 device_pixel_ratio=-1.000 top_bar_rect=[P: (0.0, 0.0), S: (543.0, 56.0)] right_panel_rect=[P: (-408.8, 68.0), S: (460.0, 366.0)] country_action_bar_rect=[P: (8.0, -30.8), S: (336.0, 74.0)]
[stage-c] authority=ACTIVE worker=ACTIVE
[building-visual] queue_probe ticks=1 queued=0 chunk=-1 camera_rect=[P: (-25.6, -25.6), S: (51.2, 51.2)] prefetch=false zoom=1.000
[building-visual] queue_probe ticks=2 queued=0 chunk=-1 camera_rect=[P: (-25.6, -25.6), S: (51.2, 51.2)] prefetch=false zoom=1.000
[native_generation/base] path=gdext algorithm=post_base_priority_flood_hydrology_v3 n=2400 native_ms=8.128 water=1553 land=847
[native_generation/post_base] path=gdext algorithm=post_base_priority_flood_hydrology_v3 n=2400 native_ms=1.903 lakes=4 rivers=105 volcanoes=0
[native_generation/vegetation] native_ms=0.831 candidates=841 none=1169 score=[0.000,1.236,1.114] plant_water_land=856 river_adjacent_desert=0 coastal_highland_desert=0 terrain_weight=[0.180,1.200]
[native_generation/qa] single_water=0 tiny<=3=0 small<=5=0 bodies=1 largest=1544 | land_below_sea=0.7% | terr_distinct=21 entropy=3.183bit | river_ratio=4.375%
MapGenerator v7: per-cell 83ms (2400 cells, path=gdext)
[building-visual] queue_probe ticks=3 queued=0 chunk=-1 camera_rect=[P: (-25.6, -25.6), S: (51.2, 51.2)] prefetch=false zoom=1.000
MapBaker v6: hm=(1024, 606) seed=1735228708
    [fused] terrain=72.1ms erosion=2.9ms(ok=true) river=12.7ms(ok=true) latitude=0.1ms coast_sdf=4.2ms(ok=true)
  geometry fields (fused C++): 164ms
  physical circulation hex solve: deferred until DCWorldExt bind (ext=true idx=true soa=false)
  wind/ocean pixel buffers: skipped (ocean_current_visual off)
  visual tiles: {"degradation_reason":"","effective_budget_px":1717248,"effective_texels_per_hex":16.0059221751742,"effective_world_units_per_texel":"(1.373983, 1.375)","estimated_peak_bytes":68402880,"estimated_resident_bytes":40340160,"fallback_reason":"","generation_id":1,"grid_size":"(4, 3)","gutter_px":2,"hex_size":22.0,"horizon_path":"neutral_pending","interior_size":"(416, 344)","layer_size":"(420, 348)","layers":[{"bake_ms":54.0872,"coast_sdf_max_dist_px":13.6162309214075,"distance_scale":1.70202886517594,"edge_distance_saturate_hex":0.9,"edge_distance_units":"normalized_hex_center_gap","hashes":{"edge_distance":-4603098080143260562,"edge_neighbor":4057764273350575789,"height":-9124830669634210576,"map_index":1015450256520461008,"terrain_detail":1415298026641868910,"terrain_normal":4240255112308713771,"water_depth":2330624858830770480},"layer":0,"normal_radius_px":"(22, 22)","raster_scale":"(1.701088, 1.70297)","river_sdf_max_dist_px":5.9571010281158,"shore_carve_band_px":10,"upload_ms":0.06,"wall_ms":54.254},{"bake_ms":66.0577,"coast_sdf_max_dist_px":13.6162309214075,"distance_scale":1.70202886517594,"edge_distance_saturate_hex":0.9,"edge_distance_units":"normalized_hex_center_gap","hashes":{"edge_distance":4583573183968817086,"edge_neighbor":6466940111421570636,"height":5790856781181676511,"map_index":5990047724644026299,"terrain_detail":1806575389526097655,"terrain_normal":3908465376956190299,"water_depth":2547432928052609473},"layer":1,"normal_radius_px":"(22, 22)","raster_scale":"(1.701088, 1.70297)","river_sdf_max_dist_px":5.9571010281158,"shore_carve_band_px":10,"upload_ms":0.072,"wall_ms":66.226},{"bake_ms":73.2811,"coast_sdf_max_dist_px":13.6162309214075,"distance_scale":1.70202886517594,"edge_distance_saturate_hex":0.9,"edge_distance_units":"normalized_hex_center_gap","hashes":{"edge_distance":-2526323355750389439,"edge_neighbor":7015029410290978361,"height":-8150332218754556700,"map_index":329090656303652193,"terrain_detail":-392433696576850044,"terrain_normal":-4965863177888236808,"water_depth":-7217348512352819415},"layer":2,"normal_radius_px":"(22, 22)","raster_scale":"(1.701088, 1.70297)","river_sdf_max_dist_px":5.9571010281158,"shore_carve_band_px":10,"upload_ms":0.066,"wall_ms":73.448},{"bake_ms":107.9966,"coast_sdf_max_dist_px":13.6162309214075,"distance_scale":1.70202886517594,"edge_distance_saturate_hex":0.9,"edge_distance_units":"normalized_hex_center_gap","hashes":{"edge_distance":-4179826732684646787,"edge_neighbor":-5337848294581530626,"height":-7426228563537643593,"map_index":1239439826928151201,"terrain_detail":-8513326582372265254,"terrain_normal":8092780547537771097,"water_depth":-6092640318278072007},"layer":3,"normal_radius_px":"(22, 22)","raster_scale":"(1.701088, 1.70297)","river_sdf_max_dist_px":5.9571010281158,"shore_carve_band_px":10,"upload_ms":0.074,"wall_ms":108.164},{"bake_ms":61.4281,"coast_sdf_max_dist_px":13.6162309214075,"distance_scale":1.70202886517594,"edge_distance_saturate_hex":0.9,"edge_distance_units":"normalized_hex_center_gap","hashes":{"edge_distance":2136869506241081992,"edge_neighbor":-8797880867138963685,"height":-4924567352001132959,"map_index":-4231209514887179977,"terrain_detail":8772909128008927660,"terrain_normal":-6784207502925496102,"water_depth":-7492134226470272506},"layer":4,"normal_radius_px":"(22, 22)","raster_scale":"(1.701088, 1.70297)","river_sdf_max_dist_px":5.9571010281158,"shore_carve_band_px":10,"upload_ms":0.069,"wall_ms":61.596},{"bake_ms":107.7019,"coast_sdf_max_dist_px":13.6162309214075,"distance_scale":1.70202886517594,"edge_distance_saturate_hex":0.9,"edge_distance_units":"normalized_hex_center_gap","hashes":{"edge_distance":6673149775916606392,"edge_neighbor":-8413630352766524385,"height":-6889378239635599087,"map_index":-3551392040916973266,"terrain_detail":1687709548716503895,"terrain_normal":3946453442722986154,"water_depth":6600269933117438995},"layer":5,"normal_radius_px":"(22, 22)","raster_scale":"(1.701088, 1.70297)","river_sdf_max_dist_px":5.9571010281158,"shore_carve_band_px":10,"upload_ms":0.068,"wall_ms":107.88},{"bake_ms":70.8988,"coast_sdf_max_dist_px":13.6162309214075,"distance_scale":1.70202886517594,"edge_distance_saturate_hex":0.9,"edge_distance_units":"normalized_hex_center_gap","hashes":{"edge_distance":361706081270387103,"edge_neighbor":-8688139845739281855,"height":699499231114171702,"map_index":-2682228531129457940,"terrain_detail":-8811551234231146331,"terrain_normal":-265631937775218288,"water_depth":6856409090380917935},"layer":6,"normal_radius_px":"(22, 22)","raster_scale":"(1.701088, 1.70297)","river_sdf_max_dist_px":5.9571010281158,"shore_carve_band_px":10,"upload_ms":0.077,"wall_ms":71.085},{"bake_ms":75.9429,"coast_sdf_max_dist_px":13.6162309214075,"distance_scale":1.70202886517594,"edge_distance_saturate_hex":0.9,"edge_distance_units":"normalized_hex_center_gap","hashes":{"edge_distance":-6250500223095183093,"edge_neighbor":5418444607076768559,"height":1419229568066409352,"map_index":4380956599171502337,"terrain_detail":-894743883384344824,"terrain_normal":4459428523621274975,"water_depth":-6366031586637808975},"layer":7,"normal_radius_px":"(22, 22)","raster_scale":"(1.701088, 1.70297)","river_sdf_max_dist_px":5.9571010281158,"shore_carve_band_px":10,"upload_ms":0.073,"wall_ms":76.118},{"bake_ms":74.9947,"coast_sdf_max_dist_px":13.6162309214075,"distance_scale":1.70202886517594,"edge_distance_saturate_hex":0.9,"edge_distance_units":"normalized_hex_center_gap","hashes":{"edge_distance":8492285698888321900,"edge_neighbor":3199635046979891388,"height":4828838600007938123,"map_index":-7514139010467297966,"terrain_detail":-8950604297692130837,"terrain_normal":-3593785506946687824,"water_depth":5761060537573716235},"layer":8,"normal_radius_px":"(22, 22)","raster_scale":"(1.701088, 1.70297)","river_sdf_max_dist_px":5.9571010281158,"shore_carve_band_px":10,"upload_ms":0.068,"wall_ms":75.177},{"bake_ms":108.6073,"coast_sdf_max_dist_px":13.6162309214075,"distance_scale":1.70202886517594,"edge_distance_saturate_hex":0.9,"edge_distance_units":"normalized_hex_center_gap","hashes":{"edge_distance":9117926548072241235,"edge_neighbor":-7557104988675294500,"height":618468365387938347,"map_index":-5885543932102826664,"terrain_detail":3877245088374033799,"terrain_normal":-6778421208245397131,"water_depth":2200779154463963187},"layer":9,"normal_radius_px":"(22, 22)","raster_scale":"(1.701088, 1.70297)","river_sdf_max_dist_px":5.9571010281158,"shore_carve_band_px":10,"upload_ms":0.064,"wall_ms":108.757},{"bake_ms":51.273,"coast_sdf_max_dist_px":13.6162309214075,"distance_scale":1.70202886517594,"edge_distance_saturate_hex":0.9,"edge_distance_units":"normalized_hex_center_gap","hashes":{"edge_distance":-3745585455065177449,"edge_neighbor":2404961067888014635,"height":-3115442796632843800,"map_index":-6211809985430628861,"terrain_detail":1161812488860344551,"terrain_normal":6456972146840247766,"water_depth":1987210436922770546},"layer":10,"normal_radius_px":"(22, 22)","raster_scale":"(1.701088, 1.70297)","river_sdf_max_dist_px":5.9571010281158,"shore_carve_band_px":10,"upload_ms":0.069,"wall_ms":51.443},{"bake_ms":42.3065,"coast_sdf_max_dist_px":13.6162309214075,"distance_scale":1.70202886517594,"edge_distance_saturate_hex":0.9,"edge_distance_units":"normalized_hex_center_gap","hashes":{"edge_distance":-1470570636688572573,"edge_neighbor":-6057560351645416949,"height":-5827593206795043862,"map_index":-2248414732901839783,"terrain_detail":7630543887994105174,"terrain_normal":8582387156502791927,"water_depth":-6103088449435849452},"layer":11,"normal_radius_px":"(22, 22)","raster_scale":"(1.701088, 1.70297)","river_sdf_max_dist_px":5.9571010281158,"shore_carve_band_px":10,"upload_ms":0.06,"wall_ms":42.462}],"logical_size":"(1664, 1032)","mode":"tiled","path":"visual_tiled_static","profile":"desktop_high","renderer":"mobile","requested_budget_px":1716216,"requested_texels_per_hex":16.0,"requested_tile_world_span":"(704.0, 704.0)","requested_world_units_per_texel":1.375,"tile_world_area":270355.817993164,"tile_world_span":"(571.5768, 473.0)","total_ms":900.152,"visual_domain":"[P: (0.0, -44.0), S: (2286.307, 1419.0)]","wrap_period_x":2286.30706599092,"wrap_x":true}
WARNING: Loaded resource as image file, this will not work on export: 'res://assets/textures/terrain_materials/organic.png'. Instead, import the image file as an Image resource and load it normally as a resource.
   at: load (core/io/image.cpp:2756)
   GDScript backtrace (most recent call first):
       [0] _build_terrain_material_tex (res://scripts/rendering/map_baker.gd:360)
       [1] get_or_build_shared_terrain_material_tex (res://scripts/rendering/map_baker.gd:343)
       [2] bake_world (res://scripts/rendering/map_baker.gd:1187)
       [3] _yield_generation_frame (res://scripts/rendering/map_baker.gd:1225)
WARNING: Loaded resource as image file, this will not work on export: 'res://assets/textures/terrain_materials/dry_sand.png'. Instead, import the image file as an Image resource and load it normally as a resource.
   at: load (core/io/image.cpp:2756)
   GDScript backtrace (most recent call first):
       [0] _build_terrain_material_tex (res://scripts/rendering/map_baker.gd:360)
       [1] get_or_build_shared_terrain_material_tex (res://scripts/rendering/map_baker.gd:343)
       [2] bake_world (res://scripts/rendering/map_baker.gd:1187)
       [3] _yield_generation_frame (res://scripts/rendering/map_baker.gd:1225)
WARNING: Loaded resource as image file, this will not work on export: 'res://assets/textures/terrain_materials/rock.png'. Instead, import the image file as an Image resource and load it normally as a resource.
   at: load (core/io/image.cpp:2756)
   GDScript backtrace (most recent call first):
       [0] _build_terrain_material_tex (res://scripts/rendering/map_baker.gd:360)
       [1] get_or_build_shared_terrain_material_tex (res://scripts/rendering/map_baker.gd:343)
       [2] bake_world (res://scripts/rendering/map_baker.gd:1187)
       [3] _yield_generation_frame (res://scripts/rendering/map_baker.gd:1225)
WARNING: Loaded resource as image file, this will not work on export: 'res://assets/textures/terrain_materials/snow_wet.png'. Instead, import the image file as an Image resource and load it normally as a resource.
   at: load (core/io/image.cpp:2756)
   GDScript backtrace (most recent call first):
       [0] _build_terrain_material_tex (res://scripts/rendering/map_baker.gd:360)
       [1] get_or_build_shared_terrain_material_tex (res://scripts/rendering/map_baker.gd:343)
       [2] bake_world (res://scripts/rendering/map_baker.gd:1187)
       [3] _yield_generation_frame (res://scripts/rendering/map_baker.gd:1225)
  cell LUT encode: deferred until DCWorldExt bind
  encode: 3730ms
MapBaker v6: total 3902ms
MapGenerator v7: bake 3925ms
MapGenerator: skip _compute_ocean_currents (physical-hex path writes per-cell directly)
MapGenerator: skip _compute_terrain_perturbed_wind (physical-hex solver writes per-cell)
[SUS] sim budget strict=false frame=8.00ms warn=2.00ms slice=0.75ms upload=1.50ms scheduler=DCSystemScheduler native_sus=auto
[DCWorldExt] bind_map_data: 148 components bound (auto-registered=148; snapshot model; see world_ext.cpp comment & charter Â§11)
[DataCore] _data_core_world_ext bound=true (climate co-processor; class=DCWorldExt)
[native_world] configure rc=0 reason=configured cells=2400 wrap_period_x=103.923
[native_generation] path=gdext n=2400 published=9 native_ms=0.099 compute_ms=0.055 flush_ms=0.044
[hex_cell] facade ENABLED (2400 cells bound; ext=true)
[DataCore] _baker climate_profile injected=true (fixes WorldData.config==null sea_ice prepare path)
[phys_solve][oneshot] OK slp=1.00ms wind=0.44ms psi=0.31ms(ran=true) upwelling=0.06ms total=2.21ms
PhysicalCirculation solve@phase=1.50 total=2ms (C++ one-shot run_physical_solve_pass)
  wind/ocean pixel buffers: skipped (ocean_current_visual off)
[physical_init] deferred native refresh complete: 3ms
[cell_lut] deferred encode: 1ms path=gdext
[bio-occupancy] seed landmasses=10 provinces=10 species=20 secondary_hearths=22
[bio-occupancy]   bio.maize envelope=56 hearth=17 seeded_landmasses=1 primary_landmass=8 primary_envelope=31 occupied=17 occupied/envelope=0.55
[bio-occupancy]   bio.wheat envelope=225 hearth=58 seeded_landmasses=3 primary_landmass=1 primary_envelope=21 occupied=58 occupied/envelope=2.76
[bio-occupancy]   bio.rice envelope=71 hearth=19 seeded_landmasses=4 primary_landmass=2 primary_envelope=23 occupied=19 occupied/envelope=0.83
[bio-occupancy]   bio.potato envelope=163 hearth=55 seeded_landmasses=3 primary_landmass=8 primary_envelope=86 occupied=55 occupied/envelope=0.64
[bio-occupancy]   bio.horse envelope=242 hearth=48 seeded_landmasses=4 primary_landmass=2 primary_envelope=70 occupied=48 occupied/envelope=0.69
[bio-occupancy]   bio.cotton envelope=119 hearth=12 seeded_landmasses=1 primary_landmass=7 primary_envelope=22 occupied=12 occupied/envelope=0.55
[bio-occupancy]   bio.flax envelope=212 hearth=17 seeded_landmasses=2 primary_landmass=1 primary_envelope=21 occupied=17 occupied/envelope=0.81
[bio-occupancy]   bio.spice envelope=100 hearth=8 seeded_landmasses=2 primary_landmass=2 primary_envelope=26 occupied=8 occupied/envelope=0.31
[bio-occupancy]   bio.rubber envelope=56 hearth=7 seeded_landmasses=1 primary_landmass=7 primary_envelope=15 occupied=7 occupied/envelope=0.47
[bio-occupancy]   bio.sheep envelope=34 hearth=8 seeded_landmasses=1 primary_landmass=8 primary_envelope=17 occupied=8 occupied/envelope=0.47
[bio-occupancy]   bio.goat envelope=405 hearth=98 seeded_landmasses=4 primary_landmass=8 primary_envelope=187 occupied=98 occupied/envelope=0.52
[bio-occupancy]   bio.cattle envelope=13 hearth=5 seeded_landmasses=1 primary_landmass=8 primary_envelope=11 occupied=5 occupied/envelope=0.45
[bio-occupancy]   bio.pig envelope=287 hearth=89 seeded_landmasses=5 primary_landmass=8 primary_envelope=129 occupied=89 occupied/envelope=0.69
[bio-occupancy]   bio.camel envelope=45 hearth=6 seeded_landmasses=1 primary_landmass=6 primary_envelope=13 occupied=6 occupied/envelope=0.46
[bio-occupancy]   bio.yak envelope=192 hearth=68 seeded_landmasses=3 primary_landmass=2 primary_envelope=83 occupied=68 occupied/envelope=0.82
[bio-occupancy]   bio.silkworm envelope=144 hearth=23 seeded_landmasses=1 primary_landmass=8 primary_envelope=57 occupied=23 occupied/envelope=0.40
[bio-occupancy]   bio.reed envelope=148 hearth=31 seeded_landmasses=4 primary_landmass=8 primary_envelope=60 occupied=31 occupied/envelope=0.52
[bio-occupancy]   bio.bast_fiber envelope=279 hearth=65 seeded_landmasses=1 primary_landmass=8 primary_envelope=136 occupied=65 occupied/envelope=0.48
[bio-occupancy]   bio.dye_plant envelope=122 hearth=38 seeded_landmasses=2 primary_landmass=8 primary_envelope=53 occupied=38 occupied/envelope=0.72
[bio-occupancy]   bio.medicinal_herb envelope=371 hearth=151 seeded_landmasses=5 primary_landmass=8 primary_envelope=168 occupied=151 occupied/envelope=0.90
[bio-occupancy]   landmass 1 classes=cold_grazer, fiber_forest, dry_grazer, highland_food, open_food, open_grazer, fiber_open, forest_grazer foods=potato, wheat
[bio-occupancy]   landmass 2 classes=cold_grazer, fiber_forest, dry_grazer, open_grazer, fiber_wet, forest_grazer, open_food, highland_food, fiber_open, wetland_food, tropical foods=wheat, potato, rice
[bio-occupancy]   landmass 3 classes=none foods=none
[bio-occupancy]   landmass 4 classes=none foods=none
[bio-occupancy]   landmass 5 classes=none foods=none
[bio-occupancy]   landmass 6 classes=wetland_food, forest_grazer, fiber_wet, fiber_forest, open_grazer, dry_grazer, fiber_open, tropical foods=rice
[bio-occupancy]   landmass 7 classes=fiber_open, tropical, dry_grazer, open_food, open_grazer, fiber_forest, wetland_food, forest_grazer, fiber_wet foods=wheat, rice
[bio-occupancy]   landmass 8 classes=tropical, fiber_open, forest_grazer, dry_grazer, open_food, fiber_forest, wetland_food, open_grazer, highland_food, fiber_wet, cold_grazer foods=maize, rice, potato
[bio-occupancy]   landmass 9 classes=none foods=none
[bio-occupancy]   landmass 10 classes=none foods=none
[weather] gdext acceleration ON (class=DCWorldExt)
[weather] gdext field commit ON
[weather] gdext distribute ON
[weather] gdext summary ON
[weather] hexcell facade ON (skip AoS double-write in hot loop)
[weather] gdext resident knobs ON (class=KnobsHandle)
[economy] ACTIVE native graph cells=2400 goods=134 cohorts=24 epoch_days=1 trade=ACTIVE topology_ready=true topology_generation=1 bootstrap=starter_settlement_bootstrap_v9 founder_families=6 founder_people=6
[country] ACTIVE native authority countries=6 cells=2400 generation=1
[weather/knobs] resident KnobsHandle path ACTIVE — first to_*_knobs_dict hit (field_rebuild_count=1 expected ≤1; stable Hz target ≤1 Hz)
[native_daily] ACTIVE: registered native_daily_sim + natural_resource_daily + bio_occupancy_daily; retained season_refresh + ocean_currents boundary jobs
[DCSystemScheduler] topology: ["season_refresh", "trigger_runtime", "ideology_runtime", "effect_runtime", "modifier_daily", "gameplay_effect", "natural_resource_daily", "bio_occupancy_daily", "enum_atlas_upload", "ocean_currents", "native_daily_sim", "dynamic_visual_atlas_upload", "country_daily", "economy_daily"]
WARNING: [runtime-climate-round] no ClimateDailySystem; SHADOW capture carries no shared pass input
   at: push_warning (core/variant/variant_utility.cpp:1034)
   GDScript backtrace (most recent call first):
       [0] _build_runtime_climate_round_input (res://scripts/geography/map_generator.gd:4651)
       [1] capture_runtime_inputs_for_worker (res://scripts/geography/map_generator.gd:2351)
       [2] generate_world (res://scripts/game/world_runtime_host.gd:609)
       [3] generate (res://scripts/geography/map_generator.gd:1606)
       [4] _yield_generation_frame (res://scripts/geography/map_generator.gd:19867)
WARNING: [runtime-worker] Ideology opinion publish deferred: ideology_opinion_snapshot_invalid
   at: push_warning (core/variant/variant_utility.cpp:1034)
   GDScript backtrace (most recent call first):
       [0] _start_production_shadow_worker (res://scripts/game/world_runtime_host.gd:700)
       [1] generate_world (res://scripts/game/world_runtime_host.gd:618)
       [2] generate (res://scripts/geography/map_generator.gd:1606)
       [3] _yield_generation_frame (res://scripts/geography/map_generator.gd:19867)
[runtime-day-wait] day=1 env_day=0 missing=0x3ff economy_input=-1
[runtime-worker] production ACTIVE started mask=4095 auto_pod=true
[building-visual] intel_refresh requested=32 changed=1 known=1 catalog=400 resident=0 body=0 queued=0 zoom=1.000
[DCSystemScheduler][RT] ocean_skip#1 tick=1 reason=policy_gated slices=0 elapsed=0.000 progress=0.000 source=day_changed
[climate][publish] day=0 round_ran=1 prod_stage=0xff scalar_mask=0x7f alb=0 veg=0 fb=0 weather=0 sr=0 ok=1
[climate/worker][b8] physics_knobs day=1 ready=0 missing=physics_knobs
[climate-kernel][round] shared=1 ok=1 n_cells=2400 mask=0x1FF ran=0x1FF starved=0x0 knobs_cells=2400
[DCSystemScheduler][RT] ocean_skip#2 tick=2 reason=policy_gated slices=0 elapsed=0.000 progress=0.000 source=day_changed
[country][parity] worker_day=1 uncompared reference_range=-1..-1 depth=0
[economy-mirror-cost] day=1 capture_ms=4.027 import_ms=4.840
[climate/writeback][b8] day=1 vapor store0=0 map0=0 dirty_fields=42 applied=42
[phys/knobs] projection ready: slp=31 wind=33 psi=26 up=10
[climate/worker][b8] physics_knobs day=2 ready=1 missing=
[climate/worker][b8] paw day=2 cell=68 moisture=0.717273 wb30=0 soil=0 paw=0.717273 zeros(water=1544 land=5) nonzero=851 weights(wb=0.35 soil=0.25 dry=0.65) round=1 distribute=0 hydrology=0
[climate/worker][b8] physics_knobs day=3 ready=1 missing=
[climate/worker][b8] paw day=3 cell=68 moisture=0.713258 wb30=0 soil=0 paw=0.713258 zeros(water=1544 land=7) nonzero=849 weights(wb=0.35 soil=0.25 dry=0.65) round=1 distribute=0 hydrology=0
[country][parity] worker_day=3 uncompared reference_range=2..2 depth=1
[climate/writeback][b8] day=2 vapor store0=0 map0=0 dirty_fields=52 applied=52
[climate/worker][b8] physics_knobs day=4 ready=1 missing=
[climate/worker][b8] paw day=4 cell=68 moisture=0.715716 wb30=0 soil=0 paw=0.715716 zeros(water=1544 land=7) nonzero=849 weights(wb=0.35 soil=0.25 dry=0.65) round=1 distribute=1 hydrology=0
[climate/worker][b8] cyclone_gate day=4 input_enabled=0 force_env=0 effective=0
[climate/worker][b8] weather_solve day=4 cells=2400 psi=1 vapor0=0.112178 precip0=0 cloud0=0.0421215 type0=0 field_init0=1
[country][parity] worker_day=4 uncompared reference_range=2..2 depth=1
[climate/writeback][b8] day=3 vapor store0=0 map0=0 dirty_fields=52 applied=52
[climate/worker][b8] physics_knobs day=5 ready=1 missing=
[climate/worker][b8] paw day=5 cell=68 moisture=0.712711 wb30=-0.0001356 soil=0 paw=0.712623 zeros(water=1544 land=7) nonzero=849 weights(wb=0.35 soil=0.25 dry=0.65) round=1 distribute=0 hydrology=0
[country][parity] worker_day=5 uncompared reference_range=2..2 depth=1
[climate/writeback][b8] day=4 vapor store0=0.112178 map0=0.112178 dirty_fields=54 applied=54
[climate/worker][b8] physics_knobs day=6 ready=1 missing=
[climate/worker][b8] paw day=6 cell=68 moisture=0.714596 wb30=-0.0001356 soil=-0.00032544 paw=0.714508 zeros(water=1544 land=7) nonzero=849 weights(wb=0.35 soil=0.25 dry=0.65) round=1 distribute=0 hydrology=0
[country][parity] worker_day=6 uncompared reference_range=2..2 depth=1
[climate/worker][b8] paw day=7 cell=68 moisture=0.714968 wb30=-0.0001356 soil=-0.00032544 paw=0.71488 zeros(water=1544 land=7) nonzero=849 weights(wb=0.35 soil=0.25 dry=0.65) round=1 distribute=0 hydrology=0
[country][parity] worker_day=7 uncompared reference_range=2..2 depth=1
[climate/worker][b8] paw day=8 cell=68 moisture=0.716403 wb30=-0.0001356 soil=-0.00032544 paw=0.716315 zeros(water=1544 land=7) nonzero=849 weights(wb=0.35 soil=0.25 dry=0.65) round=1 distribute=0 hydrology=0
[country][parity] worker_day=8 uncompared reference_range=2..2 depth=1
[climate/worker][b8] paw day=9 cell=68 moisture=0.716403 wb30=-0.0001356 soil=-0.00032544 paw=0.716315 zeros(water=1544 land=7) nonzero=849 weights(wb=0.35 soil=0.25 dry=0.65) round=1 distribute=0 hydrology=0
[country][parity] worker_day=9 uncompared reference_range=2..2 depth=1
[climate/worker][b8] paw day=10 cell=68 moisture=0.716687 wb30=-0.0001356 soil=-0.00032544 paw=0.716599 zeros(water=1544 land=7) nonzero=849 weights(wb=0.35 soil=0.25 dry=0.65) round=1 distribute=0 hydrology=0
[climate/worker][b8] paw day=11 cell=68 moisture=0.71778 wb30=-0.0001356 soil=-0.00032544 paw=0.717692 zeros(water=1544 land=7) nonzero=849 weights(wb=0.35 soil=0.25 dry=0.65) round=1 distribute=0 hydrology=0
[climate/worker][b8] paw day=12 cell=68 moisture=0.71778 wb30=-0.0001356 soil=-0.00032544 paw=0.717692 zeros(water=1544 land=7) nonzero=849 weights(wb=0.35 soil=0.25 dry=0.65) round=1 distribute=1 hydrology=0
[climate/worker][b8] cyclone_gate day=12 input_enabled=0 force_env=0 effective=0
[climate/worker][b8] weather_solve day=12 cells=2400 psi=1 vapor0=0.102346 precip0=0 cloud0=0.0526166 type0=0 field_init0=1
[climate/worker][b8] paw day=13 cell=68 moisture=0.717997 wb30=-0.000267883 soil=-0.00032544 paw=0.717822 zeros(water=1544 land=7) nonzero=849 weights(wb=0.35 soil=0.25 dry=0.65) round=1 distribute=0 hydrology=0
[climate/worker][b8] weather_solve day=20 cells=2400 psi=1 vapor0=0.0779806 precip0=0 cloud0=0.0379499 type0=0 field_init0=1
[clock/step] delta=6.9ms speed=50x target=0.35d cap=4.37d/f cost=1.83ms ran=0 pulse=0.00ms loop=0.00ms full=0.38ms carry=0.45 barrier=
[climate/worker][b8] weather_solve day=28 cells=2400 psi=1 vapor0=0.0769626 precip0=0 cloud0=0.0371398 type0=0 field_init0=1
[clock/step] delta=6.9ms speed=50x target=0.35d cap=8.00d/f cost=0.62ms ran=0 pulse=0.00ms loop=0.00ms full=0.36ms carry=0.46 barrier=
[clock/step] delta=7.1ms speed=50x target=0.36d cap=4.99d/f cost=1.60ms ran=0 pulse=0.00ms loop=0.00ms full=0.23ms carry=0.40 barrier=
[economy-open-finish] day=100 country=0.331 workset=0.021 fiscal=0.032 csr=0.004 recovery=0.001 vectors=1.372 audit=0.713 commands=0.000
[economy-prelude-cost] day=100 ms=2.747 pending=0
[economy-aggregate-cost] day=100 publish_ms=2.736 native_hash_ms=1.357
[economy-ledger-cost] day=100 copy_ms=0.470 validate_ms=0.264 hash_ms=0.819 cohorts=384 markets=321600
[economy-boundary-cost] day=100 formulas_ms=9.938 stages_ms=6.937 mirror_ms=2.960
[runtime-day-cost] day=100 ok=1 ms=17.951
[clock/step] delta=7.1ms speed=50x target=0.36d cap=8.00d/f cost=0.71ms ran=0 pulse=0.16ms loop=0.00ms full=0.58ms carry=0.29 barrier=climate_input_capacity_day_barrier
[clock/step] delta=6.9ms speed=50x target=0.35d cap=8.00d/f cost=0.93ms ran=0 pulse=0.09ms loop=0.00ms full=0.39ms carry=0.32 barrier=climate_input_capacity_day_barrier
[perf-record] start (start_tick=190 mode=CORE detail_period=1)
[stage-c/client] recording mode=ACTIVE worker=ACTIVE seconds=60.00 output=D:/Godot/ProjectKeynes/Project.Keynes/tmp/economy_opt/soak_final_1
[clock/step] delta=6.9ms speed=50x target=0.34d cap=7.83d/f cost=0.94ms ran=1 pulse=0.00ms loop=0.60ms full=1.03ms carry=0.23 barrier=climate_input_capacity_day_barrier
[economy-open-finish] day=200 country=0.401 workset=0.020 fiscal=0.029 csr=0.005 recovery=0.001 vectors=0.827 audit=0.501 commands=0.001
[economy-prelude-cost] day=200 ms=2.174 pending=0
[economy-aggregate-cost] day=200 publish_ms=2.357 native_hash_ms=1.282
[economy-ledger-cost] day=200 copy_ms=0.444 validate_ms=0.195 hash_ms=0.798 cohorts=384 markets=321600
[economy-boundary-cost] day=200 formulas_ms=8.563 stages_ms=6.100 mirror_ms=2.878
[runtime-day-cost] day=200 ok=1 ms=15.351
[clock/step] delta=6.9ms speed=50x target=0.34d cap=8.00d/f cost=0.62ms ran=0 pulse=0.00ms loop=0.00ms full=0.26ms carry=0.53 barrier=
[clock/step] delta=6.9ms speed=50x target=0.34d cap=8.00d/f cost=0.60ms ran=0 pulse=0.00ms loop=0.00ms full=0.52ms carry=0.96 barrier=
[clock/step] delta=6.9ms speed=50x target=0.35d cap=8.00d/f cost=0.68ms ran=0 pulse=0.00ms loop=0.00ms full=0.24ms carry=0.62 barrier=
[economy-open-finish] day=300 country=0.392 workset=0.019 fiscal=0.030 csr=0.005 recovery=0.001 vectors=0.855 audit=0.509 commands=0.000
[economy-prelude-cost] day=300 ms=2.174 pending=0
[economy-aggregate-cost] day=300 publish_ms=2.617 native_hash_ms=1.631
[economy-ledger-cost] day=300 copy_ms=0.593 validate_ms=0.147 hash_ms=1.131 cohorts=384 markets=321600
[economy-boundary-cost] day=300 formulas_ms=9.704 stages_ms=7.099 mirror_ms=4.345
[runtime-day-cost] day=300 ok=1 ms=20.710
[clock/step] delta=6.9ms speed=50x target=0.35d cap=8.00d/f cost=0.58ms ran=0 pulse=0.00ms loop=0.00ms full=0.31ms carry=0.96 barrier=
[clock/step] delta=6.9ms speed=50x target=0.35d cap=8.00d/f cost=0.60ms ran=0 pulse=0.06ms loop=0.00ms full=0.28ms carry=0.21 barrier=climate_input_capacity_day_barrier
[clock/step] delta=7.4ms speed=50x target=0.37d cap=4.30d/f cost=1.86ms ran=0 pulse=0.00ms loop=0.00ms full=0.36ms carry=0.54 barrier=
[economy-open-finish] day=400 country=0.542 workset=0.041 fiscal=0.032 csr=0.005 recovery=0.001 vectors=0.632 audit=0.898 commands=0.001
[economy-prelude-cost] day=400 ms=2.603 pending=0
[economy-aggregate-cost] day=400 publish_ms=2.726 native_hash_ms=1.923
[economy-ledger-cost] day=400 copy_ms=0.458 validate_ms=0.148 hash_ms=0.806 cohorts=384 markets=321600
[economy-boundary-cost] day=400 formulas_ms=10.608 stages_ms=7.606 mirror_ms=2.831
[runtime-day-cost] day=400 ok=1 ms=18.061
[clock/step] delta=6.9ms speed=50x target=0.34d cap=7.38d/f cost=0.99ms ran=1 pulse=0.00ms loop=0.58ms full=0.78ms carry=0.24 barrier=climate_input_capacity_day_barrier
[clock/step] delta=6.9ms speed=50x target=0.35d cap=8.00d/f cost=0.89ms ran=0 pulse=0.06ms loop=0.00ms full=0.36ms carry=0.03 barrier=climate_input_capacity_day_barrier
[clock/step] delta=6.9ms speed=50x target=0.35d cap=8.00d/f cost=0.75ms ran=0 pulse=0.09ms loop=0.00ms full=0.40ms carry=0.10 barrier=climate_input_capacity_day_barrier
[economy-open-finish] day=500 country=0.399 workset=0.035 fiscal=0.034 csr=0.005 recovery=0.001 vectors=0.775 audit=0.754 commands=0.001
[economy-prelude-cost] day=500 ms=2.338 pending=0
[economy-aggregate-cost] day=500 publish_ms=3.051 native_hash_ms=1.608
[economy-ledger-cost] day=500 copy_ms=0.648 validate_ms=0.157 hash_ms=0.814 cohorts=384 markets=321600
[economy-boundary-cost] day=500 formulas_ms=10.441 stages_ms=7.734 mirror_ms=3.096
[runtime-day-cost] day=500 ok=1 ms=18.920
[clock/step] delta=6.9ms speed=50x target=0.34d cap=8.00d/f cost=0.58ms ran=0 pulse=0.00ms loop=0.00ms full=0.36ms carry=0.83 barrier=
[clock/step] delta=6.9ms speed=50x target=0.35d cap=8.00d/f cost=0.75ms ran=0 pulse=0.00ms loop=0.00ms full=0.42ms carry=0.91 barrier=
[clock/step] delta=6.9ms speed=50x target=0.34d cap=8.00d/f cost=0.92ms ran=0 pulse=0.00ms loop=0.00ms full=0.26ms carry=0.92 barrier=
[economy-open-finish] day=600 country=0.523 workset=0.031 fiscal=0.034 csr=0.005 recovery=0.001 vectors=1.055 audit=0.727 commands=0.001
[economy-prelude-cost] day=600 ms=2.852 pending=0
[economy-aggregate-cost] day=600 publish_ms=2.881 native_hash_ms=1.547
[economy-ledger-cost] day=600 copy_ms=1.144 validate_ms=0.297 hash_ms=1.921 cohorts=384 markets=321600
[economy-boundary-cost] day=600 formulas_ms=10.510 stages_ms=7.193 mirror_ms=5.720
[runtime-day-cost] day=600 ok=1 ms=21.498
[clock/step] delta=6.9ms speed=50x target=0.35d cap=8.00d/f cost=0.62ms ran=0 pulse=0.00ms loop=0.00ms full=0.34ms carry=0.46 barrier=
[clock/step] delta=6.9ms speed=50x target=0.35d cap=8.00d/f cost=0.55ms ran=0 pulse=0.00ms loop=0.00ms full=0.25ms carry=0.69 barrier=
[clock/step] delta=6.9ms speed=50x target=0.34d cap=8.00d/f cost=0.78ms ran=1 pulse=0.00ms loop=0.46ms full=0.64ms carry=0.34 barrier=climate_input_capacity_day_barrier
[economy-open-finish] day=700 country=0.541 workset=0.035 fiscal=0.033 csr=0.005 recovery=0.001 vectors=0.880 audit=0.698 commands=0.001
[economy-prelude-cost] day=700 ms=2.819 pending=0
[economy-aggregate-cost] day=700 publish_ms=2.763 native_hash_ms=2.122
[economy-ledger-cost] day=700 copy_ms=1.202 validate_ms=0.163 hash_ms=0.967 cohorts=384 markets=321600
[economy-boundary-cost] day=700 formulas_ms=11.943 stages_ms=8.687 mirror_ms=3.706
[runtime-day-cost] day=700 ok=1 ms=21.123
[clock/step] delta=6.9ms speed=50x target=0.35d cap=8.00d/f cost=0.89ms ran=0 pulse=0.00ms loop=0.00ms full=0.24ms carry=0.66 barrier=
[clock/step] delta=6.9ms speed=50x target=0.35d cap=8.00d/f cost=0.51ms ran=0 pulse=0.00ms loop=0.00ms full=0.55ms carry=0.66 barrier=
[clock/step] delta=6.9ms speed=50x target=0.35d cap=6.35d/f cost=1.26ms ran=0 pulse=0.13ms loop=0.00ms full=0.46ms carry=0.02 barrier=climate_input_capacity_day_barrier
[economy-open-finish] day=800 country=0.751 workset=0.032 fiscal=0.034 csr=0.004 recovery=0.001 vectors=0.567 audit=0.490 commands=0.001
[economy-prelude-cost] day=800 ms=2.306 pending=0
[economy-aggregate-cost] day=800 publish_ms=2.929 native_hash_ms=1.323
[economy-ledger-cost] day=800 copy_ms=0.637 validate_ms=0.230 hash_ms=1.280 cohorts=384 markets=321600
[economy-boundary-cost] day=800 formulas_ms=10.652 stages_ms=7.772 mirror_ms=3.478
[runtime-day-cost] day=800 ok=1 ms=19.843
[clock/step] delta=6.9ms speed=50x target=0.35d cap=6.29d/f cost=1.11ms ran=1 pulse=0.00ms loop=0.48ms full=0.81ms carry=0.01 barrier=climate_input_capacity_day_barrier
[clock/step] delta=6.9ms speed=50x target=0.35d cap=8.00d/f cost=0.78ms ran=0 pulse=0.00ms loop=0.00ms full=0.34ms carry=0.91 barrier=
[clock/step] delta=6.9ms speed=50x target=0.35d cap=8.00d/f cost=0.73ms ran=0 pulse=0.00ms loop=0.00ms full=0.29ms carry=0.84 barrier=
[economy-open-finish] day=900 country=0.414 workset=0.042 fiscal=0.079 csr=0.005 recovery=0.001 vectors=1.175 audit=0.496 commands=0.001
[economy-prelude-cost] day=900 ms=2.593 pending=0
[economy-aggregate-cost] day=900 publish_ms=3.812 native_hash_ms=1.693
[economy-ledger-cost] day=900 copy_ms=0.744 validate_ms=0.191 hash_ms=1.433 cohorts=384 markets=321600
[economy-boundary-cost] day=900 formulas_ms=12.012 stages_ms=8.992 mirror_ms=3.863
[runtime-day-cost] day=900 ok=1 ms=23.369
[clock/step] delta=6.9ms speed=50x target=0.35d cap=8.00d/f cost=0.83ms ran=0 pulse=0.17ms loop=0.00ms full=0.66ms carry=0.05 barrier=climate_input_capacity_day_barrier
[clock/step] delta=6.9ms speed=50x target=0.35d cap=8.00d/f cost=0.65ms ran=0 pulse=0.09ms loop=0.00ms full=0.39ms carry=0.31 barrier=climate_input_capacity_day_barrier
[clock/step] delta=6.9ms speed=50x target=0.35d cap=8.00d/f cost=0.59ms ran=1 pulse=0.00ms loop=0.37ms full=0.65ms carry=0.25 barrier=climate_input_capacity_day_barrier
[economy-open-finish] day=1000 country=0.677 workset=0.035 fiscal=0.067 csr=0.005 recovery=0.001 vectors=0.885 audit=0.635 commands=0.001
[economy-prelude-cost] day=1000 ms=2.801 pending=0
[economy-aggregate-cost] day=1000 publish_ms=2.894 native_hash_ms=1.037
[economy-ledger-cost] day=1000 copy_ms=0.493 validate_ms=0.163 hash_ms=0.801 cohorts=384 markets=321600
[economy-boundary-cost] day=1000 formulas_ms=10.795 stages_ms=7.461 mirror_ms=2.856
[runtime-day-cost] day=1000 ok=1 ms=17.654
[clock/step] delta=6.9ms speed=50x target=0.35d cap=8.00d/f cost=0.66ms ran=0 pulse=0.00ms loop=0.00ms full=0.23ms carry=0.87 barrier=
[clock/step] delta=6.9ms speed=50x target=0.35d cap=8.00d/f cost=0.54ms ran=0 pulse=0.00ms loop=0.00ms full=0.26ms carry=0.51 barrier=
[clock/step] delta=6.7ms speed=50x target=0.33d cap=8.00d/f cost=0.55ms ran=0 pulse=0.00ms loop=0.00ms full=0.41ms carry=0.58 barrier=
[economy-open-finish] day=1100 country=0.340 workset=0.023 fiscal=0.034 csr=0.005 recovery=0.001 vectors=0.589 audit=0.425 commands=0.000
[economy-prelude-cost] day=1100 ms=1.691 pending=0
[economy-aggregate-cost] day=1100 publish_ms=3.037 native_hash_ms=1.160
[economy-ledger-cost] day=1100 copy_ms=0.626 validate_ms=0.147 hash_ms=0.780 cohorts=384 markets=321600
[economy-boundary-cost] day=1100 formulas_ms=9.612 stages_ms=7.658 mirror_ms=2.907
[runtime-day-cost] day=1100 ok=1 ms=18.587
[clock/step] delta=6.9ms speed=50x target=0.35d cap=8.00d/f cost=0.53ms ran=1 pulse=0.00ms loop=0.65ms full=0.86ms carry=0.03 barrier=climate_input_capacity_day_barrier
[clock/step] delta=6.9ms speed=50x target=0.35d cap=8.00d/f cost=0.58ms ran=1 pulse=0.00ms loop=0.71ms full=1.14ms carry=0.33 barrier=climate_input_capacity_day_barrier
[clock/step] delta=6.7ms speed=50x target=0.33d cap=8.00d/f cost=0.59ms ran=0 pulse=0.11ms loop=0.00ms full=0.55ms carry=0.18 barrier=climate_input_capacity_day_barrier
[economy-open-finish] day=1200 country=0.610 workset=0.029 fiscal=0.069 csr=0.004 recovery=0.001 vectors=1.299 audit=0.892 commands=0.001
[economy-prelude-cost] day=1200 ms=3.437 pending=0
[economy-aggregate-cost] day=1200 publish_ms=3.060 native_hash_ms=0.995
[economy-ledger-cost] day=1200 copy_ms=0.494 validate_ms=0.183 hash_ms=1.622 cohorts=384 markets=321600
[economy-boundary-cost] day=1200 formulas_ms=11.862 stages_ms=8.054 mirror_ms=3.723
[runtime-day-cost] day=1200 ok=1 ms=19.834
[clock/step] delta=6.7ms speed=50x target=0.33d cap=8.00d/f cost=0.52ms ran=0 pulse=0.00ms loop=0.00ms full=0.39ms carry=0.89 barrier=
[clock/step] delta=6.9ms speed=50x target=0.34d cap=8.00d/f cost=0.56ms ran=0 pulse=0.12ms loop=0.00ms full=0.42ms carry=0.03 barrier=climate_input_capacity_day_barrier
[clock/step] delta=6.9ms speed=50x target=0.35d cap=8.00d/f cost=0.54ms ran=0 pulse=0.00ms loop=0.00ms full=0.44ms carry=0.94 barrier=
[clock/step] delta=6.9ms speed=50x target=0.35d cap=8.00d/f cost=0.55ms ran=0 pulse=0.08ms loop=0.00ms full=0.31ms carry=0.15 barrier=climate_input_capacity_day_barrier
[economy-open-finish] day=1300 country=0.637 workset=0.037 fiscal=0.031 csr=0.005 recovery=0.001 vectors=1.284 audit=0.795 commands=0.001
[economy-prelude-cost] day=1300 ms=3.159 pending=0
[economy-aggregate-cost] day=1300 publish_ms=2.562 native_hash_ms=1.413
[economy-ledger-cost] day=1300 copy_ms=0.476 validate_ms=0.225 hash_ms=1.302 cohorts=384 markets=321600
[economy-boundary-cost] day=1300 formulas_ms=10.646 stages_ms=6.946 mirror_ms=3.849
[runtime-day-cost] day=1300 ok=1 ms=19.307
[clock/step] delta=6.9ms speed=50x target=0.35d cap=8.00d/f cost=0.59ms ran=0 pulse=0.08ms loop=0.00ms full=0.40ms carry=0.08 barrier=climate_input_capacity_day_barrier
[clock/step] delta=6.7ms speed=50x target=0.33d cap=8.00d/f cost=1.59ms ran=1 pulse=0.00ms loop=5.77ms full=6.08ms carry=0.03 barrier=climate_input_capacity_day_barrier
[clock/step] delta=6.9ms speed=50x target=0.35d cap=5.49d/f cost=1.46ms ran=0 pulse=0.00ms loop=0.00ms full=0.42ms carry=0.55 barrier=
[economy-open-finish] day=1400 country=0.438 workset=0.023 fiscal=0.029 csr=0.004 recovery=0.001 vectors=1.036 audit=0.612 commands=0.001
[economy-prelude-cost] day=1400 ms=2.572 pending=0
[economy-aggregate-cost] day=1400 publish_ms=3.792 native_hash_ms=1.747
[economy-ledger-cost] day=1400 copy_ms=0.546 validate_ms=0.154 hash_ms=1.358 cohorts=384 markets=321600
[economy-boundary-cost] day=1400 formulas_ms=12.250 stages_ms=9.135 mirror_ms=4.135
[runtime-day-cost] day=1400 ok=1 ms=20.635
[clock/step] delta=6.9ms speed=50x target=0.35d cap=4.84d/f cost=1.65ms ran=0 pulse=0.14ms loop=0.00ms full=0.48ms carry=0.03 barrier=climate_input_capacity_day_barrier
[clock/step] delta=8.3ms speed=50x target=0.42d cap=2.55d/f cost=3.14ms ran=0 pulse=0.00ms loop=0.00ms full=0.60ms carry=0.63 barrier=
[clock/step] delta=6.9ms speed=50x target=0.34d cap=8.00d/f cost=0.51ms ran=0 pulse=0.00ms loop=0.00ms full=0.35ms carry=0.54 barrier=
[economy-open-finish] day=1500 country=0.517 workset=0.030 fiscal=0.030 csr=0.005 recovery=0.001 vectors=1.003 audit=0.752 commands=0.001
[economy-prelude-cost] day=1500 ms=2.790 pending=0
[economy-aggregate-cost] day=1500 publish_ms=4.042 native_hash_ms=2.222
[economy-ledger-cost] day=1500 copy_ms=0.827 validate_ms=0.154 hash_ms=0.877 cohorts=384 markets=321600
[economy-boundary-cost] day=1500 formulas_ms=12.462 stages_ms=9.232 mirror_ms=3.375
[runtime-day-cost] day=1500 ok=1 ms=22.731
[clock/step] delta=6.9ms speed=50x target=0.35d cap=8.00d/f cost=0.82ms ran=0 pulse=0.08ms loop=0.00ms full=0.36ms carry=0.34 barrier=climate_input_capacity_day_barrier
[clock/step] delta=6.9ms speed=50x target=0.35d cap=4.30d/f cost=1.62ms ran=1 pulse=0.00ms loop=0.67ms full=0.96ms carry=0.34 barrier=climate_input_capacity_day_barrier
[clock/step] delta=6.9ms speed=50x target=0.35d cap=8.00d/f cost=0.60ms ran=0 pulse=0.16ms loop=0.00ms full=0.64ms carry=0.02 barrier=climate_input_capacity_day_barrier
[economy-open-finish] day=1600 country=0.380 workset=0.024 fiscal=0.036 csr=0.005 recovery=0.001 vectors=0.810 audit=0.443 commands=0.000
[economy-prelude-cost] day=1600 ms=2.062 pending=0
[economy-aggregate-cost] day=1600 publish_ms=2.671 native_hash_ms=1.267
[economy-ledger-cost] day=1600 copy_ms=0.700 validate_ms=0.148 hash_ms=0.958 cohorts=384 markets=321600
[economy-boundary-cost] day=1600 formulas_ms=9.839 stages_ms=7.399 mirror_ms=3.180
[runtime-day-cost] day=1600 ok=1 ms=17.353
[clock/step] delta=6.9ms speed=50x target=0.34d cap=8.00d/f cost=0.54ms ran=0 pulse=0.00ms loop=0.00ms full=0.29ms carry=0.80 barrier=
[clock/step] delta=6.9ms speed=50x target=0.35d cap=6.04d/f cost=1.32ms ran=0 pulse=0.07ms loop=0.00ms full=0.33ms carry=0.00 barrier=climate_input_capacity_day_barrier
[clock/step] delta=6.9ms speed=50x target=0.35d cap=8.00d/f cost=0.70ms ran=0 pulse=0.14ms loop=0.00ms full=0.53ms carry=0.12 barrier=climate_input_capacity_day_barrier
[economy-open-finish] day=1700 country=0.521 workset=0.026 fiscal=0.035 csr=0.005 recovery=0.001 vectors=0.882 audit=0.581 commands=0.001
[economy-prelude-cost] day=1700 ms=2.431 pending=0
[economy-aggregate-cost] day=1700 publish_ms=2.796 native_hash_ms=1.149
[economy-ledger-cost] day=1700 copy_ms=0.706 validate_ms=0.149 hash_ms=0.820 cohorts=384 markets=321600
[economy-boundary-cost] day=1700 formulas_ms=10.231 stages_ms=7.502 mirror_ms=3.197
[runtime-day-cost] day=1700 ok=1 ms=19.870
[clock/step] delta=6.9ms speed=50x target=0.34d cap=8.00d/f cost=0.51ms ran=1 pulse=0.00ms loop=0.45ms full=0.66ms carry=0.00 barrier=climate_input_capacity_day_barrier
[clock/step] delta=6.9ms speed=50x target=0.34d cap=8.00d/f cost=0.58ms ran=0 pulse=0.08ms loop=0.00ms full=0.34ms carry=0.10 barrier=climate_input_capacity_day_barrier
[clock/step] delta=7.1ms speed=50x target=0.36d cap=8.00d/f cost=0.60ms ran=0 pulse=0.00ms loop=0.00ms full=0.35ms carry=0.46 barrier=
[economy-open-finish] day=1800 country=0.337 workset=0.023 fiscal=0.032 csr=0.004 recovery=0.001 vectors=0.560 audit=0.428 commands=0.000
[economy-prelude-cost] day=1800 ms=1.680 pending=0
[economy-aggregate-cost] day=1800 publish_ms=2.666 native_hash_ms=1.295
[economy-ledger-cost] day=1800 copy_ms=0.525 validate_ms=0.147 hash_ms=0.796 cohorts=384 markets=321600
[economy-boundary-cost] day=1800 formulas_ms=9.747 stages_ms=7.802 mirror_ms=2.850
[runtime-day-cost] day=1800 ok=1 ms=17.835
[clock/step] delta=12.3ms speed=50x target=0.61d cap=2.04d/f cost=3.91ms ran=0 pulse=0.00ms loop=0.00ms full=0.35ms carry=0.92 barrier=
[clock/step] delta=6.9ms speed=50x target=0.34d cap=8.00d/f cost=0.86ms ran=0 pulse=0.00ms loop=0.00ms full=0.28ms carry=0.86 barrier=
[clock/step] delta=7.6ms speed=50x target=0.38d cap=8.00d/f cost=0.98ms ran=0 pulse=0.09ms loop=0.00ms full=0.47ms carry=0.30 barrier=climate_input_capacity_day_barrier
[economy-open-finish] day=1900 country=0.622 workset=0.027 fiscal=0.057 csr=0.004 recovery=0.001 vectors=1.157 audit=0.700 commands=0.001
[economy-prelude-cost] day=1900 ms=2.974 pending=0
[economy-aggregate-cost] day=1900 publish_ms=3.024 native_hash_ms=1.163
[economy-ledger-cost] day=1900 copy_ms=0.496 validate_ms=0.197 hash_ms=0.837 cohorts=384 markets=321600
[economy-boundary-cost] day=1900 formulas_ms=11.509 stages_ms=7.985 mirror_ms=2.868
[runtime-day-cost] day=1900 ok=1 ms=19.541
[clock/step] delta=6.9ms speed=50x target=0.35d cap=8.00d/f cost=0.81ms ran=0 pulse=0.13ms loop=0.00ms full=0.73ms carry=0.17 barrier=climate_input_capacity_day_barrier
[clock/step] delta=6.9ms speed=50x target=0.34d cap=7.17d/f cost=1.12ms ran=0 pulse=0.00ms loop=0.00ms full=0.23ms carry=0.72 barrier=
[clock/step] delta=6.9ms speed=50x target=0.34d cap=8.00d/f cost=0.74ms ran=1 pulse=0.00ms loop=0.47ms full=0.75ms carry=0.13 barrier=climate_input_capacity_day_barrier
[economy-open-finish] day=2000 country=0.580 workset=0.025 fiscal=0.032 csr=0.005 recovery=0.001 vectors=1.099 audit=0.820 commands=0.001
[economy-prelude-cost] day=2000 ms=2.884 pending=0
[economy-aggregate-cost] day=2000 publish_ms=2.764 native_hash_ms=1.235
[economy-ledger-cost] day=2000 copy_ms=0.499 validate_ms=0.206 hash_ms=0.730 cohorts=384 markets=321600
[economy-boundary-cost] day=2000 formulas_ms=10.403 stages_ms=7.075 mirror_ms=2.953
[runtime-day-cost] day=2000 ok=1 ms=17.731
[clock/step] delta=6.9ms speed=50x target=0.35d cap=8.00d/f cost=0.63ms ran=0 pulse=0.09ms loop=0.00ms full=0.46ms carry=0.03 barrier=climate_input_capacity_day_barrier
[clock/step] delta=6.9ms speed=50x target=0.35d cap=8.00d/f cost=0.45ms ran=1 pulse=0.00ms loop=0.37ms full=0.53ms carry=0.30 barrier=climate_input_capacity_day_barrier
[clock/step] delta=6.9ms speed=50x target=0.35d cap=8.00d/f cost=0.58ms ran=0 pulse=0.15ms loop=0.00ms full=0.87ms carry=0.28 barrier=climate_input_capacity_day_barrier
[economy-open-finish] day=2100 country=0.467 workset=0.029 fiscal=0.037 csr=0.005 recovery=0.001 vectors=0.802 audit=0.491 commands=0.001
[economy-prelude-cost] day=2100 ms=2.202 pending=0
[economy-aggregate-cost] day=2100 publish_ms=3.085 native_hash_ms=1.480
[economy-ledger-cost] day=2100 copy_ms=0.633 validate_ms=0.156 hash_ms=0.861 cohorts=384 markets=321600
[economy-boundary-cost] day=2100 formulas_ms=10.986 stages_ms=8.368 mirror_ms=3.041
[runtime-day-cost] day=2100 ok=1 ms=20.041
[clock/step] delta=6.9ms speed=50x target=0.35d cap=8.00d/f cost=0.62ms ran=0 pulse=0.00ms loop=0.00ms full=0.33ms carry=0.50 barrier=
[clock/step] delta=6.9ms speed=50x target=0.35d cap=8.00d/f cost=0.56ms ran=0 pulse=0.00ms loop=0.00ms full=0.40ms carry=0.93 barrier=
[clock/step] delta=6.9ms speed=50x target=0.35d cap=8.00d/f cost=0.58ms ran=0 pulse=0.00ms loop=0.00ms full=0.30ms carry=0.89 barrier=
[economy-open-finish] day=2200 country=0.526 workset=0.033 fiscal=0.091 csr=0.005 recovery=0.001 vectors=0.703 audit=0.427 commands=0.001
[economy-prelude-cost] day=2200 ms=2.148 pending=0
[economy-aggregate-cost] day=2200 publish_ms=3.281 native_hash_ms=2.101
[economy-ledger-cost] day=2200 copy_ms=0.903 validate_ms=0.287 hash_ms=1.365 cohorts=384 markets=321600
[economy-boundary-cost] day=2200 formulas_ms=12.744 stages_ms=10.313 mirror_ms=4.954
[runtime-day-cost] day=2200 ok=1 ms=23.085
[clock/step] delta=6.9ms speed=50x target=0.35d cap=8.00d/f cost=0.56ms ran=0 pulse=0.00ms loop=0.00ms full=0.33ms carry=0.49 barrier=
[clock/step] delta=6.9ms speed=50x target=0.35d cap=8.00d/f cost=0.77ms ran=1 pulse=0.00ms loop=0.49ms full=0.65ms carry=0.23 barrier=climate_input_capacity_day_barrier
[clock/step] delta=6.7ms speed=50x target=0.33d cap=8.00d/f cost=1.88ms ran=1 pulse=0.00ms loop=6.94ms full=7.28ms carry=0.25 barrier=climate_input_capacity_day_barrier
[economy-open-finish] day=2300 country=0.335 workset=0.020 fiscal=0.032 csr=0.004 recovery=0.001 vectors=1.023 audit=0.630 commands=0.001
[economy-prelude-cost] day=2300 ms=2.770 pending=0
[economy-aggregate-cost] day=2300 publish_ms=3.365 native_hash_ms=1.620
[economy-ledger-cost] day=2300 copy_ms=0.460 validate_ms=0.146 hash_ms=1.331 cohorts=384 markets=321600
[economy-boundary-cost] day=2300 formulas_ms=12.246 stages_ms=9.209 mirror_ms=3.251
[runtime-day-cost] day=2300 ok=1 ms=22.361
[clock/step] delta=6.9ms speed=50x target=0.34d cap=8.00d/f cost=0.65ms ran=1 pulse=0.00ms loop=0.55ms full=0.86ms carry=0.12 barrier=climate_input_capacity_day_barrier
[clock/step] delta=6.9ms speed=50x target=0.35d cap=8.00d/f cost=0.54ms ran=0 pulse=0.10ms loop=0.00ms full=0.48ms carry=0.31 barrier=climate_input_capacity_day_barrier
[clock/step] delta=6.9ms speed=50x target=0.34d cap=7.98d/f cost=0.92ms ran=1 pulse=0.00ms loop=0.58ms full=0.89ms carry=0.13 barrier=climate_input_capacity_day_barrier
[economy-open-finish] day=2400 country=0.336 workset=0.022 fiscal=0.032 csr=0.004 recovery=0.001 vectors=0.561 audit=0.674 commands=0.001
[economy-prelude-cost] day=2400 ms=1.991 pending=0
[clock/step] delta=6.9ms speed=50x target=0.35d cap=6.78d/f cost=1.18ms ran=0 pulse=0.00ms loop=0.00ms full=0.40ms carry=0.45 barrier=
[economy-aggregate-cost] day=2400 publish_ms=2.660 native_hash_ms=1.160
[economy-ledger-cost] day=2400 copy_ms=0.504 validate_ms=0.149 hash_ms=0.758 cohorts=384 markets=321600
[economy-boundary-cost] day=2400 formulas_ms=9.118 stages_ms=6.787 mirror_ms=3.308
[runtime-day-cost] day=2400 ok=1 ms=17.632
[clock/step] delta=6.9ms speed=50x target=0.35d cap=8.00d/f cost=0.80ms ran=1 pulse=0.00ms loop=0.41ms full=0.63ms carry=0.02 barrier=climate_input_capacity_day_barrier
[clock/step] delta=6.9ms speed=50x target=0.35d cap=8.00d/f cost=0.88ms ran=1 pulse=0.00ms loop=0.49ms full=0.76ms carry=0.32 barrier=climate_input_capacity_day_barrier
[clock/step] delta=6.9ms speed=50x target=0.35d cap=8.00d/f cost=0.70ms ran=0 pulse=0.00ms loop=0.00ms full=0.34ms carry=0.93 barrier=
[economy-open-finish] day=2500 country=0.420 workset=0.026 fiscal=0.034 csr=0.005 recovery=0.001 vectors=1.138 audit=0.938 commands=0.001
[economy-prelude-cost] day=2500 ms=2.988 pending=0
[economy-aggregate-cost] day=2500 publish_ms=3.009 native_hash_ms=1.836
[economy-ledger-cost] day=2500 copy_ms=0.493 validate_ms=0.147 hash_ms=0.830 cohorts=384 markets=321600
[economy-boundary-cost] day=2500 formulas_ms=12.036 stages_ms=8.754 mirror_ms=2.725
[runtime-day-cost] day=2500 ok=1 ms=20.603
[perf-record] exported rows=2340 cols=234 → D:/Godot/ProjectKeynes/Project.Keynes/tmp/economy_opt/soak_final_1/perf.csv
[stage-c/client] complete mode=ACTIVE frames=8634 fast_ticks=2340 perf=D:/Godot/ProjectKeynes/Project.Keynes/tmp/economy_opt/soak_final_1/perf.csv
ERROR: 44 RID allocations of type 'PN13RendererDummy14TextureStorage12DummyTextureE' were leaked at exit.
ERROR: 16 RID allocations of type 'PN18TextServerAdvanced22ShapedTextDataAdvancedE' were leaked at exit.
ERROR: 1 RID allocations of type 'PN18TextServerAdvanced12FontAdvancedE' were leaked at exit.
WARNING: ObjectDB instances leaked at exit (run with --verbose for details).
   at: cleanup (core/object/object.cpp:2641)
ERROR: 986 resources still in use at exit (run with --verbose for details).
   at: clear (core/io/resource.cpp:810)
