Godot Engine v4.6.2.stable.official.71f334935 - https://godotengine.org
D3D12 12_0 - Forward Mobile - Using Device #0: NVIDIA - NVIDIA GeForce RTX 4080
ERROR: Condition "hr != ((HRESULT)0x00000000)" is true. Returning: ERR_CANT_OPEN
   at: audio_device_init (drivers/wasapi/audio_driver_wasapi.cpp:275)
ERROR: WASAPI: init_output_device error.
   at: init (drivers/wasapi/audio_driver_wasapi.cpp:600)
WARNING: All audio drivers failed, falling back to the dummy driver.
   at: initialize (servers/audio/audio_server.cpp:247)

[ui-layout-diag/bind_ui] is_web=false viewport_visible_rect=[P: (0.0, 0.0), S: (1092.8, 614.4)] window_size=(1366, 768) content_scale_factor=1.250 content_scale_mode=0 device_pixel_ratio=-1.000 top_bar_rect=[P: (0.0, 0.0), S: (1092.8, 56.0)] right_panel_rect=[P: (632.8, 68.0), S: (460.0, 534.4)] country_action_bar_rect=[P: (380.4, 532.4), S: (400.0, 74.0)]
[stage-c] authority=ACTIVE worker=ACTIVE
[building-visual] queue_probe ticks=1 queued=0 chunk=-1 camera_rect=[P: (-546.4, -307.2), S: (1092.8, 614.4)] prefetch=false zoom=1.000
[building-visual] queue_probe ticks=2 queued=0 chunk=-1 camera_rect=[P: (-546.4, -307.2), S: (1092.8, 614.4)] prefetch=false zoom=1.000
[native_generation/base] path=gdext algorithm=post_base_priority_flood_hydrology_v3 n=2400 native_ms=6.189 water=1862 land=538
[native_generation/post_base] path=gdext algorithm=post_base_priority_flood_hydrology_v3 n=2400 native_ms=1.071 lakes=18 rivers=58 volcanoes=0
[native_generation/vegetation] native_ms=0.362 candidates=542 none=1394 score=[0.000,1.577,1.126] plant_water_land=542 river_adjacent_desert=0 coastal_highland_desert=0 terrain_weight=[0.180,1.200]
[native_generation/qa] single_water=0 tiny<=3=0 small<=5=0 bodies=2 largest=1840 | land_below_sea=0.0% | terr_distinct=20 entropy=2.690bit | river_ratio=2.417%
MapGenerator v7: per-cell 64ms (2400 cells, path=gdext)
[building-visual] queue_probe ticks=3 queued=0 chunk=-1 camera_rect=[P: (-546.4, -307.2), S: (1092.8, 614.4)] prefetch=false zoom=1.000
MapBaker v6: hm=(1024, 606) seed=20260718
    [fused] terrain=73.1ms erosion=2.4ms(ok=true) river=11.3ms(ok=true) latitude=0.1ms coast_sdf=3.9ms(ok=true)
  geometry fields (fused C++): 166ms
  physical circulation hex solve: deferred until DCWorldExt bind (ext=true idx=true soa=false)
  wind/ocean pixel buffers: skipped (ocean_current_visual off)
  visual tiles: {"degradation_reason":"","effective_budget_px":1717248,"effective_texels_per_hex":16.0059221751742,"effective_world_units_per_texel":"(1.373983, 1.375)","estimated_peak_bytes":68402880,"estimated_resident_bytes":40340160,"fallback_reason":"","generation_id":1,"grid_size":"(4, 3)","gutter_px":2,"hex_size":22.0,"horizon_path":"neutral_pending","interior_size":"(416, 344)","layer_size":"(420, 348)","layers":[{"bake_ms":32.2175,"coast_sdf_max_dist_px":13.6162309214075,"distance_scale":1.70202886517594,"edge_distance_saturate_hex":0.9,"edge_distance_units":"normalized_hex_center_gap","hashes":{"edge_distance":7407730141571241905,"edge_neighbor":-4543926112381022223,"height":-1697431226796729820,"map_index":2274457353656815029,"terrain_detail":-8151073494896450720,"terrain_normal":-7915207892100105287,"water_depth":2243981384936519209},"layer":0,"normal_radius_px":"(22, 22)","raster_scale":"(1.701088, 1.70297)","river_sdf_max_dist_px":5.9571010281158,"shore_carve_band_px":10,"upload_ms":0.19,"wall_ms":32.491},{"bake_ms":41.6565,"coast_sdf_max_dist_px":13.6162309214075,"distance_scale":1.70202886517594,"edge_distance_saturate_hex":0.9,"edge_distance_units":"normalized_hex_center_gap","hashes":{"edge_distance":-3976966917245296998,"edge_neighbor":3621067584965836758,"height":1528863693732331325,"map_index":2549496320971286395,"terrain_detail":-1859665442256196863,"terrain_normal":-3535715913223945715,"water_depth":3063832404714471227},"layer":1,"normal_radius_px":"(22, 22)","raster_scale":"(1.701088, 1.70297)","river_sdf_max_dist_px":5.9571010281158,"shore_carve_band_px":10,"upload_ms":0.179,"wall_ms":41.91},{"bake_ms":56.6359,"coast_sdf_max_dist_px":13.6162309214075,"distance_scale":1.70202886517594,"edge_distance_saturate_hex":0.9,"edge_distance_units":"normalized_hex_center_gap","hashes":{"edge_distance":5218991683420850894,"edge_neighbor":-5345480133151690080,"height":-7454692257232797492,"map_index":-8366882445923572637,"terrain_detail":-3319625715479491564,"terrain_normal":-6498016425275236080,"water_depth":-2856782738831354408},"layer":2,"normal_radius_px":"(22, 22)","raster_scale":"(1.701088, 1.70297)","river_sdf_max_dist_px":5.9571010281158,"shore_carve_band_px":10,"upload_ms":0.214,"wall_ms":56.929},{"bake_ms":51.4039,"coast_sdf_max_dist_px":13.6162309214075,"distance_scale":1.70202886517594,"edge_distance_saturate_hex":0.9,"edge_distance_units":"normalized_hex_center_gap","hashes":{"edge_distance":8612685970797441304,"edge_neighbor":883218167199411248,"height":-1023169273004332113,"map_index":2707475090998858733,"terrain_detail":6263308266530163428,"terrain_normal":-4855806448874004076,"water_depth":-2127183836498838294},"layer":3,"normal_radius_px":"(22, 22)","raster_scale":"(1.701088, 1.70297)","river_sdf_max_dist_px":5.9571010281158,"shore_carve_band_px":10,"upload_ms":0.196,"wall_ms":51.679},{"bake_ms":53.0436,"coast_sdf_max_dist_px":13.6162309214075,"distance_scale":1.70202886517594,"edge_distance_saturate_hex":0.9,"edge_distance_units":"normalized_hex_center_gap","hashes":{"edge_distance":297283154589053998,"edge_neighbor":-8580896561628889486,"height":-5407985216165520287,"map_index":9182820345735435477,"terrain_detail":-4270043139625925275,"terrain_normal":-8287812837813031566,"water_depth":3228562322921317175},"layer":4,"normal_radius_px":"(22, 22)","raster_scale":"(1.701088, 1.70297)","river_sdf_max_dist_px":5.9571010281158,"shore_carve_band_px":10,"upload_ms":0.219,"wall_ms":53.355},{"bake_ms":90.8902,"coast_sdf_max_dist_px":13.6162309214075,"distance_scale":1.70202886517594,"edge_distance_saturate_hex":0.9,"edge_distance_units":"normalized_hex_center_gap","hashes":{"edge_distance":-3309735790229328004,"edge_neighbor":-5731875958399186170,"height":-7367011441573634711,"map_index":-8927034593564641593,"terrain_detail":4427859160994159548,"terrain_normal":-8418168866925073872,"water_depth":-6262847963806259588},"layer":5,"normal_radius_px":"(22, 22)","raster_scale":"(1.701088, 1.70297)","river_sdf_max_dist_px":5.9571010281158,"shore_carve_band_px":10,"upload_ms":0.264,"wall_ms":91.253},{"bake_ms":99.2888,"coast_sdf_max_dist_px":13.6162309214075,"distance_scale":1.70202886517594,"edge_distance_saturate_hex":0.9,"edge_distance_units":"normalized_hex_center_gap","hashes":{"edge_distance":8321833536859295351,"edge_neighbor":-5005127231569416705,"height":3341074557671273762,"map_index":-396979365122735556,"terrain_detail":4215695107284896355,"terrain_normal":-2597592164988767119,"water_depth":-728996428569554142},"layer":6,"normal_radius_px":"(22, 22)","raster_scale":"(1.701088, 1.70297)","river_sdf_max_dist_px":5.9571010281158,"shore_carve_band_px":10,"upload_ms":0.211,"wall_ms":99.591},{"bake_ms":51.3974,"coast_sdf_max_dist_px":13.6162309214075,"distance_scale":1.70202886517594,"edge_distance_saturate_hex":0.9,"edge_distance_units":"normalized_hex_center_gap","hashes":{"edge_distance":208782133921839682,"edge_neighbor":-9034811754870153070,"height":-2132080742075037466,"map_index":4521453198400050055,"terrain_detail":-6887604134882803410,"terrain_normal":-8949913885161130949,"water_depth":-380875893755025537},"layer":7,"normal_radius_px":"(22, 22)","raster_scale":"(1.701088, 1.70297)","river_sdf_max_dist_px":5.9571010281158,"shore_carve_band_px":10,"upload_ms":0.2,"wall_ms":51.686},{"bake_ms":41.0793,"coast_sdf_max_dist_px":13.6162309214075,"distance_scale":1.70202886517594,"edge_distance_saturate_hex":0.9,"edge_distance_units":"normalized_hex_center_gap","hashes":{"edge_distance":8264413913844957711,"edge_neighbor":6449510455372096238,"height":2774507710515011656,"map_index":1602406146469738870,"terrain_detail":4148301864856098689,"terrain_normal":2948295881015716229,"water_depth":-5702780522234210443},"layer":8,"normal_radius_px":"(22, 22)","raster_scale":"(1.701088, 1.70297)","river_sdf_max_dist_px":5.9571010281158,"shore_carve_band_px":10,"upload_ms":0.219,"wall_ms":41.4},{"bake_ms":61.6142,"coast_sdf_max_dist_px":13.6162309214075,"distance_scale":1.70202886517594,"edge_distance_saturate_hex":0.9,"edge_distance_units":"normalized_hex_center_gap","hashes":{"edge_distance":-7342283611218684865,"edge_neighbor":-5634881956267287527,"height":2825572143123611103,"map_index":-8831886053851355773,"terrain_detail":4235680215872698627,"terrain_normal":-2070428832888160468,"water_depth":795287004519003509},"layer":9,"normal_radius_px":"(22, 22)","raster_scale":"(1.701088, 1.70297)","river_sdf_max_dist_px":5.9571010281158,"shore_carve_band_px":10,"upload_ms":0.194,"wall_ms":61.905},{"bake_ms":66.8616,"coast_sdf_max_dist_px":13.6162309214075,"distance_scale":1.70202886517594,"edge_distance_saturate_hex":0.9,"edge_distance_units":"normalized_hex_center_gap","hashes":{"edge_distance":-8079933026638934708,"edge_neighbor":6678593248902245418,"height":-4365230997761727027,"map_index":684363689774237482,"terrain_detail":-1251348211797502761,"terrain_normal":-9093325325990601316,"water_depth":463899081477651312},"layer":10,"normal_radius_px":"(22, 22)","raster_scale":"(1.701088, 1.70297)","river_sdf_max_dist_px":5.9571010281158,"shore_carve_band_px":10,"upload_ms":0.209,"wall_ms":67.158},{"bake_ms":42.9326,"coast_sdf_max_dist_px":13.6162309214075,"distance_scale":1.70202886517594,"edge_distance_saturate_hex":0.9,"edge_distance_units":"normalized_hex_center_gap","hashes":{"edge_distance":5056840590371500922,"edge_neighbor":8667344552684765316,"height":64708304598049951,"map_index":-6792268264940266568,"terrain_detail":7665021879133805446,"terrain_normal":-2224180417278547981,"water_depth":517399438142152488},"layer":11,"normal_radius_px":"(22, 22)","raster_scale":"(1.701088, 1.70297)","river_sdf_max_dist_px":5.9571010281158,"shore_carve_band_px":10,"upload_ms":0.23,"wall_ms":43.256}],"logical_size":"(1664, 1032)","mode":"tiled","path":"visual_tiled_static","profile":"desktop_high","renderer":"mobile","requested_budget_px":1716216,"requested_texels_per_hex":16.0,"requested_tile_world_span":"(704.0, 704.0)","requested_world_units_per_texel":1.375,"tile_world_area":270355.817993164,"tile_world_span":"(571.5768, 473.0)","total_ms":711.485,"visual_domain":"[P: (0.0, -44.0), S: (2286.307, 1419.0)]","wrap_period_x":2286.30706599092,"wrap_x":true}
WARNING: Loaded resource as image file, this will not work on export: 'res://assets/textures/terrain_materials/organic.png'. Instead, import the image file as an Image resource and load it normally as a resource.
   at: load (core/io/image.cpp:2756)
   GDScript backtrace (most recent call first):
       [0] _build_terrain_material_tex (res://scripts/rendering/map_baker.gd:360)
       [1] get_or_build_shared_terrain_material_tex (res://scripts/rendering/map_baker.gd:343)
       [2] bake_world (res://scripts/rendering/map_baker.gd:1179)
       [3] _yield_generation_frame (res://scripts/rendering/map_baker.gd:1217)
WARNING: Loaded resource as image file, this will not work on export: 'res://assets/textures/terrain_materials/dry_sand.png'. Instead, import the image file as an Image resource and load it normally as a resource.
   at: load (core/io/image.cpp:2756)
   GDScript backtrace (most recent call first):
       [0] _build_terrain_material_tex (res://scripts/rendering/map_baker.gd:360)
       [1] get_or_build_shared_terrain_material_tex (res://scripts/rendering/map_baker.gd:343)
       [2] bake_world (res://scripts/rendering/map_baker.gd:1179)
       [3] _yield_generation_frame (res://scripts/rendering/map_baker.gd:1217)
WARNING: Loaded resource as image file, this will not work on export: 'res://assets/textures/terrain_materials/rock.png'. Instead, import the image file as an Image resource and load it normally as a resource.
   at: load (core/io/image.cpp:2756)
   GDScript backtrace (most recent call first):
       [0] _build_terrain_material_tex (res://scripts/rendering/map_baker.gd:360)
       [1] get_or_build_shared_terrain_material_tex (res://scripts/rendering/map_baker.gd:343)
       [2] bake_world (res://scripts/rendering/map_baker.gd:1179)
       [3] _yield_generation_frame (res://scripts/rendering/map_baker.gd:1217)
WARNING: Loaded resource as image file, this will not work on export: 'res://assets/textures/terrain_materials/snow_wet.png'. Instead, import the image file as an Image resource and load it normally as a resource.
   at: load (core/io/image.cpp:2756)
   GDScript backtrace (most recent call first):
       [0] _build_terrain_material_tex (res://scripts/rendering/map_baker.gd:360)
       [1] get_or_build_shared_terrain_material_tex (res://scripts/rendering/map_baker.gd:343)
       [2] bake_world (res://scripts/rendering/map_baker.gd:1179)
       [3] _yield_generation_frame (res://scripts/rendering/map_baker.gd:1217)
  cell LUT encode: deferred until DCWorldExt bind
  encode: 3497ms
MapBaker v6: total 3672ms
MapGenerator v7: bake 3700ms
MapGenerator: skip _compute_ocean_currents (physical-hex path writes per-cell directly)
MapGenerator: skip _compute_terrain_perturbed_wind (physical-hex solver writes per-cell)
[SUS] sim budget strict=false frame=8.00ms warn=2.00ms slice=0.75ms upload=1.50ms scheduler=DCSystemScheduler native_sus=auto
[DCWorldExt] bind_map_data: 148 components bound (auto-registered=148; snapshot model; see world_ext.cpp comment & charter Â§11)
[DataCore] _data_core_world_ext bound=true (climate co-processor; class=DCWorldExt)
[native_world] configure rc=0 reason=configured cells=2400 wrap_period_x=103.923
[native_generation] path=gdext n=2400 published=9 native_ms=0.120 compute_ms=0.066 flush_ms=0.053
[hex_cell] facade ENABLED (2400 cells bound; ext=true)
[DataCore] _baker climate_profile injected=true (fixes WorldData.config==null sea_ice prepare path)
[phys_solve][oneshot] OK slp=0.87ms wind=0.44ms psi=0.38ms(ran=true) upwelling=0.06ms total=2.24ms
PhysicalCirculation solve@phase=1.50 total=3ms (C++ one-shot run_physical_solve_pass)
  wind/ocean pixel buffers: skipped (ocean_current_visual off)
[physical_init] deferred native refresh complete: 3ms
[cell_lut] deferred encode: 2ms path=gdext
[bio-occupancy] seed landmasses=18 provinces=18 species=20 secondary_hearths=0
[bio-occupancy]   bio.maize envelope=46 hearth=18 seeded_landmasses=1 primary_landmass=3 primary_envelope=38 occupied=18 occupied/envelope=0.47
[bio-occupancy]   bio.wheat envelope=96 hearth=16 seeded_landmasses=1 primary_landmass=3 primary_envelope=68 occupied=16 occupied/envelope=0.24
[bio-occupancy]   bio.rice envelope=75 hearth=25 seeded_landmasses=1 primary_landmass=3 primary_envelope=50 occupied=25 occupied/envelope=0.50
[bio-occupancy]   bio.potato envelope=75 hearth=30 seeded_landmasses=1 primary_landmass=3 primary_envelope=58 occupied=30 occupied/envelope=0.52
[bio-occupancy]   bio.horse envelope=108 hearth=38 seeded_landmasses=1 primary_landmass=3 primary_envelope=78 occupied=38 occupied/envelope=0.49
[bio-occupancy]   bio.cotton envelope=99 hearth=33 seeded_landmasses=1 primary_landmass=3 primary_envelope=74 occupied=33 occupied/envelope=0.45
[bio-occupancy]   bio.flax envelope=91 hearth=34 seeded_landmasses=1 primary_landmass=3 primary_envelope=63 occupied=34 occupied/envelope=0.54
[bio-occupancy]   bio.spice envelope=85 hearth=8 seeded_landmasses=1 primary_landmass=3 primary_envelope=66 occupied=8 occupied/envelope=0.12
[bio-occupancy]   bio.rubber envelope=41 hearth=1 seeded_landmasses=1 primary_landmass=3 primary_envelope=28 occupied=1 occupied/envelope=0.04
[bio-occupancy]   bio.sheep envelope=20 hearth=2 seeded_landmasses=1 primary_landmass=3 primary_envelope=16 occupied=2 occupied/envelope=0.13
[bio-occupancy]   bio.goat envelope=232 hearth=13 seeded_landmasses=1 primary_landmass=3 primary_envelope=157 occupied=13 occupied/envelope=0.08
[bio-occupancy]   bio.cattle envelope=6 hearth=1 seeded_landmasses=1 primary_landmass=3 primary_envelope=6 occupied=1 occupied/envelope=0.17
[bio-occupancy]   bio.pig envelope=175 hearth=32 seeded_landmasses=1 primary_landmass=3 primary_envelope=126 occupied=32 occupied/envelope=0.25
[bio-occupancy]   bio.camel envelope=37 hearth=3 seeded_landmasses=1 primary_landmass=3 primary_envelope=22 occupied=3 occupied/envelope=0.14
[bio-occupancy]   bio.yak envelope=63 hearth=18 seeded_landmasses=1 primary_landmass=3 primary_envelope=35 occupied=18 occupied/envelope=0.51
[bio-occupancy]   bio.silkworm envelope=108 hearth=41 seeded_landmasses=1 primary_landmass=3 primary_envelope=90 occupied=41 occupied/envelope=0.46
[bio-occupancy]   bio.reed envelope=118 hearth=23 seeded_landmasses=1 primary_landmass=3 primary_envelope=66 occupied=23 occupied/envelope=0.35
[bio-occupancy]   bio.bast_fiber envelope=135 hearth=29 seeded_landmasses=1 primary_landmass=3 primary_envelope=88 occupied=29 occupied/envelope=0.33
[bio-occupancy]   bio.dye_plant envelope=103 hearth=5 seeded_landmasses=1 primary_landmass=3 primary_envelope=77 occupied=5 occupied/envelope=0.06
[bio-occupancy]   bio.medicinal_herb envelope=203 hearth=8 seeded_landmasses=1 primary_landmass=3 primary_envelope=139 occupied=8 occupied/envelope=0.06
[bio-occupancy]   landmass 1 classes=none foods=none
[bio-occupancy]   landmass 2 classes=none foods=none
[bio-occupancy]   landmass 3 classes=highland_food, fiber_open, fiber_forest, open_grazer, open_food, fiber_wet, forest_grazer, tropical, dry_grazer, wetland_food, cold_grazer foods=potato, wheat, maize, rice
[bio-occupancy]   landmass 4 classes=none foods=none
[bio-occupancy]   landmass 5 classes=none foods=none
[bio-occupancy]   landmass 6 classes=none foods=none
[bio-occupancy]   landmass 7 classes=none foods=none
[bio-occupancy]   landmass 8 classes=none foods=none
[bio-occupancy]   landmass 9 classes=none foods=none
[bio-occupancy]   landmass 10 classes=none foods=none
[bio-occupancy]   landmass 11 classes=none foods=none
[bio-occupancy]   landmass 12 classes=none foods=none
[bio-occupancy]   landmass 13 classes=none foods=none
[bio-occupancy]   landmass 14 classes=none foods=none
[bio-occupancy]   landmass 15 classes=none foods=none
[bio-occupancy]   landmass 16 classes=none foods=none
[bio-occupancy]   landmass 17 classes=none foods=none
[bio-occupancy]   landmass 18 classes=none foods=none
[weather] gdext acceleration ON (class=DCWorldExt)
[weather] gdext field commit ON
[weather] gdext distribute ON
[weather] gdext summary ON
[weather] hexcell facade ON (skip AoS double-write in hot loop)
[weather] gdext resident knobs ON (class=KnobsHandle)
[economy] ACTIVE native graph cells=2400 goods=134 cohorts=16 epoch_days=1 trade=ACTIVE topology_ready=true topology_generation=1 bootstrap=starter_settlement_bootstrap_v9 founder_families=4 founder_people=4
[country] ACTIVE native authority countries=4 cells=2400 generation=1
[weather/knobs] resident KnobsHandle path ACTIVE — first to_*_knobs_dict hit (field_rebuild_count=1 expected ≤1; stable Hz target ≤1 Hz)
[native_daily] ACTIVE: registered native_daily_sim + natural_resource_daily + bio_occupancy_daily; retained season_refresh + ocean_currents boundary jobs
[DCSystemScheduler] topology: ["season_refresh", "trigger_runtime", "ideology_runtime", "effect_runtime", "modifier_daily", "gameplay_effect", "natural_resource_daily", "bio_occupancy_daily", "enum_atlas_upload", "ocean_currents", "native_daily_sim", "dynamic_visual_atlas_upload", "country_daily", "economy_daily"]
[hex_renderer/variant] tiled=true quality= web_texture_budget=false shader=res://shaders/world_map.gdshader
[visual-tiles/horizon] compute start generation=1 layers=12
[hex-renderer] set_weather_fronts(n=0) layer=WeatherLayer
[building-visual] intel_refresh requested=69 changed=1 known=1 catalog=400 resident=0 body=0 queued=0 zoom=1.000
[vision] fog=ON player_slot=0 early_out=OFF visible=69 explored=69/2400 solve_ms=0.176 border_edges=24
[DIAG pass_a_entry] day=0 phase=0.001 gdext_pass_a=true use_data_core_climate=true use_soa_pipeline=true use_sparse_climate=true ext_bound=true
[DIAG pass_a_cpp] day=0 rc=0.0000 cpp_taken_over=true dirty_count_after_cpp=2400
[climate_b/F.3] precondition probe (one-time):
  active ClimateProfile = <in-memory ClimateProfile>
  cp.use_gdext_climate_pass_b = true (flag removed; constant true)
  cp.use_sparse_climate = true（C++ 会跑 full path 等价结果，不阻止）
  _data_core_world_ext != null = true
  ext.has_method('run_climate_pass_b') = true
  fast_indexed = true (need n_cells*6=14400, got nb_size=14400)
  rs_lookback = 3, t_freeze = 0.0800, coupling_gain = 1.5000
  verdict = OK → will try C++
[gdext sig] run_climate_pass_b match[0]: args.size()=1 names=[knobs] flags=1 id=15283
[gdext sig] run_climate_pass_b: probe PASS (found match with 1 args)
[climate_b/F.3] sig probe result = true（仅作诊断）
[climate_b/F.3] DEBUG call#1: path=simd rc=0.1303 n_cells=2400 rs_lookback=3
[climate_b/F.3] gdext path ACTIVE (dispatch=simd) — first run elapsed=0.13ms (legacy GDScript baseline ≈ 5.2ms; charter §7 target < 0.5ms)
[ocean_water/F.2a] precondition probe (one-time):
  active ClimateProfile = <in-memory>
  cp.use_gdext_ocean_water = true (flag removed; constant true)
  _data_core_world_ext != null = true
  ext.has_method('run_ocean_water_pass') = true
  fast_indexed = true (n=2400 nb=14400)
  advect_steps=3 heat_mix=0.5500
  verdict = OK → will try C++
[gdext sig] run_ocean_water_pass match[0]: args.size()=1 names=[knobs] flags=1 id=15274
[gdext sig] run_ocean_water_pass: probe PASS (found match with 1 args)
[ocean_water/F.2a] sig probe result = true（仅作诊断）
[ocean_water/F.2a] DEBUG call#1: path=scalar rc=0.2264 n=2400 advect=3
[ocean_water/F.2a] gdext path ACTIVE — first run elapsed=0.23ms (legacy GDScript baseline ≈ 3.4ms; charter §7 target < 0.5ms)
[ocean_land/F.2b] precondition probe (one-time):
  active ClimateProfile = <in-memory>
  cp.use_gdext_ocean_land = true (flag removed; constant true)
  _data_core_world_ext != null = true
  ext.has_method('run_ocean_land_pass') = true
  fast_indexed = true (n=2400 nb=14400)
  effective_leak=0.5500 (coast_leak=0.5500 winter_boost=1.0000)
  verdict = OK → will try C++
[gdext sig] run_ocean_land_pass match[0]: args.size()=1 names=[knobs] flags=1 id=15275
[gdext sig] run_ocean_land_pass: probe PASS (found match with 1 args)
[ocean_land/F.2b] sig probe result = true（仅作诊断）
[ocean_land/F.2b] DEBUG call#1: path=scalar rc=0.0351 n=2400 effective_leak=0.5500
[ocean_land/F.2b] gdext path ACTIVE — first run elapsed=0.04ms (legacy GDScript baseline ≈ 3.4ms; charter §7 target < 0.5ms)
[sea_ice/F.4] precondition probe (one-time):
  active ClimateProfile = <in-memory ClimateProfile>
  cp.use_gdext_sea_ice = true (flag removed; constant true)
  _data_core_world_ext != null = true
  ext.has_method('run_sea_ice_daily_pass') = true
  fast_indexed = true (need n_cells*6=14400, got neighbor_indices.size()=14400)
  verdict = OK → will try C++
[gdext sig] run_sea_ice_daily_pass match[0]: args.size()=2 names=[knobs, season_phase] flags=1 id=15286
[gdext sig] run_sea_ice_daily_pass: probe PASS (found match with 2 args)
[sea_ice/F.4] sig probe result = true（仅作诊断，不阻止下方 C++ 调用）
[sea_ice/F.4] DEBUG call#1: path=scalar rc=0.1100 n_cells=2400 enable_oht=true
[sea_ice/F.4] gdext path ACTIVE (dispatch=scalar) — first run elapsed=0.11ms (legacy GDScript baseline ≈ 5.1ms; charter §7 target < 0.5ms)
_apply_sea_ice_daily_pass[F.4]: 0.11ms (water=1840, flipped=0, phase=0.001)
[sea_ice/DIAG] thr_eff t_form=0.080 t_melt=0.130 flip_thr=0.720 | temp all min=0.000 max=0.980 avg=0.519 | water n=1840 t_min_w=0.000 below_form=321 (17.4%) | SIF pos=316 max=0.399 avg_w=0.0422 near_thr=120 | climate_anom=0.000
[sea_ice/slow-dump] tick=0 path=gdext total_wall=5.25ms (pack=0.02 refresh=0.00 native=0.11 native_wall=0.15 sync=0.09 flip=0.01) water=1840 flipped=0
[transp/F.5] precondition probe (one-time):
  active ClimateProfile = <in-memory ClimateProfile>
  cp.use_gdext_transpiration = true (flag removed; constant true)
  _data_core_world_ext != null = true
  ext.has_method('run_transpiration_pass') = true
  fast_indexed = true (need n_cells*6=14400, got neighbor_indices.size()=14400)
  verdict = OK → will try C++
[gdext sig] run_transpiration_pass match[0]: args.size()=1 names=[knobs] flags=1 id=15288
[gdext sig] run_transpiration_pass: probe PASS (found match with 1 args)
[transp/F.5] sig probe result = true（仅作诊断，不阻止下方 C++ 调用）
[transp/F.5] DEBUG call#1: rc=0.0597 donor_table.size()=28 n_cells=2400 outflow=0.0250 self=0.0150
[transp/F.5] gdext path ACTIVE — first run elapsed=0.06ms (legacy GDScript baseline ≈ 3.2ms; charter §7 target < 0.3ms)
refresh_climate_daily #1: 143ms (cells=2400, phase=0.001) | A=2.8 B=4.2 ocean=8.9 wind=117.9 sea_ice=5.3 ice_bake=0.0 transp=3.6 path=data_core_cells_only
WARNING: [runtime-climate-round] no ClimateDailySystem; SHADOW capture carries no shared pass input
   at: push_warning (core/variant/variant_utility.cpp:1034)
   GDScript backtrace (most recent call first):
       [0] _build_runtime_climate_round_input (res://scripts/geography/map_generator.gd:4531)
       [1] capture_runtime_inputs_for_worker (res://scripts/geography/map_generator.gd:2274)
       [2] generate_world (res://scripts/game/world_runtime_host.gd:494)
       [3] generate (res://scripts/geography/map_generator.gd:1606)
       [4] _yield_generation_frame (res://scripts/geography/map_generator.gd:19745)
[DCSystemScheduler][RT] ocean_skip#1 tick=1 reason=policy_gated slices=0 elapsed=0.000 progress=0.000 source=day_changed
[weather-layer][lut] #1 update_usec=14061262 last_usec=14061262 lerp=0.000 prev_tex=true curr_tex=true dims=(2048, 2) visible=true
[perf-record] start (start_tick=1 mode=CORE detail_period=1)
[stage-c/client] recording mode=ACTIVE worker=ACTIVE seconds=0.50 output=D:/Godot/ProjectKeynes/Project.Keynes/artifacts/runtime/authority-stage-c/stage-c1-pair-smoke-20260909/run-02-active
[DCSystemScheduler][RT] ocean_skip#2 tick=2 reason=policy_gated slices=0 elapsed=0.000 progress=0.000 source=day_changed
[climate-kernel][round] shared=1 ok=1 n_cells=2400 mask=0x1FF ran=0x1FF starved=0x0 knobs_cells=2400
[weather-layer][lut] #2 update_usec=14061262 last_usec=14061262 lerp=0.717 prev_tex=true curr_tex=true dims=(2048, 2) visible=true
WARNING: [sim/graph-trigger] handoff blocked day=2 reason=trigger_effect_domain_adapter_required command_key=economy.social_pressure_notice definition_key= action=13 opcode=1 â trigger effect queue cannot drain; trigger is retired for the rest of each pulse
   at: push_warning (core/variant/variant_utility.cpp:1034)
   GDScript backtrace (most recent call first):
       [0] _advance_runtime_graph_pulse (res://scripts/geography/map_generator.gd:3214)
       [1] _continue_economy_inflight (res://scripts/geography/map_generator.gd:3032)
       [2] _process (res://scripts/geography/world_clock.gd:202)
[DCSystemScheduler][RT] ocean_skip#3 tick=3 reason=policy_gated slices=0 elapsed=0.000 progress=0.000 source=day_changed
[weather-layer][lut] #3 update_usec=14061262 last_usec=14061262 lerp=0.750 prev_tex=true curr_tex=true dims=(2048, 2) visible=true
[hex-renderer] set_weather_fronts(n=0) layer=WeatherLayer
[visual-tiles/horizon] published {"command_record_ms":0.053,"compile_ms":166.054,"conservative_tail_ratio":0.0,"conservative_tail_rays":0,"gi_occluder_ok":true,"global_fallback_rays":0,"gpu_wait_ms":73.776,"hash":3965829688,"height_pyramid_bytes":9159292,"height_world_scale":352.0,"max_horizon_angle":1.309,"mip_levels":12,"non_converged_rays":0,"occluder_hash":222858120,"occluder_output_bytes":7015680,"occluder_sentinel_ratio":0.147440590220763,"occluder_sentinel_texels":258599,"ok":true,"path":"gpu_compute_hierarchical","physical_output_bytes":7015680,"readback_ms":10.074,"resource_setup_ms":112.393,"sea_level":0.5,"submit_ms":1.451,"total_ms":459.084,"total_rays":14031360,"upload_ms":2.89}
[perf-record] exported rows=2 cols=234 → D:/Godot/ProjectKeynes/Project.Keynes/artifacts/runtime/authority-stage-c/stage-c1-pair-smoke-20260909/run-02-active/perf.csv
[stage-c/client] complete mode=ACTIVE frames=3 fast_ticks=2 perf=D:/Godot/ProjectKeynes/Project.Keynes/artifacts/runtime/authority-stage-c/stage-c1-pair-smoke-20260909/run-02-active/perf.csv
[sim/barrier] day=3 pulse=1 economy_inflight=false hard_ack=effect extra=
[weather-layer][lut] #4 update_usec=14061262 last_usec=14061262 lerp=1.000 prev_tex=true curr_tex=true dims=(2048, 2) visible=true
ERROR: 44 RID allocations of type 'N10RendererRD14TextureStorage7TextureE' were leaked at exit.
WARNING: 73 RIDs of type "Texture" were leaked.
   at: finalize (servers/rendering/rendering_device.cpp:7505)
ERROR: 16 RID allocations of type 'PN18TextServerAdvanced22ShapedTextDataAdvancedE' were leaked at exit.
ERROR: 1 RID allocations of type 'PN18TextServerAdvanced12FontAdvancedE' were leaked at exit.
WARNING: ObjectDB instances leaked at exit (run with --verbose for details).
   at: cleanup (core/object/object.cpp:2641)
ERROR: 986 resources still in use at exit (run with --verbose for details).
   at: clear (core/io/resource.cpp:810)
